[INFO] Scenario random seed: 2026
[INFO] Reading MARKET DATA from file(s)...
[INFO] 	 - Generating market scenarios...
[INFO] 	 - Plotting market scenarios...
[INFO] Reading DISTRIBUTION NETWORK DATA from file(s)...
[INFO]	 - Generating load stochastic scenarios...
[INFO]	 - Generating RES generation stochastic scenarios...
[INFO]	 - Generating flexibility stochastic scenarios...
[INFO]	 - Plotting flexibility profiles...
[INFO]	 - Plotting load scenarios...
[INFO]	 - Plotting RES generation scenarios...
[INFO] Reading DISTRIBUTION NETWORK DATA from file(s)...
[INFO]	 - Generating load stochastic scenarios...
[INFO]	 - Generating RES generation stochastic scenarios...
[INFO]	 - Generating flexibility stochastic scenarios...
[INFO]	 - Plotting flexibility profiles...
[INFO]	 - Plotting load scenarios...
[INFO]	 - Plotting RES generation scenarios...
[INFO] Reading DISTRIBUTION NETWORK DATA from file(s)...
[INFO]	 - Generating load stochastic scenarios...
[INFO]	 - Generating RES generation stochastic scenarios...
[INFO]	 - Generating flexibility stochastic scenarios...
[INFO]	 - Plotting flexibility profiles...
[INFO]	 - Plotting load scenarios...
[INFO]	 - Plotting RES generation scenarios...
[INFO] Reading TRANSMISSION NETWORK DATA from file(s)...
[INFO]	 - Generating load stochastic scenarios...
[INFO]	 - Generating RES generation stochastic scenarios...
[INFO]	 - Generating flexibility stochastic scenarios...
[INFO]	 - Plotting flexibility profiles...
[INFO]	 - Plotting load scenarios...
[INFO]	 - Plotting RES generation scenarios...
[INFO] Scenario checksum: 5a02b77ccbbbbbb869de92958a3851d095624711abc2dbfc0157466064410358
[INFO] Reading SHARED ESS DATA from file(s)...
[INFO] Reading PLANNING PARAMETERS from file...
[INFO] 		 - Distribution Network node 5...
[INFO] 		 - Distribution Network node 7...
[INFO] 		 - Distribution Network node 9...
[INFO] 		 - Transmission Network...
[ADMM ESSO AL SCALE] mode=sigma_over_median_block_weight | sigma=9.363536e+07 | median_block_weight=4.121075e+02 | al_scale_esso=2.272110e+05
[SCALE-BUILD] status=complete network_blocks=48 esso=3 peak_tree_rss=973242368 at_build_complete=973209600 solves=0 wall=20.5s
