10:19:55 [W31] loading data/SRP1/Results/P515S48/x0_capture/evals/d2c96b1480402a3b_x0/certified_models.pkl
10:20:01 [W31] capture-path checklist: 677 items, 0 False: []
10:20:01 [W31] DN5 2025 Spring: c_interface 7 {'flex_p_down_marginal': 6, 'bracketed': 1} kkt 2.84e-10 rowdev 5.68e-14 gap 0.0005 (0.1s)
10:20:02 [W31] DN5 2025 Summer: c_interface 3 {'flex_p_down_marginal': 2, 'bracketed': 1} kkt 7.57e-10 rowdev 5.68e-14 gap 0.0003 (0.1s)
10:20:02 [W31] DN5 2025 Autumn: c_interface 0 {} kkt 4.64e-11 rowdev 5.68e-14 gap 0.0000 (0.1s)
10:20:02 [W31] DN5 2025 Winter: c_interface 3 {'flex_p_down_marginal': 3} kkt 7.23e-14 rowdev 5.68e-14 gap 0.0002 (0.1s)
10:20:02 [W31] DN5 2030 Spring: c_interface 14 {'flex_p_down_marginal': 13, 'bracketed': 1} kkt 4.33e-09 rowdev 4.26e-14 gap 0.0018 (0.1s)
10:20:02 [W31] DN5 2030 Summer: c_interface 12 {'flex_p_down_marginal': 11, 'flex_p_up_marginal': 1} kkt 9.33e-11 rowdev 5.68e-14 gap 0.0013 (0.1s)
10:20:02 [W31] DN5 2030 Autumn: c_interface 9 {'flex_p_up_marginal': 8, 'flex_p_down_marginal': 1} kkt 7.49e-10 rowdev 5.68e-14 gap 0.0000 (0.1s)
10:20:02 [W31] DN5 2030 Winter: c_interface 3 {'flex_p_down_marginal': 3} kkt 2.62e-13 rowdev 5.68e-14 gap 0.0019 (0.1s)
10:20:02 [W31] DN5 2035 Spring: c_interface 14 {'flex_p_down_marginal': 12, 'bracketed': 2} kkt 3.05e-12 rowdev 5.68e-14 gap 0.0024 (0.1s)
10:20:03 [W31] DN5 2035 Summer: c_interface 11 {'flex_p_down_marginal': 8, 'flex_p_up_marginal': 1, 'bracketed': 2} kkt 2.53e-13 rowdev 5.68e-14 gap 0.0015 (0.1s)
10:20:03 [W31] DN5 2035 Autumn: c_interface 7 {'flex_p_up_marginal': 4, 'flex_p_down_marginal': 3} kkt 2.40e-12 rowdev 5.68e-14 gap 0.0005 (0.1s)
10:20:03 [W31] DN5 2035 Winter: c_interface 7 {'flex_p_up_marginal': 5, 'flex_p_down_marginal': 2} kkt 5.00e-14 rowdev 5.68e-14 gap 0.0000 (0.1s)
10:20:03 [W31] DN7 2025 Spring: c_interface 7 {'flex_p_down_marginal': 7} kkt 1.41e-09 rowdev 5.68e-14 gap 0.0048 (0.1s)
10:20:03 [W31] DN7 2025 Summer: c_interface 3 {'flex_p_down_marginal': 3} kkt 1.37e-11 rowdev 4.26e-14 gap 0.0016 (0.1s)
10:20:03 [W31] DN7 2025 Autumn: c_interface 0 {} kkt 7.83e-13 rowdev 5.68e-14 gap 0.0000 (0.1s)
10:20:03 [W31] DN7 2025 Winter: c_interface 3 {'flex_p_down_marginal': 3} kkt 1.33e-13 rowdev 5.68e-14 gap 0.0023 (0.1s)
10:20:03 [W31] DN7 2030 Spring: c_interface 14 {'flex_p_down_marginal': 14} kkt 3.43e-09 rowdev 2.84e-14 gap 0.0152 (0.1s)
10:20:03 [W31] DN7 2030 Summer: c_interface 12 {'flex_p_down_marginal': 11, 'bracketed': 1} kkt 1.29e-11 rowdev 5.68e-14 gap 0.0102 (0.1s)
10:20:04 [W31] DN7 2030 Autumn: c_interface 9 {'flex_p_up_marginal': 8, 'flex_p_down_marginal': 1} kkt 4.18e-13 rowdev 7.11e-14 gap 0.0000 (0.1s)
10:20:04 [W31] DN7 2030 Winter: c_interface 3 {'flex_p_down_marginal': 3} kkt 6.58e-14 rowdev 5.68e-14 gap 0.0150 (0.1s)
10:20:04 [W31] DN7 2035 Spring: c_interface 14 {'flex_p_down_marginal': 13, 'bracketed': 1} kkt 1.16e-11 rowdev 5.68e-14 gap 0.0155 (0.1s)
10:20:04 [W31] DN7 2035 Summer: c_interface 11 {'flex_p_down_marginal': 10, 'bracketed': 1} kkt 6.57e-09 rowdev 8.53e-14 gap 0.0089 (0.1s)
10:20:04 [W31] DN7 2035 Autumn: c_interface 7 {'flex_p_up_marginal': 3, 'bracketed': 1, 'flex_p_down_marginal': 3} kkt 5.18e-14 rowdev 5.68e-14 gap 0.0045 (0.1s)
10:20:04 [W31] DN7 2035 Winter: c_interface 7 {'flex_p_up_marginal': 4, 'bracketed': 1, 'flex_p_down_marginal': 2} kkt 7.28e-14 rowdev 5.68e-14 gap 0.0004 (0.1s)
10:20:04 [W31] DN9 2025 Spring: c_interface 7 {'flex_p_down_marginal': 6, 'bracketed': 1} kkt 4.12e-10 rowdev 5.68e-14 gap 0.0012 (0.1s)
10:20:04 [W31] DN9 2025 Summer: c_interface 3 {'flex_p_down_marginal': 2, 'bracketed': 1} kkt 1.39e-10 rowdev 4.26e-14 gap 0.0003 (0.1s)
10:20:05 [W31] DN9 2025 Autumn: c_interface 0 {} kkt 9.60e-13 rowdev 5.68e-14 gap 0.0000 (0.1s)
10:20:05 [W31] DN9 2025 Winter: c_interface 3 {'flex_p_down_marginal': 3} kkt 3.32e-07 rowdev 5.68e-14 gap 0.0006 (0.1s)
10:20:05 [W31] DN9 2030 Spring: c_interface 14 {'flex_p_down_marginal': 13, 'bracketed': 1} kkt 2.67e-09 rowdev 4.26e-14 gap 0.0038 (0.1s)
10:20:05 [W31] DN9 2030 Summer: c_interface 12 {'flex_p_down_marginal': 11, 'flex_p_up_marginal': 1} kkt 4.00e-12 rowdev 5.68e-14 gap 0.0023 (0.1s)
10:20:05 [W31] DN9 2030 Autumn: c_interface 9 {'bracketed': 1, 'flex_p_up_marginal': 7, 'flex_p_down_marginal': 1} kkt 4.25e-12 rowdev 5.68e-14 gap 0.0000 (0.1s)
10:20:05 [W31] DN9 2030 Winter: c_interface 3 {'flex_p_down_marginal': 3} kkt 4.24e-12 rowdev 5.68e-14 gap 0.0033 (0.1s)
10:20:05 [W31] DN9 2035 Spring: c_interface 14 {'flex_p_down_marginal': 12, 'flex_p_up_marginal': 1, 'bracketed': 1} kkt 1.45e-11 rowdev 5.68e-14 gap 0.0032 (0.1s)
10:20:05 [W31] DN9 2035 Summer: c_interface 11 {'flex_p_down_marginal': 9, 'flex_p_up_marginal': 1, 'bracketed': 1} kkt 1.81e-10 rowdev 5.68e-14 gap 0.0026 (0.1s)
10:20:06 [W31] DN9 2035 Autumn: c_interface 7 {'flex_p_up_marginal': 4, 'flex_p_down_marginal': 3} kkt 1.43e-11 rowdev 4.26e-14 gap 0.0011 (0.1s)
10:20:06 [W31] DN9 2035 Winter: c_interface 7 {'flex_p_up_marginal': 5, 'flex_p_down_marginal': 2} kkt 1.06e-12 rowdev 7.11e-14 gap 0.0001 (0.1s)
10:20:07 [W31] cost_flex test: 270 c_interface (TSO-classified) DN-hours over the 36 DN blocks (3 DNs x 12; each TSO hour counted once per DN). Mechanism counts: {'flex_p_down_marginal (price = mu_l + c_flex_l,p)': 199, 'bracketed by flex rows (no marginal row within Z_MARG)': 18, 'flex_p_up_marginal (price = mu_l)': 53}. Hours with a marginal P-down row: 199; with only marginal P-up rows: 53; bracketed only: 18. |LMP_TSO - marginal rows referred to the interface| max/mean (0.07759168226007773, np.float64(0.010185471719459912)). P-down hours: |LMP - (mu + c_flex)| max/mean (np.float64(4.030408221071667), np.float64(1.6852968000633564)) (no DN factor); |LMP - (day-min LMP + c_flex)| max/mean (np.float64(64.48586317288384), np.float64(34.03075873961594)) ('off-peak price + cost_flex'). P-up-only hours: |LMP - mu| max/mean (4.441749162309023, 2.2509464653984232). Bracketed-only hours: bracket width max/mean (np.float64(55.54290245618168), np.float64(42.254183793229664)), nearest row distance at the bus max/mean (np.float64(2.3368664164731303), np.float64(0.8694856161072414)).
10:20:07 [W31] Task B r2: W25 -12.326163 split -12.326162 residual 6.14e-07 terms {'hour_selection_H': -5.2484, 'D_reference_generator_limit': -6.6756, 'D_losses': -0.3858, 'D_congestion': -0.0, 'D_voltage_bounds': -0.0122, 'D_voltage_setpoint': 0.0, 'D_angle': 0.0, 'D_admm_interface_voltage': -0.0041, 'D_other': 0.0, 'D_residual': 0.0}
10:20:07 [W31] Task B undiscounted: W25 -12.948705 split -12.948704 residual 6.21e-07 terms {'hour_selection_H': -5.5103, 'D_reference_generator_limit': -7.0452, 'D_losses': -0.3774, 'D_congestion': -0.0, 'D_voltage_bounds': -0.0119, 'D_voltage_setpoint': 0.0, 'D_angle': 0.0, 'D_admm_interface_voltage': -0.004, 'D_other': 0.0, 'D_residual': 0.0}
10:20:07 [W31] checks failing: []; guard {'permitted_solve': 0, 'permitted_exec': 0, 'blocked_solve': 0, 'blocked_exec': 0}; wall 11.9s
