[R0] provenance for P5.10-F oracle replay
    executable      : /Users/micaelsimoes/miniconda3/envs/opf_env_py311/bin/python
    CONDA_DEFAULT_ENV: None (from path: opf_env_py311)
    python 3.11.11  numpy 2.4.2  pandas 3.0.0  scipy 1.17.0  pyomo 6.9.5
    IPOPT           : 3.14.18 ASL(20241111) @ /usr/local/bin/ipopt (exists=True)
    HSL solver      : ma97
    gurobipy        : 13.0.1 available=True licence=ACADEMIC expires=2027-04-14
    checksum        : 5a02b77ccbbbbbb869de92958a3851d095624711abc2dbfc0157466064410358
    canonical match : True
    -> /Users/micaelsimoes/Projects/share-resource-planning-no_esso-degradation/data/SRP1/Results/P510/provenance.json

[P5.10-F] base -- stabilized rescaled oracle
      gen 1: VALID            cycles=16 pre-polish=827960806.3364494 Q=828011656.1647184 fail=0 step=None
      gen 2: VALID            cycles=2 pre-polish=827919590.9385157 Q=827970161.1575574 fail=0 step=-41495.00716102123
      gen 3: VALID            cycles=2 pre-polish=827883032.2096167 Q=827954899.5725344 fail=0 step=-15261.58502292633
      gen 4: VALID            cycles=2 pre-polish=827850617.140516 Q=827901123.8386072 fail=0 step=-53775.73392724991
      gen 5: VALID            cycles=2 pre-polish=827822185.8380111 Q=827876619.6322773 fail=0 step=-24504.20632994175
      gen 6: VALID            cycles=2 pre-polish=827797322.2972239 Q=827850037.3907903 fail=0 step=-26582.241486907005
      gen 7: VALID            cycles=2 pre-polish=827777007.4119257 Q=827827700.5838032 fail=0 step=-22336.806987166405
      gen 8: VALID            cycles=2 pre-polish=827759742.0682348 Q=827810556.8615606 fail=0 step=-17143.722242593765

[P5.10-F] report -> /Users/micaelsimoes/Projects/share-resource-planning-no_esso-degradation/data/SRP1/Results/P510/p510_f_replay_base.json
