[R0] provenance for P5.10-F oracle replay
    executable      : /Users/micaelsimoes/miniconda3/envs/opf_env_py311/bin/python
    CONDA_DEFAULT_ENV: None (from path: opf_env_py311)
    python 3.11.11  numpy 2.4.2  pandas 3.0.0  scipy 1.17.0  pyomo 6.9.5
    IPOPT           : 3.14.18 ASL(20241111) @ /usr/local/bin/ipopt (exists=True)
    HSL solver      : ma97
    gurobipy        : 13.0.1 available=True licence=ACADEMIC expires=2027-04-14
    checksum        : 5a02b77ccbbbbbb869de92958a3851d095624711abc2dbfc0157466064410358
    canonical match : True
    -> /Users/micaelsimoes/Projects/share-resource-planning-no_esso-degradation/data/SRP1/Results/P510/provenance.json

[P5.10-F] se|node5|2025|-10% -- stabilized rescaled oracle
      gen 1: VALID            cycles=16 pre-polish=827960901.778361 Q=828011042.5687629 fail=0 step=None
      gen 2: VALID            cycles=2 pre-polish=827919692.5852786 Q=827969549.2346303 fail=0 step=-41493.33413255215
      gen 3: VALID            cycles=2 pre-polish=827883128.2075146 Q=827954290.9001557 fail=0 step=-15258.334474682808
      gen 4: VALID            cycles=2 pre-polish=827850715.4459087 Q=827900517.3608025 fail=0 step=-53773.53935313225
      gen 5: VALID            cycles=2 pre-polish=827822286.9623693 Q=827876009.2912856 fail=0 step=-24508.0695168972
      gen 6: VALID            cycles=2 pre-polish=827797425.5398434 Q=827849437.3059702 fail=0 step=-26571.985315442085
      gen 7: VALID            cycles=2 pre-polish=827777117.0643618 Q=827827105.588538 fail=0 step=-22331.717432141304
      gen 8: VALID            cycles=2 pre-polish=827759855.1210704 Q=827809965.3523843 fail=0 step=-17140.23615372181

[P5.10-F] report -> /Users/micaelsimoes/Projects/share-resource-planning-no_esso-degradation/data/SRP1/Results/P510/p510_f_replay_se_node5_2025_-10pct.json
