[R0] provenance for P5.10-C oracle endpoint
    executable      : /Users/micaelsimoes/miniconda3/envs/opf_env_py311/bin/python
    CONDA_DEFAULT_ENV: None (from path: opf_env_py311)
    python 3.11.11  numpy 2.4.2  pandas 3.0.0  scipy 1.17.0  pyomo 6.9.5
    IPOPT           : 3.14.18 ASL(20241111) @ /usr/local/bin/ipopt (exists=True)
    HSL solver      : ma97
    gurobipy        : 13.0.1 available=True licence=ACADEMIC expires=2027-04-14
    checksum        : 5a02b77ccbbbbbb869de92958a3851d095624711abc2dbfc0157466064410358
    canonical match : True
    -> /Users/micaelsimoes/Projects/share-resource-planning-no_esso-degradation/data/SRP1/Results/P510/provenance.json
[P5.10-C] base ...
[P5.10-C] base (repeat, different call history) ...
          A: 827885239.5417057  disagreement 9.051837140987118e-05 p.u.  unpolished violation 1.1537855774956807e-05
          B: 828008246.6625633  coordinated residual 1.3877787807814457e-16  failed 0
          repeatable: A=True B=True
[P5.10-C] se|node5|2025|-10% ...
[P5.10-C] se|node5|2025|-10% (repeat, different call history) ...
          A: 827885356.7225058  disagreement 9.060983102838094e-05 p.u.  unpolished violation 1.1537855774956807e-05
          B: 828007656.3829914  coordinated residual 1.3877787807814457e-16  failed 0
          repeatable: A=True B=True
[P5.10-C] se|node9|2025|-10% ...
[P5.10-C] se|node9|2025|-10% (repeat, different call history) ...
          A: 827885291.3661005  disagreement 9.051974879305647e-05 p.u.  unpolished violation 1.1537855774956807e-05
          B: 828007602.4002186  coordinated residual 1.1102230246251565e-16  failed 0
          repeatable: A=True B=True

[P5.10-C] report -> /Users/micaelsimoes/Projects/share-resource-planning-no_esso-degradation/data/SRP1/Results/P510/p510_c_endpoint_pf300.json
