[R0] provenance for P5.10-C oracle endpoint
    executable      : /Users/micaelsimoes/miniconda3/envs/opf_env_py311/bin/python
    CONDA_DEFAULT_ENV: None (from path: opf_env_py311)
    python 3.11.11  numpy 2.4.2  pandas 3.0.0  scipy 1.17.0  pyomo 6.9.5
    IPOPT           : 3.14.18 ASL(20241111) @ /usr/local/bin/ipopt (exists=True)
    HSL solver      : ma97
    gurobipy        : 13.0.1 available=True licence=ACADEMIC expires=2027-04-14
    checksum        : 5a02b77ccbbbbbb869de92958a3851d095624711abc2dbfc0157466064410358
    canonical match : True
    -> /Users/micaelsimoes/Projects/share-resource-planning-no_esso-degradation/data/SRP1/Results/P510/provenance.json
[P5.10-C] base ...
[P5.10-C] base (repeat, different call history) ...
          A: 827960806.3364494  disagreement 1.555613440324066e-05 p.u.  unpolished violation 1.1537855774956807e-05
          B: 828011656.1647184  coordinated residual 5.551115123125783e-17  failed 0
          repeatable: A=True B=True
[P5.10-C] se|node5|2025|-10% ...
[P5.10-C] se|node5|2025|-10% (repeat, different call history) ...
          A: 827960901.778361  disagreement 1.555613373607656e-05 p.u.  unpolished violation 1.1537855774956807e-05
          B: 828011042.5687629  coordinated residual 5.551115123125783e-17  failed 0
          repeatable: A=True B=True
[P5.10-C] se|node9|2025|-10% ...
[P5.10-C] se|node9|2025|-10% (repeat, different call history) ...
          A: 827960873.8696905  disagreement 1.5556151773097326e-05 p.u.  unpolished violation 1.1537855774956807e-05
          B: 828011012.3976371  coordinated residual 5.551115123125783e-17  failed 0
          repeatable: A=True B=True

[P5.10-C] report -> /Users/micaelsimoes/Projects/share-resource-planning-no_esso-degradation/data/SRP1/Results/P510/p510_c_endpoint_pf1000.json
