[R0] provenance for P5.10-F oracle replay
    executable      : /Users/micaelsimoes/miniconda3/envs/opf_env_py311/bin/python
    CONDA_DEFAULT_ENV: None (from path: opf_env_py311)
    python 3.11.11  numpy 2.4.2  pandas 3.0.0  scipy 1.17.0  pyomo 6.9.5
    IPOPT           : 3.14.18 ASL(20241111) @ /usr/local/bin/ipopt (exists=True)
    HSL solver      : ma97
    gurobipy        : 13.0.1 available=True licence=ACADEMIC expires=2027-04-14
    checksum        : 5a02b77ccbbbbbb869de92958a3851d095624711abc2dbfc0157466064410358
    canonical match : True
    -> /Users/micaelsimoes/Projects/share-resource-planning-no_esso-degradation/data/SRP1/Results/P510/provenance.json

[P5.10-F] se|node9|2025|-10% -- stabilized rescaled oracle
      gen 1: VALID            cycles=16 pre-polish=827960873.8696905 Q=828011012.3976371 fail=0 step=None
      gen 2: VALID            cycles=2 pre-polish=827919652.9498205 Q=827969518.62309 fail=0 step=-41493.77454710007
      gen 3: VALID            cycles=2 pre-polish=827883095.3177251 Q=827954258.7092342 fail=0 step=-15259.913855791092
      gen 4: VALID            cycles=2 pre-polish=827850684.0351317 Q=827900485.4493967 fail=0 step=-53773.2598375082
      gen 5: VALID            cycles=2 pre-polish=827822253.9220202 Q=827875975.9082242 fail=0 step=-24509.541172504425
      gen 6: VALID            cycles=2 pre-polish=827797392.3178223 Q=827849404.2067412 fail=0 step=-26571.701483011246
      gen 7: VALID            cycles=2 pre-polish=827777083.7536771 Q=827827070.131866 fail=0 step=-22334.074875235558
      gen 8: VALID            cycles=2 pre-polish=827759818.7523279 Q=827809929.1983745 fail=0 step=-17140.93349146843

[P5.10-F] report -> /Users/micaelsimoes/Projects/share-resource-planning-no_esso-degradation/data/SRP1/Results/P510/p510_f_replay_se_node9_2025_-10pct.json
