[INFO] Running OPERATIONAL PLANNING (DISTRIBUTED)...
[INFO]	 - Initializing...
[INFO] 		 - Distribution Network node 5...
[INFO] 			 - Running SMOPF, Network case33_1, 2025, Spring...
[INFO] 			 - Running SMOPF, Network case33_1, 2025, Summer...
[INFO] 			 - Running SMOPF, Network case33_1, 2025, Autumn...
[INFO] 			 - Running SMOPF, Network case33_1, 2025, Winter...
[INFO] 		 - Distribution Network node 7...
[INFO] 			 - Running SMOPF, Network case33_2, 2025, Spring...
[INFO] 			 - Running SMOPF, Network case33_2, 2025, Summer...
[INFO] 			 - Running SMOPF, Network case33_2, 2025, Autumn...
[INFO] 			 - Running SMOPF, Network case33_2, 2025, Winter...
[INFO] 		 - Distribution Network node 9...
[INFO] 			 - Running SMOPF, Network case33_3, 2025, Spring...
[INFO] 			 - Running SMOPF, Network case33_3, 2025, Summer...
[INFO] 			 - Running SMOPF, Network case33_3, 2025, Autumn...
[INFO] 			 - Running SMOPF, Network case33_3, 2025, Winter...
[INFO] 		 - Transmission Network...
[INFO] 			 - Running SMOPF, Network case9, 2025, Spring...
[INFO] 			 - Running SMOPF, Network case9, 2025, Summer...
[INFO] 			 - Running SMOPF, Network case9, 2025, Autumn...
[INFO] 			 - Running SMOPF, Network case9, 2025, Winter...
[INFO] 		 - Running Shared ESS optimization (subproblem)...
[INFO] 			 - Node 5...
[INFO] Shared ESS complementarity diagnostics for ESS node=5: ratio_max=0.000000e+00 n_periods=0 mu_final=9.090909e-12 s_obj=1.000000e-01 eps=1.000000e-05 bound=0.000000e+00 measured=0.000000e+00
[INFO] 			 - Node 7...
[INFO] Shared ESS complementarity diagnostics for ESS node=7: ratio_max=2.719867e-05 n_periods=96 mu_final=1.068020e-11 s_obj=1.000000e-01 eps=1.000000e-05 bound=1.025299e-03 measured=8.825003e-04
[INFO] 			 - Node 9...
[INFO] Shared ESS complementarity diagnostics for ESS node=9: ratio_max=0.000000e+00 n_periods=0 mu_final=9.090909e-12 s_obj=1.000000e-01 eps=1.000000e-05 bound=0.000000e+00 measured=0.000000e+00
[ADMM OF SCALE] n=16 | min=2.746614e+07 | median=4.468947e+07 | max=5.627400e+07 | selected=5.627400e+07
[ADMM OF SCALE] Largest weighted objectives:
  DSO node=9 year=2025 day=Winter | base=5.627400e+07 | scenario=1.835119e+00 | total=5.627400e+07
  DSO node=9 year=2025 day=Autumn | base=5.444254e+07 | scenario=2.739833e+00 | total=5.444254e+07
  DSO node=9 year=2025 day=Spring | base=5.073795e+07 | scenario=1.808666e+00 | total=5.073795e+07
  TSO node=None year=2025 day=Autumn | base=-4.899921e+07 | scenario=9.421547e+00 | total=-4.899920e+07
  DSO node=5 year=2025 day=Spring | base=4.823404e+07 | scenario=2.547204e+00 | total=4.823404e+07
  DSO node=5 year=2025 day=Autumn | base=4.717740e+07 | scenario=2.829021e+00 | total=4.717740e+07
  DSO node=5 year=2025 day=Summer | base=4.603074e+07 | scenario=2.171925e+00 | total=4.603075e+07
  DSO node=5 year=2025 day=Winter | base=4.591143e+07 | scenario=2.827809e+00 | total=4.591143e+07
  TSO node=None year=2025 day=Winter | base=-4.346776e+07 | scenario=2.482545e+02 | total=-4.346751e+07
  DSO node=7 year=2025 day=Spring | base=4.273056e+07 | scenario=2.440622e+00 | total=4.273057e+07
[ADMM OF SCALE] Fixed sigma in force sigma_fixed=9.363536e+07 | sigma_computed=5.627400e+07 | ratio=6.009909e-01 | assert_factor=3.000
[ADMM ESSO AL SCALE] mode=sigma_over_median_block_weight | sigma=9.363536e+07 | median_block_weight=4.550000e+02 | al_scale_esso=2.057920e+05
[INFO] 	 - ADMM Iteration 1
[INFO] 		 - Updating distribution networks:
[INFO] 			 - Running SMOPF, Network case33_1, 2025, Spring...
[INFO] 			 - Running SMOPF, Network case33_1, 2025, Summer...
[INFO] 			 - Running SMOPF, Network case33_1, 2025, Autumn...
[INFO] 			 - Running SMOPF, Network case33_1, 2025, Winter...
[INFO] 			 - Running SMOPF, Network case33_2, 2025, Spring...
[INFO] 			 - Running SMOPF, Network case33_2, 2025, Summer...
[INFO] 			 - Running SMOPF, Network case33_2, 2025, Autumn...
[INFO] 			 - Running SMOPF, Network case33_2, 2025, Winter...
[INFO] 			 - Running SMOPF, Network case33_3, 2025, Spring...
[INFO] 			 - Running SMOPF, Network case33_3, 2025, Summer...
[INFO] 			 - Running SMOPF, Network case33_3, 2025, Autumn...
[INFO] 			 - Running SMOPF, Network case33_3, 2025, Winter...
[INFO] 		 - Updating transmission network...
[INFO] 			 - Running SMOPF, Network case9, 2025, Spring...
[INFO] 			 - Running SMOPF, Network case9, 2025, Summer...
[INFO] 			 - Running SMOPF, Network case9, 2025, Autumn...
[INFO] 			 - Running SMOPF, Network case9, 2025, Winter...
[TSO PROX] cycle=1 | updated_blocks=4 | held_failed_blocks=0 | V max=0.183938 | PF max=1.811742 | ESS max=0.049333
[TSO PROX][V MAX] node=9, year=2025, day=Winter, period=16 | dV=63.458468 kV | normalized=0.183938
[TSO PROX][PF MAX] node=7, year=2025, day=Winter, period=5, type=P | delta=181.174199 MW | normalized=1.811742
[TSO PROX][ESS MAX] node=7, year=2025, day=Autumn, period=18, type=P | delta=0.246663 MW | normalized=0.049333
[INFO] 		 - Updating SharedESS...
[INFO] 		 - Running Shared ESS optimization (subproblem)...
[INFO] 			 - Node 5...
[INFO] Shared ESS complementarity diagnostics for ESS node=5: ratio_max=0.000000e+00 n_periods=0 mu_final=9.090909e-12 s_obj=1.000000e-01 eps=1.000000e-05 bound=0.000000e+00 measured=0.000000e+00
[INFO] 			 - Node 7...
[INFO] Shared ESS complementarity diagnostics for ESS node=7: ratio_max=2.060975e-05 n_periods=96 mu_final=1.395610e-11 s_obj=1.000000e-01 eps=1.000000e-05 bound=1.339786e-03 measured=8.745647e-04
[INFO] 			 - Node 9...
[INFO] Shared ESS complementarity diagnostics for ESS node=9: ratio_max=0.000000e+00 n_periods=0 mu_final=9.090909e-12 s_obj=1.000000e-01 eps=1.000000e-05 bound=0.000000e+00 measured=0.000000e+00
[DIAG][V MAX] node=9, year=2025, day=Winter, period=16 | TSO=379.499530 kV, DSO=310.514011 kV, diff=68.985518 kV, base=345.000000 kV, normalized=0.199958, rho(TSO/DSO)=0.007700/0.007700
[DIAG][PF MAX] node=7, year=2025, day=Winter, period=12, type=P | TSO=118.895543 MW, DSO=20.326308 MW, diff=98.569235 MW, rating=100.000000 MVA, normalized=0.985692, rho(TSO/DSO)=0.198000/0.198000
[INFO]		 - interface Vmag max primal residual failed. 0.199958 > 0.010000
[INFO]		 - interface Vmag mean primal residual failed. 0.064358 > 0.001000
[INFO]		 - interface PF max primal residual failed. 0.985692 > 0.010000
[INFO]		 - interface PF mean primal residual failed. 0.280274 > 0.001000
[INFO]		 - interface PF mean dual residual failed. 0.060670 > 0.010000
[INFO]		 - Recourse stationarity requires one previous successful cycle.
[ADMM RHO] V | primal max ratio=19.996 | primal mean ratio=64.358 | primal selected=64.358 | dual mean ratio=0.031 | increase threshold=5.0 | decrease threshold=5.0 | action=increased
[ADMM RHO BOYD] V | r=1.284526e+00 | s=9.337698e-03 | eps_pri=1.952796e-03 | eps_dual=1.704870e-04 | primal_ratio=6.577880e+02 | dual_ratio=5.477075e+01 | dual_ratio_balance=5.477075e+01 | rho_before=7.700000e-03 | rho_after=1.155000e-02 | gamma_before=0.000000e+00 | gamma_after=0.000000e+00 | action=increased
[ADMM RHO] PF | primal max ratio=98.569 | primal mean ratio=280.274 | primal selected=280.274 | dual mean ratio=6.067 | increase threshold=5.0 | decrease threshold=3.0 | action=held
[ADMM RHO BOYD] PF | r=8.769748e+00 | s=2.970816e+00 | eps_pri=1.241523e-03 | eps_dual=2.425782e-04 | primal_ratio=7.063701e+03 | dual_ratio=1.224684e+04 | dual_ratio_balance=1.224684e+04 | rho_before=1.980000e-01 | rho_after=1.980000e-01 | gamma_before=0.000000e+00 | gamma_after=0.000000e+00 | action=held
[ADMM RHO] ESS | primal max ratio=0.330 | primal mean ratio=0.114 | primal selected=0.330 | dual mean ratio=0.001 | increase threshold=5.0 | decrease threshold=5.0 | action=exempt (fixed)
[ADMM RHO BOYD] ESS | r=1.642840e-01 | s=1.161670e-03 | eps_pri=4.361727e-04 | eps_dual=4.158565e-04 | primal_ratio=3.766491e+02 | dual_ratio=2.793440e+00 | dual_ratio_balance=2.793440e+00 | rho_before=1.000000e-02 | rho_after=1.000000e-02 | gamma_before=0.000000e+00 | gamma_after=0.000000e+00 | action=exempt (fixed)
[INFO]		 - ADMM cycle 1 | Primal (V max/mean | PF max/mean | ESS max/mean) = 0.199958/0.064358 | 0.985692/0.280274 | 0.033011/0.001137 | Dual (V max/mean | PF max/mean | ESS max/mean) = 0.001416/0.000307 | 0.358725/0.060670 | 0.000165/0.000009 | Recourse change = N/A (tol. N/A) | Stable cycles = 0/10 | Penalty actions (V/PF/ESS) = increased/held/exempt (fixed)
[INFO] 	 - Iteration 1: 52.81 s
[INFO] 	 - ADMM Iteration 2
[INFO] 		 - Updating distribution networks:
[INFO] 			 - Running SMOPF, Network case33_1, 2025, Spring...
[INFO] 			 - Running SMOPF, Network case33_1, 2025, Summer...
[INFO] 			 - Running SMOPF, Network case33_1, 2025, Autumn...
[INFO] 			 - Running SMOPF, Network case33_1, 2025, Winter...
[INFO] 			 - Running SMOPF, Network case33_2, 2025, Spring...
[INFO] 			 - Running SMOPF, Network case33_2, 2025, Summer...
[INFO] 			 - Running SMOPF, Network case33_2, 2025, Autumn...
[INFO] 			 - Running SMOPF, Network case33_2, 2025, Winter...
[INFO] 			 - Running SMOPF, Network case33_3, 2025, Spring...
[INFO] 			 - Running SMOPF, Network case33_3, 2025, Summer...
[INFO] 			 - Running SMOPF, Network case33_3, 2025, Autumn...
[INFO] 			 - Running SMOPF, Network case33_3, 2025, Winter...
[INFO] 		 - Updating transmission network...
[INFO] 			 - Running SMOPF, Network case9, 2025, Spring...
[INFO] 			 - Running SMOPF, Network case9, 2025, Summer...
[INFO] 			 - Running SMOPF, Network case9, 2025, Autumn...
[INFO] 			 - Running SMOPF, Network case9, 2025, Winter...
[TSO PROX] cycle=2 | updated_blocks=4 | held_failed_blocks=0 | V max=0.061067 | PF max=0.598018 | ESS max=0.016207
[TSO PROX][V MAX] node=5, year=2025, day=Winter, period=9 | dV=21.068227 kV | normalized=0.061067
[TSO PROX][PF MAX] node=9, year=2025, day=Winter, period=23, type=Q | delta=89.702629 MVAr | normalized=0.598018
[TSO PROX][ESS MAX] node=7, year=2025, day=Winter, period=8, type=P | delta=0.081035 MW | normalized=0.016207
[INFO] 		 - Updating SharedESS...
[INFO] 		 - Running Shared ESS optimization (subproblem)...
[INFO] 			 - Node 5...
[INFO] Shared ESS complementarity diagnostics for ESS node=5: ratio_max=0.000000e+00 n_periods=0 mu_final=9.090909e-12 s_obj=1.000000e-01 eps=1.000000e-05 bound=0.000000e+00 measured=0.000000e+00
[INFO] 			 - Node 7...
[INFO] Shared ESS complementarity diagnostics for ESS node=7: ratio_max=2.190471e-05 n_periods=96 mu_final=1.067447e-11 s_obj=1.000000e-01 eps=1.000000e-05 bound=1.024749e-03 measured=8.809129e-04
[INFO] 			 - Node 9...
[INFO] Shared ESS complementarity diagnostics for ESS node=9: ratio_max=0.000000e+00 n_periods=0 mu_final=9.090909e-12 s_obj=1.000000e-01 eps=1.000000e-05 bound=0.000000e+00 measured=0.000000e+00
[DIAG][V MAX] node=7, year=2025, day=Winter, period=9 | TSO=357.857030 kV, DSO=379.496540 kV, diff=21.639510 kV, base=345.000000 kV, normalized=0.062723, rho(TSO/DSO)=0.011550/0.011550
[DIAG][PF MAX] node=5, year=2025, day=Spring, period=4, type=P | TSO=8.294062 MW, DSO=2.628732 MW, diff=5.665331 MW, rating=200.000000 MVA, normalized=0.028327, rho(TSO/DSO)=0.198000/0.198000
[INFO]		 - interface Vmag max primal residual failed. 0.062723 > 0.010000
[INFO]		 - interface Vmag mean primal residual failed. 0.027789 > 0.001000
[INFO]		 - interface PF max primal residual failed. 0.028327 > 0.010000
[INFO]		 - interface PF mean primal residual failed. 0.001917 > 0.001000
[INFO]		 - interface PF mean dual residual failed. 0.031299 > 0.010000
[RECOURSE JUMP] cycle=2 | abs_change=4.067736e+08 | tol=7.945332e+04 | signed_change=-4.067736e+08
[RECOURSE JUMP] Reconciliation | previous=7.945332e+08 | current=3.877596e+08 | block_delta=-4.067736e+08 | mismatch=-1.788139e-07
[RECOURSE JUMP] Aggregate signed changes:
  TSO | delta=-3.691313e+08
  DSO node=7 | delta=-1.882567e+07
  DSO node=9 | delta=-1.304700e+07
  DSO node=5 | delta=-5.782743e+06
  SALVAGE | delta=+1.308357e+04
[RECOURSE JUMP] Largest 10 block changes:
  TSO node=None year=2025 day=Spring | previous=1.849792e+08 | current=6.663647e+07 | delta=-1.183428e+08 | abs_delta=1.183428e+08
    [RECOURSE JUMP][TSO PROX] year=2025 day=Spring | V max=0.055142 | PF max=0.510745 | ESS max=0.008759
    [RECOURSE COMPONENTS] gen=-1.183429e+08 | flex=+0.000000e+00 | load_curt=+0.000000e+00 | res_curt=+0.000000e+00 | ess_usage=+0.000000e+00 | slacks=+1.836058e+02 | ess_comp=+1.558454e+00
    [SLACK COMPONENTS] voltage=+1.836058e+02 | node_P=+0.000000e+00 | node_Q=+0.000000e+00 | branch_ij=+0.000000e+00 | branch_ji=+0.000000e+00 | flex_P=+0.000000e+00 | flex_Q=+0.000000e+00
    [SLACK COMPONENT CHECK] classified_delta=+1.836058e+02 | objective_slack_delta=+1.836058e+02 | mismatch=-2.842171e-14
    [RECOURSE COMPONENT CHECK] classified_delta=-1.183428e+08 | block_delta=-1.183428e+08 | mismatch=-2.980232e-08
  TSO node=None year=2025 day=Winter | previous=1.970821e+08 | current=1.018825e+08 | delta=-9.519960e+07 | abs_delta=9.519960e+07
    [RECOURSE JUMP][TSO PROX] year=2025 day=Winter | V max=0.061067 | PF max=0.598018 | ESS max=0.016207
    [RECOURSE COMPONENTS] gen=-9.519979e+07 | flex=+0.000000e+00 | load_curt=+0.000000e+00 | res_curt=+0.000000e+00 | ess_usage=+0.000000e+00 | slacks=+1.816101e+02 | ess_comp=+1.532865e+00
    [SLACK COMPONENTS] voltage=+1.816101e+02 | node_P=+0.000000e+00 | node_Q=+0.000000e+00 | branch_ij=+0.000000e+00 | branch_ji=+0.000000e+00 | flex_P=+0.000000e+00 | flex_Q=+0.000000e+00
    [SLACK COMPONENT CHECK] classified_delta=+1.816101e+02 | objective_slack_delta=+1.816101e+02 | mismatch=+8.526513e-14
    [RECOURSE COMPONENT CHECK] classified_delta=-9.519960e+07 | block_delta=-9.519960e+07 | mismatch=+0.000000e+00
  TSO node=None year=2025 day=Summer | previous=1.697719e+08 | current=8.832650e+07 | delta=-8.144545e+07 | abs_delta=8.144545e+07
    [RECOURSE JUMP][TSO PROX] year=2025 day=Summer | V max=0.019535 | PF max=0.316356 | ESS max=0.009116
    [RECOURSE COMPONENTS] gen=-8.144545e+07 | flex=+0.000000e+00 | load_curt=+0.000000e+00 | res_curt=+0.000000e+00 | ess_usage=+0.000000e+00 | slacks=+8.773839e-09 | ess_comp=-8.964588e-05
    [SLACK COMPONENTS] voltage=+8.773888e-09 | node_P=+0.000000e+00 | node_Q=+0.000000e+00 | branch_ij=+0.000000e+00 | branch_ji=+0.000000e+00 | flex_P=+0.000000e+00 | flex_Q=+0.000000e+00
    [SLACK COMPONENT CHECK] classified_delta=+8.773888e-09 | objective_slack_delta=+8.773839e-09 | mismatch=+4.973799e-14
    [RECOURSE COMPONENT CHECK] classified_delta=-8.144545e+07 | block_delta=-8.144545e+07 | mismatch=+0.000000e+00
  TSO node=None year=2025 day=Autumn | previous=1.595789e+08 | current=8.543548e+07 | delta=-7.414345e+07 | abs_delta=7.414345e+07
    [RECOURSE JUMP][TSO PROX] year=2025 day=Autumn | V max=0.016727 | PF max=0.268239 | ESS max=0.012061
    [RECOURSE COMPONENTS] gen=-7.414325e+07 | flex=+0.000000e+00 | load_curt=+0.000000e+00 | res_curt=+0.000000e+00 | ess_usage=+0.000000e+00 | slacks=-1.897049e+02 | ess_comp=-1.604567e+00
    [SLACK COMPONENTS] voltage=-1.897049e+02 | node_P=+0.000000e+00 | node_Q=+0.000000e+00 | branch_ij=+0.000000e+00 | branch_ji=+0.000000e+00 | flex_P=+0.000000e+00 | flex_Q=+0.000000e+00
    [SLACK COMPONENT CHECK] classified_delta=-1.897049e+02 | objective_slack_delta=-1.897049e+02 | mismatch=-1.136868e-13
    [RECOURSE COMPONENT CHECK] classified_delta=-7.414345e+07 | block_delta=-7.414345e+07 | mismatch=+0.000000e+00
  DSO node=7 year=2025 day=Winter | previous=1.199694e+07 | current=4.906461e+06 | delta=-7.090483e+06 | abs_delta=7.090483e+06
    [RECOURSE COMPONENTS] gen=+0.000000e+00 | flex=+1.895311e+05 | load_curt=+0.000000e+00 | res_curt=+0.000000e+00 | ess_usage=+0.000000e+00 | slacks=-7.280014e+06 | ess_comp=+2.101030e-11
    [SLACK COMPONENTS] voltage=-7.079745e-04 | node_P=+0.000000e+00 | node_Q=+0.000000e+00 | branch_ij=+0.000000e+00 | branch_ji=+0.000000e+00 | flex_P=-7.280014e+06 | flex_Q=+0.000000e+00
    [SLACK COMPONENT CHECK] classified_delta=-7.280014e+06 | objective_slack_delta=-7.280014e+06 | mismatch=-1.862645e-09
    [RECOURSE COMPONENT CHECK] classified_delta=-7.090483e+06 | block_delta=-7.090483e+06 | mismatch=-1.862645e-09
  DSO node=7 year=2025 day=Summer | previous=6.952414e+06 | current=6.542079e+05 | delta=-6.298206e+06 | abs_delta=6.298206e+06
    [RECOURSE COMPONENTS] gen=+0.000000e+00 | flex=-6.298206e+06 | load_curt=+0.000000e+00 | res_curt=+0.000000e+00 | ess_usage=+0.000000e+00 | slacks=-4.257043e-01 | ess_comp=+2.110367e-11
    [SLACK COMPONENTS] voltage=-1.944216e-03 | node_P=+0.000000e+00 | node_Q=+0.000000e+00 | branch_ij=+0.000000e+00 | branch_ji=+0.000000e+00 | flex_P=-4.237601e-01 | flex_Q=+0.000000e+00
    [SLACK COMPONENT CHECK] classified_delta=-4.257043e-01 | objective_slack_delta=-4.257043e-01 | mismatch=+6.892265e-13
    [RECOURSE COMPONENT CHECK] classified_delta=-6.298206e+06 | block_delta=-6.298206e+06 | mismatch=-2.793968e-09
  DSO node=5 year=2025 day=Summer | previous=9.253886e+06 | current=4.982981e+06 | delta=-4.270905e+06 | abs_delta=4.270905e+06
    [RECOURSE COMPONENTS] gen=+0.000000e+00 | flex=-4.270905e+06 | load_curt=+0.000000e+00 | res_curt=+0.000000e+00 | ess_usage=+0.000000e+00 | slacks=-4.225401e-02 | ess_comp=+0.000000e+00
    [SLACK COMPONENTS] voltage=-6.964073e-04 | node_P=+0.000000e+00 | node_Q=+0.000000e+00 | branch_ij=+0.000000e+00 | branch_ji=+0.000000e+00 | flex_P=-4.155760e-02 | flex_Q=+0.000000e+00
    [SLACK COMPONENT CHECK] classified_delta=-4.225401e-02 | objective_slack_delta=-4.225401e-02 | mismatch=-4.334311e-13
    [RECOURSE COMPONENT CHECK] classified_delta=-4.270905e+06 | block_delta=-4.270905e+06 | mismatch=+0.000000e+00
  DSO node=9 year=2025 day=Winter | previous=8.361563e+06 | current=4.329599e+06 | delta=-4.031965e+06 | abs_delta=4.031965e+06
    [RECOURSE COMPONENTS] gen=+0.000000e+00 | flex=-4.031965e+06 | load_curt=+0.000000e+00 | res_curt=+0.000000e+00 | ess_usage=+0.000000e+00 | slacks=+2.685417e-02 | ess_comp=+0.000000e+00
    [SLACK COMPONENTS] voltage=+3.914608e-04 | node_P=+0.000000e+00 | node_Q=+0.000000e+00 | branch_ij=+0.000000e+00 | branch_ji=+0.000000e+00 | flex_P=+2.646271e-02 | flex_Q=+0.000000e+00
    [SLACK COMPONENT CHECK] classified_delta=+2.685417e-02 | objective_slack_delta=+2.685417e-02 | mismatch=-1.413980e-12
    [RECOURSE COMPONENT CHECK] classified_delta=-4.031965e+06 | block_delta=-4.031965e+06 | mismatch=+7.916242e-09
  DSO node=5 year=2025 day=Spring | previous=4.138684e+06 | current=8.116366e+06 | delta=+3.977683e+06 | abs_delta=3.977683e+06
    [RECOURSE COMPONENTS] gen=+0.000000e+00 | flex=+3.977683e+06 | load_curt=+0.000000e+00 | res_curt=+0.000000e+00 | ess_usage=+0.000000e+00 | slacks=-1.144982e-01 | ess_comp=+0.000000e+00
    [SLACK COMPONENTS] voltage=-9.388147e-04 | node_P=+0.000000e+00 | node_Q=+0.000000e+00 | branch_ij=+0.000000e+00 | branch_ji=+0.000000e+00 | flex_P=-1.135594e-01 | flex_Q=+0.000000e+00
    [SLACK COMPONENT CHECK] classified_delta=-1.144982e-01 | objective_slack_delta=-1.144982e-01 | mismatch=-1.598721e-13
    [RECOURSE COMPONENT CHECK] classified_delta=+3.977683e+06 | block_delta=+3.977683e+06 | mismatch=+9.313226e-10
  DSO node=9 year=2025 day=Summer | previous=8.985736e+06 | current=5.379181e+06 | delta=-3.606554e+06 | abs_delta=3.606554e+06
    [RECOURSE COMPONENTS] gen=+0.000000e+00 | flex=-3.606554e+06 | load_curt=+0.000000e+00 | res_curt=+0.000000e+00 | ess_usage=+0.000000e+00 | slacks=-1.557706e-02 | ess_comp=+0.000000e+00
    [SLACK COMPONENTS] voltage=-9.372462e-05 | node_P=+0.000000e+00 | node_Q=+0.000000e+00 | branch_ij=+0.000000e+00 | branch_ji=+0.000000e+00 | flex_P=-1.548333e-02 | flex_Q=+0.000000e+00
    [SLACK COMPONENT CHECK] classified_delta=-1.557706e-02 | objective_slack_delta=-1.557706e-02 | mismatch=-8.171241e-14
    [RECOURSE COMPONENT CHECK] classified_delta=-3.606554e+06 | block_delta=-3.606554e+06 | mismatch=+0.000000e+00
[INFO]		 - Recourse stationarity failed. 406773581.639669 > 79453.322588
[ADMM RHO] V | primal max ratio=6.272 | primal mean ratio=27.789 | primal selected=27.789 | dual mean ratio=0.058 | increase threshold=5.0 | decrease threshold=5.0 | action=increased
[ADMM RHO BOYD] V | r=5.474740e-01 | s=3.869568e-03 | eps_pri=1.989757e-03 | eps_dual=1.699736e-04 | primal_ratio=2.751461e+02 | dual_ratio=2.276570e+01 | dual_ratio_balance=2.276570e+01 | rho_before=1.155000e-02 | rho_after=1.732500e-02 | gamma_before=0.000000e+00 | gamma_after=0.000000e+00 | action=increased
[ADMM RHO] PF | primal max ratio=2.833 | primal mean ratio=1.917 | primal selected=2.833 | dual mean ratio=3.130 | increase threshold=5.0 | decrease threshold=3.0 | action=decreased
[ADMM RHO BOYD] PF | r=7.848565e-02 | s=9.932232e-01 | eps_pri=8.627846e-04 | eps_dual=2.413906e-04 | primal_ratio=9.096784e+01 | dual_ratio=4.114589e+03 | dual_ratio_balance=4.114589e+03 | rho_before=1.980000e-01 | rho_after=1.320000e-01 | gamma_before=0.000000e+00 | gamma_after=0.000000e+00 | action=decreased
[ADMM RHO] ESS | primal max ratio=0.108 | primal mean ratio=0.025 | primal selected=0.108 | dual mean ratio=0.001 | increase threshold=5.0 | decrease threshold=5.0 | action=exempt (fixed)
[ADMM RHO BOYD] ESS | r=3.597419e-02 | s=1.345191e-03 | eps_pri=4.412139e-04 | eps_dual=4.158825e-04 | primal_ratio=8.153457e+01 | dual_ratio=3.234546e+00 | dual_ratio_balance=3.234546e+00 | rho_before=1.000000e-02 | rho_after=1.000000e-02 | gamma_before=0.000000e+00 | gamma_after=0.000000e+00 | action=exempt (fixed)
[INFO]		 - ADMM cycle 2 | Primal (V max/mean | PF max/mean | ESS max/mean) = 0.062723/0.027789 | 0.028327/0.001917 | 0.010805/0.000249 | Dual (V max/mean | PF max/mean | ESS max/mean) = 0.002310/0.000580 | 0.256402/0.031299 | 0.000219/0.000010 | Recourse change = 406773581.639669 (tol. 79453.322588) | Stable cycles = 0/10 | Penalty actions (V/PF/ESS) = increased/decreased/exempt (fixed)
[INFO] 	 - Iteration 2: 44.88 s
[WARNING] 	 - ADMM did NOT converge in 2 iterations!
[INFO] 	 - Execution time: 140.25 s
