[INFO] Running OPERATIONAL PLANNING (DISTRIBUTED)...
[INFO]	 - Initializing...
[INFO] 		 - Distribution Network node 5...
[INFO] 			 - Running SMOPF, Network case33_1, 2025, Spring...
[INFO] 			 - Running SMOPF, Network case33_1, 2025, Summer...
[INFO] 			 - Running SMOPF, Network case33_1, 2025, Autumn...
[INFO] 			 - Running SMOPF, Network case33_1, 2025, Winter...
[INFO] 			 - Running SMOPF, Network case33_1, 2030, Spring...
[INFO] 			 - Running SMOPF, Network case33_1, 2030, Summer...
[INFO] 			 - Running SMOPF, Network case33_1, 2030, Autumn...
[INFO] 			 - Running SMOPF, Network case33_1, 2030, Winter...
[INFO] 			 - Running SMOPF, Network case33_1, 2035, Spring...
[INFO] 			 - Running SMOPF, Network case33_1, 2035, Summer...
[INFO] 			 - Running SMOPF, Network case33_1, 2035, Autumn...
[INFO] 			 - Running SMOPF, Network case33_1, 2035, Winter...
[INFO] 		 - Distribution Network node 7...
[INFO] 			 - Running SMOPF, Network case33_2, 2025, Spring...
[INFO] 			 - Running SMOPF, Network case33_2, 2025, Summer...
[INFO] 			 - Running SMOPF, Network case33_2, 2025, Autumn...
[INFO] 			 - Running SMOPF, Network case33_2, 2025, Winter...
[INFO] 			 - Running SMOPF, Network case33_2, 2030, Spring...
[INFO] 			 - Running SMOPF, Network case33_2, 2030, Summer...
[INFO] 			 - Running SMOPF, Network case33_2, 2030, Autumn...
[INFO] 			 - Running SMOPF, Network case33_2, 2030, Winter...
[INFO] 			 - Running SMOPF, Network case33_2, 2035, Spring...
[INFO] 			 - Running SMOPF, Network case33_2, 2035, Summer...
[INFO] 			 - Running SMOPF, Network case33_2, 2035, Autumn...
[INFO] 			 - Running SMOPF, Network case33_2, 2035, Winter...
[INFO] 		 - Distribution Network node 9...
[INFO] 			 - Running SMOPF, Network case33_3, 2025, Spring...
[INFO] 			 - Running SMOPF, Network case33_3, 2025, Summer...
[INFO] 			 - Running SMOPF, Network case33_3, 2025, Autumn...
[INFO] 			 - Running SMOPF, Network case33_3, 2025, Winter...
[INFO] 			 - Running SMOPF, Network case33_3, 2030, Spring...
[INFO] 			 - Running SMOPF, Network case33_3, 2030, Summer...
[INFO] 			 - Running SMOPF, Network case33_3, 2030, Autumn...
[INFO] 			 - Running SMOPF, Network case33_3, 2030, Winter...
[INFO] 			 - Running SMOPF, Network case33_3, 2035, Spring...
[INFO] 			 - Running SMOPF, Network case33_3, 2035, Summer...
[INFO] 			 - Running SMOPF, Network case33_3, 2035, Autumn...
[INFO] 			 - Running SMOPF, Network case33_3, 2035, Winter...
[INFO] 		 - Transmission Network...
[INFO] 			 - Running SMOPF, Network case9, 2025, Spring...
[INFO] 			 - Running SMOPF, Network case9, 2025, Summer...
[INFO] 			 - Running SMOPF, Network case9, 2025, Autumn...
[INFO] 			 - Running SMOPF, Network case9, 2025, Winter...
[INFO] 			 - Running SMOPF, Network case9, 2030, Spring...
[INFO] 			 - Running SMOPF, Network case9, 2030, Summer...
[INFO] 			 - Running SMOPF, Network case9, 2030, Autumn...
[INFO] 			 - Running SMOPF, Network case9, 2030, Winter...
[INFO] 			 - Running SMOPF, Network case9, 2035, Spring...
[INFO] 			 - Running SMOPF, Network case9, 2035, Summer...
[INFO] 			 - Running SMOPF, Network case9, 2035, Autumn...
[INFO] 			 - Running SMOPF, Network case9, 2035, Winter...
[INFO] 		 - Running Shared ESS optimization (subproblem)...
[INFO] 			 - Node 5...
[INFO] Shared ESS complementarity diagnostics for ESS node=5: ratio_max=0.000000e+00 n_periods=0 mu_final=9.090909e-12 s_obj=1.000000e-01 eps=1.000000e-05 bound=0.000000e+00 measured=0.000000e+00
[INFO] 			 - Node 7...
[INFO] Shared ESS complementarity diagnostics for ESS node=7: ratio_max=0.000000e+00 n_periods=0 mu_final=9.090909e-12 s_obj=1.000000e-01 eps=1.000000e-05 bound=0.000000e+00 measured=0.000000e+00
[INFO] 			 - Node 9...
[INFO] Shared ESS complementarity diagnostics for ESS node=9: ratio_max=0.000000e+00 n_periods=0 mu_final=9.090909e-12 s_obj=1.000000e-01 eps=1.000000e-05 bound=0.000000e+00 measured=0.000000e+00
[ADMM OF SCALE] n=48 | min=2.430031e+07 | median=4.563872e+07 | max=9.363318e+07 | selected=9.363318e+07
[ADMM OF SCALE] Largest weighted objectives:
  TSO node=None year=2035 day=Winter | base=-9.363318e+07 | scenario=0.000000e+00 | total=-9.363318e+07
  TSO node=None year=2030 day=Autumn | base=-8.831346e+07 | scenario=0.000000e+00 | total=-8.831346e+07
  TSO node=None year=2030 day=Winter | base=-7.463732e+07 | scenario=0.000000e+00 | total=-7.463732e+07
  TSO node=None year=2035 day=Spring | base=-6.233046e+07 | scenario=0.000000e+00 | total=-6.233046e+07
  TSO node=None year=2035 day=Summer | base=-5.846637e+07 | scenario=0.000000e+00 | total=-5.846637e+07
  TSO node=None year=2035 day=Autumn | base=-5.807871e+07 | scenario=0.000000e+00 | total=-5.807871e+07
  TSO node=None year=2030 day=Summer | base=-5.746871e+07 | scenario=0.000000e+00 | total=-5.746871e+07
  DSO node=7 year=2035 day=Spring | base=5.722320e+07 | scenario=0.000000e+00 | total=5.722320e+07
  DSO node=9 year=2025 day=Winter | base=5.578761e+07 | scenario=0.000000e+00 | total=5.578761e+07
  DSO node=5 year=2035 day=Spring | base=5.561608e+07 | scenario=0.000000e+00 | total=5.561608e+07
[ADMM OF SCALE] Fixed sigma in force sigma_fixed=9.363536e+07 | sigma_computed=9.363318e+07 | ratio=9.999767e-01 | assert_factor=3.000
[ADMM ESSO AL SCALE] mode=sigma_over_median_block_weight | sigma=9.363536e+07 | median_block_weight=4.121075e+02 | al_scale_esso=2.272110e+05
[INFO] 	 - ADMM Iteration 1
[INFO] 		 - Updating distribution networks:
[INFO] 			 - Running SMOPF, Network case33_1, 2025, Spring...
[INFO] 			 - Running SMOPF, Network case33_1, 2025, Summer...
[INFO] 			 - Running SMOPF, Network case33_1, 2025, Autumn...
[INFO] 			 - Running SMOPF, Network case33_1, 2025, Winter...
[INFO] 			 - Running SMOPF, Network case33_1, 2030, Spring...
[INFO] 			 - Running SMOPF, Network case33_1, 2030, Summer...
[INFO] 			 - Running SMOPF, Network case33_1, 2030, Autumn...
[INFO] 			 - Running SMOPF, Network case33_1, 2030, Winter...
[INFO] 			 - Running SMOPF, Network case33_1, 2035, Spring...
[INFO] 			 - Running SMOPF, Network case33_1, 2035, Summer...
[INFO] 			 - Running SMOPF, Network case33_1, 2035, Autumn...
[INFO] 			 - Running SMOPF, Network case33_1, 2035, Winter...
[INFO] 			 - Running SMOPF, Network case33_2, 2025, Spring...
[INFO] 			 - Running SMOPF, Network case33_2, 2025, Summer...
[INFO] 			 - Running SMOPF, Network case33_2, 2025, Autumn...
[INFO] 			 - Running SMOPF, Network case33_2, 2025, Winter...
[INFO] 			 - Running SMOPF, Network case33_2, 2030, Spring...
[INFO] 			 - Running SMOPF, Network case33_2, 2030, Summer...
[INFO] 			 - Running SMOPF, Network case33_2, 2030, Autumn...
[INFO] 			 - Running SMOPF, Network case33_2, 2030, Winter...
[INFO] 			 - Running SMOPF, Network case33_2, 2035, Spring...
[INFO] 			 - Running SMOPF, Network case33_2, 2035, Summer...
[INFO] 			 - Running SMOPF, Network case33_2, 2035, Autumn...
[INFO] 			 - Running SMOPF, Network case33_2, 2035, Winter...
[INFO] 			 - Running SMOPF, Network case33_3, 2025, Spring...
[INFO] 			 - Running SMOPF, Network case33_3, 2025, Summer...
[INFO] 			 - Running SMOPF, Network case33_3, 2025, Autumn...
[INFO] 			 - Running SMOPF, Network case33_3, 2025, Winter...
[INFO] 			 - Running SMOPF, Network case33_3, 2030, Spring...
[INFO] 			 - Running SMOPF, Network case33_3, 2030, Summer...
[INFO] 			 - Running SMOPF, Network case33_3, 2030, Autumn...
[INFO] 			 - Running SMOPF, Network case33_3, 2030, Winter...
[INFO] 			 - Running SMOPF, Network case33_3, 2035, Spring...
[INFO] 			 - Running SMOPF, Network case33_3, 2035, Summer...
[INFO] 			 - Running SMOPF, Network case33_3, 2035, Autumn...
[INFO] 			 - Running SMOPF, Network case33_3, 2035, Winter...
[INFO] 		 - Updating transmission network...
[INFO] 			 - Running SMOPF, Network case9, 2025, Spring...
[INFO] 			 - Running SMOPF, Network case9, 2025, Summer...
[INFO] 			 - Running SMOPF, Network case9, 2025, Autumn...
[INFO] 			 - Running SMOPF, Network case9, 2025, Winter...
[INFO] 			 - Running SMOPF, Network case9, 2030, Spring...
[INFO] 			 - Running SMOPF, Network case9, 2030, Summer...
[INFO] 			 - Running SMOPF, Network case9, 2030, Autumn...
[INFO] 			 - Running SMOPF, Network case9, 2030, Winter...
[INFO] 			 - Running SMOPF, Network case9, 2035, Spring...
[INFO] 			 - Running SMOPF, Network case9, 2035, Summer...
[INFO] 			 - Running SMOPF, Network case9, 2035, Autumn...
[INFO] 			 - Running SMOPF, Network case9, 2035, Winter...
[TSO PROX] cycle=1 | updated_blocks=12 | held_failed_blocks=0 | V max=0.085090 | PF max=0.549725 | ESS max=0.000000
[TSO PROX][V MAX] node=5, year=2035, day=Summer, period=22 | dV=29.355975 kV | normalized=0.085090
[TSO PROX][PF MAX] node=5, year=2025, day=Spring, period=9, type=P | delta=109.944965 MW | normalized=0.549725
[TSO PROX][ESS MAX] node=5, year=2025, day=Spring, period=0, type=P | delta=0.000000 MW | normalized=0.000000
[INFO] 		 - Updating SharedESS...
[INFO] 		 - Running Shared ESS optimization (subproblem)...
[INFO] 			 - Node 5...
[INFO] Shared ESS complementarity diagnostics for ESS node=5: ratio_max=0.000000e+00 n_periods=0 mu_final=9.090909e-12 s_obj=1.000000e-01 eps=1.000000e-05 bound=0.000000e+00 measured=0.000000e+00
[INFO] 			 - Node 7...
[INFO] Shared ESS complementarity diagnostics for ESS node=7: ratio_max=0.000000e+00 n_periods=0 mu_final=9.090909e-12 s_obj=1.000000e-01 eps=1.000000e-05 bound=0.000000e+00 measured=0.000000e+00
[INFO] 			 - Node 9...
[INFO] Shared ESS complementarity diagnostics for ESS node=9: ratio_max=0.000000e+00 n_periods=0 mu_final=9.090909e-12 s_obj=1.000000e-01 eps=1.000000e-05 bound=0.000000e+00 measured=0.000000e+00
[DIAG][V MAX] node=5, year=2035, day=Summer, period=22 | TSO=373.197169 kV, DSO=342.682407 kV, diff=30.514762 kV, base=345.000000 kV, normalized=0.088449, rho(TSO/DSO)=0.007700/0.007700
[DIAG][PF MAX] node=5, year=2035, day=Summer, period=22, type=P | TSO=102.779946 MW, DSO=32.265363 MW, diff=70.514583 MW, rating=200.000000 MVA, normalized=0.352573, rho(TSO/DSO)=0.198000/0.198000
[INFO]		 - interface Vmag max primal residual failed. 0.088449 > 0.010000
[INFO]		 - interface Vmag mean primal residual failed. 0.032666 > 0.001000
[INFO]		 - interface PF max primal residual failed. 0.352573 > 0.010000
[INFO]		 - interface PF mean primal residual failed. 0.143445 > 0.001000
[INFO]		 - interface PF mean dual residual failed. 0.034626 > 0.010000
[INFO]		 - Recourse stationarity requires one previous successful cycle.
[ADMM RHO] V | primal max ratio=8.845 | primal mean ratio=32.666 | primal selected=32.666 | dual mean ratio=0.014 | increase threshold=5.0 | decrease threshold=5.0 | action=increased
[ADMM RHO BOYD] V | r=1.088433e+00 | s=8.006696e-03 | eps_pri=3.319285e-03 | eps_dual=2.947394e-04 | primal_ratio=3.279120e+02 | dual_ratio=2.716534e+01 | dual_ratio_balance=2.716534e+01 | rho_before=7.700000e-03 | rho_after=1.155000e-02 | gamma_before=0.000000e+00 | gamma_after=0.000000e+00 | action=increased
[ADMM RHO] PF | primal max ratio=35.257 | primal mean ratio=143.445 | primal selected=143.445 | dual mean ratio=3.463 | increase threshold=5.0 | decrease threshold=3.0 | action=held
[ADMM RHO BOYD] PF | r=6.646959e+00 | s=2.030265e+00 | eps_pri=1.619328e-03 | eps_dual=4.210232e-04 | primal_ratio=4.104763e+03 | dual_ratio=4.822216e+03 | dual_ratio_balance=4.822216e+03 | rho_before=1.980000e-01 | rho_after=1.980000e-01 | gamma_before=0.000000e+00 | gamma_after=0.000000e+00 | action=held
[ADMM RHO] ESS | primal max ratio=0.000 | primal mean ratio=0.000 | primal selected=0.000 | dual mean ratio=0.000 | increase threshold=5.0 | decrease threshold=5.0 | action=exempt (fixed)
[ADMM RHO BOYD] ESS | r=1.780106e-24 | s=1.258725e-26 | eps_pri=7.200000e-04 | eps_dual=7.200000e-04 | primal_ratio=2.472370e-21 | dual_ratio=1.748230e-23 | dual_ratio_balance=1.748230e-23 | rho_before=1.000000e-02 | rho_after=1.000000e-02 | gamma_before=0.000000e+00 | gamma_after=0.000000e+00 | action=exempt (fixed)
[INFO]		 - ADMM cycle 1 | Primal (V max/mean | PF max/mean | ESS max/mean) = 0.088449/0.032666 | 0.352573/0.143445 | 0.000000/0.000000 | Dual (V max/mean | PF max/mean | ESS max/mean) = 0.000655/0.000138 | 0.128943/0.034626 | 0.000000/0.000000 | Recourse change = N/A (tol. N/A) | Stable cycles = 0/10 | Penalty actions (V/PF/ESS) = increased/held/exempt (fixed)
[INFO] 	 - Iteration 1: 25.00 s
[INFO] 	 - ADMM Iteration 2
[INFO] 		 - Updating distribution networks:
[INFO] 			 - Running SMOPF, Network case33_1, 2025, Spring...
[INFO] 			 - Running SMOPF, Network case33_1, 2025, Summer...
[INFO] 			 - Running SMOPF, Network case33_1, 2025, Autumn...
[INFO] 			 - Running SMOPF, Network case33_1, 2025, Winter...
[INFO] 			 - Running SMOPF, Network case33_1, 2030, Spring...
[INFO] 			 - Running SMOPF, Network case33_1, 2030, Summer...
[INFO] 			 - Running SMOPF, Network case33_1, 2030, Autumn...
[INFO] 			 - Running SMOPF, Network case33_1, 2030, Winter...
[INFO] 			 - Running SMOPF, Network case33_1, 2035, Spring...
[INFO] 			 - Running SMOPF, Network case33_1, 2035, Summer...
[INFO] 			 - Running SMOPF, Network case33_1, 2035, Autumn...
[INFO] 			 - Running SMOPF, Network case33_1, 2035, Winter...
[INFO] 			 - Running SMOPF, Network case33_2, 2025, Spring...
[INFO] 			 - Running SMOPF, Network case33_2, 2025, Summer...
[INFO] 			 - Running SMOPF, Network case33_2, 2025, Autumn...
[INFO] 			 - Running SMOPF, Network case33_2, 2025, Winter...
[INFO] 			 - Running SMOPF, Network case33_2, 2030, Spring...
[INFO] 			 - Running SMOPF, Network case33_2, 2030, Summer...
[INFO] 			 - Running SMOPF, Network case33_2, 2030, Autumn...
[INFO] 			 - Running SMOPF, Network case33_2, 2030, Winter...
[INFO] 			 - Running SMOPF, Network case33_2, 2035, Spring...
[INFO] 			 - Running SMOPF, Network case33_2, 2035, Summer...
[INFO] 			 - Running SMOPF, Network case33_2, 2035, Autumn...
[INFO] 			 - Running SMOPF, Network case33_2, 2035, Winter...
[INFO] 			 - Running SMOPF, Network case33_3, 2025, Spring...
[INFO] 			 - Running SMOPF, Network case33_3, 2025, Summer...
[INFO] 			 - Running SMOPF, Network case33_3, 2025, Autumn...
[INFO] 			 - Running SMOPF, Network case33_3, 2025, Winter...
[INFO] 			 - Running SMOPF, Network case33_3, 2030, Spring...
[INFO] 			 - Running SMOPF, Network case33_3, 2030, Summer...
[INFO] 			 - Running SMOPF, Network case33_3, 2030, Autumn...
[INFO] 			 - Running SMOPF, Network case33_3, 2030, Winter...
[INFO] 			 - Running SMOPF, Network case33_3, 2035, Spring...
[INFO] 			 - Running SMOPF, Network case33_3, 2035, Summer...
[INFO] 			 - Running SMOPF, Network case33_3, 2035, Autumn...
[INFO] 			 - Running SMOPF, Network case33_3, 2035, Winter...
[INFO] 		 - Updating transmission network...
[INFO] 			 - Running SMOPF, Network case9, 2025, Spring...
[INFO] 			 - Running SMOPF, Network case9, 2025, Summer...
[INFO] 			 - Running SMOPF, Network case9, 2025, Autumn...
[INFO] 			 - Running SMOPF, Network case9, 2025, Winter...
[INFO] 			 - Running SMOPF, Network case9, 2030, Spring...
[INFO] 			 - Running SMOPF, Network case9, 2030, Summer...
[INFO] 			 - Running SMOPF, Network case9, 2030, Autumn...
[INFO] 			 - Running SMOPF, Network case9, 2030, Winter...
[INFO] 			 - Running SMOPF, Network case9, 2035, Spring...
[INFO] 			 - Running SMOPF, Network case9, 2035, Summer...
[INFO] 			 - Running SMOPF, Network case9, 2035, Autumn...
[INFO] 			 - Running SMOPF, Network case9, 2035, Winter...
[TSO PROX] cycle=2 | updated_blocks=12 | held_failed_blocks=0 | V max=0.022653 | PF max=0.304608 | ESS max=0.000000
[TSO PROX][V MAX] node=5, year=2035, day=Summer, period=22 | dV=7.815191 kV | normalized=0.022653
[TSO PROX][PF MAX] node=5, year=2025, day=Spring, period=20, type=P | delta=60.921588 MW | normalized=0.304608
[TSO PROX][ESS MAX] node=5, year=2025, day=Spring, period=0, type=P | delta=0.000000 MW | normalized=0.000000
[INFO] 		 - Updating SharedESS...
[INFO] 		 - Running Shared ESS optimization (subproblem)...
[INFO] 			 - Node 5...
[INFO] Shared ESS complementarity diagnostics for ESS node=5: ratio_max=0.000000e+00 n_periods=0 mu_final=9.090909e-12 s_obj=1.000000e-01 eps=1.000000e-05 bound=0.000000e+00 measured=0.000000e+00
[INFO] 			 - Node 7...
[INFO] Shared ESS complementarity diagnostics for ESS node=7: ratio_max=0.000000e+00 n_periods=0 mu_final=9.090909e-12 s_obj=1.000000e-01 eps=1.000000e-05 bound=0.000000e+00 measured=0.000000e+00
[INFO] 			 - Node 9...
[INFO] Shared ESS complementarity diagnostics for ESS node=9: ratio_max=0.000000e+00 n_periods=0 mu_final=9.090909e-12 s_obj=1.000000e-01 eps=1.000000e-05 bound=0.000000e+00 measured=0.000000e+00
[DIAG][V MAX] node=9, year=2025, day=Spring, period=23 | TSO=362.303944 kV, DSO=379.499009 kV, diff=17.195064 kV, base=345.000000 kV, normalized=0.049841, rho(TSO/DSO)=0.011550/0.011550
[DIAG][PF MAX] node=5, year=2035, day=Spring, period=7, type=P | TSO=13.217601 MW, DSO=-25.615696 MW, diff=38.833297 MW, rating=200.000000 MVA, normalized=0.194166, rho(TSO/DSO)=0.198000/0.198000
[INFO]		 - interface Vmag max primal residual failed. 0.049841 > 0.010000
[INFO]		 - interface Vmag mean primal residual failed. 0.015842 > 0.001000
[INFO]		 - interface PF max primal residual failed. 0.194166 > 0.010000
[INFO]		 - interface PF mean primal residual failed. 0.003147 > 0.001000
[INFO]		 - interface PF mean dual residual failed. 0.016445 > 0.010000
[RECOURSE JUMP] cycle=2 | abs_change=8.471666e+08 | tol=1.589761e+05 | signed_change=-8.471666e+08
[RECOURSE JUMP] Reconciliation | previous=1.589761e+09 | current=7.425948e+08 | block_delta=-8.471666e+08 | mismatch=+0.000000e+00
[RECOURSE JUMP] Aggregate signed changes:
  TSO | delta=-7.796500e+08
  DSO node=5 | delta=-3.072700e+07
  DSO node=9 | delta=-2.412628e+07
  DSO node=7 | delta=-1.266338e+07
  SALVAGE | delta=+0.000000e+00
[RECOURSE JUMP] Largest 10 block changes:
  TSO node=None year=2025 day=Spring | previous=1.523589e+08 | current=5.327489e+07 | delta=-9.908403e+07 | abs_delta=9.908403e+07
    [RECOURSE JUMP][TSO PROX] year=2025 day=Spring | V max=0.013686 | PF max=0.304608 | ESS max=0.000000
    [RECOURSE COMPONENTS] gen=-9.908403e+07 | flex=+0.000000e+00 | load_curt=+0.000000e+00 | res_curt=+0.000000e+00 | ess_usage=+0.000000e+00 | slacks=+1.299799e-08 | ess_comp=+0.000000e+00
    [SLACK COMPONENTS] voltage=+1.299799e-08 | node_P=+0.000000e+00 | node_Q=+0.000000e+00 | branch_ij=+0.000000e+00 | branch_ji=+0.000000e+00 | flex_P=+0.000000e+00 | flex_Q=+0.000000e+00
    [SLACK COMPONENT CHECK] classified_delta=+1.299799e-08 | objective_slack_delta=+1.299799e-08 | mismatch=+0.000000e+00
    [RECOURSE COMPONENT CHECK] classified_delta=-9.908403e+07 | block_delta=-9.908403e+07 | mismatch=-1.490116e-08
  TSO node=None year=2035 day=Spring | previous=1.235469e+08 | current=3.749089e+07 | delta=-8.605599e+07 | abs_delta=8.605599e+07
    [RECOURSE JUMP][TSO PROX] year=2035 day=Spring | V max=0.018743 | PF max=0.260194 | ESS max=0.000000
    [RECOURSE COMPONENTS] gen=-8.605596e+07 | flex=+0.000000e+00 | load_curt=+0.000000e+00 | res_curt=+0.000000e+00 | ess_usage=+0.000000e+00 | slacks=-2.930081e+01 | ess_comp=+0.000000e+00
    [SLACK COMPONENTS] voltage=-2.930081e+01 | node_P=+0.000000e+00 | node_Q=+0.000000e+00 | branch_ij=+0.000000e+00 | branch_ji=+0.000000e+00 | flex_P=+0.000000e+00 | flex_Q=+0.000000e+00
    [SLACK COMPONENT CHECK] classified_delta=-2.930081e+01 | objective_slack_delta=-2.930081e+01 | mismatch=+0.000000e+00
    [RECOURSE COMPONENT CHECK] classified_delta=-8.605599e+07 | block_delta=-8.605599e+07 | mismatch=+1.490116e-08
  TSO node=None year=2025 day=Summer | previous=1.595305e+08 | current=7.411168e+07 | delta=-8.541877e+07 | abs_delta=8.541877e+07
    [RECOURSE JUMP][TSO PROX] year=2025 day=Summer | V max=0.011832 | PF max=0.303468 | ESS max=0.000000
    [RECOURSE COMPONENTS] gen=-8.541877e+07 | flex=+0.000000e+00 | load_curt=+0.000000e+00 | res_curt=+0.000000e+00 | ess_usage=+0.000000e+00 | slacks=+3.546014e-08 | ess_comp=+0.000000e+00
    [SLACK COMPONENTS] voltage=+3.546014e-08 | node_P=+0.000000e+00 | node_Q=+0.000000e+00 | branch_ij=+0.000000e+00 | branch_ji=+0.000000e+00 | flex_P=+0.000000e+00 | flex_Q=+0.000000e+00
    [SLACK COMPONENT CHECK] classified_delta=+3.546014e-08 | objective_slack_delta=+3.546014e-08 | mismatch=+0.000000e+00
    [RECOURSE COMPONENT CHECK] classified_delta=-8.541877e+07 | block_delta=-8.541877e+07 | mismatch=+1.490116e-08
  TSO node=None year=2025 day=Winter | previous=1.683899e+08 | current=8.439158e+07 | delta=-8.399830e+07 | abs_delta=8.399830e+07
    [RECOURSE JUMP][TSO PROX] year=2025 day=Winter | V max=0.014650 | PF max=0.211237 | ESS max=0.000000
    [RECOURSE COMPONENTS] gen=-8.399830e+07 | flex=+0.000000e+00 | load_curt=+0.000000e+00 | res_curt=+0.000000e+00 | ess_usage=+0.000000e+00 | slacks=+7.248667e-08 | ess_comp=+0.000000e+00
    [SLACK COMPONENTS] voltage=+7.248667e-08 | node_P=+0.000000e+00 | node_Q=+0.000000e+00 | branch_ij=+0.000000e+00 | branch_ji=+0.000000e+00 | flex_P=+0.000000e+00 | flex_Q=+0.000000e+00
    [SLACK COMPONENT CHECK] classified_delta=+7.248667e-08 | objective_slack_delta=+7.248667e-08 | mismatch=+0.000000e+00
    [RECOURSE COMPONENT CHECK] classified_delta=-8.399830e+07 | block_delta=-8.399830e+07 | mismatch=+1.490116e-08
  TSO node=None year=2030 day=Spring | previous=1.119941e+08 | current=2.943040e+07 | delta=-8.256374e+07 | abs_delta=8.256374e+07
    [RECOURSE JUMP][TSO PROX] year=2030 day=Spring | V max=0.012808 | PF max=0.255219 | ESS max=0.000000
    [RECOURSE COMPONENTS] gen=-8.256374e+07 | flex=+0.000000e+00 | load_curt=+0.000000e+00 | res_curt=+0.000000e+00 | ess_usage=+0.000000e+00 | slacks=-2.449667e-09 | ess_comp=+0.000000e+00
    [SLACK COMPONENTS] voltage=-2.449667e-09 | node_P=+0.000000e+00 | node_Q=+0.000000e+00 | branch_ij=+0.000000e+00 | branch_ji=+0.000000e+00 | flex_P=+0.000000e+00 | flex_Q=+0.000000e+00
    [SLACK COMPONENT CHECK] classified_delta=-2.449667e-09 | objective_slack_delta=-2.449667e-09 | mismatch=+0.000000e+00
    [RECOURSE COMPONENT CHECK] classified_delta=-8.256374e+07 | block_delta=-8.256374e+07 | mismatch=-1.490116e-08
  TSO node=None year=2025 day=Autumn | previous=1.534750e+08 | current=7.820262e+07 | delta=-7.527238e+07 | abs_delta=7.527238e+07
    [RECOURSE JUMP][TSO PROX] year=2025 day=Autumn | V max=0.019378 | PF max=0.221636 | ESS max=0.000000
    [RECOURSE COMPONENTS] gen=-7.527238e+07 | flex=+0.000000e+00 | load_curt=+0.000000e+00 | res_curt=+0.000000e+00 | ess_usage=+0.000000e+00 | slacks=+6.471409e-08 | ess_comp=+0.000000e+00
    [SLACK COMPONENTS] voltage=+6.471409e-08 | node_P=+0.000000e+00 | node_Q=+0.000000e+00 | branch_ij=+0.000000e+00 | branch_ji=+0.000000e+00 | flex_P=+0.000000e+00 | flex_Q=+0.000000e+00
    [SLACK COMPONENT CHECK] classified_delta=+6.471409e-08 | objective_slack_delta=+6.471409e-08 | mismatch=+0.000000e+00
    [RECOURSE COMPONENT CHECK] classified_delta=-7.527238e+07 | block_delta=-7.527238e+07 | mismatch=-1.490116e-08
  TSO node=None year=2030 day=Summer | previous=1.156734e+08 | current=5.122528e+07 | delta=-6.444815e+07 | abs_delta=6.444815e+07
    [RECOURSE JUMP][TSO PROX] year=2030 day=Summer | V max=0.012823 | PF max=0.220611 | ESS max=0.000000
    [RECOURSE COMPONENTS] gen=-6.444815e+07 | flex=+0.000000e+00 | load_curt=+0.000000e+00 | res_curt=+0.000000e+00 | ess_usage=+0.000000e+00 | slacks=+1.137240e-08 | ess_comp=+0.000000e+00
    [SLACK COMPONENTS] voltage=+1.137240e-08 | node_P=+0.000000e+00 | node_Q=+0.000000e+00 | branch_ij=+0.000000e+00 | branch_ji=+0.000000e+00 | flex_P=+0.000000e+00 | flex_Q=+0.000000e+00
    [SLACK COMPONENT CHECK] classified_delta=+1.137240e-08 | objective_slack_delta=+1.137240e-08 | mismatch=+0.000000e+00
    [RECOURSE COMPONENT CHECK] classified_delta=-6.444815e+07 | block_delta=-6.444815e+07 | mismatch=+0.000000e+00
  TSO node=None year=2035 day=Summer | previous=1.105365e+08 | current=4.672710e+07 | delta=-6.380939e+07 | abs_delta=6.380939e+07
    [RECOURSE JUMP][TSO PROX] year=2035 day=Summer | V max=0.022653 | PF max=0.267253 | ESS max=0.000000
    [RECOURSE COMPONENTS] gen=-6.380942e+07 | flex=+0.000000e+00 | load_curt=+0.000000e+00 | res_curt=+0.000000e+00 | ess_usage=+0.000000e+00 | slacks=+2.898233e+01 | ess_comp=+0.000000e+00
    [SLACK COMPONENTS] voltage=+2.898233e+01 | node_P=+0.000000e+00 | node_Q=+0.000000e+00 | branch_ij=+0.000000e+00 | branch_ji=+0.000000e+00 | flex_P=+0.000000e+00 | flex_Q=+0.000000e+00
    [SLACK COMPONENT CHECK] classified_delta=+2.898233e+01 | objective_slack_delta=+2.898233e+01 | mismatch=+0.000000e+00
    [RECOURSE COMPONENT CHECK] classified_delta=-6.380939e+07 | block_delta=-6.380939e+07 | mismatch=+7.450581e-09
  TSO node=None year=2030 day=Winter | previous=8.218303e+07 | current=3.863041e+07 | delta=-4.355262e+07 | abs_delta=4.355262e+07
    [RECOURSE JUMP][TSO PROX] year=2030 day=Winter | V max=0.014630 | PF max=0.154179 | ESS max=0.000000
    [RECOURSE COMPONENTS] gen=-4.355259e+07 | flex=+0.000000e+00 | load_curt=+0.000000e+00 | res_curt=-0.000000e+00 | ess_usage=+0.000000e+00 | slacks=-3.199883e+01 | ess_comp=+0.000000e+00
    [SLACK COMPONENTS] voltage=-3.199883e+01 | node_P=+0.000000e+00 | node_Q=+0.000000e+00 | branch_ij=+0.000000e+00 | branch_ji=+0.000000e+00 | flex_P=+0.000000e+00 | flex_Q=+0.000000e+00
    [SLACK COMPONENT CHECK] classified_delta=-3.199883e+01 | objective_slack_delta=-3.199883e+01 | mismatch=+0.000000e+00
    [RECOURSE COMPONENT CHECK] classified_delta=-4.355262e+07 | block_delta=-4.355262e+07 | mismatch=+7.450581e-09
  TSO node=None year=2035 day=Winter | previous=7.436684e+07 | current=3.713130e+07 | delta=-3.723554e+07 | abs_delta=3.723554e+07
    [RECOURSE JUMP][TSO PROX] year=2035 day=Winter | V max=0.016242 | PF max=0.128499 | ESS max=0.000000
    [RECOURSE COMPONENTS] gen=-3.723557e+07 | flex=+0.000000e+00 | load_curt=+0.000000e+00 | res_curt=+0.000000e+00 | ess_usage=+0.000000e+00 | slacks=+2.898233e+01 | ess_comp=+0.000000e+00
    [SLACK COMPONENTS] voltage=+2.898233e+01 | node_P=+0.000000e+00 | node_Q=+0.000000e+00 | branch_ij=+0.000000e+00 | branch_ji=+0.000000e+00 | flex_P=+0.000000e+00 | flex_Q=+0.000000e+00
    [SLACK COMPONENT CHECK] classified_delta=+2.898233e+01 | objective_slack_delta=+2.898233e+01 | mismatch=+0.000000e+00
    [RECOURSE COMPONENT CHECK] classified_delta=-3.723554e+07 | block_delta=-3.723554e+07 | mismatch=-7.450581e-09
[INFO]		 - Recourse stationarity failed. 847166607.152187 > 158976.137934
[ADMM RHO] V | primal max ratio=4.984 | primal mean ratio=15.842 | primal selected=15.842 | dual mean ratio=0.034 | increase threshold=5.0 | decrease threshold=5.0 | action=increased
[ADMM RHO BOYD] V | r=5.940049e-01 | s=2.497348e-03 | eps_pri=3.378894e-03 | eps_dual=2.941896e-04 | primal_ratio=1.757986e+02 | dual_ratio=8.488904e+00 | dual_ratio_balance=8.488904e+00 | rho_before=1.155000e-02 | rho_after=1.732500e-02 | gamma_before=0.000000e+00 | gamma_after=0.000000e+00 | action=increased
[ADMM RHO] PF | primal max ratio=19.417 | primal mean ratio=3.147 | primal selected=19.417 | dual mean ratio=1.644 | increase threshold=5.0 | decrease threshold=3.0 | action=decreased
[ADMM RHO BOYD] PF | r=4.645373e-01 | s=8.825227e-01 | eps_pri=1.291162e-03 | eps_dual=4.246751e-04 | primal_ratio=3.597823e+02 | dual_ratio=2.078113e+03 | dual_ratio_balance=2.078113e+03 | rho_before=1.980000e-01 | rho_after=1.320000e-01 | gamma_before=0.000000e+00 | gamma_after=0.000000e+00 | action=decreased
[ADMM RHO] ESS | primal max ratio=0.000 | primal mean ratio=0.000 | primal selected=0.000 | dual mean ratio=0.000 | increase threshold=5.0 | decrease threshold=5.0 | action=exempt (fixed)
[ADMM RHO BOYD] ESS | r=1.407112e-24 | s=2.637466e-27 | eps_pri=7.200000e-04 | eps_dual=7.200000e-04 | primal_ratio=1.954323e-21 | dual_ratio=3.663147e-24 | dual_ratio_balance=3.663147e-24 | rho_before=1.000000e-02 | rho_after=1.000000e-02 | gamma_before=0.000000e+00 | gamma_after=0.000000e+00 | action=exempt (fixed)
[INFO]		 - ADMM cycle 2 | Primal (V max/mean | PF max/mean | ESS max/mean) = 0.049841/0.015842 | 0.194166/0.003147 | 0.000000/0.000000 | Dual (V max/mean | PF max/mean | ESS max/mean) = 0.001274/0.000340 | 0.063939/0.016445 | 0.000000/0.000000 | Recourse change = 847166607.152187 (tol. 158976.137934) | Stable cycles = 0/10 | Penalty actions (V/PF/ESS) = increased/decreased/exempt (fixed)
[INFO] 	 - Iteration 2: 23.64 s
[WARNING] 	 - ADMM did NOT converge in 2 iterations!
[INFO] 	 - Execution time: 75.80 s
