19:17:57 d_c52e1670@v5: clean x-check True | V0 uncertified | A certified 139 [120, 139] | AB certified 150 [120, 150] | A_pairs certified 139 [120, 139] | A_f0 uncertified | AB==W141 V3_10 True
19:18:00 b_4649234b@v5: clean x-check True | V0 certified 148 [121, 148] | A certified 148 [121, 148] | AB certified 148 [121, 148] | A_pairs certified 148 [121, 148] | A_f0 certified 148 [121, 148] | AB==W141 V3_10 True
19:18:03 b_2a0ba8b2@v4: clean x-check True | V0 certified 173 [142, 173] | A certified 173 [142, 173] | AB certified 173 [142, 173] | A_pairs certified 173 [142, 173] | A_f0 certified 173 [142, 173] | AB==W141 V3_10 True
19:18:05 b_0dd237f0@v4: clean x-check True | V0 certified 173 [141, 173] | A certified 173 [141, 173] | AB certified 173 [141, 173] | A_pairs certified 173 [141, 173] | A_f0 certified 173 [141, 173] | AB==W141 V3_10 True
19:18:09 b_4649234b@v4: clean x-check True | V0 certified 148 [121, 148] | A certified 148 [121, 148] | AB certified 148 [121, 148] | A_pairs certified 148 [121, 148] | A_f0 certified 148 [121, 148] | AB==W141 V3_10 True
19:18:12 pb_y2030_n9: clean x-check True | V0 certified 192 [160, 192] | A certified 192 [160, 192] | AB certified 192 [160, 192] | A_pairs certified 192 [160, 192] | A_f0 certified 192 [160, 192] | AB==W141 V3_10 True
19:18:15 pb_y2030_n7: clean x-check True | V0 certified 195 [163, 195] | A certified 195 [163, 195] | AB certified 195 [163, 195] | A_pairs certified 195 [163, 195] | A_f0 certified 195 [163, 195] | AB==W141 V3_10 True
19:18:17 pb_y2025_n5: clean x-check True | V0 undecided | A undecided | AB undecided | A_pairs undecided | A_f0 undecided | AB==W141 V3_10 True
19:18:20 pb_y2030_n5: clean x-check True | V0 certified 182 [151, 182] | A certified 182 [151, 182] | AB certified 182 [151, 182] | A_pairs certified 182 [151, 182] | A_f0 certified 182 [151, 182] | AB==W141 V3_10 True
19:18:23 pb_y2025_n9: clean x-check True | V0 certified 174 [144, 174] | A certified 174 [144, 174] | AB certified 174 [144, 174] | A_pairs certified 174 [144, 174] | A_f0 certified 174 [144, 174] | AB==W141 V3_10 True
19:18:26 pb_y2025_n7: clean x-check True | V0 certified 172 [142, 172] | A certified 172 [142, 172] | AB certified 172 [142, 172] | A_pairs certified 172 [142, 172] | A_f0 certified 172 [142, 172] | AB==W141 V3_10 True
19:18:29 yl_y2030: clean x-check True | V0 certified 169 [138, 169] | A certified 169 [138, 169] | AB certified 169 [138, 169] | A_pairs certified 169 [138, 169] | A_f0 certified 169 [138, 169] | AB==W141 V3_10 True
19:18:31 yl_y2035: clean x-check True | V0 certified 167 [136, 167] | A certified 167 [136, 167] | AB certified 167 [136, 167] | A_pairs certified 167 [136, 167] | A_f0 certified 167 [136, 167] | AB==W141 V3_10 True
19:18:36 f2_challenger: clean x-check True | V0 uncertified | A uncertified | AB uncertified | A_pairs uncertified | A_f0 uncertified | AB==W141 V3_10 True
19:18:40 f2_incumbent: clean x-check True | V0 uncertified | A uncertified | AB uncertified | A_pairs uncertified | A_f0 uncertified | AB==W141 V3_10 True
19:18:43 x0: clean x-check True | V0 certified 181 [150, 181] | A certified 181 [150, 181] | AB certified 181 [150, 181] | A_pairs certified 181 [150, 181] | A_f0 certified 181 [150, 181] | AB==W141 V3_10 True
19:18:46 unit_n7_4h_e1: clean x-check True | V0 certified 172 [140, 172] | A certified 172 [140, 172] | AB certified 172 [140, 172] | A_pairs certified 172 [140, 172] | A_f0 certified 172 [140, 172] | AB==W141 V3_10 True
19:18:49 b_2a0ba8b2@v3: clean x-check True | V0 certified 173 [142, 173] | A certified 173 [142, 173] | AB certified 173 [142, 173] | A_pairs certified 173 [142, 173] | A_f0 certified 173 [142, 173] | AB==W141 V3_10 True
19:18:49 DECISION: v6 carries A_and_B; AB changes a committed certificate: []; A changes a committed certificate vs V0: []; changes on non-certificate records: [{'record': 'd_c52e1670@v5', 'V0': {'status': 'uncertified', 'k_star': None, 'window': None, 'branch': None}, 'A': {'status': 'certified', 'k_star': 139, 'window': [120, 139], 'branch': 'oscillatory'}, 'AB': {'status': 'certified', 'k_star': 150, 'window': [120, 150], 'branch': 'oscillatory'}}]
19:18:49 D V0: uncertified k* None window None W None band 5743.267048597336 range/tau None t_sum None T [[98, 'min', 653363574.1215132], [111, 'max', 653384276.850204], [112, 'min', 653384051.2060513], [113, 'max', 653384176.6157014], [127, 'min', 653372567.2488015], [139, 'max', 653375528.0133843]] A [20702.728690743446, 225.6441526412964, 125.40965008735657, 11609.366899967194, 2960.7645828723907] Q198-Qk* None
19:18:49 D A: certified k* 139 window [120, 139] W 20 band 4459.583585500717 range/tau 0.9824887653845032 t_sum -667.1919986784422 T [[98, 'min', 653363574.1215132], [111, 'max', 653384276.850204], [112, 'min', 653384051.2060513], [113, 'max', 653384176.6157014], [127, 'min', 653372567.2488015]] A [20702.728690743446, 225.6441526412964, 125.40965008735657, 11609.366899967194] Q198-Qk* -5743.267048597336
19:18:49 D AB: certified k* 150 window [120, 150] W 31 band 4459.583585500717 range/tau 0.9824887653845032 t_sum 1316.1434544128035 T [[98, 'min', 653363574.1215132], [111, 'max', 653384276.850204], [127, 'min', 653372567.2488015], [139, 'max', 653375528.0133843]] A [20702.728690743446, 11709.601402521133, 2960.7645828723907] Q198-Qk* -3543.1010434627533
19:18:49 D A_pairs: certified k* 139 window [120, 139] W 20 band 4459.583585500717 range/tau 0.9824887653845032 t_sum -667.1919986784422 T [[98, 'min', 653363574.1215132], [111, 'max', 653384276.850204], [112, 'min', 653384051.2060513], [113, 'max', 653384176.6157014], [127, 'min', 653372567.2488015]] A [20702.728690743446, 225.6441526412964, 125.40965008735657, 11609.366899967194] Q198-Qk* -5743.267048597336
19:18:49 self-tests pass True; all_clean x-check True; guards {'w142_floor_replay': [], 'w141_swing_variants': [], 'w139_v5_from_records': [], 'w131_imported': [], 'w137_ra_imported': [], 'w137_checks': [], 'w132_checks': [], 'w118_checks': [], 'w105_checks_imported': [], 'w101_checks_imported': [], 'w98_checks_imported': [], 'w112_imported': []}; pickle {'load': 0, 'loads': 0}; wall 57.7 s
