[INFO] Scenario random seed: 2026
[INFO] Reading MARKET DATA from file(s)...
[INFO] 	 - Generating market scenarios...
[INFO] 	 - Plotting market scenarios...
[INFO] Reading DISTRIBUTION NETWORK DATA from file(s)...
[INFO]	 - Generating load stochastic scenarios...
[INFO]	 - Generating RES generation stochastic scenarios...
[INFO]	 - Generating flexibility stochastic scenarios...
[INFO]	 - Plotting flexibility profiles...
[INFO]	 - Plotting load scenarios...
[INFO]	 - Plotting RES generation scenarios...
[INFO] Reading DISTRIBUTION NETWORK DATA from file(s)...
[INFO]	 - Generating load stochastic scenarios...
[INFO]	 - Generating RES generation stochastic scenarios...
[INFO]	 - Generating flexibility stochastic scenarios...
[INFO]	 - Plotting flexibility profiles...
[INFO]	 - Plotting load scenarios...
[INFO]	 - Plotting RES generation scenarios...
[INFO] Reading DISTRIBUTION NETWORK DATA from file(s)...
[INFO]	 - Generating load stochastic scenarios...
[INFO]	 - Generating RES generation stochastic scenarios...
[INFO]	 - Generating flexibility stochastic scenarios...
[INFO]	 - Plotting flexibility profiles...
[INFO]	 - Plotting load scenarios...
[INFO]	 - Plotting RES generation scenarios...
[INFO] Reading TRANSMISSION NETWORK DATA from file(s)...
[INFO]	 - Generating load stochastic scenarios...
[INFO]	 - Generating RES generation stochastic scenarios...
[INFO]	 - Generating flexibility stochastic scenarios...
[INFO]	 - Plotting flexibility profiles...
[INFO]	 - Plotting load scenarios...
[INFO]	 - Plotting RES generation scenarios...
[INFO] Scenario checksum: 0248a5c8710bdbdf047523ca036bd2f4639546aebf18fd08391a64b340a3b193
[INFO] Reading SHARED ESS DATA from file(s)...
[INFO] Reading PLANNING PARAMETERS from file...
[INFO] Scenario random seed: 2026
[INFO] Reading MARKET DATA from file(s)...
[INFO] 	 - Generating market scenarios...
[INFO] 	 - Plotting market scenarios...
[INFO] Reading DISTRIBUTION NETWORK DATA from file(s)...
[INFO]	 - Generating load stochastic scenarios...
[INFO]	 - Generating RES generation stochastic scenarios...
[INFO]	 - Generating flexibility stochastic scenarios...
[INFO]	 - Plotting flexibility profiles...
[INFO]	 - Plotting load scenarios...
[INFO]	 - Plotting RES generation scenarios...
[INFO] Reading DISTRIBUTION NETWORK DATA from file(s)...
[INFO]	 - Generating load stochastic scenarios...
[INFO]	 - Generating RES generation stochastic scenarios...
[INFO]	 - Generating flexibility stochastic scenarios...
[INFO]	 - Plotting flexibility profiles...
[INFO]	 - Plotting load scenarios...
[INFO]	 - Plotting RES generation scenarios...
[INFO] Reading DISTRIBUTION NETWORK DATA from file(s)...
[INFO]	 - Generating load stochastic scenarios...
[INFO]	 - Generating RES generation stochastic scenarios...
[INFO]	 - Generating flexibility stochastic scenarios...
[INFO]	 - Plotting flexibility profiles...
[INFO]	 - Plotting load scenarios...
[INFO]	 - Plotting RES generation scenarios...
[INFO] Reading TRANSMISSION NETWORK DATA from file(s)...
[INFO]	 - Generating load stochastic scenarios...
[INFO]	 - Generating RES generation stochastic scenarios...
[INFO]	 - Generating flexibility stochastic scenarios...
[INFO]	 - Plotting flexibility profiles...
[INFO]	 - Plotting load scenarios...
[INFO]	 - Plotting RES generation scenarios...
[INFO] Scenario checksum: 1e8bdd3e5233442a87fbe44b78281c8ae61b09c09700388fed20ab9684d18aef
[INFO] Reading SHARED ESS DATA from file(s)...
[INFO] Reading PLANNING PARAMETERS from file...
19:42:30 [W89-INSTANCE] P5.15 Addendum 46, W89 step 2 -- the 3 x 3 pair (x = 0 and the smallest node-7 unit) on the prefix-draw 3 x 3 instance under production + the tight tail {True, 1e-6}; certified-model persistence and concurrency decided by the declared memory rule
19:42:30 [W89-INSTANCE] wrote data/SRP1/Results/P515S53/w89_3x3/instance/SRP1__s53_3x3.json sha256 2a64e3c5bd06c30c8a015207f41b69257b001094cbd4b185a84394a6765c5871; scenario checksum 0248a5c8710bdbdf047523ca036bd2f4639546aebf18fd08391a64b340a3b193
19:42:30 [W89-INSTANCE] prefix on realized arrays: holds True (9040 arrays over 80 blocks, 0 mismatches; families {'cost_energy_p': 80, 'cost_flex': 80, 'gen.pg': 480, 'gen.qg': 480, 'load.flex_p_down': 1980, 'load.flex_p_up': 1980, 'load.pd': 1980, 'load.qd': 1980}); probabilities 1/3 True
19:42:30 [W89-INSTANCE] R recorded 0.9331 (W52 R_r2 0.933141801512231, rank 4 of 10; W52 selected [2, 3, 4])
19:42:30 [W89-INSTANCE] facts: B 80 solves/cycle 83 min pibar 8.8353
19:42:30 [W89-INSTANCE] I(x): {'x0': 0.0, 'n7_4h_e1': 317957.0085035586}
19:42:30 [W89-INSTANCE] checks {'years_as_paper': True, 'changes_only_scenario_counts_and_years': True, 'paper_case_rederives_byte_identical': True, 'paper_read_checksum_equals_committed': True, 'prefix_holds_on_realized_arrays': True, 'probabilities_one_third': True, 'B_equals_80': True, 'dso_tso_blocks': True, 'solves_per_cycle_83': True, 'no_premium_floor_needed': True, 'scenario_checksum_differs_from_5x5': True}
19:42:30 [W89-INSTANCE] wrote data/SRP1/Results/P515S53/w89_3x3/instance/instance_record.json sha256 a47dc358edc1a69279ddd1965a587efc2906eb6c770d336cb9c8f34227f910ea
19:42:30 [W89-3x3] guards {'alpha_row_launcher': {'counts': {'permitted_solve': 0, 'permitted_exec': 0, 'blocked_solve': 0, 'blocked_exec': 0}, 'verify_0_failures': []}, 'w86_launcher': {'counts': {'permitted_solve': 0, 'permitted_exec': 0, 'blocked_solve': 0, 'blocked_exec': 0}, 'verify_0_failures': []}, 'w87': {'counts': {'permitted_solve': 0, 'permitted_exec': 0, 'blocked_solve': 0, 'blocked_exec': 0}, 'verify_0_failures': []}, 'w88': {'counts': {'permitted_solve': 0, 'permitted_exec': 0, 'blocked_solve': 0, 'blocked_exec': 0}, 'verify_0_failures': []}, 'w89_step1': {'counts': {'permitted_solve': 0, 'permitted_exec': 0, 'blocked_solve': 0, 'blocked_exec': 0}, 'verify_0_failures': []}, 'w89_3x3_parent': {'counts': {'permitted_solve': 0, 'permitted_exec': 0, 'blocked_solve': 0, 'blocked_exec': 0}, 'verify_0_failures': []}} wall=26.9s
