19:44:54 [W89-PROBE-s53_3x3] start (launcher, harness and production modules imported): rss 0.208 GiB, ru_maxrss 0.208 GiB
[INFO] Scenario random seed: 2026
[INFO] Reading MARKET DATA from file(s)...
[INFO] 	 - Generating market scenarios...
[INFO] 	 - Plotting market scenarios...
[INFO] Reading DISTRIBUTION NETWORK DATA from file(s)...
[INFO]	 - Generating load stochastic scenarios...
[INFO]	 - Generating RES generation stochastic scenarios...
[INFO]	 - Generating flexibility stochastic scenarios...
[INFO]	 - Plotting flexibility profiles...
[INFO]	 - Plotting load scenarios...
[INFO]	 - Plotting RES generation scenarios...
[INFO] Reading DISTRIBUTION NETWORK DATA from file(s)...
[INFO]	 - Generating load stochastic scenarios...
[INFO]	 - Generating RES generation stochastic scenarios...
[INFO]	 - Generating flexibility stochastic scenarios...
[INFO]	 - Plotting flexibility profiles...
[INFO]	 - Plotting load scenarios...
[INFO]	 - Plotting RES generation scenarios...
[INFO] Reading DISTRIBUTION NETWORK DATA from file(s)...
[INFO]	 - Generating load stochastic scenarios...
[INFO]	 - Generating RES generation stochastic scenarios...
[INFO]	 - Generating flexibility stochastic scenarios...
[INFO]	 - Plotting flexibility profiles...
[INFO]	 - Plotting load scenarios...
[INFO]	 - Plotting RES generation scenarios...
[INFO] Reading TRANSMISSION NETWORK DATA from file(s)...
[INFO]	 - Generating load stochastic scenarios...
[INFO]	 - Generating RES generation stochastic scenarios...
[INFO]	 - Generating flexibility stochastic scenarios...
[INFO]	 - Plotting flexibility profiles...
[INFO]	 - Plotting load scenarios...
[INFO]	 - Plotting RES generation scenarios...
[INFO] Scenario checksum: 0248a5c8710bdbdf047523ca036bd2f4639546aebf18fd08391a64b340a3b193
[INFO] Reading SHARED ESS DATA from file(s)...
[INFO] Reading PLANNING PARAMETERS from file...
19:45:07 [W89-PROBE-s53_3x3] planning read (production reader): rss 0.445 GiB, ru_maxrss 0.445 GiB
[INFO] 		 - Distribution Network node 5...
[INFO] 		 - Distribution Network node 7...
[INFO] 		 - Distribution Network node 9...
[INFO] 		 - Transmission Network...
19:46:23 [W89-PROBE-s53_3x3] ADMM models built (network blocks + 3 ESSO; no pristine clones, no solver state): rss 6.926 GiB, ru_maxrss 6.926 GiB
19:48:18 [W89-PROBE-s53_3x3] certified-model pickle written (EF._persist_certified_models, the child post-certification callable): rss 8.166 GiB, ru_maxrss 12.195 GiB
19:48:18 [W89-PROBE-s53_3x3] 80 network blocks; models built rss 6.926 GiB (+6.481 over the read); pickle 1.430 GB, transient +5.269 GiB, retained +1.240 GiB; wrote data/SRP1/Results/P515S53/w89_3x3/memory_probe/memory_probe_s53_3x3.json sha256 c8561dfc50d5f5c6831513b288551801b0d8d972cc9f055934c2d80928f5a81d
19:48:18 [W89-3x3] guards {'alpha_row_launcher': {'counts': {'permitted_solve': 0, 'permitted_exec': 0, 'blocked_solve': 0, 'blocked_exec': 0}, 'verify_0_failures': []}, 'w86_launcher': {'counts': {'permitted_solve': 0, 'permitted_exec': 0, 'blocked_solve': 0, 'blocked_exec': 0}, 'verify_0_failures': []}, 'w87': {'counts': {'permitted_solve': 0, 'permitted_exec': 0, 'blocked_solve': 0, 'blocked_exec': 0}, 'verify_0_failures': []}, 'w88': {'counts': {'permitted_solve': 0, 'permitted_exec': 0, 'blocked_solve': 0, 'blocked_exec': 0}, 'verify_0_failures': []}, 'w89_step1': {'counts': {'permitted_solve': 0, 'permitted_exec': 0, 'blocked_solve': 0, 'blocked_exec': 0}, 'verify_0_failures': []}, 'w89_3x3_parent': {'counts': {'permitted_solve': 0, 'permitted_exec': 0, 'blocked_solve': 0, 'blocked_exec': 0}, 'verify_0_failures': []}} wall=205.3s
