All variables are granular. MAX_EVAL is set to 218700 to prevent algorithm from circling around best solution indefinitely
BBE ( SOL ) OBJ CONS_H FRAME_SIZE MESH_SIZE
1	(   4   8   4   8   4   8   0 )	4800   0  
2	(   0   9   3   9   3   9   0 )	   0 inf   5   5   5   5   5   5   5   1   1   1   1   1   1   1
3	(   3   7   0   6   5   7   2 )	   0 inf   5   5   5   5   5   5   5   1   1   1   1   1   1   1
4	(   3  10   5   6   5   7   2 )	   0 inf   5   5   5   5   5   5   5   1   1   1   1   1   1   1
5	(   5   3   3  10   3   9   0 )	   0 inf   5   5   5   5   5   5   5   1   1   1   1   1   1   1
6	(   5   9   3  10   9   9   0 )	   0 inf   5   5   5   5   5   5   5   1   1   1   1   1   1   1
7	(   5   9   9  10   3   9   0 )	   0 inf   5   5   5   5   5   5   5   1   1   1   1   1   1   1
8	(   9   7   5   7   5   7   2 )	   0 inf   5   5   5   5   5   5   5   1   1   1   1   1   1   1
9	(   2  10   4   6   0   7   0 )	   0 inf   5   5   5   5   5   5   5   1   1   1   1   1   1   1
10	(   3   8   3  10   4   8   0 )	   0 inf   2   2   2   2   2   2   2   1   1   1   1   1   1   1
11	(   3   8   6   8   4   8   0 )	   0 inf   2   2   2   2   2   2   2   1   1   1   1   1   1   1
12	(   4   8   4   8   4  10   0 )	   0 inf   2   2   2   2   2   2   2   1   1   1   1   1   1   1
13	(   4   8   4   8   6   8   0 )	5000   0   2   2   2   2   2   2   2   1   1   1   1   1   1   1
14	(   4  10   4   8   4   8   0 )	   0 inf   2   2   2   2   2   2   2   1   1   1   1   1   1   1
15	(   5   8   5   6   4   8   1 )	3760   0   2   2   2   2   2   2   2   1   1   1   1   1   1   1
16	(   6   8   5   9   4   8   1 )	4200   0   2   2   2   2   2   2   2   1   1   1   1   1   1   1
17	(   3   8   5   1   4   9   2 )	   0 inf   5   2   5   5   2   2   5   1   1   1   1   1   1   1
18	(   3   8   6   4   3   6   0 )	   0 inf   5   2   5   5   2   2   5   1   1   1   1   1   1   1
19	(   4   8  10   6   4   8   1 )	   0 inf   5   2   5   5   2   2   5   1   1   1   1   1   1   1
20	(   5  10   5   6   4   8   1 )	4000   0   5   2   5   5   2   2   5   1   1   1   1   1   1   1
21	(   7   8   5   5   4   7   2 )	2940   0   5   2   5   5   2   2   5   1   1   1   1   1   1   1
22	(   8   8   6   5   6   7   0 )	   0 inf   5   2   5   5   2   2   5   1   1   1   1   1   1   1
23	(  10   8   6   4   3   9   0 )	   0 inf   5   2   5   5   2   2   5   1   1   1   1   1   1   1
24	(   7   8   5   5   6   7   2 )	3070   0  10   2   5  10   2   5  10   1   1   1   1   1   1   1
25	(   8  10   5   6   4   7   2 )	3290   0  10   2   5  10   2   5  10   1   1   1   1   1   1   1
26	(   9   8   4   7   4   2   2 )	   0 inf  10   2   5  10   2   5  10   1   1   1   1   1   1   1
27	(  10   8   3   0   4   8   2 )	   0 inf  10   2   5  10   2   5  10   1   1   1   1   1   1   1
28	(  10   8   3  10   4   8   0 )	   0 inf  10   2   5  10   2   5  10   1   1   1   1   1   1   1
29	(  10   8   8   0   4   5   0 )	   0 inf  10   2   5  10   2   5  10   1   1   1   1   1   1   1
30	(  10   8  10   8   4   8   2 )	   0 inf  10   2   5  10   2   5  10   1   1   1   1   1   1   1
31	(   0   6   2   4   2  10   2 )	   0 inf  10   2   5  10   2   5  10   1   1   1   1   1   1   1
32	(   7   8   3   5   4   7   2 )	2810   0   5   1   2   5   1   2   5   1   1   1   1   1   1   1
33	(   7   8   5   0   4   7   1 )	   0 inf   5   1   2   5   1   2   5   1   1   1   1   1   1   1
34	(   7   8   5   5   4   5   1 )	3440   0   5   1   2   5   1   2   5   1   1   1   1   1   1   1
35	(   7   9   5   5   4   7   2 )	3035   0   5   1   2   5   1   2   5   1   1   1   1   1   1   1
36	(   8   8   5   4   5   7   0 )	   0 inf   5   1   2   5   1   2   5   1   1   1   1   1   1   1
37	(   9   8   6   3   4   6   2 )	   0 inf   5   1   2   5   1   2   5   1   1   1   1   1   1   1
38	(  10   8   5   5   4   7   1 )	   0 inf   5   1   2   5   1   2   5   1   1   1   1   1   1   1
39	(   7   7   2   0   4   8   2 )	   0 inf   5   1   5   5   1   2   5   1   1   1   1   1   1   1
40	(   7   7   3   7   4   7   0 )	   0 inf   5   1   5   5   1   2   5   1   1   1   1   1   1   1

BBE ( SOL ) OBJ CONS_H FRAME_SIZE MESH_SIZE
41	(   7   8   0   5   4   7   1 )	   0 inf   5   1   5   5   1   2   5   1   1   1   1   1   1   1
42	(   7   8   3   5   5   7   1 )	3600   0   5   1   5   5   1   2   5   1   1   1   1   1   1   1
43	(   7   8   3  10   4   7   2 )	   0 inf   5   1   5   5   1   2   5   1   1   1   1   1   1   1
44	(   7   9   3   3   4   7   2 )	2715   0   5   1   5   5   1   2   5   1   1   1   1   1   1   1
45	(  10   8   3   5   4   7   2 )	   0 inf   5   1   5   5   1   2   5   1   1   1   1   1   1   1
46	(   3  10   4   0   4   6   0 )	   0 inf   5   2   5  10   1   2   5   1   1   1   1   1   1   1
47	(   5   7   4   0   4   9   0 )	   0 inf   5   2   5  10   1   2   5   1   1   1   1   1   1   1
48	(   5  10   4   0   4   9   2 )	   0 inf   5   2   5  10   1   2   5   1   1   1   1   1   1   1
49	(   7   9   0   2   4   7   2 )	   0 inf   5   2   5  10   1   2   5   1   1   1   1   1   1   1
50	(   7   9   3   3   5   7   2 )	2780   0   5   2   5  10   1   2   5   1   1   1   1   1   1   1
51	(   9   8   2   0   4   6   2 )	   0 inf   5   2   5  10   1   2   5   1   1   1   1   1   1   1
52	(  10  10   3   0   4   8   0 )	   0 inf   5   2   5  10   1   2   5   1   1   1   1   1   1   1
53	(  10   9   4  10   3   4   2 )	   0 inf   5   2   5  10   1   2   5   1   1   1   1   1   1   1
54	(   6   9   2   0   4   6   2 )	   0 inf   2   1   2   5   1   1   2   1   1   1   1   1   1   1
55	(   6  10   3   0   4   7   2 )	   0 inf   2   1   2   5   1   1   2   1   1   1   1   1   1   1
56	(   7   9   3   1   3   7   2 )	   0 inf   2   1   2   5   1   1   2   1   1   1   1   1   1   1
57	(   7   9   3   3   4   7   0 )	4250   0   2   1   2   5   1   1   2   1   1   1   1   1   1   1
58	(   7   9   5   1   4   7   2 )	   0 inf   2   1   2   5   1   1   2   1   1   1   1   1   1   1
59	(   9   9   2   0   4   7   2 )	   0 inf   2   1   2   5   1   1   2   1   1   1   1   1   1   1
60	(   9  10   4   3   3   6   2 )	   0 inf   2   1   2   5   1   1   2   1   1   1   1   1   1   1
61	(   5   7   2  10   6   9   2 )	   0 inf   2   1   2   5   1   1   2   1   1   1   1   1   1   1
62	(   6   9   3   2   4   7   2 )	   0 inf   1   1   1   2   1   1   1   1   1   1   1   1   1   1
63	(   7   9   3   1   4   7   2 )	   0 inf   1   1   1   2   1   1   1   1   1   1   1   1   1   1
64	(   7   9   3   2   3   7   2 )	   0 inf   1   1   1   2   1   1   1   1   1   1   1   1   1   1
65	(   7   9   3   3   4   7   1 )	3400   0   1   1   1   2   1   1   1   1   1   1   1   1   1   1
66	(   7   9   3   3   4   8   2 )	2810   0   1   1   1   2   1   1   1   1   1   1   1   1   1   1
67	(   7   9   4   3   5   7   2 )	   0 inf   1   1   1   2   1   1   1   1   1   1   1   1   1   1
68	(   7  10   3   3   4   7   2 )	2810   0   1   1   1   2   1   1   1   1   1   1   1   1   1   1
69	(   8   8   2   7   4   6   2 )	   0 inf   1   1   1   2   1   1   1   1   1   1   1   1   1   1
70	(   6   9   2   3   4   7   1 )	3240   0   1   1   1   1   1   1   1   1   1   1   1   1   1   1
71	(   7   8   3   3   4   7   2 )	2620   0   1   1   1   1   1   1   1   1   1   1   1   1   1   1
72	(   7   9   2   3   3   7   2 )	   0 inf   1   1   1   1   1   1   1   1   1   1   1   1   1   1
73	(   7   9   3   2   4   7   2 )	   0 inf   1   1   1   1   1   1   1   1   1   1   1   1   1   1
74	(   7   9   3   3   4   6   2 )	2620   0   1   1   1   1   1   1   1   1   1   1   1   1   1   1
75	(   8   9   3   3   5   7   2 )	2845   0   1   1   1   1   1   1   1   1   1   1   1   1   1   1
76	(   8   9   4   3   4   7   2 )	   0 inf   1   1   1   1   1   1   1   1   1   1   1   1   1   1
77	(   6   7   3   3   4   6   1 )	2960   0   1   2   1   1   1   1   1   1   1   1   1   1   1   1
78	(   7   6   3   3   4   8   2 )	   0 inf   1   2   1   1   1   1   1   1   1   1   1   1   1   1
79	(   7   8   3   3   5   7   2 )	2685   0   1   2   1   1   1   1   1   1   1   1   1   1   1   1
80	(   7   8   3   4   4   7   2 )	2715   0   1   2   1   1   1   1   1   1   1   1   1   1   1   1

BBE ( SOL ) OBJ CONS_H FRAME_SIZE MESH_SIZE
81	(   7   8   4   3   4   7   2 )	   0 inf   1   2   1   1   1   1   1   1   1   1   1   1   1   1
82	(   8   6   3   3   4   7   1 )	   0 inf   1   2   1   1   1   1   1   1   1   1   1   1   1   1
83	(   8   7   3   3   4   6   2 )	   0 inf   1   2   1   1   1   1   1   1   1   1   1   1   1   1
84	(   6  10   2   2   3   8   2 )	   0 inf   1   2   1   1   1   1   1   1   1   1   1   1   1   1
85	(   7   7   3   3   4   7   2 )	2525   0   1   1   1   1   1   1   1   1   1   1   1   1   1   1
86	(   7   8   2   3   3   8   2 )	   0 inf   1   1   1   1   1   1   1   1   1   1   1   1   1   1
87	(   7   8   2   3   4   7   2 )	2555   0   1   1   1   1   1   1   1   1   1   1   1   1   1   1
88	(   7   8   3   2   4   7   2 )	   0 inf   1   1   1   1   1   1   1   1   1   1   1   1   1   1
89	(   7   8   3   3   3   6   2 )	2460   0   1   1   1   1   1   1   1   1   1   1   1   1   1   1
90	(   7   8   3   3   5   8   1 )	3480   0   1   1   1   1   1   1   1   1   1   1   1   1   1   1
91	(   8   8   3   3   4   7   2 )	2685   0   1   1   1   1   1   1   1   1   1   1   1   1   1   1
92	(   6   8   3   3   3   5   2 )	2300   0   1   1   1   1   2   2   1   1   1   1   1   1   1   1
93	(   7   8   3   2   3   5   2 )	   0 inf   1   1   1   1   2   2   1   1   1   1   1   1   1   1
94	(   7   8   3   3   1   6   2 )	   0 inf   1   1   1   1   2   2   1   1   1   1   1   1   1   1
95	(   7   8   3   3   3   6   1 )	3080   0   1   1   1   1   2   2   1   1   1   1   1   1   1   1
96	(   7   8   4   3   3   4   2 )	   0 inf   1   1   1   1   2   2   1   1   1   1   1   1   1   1
97	(   7   9   3   3   3   5   2 )	2460   0   1   1   1   1   2   2   1   1   1   1   1   1   1   1
98	(   8   8   2   4   3   5   2 )	2460   0   1   1   1   1   2   2   1   1   1   1   1   1   1   1
99	(   4   7   3   2   5   3   2 )	   0 inf   2   1   1   1   2   5   1   1   1   1   1   1   1   1
100	(   4   7   3   4   2   3   2 )	1915   0   2   1   1   1   2   5   1   1   1   1   1   1   1   1
101	(   5   8   3   3   4   4   1 )	2760   0   2   1   1   1   2   5   1   1   1   1   1   1   1   1
102	(   5   9   3   3   4   4   2 )	2300   0   2   1   1   1   2   5   1   1   1   1   1   1   1   1
103	(   6   8   3   3   2   0   2 )	   0 inf   2   1   1   1   2   5   1   1   1   1   1   1   1   1
104	(   6   8   4   3   3   5   2 )	   0 inf   2   1   1   1   2   5   1   1   1   1   1   1   1   1
105	(   8   8   3   4   5   3   2 )	   0 inf   2   1   1   1   2   5   1   1   1   1   1   1   1   1
106	(   0   7   2   5   5   2   1 )	   0 inf   5   2   1   2   5  10   1   1   1   1   1   1   1   1
107	(   0   8   3   4   1   3   2 )	   0 inf   5   2   1   2   5  10   1   1   1   1   1   1   1   1
108	(   2   5   4   4   3   3   2 )	   0 inf   5   2   1   2   5  10   1   1   1   1   1   1   1   1
109	(   3   6   3   2   2   3   2 )	   0 inf   5   2   1   2   5  10   1   1   1   1   1   1   1   1
110	(   3   6   3   4   0   3   2 )	   0 inf   5   2   1   2   5  10   1   1   1   1   1   1   1   1
111	(   3   6   3   4   3   3   2 )	1820   0   5   2   1   2   5  10   1   1   1   1   1   1   1   1
112	(   4   7   3   4   2   0   2 )	   0 inf   5   2   1   2   5  10   1   1   1   1   1   1   1   1
113	(   0   1   4   3   4  10   2 )	   0 inf  10   5   1   2  10  10   1   1   1   1   1   1   1   1
114	(   0   2   2   4   4   0   2 )	   0 inf  10   5   1   2  10  10   1   1   1   1   1   1   1   1
115	(   0   3   4   4   4   0   1 )	   0 inf  10   5   1   2  10  10   1   1   1   1   1   1   1   1
116	(   0   8   3   4   3   6   2 )	   0 inf  10   5   1   2  10  10   1   1   1   1   1   1   1   1
117	(   0  10   4   3   5   0   2 )	   0 inf  10   5   1   2  10  10   1   1   1   1   1   1   1   1
118	(   2   5   3   6   3   1   2 )	   0 inf  10   5   1   2  10  10   1   1   1   1   1   1   1   1
119	(   3   6   3   4  10   4   2 )	   0 inf  10   5   1   2  10  10   1   1   1   1   1   1   1   1
120	(  10  10   1   4   0   3   2 )	   0 inf  10   5   1   2  10  10   1   1   1   1   1   1   1   1

BBE ( SOL ) OBJ CONS_H FRAME_SIZE MESH_SIZE
121	(   0   6   3   3   4   1   1 )	   0 inf   5   2   1   1   5   5   1   1   1   1   1   1   1   1
122	(   0   6   3   4   6   0   2 )	   0 inf   5   2   1   1   5   5   1   1   1   1   1   1   1   1
123	(   0   6   3   5   2   5   2 )	   0 inf   5   2   1   1   5   5   1   1   1   1   1   1   1   1
124	(   1   6   3   3   4   8   2 )	   0 inf   5   2   1   1   5   5   1   1   1   1   1   1   1   1
125	(   3   4   3   4   3   3   2 )	1630   0   5   2   1   1   5   5   1   1   1   1   1   1   1   1
126	(   3   6   4   4   3   3   2 )	1885   0   5   2   1   1   5   5   1   1   1   1   1   1   1   1
127	(   4   6   3   4   8   4   2 )	   0 inf   5   2   1   1   5   5   1   1   1   1   1   1   1   1
128	(   0   0   3   5   2   0   2 )	   0 inf   5   5   1   1   5   5   1   1   1   1   1   1   1   1
129	(   0   2   3   3   4   7   2 )	   0 inf   5   5   1   1   5   5   1   1   1   1   1   1   1   1
130	(   3   4   3   4   3   3   1 )	2040   0   5   5   1   1   5   5   1   1   1   1   1   1   1   1
131	(   4   3   2   4   3   4   2 )	   0 inf   5   5   1   1   5   5   1   1   1   1   1   1   1   1
132	(   4   3   3   4   0   4   2 )	   0 inf   5   5   1   1   5   5   1   1   1   1   1   1   1   1
133	(   6   1   3   5   4   8   2 )	   0 inf   5   5   1   1   5   5   1   1   1   1   1   1   1   1
134	(   8   0   3   3   4   2   2 )	   0 inf   5   5   1   1   5   5   1   1   1   1   1   1   1   1
135	(   0  10   4   4   4   0   2 )	   0 inf   5   5   1   1   5   5   1   1   1   1   1   1   1   1
136	(   1   4   3   4   3   3   1 )	   0 inf   2   2   1   1   2   2   1   1   1   1   1   1   1   1
137	(   3   2   3   4   3   3   2 )	   0 inf   2   2   1   1   2   2   1   1   1   1   1   1   1   1
138	(   3   4   3   4   5   3   2 )	   0 inf   2   2   1   1   2   2   1   1   1   1   1   1   1   1
139	(   3   4   3   5   3   3   2 )	1725   0   2   2   1   1   2   2   1   1   1   1   1   1   1   1
140	(   3   4   4   4   3   3   2 )	1695   0   2   2   1   1   2   2   1   1   1   1   1   1   1   1
141	(   5   3   4   3   4   4   1 )	   0 inf   2   2   1   1   2   2   1   1   1   1   1   1   1   1
142	(   5   4   3   4   3   3   2 )	   0 inf   2   2   1   1   2   2   1   1   1   1   1   1   1   1
143	(   1   7   1   4   0   2   2 )	   0 inf   2   2   1   1   2   2   1   1   1   1   1   1   1   1
144	(   2   3   4   4   4   3   1 )	   0 inf   1   1   1   1   1   1   1   1   1   1   1   1   1   1
145	(   2   4   4   4   4   3   2 )	   0 inf   1   1   1   1   1   1   1   1   1   1   1   1   1   1
146	(   3   3   2   4   3   3   2 )	1470   0   1   1   1   1   1   1   1   1   1   1   1   1   1   1
147	(   3   4   3   3   3   3   2 )	1535   0   1   1   1   1   1   1   1   1   1   1   1   1   1   1
148	(   3   4   3   4   3   4   2 )	1725   0   1   1   1   1   1   1   1   1   1   1   1   1   1   1
149	(   4   3   3   4   3   3   2 )	   0 inf   1   1   1   1   1   1   1   1   1   1   1   1   1   1
150	(   4   4   2   4   2   3   1 )	1960   0   1   1   1   1   1   1   1   1   1   1   1   1   1   1
151	(   3   2   2   4   2   3   2 )	   0 inf   1   2   2   1   1   1   1   1   1   1   1   1   1   1
152	(   3   2   2   4   3   3   1 )	   0 inf   1   2   2   1   1   1   1   1   1   1   1   1   1   1
153	(   3   2   2   4   3   4   2 )	   0 inf   1   2   2   1   1   1   1   1   1   1   1   1   1   1
154	(   3   3   0   4   3   3   2 )	   0 inf   1   2   2   1   1   1   1   1   1   1   1   1   1   1
155	(   3   3   2   5   3   3   2 )	   0 inf   1   2   2   1   1   1   1   1   1   1   1   1   1   1
156	(   4   1   2   4   3   3   2 )	   0 inf   1   2   2   1   1   1   1   1   1   1   1   1   1   1
157	(   4   2   2   4   2   4   1 )	   0 inf   1   2   2   1   1   1   1   1   1   1   1   1   1   1
158	(   1   9   4   3   5   1   2 )	   0 inf   1   2   2   1   1   1   1   1   1   1   1   1   1   1
159	(   2   3   1   3   3   2   2 )	   0 inf   1   1   1   1   1   1   1   1   1   1   1   1   1   1
160	(   2   3   1   5   3   4   2 )	   0 inf   1   1   1   1   1   1   1   1   1   1   1   1   1   1

BBE ( SOL ) OBJ CONS_H FRAME_SIZE MESH_SIZE
161	(   3   2   2   4   3   3   2 )	   0 inf   1   1   1   1   1   1   1   1   1   1   1   1   1   1
162	(   3   3   2   4   3   3   1 )	1840   0   1   1   1   1   1   1   1   1   1   1   1   1   1   1
163	(   3   3   2   4   4   3   2 )	   0 inf   1   1   1   1   1   1   1   1   1   1   1   1   1   1
164	(   4   3   1   5   3   2   2 )	   0 inf   1   1   1   1   1   1   1   1   1   1   1   1   1   1
165	(   4   3   2   3   3   4   2 )	   0 inf   1   1   1   1   1   1   1   1   1   1   1   1   1   1
166	(   3   4   5   4   2   3   2 )	   0 inf   1   1   1   1   1   1   1   1   1   1   1   1   1   1
167	(   3   2   2   5   3   3   2 )	   0 inf   1   1   1   1   1   1   1   1   1   1   1   1   1   1
168	(   3   3   1   4   3   3   2 )	   0 inf   1   1   1   1   1   1   1   1   1   1   1   1   1   1
169	(   3   3   2   4   2   3   2 )	1405   0   1   1   1   1   1   1   1   1   1   1   1   1   1   1
170	(   3   3   2   4   3   4   2 )	1565   0   1   1   1   1   1   1   1   1   1   1   1   1   1   1
171	(   4   2   1   4   3   3   1 )	   0 inf   1   1   1   1   1   1   1   1   1   1   1   1   1   1
172	(   4   2   2   3   3   3   2 )	   0 inf   1   1   1   1   1   1   1   1   1   1   1   1   1   1
173	(   4   3   2   5   3   3   2 )	   0 inf   1   1   1   1   1   1   1   1   1   1   1   1   1   1
174	(   2   3   1   4   0   3   2 )	   0 inf   1   1   1   1   2   1   1   1   1   1   1   1   1   1
175	(   3   3   2   4   2   3   1 )	1760   0   1   1   1   1   2   1   1   1   1   1   1   1   1   1
176	(   3   3   2   5   2   3   2 )	   0 inf   1   1   1   1   2   1   1   1   1   1   1   1   1   1
177	(   3   3   3   4   0   4   2 )	   0 inf   1   1   1   1   2   1   1   1   1   1   1   1   1   1
178	(   3   4   2   4   2   3   2 )	1500   0   1   1   1   1   2   1   1   1   1   1   1   1   1   1
179	(   4   3   1   4   1   4   2 )	   0 inf   1   1   1   1   2   1   1   1   1   1   1   1   1   1
180	(   4   3   2   4   1   2   2 )	   0 inf   1   1   1   1   2   1   1   1   1   1   1   1   1   1
181	(   2   2   3   3   8   2   2 )	   0 inf   1   1   1   1   2   1   1   1   1   1   1   1   1   1
182	(   2   4   1   5   1   2   2 )	   0 inf   1   1   1   1   1   1   1   1   1   1   1   1   1   1
183	(   3   3   1   4   1   3   2 )	   0 inf   1   1   1   1   1   1   1   1   1   1   1   1   1   1
184	(   3   3   2   4   1   2   2 )	1245   0   1   1   1   1   1   1   1   1   1   1   1   1   1   1
185	(   3   3   2   5   1   3   2 )	   0 inf   1   1   1   1   1   1   1   1   1   1   1   1   1   1
186	(   3   4   2   4   1   3   2 )	   0 inf   1   1   1   1   1   1   1   1   1   1   1   1   1   1
187	(   4   2   3   3   3   4   1 )	   0 inf   1   1   1   1   1   1   1   1   1   1   1   1   1   1
188	(   4   3   2   4   2   3   2 )	   0 inf   1   1   1   1   1   1   1   1   1   1   1   1   1   1
189	(   2   3   2   4   1   2   2 )	1180   0   1   1   1   1   2   2   1   1   1   1   1   1   1   1
190	(   3   2   2   4   1   1   2 )	   0 inf   1   1   1   1   2   2   1   1   1   1   1   1   1   1
191	(   3   3   2   3   0   2   2 )	   0 inf   1   1   1   1   2   2   1   1   1   1   1   1   1   1
192	(   3   3   2   4   0   1   1 )	   0 inf   1   1   1   1   2   2   1   1   1   1   1   1   1   1
193	(   3   3   2   4   0   3   2 )	   0 inf   1   1   1   1   2   2   1   1   1   1   1   1   1   1
194	(   3   3   2   5   0   0   2 )	   0 inf   1   1   1   1   2   2   1   1   1   1   1   1   1   1
195	(   3   3   3   4   1   2   2 )	1310   0   1   1   1   1   2   2   1   1   1   1   1   1   1   1
196	(   0   3   1   4   2   3   2 )	   0 inf   2   1   1   1   2   2   1   1   1   1   1   1   1   1
197	(   1   2   2   4   1   2   2 )	1020   0   2   1   1   1   2   2   1   1   1   1   1   1   1   1
198	(   1   3   2   4   0   2   2 )	   0 inf   2   1   1   1   2   2   1   1   1   1   1   1   1   1
199	(   1   3   2   4   1   2   2 )	   0 inf   2   1   1   1   2   2   1   1   1   1   1   1   1   1
200	(   1   4   3   4   2   3   2 )	   0 inf   2   1   1   1   2   2   1   1   1   1   1   1   1   1

BBE ( SOL ) OBJ CONS_H FRAME_SIZE MESH_SIZE
201	(   2   3   2   5   1   2   2 )	   0 inf   2   1   1   1   2   2   1   1   1   1   1   1   1   1
202	(   3   3   2   4   1   2   1 )	1560   0   2   1   1   1   2   2   1   1   1   1   1   1   1   1
203	(   0   1   2   4   1   2   2 )	   0 inf   5   2   1   1   2   2   1   1   1   1   1   1   1   1
204	(   0   1   2   4   3   2   2 )	   0 inf   5   2   1   1   2   2   1   1   1   1   1   1   1   1
205	(   0   1   3   4   0   2   2 )	   0 inf   5   2   1   1   2   2   1   1   1   1   1   1   1   1
206	(   0   2   2   3   1   2   2 )	   0 inf   5   2   1   1   2   2   1   1   1   1   1   1   1   1
207	(   1   2   2   4   1   4   2 )	   0 inf   5   2   1   1   2   2   1   1   1   1   1   1   1   1
208	(   3   0   1   4   0   2   2 )	   0 inf   5   2   1   1   2   2   1   1   1   1   1   1   1   1
209	(   0   1   3   4   1   2   2 )	   0 inf   2   1   1   1   1   1   1   1   1   1   1   1   1   1
210	(   0   2   1   4   1   2   2 )	   0 inf   2   1   1   1   1   1   1   1   1   1   1   1   1   1
211	(   0   2   3   4   0   2   2 )	   0 inf   2   1   1   1   1   1   1   1   1   1   1   1   1   1
212	(   1   2   2   4   1   2   1 )	1280   0   2   1   1   1   1   1   1   1   1   1   1   1   1   1
213	(   1   2   2   4   1   3   2 )	   0 inf   2   1   1   1   1   1   1   1   1   1   1   1   1   1
214	(   1   2   3   5   1   2   2 )	1180   0   2   1   1   1   1   1   1   1   1   1   1   1   1   1
215	(   2   1   2   5   0   2   2 )	   0 inf   2   1   1   1   1   1   1   1   1   1   1   1   1   1
216	(   3   4   0   2   3   1   2 )	   0 inf   2   1   1   1   1   1   1   1   1   1   1   1   1   1
217	(   0   2   2   4   1   2   2 )	   0 inf   1   1   1   1   1   1   1   1   1   1   1   1   1   1
218	(   1   1   2   4   1   2   2 )	 925   0   1   1   1   1   1   1   1   1   1   1   1   1   1   1
219	(   1   2   2   4   2   2   2 )	1085   0   1   1   1   1   1   1   1   1   1   1   1   1   1   1
220	(   1   2   3   3   1   2   2 )	 990   0   1   1   1   1   1   1   1   1   1   1   1   1   1   1
221	(   1   2   3   5   1   1   2 )	1085   0   1   1   1   1   1   1   1   1   1   1   1   1   1   1
222	(   1   2   3   5   1   3   2 )	   0 inf   1   1   1   1   1   1   1   1   1   1   1   1   1   1
223	(   0   0   2   5   1   2   2 )	   0 inf   1   2   1   1   1   1   1   1   1   1   1   1   1   1
224	(   1   0   2   3   1   3   2 )	   0 inf   1   2   1   1   1   1   1   1   1   1   1   1   1   1
225	(   1   0   2   4   1   2   1 )	   0 inf   1   2   1   1   1   1   1   1   1   1   1   1   1   1
226	(   1   1   2   4   2   2   2 )	 990   0   1   2   1   1   1   1   1   1   1   1   1   1   1   1
227	(   1   1   3   4   1   2   2 )	 990   0   1   2   1   1   1   1   1   1   1   1   1   1   1   1
228	(   2   0   2   3   1   1   2 )	   0 inf   1   2   1   1   1   1   1   1   1   1   1   1   1   1
229	(   2   0   2   4   1   3   2 )	   0 inf   1   2   1   1   1   1   1   1   1   1   1   1   1   1
230	(   0   6   1   5   0   1   2 )	   0 inf   1   2   1   1   1   1   1   1   1   1   1   1   1   1
231	(   0   1   2   4   1   3   2 )	   0 inf   1   1   1   1   1   1   1   1   1   1   1   1   1   1
232	(   1   0   2   4   1   2   2 )	   0 inf   1   1   1   1   1   1   1   1   1   1   1   1   1   1
233	(   1   1   1   4   1   2   2 )	   0 inf   1   1   1   1   1   1   1   1   1   1   1   1   1   1
234	(   1   1   2   4   0   2   2 )	   0 inf   1   1   1   1   1   1   1   1   1   1   1   1   1   1
235	(   1   1   2   4   1   3   2 )	   0 inf   1   1   1   1   1   1   1   1   1   1   1   1   1   1
236	(   1   1   2   5   1   2   2 )	   0 inf   1   1   1   1   1   1   1   1   1   1   1   1   1   1
237	(   2   1   2   4   1   2   1 )	   0 inf   1   1   1   1   1   1   1   1   1   1   1   1   1   1
238	(   1   2   3   3   2   0   2 )	   0 inf   1   1   1   1   1   1   1   1   1   1   1   1   1   1
239	(   0   0   1   3   1   2   2 )	   0 inf   1   1   1   1   1   1   1   1   1   1   1   1   1   1
240	(   0   0   3   5   1   2   2 )	 925   0   1   1   1   1   1   1   1   1   1   1   1   1   1   1

BBE ( SOL ) OBJ CONS_H FRAME_SIZE MESH_SIZE
241	(   1   1   2   3   1   2   2 )	 830   0   1   1   1   1   1   1   1   1   1   1   1   1   1   1
242	(   1   1   2   4   1   1   2 )	 830   0   1   1   1   1   1   1   1   1   1   1   1   1   1   1
243	(   1   1   2   4   1   2   1 )	1160   0   1   1   1   1   1   1   1   1   1   1   1   1   1   1
244	(   2   0   3   3   1   2   2 )	   0 inf   1   1   1   1   1   1   1   1   1   1   1   1   1   1
245	(   0   1   2   2   1   3   2 )	   0 inf   1   1   1   2   1   1   1   1   1   1   1   1   1   1
246	(   1   1   2   1   1   2   2 )	   0 inf   1   1   1   2   1   1   1   1   1   1   1   1   1   1
247	(   1   1   2   3   1   3   1 )	   0 inf   1   1   1   2   1   1   1   1   1   1   1   1   1   1
248	(   1   1   2   3   2   2   2 )	 895   0   1   1   1   2   1   1   1   1   1   1   1   1   1   1
249	(   1   1   3   3   1   2   2 )	 895   0   1   1   1   2   1   1   1   1   1   1   1   1   1   1
250	(   1   2   2   3   1   2   2 )	 925   0   1   1   1   2   1   1   1   1   1   1   1   1   1   1
251	(   2   0   2   2   1   2   2 )	   0 inf   1   1   1   2   1   1   1   1   1   1   1   1   1   1
252	(   1   1   1   7   0   0   2 )	   0 inf   1   1   1   2   1   1   1   1   1   1   1   1   1   1
253	(   1   0   2   3   1   2   2 )	   0 inf   1   1   1   1   1   1   1   1   1   1   1   1   1   1
254	(   1   1   1   2   0   2   2 )	   0 inf   1   1   1   1   1   1   1   1   1   1   1   1   1   1
255	(   1   1   1   3   1   3   2 )	   0 inf   1   1   1   1   1   1   1   1   1   1   1   1   1   1
256	(   1   1   2   2   2   3   2 )	 895   0   1   1   1   1   1   1   1   1   1   1   1   1   1   1
257	(   1   1   2   3   1   2   1 )	1040   0   1   1   1   1   1   1   1   1   1   1   1   1   1   1
258	(   1   1   3   2   0   3   2 )	   0 inf   1   1   1   1   1   1   1   1   1   1   1   1   1   1
259	(   2   1   2   3   1   2   2 )	   0 inf   1   1   1   1   1   1   1   1   1   1   1   1   1   1
260	(   0   2   3   6   2   0   2 )	   0 inf   1   1   1   1   1   1   1   1   1   1   1   1   1   1
261	(   0   1   2   3   1   2   2 )	   0 inf   1   1   1   1   1   1   1   1   1   1   1   1   1   1
262	(   1   1   1   3   1   2   2 )	   0 inf   1   1   1   1   1   1   1   1   1   1   1   1   1   1
263	(   1   1   2   2   1   2   2 )	 735   0   1   1   1   1   1   1   1   1   1   1   1   1   1   1
264	(   1   1   2   3   0   2   2 )	   0 inf   1   1   1   1   1   1   1   1   1   1   1   1   1   1
265	(   1   1   2   3   1   1   2 )	 735   0   1   1   1   1   1   1   1   1   1   1   1   1   1   1
266	(   1   1   2   3   2   1   1 )	   0 inf   1   1   1   1   1   1   1   1   1   1   1   1   1   1
267	(   1   1   1   0   1   3   2 )	   0 inf   1   1   1   2   1   1   1   1   1   1   1   1   1   1
268	(   1   1   2   0   1   1   2 )	   0 inf   1   1   1   2   1   1   1   1   1   1   1   1   1   1
269	(   1   1   2   2   1   2   1 )	 920   0   1   1   1   2   1   1   1   1   1   1   1   1   1   1
270	(   1   1   2   2   2   2   2 )	 800   0   1   1   1   2   1   1   1   1   1   1   1   1   1   1
271	(   1   1   3   1   1   3   2 )	   0 inf   1   1   1   2   1   1   1   1   1   1   1   1   1   1
272	(   1   2   2   1   1   2   2 )	   0 inf   1   1   1   2   1   1   1   1   1   1   1   1   1   1
273	(   2   1   2   2   1   2   2 )	   0 inf   1   1   1   2   1   1   1   1   1   1   1   1   1   1
274	(   0   0   2   8   0   1   2 )	   0 inf   1   1   1   2   1   1   1   1   1   1   1   1   1   1
275	(   0   1   1   2   1   2   1 )	   0 inf   1   1   1   1   1   1   1   1   1   1   1   1   1   1
276	(   0   1   3   1   1   2   2 )	   0 inf   1   1   1   1   1   1   1   1   1   1   1   1   1   1
277	(   1   1   2   2   0   2   2 )	   0 inf   1   1   1   1   1   1   1   1   1   1   1   1   1   1
278	(   1   1   2   2   1   3   2 )	   0 inf   1   1   1   1   1   1   1   1   1   1   1   1   1   1
279	(   1   2   2   2   1   2   2 )	 830   0   1   1   1   1   1   1   1   1   1   1   1   1   1   1
280	(   2   1   3   2   1   2   2 )	   0 inf   1   1   1   1   1   1   1   1   1   1   1   1   1   1

BBE ( SOL ) OBJ CONS_H FRAME_SIZE MESH_SIZE
281	(   0   2   2   2   2   3   2 )	   0 inf   1   1   1   1   1   1   1   1   1   1   1   1   1   1
282	(   1   0   2   2   1   2   2 )	   0 inf   1   1   1   1   1   1   1   1   1   1   1   1   1   1
283	(   1   1   2   2   1   1   2 )	 640   0   1   1   1   1   1   1   1   1   1   1   1   1   1   1
284	(   2   1   1   2   2   2   2 )	   0 inf   1   1   1   1   1   1   1   1   1   1   1   1   1   1
285	(   2   1   3   2   2   2   2 )	   0 inf   1   1   1   1   1   1   1   1   1   1   1   1   1   1
286	(   1   0   2   2   1   0   2 )	   0 inf   1   1   1   1   1   2   1   1   1   1   1   1   1   1
287	(   1   1   1   2   1   0   2 )	   0 inf   1   1   1   1   1   2   1   1   1   1   1   1   1   1
288	(   1   1   2   1   1   1   2 )	   0 inf   1   1   1   1   1   2   1   1   1   1   1   1   1   1
289	(   1   1   2   2   1   1   1 )	 800   0   1   1   1   1   1   2   1   1   1   1   1   1   1   1
290	(   1   1   2   2   2   0   2 )	   0 inf   1   1   1   1   1   2   1   1   1   1   1   1   1   1
291	(   1   1   3   2   0   0   2 )	   0 inf   1   1   1   1   1   2   1   1   1   1   1   1   1   1
292	(   2   1   2   2   1   1   2 )	   0 inf   1   1   1   1   1   2   1   1   1   1   1   1   1   1
293	(   0   2   2   3   1   5   2 )	   0 inf   1   1   1   1   1   2   1   1   1   1   1   1   1   1
294	(   0   1   2   2   1   1   2 )	   0 inf   1   1   1   1   1   1   1   1   1   1   1   1   1   1
295	(   1   1   1   2   1   1   1 )	 720   0   1   1   1   1   1   1   1   1   1   1   1   1   1   1
296	(   1   1   2   2   1   0   2 )	   0 inf   1   1   1   1   1   1   1   1   1   1   1   1   1   1
297	(   1   1   2   2   2   1   2 )	   0 inf   1   1   1   1   1   1   1   1   1   1   1   1   1   1
298	(   1   2   2   2   1   0   2 )	   0 inf   1   1   1   1   1   1   1   1   1   1   1   1   1   1
299	(   1   2   3   2   1   1   2 )	   0 inf   1   1   1   1   1   1   1   1   1   1   1   1   1   1
300	(   1   1   1   2   2   0   2 )	   0 inf   1   1   1   1   1   1   1   1   1   1   1   1   1   1
301	(   1   1   2   2   0   0   1 )	 600   0   1   1   1   1   1   1   1   1   1   1   1   1   1   1
302	(   1   1   3   2   2   0   1 )	   0 inf   1   1   1   1   1   1   1   1   1   1   1   1   1   1
303	(   1   2   2   2   1   1   2 )	 735   0   1   1   1   1   1   1   1   1   1   1   1   1   1   1
304	(   1   2   3   2   1   0   2 )	   0 inf   1   1   1   1   1   1   1   1   1   1   1   1   1   1
305	(   0   1   2   2   0   0   1 )	   0 inf   1   1   1   1   2   2   2   1   1   1   1   1   1   1
306	(   1   0   2   2   0   0   1 )	   0 inf   1   1   1   1   2   2   2   1   1   1   1   1   1   1
307	(   1   1   2   2   0   0   0 )	 750   0   1   1   1   1   2   2   2   1   1   1   1   1   1   1
308	(   1   1   2   2   0   2   1 )	   0 inf   1   1   1   1   2   2   2   1   1   1   1   1   1   1
309	(   1   1   2   2   2   0   1 )	   0 inf   1   1   1   1   2   2   2   1   1   1   1   1   1   1
310	(   1   1   2   3   0   0   1 )	 720   0   1   1   1   1   2   2   2   1   1   1   1   1   1   1
311	(   1   1   3   2   0   0   1 )	   0 inf   1   1   1   1   2   2   2   1   1   1   1   1   1   1
312	(   2   2   1   1   0   0   2 )	 480   0   1   1   1   1   2   2   2   1   1   1   1   1   1   1
313	(   2   2   0   1   1   0   2 )	   0 inf   2   2   2   2   2   2   5   1   1   1   1   1   1   1
314	(   2   2   1   0   0   0   2 )	   0 inf   2   2   2   2   2   2   5   1   1   1   1   1   1   1
315	(   2   4   1   1   0   0   1 )	 840   0   2   2   2   2   2   2   5   1   1   1   1   1   1   1
316	(   3   2   0   1   0   0   0 )	   0 inf   2   2   2   2   2   2   5   1   1   1   1   1   1   1
317	(   3   2   1   1   0   0   1 )	   0 inf   2   2   2   2   2   2   5   1   1   1   1   1   1   1
318	(   3   2   1   1   2   0   0 )	   0 inf   2   2   2   2   2   2   5   1   1   1   1   1   1   1
319	(   4   2   2   1   0   1   2 )	   0 inf   2   2   2   2   2   2   5   1   1   1   1   1   1   1
320	(   0   0   2   2   0   0   2 )	 320   0   2   2   2   2   2   2   5   1   1   1   1   1   1   1

BBE ( SOL ) OBJ CONS_H FRAME_SIZE MESH_SIZE
321	(   0   0   0   2   0   0   2 )	   0 inf   5   5   5   5   2   2   5   1   1   1   1   1   1   1
322	(   0   0   0   2   2   1   2 )	   0 inf   5   5   5   5   2   2   5   1   1   1   1   1   1   1
323	(   0   0   1   2   0   0   0 )	 400   0   5   5   5   5   2   2   5   1   1   1   1   1   1   1
324	(   0   0   2   7   0   0   2 )	   0 inf   5   5   5   5   2   2   5   1   1   1   1   1   1   1
325	(   0   0   6   1   0   1   2 )	   0 inf   5   5   5   5   2   2   5   1   1   1   1   1   1   1
326	(   0   4   7   2   1   0   0 )	   0 inf   5   5   5   5   2   2   5   1   1   1   1   1   1   1
327	(   3   0   6   2   1   0   1 )	   0 inf   5   5   5   5   2   2   5   1   1   1   1   1   1   1
328	(   0   0   0   0   0   0   2 )	   0   0   5   5   5   5   2   2   5   1   1   1   1   1   1   1
329	(   0   0   0   0   2   0   2 )	   0 inf   5   5  10  10   2   2   5   1   1   1   1   1   1   1
330	(   0   0   0   3   0   1   2 )	   0 inf   5   5  10  10   2   2   5   1   1   1   1   1   1   1
331	(   0   0   1   1   0   1   0 )	   0 inf   5   5  10  10   2   2   5   1   1   1   1   1   1   1
332	(   0   0   3   0   0   1   2 )	   0 inf   5   5  10  10   2   2   5   1   1   1   1   1   1   1
333	(   0   2   0   0   0   0   0 )	   0 inf   5   5  10  10   2   2   5   1   1   1   1   1   1   1
334	(   0   5   1   1   0   0   2 )	   0 inf   5   5  10  10   2   2   5   1   1   1   1   1   1   1
335	(   5   0   0   0   0   0   2 )	   0 inf   5   5  10  10   2   2   5   1   1   1   1   1   1   1
336	(   0   0   0   0   0   0   0 )	   0   0   2   2   5   5   1   1   2   1   1   1   1   1   1   1
337	(   0   0   1   0   1   0   2 )	   0 inf   2   2   5   5   1   1   2   1   1   1   1   1   1   1
338	(   0   1   0   0   0   0   2 )	   0 inf   2   2   5   5   1   1   2   1   1   1   1   1   1   1
339	(   0   1   3   0   1   1   2 )	   0 inf   2   2   5   5   1   1   2   1   1   1   1   1   1   1
340	(   0   2   0   1   0   0   2 )	   0 inf   2   2   5   5   1   1   2   1   1   1   1   1   1   1
341	(   1   0   0   2   1   1   2 )	   0 inf   2   2   5   5   1   1   2   1   1   1   1   1   1   1
342	(   2   0   1   0   0   0   2 )	   0 inf   2   2   5   5   1   1   2   1   1   1   1   1   1   1
343	(   0   0   0   0   0   1   2 )	   0 inf   1   1   2   2   1   1   1   1   1   1   1   1   1   1
344	(   0   0   0   0   1   0   2 )	   0 inf   1   1   2   2   1   1   1   1   1   1   1   1   1   1
345	(   0   0   2   0   0   0   1 )	   0 inf   1   1   2   2   1   1   1   1   1   1   1   1   1   1
346	(   0   1   0   2   0   0   1 )	   0 inf   1   1   2   2   1   1   1   1   1   1   1   1   1   1
347	(   1   0   0   0   0   0   1 )	   0 inf   1   1   2   2   1   1   1   1   1   1   1   1   1   1
348	(   1   0   0   2   0   0   2 )	   0 inf   1   1   2   2   1   1   1   1   1   1   1   1   1   1
349	(   1   0   2   0   0   0   2 )	   0 inf   1   1   2   2   1   1   1   1   1   1   1   1   1   1
350	(   0   0   0   0   0   0   1 )	   0   0   1   1   1   1   1   1   1   1   1   1   1   1   1   1
351	(   0   1   0   0   1   0   2 )	   0 inf   1   1   1   1   1   1   1   1   1   1   1   1   1   1
352	(   0   1   0   1   0   0   2 )	   0 inf   1   1   1   1   1   1   1   1   1   1   1   1   1   1
353	(   0   1   0   1   1   0   2 )	   0 inf   1   1   1   1   1   1   1   1   1   1   1   1   1   1
354	(   0   1   1   0   0   0   2 )	   0 inf   1   1   1   1   1   1   1   1   1   1   1   1   1   1
355	(   1   0   0   0   0   0   2 )	   0 inf   1   1   1   1   1   1   1   1   1   1   1   1   1   1
356	(   0   0   0   1   0   0   2 )	   0 inf   1   1   1   1   1   1   1   1   1   1   1   1   1   1
357	(   0   0   1   0   0   0   2 )	   0 inf   1   1   1   1   1   1   1   1   1   1   1   1   1   1
358	(   0   0   1   1   0   0   1 )	 200   0   1   1   1   1   1   1   1   1   1   1   1   1   1   1
359	(   0   0   1   1   0   0   2 )	 160   0   1   1   1   1   1   1   1   1   1   1   1   1   1   1
360	(   0   0   0   1   1   0   2 )	   0 inf   1   1   1   1   1   1   1   1   1   1   1   1   1   1

BBE ( SOL ) OBJ CONS_H FRAME_SIZE MESH_SIZE
361	(   1   0   0   0   0   1   2 )	   0 inf   1   1   1   1   1   1   1   1   1   1   1   1   1   1
362	(   0   0   0   0   1   1   2 )	 160   0   1   1   1   1   1   1   1   1   1   1   1   1   1   1
363	(   0   0   1   0   0   1   2 )	   0 inf   1   1   1   1   1   1   1   1   1   1   1   1   1   1
364	(   1   0   0   0   1   0   2 )	   0 inf   1   1   1   1   1   1   1   1   1   1   1   1   1   1
365	(   1   0   1   0   1   1   2 )	   0 inf   1   1   1   1   1   1   1   1   1   1   1   1   1   1
366	(   1   1   1   0   0   0   2 )	   0 inf   1   1   1   1   1   1   1   1   1   1   1   1   1   1
367	(   0   0   0   0   1   0   1 )	   0 inf   1   1   1   1   1   1   1   1   1   1   1   1   1   1
368	(   1   0   1   0   1   0   2 )	   0 inf   1   1   1   1   1   1   1   1   1   1   1   1   1   1
369	(   1   0   1   1   0   0   2 )	   0 inf   1   1   1   1   1   1   1   1   1   1   1   1   1   1
370	(   0   0   0   1   0   0   1 )	   0 inf   1   1   1   1   1   1   1   1   1   1   1   1   1   1
371	(   1   1   0   0   1   1   2 )	 320   0   1   1   1   1   1   1   1   1   1   1   1   1   1   1
372	(   0   0   1   0   0   0   1 )	   0 inf   1   1   1   1   1   1   1   1   1   1   1   1   1   1
373	(   0   1   1   0   1   0   2 )	   0 inf   1   1   1   1   1   1   1   1   1   1   1   1   1   1
374	(   1   0   0   1   0   0   2 )	   0 inf   1   1   1   1   1   1   1   1   1   1   1   1   1   1
375	(   1   0   0   1   0   1   2 )	   0 inf   1   1   1   1   1   1   1   1   1   1   1   1   1   1
376	(   1   1   0   0   0   0   2 )	 160   0   1   1   1   1   1   1   1   1   1   1   1   1   1   1
377	(   1   0   1   0   0   0   2 )	   0 inf   1   1   1   1   1   1   1   1   1   1   1   1   1   1
378	(   0   1   0   0   0   1   2 )	   0 inf   1   1   1   1   1   1   1   1   1   1   1   1   1   1
379	(   0   1   1   0   0   0   1 )	   0 inf   1   1   1   1   1   1   1   1   1   1   1   1   1   1
380	(   0   1   0   1   0   0   1 )	   0 inf   1   1   1   1   1   1   1   1   1   1   1   1   1   1
381	(   0   0   0   0   0   1   1 )	   0 inf   1   1   1   1   1   1   1   1   1   1   1   1   1   1
382	(   0   1   0   0   0   0   1 )	   0 inf   1   1   1   1   1   1   1   1   1   1   1   1   1   1
383	(   0   1   0   1   0   1   2 )	   0 inf   1   1   1   1   1   1   1   1   1   1   1   1   1   1
384	(   1   1   0   0   1   0   2 )	   0 inf   1   1   1   1   1   1   1   1   1   1   1   1   1   1
385	(   0   0   0   1   1   0   1 )	   0 inf   1   1   1   1   1   1   1   1   1   1   1   1   1   1
386	(   1   0   0   0   1   0   1 )	   0 inf   1   1   1   1   1   1   1   1   1   1   1   1   1   1
387	(   1   0   0   1   1   0   2 )	   0 inf   1   1   1   1   1   1   1   1   1   1   1   1   1   1
388	(   1   0   1   1   0   0   1 )	   0 inf   1   1   1   1   1   1   1   1   1   1   1   1   1   1
389	(   0   0   1   1   1   0   2 )	   0 inf   1   1   1   1   1   1   1   1   1   1   1   1   1   1
390	(   1   1   0   0   0   0   1 )	 200   0   1   1   1   1   1   1   1   1   1   1   1   1   1   1
391	(   0   1   0   0   1   0   1 )	   0 inf   1   1   1   1   1   1   1   1   1   1   1   1   1   1
392	(   0   0   0   1   0   1   1 )	   0 inf   1   1   1   1   1   1   1   1   1   1   1   1   1   1
393	(   0   1   1   0   0   1   2 )	   0 inf   1   1   1   1   1   1   1   1   1   1   1   1   1   1
394	(   1   1   1   0   1   0   1 )	   0 inf   1   1   1   1   1   1   1   1   1   1   1   1   1   1
395	(   0   0   1   0   1   0   1 )	   0 inf   1   1   1   1   1   1   1   1   1   1   1   1   1   1
396	(   0   0   0   1   0   1   2 )	   0 inf   1   1   1   1   1   1   1   1   1   1   1   1   1   1
397	(   1   0   1   0   0   1   2 )	   0 inf   1   1   1   1   1   1   1   1   1   1   1   1   1   1
398	(   0   0   1   1   1   0   1 )	   0 inf   1   1   1   1   1   1   1   1   1   1   1   1   1   1
399	(   0   1   1   1   0   0   2 )	   0 inf   1   1   1   1   1   1   1   1   1   1   1   1   1   1
400	(   0   0   0   0   1   1   1 )	 200   0   1   1   1   1   1   1   1   1   1   1   1   1   1   1

BBE ( SOL ) OBJ CONS_H FRAME_SIZE MESH_SIZE
401	(   1   1   0   0   0   1   2 )	   0 inf   1   1   1   1   1   1   1   1   1   1   1   1   1   1
402	(   1   1   0   1   0   0   2 )	   0 inf   1   1   1   1   1   1   1   1   1   1   1   1   1   1
403	(   1   0   0   1   0   0   1 )	   0 inf   1   1   1   1   1   1   1   1   1   1   1   1   1   1
404	(   1   0   0   1   1   0   1 )	   0 inf   1   1   1   1   1   1   1   1   1   1   1   1   1   1
405	(   0   1   1   0   1   1   2 )	   0 inf   1   1   1   1   1   1   1   1   1   1   1   1   1   1
406	(   1   1   1   1   0   0   2 )	 320   0   1   1   1   1   1   1   1   1   1   1   1   1   1   1
407	(   0   0   1   0   1   1   2 )	   0 inf   1   1   1   1   1   1   1   1   1   1   1   1   1   1
408	(   1   0   0   1   1   1   2 )	   0 inf   1   1   1   1   1   1   1   1   1   1   1   1   1   1
409	(   0   1   1   0   0   1   1 )	   0 inf   1   1   1   1   1   1   1   1   1   1   1   1   1   1
410	(   1   0   0   0   1   1   2 )	   0 inf   1   1   1   1   1   1   1   1   1   1   1   1   1   1
411	(   1   0   0   0   0   1   1 )	   0 inf   1   1   1   1   1   1   1   1   1   1   1   1   1   1
412	(   0   1   0   0   1   1   2 )	   0 inf   1   1   1   1   1   1   1   1   1   1   1   1   1   1
413	(   0   1   0   1   1   1   1 )	   0 inf   1   1   1   1   1   1   1   1   1   1   1   1   1   1
414	(   0   1   0   0   0   1   1 )	   0 inf   1   1   1   1   1   1   1   1   1   1   1   1   1   1
415	(   1   0   0   1   0   1   1 )	   0 inf   1   1   1   1   1   1   1   1   1   1   1   1   1   1
416	(   0   1   0   1   1   0   1 )	   0 inf   1   1   1   1   1   1   1   1   1   1   1   1   1   1
417	(   0   0   0   1   1   1   1 )	   0 inf   1   1   1   1   1   1   1   1   1   1   1   1   1   1
418	(   1   0   1   0   0   0   1 )	   0 inf   1   1   1   1   1   1   1   1   1   1   1   1   1   1
419	(   0   1   1   1   0   0   1 )	   0 inf   1   1   1   1   1   1   1   1   1   1   1   1   1   1
420	(   1   1   0   1   0   1   2 )	   0 inf   1   1   1   1   1   1   1   1   1   1   1   1   1   1
421	(   1   1   0   1   0   0   1 )	   0 inf   1   1   1   1   1   1   1   1   1   1   1   1   1   1
422	(   0   0   1   0   0   1   1 )	   0 inf   1   1   1   1   1   1   1   1   1   1   1   1   1   1
423	(   0   1   1   0   1   0   1 )	   0 inf   1   1   1   1   1   1   1   1   1   1   1   1   1   1
424	(   1   0   1   1   1   0   1 )	   0 inf   1   1   1   1   1   1   1   1   1   1   1   1   1   1
425	(   0   0   1   1   0   1   2 )	   0 inf   1   1   1   1   1   1   1   1   1   1   1   1   1   1
426	(   0   1   0   1   1   1   2 )	   0 inf   1   1   1   1   1   1   1   1   1   1   1   1   1   1
427	(   1   0   1   1   1   0   2 )	   0 inf   1   1   1   1   1   1   1   1   1   1   1   1   1   1
428	(   1   1   1   0   1   0   2 )	   0 inf   1   1   1   1   1   1   1   1   1   1   1   1   1   1
429	(   0   0   0   1   1   1   2 )	   0 inf   1   1   1   1   1   1   1   1   1   1   1   1   1   1
430	(   0   1   1   0   1   1   1 )	   0 inf   1   1   1   1   1   1   1   1   1   1   1   1   1   1
431	(   1   1   0   1   1   0   2 )	   0 inf   1   1   1   1   1   1   1   1   1   1   1   1   1   1
432	(   0   0   1   1   0   1   1 )	   0 inf   1   1   1   1   1   1   1   1   1   1   1   1   1   1
433	(   1   1   0   0   0   1   1 )	   0 inf   1   1   1   1   1   1   1   1   1   1   1   1   1   1
434	(   1   0   1   0   0   1   1 )	   0 inf   1   1   1   1   1   1   1   1   1   1   1   1   1   1
435	(   1   1   1   1   1   0   2 )	   0 inf   1   1   1   1   1   1   1   1   1   1   1   1   1   1
436	(   1   0   1   1   0   1   2 )	   0 inf   1   1   1   1   1   1   1   1   1   1   1   1   1   1
437	(   1   1   0   0   1   0   1 )	   0 inf   1   1   1   1   1   1   1   1   1   1   1   1   1   1
438	(   1   0   1   0   1   1   1 )	   0 inf   1   1   1   1   1   1   1   1   1   1   1   1   1   1
439	(   0   1   1   1   1   0   1 )	   0 inf   1   1   1   1   1   1   1   1   1   1   1   1   1   1
440	(   0   1   1   1   0   1   2 )	   0 inf   1   1   1   1   1   1   1   1   1   1   1   1   1   1

BBE ( SOL ) OBJ CONS_H FRAME_SIZE MESH_SIZE
441	(   0   0   1   1   1   1   2 )	 320   0   1   1   1   1   1   1   1   1   1   1   1   1   1   1
442	(   1   1   1   0   0   0   1 )	   0 inf   1   1   1   1   1   1   1   1   1   1   1   1   1   1
443	(   0   0   1   0   1   1   1 )	   0 inf   1   1   1   1   1   1   1   1   1   1   1   1   1   1
444	(   1   0   1   0   1   0   1 )	   0 inf   1   1   1   1   1   1   1   1   1   1   1   1   1   1
445	(   1   0   1   1   0   1   1 )	   0 inf   1   1   1   1   1   1   1   1   1   1   1   1   1   1
446	(   1   0   0   0   1   1   1 )	   0 inf   1   1   1   1   1   1   1   1   1   1   1   1   1   1
447	(   0   1   0   0   1   1   1 )	   0 inf   1   1   1   1   1   1   1   1   1   1   1   1   1   1
448	(   1   1   1   1   0   0   1 )	 400   0   1   1   1   1   1   1   1   1   1   1   1   1   1   1
449	(   1   0   0   1   1   1   1 )	   0 inf   1   1   1   1   1   1   1   1   1   1   1   1   1   1
450	(   1   1   1   0   0   1   1 )	   0 inf   1   1   1   1   1   1   1   1   1   1   1   1   1   1
451	(   0   0   1   1   1   1   1 )	 400   0   1   1   1   1   1   1   1   1   1   1   1   1   1   1
452	(   0   1   1   1   1   0   2 )	   0 inf   1   1   1   1   1   1   1   1   1   1   1   1   1   1
453	(   1   1   1   0   1   1   2 )	   0 inf   1   1   1   1   1   1   1   1   1   1   1   1   1   1
454	(   1   0   1   1   1   1   2 )	   0 inf   1   1   1   1   1   1   1   1   1   1   1   1   1   1
455	(   1   1   1   1   0   1   2 )	   0 inf   1   1   1   1   1   1   1   1   1   1   1   1   1   1
456	(   0   1   0   1   0   1   1 )	   0 inf   1   1   1   1   1   1   1   1   1   1   1   1   1   1
457	(   1   1   1   0   1   1   1 )	   0 inf   1   1   1   1   1   1   1   1   1   1   1   1   1   1
458	(   1   1   1   1   0   1   1 )	   0 inf   1   1   1   1   1   1   1   1   1   1   1   1   1   1
459	(   1   1   1   0   0   1   2 )	   0 inf   1   1   1   1   1   1   1   1   1   1   1   1   1   1
460	(   0   1   1   1   0   1   1 )	   0 inf   1   1   1   1   1   1   1   1   1   1   1   1   1   1
461	(   1   1   0   1   1   0   1 )	   0 inf   1   1   1   1   1   1   1   1   1   1   1   1   1   1
462	(   0   1   1   1   1   1   2 )	   0 inf   1   1   1   1   1   1   1   1   1   1   1   1   1   1
463	(   1   1   0   1   1   1   2 )	   0 inf   1   1   1   1   1   1   1   1   1   1   1   1   1   1
464	(   1   1   0   1   0   1   1 )	   0 inf   1   1   1   1   1   1   1   1   1   1   1   1   1   1
465	(   1   0   1   1   1   1   1 )	   0 inf   1   1   1   1   1   1   1   1   1   1   1   1   1   1
466	(   1   1   1   1   1   1   2 )	 480   0   1   1   1   1   1   1   1   1   1   1   1   1   1   1
467	(   0   1   1   1   1   1   1 )	   0 inf   1   1   1   1   1   1   1   1   1   1   1   1   1   1
468	(   1   1   0   1   1   1   1 )	   0 inf   1   1   1   1   1   1   1   1   1   1   1   1   1   1
469	(   1   1   0   0   1   1   1 )	 400   0   1   1   1   1   1   1   1   1   1   1   1   1   1   1
470	(   1   1   1   1   1   0   1 )	   0 inf   1   1   1   1   1   1   1   1   1   1   1   1   1   1
A termination criterion is reached: Maximum number of total evaluations (Eval Global) 218701

Best feasible solution:     #636 ( 0 0 0 0 0 0 2 )	Evaluation OK	 f =   0                     	 h =   0                      (L2)

Best infeasible solution:   Undefined.

Blackbox evaluations:         470
Cache hits:                   218231
Total number of evaluations:  218701
