All variables are granular. MAX_EVAL is set to 218700 to prevent algorithm from circling around best solution indefinitely
BBE ( SOL ) OBJ CONS_H FRAME_SIZE MESH_SIZE
1	(   4   8   4   8   4   8   0 )	4800   0  
2	(   0   7   4   8   4   8   0 )	   0 inf   5   5   5   5   5   5   5   1   1   1   1   1   1   1
3	(   3   6   6  10   4   5   2 )	2840   0   5   5   5   5   5   5   5   1   1   1   1   1   1   1
4	(   4   6   9   7   4   9   0 )	   0 inf   5   5   5   5   5   5   5   1   1   1   1   1   1   1
5	(   4   8   4   8   9   8   0 )	   0 inf   5   5   5   5   5   5   5   1   1   1   1   1   1   1
6	(   4  10   0   9   4   7   2 )	   0 inf   5   5   5   5   5   5   5   1   1   1   1   1   1   1
7	(   5  10   2   5   4  10   0 )	   0 inf   5   5   5   5   5   5   5   1   1   1   1   1   1   1
8	(   9   9   4   8   4   8   1 )	4360   0   5   5   5   5   5   5   5   1   1   1   1   1   1   1
9	(   0   6   8  10   4   0   2 )	   0 inf  10  10  10  10   5  10  10   1   1   1   1   1   1   1
10	(   0   6   9   4   5   0   0 )	   0 inf  10  10  10  10   5  10  10   1   1   1   1   1   1   1
11	(   2   6   6  10   0   5   2 )	   0 inf  10  10  10  10   5  10  10   1   1   1   1   1   1   1
12	(   3   0   6  10   4   5   2 )	   0 inf  10  10  10  10   5  10  10   1   1   1   1   1   1   1
13	(   4   6   6   9   9   5   2 )	   0 inf  10  10  10  10   5  10  10   1   1   1   1   1   1   1
14	(   5   6  10   8   4   7   2 )	   0 inf  10  10  10  10   5  10  10   1   1   1   1   1   1   1
15	(  10   6   9  10   4   0   0 )	   0 inf  10  10  10  10   5  10  10   1   1   1   1   1   1   1
16	(   0  10   0  10   2  10   2 )	   0 inf  10  10  10  10   5  10  10   1   1   1   1   1   1   1
17	(   0   1   5  10   4   6   0 )	   0 inf   5   5   5   5   2   5   5   1   1   1   1   1   1   1
18	(   1   7   5  10   4   0   1 )	   0 inf   5   5   5   5   2   5   5   1   1   1   1   1   1   1
19	(   1   7  10  10   4   6   1 )	   0 inf   5   5   5   5   2   5   5   1   1   1   1   1   1   1
20	(   3   6   6  10   6   5   2 )	   0 inf   5   5   5   5   2   5   5   1   1   1   1   1   1   1
21	(   4   1   9   6   4   2   2 )	   0 inf   5   5   5   5   2   5   5   1   1   1   1   1   1   1
22	(   6   5   7   9   4   4   0 )	   0 inf   5   5   5   5   2   5   5   1   1   1   1   1   1   1
23	(   6   5   7  10   4   4   2 )	   0 inf   5   5   5   5   2   5   5   1   1   1   1   1   1   1
24	(   3  10   0  10   2  10   2 )	   0 inf   5   5   5   5   2   5   5   1   1   1   1   1   1   1
25	(   1   6   7  10   4   5   2 )	   0 inf   2   2   2   2   1   2   2   1   1   1   1   1   1   1
26	(   2   7   7  10   5   6   2 )	   0 inf   2   2   2   2   1   2   2   1   1   1   1   1   1   1
27	(   3   4   6  10   4   5   2 )	2650   0   2   2   2   2   1   2   2   1   1   1   1   1   1   1
28	(   3   6   5  10   4   3   2 )	   0 inf   2   2   2   2   1   2   2   1   1   1   1   1   1   1
29	(   3   6   7  10   5   4   1 )	   0 inf   2   2   2   2   1   2   2   1   1   1   1   1   1   1
30	(   4   5   5   9   3   4   0 )	3900   0   2   2   2   2   1   2   2   1   1   1   1   1   1   1
31	(   4   5   8   9   3   4   2 )	2685   0   2   2   2   2   1   2   2   1   1   1   1   1   1   1
32	(   3   0   7  10   4   5   2 )	   0 inf   2   5   2   2   1   2   2   1   1   1   1   1   1   1
33	(   3   2   5   9   4   6   0 )	   0 inf   2   5   2   2   1   2   2   1   1   1   1   1   1   1
34	(   3   3   4  10   4   5   2 )	   0 inf   2   5   2   2   1   2   2   1   1   1   1   1   1   1
35	(   3   4   6   8   4   5   2 )	2460   0   2   5   2   2   1   2   2   1   1   1   1   1   1   1
36	(   3   4   6  10   5   5   2 )	2715   0   2   5   2   2   1   2   2   1   1   1   1   1   1   1
37	(   3   4   7  10   4   7   2 )	2905   0   2   5   2   2   1   2   2   1   1   1   1   1   1   1
38	(   5   4   6  10   4   5   2 )	   0 inf   2   5   2   2   1   2   2   1   1   1   1   1   1   1
39	(   2   1   4   8   3   7   2 )	   0 inf   2   5   2   5   1   2   2   1   1   1   1   1   1   1
40	(   2   1   7   8   5   7   2 )	   0 inf   2   5   2   5   1   2   2   1   1   1   1   1   1   1

BBE ( SOL ) OBJ CONS_H FRAME_SIZE MESH_SIZE
41	(   3   0   5   8   5   4   2 )	   0 inf   2   5   2   5   1   2   2   1   1   1   1   1   1   1
42	(   3   4   6   3   4   5   2 )	   0 inf   2   5   2   5   1   2   2   1   1   1   1   1   1   1
43	(   3   9   7   8   3   6   2 )	   0 inf   2   5   2   5   1   2   2   1   1   1   1   1   1   1
44	(   4   7   8   8   5   3   1 )	   0 inf   2   5   2   5   1   2   2   1   1   1   1   1   1   1
45	(   5   3   6   8   4   5   2 )	   0 inf   2   5   2   5   1   2   2   1   1   1   1   1   1   1
46	(   2   7   5  10   3   3   2 )	   0 inf   2   5   2   5   1   2   2   1   1   1   1   1   1   1
47	(   3   3   7   8   4   6   2 )	2525   0   1   2   1   2   1   1   1   1   1   1   1   1   1   1
48	(   3   4   6   6   4   5   2 )	2270   0   1   2   1   2   1   1   1   1   1   1   1   1   1   1
49	(   3   4   6   8   4   5   1 )	3080   0   1   2   1   2   1   1   1   1   1   1   1   1   1   1
50	(   3   4   6   8   5   5   2 )	2525   0   1   2   1   2   1   1   1   1   1   1   1   1   1   1
51	(   3   5   5   8   3   6   2 )	2520   0   1   2   1   2   1   1   1   1   1   1   1   1   1   1
52	(   3   6   7   8   4   5   2 )	2715   0   1   2   1   2   1   1   1   1   1   1   1   1   1   1
53	(   4   4   6   8   4   5   2 )	2525   0   1   2   1   2   1   1   1   1   1   1   1   1   1   1
54	(   2   3   6   1   4   5   2 )	   0 inf   1   2   1   5   1   1   1   1   1   1   1   1   1   1
55	(   3   4   6   5   4   4   2 )	   0 inf   1   2   1   5   1   1   1   1   1   1   1   1   1   1
56	(   3   4   6   6   5   5   2 )	2335   0   1   2   1   5   1   1   1   1   1   1   1   1   1   1
57	(   3   4   7   6   4   5   2 )	   0 inf   1   2   1   5   1   1   1   1   1   1   1   1   1   1
58	(   3   6   6   2   4   5   1 )	   0 inf   1   2   1   5   1   1   1   1   1   1   1   1   1   1
59	(   4   2   6   4   4   5   2 )	   0 inf   1   2   1   5   1   1   1   1   1   1   1   1   1   1
60	(   4   5   6   4   4   5   2 )	   0 inf   1   2   1   5   1   1   1   1   1   1   1   1   1   1
61	(   2   4   5  10   3   6   2 )	2550   0   1   2   1   5   1   1   1   1   1   1   1   1   1   1
62	(   3   4   6   4   4   5   2 )	   0 inf   1   1   1   2   1   1   1   1   1   1   1   1   1   1
63	(   3   4   6   6   3   5   2 )	2205   0   1   1   1   2   1   1   1   1   1   1   1   1   1   1
64	(   3   4   6   6   4   5   1 )	2840   0   1   1   1   2   1   1   1   1   1   1   1   1   1   1
65	(   3   4   7   6   4   4   2 )	   0 inf   1   1   1   2   1   1   1   1   1   1   1   1   1   1
66	(   3   5   6   6   4   5   2 )	2365   0   1   1   1   2   1   1   1   1   1   1   1   1   1   1
67	(   4   4   6   6   4   4   2 )	2240   0   1   1   1   2   1   1   1   1   1   1   1   1   1   1
68	(   4   4   7   5   4   6   2 )	   0 inf   1   1   1   2   1   1   1   1   1   1   1   1   1   1
69	(   3   4   5   6   1   6   2 )	   0 inf   1   1   1   2   2   1   1   1   1   1   1   1   1   1
70	(   3   4   5   6   2   4   2 )	1980   0   1   1   1   2   2   1   1   1   1   1   1   1   1   1
71	(   3   4   6   6   3   5   1 )	2760   0   1   1   1   2   2   1   1   1   1   1   1   1   1   1
72	(   3   4   6   8   3   5   2 )	2395   0   1   1   1   2   2   1   1   1   1   1   1   1   1   1
73	(   3   4   7   6   1   5   2 )	   0 inf   1   1   1   2   2   1   1   1   1   1   1   1   1   1
74	(   3   5   6   6   3   5   2 )	2300   0   1   1   1   2   2   1   1   1   1   1   1   1   1   1
75	(   4   4   6   6   3   5   2 )	2270   0   1   1   1   2   2   1   1   1   1   1   1   1   1   1
76	(   3   3   3   7   1   5   2 )	   0 inf   1   1   2   2   5   2   1   1   1   1   1   1   1   1
77	(   3   4   4   4   1   5   2 )	   0 inf   1   1   2   2   5   2   1   1   1   1   1   1   1   1
78	(   3   4   4   7   1   2   2 )	1755   0   1   1   2   2   5   2   1   1   1   1   1   1   1   1
79	(   3   4   4   7   2   4   2 )	2010   0   1   1   2   2   5   2   1   1   1   1   1   1   1   1
80	(   3   4   5   6   0   4   2 )	   0 inf   1   1   2   2   5   2   1   1   1   1   1   1   1   1

BBE ( SOL ) OBJ CONS_H FRAME_SIZE MESH_SIZE
81	(   3   5   5   8   1   6   1 )	   0 inf   1   1   2   2   5   2   1   1   1   1   1   1   1   1
82	(   4   4   5   6   2   4   2 )	2045   0   1   1   2   2   5   2   1   1   1   1   1   1   1   1
83	(   2   4   2   9   0   0   2 )	   0 inf   1   1   5   5  10   5   1   1   1   1   1   1   1   1
84	(   3   3   3   8   3   1   2 )	   0 inf   1   1   5   5  10   5   1   1   1   1   1   1   1   1
85	(   3   4   3   8   3   1   2 )	   0 inf   1   1   5   5  10   5   1   1   1   1   1   1   1   1
86	(   3   4   5   6   0   3   1 )	   0 inf   1   1   5   5  10   5   1   1   1   1   1   1   1   1
87	(   3   4   5  10   0   3   2 )	   0 inf   1   1   5   5  10   5   1   1   1   1   1   1   1   1
88	(   4   4   2   9   9   0   2 )	   0 inf   1   1   5   5  10   5   1   1   1   1   1   1   1   1
89	(   4   4   6   5   0   0   2 )	   0 inf   1   1   5   5  10   5   1   1   1   1   1   1   1   1
90	(   2   5   6   1   0   8   2 )	   0 inf   1   1   5   5  10   5   1   1   1   1   1   1   1   1
91	(   2   3   5   9   0   0   2 )	1595   0   1   1   2   2   5   2   1   1   1   1   1   1   1   1
92	(   3   4   2   7   2   2   2 )	   0 inf   1   1   2   2   5   2   1   1   1   1   1   1   1   1
93	(   3   4   4   7   1   2   1 )	2200   0   1   1   2   2   5   2   1   1   1   1   1   1   1   1
94	(   3   5   4   6   0   0   2 )	1500   0   1   1   2   2   5   2   1   1   1   1   1   1   1   1
95	(   3   5   5   8   4   1   2 )	   0 inf   1   1   2   2   5   2   1   1   1   1   1   1   1   1
96	(   4   4   4   8   3   1   2 )	   0 inf   1   1   2   2   5   2   1   1   1   1   1   1   1   1
97	(   4   5   3   9   0   4   2 )	   0 inf   1   1   2   2   5   2   1   1   1   1   1   1   1   1
98	(   3   3   5   1   4   0   2 )	   0 inf   1   2   2   5  10   5   1   1   1   1   1   1   1   1
99	(   3   5   4   5   1   0   2 )	   0 inf   1   2   2   5  10   5   1   1   1   1   1   1   1   1
100	(   3   5   4   7   0   0   1 )	2000   0   1   2   2   5  10   5   1   1   1   1   1   1   1   1
101	(   3   6   2   3   3   0   2 )	   0 inf   1   2   2   5  10   5   1   1   1   1   1   1   1   1
102	(   3   6   5   3   0   0   2 )	   0 inf   1   2   2   5  10   5   1   1   1   1   1   1   1   1
103	(   3   7   3  10   0   1   2 )	   0 inf   1   2   2   5  10   5   1   1   1   1   1   1   1   1
104	(   4   5   4   6   0   0   2 )	1565   0   1   2   2   5  10   5   1   1   1   1   1   1   1   1
105	(   2   3   5  10   0   0   2 )	1690   0   1   2   2   5  10   5   1   1   1   1   1   1   1   1
106	(   2   5   4   5   3   0   2 )	   0 inf   1   1   1   2   5   2   1   1   1   1   1   1   1   1
107	(   3   5   3   5   1   0   2 )	   0 inf   1   1   1   2   5   2   1   1   1   1   1   1   1   1
108	(   3   5   4   4   0   1   1 )	   0 inf   1   1   1   2   5   2   1   1   1   1   1   1   1   1
109	(   3   5   5   7   0   0   2 )	1660   0   1   1   1   2   5   2   1   1   1   1   1   1   1   1
110	(   3   6   4   6   1   0   2 )	   0 inf   1   1   1   2   5   2   1   1   1   1   1   1   1   1
111	(   4   5   4   5   0   0   2 )	1470   0   1   1   1   2   5   2   1   1   1   1   1   1   1   1
112	(   4   5   5   4   5   0   1 )	   0 inf   1   1   1   2   5   2   1   1   1   1   1   1   1   1
113	(   4   5   4   0   2   0   2 )	   0 inf   2   1   1   5   5   2   1   1   1   1   1   1   1   1
114	(   4   5   4   2   0   2   1 )	   0 inf   2   1   1   5   5   2   1   1   1   1   1   1   1   1
115	(   4   5   4   3   0   0   1 )	   0 inf   2   1   1   5   5   2   1   1   1   1   1   1   1   1
116	(   4   5   4   3   0   1   2 )	   0 inf   2   1   1   5   5   2   1   1   1   1   1   1   1   1
117	(   4   5   5   5   0   0   2 )	1535   0   2   1   1   5   5   2   1   1   1   1   1   1   1   1
118	(   4   6   4   5   0   0   2 )	1565   0   2   1   1   5   5   2   1   1   1   1   1   1   1   1
119	(   6   5   4   5   0   0   2 )	   0 inf   2   1   1   5   5   2   1   1   1   1   1   1   1   1
120	(   2   4   3  10   0   0   2 )	   0 inf   2   1   1   5   5   2   1   1   1   1   1   1   1   1

BBE ( SOL ) OBJ CONS_H FRAME_SIZE MESH_SIZE
121	(   4   4   4   5   1   0   2 )	   0 inf   1   1   1   2   2   1   1   1   1   1   1   1   1   1
122	(   4   5   3   5   1   0   2 )	   0 inf   1   1   1   2   2   1   1   1   1   1   1   1   1   1
123	(   4   5   4   3   0   0   2 )	   0 inf   1   1   1   2   2   1   1   1   1   1   1   1   1   1
124	(   4   5   4   5   0   0   1 )	1840   0   1   1   1   2   2   1   1   1   1   1   1   1   1   1
125	(   4   5   4   5   0   1   2 )	   0 inf   1   1   1   2   2   1   1   1   1   1   1   1   1   1
126	(   5   5   4   5   0   0   2 )	1535   0   1   1   1   2   2   1   1   1   1   1   1   1   1   1
127	(   5   6   5   3   2   0   2 )	   0 inf   1   1   1   2   2   1   1   1   1   1   1   1   1   1
128	(   2   5   4   9   0   0   2 )	   0 inf   1   1   1   2   2   1   1   1   1   1   1   1   1   1
129	(   3   5   4   5   0   0   2 )	1405   0   1   1   1   1   1   1   1   1   1   1   1   1   1   1
130	(   4   4   4   5   0   0   2 )	1375   0   1   1   1   1   1   1   1   1   1   1   1   1   1   1
131	(   4   5   3   4   0   0   2 )	1310   0   1   1   1   1   1   1   1   1   1   1   1   1   1   1
132	(   4   5   4   4   0   0   2 )	1375   0   1   1   1   1   1   1   1   1   1   1   1   1   1   1
133	(   4   5   4   5   1   0   1 )	   0 inf   1   1   1   1   1   1   1   1   1   1   1   1   1   1
134	(   4   5   5   4   1   0   2 )	   0 inf   1   1   1   1   1   1   1   1   1   1   1   1   1   1
135	(   4   5   1   2   0   0   1 )	1240   0   1   1   2   2   1   1   1   1   1   1   1   1   1   1
136	(   4   5   1   5   0   0   2 )	   0 inf   1   1   2   2   1   1   1   1   1   1   1   1   1   1
137	(   4   5   3   4   0   1   2 )	   0 inf   1   1   2   2   1   1   1   1   1   1   1   1   1   1
138	(   4   5   3   4   1   0   2 )	   0 inf   1   1   2   2   1   1   1   1   1   1   1   1   1   1
139	(   4   5   4   2   0   0   2 )	   0 inf   1   1   2   2   1   1   1   1   1   1   1   1   1   1
140	(   4   6   3   4   0   0   2 )	1405   0   1   1   2   2   1   1   1   1   1   1   1   1   1   1
141	(   5   5   3   4   0   0   2 )	1375   0   1   1   2   2   1   1   1   1   1   1   1   1   1   1
142	(   4   4   0   1   0   0   1 )	   0 inf   1   1   5   5   1   1   2   1   1   1   1   1   1   1
143	(   4   5   0   0   0   0   1 )	 920   0   1   1   5   5   1   1   2   1   1   1   1   1   1   1
144	(   4   5   0   1   0   1   0 )	   0 inf   1   1   5   5   1   1   2   1   1   1   1   1   1   1
145	(   4   5   1   1   1   0   1 )	   0 inf   1   1   5   5   1   1   2   1   1   1   1   1   1   1
146	(   4   5   3   0   0   0   2 )	   0 inf   1   1   5   5   1   1   2   1   1   1   1   1   1   1
147	(   4   5   6   0   0   0   0 )	   0 inf   1   1   5   5   1   1   2   1   1   1   1   1   1   1
148	(   5   5   1   2   0   0   1 )	1320   0   1   1   5   5   1   1   2   1   1   1   1   1   1   1
149	(   3   5   0   0   0   0   1 )	 840   0   1   1  10  10   1   1   2   1   1   1   1   1   1   1
150	(   4   4   0   0   1   0   1 )	   0 inf   1   1  10  10   1   1   2   1   1   1   1   1   1   1
151	(   4   5   0   0   0   0   2 )	 735   0   1   1  10  10   1   1   2   1   1   1   1   1   1   1
152	(   4   5  10   0   0   0   1 )	   0 inf   1   1  10  10   1   1   2   1   1   1   1   1   1   1
153	(   4   6   0   0   0   0   1 )	1040   0   1   1  10  10   1   1   2   1   1   1   1   1   1   1
154	(   4   6   0   0   0   1   1 )	   0 inf   1   1  10  10   1   1   2   1   1   1   1   1   1   1
155	(   5   5   0   1   0   0   1 )	   0 inf   1   1  10  10   1   1   2   1   1   1   1   1   1   1
156	(   3   4   4   0   1   0   1 )	   0 inf   1   1  10  10   1   1   5   1   1   1   1   1   1   1
157	(   3   5   0   6   0   0   2 )	   0 inf   1   1  10  10   1   1   5   1   1   1   1   1   1   1
158	(   4   5   0   2   0   1   2 )	   0 inf   1   1  10  10   1   1   5   1   1   1   1   1   1   1
159	(   4   5   2  10   0   0   2 )	   0 inf   1   1  10  10   1   1   5   1   1   1   1   1   1   1
160	(   4   5  10   2   0   0   2 )	   0 inf   1   1  10  10   1   1   5   1   1   1   1   1   1   1

BBE ( SOL ) OBJ CONS_H FRAME_SIZE MESH_SIZE
161	(   4   6   0   3   1   0   2 )	   0 inf   1   1  10  10   1   1   5   1   1   1   1   1   1   1
162	(   5   6   0   5   0   0   2 )	   0 inf   1   1  10  10   1   1   5   1   1   1   1   1   1   1
163	(   5   4   0   0   0   0   2 )	   0 inf   1   1  10  10   1   1   5   1   1   1   1   1   1   1
164	(   4   4   1   0   0   0   2 )	   0 inf   1   1   5   5   1   1   2   1   1   1   1   1   1   1
165	(   4   5   0   0   1   0   2 )	   0 inf   1   1   5   5   1   1   2   1   1   1   1   1   1   1
166	(   4   5   1   0   0   0   0 )	   0 inf   1   1   5   5   1   1   2   1   1   1   1   1   1   1
167	(   4   5   2   0   0   1   2 )	   0 inf   1   1   5   5   1   1   2   1   1   1   1   1   1   1
168	(   4   5   5   1   0   0   2 )	   0 inf   1   1   5   5   1   1   2   1   1   1   1   1   1   1
169	(   4   6   0   1   0   0   2 )	   0 inf   1   1   5   5   1   1   2   1   1   1   1   1   1   1
170	(   5   5   0   0   0   0   2 )	 800   0   1   1   5   5   1   1   2   1   1   1   1   1   1   1
171	(   3   5   0   0   0   0   2 )	 670   0   1   1   5   5   1   1   2   1   1   1   1   1   1   1
172	(   1   5   0   0   0   0   2 )	   0 inf   2   1   5   5   1   1   2   1   1   1   1   1   1   1
173	(   2   4   3   2   1   0   1 )	   0 inf   2   1   5   5   1   1   2   1   1   1   1   1   1   1
174	(   2   6   0   1   1   0   1 )	   0 inf   2   1   5   5   1   1   2   1   1   1   1   1   1   1
175	(   2   6   4   2   0   0   1 )	   0 inf   2   1   5   5   1   1   2   1   1   1   1   1   1   1
176	(   3   5   0   5   0   0   2 )	   0 inf   2   1   5   5   1   1   2   1   1   1   1   1   1   1
177	(   3   5   1   0   0   0   2 )	   0 inf   2   1   5   5   1   1   2   1   1   1   1   1   1   1
178	(   3   5   1   0   0   1   2 )	   0 inf   2   1   5   5   1   1   2   1   1   1   1   1   1   1
179	(   8   4   0   0   0   0   2 )	   0 inf   2   1   5   5   1   1   2   1   1   1   1   1   1   1
180	(   2   4   0   2   1   0   1 )	   0 inf   1   1   2   2   1   1   1   1   1   1   1   1   1   1
181	(   2   5   1   0   0   0   2 )	   0 inf   1   1   2   2   1   1   1   1   1   1   1   1   1   1
182	(   3   4   0   0   0   0   2 )	 575   0   1   1   2   2   1   1   1   1   1   1   1   1   1   1
183	(   3   4   1   2   0   0   2 )	 830   0   1   1   2   2   1   1   1   1   1   1   1   1   1   1
184	(   3   5   0   0   0   1   2 )	   0 inf   1   1   2   2   1   1   1   1   1   1   1   1   1   1
185	(   3   6   0   0   1   0   2 )	   0 inf   1   1   2   2   1   1   1   1   1   1   1   1   1   1
186	(   3   6   2   1   1   0   2 )	   0 inf   1   1   2   2   1   1   1   1   1   1   1   1   1   1
187	(   2   4   0   1   0   0   2 )	   0 inf   1   2   2   2   1   1   1   1   1   1   1   1   1   1
188	(   3   2   0   0   0   0   2 )	   0 inf   1   2   2   2   1   1   1   1   1   1   1   1   1   1
189	(   3   4   0   0   0   0   1 )	 720   0   1   2   2   2   1   1   1   1   1   1   1   1   1   1
190	(   3   4   0   0   0   1   2 )	   0 inf   1   2   2   2   1   1   1   1   1   1   1   1   1   1
191	(   3   4   0   1   1   0   2 )	   0 inf   1   2   2   2   1   1   1   1   1   1   1   1   1   1
192	(   4   4   0   2   0   0   2 )	   0 inf   1   2   2   2   1   1   1   1   1   1   1   1   1   1
193	(   4   4   2   0   0   0   2 )	   0 inf   1   2   2   2   1   1   1   1   1   1   1   1   1   1
194	(   2   6   0   0   0   0   2 )	   0 inf   1   2   2   2   1   1   1   1   1   1   1   1   1   1
195	(   3   3   0   0   0   0   2 )	 480   0   1   1   1   1   1   1   1   1   1   1   1   1   1   1
196	(   3   4   0   0   1   0   2 )	   0 inf   1   1   1   1   1   1   1   1   1   1   1   1   1   1
197	(   3   4   0   1   0   0   2 )	   0 inf   1   1   1   1   1   1   1   1   1   1   1   1   1   1
198	(   3   4   1   0   0   0   2 )	   0 inf   1   1   1   1   1   1   1   1   1   1   1   1   1   1
199	(   3   4   1   1   0   0   1 )	 920   0   1   1   1   1   1   1   1   1   1   1   1   1   1   1
200	(   4   4   0   0   0   0   2 )	 640   0   1   1   1   1   1   1   1   1   1   1   1   1   1   1

BBE ( SOL ) OBJ CONS_H FRAME_SIZE MESH_SIZE
201	(   2   1   0   0   0   0   2 )	   0 inf   1   2   1   1   1   1   1   1   1   1   1   1   1   1
202	(   2   1   0   0   0   1   2 )	   0 inf   1   2   1   1   1   1   1   1   1   1   1   1   1   1
203	(   2   4   0   0   1   0   1 )	   0 inf   1   2   1   1   1   1   1   1   1   1   1   1   1   1
204	(   3   2   0   0   1   0   2 )	   0 inf   1   2   1   1   1   1   1   1   1   1   1   1   1   1
205	(   3   3   0   1   0   0   2 )	   0 inf   1   2   1   1   1   1   1   1   1   1   1   1   1   1
206	(   4   2   0   0   0   0   1 )	   0 inf   1   2   1   1   1   1   1   1   1   1   1   1   1   1
207	(   4   2   1   0   0   0   2 )	   0 inf   1   2   1   1   1   1   1   1   1   1   1   1   1   1
208	(   4   9   0   0   0   0   2 )	   0 inf   1   2   1   1   1   1   1   1   1   1   1   1   1   1
209	(   3   2   1   1   0   0   2 )	   0 inf   1   1   1   1   1   1   1   1   1   1   1   1   1   1
210	(   3   3   0   0   0   0   1 )	 600   0   1   1   1   1   1   1   1   1   1   1   1   1   1   1
211	(   3   3   0   0   0   1   2 )	   0 inf   1   1   1   1   1   1   1   1   1   1   1   1   1   1
212	(   3   3   0   0   1   0   2 )	   0 inf   1   1   1   1   1   1   1   1   1   1   1   1   1   1
213	(   3   3   0   1   1   0   2 )	   0 inf   1   1   1   1   1   1   1   1   1   1   1   1   1   1
214	(   3   3   1   0   1   0   2 )	   0 inf   1   1   1   1   1   1   1   1   1   1   1   1   1   1
215	(   4   3   0   0   0   0   2 )	   0 inf   1   1   1   1   1   1   1   1   1   1   1   1   1   1
216	(   2   4   0   0   0   0   2 )	 510   0   1   1   1   1   1   1   1   1   1   1   1   1   1   1
217	(   2   3   0   0   0   0   2 )	 415   0   1   1   1   1   1   1   1   1   1   1   1   1   1   1
218	(   4   3   1   0   0   0   2 )	   0 inf   1   1   1   1   1   1   1   1   1   1   1   1   1   1
219	(   0   3   0   0   0   0   2 )	   0 inf   2   1   1   1   1   1   1   1   1   1   1   1   1   1
220	(   1   3   0   1   0   0   2 )	   0 inf   2   1   1   1   1   1   1   1   1   1   1   1   1   1
221	(   2   2   0   0   0   0   2 )	 320   0   2   1   1   1   1   1   1   1   1   1   1   1   1   1
222	(   2   3   0   0   0   1   2 )	   0 inf   2   1   1   1   1   1   1   1   1   1   1   1   1   1
223	(   2   3   0   0   1   0   2 )	   0 inf   2   1   1   1   1   1   1   1   1   1   1   1   1   1
224	(   2   3   1   0   0   0   2 )	   0 inf   2   1   1   1   1   1   1   1   1   1   1   1   1   1
225	(   2   0   0   0   0   0   2 )	   0 inf   2   2   1   1   1   1   1   1   1   1   1   1   1   1
226	(   2   2   0   1   0   0   2 )	   0 inf   2   2   1   1   1   1   1   1   1   1   1   1   1   1
227	(   2   2   1   0   1   0   2 )	   0 inf   2   2   1   1   1   1   1   1   1   1   1   1   1   1
228	(   2   3   0   0   1   0   1 )	   0 inf   2   2   1   1   1   1   1   1   1   1   1   1   1   1
229	(   2   3   0   0   1   1   2 )	 575   0   2   2   1   1   1   1   1   1   1   1   1   1   1   1
230	(   3   1   1   0   0   1   1 )	   0 inf   2   2   1   1   1   1   1   1   1   1   1   1   1   1
231	(   4   2   0   0   0   0   2 )	   0 inf   2   2   1   1   1   1   1   1   1   1   1   1   1   1
232	(   1   2   0   0   0   0   2 )	 255   0   1   1   1   1   1   1   1   1   1   1   1   1   1   1
233	(   2   2   0   0   0   0   1 )	 400   0   1   1   1   1   1   1   1   1   1   1   1   1   1   1
234	(   2   2   0   0   1   0   2 )	   0 inf   1   1   1   1   1   1   1   1   1   1   1   1   1   1
235	(   2   2   0   1   0   0   1 )	   0 inf   1   1   1   1   1   1   1   1   1   1   1   1   1   1
236	(   2   2   1   0   0   0   2 )	   0 inf   1   1   1   1   1   1   1   1   1   1   1   1   1   1
237	(   2   2   1   0   0   1   2 )	   0 inf   1   1   1   1   1   1   1   1   1   1   1   1   1   1
238	(   0   1   0   0   0   0   1 )	   0 inf   2   1   1   1   1   1   1   1   1   1   1   1   1   1
239	(   0   2   0   0   0   0   2 )	   0 inf   2   1   1   1   1   1   1   1   1   1   1   1   1   1
240	(   1   1   0   0   0   1   2 )	   0 inf   2   1   1   1   1   1   1   1   1   1   1   1   1   1

BBE ( SOL ) OBJ CONS_H FRAME_SIZE MESH_SIZE
241	(   1   2   0   0   1   0   2 )	   0 inf   2   1   1   1   1   1   1   1   1   1   1   1   1   1
242	(   1   2   0   1   0   0   2 )	   0 inf   2   1   1   1   1   1   1   1   1   1   1   1   1   1
243	(   1   2   1   0   0   0   2 )	   0 inf   2   1   1   1   1   1   1   1   1   1   1   1   1   1
244	(   1   3   0   0   0   0   2 )	   0 inf   2   1   1   1   1   1   1   1   1   1   1   1   1   1
245	(   0   2   0   1   0   0   2 )	   0 inf   1   1   1   1   1   1   1   1   1   1   1   1   1   1
246	(   0   2   1   0   1   0   2 )	   0 inf   1   1   1   1   1   1   1   1   1   1   1   1   1   1
247	(   1   1   0   0   0   0   2 )	 160   0   1   1   1   1   1   1   1   1   1   1   1   1   1   1
248	(   1   2   0   0   0   0   1 )	 320   0   1   1   1   1   1   1   1   1   1   1   1   1   1   1
249	(   1   2   0   0   0   1   2 )	   0 inf   1   1   1   1   1   1   1   1   1   1   1   1   1   1
250	(   1   2   0   1   1   0   2 )	   0 inf   1   1   1   1   1   1   1   1   1   1   1   1   1   1
251	(   0   1   0   0   0   0   2 )	   0 inf   1   2   1   1   1   1   1   1   1   1   1   1   1   1
252	(   1   0   0   0   0   0   2 )	   0 inf   1   2   1   1   1   1   1   1   1   1   1   1   1   1
253	(   1   0   0   0   1   0   2 )	   0 inf   1   2   1   1   1   1   1   1   1   1   1   1   1   1
254	(   1   0   0   1   0   0   2 )	   0 inf   1   2   1   1   1   1   1   1   1   1   1   1   1   1
255	(   1   0   1   0   0   0   2 )	   0 inf   1   2   1   1   1   1   1   1   1   1   1   1   1   1
256	(   1   1   0   0   0   1   1 )	   0 inf   1   2   1   1   1   1   1   1   1   1   1   1   1   1
257	(   1   3   0   0   0   1   2 )	   0 inf   1   2   1   1   1   1   1   1   1   1   1   1   1   1
258	(   0   1   1   0   0   0   2 )	   0 inf   1   1   1   1   1   1   1   1   1   1   1   1   1   1
259	(   0   1   1   1   0   0   2 )	   0 inf   1   1   1   1   1   1   1   1   1   1   1   1   1   1
260	(   1   1   0   0   0   0   1 )	 200   0   1   1   1   1   1   1   1   1   1   1   1   1   1   1
261	(   1   1   0   0   1   0   2 )	   0 inf   1   1   1   1   1   1   1   1   1   1   1   1   1   1
262	(   2   1   0   1   0   0   2 )	   0 inf   1   1   1   1   1   1   1   1   1   1   1   1   1   1
263	(   0   1   0   0   0   1   2 )	   0 inf   1   1   1   1   1   1   1   1   1   1   1   1   1   1
264	(   0   1   0   0   1   0   2 )	   0 inf   1   1   1   1   1   1   1   1   1   1   1   1   1   1
265	(   1   1   0   1   0   0   2 )	   0 inf   1   1   1   1   1   1   1   1   1   1   1   1   1   1
266	(   1   1   1   0   0   0   2 )	   0 inf   1   1   1   1   1   1   1   1   1   1   1   1   1   1
267	(   2   1   0   0   0   0   1 )	   0 inf   1   1   1   1   1   1   1   1   1   1   1   1   1   1
268	(   2   1   0   0   1   1   2 )	   0 inf   1   1   1   1   1   1   1   1   1   1   1   1   1   1
269	(   1   0   0   0   0   0   1 )	   0 inf   1   1   1   1   1   1   1   1   1   1   1   1   1   1
270	(   1   0   0   0   0   1   2 )	   0 inf   1   1   1   1   1   1   1   1   1   1   1   1   1   1
271	(   1   0   1   0   0   1   1 )	   0 inf   1   1   1   1   1   1   1   1   1   1   1   1   1   1
272	(   1   2   0   0   0   1   1 )	   0 inf   1   1   1   1   1   1   1   1   1   1   1   1   1   1
273	(   1   2   1   0   0   0   1 )	   0 inf   1   1   1   1   1   1   1   1   1   1   1   1   1   1
274	(   1   2   1   0   0   1   2 )	   0 inf   1   1   1   1   1   1   1   1   1   1   1   1   1   1
275	(   0   0   0   0   1   0   2 )	   0 inf   1   1   1   1   1   1   1   1   1   1   1   1   1   1
276	(   2   1   1   0   0   0   2 )	   0 inf   1   1   1   1   1   1   1   1   1   1   1   1   1   1
277	(   1   0   0   0   0   1   1 )	   0 inf   1   1   1   1   1   1   1   1   1   1   1   1   1   1
278	(   1   0   0   0   1   1   2 )	   0 inf   1   1   1   1   1   1   1   1   1   1   1   1   1   1
279	(   1   1   0   0   1   1   1 )	 400   0   1   1   1   1   1   1   1   1   1   1   1   1   1   1
280	(   0   0   0   1   1   0   2 )	   0 inf   1   1   1   1   1   1   1   1   1   1   1   1   1   1

BBE ( SOL ) OBJ CONS_H FRAME_SIZE MESH_SIZE
281	(   0   2   0   1   1   0   1 )	   0 inf   1   1   1   1   1   1   1   1   1   1   1   1   1   1
282	(   1   0   0   1   0   0   1 )	   0 inf   1   1   1   1   1   1   1   1   1   1   1   1   1   1
283	(   2   0   0   0   1   0   1 )	   0 inf   1   1   1   1   1   1   1   1   1   1   1   1   1   1
284	(   1   1   1   1   0   0   2 )	 320   0   1   1   1   1   1   1   1   1   1   1   1   1   1   1
285	(   1   1   1   0   0   0   1 )	   0 inf   1   1   1   1   1   1   1   1   1   1   1   1   1   1
286	(   0   0   0   1   0   0   1 )	   0 inf   1   1   1   1   1   1   1   1   1   1   1   1   1   1
287	(   0   0   1   0   0   0   2 )	   0 inf   1   1   1   1   1   1   1   1   1   1   1   1   1   1
288	(   2   0   0   0   0   0   1 )	   0 inf   1   1   1   1   1   1   1   1   1   1   1   1   1   1
289	(   1   1   0   1   0   1   2 )	   0 inf   1   1   1   1   1   1   1   1   1   1   1   1   1   1
290	(   1   1   1   0   0   1   1 )	   0 inf   1   1   1   1   1   1   1   1   1   1   1   1   1   1
291	(   1   1   1   1   0   1   1 )	   0 inf   1   1   1   1   1   1   1   1   1   1   1   1   1   1
292	(   1   2   0   1   0   0   1 )	   0 inf   1   1   1   1   1   1   1   1   1   1   1   1   1   1
293	(   0   1   0   0   1   0   1 )	   0 inf   1   1   1   1   1   1   1   1   1   1   1   1   1   1
294	(   0   0   0   0   0   0   2 )	   0   0   1   1   1   1   1   1   1   1   1   1   1   1   1   1
295	(   2   2   0   0   0   1   1 )	   0 inf   1   1   1   1   1   1   1   1   1   1   1   1   1   1
296	(   0   0   0   1   0   0   2 )	   0 inf   2   2   1   1   1   1   1   1   1   1   1   1   1   1
297	(   0   1   0   0   0   1   1 )	   0 inf   2   2   1   1   1   1   1   1   1   1   1   1   1   1
298	(   0   1   1   0   0   0   1 )	   0 inf   2   2   1   1   1   1   1   1   1   1   1   1   1   1
299	(   2   0   1   0   0   1   1 )	   0 inf   2   2   1   1   1   1   1   1   1   1   1   1   1   1
300	(   0   0   0   0   0   0   1 )	   0   0   1   1   1   1   1   1   1   1   1   1   1   1   1   1
301	(   0   0   0   0   0   1   2 )	   0 inf   1   1   1   1   1   1   1   1   1   1   1   1   1   1
302	(   0   0   0   0   1   0   1 )	   0 inf   1   1   1   1   1   1   1   1   1   1   1   1   1   1
303	(   0   0   1   0   1   0   2 )	   0 inf   1   1   1   1   1   1   1   1   1   1   1   1   1   1
304	(   1   0   0   0   1   0   1 )	   0 inf   1   1   1   1   1   1   1   1   1   1   1   1   1   1
305	(   0   0   0   0   1   1   2 )	 160   0   1   1   1   1   1   1   1   1   1   1   1   1   1   1
306	(   0   0   0   1   0   1   2 )	   0 inf   1   1   1   1   1   1   1   1   1   1   1   1   1   1
307	(   1   0   0   1   1   0   2 )	   0 inf   1   1   1   1   1   1   1   1   1   1   1   1   1   1
308	(   1   0   0   1   0   1   2 )	   0 inf   1   1   1   1   1   1   1   1   1   1   1   1   1   1
309	(   0   0   1   1   0   1   1 )	   0 inf   1   1   1   1   1   1   1   1   1   1   1   1   1   1
310	(   1   0   1   1   0   1   2 )	   0 inf   1   1   1   1   1   1   1   1   1   1   1   1   1   1
311	(   0   0   1   0   1   1   2 )	   0 inf   1   1   1   1   1   1   1   1   1   1   1   1   1   1
312	(   0   0   1   1   0   0   2 )	 160   0   1   1   1   1   1   1   1   1   1   1   1   1   1   1
313	(   1   0   1   0   0   1   2 )	   0 inf   1   1   1   1   1   1   1   1   1   1   1   1   1   1
314	(   0   0   1   0   1   0   1 )	   0 inf   1   1   1   1   1   1   1   1   1   1   1   1   1   1
315	(   0   1   1   0   1   0   2 )	   0 inf   1   1   1   1   1   1   1   1   1   1   1   1   1   1
316	(   0   0   1   0   0   0   1 )	   0 inf   1   1   1   1   1   1   1   1   1   1   1   1   1   1
317	(   0   1   0   1   0   0   2 )	   0 inf   1   1   1   1   1   1   1   1   1   1   1   1   1   1
318	(   0   0   0   0   0   1   1 )	   0 inf   1   1   1   1   1   1   1   1   1   1   1   1   1   1
319	(   0   1   0   1   1   0   2 )	   0 inf   1   1   1   1   1   1   1   1   1   1   1   1   1   1
320	(   1   0   0   1   0   1   1 )	   0 inf   1   1   1   1   1   1   1   1   1   1   1   1   1   1

BBE ( SOL ) OBJ CONS_H FRAME_SIZE MESH_SIZE
321	(   1   1   0   1   1   0   2 )	   0 inf   1   1   1   1   1   1   1   1   1   1   1   1   1   1
322	(   0   1   1   0   1   1   2 )	   0 inf   1   1   1   1   1   1   1   1   1   1   1   1   1   1
323	(   1   1   0   0   1   0   1 )	   0 inf   1   1   1   1   1   1   1   1   1   1   1   1   1   1
324	(   0   0   0   0   1   1   1 )	 200   0   1   1   1   1   1   1   1   1   1   1   1   1   1   1
325	(   0   0   1   1   1   0   1 )	   0 inf   1   1   1   1   1   1   1   1   1   1   1   1   1   1
326	(   0   0   1   0   0   1   1 )	   0 inf   1   1   1   1   1   1   1   1   1   1   1   1   1   1
327	(   0   0   0   1   0   1   1 )	   0 inf   1   1   1   1   1   1   1   1   1   1   1   1   1   1
328	(   0   1   0   0   1   1   1 )	   0 inf   1   1   1   1   1   1   1   1   1   1   1   1   1   1
329	(   0   1   1   0   1   0   1 )	   0 inf   1   1   1   1   1   1   1   1   1   1   1   1   1   1
330	(   0   0   1   0   0   1   2 )	   0 inf   1   1   1   1   1   1   1   1   1   1   1   1   1   1
331	(   1   1   0   1   1   1   1 )	   0 inf   1   1   1   1   1   1   1   1   1   1   1   1   1   1
332	(   1   1   1   0   0   1   2 )	   0 inf   1   1   1   1   1   1   1   1   1   1   1   1   1   1
333	(   1   0   1   1   0   0   2 )	   0 inf   1   1   1   1   1   1   1   1   1   1   1   1   1   1
334	(   0   1   1   0   0   1   1 )	   0 inf   1   1   1   1   1   1   1   1   1   1   1   1   1   1
335	(   0   1   0   1   0   1   1 )	   0 inf   1   1   1   1   1   1   1   1   1   1   1   1   1   1
336	(   0   1   0   1   1   1   2 )	   0 inf   1   1   1   1   1   1   1   1   1   1   1   1   1   1
337	(   0   1   1   1   0   1   1 )	   0 inf   1   1   1   1   1   1   1   1   1   1   1   1   1   1
338	(   1   0   0   0   1   1   1 )	   0 inf   1   1   1   1   1   1   1   1   1   1   1   1   1   1
339	(   0   0   1   1   0   0   1 )	 200   0   1   1   1   1   1   1   1   1   1   1   1   1   1   1
340	(   0   1   0   1   0   0   1 )	   0 inf   1   1   1   1   1   1   1   1   1   1   1   1   1   1
341	(   1   0   1   1   0   0   1 )	   0 inf   1   1   1   1   1   1   1   1   1   1   1   1   1   1
342	(   0   0   1   1   1   0   2 )	   0 inf   1   1   1   1   1   1   1   1   1   1   1   1   1   1
343	(   1   1   1   1   1   0   2 )	   0 inf   1   1   1   1   1   1   1   1   1   1   1   1   1   1
344	(   0   0   0   1   1   1   2 )	   0 inf   1   1   1   1   1   1   1   1   1   1   1   1   1   1
345	(   0   1   0   1   0   1   2 )	   0 inf   1   1   1   1   1   1   1   1   1   1   1   1   1   1
346	(   1   0   1   0   1   1   2 )	   0 inf   1   1   1   1   1   1   1   1   1   1   1   1   1   1
347	(   1   0   0   1   1   1   2 )	   0 inf   1   1   1   1   1   1   1   1   1   1   1   1   1   1
348	(   1   0   1   1   1   0   2 )	   0 inf   1   1   1   1   1   1   1   1   1   1   1   1   1   1
349	(   0   0   1   0   1   1   1 )	   0 inf   1   1   1   1   1   1   1   1   1   1   1   1   1   1
350	(   0   1   0   0   1   1   2 )	   0 inf   1   1   1   1   1   1   1   1   1   1   1   1   1   1
351	(   0   1   1   1   0   1   2 )	   0 inf   1   1   1   1   1   1   1   1   1   1   1   1   1   1
352	(   0   0   1   1   1   1   2 )	 320   0   1   1   1   1   1   1   1   1   1   1   1   1   1   1
353	(   1   1   0   1   0   0   1 )	   0 inf   1   1   1   1   1   1   1   1   1   1   1   1   1   1
354	(   1   1   0   0   1   1   2 )	 320   0   1   1   1   1   1   1   1   1   1   1   1   1   1   1
355	(   0   1   1   0   0   1   2 )	   0 inf   1   1   1   1   1   1   1   1   1   1   1   1   1   1
356	(   1   1   1   0   1   0   2 )	   0 inf   1   1   1   1   1   1   1   1   1   1   1   1   1   1
357	(   1   0   1   0   0   0   1 )	   0 inf   1   1   1   1   1   1   1   1   1   1   1   1   1   1
358	(   1   0   0   1   1   0   1 )	   0 inf   1   1   1   1   1   1   1   1   1   1   1   1   1   1
359	(   0   0   0   1   1   1   1 )	   0 inf   1   1   1   1   1   1   1   1   1   1   1   1   1   1
360	(   1   0   1   0   1   0   2 )	   0 inf   1   1   1   1   1   1   1   1   1   1   1   1   1   1

BBE ( SOL ) OBJ CONS_H FRAME_SIZE MESH_SIZE
361	(   0   1   1   0   1   1   1 )	   0 inf   1   1   1   1   1   1   1   1   1   1   1   1   1   1
362	(   0   0   0   1   1   0   1 )	   0 inf   1   1   1   1   1   1   1   1   1   1   1   1   1   1
363	(   1   0   1   1   1   1   2 )	   0 inf   1   1   1   1   1   1   1   1   1   1   1   1   1   1
364	(   0   0   1   1   0   1   2 )	   0 inf   1   1   1   1   1   1   1   1   1   1   1   1   1   1
365	(   1   1   1   1   0   1   2 )	   0 inf   1   1   1   1   1   1   1   1   1   1   1   1   1   1
366	(   0   1   0   1   1   0   1 )	   0 inf   1   1   1   1   1   1   1   1   1   1   1   1   1   1
367	(   1   0   0   1   1   1   1 )	   0 inf   1   1   1   1   1   1   1   1   1   1   1   1   1   1
368	(   0   1   1   1   0   0   1 )	   0 inf   1   1   1   1   1   1   1   1   1   1   1   1   1   1
369	(   1   1   1   1   0   0   1 )	 400   0   1   1   1   1   1   1   1   1   1   1   1   1   1   1
370	(   0   1   1   1   1   0   2 )	   0 inf   1   1   1   1   1   1   1   1   1   1   1   1   1   1
371	(   1   0   1   1   1   0   1 )	   0 inf   1   1   1   1   1   1   1   1   1   1   1   1   1   1
372	(   1   0   1   0   1   1   1 )	   0 inf   1   1   1   1   1   1   1   1   1   1   1   1   1   1
373	(   1   0   1   0   1   0   1 )	   0 inf   1   1   1   1   1   1   1   1   1   1   1   1   1   1
374	(   0   0   1   1   1   1   1 )	 400   0   1   1   1   1   1   1   1   1   1   1   1   1   1   1
375	(   0   1   1   1   1   1   1 )	   0 inf   1   1   1   1   1   1   1   1   1   1   1   1   1   1
376	(   0   1   0   1   1   1   1 )	   0 inf   1   1   1   1   1   1   1   1   1   1   1   1   1   1
377	(   1   1   0   1   0   1   1 )	   0 inf   1   1   1   1   1   1   1   1   1   1   1   1   1   1
378	(   0   1   1   1   1   1   2 )	   0 inf   1   1   1   1   1   1   1   1   1   1   1   1   1   1
379	(   1   1   1   0   1   1   2 )	   0 inf   1   1   1   1   1   1   1   1   1   1   1   1   1   1
380	(   0   1   1   1   1   0   1 )	   0 inf   1   1   1   1   1   1   1   1   1   1   1   1   1   1
381	(   1   1   0   1   1   0   1 )	   0 inf   1   1   1   1   1   1   1   1   1   1   1   1   1   1
382	(   1   1   0   1   1   1   2 )	   0 inf   1   1   1   1   1   1   1   1   1   1   1   1   1   1
383	(   1   1   1   0   1   0   1 )	   0 inf   1   1   1   1   1   1   1   1   1   1   1   1   1   1
384	(   1   1   1   1   1   0   1 )	   0 inf   1   1   1   1   1   1   1   1   1   1   1   1   1   1
385	(   1   1   1   0   1   1   1 )	   0 inf   1   1   1   1   1   1   1   1   1   1   1   1   1   1
386	(   1   0   1   1   0   1   1 )	   0 inf   1   1   1   1   1   1   1   1   1   1   1   1   1   1
387	(   1   0   1   1   1   1   1 )	   0 inf   1   1   1   1   1   1   1   1   1   1   1   1   1   1
388	(   1   1   1   1   1   1   2 )	 480   0   1   1   1   1   1   1   1   1   1   1   1   1   1   1
A termination criterion is reached: Maximum number of total evaluations (Eval Global) 218712

Best feasible solution:     #649 ( 0 0 0 0 0 0 2 )	Evaluation OK	 f =   0                     	 h =   0                      (L2)

Best infeasible solution:   Undefined.

Blackbox evaluations:         388
Cache hits:                   218324
Total number of evaluations:  218712
