All variables are granular. MAX_EVAL is set to 218700 to prevent algorithm from circling around best solution indefinitely
BBE ( SOL ) OBJ CONS_H FRAME_SIZE MESH_SIZE
1	(   4   8   4   8   4   8   0 )	4800   0  
2	(   0  10   6   8   2  10   2 )	   0 inf   5   5   5   5   5   5   5   1   1   1   1   1   1   1
3	(   2   7   9   8   5   7   0 )	   0 inf   5   5   5   5   5   5   5   1   1   1   1   1   1   1
4	(   3  10   3   8   5   7   0 )	   0 inf   5   5   5   5   5   5   5   1   1   1   1   1   1   1
5	(   4   8   4  10   4   8   0 )	   0 inf   5   5   5   5   5   5   5   1   1   1   1   1   1   1
6	(   5   3   5   8   3   9   1 )	   0 inf   5   5   5   5   5   5   5   1   1   1   1   1   1   1
7	(   6   9   0   8   3   9   2 )	   0 inf   5   5   5   5   5   5   5   1   1   1   1   1   1   1
8	(   8   6   2   8   6   4   0 )	   0 inf   5   5   5   5   5   5   5   1   1   1   1   1   1   1
9	(   4  10   3   6   4  10   0 )	   0 inf   5   5   5   5   5   5   5   1   1   1   1   1   1   1
10	(   4   8   2   8   3   7   0 )	   0 inf   2   2   2   2   2   2   2   1   1   1   1   1   1   1
11	(   4   8   4   6   4   8   0 )	4500   0   2   2   2   2   2   2   2   1   1   1   1   1   1   1
12	(   4   8   5   8   6   7   0 )	4950   0   2   2   2   2   2   2   2   1   1   1   1   1   1   1
13	(   4   8   6   8   5   9   2 )	3350   0   2   2   2   2   2   2   2   1   1   1   1   1   1   1
14	(   4   9   6   8   2   7   0 )	   0 inf   2   2   2   2   2   2   2   1   1   1   1   1   1   1
15	(   4  10   4   8   4   8   0 )	   0 inf   2   2   2   2   2   2   2   1   1   1   1   1   1   1
16	(   6   8   4   8   4   8   0 )	5000   0   2   2   2   2   2   2   2   1   1   1   1   1   1   1
17	(   2   7  10   8   9   4   2 )	   0 inf   2   2   5   2   5   5   5   1   1   1   1   1   1   1
18	(   3   9   4   8  10  10   0 )	   0 inf   2   2   5   2   5   5   5   1   1   1   1   1   1   1
19	(   3   9  10   8   3  10   0 )	   0 inf   2   2   5   2   5   5   5   1   1   1   1   1   1   1
20	(   4   8   6  10   5   9   2 )	3540   0   2   2   5   2   5   5   5   1   1   1   1   1   1   1
21	(   5   7   8   8   7   7   0 )	5300   0   2   2   5   2   5   5   5   1   1   1   1   1   1   1
22	(   5  10   8   8   6   7   2 )	3610   0   2   2   5   2   5   5   5   1   1   1   1   1   1   1
23	(   6   7   9   8   8  10   2 )	   0 inf   2   2   5   2   5   5   5   1   1   1   1   1   1   1
24	(   4   7   0   6   0  10   2 )	   0 inf   2   2   5   2   5   5   5   1   1   1   1   1   1   1
25	(   4   7   6   7   6  10   2 )	3320   0   1   1   2   1   2   2   2   1   1   1   1   1   1   1
26	(   4   7   7   9   6   7   2 )	3290   0   1   1   2   1   2   2   2   1   1   1   1   1   1   1
27	(   4   8   6   8   5   9   0 )	5250   0   1   1   2   1   2   2   2   1   1   1   1   1   1   1
28	(   4   8   7   9   6  10   2 )	3670   0   1   1   2   1   2   2   2   1   1   1   1   1   1   1
29	(   4   8   8   8   5   9   2 )	3480   0   1   1   2   1   2   2   2   1   1   1   1   1   1   1
30	(   4   9   6   8   7   8   2 )	   0 inf   1   1   2   1   2   2   2   1   1   1   1   1   1   1
31	(   5   8   6   8   5   9   2 )	3415   0   1   1   2   1   2   2   2   1   1   1   1   1   1   1
32	(   4   6   6   9   8   2   2 )	   0 inf   1   2   5   2   5   5   2   1   1   1   1   1   1   1
33	(   4   7   7   9   6   7   0 )	5150   0   1   2   5   2   5   5   2   1   1   1   1   1   1   1
34	(   4   7   7  10   6   7   2 )	3385   0   1   2   5   2   5   5   2   1   1   1   1   1   1   1
35	(   4   7  10   9   6   6   2 )	   0 inf   1   2   5   2   5   5   2   1   1   1   1   1   1   1
36	(   4   8   7   9  10   8   2 )	   0 inf   1   2   5   2   5   5   2   1   1   1   1   1   1   1
37	(   4   9   8   9   5   3   2 )	   0 inf   1   2   5   2   5   5   2   1   1   1   1   1   1   1
38	(   5   6   7   9   6   6   2 )	3165   0   1   2   5   2   5   5   2   1   1   1   1   1   1   1
39	(   3   3   7  10   2   4   2 )	2395   0   2   5   5   2   5  10   2   1   1   1   1   1   1   1
40	(   4   1   7   7  10   9   2 )	   0 inf   2   5   5   2   5  10   2   1   1   1   1   1   1   1

BBE ( SOL ) OBJ CONS_H FRAME_SIZE MESH_SIZE
41	(   5   6   7   9   6   6   0 )	4950   0   2   5   5   2   5  10   2   1   1   1   1   1   1   1
42	(   5   6  10   9   6   6   2 )	   0 inf   2   5   5   2   5  10   2   1   1   1   1   1   1   1
43	(   5   7   7   9   7   0   2 )	   0 inf   2   5   5   2   5  10   2   1   1   1   1   1   1   1
44	(   6   2   7   7   1   3   2 )	   0 inf   2   5   5   2   5  10   2   1   1   1   1   1   1   1
45	(   7   1   7  10   8   1   2 )	   0 inf   2   5   5   2   5  10   2   1   1   1   1   1   1   1
46	(   0   2   7  10   3   4   2 )	   0 inf   5  10   5   5  10  20   2   1   1   1   1   1   1   1
47	(   2   0   7  10   0   3   2 )	   0 inf   5  10   5   5  10  20   2   1   1   1   1   1   1   1
48	(   3   1   7  10   0   4   1 )	   0 inf   5  10   5   5  10  20   2   1   1   1   1   1   1   1
49	(   3   2   7  10   2   4   2 )	   0 inf   5  10   5   5  10  20   2   1   1   1   1   1   1   1
50	(   3   3   7  10   2   0   2 )	   0 inf   5  10   5   5  10  20   2   1   1   1   1   1   1   1
51	(   3   3  10  10   2   4   2 )	2590   0   5  10   5   5  10  20   2   1   1   1   1   1   1   1
52	(   3   4   7   5   2   4   2 )	   0 inf   5  10   5   5  10  20   2   1   1   1   1   1   1   1
53	(   7   9   4  10   5   9   2 )	   0 inf   5  10   5   5  10  20   2   1   1   1   1   1   1   1
54	(   1   2   6  10   4   0   2 )	   0 inf   2   5   2   2   5  10   1   1   1   1   1   1   1   1
55	(   1   5   9  10   0   0   1 )	   0 inf   2   5   2   2   5  10   1   1   1   1   1   1   1   1
56	(   3   0   7  10   2   6   2 )	   0 inf   2   5   2   2   5  10   1   1   1   1   1   1   1   1
57	(   3   3   7   8   2   4   2 )	2205   0   2   5   2   2   5  10   1   1   1   1   1   1   1   1
58	(   4   2   6  10   0   0   2 )	   0 inf   2   5   2   2   5  10   1   1   1   1   1   1   1   1
59	(   4   2   6  10   3   0   1 )	   0 inf   2   5   2   2   5  10   1   1   1   1   1   1   1   1
60	(   4   2   9  10   4   0   2 )	   0 inf   2   5   2   2   5  10   1   1   1   1   1   1   1   1
61	(   3   0   6   8   7   4   2 )	   0 inf   2   5   2   5   5  10   1   1   1   1   1   1   1   1
62	(   3   0   8   8   0   3   2 )	   0 inf   2   5   2   5   5  10   1   1   1   1   1   1   1   1
63	(   3   3   7   3   2   4   2 )	   0 inf   2   5   2   5   5  10   1   1   1   1   1   1   1   1
64	(   3   4   9   8   4   4   2 )	   0 inf   2   5   2   5   5  10   1   1   1   1   1   1   1   1
65	(   3   8   6   8   6   5   1 )	   0 inf   2   5   2   5   5  10   1   1   1   1   1   1   1   1
66	(   3   8   8   8   0   4   2 )	   0 inf   2   5   2   5   5  10   1   1   1   1   1   1   1   1
67	(   5   3   7   8   3   4   2 )	   0 inf   2   5   2   5   5  10   1   1   1   1   1   1   1   1
68	(   1   0   5  10   0   4   2 )	   0 inf   2   5   2   5   5  10   1   1   1   1   1   1   1   1
69	(   3   2   7   6   4   3   2 )	   0 inf   1   2   1   2   2   5   1   1   1   1   1   1   1   1
70	(   3   2   7   7   0   5   2 )	   0 inf   1   2   1   2   2   5   1   1   1   1   1   1   1   1
71	(   3   3   7   8   2   4   1 )	2760   0   1   2   1   2   2   5   1   1   1   1   1   1   1   1
72	(   3   3   7   8   2   9   2 )	   0 inf   1   2   1   2   2   5   1   1   1   1   1   1   1   1
73	(   3   3   8   8   2   4   2 )	2270   0   1   2   1   2   2   5   1   1   1   1   1   1   1   1
74	(   3   5   7   6   2   5   2 )	   0 inf   1   2   1   2   2   5   1   1   1   1   1   1   1   1
75	(   4   3   7   8   2   4   2 )	   0 inf   1   2   1   2   2   5   1   1   1   1   1   1   1   1
76	(   2   3   6  10   2   0   2 )	   0 inf   1   2   1   2   2   5   1   1   1   1   1   1   1   1
77	(   2   2   7   8   2   3   1 )	2440   0   1   1   1   1   1   2   1   1   1   1   1   1   1   1
78	(   3   3   7   7   2   4   2 )	2110   0   1   1   1   1   1   2   1   1   1   1   1   1   1   1
79	(   3   3   7   8   2   6   2 )	   0 inf   1   1   1   1   1   2   1   1   1   1   1   1   1   1
80	(   3   3   7   8   3   4   2 )	2270   0   1   1   1   1   1   2   1   1   1   1   1   1   1   1

BBE ( SOL ) OBJ CONS_H FRAME_SIZE MESH_SIZE
81	(   3   4   8   8   2   4   2 )	2365   0   1   1   1   1   1   2   1   1   1   1   1   1   1   1
82	(   4   4   7   8   2   5   2 )	   0 inf   1   1   1   1   1   2   1   1   1   1   1   1   1   1
83	(   4   4   8   8   3   3   1 )	3000   0   1   1   1   1   1   2   1   1   1   1   1   1   1   1
84	(   3   2   7   6   2   4   2 )	   0 inf   1   1   1   2   1   2   1   1   1   1   1   1   1   1
85	(   3   3   7   5   1   3   2 )	   0 inf   1   1   1   2   1   2   1   1   1   1   1   1   1   1
86	(   3   3   7   5   3   5   2 )	   0 inf   1   1   1   2   1   2   1   1   1   1   1   1   1   1
87	(   3   3   7   7   2   6   2 )	   0 inf   1   1   1   2   1   2   1   1   1   1   1   1   1   1
88	(   3   3   8   6   2   4   2 )	   0 inf   1   1   1   2   1   2   1   1   1   1   1   1   1   1
89	(   3   4   6   5   1   5   1 )	   0 inf   1   1   1   2   1   2   1   1   1   1   1   1   1   1
90	(   4   3   7   7   2   4   2 )	   0 inf   1   1   1   2   1   2   1   1   1   1   1   1   1   1
91	(   2   3   7  10   3   1   2 )	   0 inf   1   1   1   2   1   2   1   1   1   1   1   1   1   1
92	(   2   3   6   6   3   4   2 )	1950   0   1   1   1   1   1   1   1   1   1   1   1   1   1   1
93	(   2   3   8   6   1   4   2 )	   0 inf   1   1   1   1   1   1   1   1   1   1   1   1   1   1
94	(   3   3   7   7   2   4   1 )	2640   0   1   1   1   1   1   1   1   1   1   1   1   1   1   1
95	(   3   3   7   7   2   5   2 )	   0 inf   1   1   1   1   1   1   1   1   1   1   1   1   1   1
96	(   3   4   7   7   2   4   2 )	2205   0   1   1   1   1   1   1   1   1   1   1   1   1   1   1
97	(   4   3   6   6   1   4   2 )	   0 inf   1   1   1   1   1   1   1   1   1   1   1   1   1   1
98	(   4   3   8   6   3   4   2 )	   0 inf   1   1   1   1   1   1   1   1   1   1   1   1   1   1
99	(   0   2   6   5   3   4   1 )	   0 inf   2   1   2   2   2   1   1   1   1   1   1   1   1   1
100	(   0   3   4   7   3   4   2 )	   0 inf   2   1   2   2   2   1   1   1   1   1   1   1   1   1
101	(   1   3   8   5   3   4   2 )	   0 inf   2   1   2   2   2   1   1   1   1   1   1   1   1   1
102	(   1   4   7   6   3   4   2 )	   0 inf   2   1   2   2   2   1   1   1   1   1   1   1   1   1
103	(   2   3   6   6   3   5   2 )	2045   0   2   1   2   2   2   1   1   1   1   1   1   1   1   1
104	(   2   3   6   6   5   4   2 )	   0 inf   2   1   2   2   2   1   1   1   1   1   1   1   1   1
105	(   3   3   5   4   3   4   2 )	   0 inf   2   1   2   2   2   1   1   1   1   1   1   1   1   1
106	(   7   3   6   9   1   3   2 )	   0 inf   2   1   2   2   2   1   1   1   1   1   1   1   1   1
107	(   1   3   6   6   3   4   2 )	   0 inf   1   1   1   1   1   1   1   1   1   1   1   1   1   1
108	(   2   2   7   5   4   5   2 )	   0 inf   1   1   1   1   1   1   1   1   1   1   1   1   1   1
109	(   2   3   5   5   4   3   2 )	   0 inf   1   1   1   1   1   1   1   1   1   1   1   1   1   1
110	(   2   3   6   6   3   4   1 )	2440   0   1   1   1   1   1   1   1   1   1   1   1   1   1   1
111	(   2   3   6   7   4   5   2 )	2205   0   1   1   1   1   1   1   1   1   1   1   1   1   1   1
112	(   2   4   5   5   2   5   2 )	   0 inf   1   1   1   1   1   1   1   1   1   1   1   1   1   1
113	(   2   4   6   6   3   4   2 )	2045   0   1   1   1   1   1   1   1   1   1   1   1   1   1   1
114	(   3   2   7   8   1   2   2 )	   0 inf   1   1   1   1   1   1   1   1   1   1   1   1   1   1
115	(   2   2   6   6   3   4   2 )	1855   0   1   1   1   1   1   1   1   1   1   1   1   1   1   1
116	(   2   3   5   6   3   4   2 )	1885   0   1   1   1   1   1   1   1   1   1   1   1   1   1   1
117	(   2   3   5   6   4   3   1 )	   0 inf   1   1   1   1   1   1   1   1   1   1   1   1   1   1
118	(   2   3   6   5   3   4   2 )	   0 inf   1   1   1   1   1   1   1   1   1   1   1   1   1   1
119	(   2   3   6   5   4   5   2 )	   0 inf   1   1   1   1   1   1   1   1   1   1   1   1   1   1
120	(   2   3   6   7   3   4   1 )	2560   0   1   1   1   1   1   1   1   1   1   1   1   1   1   1

BBE ( SOL ) OBJ CONS_H FRAME_SIZE MESH_SIZE
121	(   3   3   6   6   3   4   2 )	2015   0   1   1   1   1   1   1   1   1   1   1   1   1   1   1
122	(   1   1   7   5   3   4   2 )	   0 inf   1   2   1   1   1   1   1   1   1   1   1   1   1   1
123	(   2   0   6   6   3   4   2 )	   0 inf   1   2   1   1   1   1   1   1   1   1   1   1   1   1
124	(   2   2   6   6   3   4   1 )	2320   0   1   2   1   1   1   1   1   1   1   1   1   1   1   1
125	(   2   2   6   6   3   5   2 )	1950   0   1   2   1   1   1   1   1   1   1   1   1   1   1   1
126	(   2   2   6   6   4   4   2 )	1920   0   1   2   1   1   1   1   1   1   1   1   1   1   1   1
127	(   2   2   7   7   3   4   2 )	2015   0   1   2   1   1   1   1   1   1   1   1   1   1   1   1
128	(   3   2   6   5   3   4   2 )	   0 inf   1   2   1   1   1   1   1   1   1   1   1   1   1   1
129	(   2   5   4   7   2   3   2 )	   0 inf   1   2   1   1   1   1   1   1   1   1   1   1   1   1
130	(   2   1   5   6   3   5   2 )	   0 inf   1   1   1   1   1   1   1   1   1   1   1   1   1   1
131	(   2   1   7   5   3   4   2 )	   0 inf   1   1   1   1   1   1   1   1   1   1   1   1   1   1
132	(   2   2   5   5   3   4   2 )	1695   0   1   1   1   1   1   1   1   1   1   1   1   1   1   1
133	(   2   2   6   5   3   5   2 )	   0 inf   1   1   1   1   1   1   1   1   1   1   1   1   1   1
134	(   2   2   6   6   2   4   2 )	1790   0   1   1   1   1   1   1   1   1   1   1   1   1   1   1
135	(   3   2   6   6   3   4   2 )	   0 inf   1   1   1   1   1   1   1   1   1   1   1   1   1   1
136	(   2   1   3   5   3   3   2 )	   0 inf   1   1   2   2   1   1   1   1   1   1   1   1   1   1
137	(   2   2   5   3   3   4   2 )	   0 inf   1   1   2   2   1   1   1   1   1   1   1   1   1   1
138	(   2   2   5   5   3   4   1 )	2120   0   1   1   2   2   1   1   1   1   1   1   1   1   1   1
139	(   2   2   5   5   4   4   2 )	1760   0   1   1   2   2   1   1   1   1   1   1   1   1   1   1
140	(   2   3   3   5   3   5   2 )	1755   0   1   1   2   2   1   1   1   1   1   1   1   1   1   1
141	(   2   3   4   4   3   3   2 )	1535   0   1   1   2   2   1   1   1   1   1   1   1   1   1   1
142	(   3   2   5   5   3   4   2 )	   0 inf   1   1   2   2   1   1   1   1   1   1   1   1   1   1
143	(   1   3   3   4   3   3   2 )	   0 inf   1   2   5   5   1   2   1   1   1   1   1   1   1   1
144	(   2   1   0   3   2   3   2 )	   0 inf   1   2   5   5   1   2   1   1   1   1   1   1   1   1
145	(   2   3   3   4   4   2   2 )	   0 inf   1   2   5   5   1   2   1   1   1   1   1   1   1   1
146	(   2   3   4   4   3   3   1 )	1920   0   1   2   5   5   1   2   1   1   1   1   1   1   1   1
147	(   2   3   5   0   3   3   2 )	   0 inf   1   2   5   5   1   2   1   1   1   1   1   1   1   1
148	(   2   4   0   5   3   5   2 )	   0 inf   1   2   5   5   1   2   1   1   1   1   1   1   1   1
149	(   2   5   2   3   3   2   2 )	   0 inf   1   2   5   5   1   2   1   1   1   1   1   1   1   1
150	(   3   2  10   9   3   3   2 )	   0 inf   1   2   5   5   1   2   1   1   1   1   1   1   1   1
151	(   1   3   2   5   3   3   2 )	   0 inf   1   1   2   2   1   1   1   1   1   1   1   1   1   1
152	(   2   3   3   2   3   3   2 )	   0 inf   1   1   2   2   1   1   1   1   1   1   1   1   1   1
153	(   2   3   4   4   3   2   2 )	   0 inf   1   1   2   2   1   1   1   1   1   1   1   1   1   1
154	(   2   3   5   3   4   3   2 )	   0 inf   1   1   2   2   1   1   1   1   1   1   1   1   1   1
155	(   2   4   4   4   3   3   2 )	1630   0   1   1   2   2   1   1   1   1   1   1   1   1   1   1
156	(   3   3   2   3   4   3   1 )	   0 inf   1   1   2   2   1   1   1   1   1   1   1   1   1   1
157	(   3   3   3   5   2   3   2 )	1565   0   1   1   2   2   1   1   1   1   1   1   1   1   1   1
158	(   1   2   9   6   2   4   2 )	   0 inf   1   1   2   2   1   1   1   1   1   1   1   1   1   1
159	(   1   3   4   3   3   3   2 )	   0 inf   1   1   1   1   1   1   1   1   1   1   1   1   1   1
160	(   2   2   4   4   3   3   2 )	1440   0   1   1   1   1   1   1   1   1   1   1   1   1   1   1

BBE ( SOL ) OBJ CONS_H FRAME_SIZE MESH_SIZE
161	(   2   3   4   4   3   4   2 )	1630   0   1   1   1   1   1   1   1   1   1   1   1   1   1   1
162	(   2   4   3   5   4   3   2 )	   0 inf   1   1   1   1   1   1   1   1   1   1   1   1   1   1
163	(   3   3   3   4   3   3   2 )	1535   0   1   1   1   1   1   1   1   1   1   1   1   1   1   1
164	(   3   3   4   4   4   3   2 )	   0 inf   1   1   1   1   1   1   1   1   1   1   1   1   1   1
165	(   2   0   4   4   3   3   2 )	   0 inf   1   2   1   1   1   1   1   1   1   1   1   1   1   1
166	(   2   1   4   4   2   3   2 )	   0 inf   1   2   1   1   1   1   1   1   1   1   1   1   1   1
167	(   2   2   4   4   3   4   2 )	1535   0   1   2   1   1   1   1   1   1   1   1   1   1   1   1
168	(   2   2   4   5   3   3   2 )	1535   0   1   2   1   1   1   1   1   1   1   1   1   1   1   1
169	(   2   2   5   4   3   3   2 )	   0 inf   1   2   1   1   1   1   1   1   1   1   1   1   1   1
170	(   3   1   4   4   3   3   2 )	   0 inf   1   2   1   1   1   1   1   1   1   1   1   1   1   1
171	(   1   1   4   4   3   4   2 )	1375   0   1   1   1   1   1   1   1   1   1   1   1   1   1   1
172	(   2   2   3   4   3   3   2 )	1375   0   1   1   1   1   1   1   1   1   1   1   1   1   1   1
173	(   2   2   4   4   3   2   2 )	   0 inf   1   1   1   1   1   1   1   1   1   1   1   1   1   1
174	(   2   2   4   4   3   3   1 )	1800   0   1   1   1   1   1   1   1   1   1   1   1   1   1   1
175	(   2   2   4   4   4   3   2 )	   0 inf   1   1   1   1   1   1   1   1   1   1   1   1   1   1
176	(   3   1   4   3   3   3   2 )	   0 inf   1   1   1   1   1   1   1   1   1   1   1   1   1   1
177	(   3   1   4   5   3   3   2 )	   0 inf   1   1   1   1   1   1   1   1   1   1   1   1   1   1
178	(   0   0   3   4   3   5   1 )	1560   0   2   2   1   1   1   2   1   1   1   1   1   1   1   1
179	(   0   0   5   5   3   3   2 )	1280   0   2   2   1   1   1   2   1   1   1   1   1   1   1   1
180	(   0   2   3   4   3   5   2 )	   0 inf   2   2   1   1   1   2   1   1   1   1   1   1   1   1
181	(   0   2   4   5   3   5   2 )	   0 inf   2   2   1   1   1   2   1   1   1   1   1   1   1   1
182	(   0   2   5   4   3   5   1 )	   0 inf   2   2   1   1   1   2   1   1   1   1   1   1   1   1
183	(   1   1   4   4   4   4   2 )	1440   0   2   2   1   1   1   2   1   1   1   1   1   1   1   1
184	(   2   0   4   4   3   6   2 )	   0 inf   2   2   1   1   1   2   1   1   1   1   1   1   1   1
185	(   0   0   4   4   3   2   2 )	   0 inf   5   5   2   2   1   5   1   1   1   1   1   1   1   1
186	(   0   0   5   5   2   3   2 )	1215   0   5   5   2   2   1   5   1   1   1   1   1   1   1   1
187	(   0   0   5   5   3   3   1 )	1600   0   5   5   2   2   1   5   1   1   1   1   1   1   1   1
188	(   0   0   6   7   3   3   2 )	1535   0   5   5   2   2   1   5   1   1   1   1   1   1   1   1
189	(   0   0   7   4   3   2   2 )	   0 inf   5   5   2   2   1   5   1   1   1   1   1   1   1   1
190	(   0   1   5   5   3   0   2 )	   0 inf   5   5   2   2   1   5   1   1   1   1   1   1   1   1
191	(   5   0   5   5   3   3   2 )	   0 inf   5   5   2   2   1   5   1   1   1   1   1   1   1   1
192	(   0   0   5   5   0   3   2 )	   0 inf   5   5   2   2   2   5   1   1   1   1   1   1   1   1
193	(   0   0   5   7   2   3   2 )	1405   0   5   5   2   2   2   5   1   1   1   1   1   1   1   1
194	(   0   1   5   5   2   3   2 )	   0 inf   5   5   2   2   2   5   1   1   1   1   1   1   1   1
195	(   0   2   7   5   2   2   1 )	   0 inf   5   5   2   2   2   5   1   1   1   1   1   1   1   1
196	(   0   3   6   5   2   6   2 )	   0 inf   5   5   2   2   2   5   1   1   1   1   1   1   1   1
197	(   1   0   4   5   2   0   1 )	   0 inf   5   5   2   2   2   5   1   1   1   1   1   1   1   1
198	(   5   0   5   5   2   3   2 )	   0 inf   5   5   2   2   2   5   1   1   1   1   1   1   1   1
199	(   0   0   3   3   4   4   2 )	1120   0   5   5   2   2   2   5   1   1   1   1   1   1   1   1
200	(   0   0   2   0   7   0   2 )	   0 inf   5   5   5   5   5  10   1   1   1   1   1   1   1   1

BBE ( SOL ) OBJ CONS_H FRAME_SIZE MESH_SIZE
201	(   0   0   2   1   0   8   2 )	   0 inf   5   5   5   5   5  10   1   1   1   1   1   1   1   1
202	(   0   0   2   8   6   8   2 )	   0 inf   5   5   5   5   5  10   1   1   1   1   1   1   1   1
203	(   0   0   3   3   4   4   1 )	1400   0   5   5   5   5   5  10   1   1   1   1   1   1   1   1
204	(   0   4   1   0   8  10   2 )	   0 inf   5   5   5   5   5  10   1   1   1   1   1   1   1   1
205	(   1   1   0   4   3   2   2 )	   0 inf   5   5   5   5   5  10   1   1   1   1   1   1   1   1
206	(   5   0   2   0   6  10   2 )	   0 inf   5   5   5   5   5  10   1   1   1   1   1   1   1   1
207	(   0   0  10   8   0   0   2 )	   0 inf   5   5   5   5   5  10   1   1   1   1   1   1   1   1
208	(   0   0   3   2   6   4   2 )	   0 inf   2   2   2   2   2   5   1   1   1   1   1   1   1   1
209	(   0   0   3   3   4   9   2 )	   0 inf   2   2   2   2   2   5   1   1   1   1   1   1   1   1
210	(   0   1   1   2   4   4   2 )	   0 inf   2   2   2   2   2   5   1   1   1   1   1   1   1   1
211	(   1   0   1   3   5   4   2 )	   0 inf   2   2   2   2   2   5   1   1   1   1   1   1   1   1
212	(   1   0   2   5   5   4   1 )	   0 inf   2   2   2   2   2   5   1   1   1   1   1   1   1   1
213	(   1   2   2   4   5   4   2 )	   0 inf   2   2   2   2   2   5   1   1   1   1   1   1   1   1
214	(   2   0   3   2   4   4   2 )	   0 inf   2   2   2   2   2   5   1   1   1   1   1   1   1   1
215	(   0   0   9   3   0   0   2 )	   0 inf   2   2   2   2   2   5   1   1   1   1   1   1   1   1
216	(   0   0   2   3   4   4   2 )	1055   0   1   1   1   1   1   2   1   1   1   1   1   1   1   1
217	(   0   0   3   2   4   4   2 )	   0 inf   1   1   1   1   1   2   1   1   1   1   1   1   1   1
218	(   0   0   3   3   4   6   2 )	1310   0   1   1   1   1   1   2   1   1   1   1   1   1   1   1
219	(   0   0   3   3   5   4   2 )	   0 inf   1   1   1   1   1   2   1   1   1   1   1   1   1   1
220	(   0   1   3   3   4   4   2 )	   0 inf   1   1   1   1   1   2   1   1   1   1   1   1   1   1
221	(   0   1   3   3   5   4   1 )	   0 inf   1   1   1   1   1   2   1   1   1   1   1   1   1   1
222	(   1   0   3   3   4   4   2 )	   0 inf   1   1   1   1   1   2   1   1   1   1   1   1   1   1
223	(   0   0   0   3   4   3   2 )	   0 inf   1   1   2   1   1   2   1   1   1   1   1   1   1   1
224	(   0   0   1   3   4   6   2 )	   0 inf   1   1   2   1   1   2   1   1   1   1   1   1   1   1
225	(   0   0   2   3   4   4   1 )	1320   0   1   1   2   1   1   2   1   1   1   1   1   1   1   1
226	(   0   0   2   3   5   4   2 )	   0 inf   1   1   2   1   1   2   1   1   1   1   1   1   1   1
227	(   0   0   2   4   4   4   2 )	1150   0   1   1   2   1   1   2   1   1   1   1   1   1   1   1
228	(   0   1   0   3   4   5   2 )	   0 inf   1   1   2   1   1   2   1   1   1   1   1   1   1   1
229	(   1   0   2   3   4   4   2 )	   0 inf   1   1   2   1   1   2   1   1   1   1   1   1   1   1
230	(   0   0   7   2   3   2   2 )	   0 inf   1   1   2   1   1   2   1   1   1   1   1   1   1   1
231	(   0   0   1   3   4   4   2 )	   0 inf   1   1   1   1   1   1   1   1   1   1   1   1   1   1
232	(   0   0   2   2   4   5   2 )	1055   0   1   1   1   1   1   1   1   1   1   1   1   1   1   1
233	(   0   0   2   4   5   4   2 )	   0 inf   1   1   1   1   1   1   1   1   1   1   1   1   1   1
234	(   0   1   1   4   5   3   1 )	   0 inf   1   1   1   1   1   1   1   1   1   1   1   1   1   1
235	(   0   1   2   3   4   4   2 )	   0 inf   1   1   1   1   1   1   1   1   1   1   1   1   1   1
236	(   1   0   3   2   3   5   2 )	   0 inf   1   1   1   1   1   1   1   1   1   1   1   1   1   1
237	(   0   0   2   2   5   4   2 )	   0 inf   1   1   1   1   1   1   1   1   1   1   1   1   1   1
238	(   0   0   2   3   4   5   2 )	1150   0   1   1   1   1   1   1   1   1   1   1   1   1   1   1
239	(   0   1   1   3   5   5   2 )	   0 inf   1   1   1   1   1   1   1   1   1   1   1   1   1   1
240	(   0   1   2   2   4   4   2 )	   0 inf   1   1   1   1   1   1   1   1   1   1   1   1   1   1

BBE ( SOL ) OBJ CONS_H FRAME_SIZE MESH_SIZE
241	(   0   1   2   4   3   4   2 )	   0 inf   1   1   1   1   1   1   1   1   1   1   1   1   1   1
242	(   0   0   2   2   4   4   2 )	 960   0   1   1   1   1   1   1   1   1   1   1   1   1   1   1
243	(   0   0   2   3   3   4   2 )	 990   0   1   1   1   1   1   1   1   1   1   1   1   1   1   1
244	(   0   0   2   3   4   3   1 )	   0 inf   1   1   1   1   1   1   1   1   1   1   1   1   1   1
245	(   0   0   2   3   4   3   2 )	   0 inf   1   1   1   1   1   1   1   1   1   1   1   1   1   1
246	(   0   0   1   0   4   4   2 )	   0 inf   1   1   1   2   1   1   1   1   1   1   1   1   1   1
247	(   0   0   2   2   3   4   2 )	 895   0   1   1   1   2   1   1   1   1   1   1   1   1   1   1
248	(   0   0   2   2   4   4   1 )	1200   0   1   1   1   2   1   1   1   1   1   1   1   1   1   1
249	(   0   0   3   0   4   3   2 )	   0 inf   1   1   1   2   1   1   1   1   1   1   1   1   1   1
250	(   0   0   3   1   4   5   2 )	   0 inf   1   1   1   2   1   1   1   1   1   1   1   1   1   1
251	(   0   1   1   4   4   5   2 )	   0 inf   1   1   1   2   1   1   1   1   1   1   1   1   1   1
252	(   1   0   2   2   4   4   2 )	   0 inf   1   1   1   2   1   1   1   1   1   1   1   1   1   1
253	(   0   0   2   2   1   4   1 )	   0 inf   1   1   1   2   2   1   1   1   1   1   1   1   1   1
254	(   0   0   2   2   3   5   2 )	 990   0   1   1   1   2   2   1   1   1   1   1   1   1   1   1
255	(   0   0   2   3   2   4   2 )	 925   0   1   1   1   2   2   1   1   1   1   1   1   1   1   1
256	(   0   0   2   4   3   4   2 )	1085   0   1   1   1   2   2   1   1   1   1   1   1   1   1   1
257	(   0   0   3   2   3   4   2 )	   0 inf   1   1   1   2   2   1   1   1   1   1   1   1   1   1
258	(   0   1   2   2   3   4   2 )	   0 inf   1   1   1   2   2   1   1   1   1   1   1   1   1   1
259	(   1   0   2   3   2   4   2 )	   0 inf   1   1   1   2   2   1   1   1   1   1   1   1   1   1
260	(   0   0   1   0   7   3   2 )	   0 inf   1   1   1   2   2   1   1   1   1   1   1   1   1   1
261	(   0   0   2   1   3   4   2 )	   0 inf   1   1   1   1   1   1   1   1   1   1   1   1   1   1
262	(   0   0   2   2   2   4   2 )	 830   0   1   1   1   1   1   1   1   1   1   1   1   1   1   1
263	(   0   0   2   2   3   3   2 )	 800   0   1   1   1   1   1   1   1   1   1   1   1   1   1   1
264	(   0   0   3   2   3   4   1 )	   0 inf   1   1   1   1   1   1   1   1   1   1   1   1   1   1
265	(   0   1   1   2   3   4   1 )	   0 inf   1   1   1   1   1   1   1   1   1   1   1   1   1   1
266	(   0   1   1   2   3   4   2 )	   0 inf   1   1   1   1   1   1   1   1   1   1   1   1   1   1
267	(   1   0   2   2   3   4   2 )	   0 inf   1   1   1   1   1   1   1   1   1   1   1   1   1   1
268	(   0   0   2   1   3   1   2 )	   0 inf   1   1   1   1   1   2   1   1   1   1   1   1   1   1
269	(   0   0   2   2   3   3   1 )	1000   0   1   1   1   1   1   2   1   1   1   1   1   1   1   1
270	(   0   0   2   3   4   2   2 )	   0 inf   1   1   1   1   1   2   1   1   1   1   1   1   1   1
271	(   0   0   3   2   3   3   2 )	   0 inf   1   1   1   1   1   2   1   1   1   1   1   1   1   1
272	(   0   1   2   2   2   1   2 )	   0 inf   1   1   1   1   1   2   1   1   1   1   1   1   1   1
273	(   0   1   2   2   3   3   2 )	   0 inf   1   1   1   1   1   2   1   1   1   1   1   1   1   1
274	(   1   0   2   2   3   3   2 )	   0 inf   1   1   1   1   1   2   1   1   1   1   1   1   1   1
275	(   0   0   1   2   3   8   2 )	   0 inf   1   1   1   1   1   2   1   1   1   1   1   1   1   1
276	(   0   0   1   2   3   3   2 )	 735   0   1   1   1   1   1   1   1   1   1   1   1   1   1   1
277	(   0   0   2   2   2   2   2 )	 640   0   1   1   1   1   1   1   1   1   1   1   1   1   1   1
278	(   0   0   2   2   2   3   1 )	 920   0   1   1   1   1   1   1   1   1   1   1   1   1   1   1
279	(   0   0   2   3   3   3   2 )	 895   0   1   1   1   1   1   1   1   1   1   1   1   1   1   1
280	(   0   1   2   2   4   2   2 )	   0 inf   1   1   1   1   1   1   1   1   1   1   1   1   1   1

BBE ( SOL ) OBJ CONS_H FRAME_SIZE MESH_SIZE
281	(   1   0   2   2   4   2   1 )	   0 inf   1   1   1   1   1   1   1   1   1   1   1   1   1   1
282	(   1   1   2   2   2   2   1 )	1000   0   1   1   1   1   1   1   1   1   1   1   1   1   1   1
283	(   0   0   2   2   0   2   2 )	   0 inf   1   1   1   1   2   2   1   1   1   1   1   1   1   1
284	(   0   0   2   2   2   0   2 )	   0 inf   1   1   1   1   2   2   1   1   1   1   1   1   1   1
285	(   0   0   2   2   2   2   1 )	 800   0   1   1   1   1   2   2   1   1   1   1   1   1   1   1
286	(   0   0   2   3   2   2   2 )	 735   0   1   1   1   1   2   2   1   1   1   1   1   1   1   1
287	(   0   0   3   2   2   2   2 )	   0 inf   1   1   1   1   2   2   1   1   1   1   1   1   1   1
288	(   1   0   2   1   2   2   2 )	   0 inf   1   1   1   1   2   2   1   1   1   1   1   1   1   1
289	(   1   1   2   2   2   2   2 )	 800   0   1   1   1   1   2   2   1   1   1   1   1   1   1   1
290	(   0   0   1   2   4   4   2 )	 895   0   1   1   1   1   2   2   1   1   1   1   1   1   1   1
291	(   0   0   1   2   2   2   2 )	 575   0   1   1   1   1   1   1   1   1   1   1   1   1   1   1
292	(   0   0   2   1   1   3   2 )	   0 inf   1   1   1   1   1   1   1   1   1   1   1   1   1   1
293	(   0   0   2   1   2   1   1 )	   0 inf   1   1   1   1   1   1   1   1   1   1   1   1   1   1
294	(   0   0   2   2   1   2   2 )	 575   0   1   1   1   1   1   1   1   1   1   1   1   1   1   1
295	(   0   0   2   3   3   1   1 )	   0 inf   1   1   1   1   1   1   1   1   1   1   1   1   1   1
296	(   0   1   2   2   2   2   2 )	   0 inf   1   1   1   1   1   1   1   1   1   1   1   1   1   1
297	(   1   0   2   1   2   1   2 )	   0 inf   1   1   1   1   1   1   1   1   1   1   1   1   1   1
298	(   0   0   0   1   2   3   2 )	   0 inf   1   1   2   1   1   1   1   1   1   1   1   1   1   1
299	(   0   0   0   3   2   1   2 )	   0 inf   1   1   2   1   1   1   1   1   1   1   1   1   1   1
300	(   0   0   1   2   2   2   1 )	 720   0   1   1   2   1   1   1   1   1   1   1   1   1   1   1
301	(   0   0   1   2   3   2   2 )	   0 inf   1   1   2   1   1   1   1   1   1   1   1   1   1   1
302	(   0   1   1   2   2   2   2 )	   0 inf   1   1   2   1   1   1   1   1   1   1   1   1   1   1
303	(   1   0   0   1   2   1   2 )	   0 inf   1   1   2   1   1   1   1   1   1   1   1   1   1   1
304	(   1   0   0   3   2   3   2 )	   0 inf   1   1   2   1   1   1   1   1   1   1   1   1   1   1
305	(   0   0   5   2   1   2   2 )	   0 inf   1   1   2   1   1   1   1   1   1   1   1   1   1   1
306	(   0   0   0   2   2   2   2 )	   0 inf   1   1   1   1   1   1   1   1   1   1   1   1   1   1
307	(   0   0   1   2   1   2   2 )	 510   0   1   1   1   1   1   1   1   1   1   1   1   1   1   1
308	(   0   0   1   2   2   3   2 )	 670   0   1   1   1   1   1   1   1   1   1   1   1   1   1   1
309	(   0   0   1   3   2   2   2 )	   0 inf   1   1   1   1   1   1   1   1   1   1   1   1   1   1
310	(   0   1   1   2   2   2   1 )	   0 inf   1   1   1   1   1   1   1   1   1   1   1   1   1   1
311	(   1   0   1   2   2   2   2 )	   0 inf   1   1   1   1   1   1   1   1   1   1   1   1   1   1
312	(   0   0   0   2   1   1   2 )	   0 inf   1   1   1   1   2   1   1   1   1   1   1   1   1   1
313	(   0   0   0   2   1   2   2 )	   0 inf   1   1   1   1   2   1   1   1   1   1   1   1   1   1
314	(   0   0   1   2   0   2   2 )	   0 inf   1   1   1   1   2   1   1   1   1   1   1   1   1   1
315	(   0   0   1   3   1   2   2 )	   0 inf   1   1   1   1   2   1   1   1   1   1   1   1   1   1
316	(   0   1   2   2   1   2   2 )	   0 inf   1   1   1   1   2   1   1   1   1   1   1   1   1   1
317	(   1   0   1   2   1   2   2 )	   0 inf   1   1   1   1   2   1   1   1   1   1   1   1   1   1
318	(   1   0   2   2   1   3   1 )	   0 inf   1   1   1   1   2   1   1   1   1   1   1   1   1   1
319	(   0   0   1   1   2   2   2 )	 480   0   1   1   1   1   2   1   1   1   1   1   1   1   1   1
320	(   0   0   1   0   2   2   2 )	   0 inf   1   1   1   2   5   1   1   1   1   1   1   1   1   1

BBE ( SOL ) OBJ CONS_H FRAME_SIZE MESH_SIZE
321	(   0   0   1   1   2   2   1 )	 600   0   1   1   1   2   5   1   1   1   1   1   1   1   1   1
322	(   0   0   1   1   7   2   2 )	   0 inf   1   1   1   2   5   1   1   1   1   1   1   1   1   1
323	(   0   0   2   0   2   1   2 )	   0 inf   1   1   1   2   5   1   1   1   1   1   1   1   1   1
324	(   1   0   0   0   2   1   2 )	   0 inf   1   1   1   2   5   1   1   1   1   1   1   1   1   1
325	(   1   0   2   0   2   3   2 )	   0 inf   1   1   1   2   5   1   1   1   1   1   1   1   1   1
326	(   1   1   1   1   2   2   2 )	 640   0   1   1   1   2   5   1   1   1   1   1   1   1   1   1
327	(   0   0   0   5   0   3   2 )	   0 inf   1   1   1   2   5   1   1   1   1   1   1   1   1   1
328	(   0   0   0   1   4   2   2 )	   0 inf   1   1   1   1   2   1   1   1   1   1   1   1   1   1
329	(   0   0   1   1   2   3   2 )	 575   0   1   1   1   1   2   1   1   1   1   1   1   1   1   1
330	(   0   0   2   1   4   2   2 )	   0 inf   1   1   1   1   2   1   1   1   1   1   1   1   1   1
331	(   0   1   1   1   2   2   2 )	   0 inf   1   1   1   1   2   1   1   1   1   1   1   1   1   1
332	(   1   0   1   1   2   2   2 )	   0 inf   1   1   1   1   2   1   1   1   1   1   1   1   1   1
333	(   0   0   1   1   2   1   2 )	   0 inf   1   1   1   1   1   1   1   1   1   1   1   1   1   1
334	(   0   0   1   1   3   3   2 )	 640   0   1   1   1   1   1   1   1   1   1   1   1   1   1   1
335	(   0   0   2   1   2   2   2 )	   0 inf   1   1   1   1   1   1   1   1   1   1   1   1   1   1
336	(   0   1   1   1   3   2   2 )	   0 inf   1   1   1   1   1   1   1   1   1   1   1   1   1   1
337	(   0   0   0   1   2   1   2 )	   0 inf   1   1   1   1   1   1   1   1   1   1   1   1   1   1
338	(   0   0   1   1   1   2   2 )	 415   0   1   1   1   1   1   1   1   1   1   1   1   1   1   1
339	(   0   0   1   1   3   2   2 )	   0 inf   1   1   1   1   1   1   1   1   1   1   1   1   1   1
340	(   1   0   0   1   2   2   2 )	   0 inf   1   1   1   1   1   1   1   1   1   1   1   1   1   1
341	(   1   0   1   1   2   1   2 )	   0 inf   1   1   1   1   1   1   1   1   1   1   1   1   1   1
342	(   1   0   2   1   2   3   2 )	   0 inf   1   1   1   1   1   1   1   1   1   1   1   1   1   1
343	(   0   0   0   1   0   2   2 )	   0 inf   1   1   1   1   2   1   1   1   1   1   1   1   1   1
344	(   0   0   1   0   1   2   2 )	   0 inf   1   1   1   1   2   1   1   1   1   1   1   1   1   1
345	(   0   0   1   1   0   1   2 )	   0 inf   1   1   1   1   2   1   1   1   1   1   1   1   1   1
346	(   0   0   1   1   0   2   1 )	   0 inf   1   1   1   1   2   1   1   1   1   1   1   1   1   1
347	(   0   0   1   1   0   3   2 )	   0 inf   1   1   1   1   2   1   1   1   1   1   1   1   1   1
348	(   0   1   2   1   0   1   2 )	   0 inf   1   1   1   1   2   1   1   1   1   1   1   1   1   1
349	(   1   0   1   1   1   2   2 )	   0 inf   1   1   1   1   2   1   1   1   1   1   1   1   1   1
350	(   0   0   1   2   6   3   2 )	   0 inf   1   1   1   1   2   1   1   1   1   1   1   1   1   1
351	(   0   0   1   0   1   3   2 )	   0 inf   1   1   1   1   1   1   1   1   1   1   1   1   1   1
352	(   0   0   1   1   0   2   2 )	   0 inf   1   1   1   1   1   1   1   1   1   1   1   1   1   1
353	(   0   0   1   1   1   1   2 )	 320   0   1   1   1   1   1   1   1   1   1   1   1   1   1   1
354	(   0   0   1   1   1   3   1 )	   0 inf   1   1   1   1   1   1   1   1   1   1   1   1   1   1
355	(   0   0   2   1   1   2   2 )	   0 inf   1   1   1   1   1   1   1   1   1   1   1   1   1   1
356	(   0   1   1   1   1   2   2 )	   0 inf   1   1   1   1   1   1   1   1   1   1   1   1   1   1
357	(   0   0   0   1   2   0   2 )	   0 inf   1   1   1   1   1   2   1   1   1   1   1   1   1   1
358	(   0   0   1   1   1   0   2 )	   0 inf   1   1   1   1   1   2   1   1   1   1   1   1   1   1
359	(   0   0   1   2   1   1   2 )	 415   0   1   1   1   1   1   2   1   1   1   1   1   1   1   1
360	(   0   0   2   1   2   1   2 )	   0 inf   1   1   1   1   1   2   1   1   1   1   1   1   1   1

BBE ( SOL ) OBJ CONS_H FRAME_SIZE MESH_SIZE
361	(   0   1   1   1   1   1   2 )	   0 inf   1   1   1   1   1   2   1   1   1   1   1   1   1   1
362	(   1   0   0   1   1   0   1 )	   0 inf   1   1   1   1   1   2   1   1   1   1   1   1   1   1
363	(   1   0   1   1   2   0   2 )	   0 inf   1   1   1   1   1   2   1   1   1   1   1   1   1   1
364	(   0   0   2   0   0   5   2 )	   0 inf   1   1   1   1   1   2   1   1   1   1   1   1   1   1
365	(   0   0   1   0   1   1   2 )	   0 inf   1   1   1   1   1   1   1   1   1   1   1   1   1   1
366	(   0   0   1   1   0   0   1 )	 200   0   1   1   1   1   1   1   1   1   1   1   1   1   1   1
367	(   0   0   1   1   2   0   2 )	   0 inf   1   1   1   1   1   1   1   1   1   1   1   1   1   1
368	(   0   0   2   1   1   1   2 )	   0 inf   1   1   1   1   1   1   1   1   1   1   1   1   1   1
369	(   0   1   1   1   0   0   2 )	   0 inf   1   1   1   1   1   1   1   1   1   1   1   1   1   1
370	(   0   1   1   1   2   0   1 )	   0 inf   1   1   1   1   1   1   1   1   1   1   1   1   1   1
371	(   1   0   1   1   1   1   2 )	   0 inf   1   1   1   1   1   1   1   1   1   1   1   1   1   1
372	(   0   0   0   1   0   0   0 )	   0 inf   1   1   1   1   2   2   2   1   1   1   1   1   1   1
373	(   0   0   1   0   0   0   1 )	   0 inf   1   1   1   1   2   2   2   1   1   1   1   1   1   1
374	(   0   0   1   0   0   1   0 )	   0 inf   1   1   1   1   2   2   2   1   1   1   1   1   1   1
375	(   0   0   1   1   2   0   1 )	   0 inf   1   1   1   1   2   2   2   1   1   1   1   1   1   1
376	(   0   0   1   2   0   0   0 )	 400   0   1   1   1   1   2   2   2   1   1   1   1   1   1   1
377	(   0   1   1   1   0   0   0 )	   0 inf   1   1   1   1   2   2   2   1   1   1   1   1   1   1
378	(   1   0   1   1   0   0   1 )	   0 inf   1   1   1   1   2   2   2   1   1   1   1   1   1   1
379	(   0   0   2   2   0   0   2 )	 320   0   1   1   1   1   2   2   2   1   1   1   1   1   1   1
380	(   0   0   1   0   1   0   1 )	   0 inf   1   1   1   1   1   1   1   1   1   1   1   1   1   1
381	(   0   0   1   1   0   0   0 )	 250   0   1   1   1   1   1   1   1   1   1   1   1   1   1   1
382	(   0   0   1   1   0   1   1 )	   0 inf   1   1   1   1   1   1   1   1   1   1   1   1   1   1
383	(   0   0   1   2   0   0   1 )	 320   0   1   1   1   1   1   1   1   1   1   1   1   1   1   1
384	(   0   0   2   1   0   0   1 )	   0 inf   1   1   1   1   1   1   1   1   1   1   1   1   1   1
385	(   0   1   1   1   0   0   1 )	   0 inf   1   1   1   1   1   1   1   1   1   1   1   1   1   1
386	(   1   0   1   0   0   0   0 )	   0 inf   1   1   1   1   1   1   1   1   1   1   1   1   1   1
387	(   0   0   0   2   0   0   2 )	   0 inf   1   1   1   1   1   1   1   1   1   1   1   1   1   1
388	(   0   0   0   0   1   0   1 )	   0 inf   1   1   1   1   1   1   1   1   1   1   1   1   1   1
389	(   0   0   0   1   0   0   2 )	   0 inf   1   1   1   1   1   1   1   1   1   1   1   1   1   1
390	(   0   0   1   0   0   0   2 )	   0 inf   1   1   1   1   1   1   1   1   1   1   1   1   1   1
391	(   0   0   2   1   0   0   0 )	   0 inf   1   1   1   1   1   1   1   1   1   1   1   1   1   1
392	(   0   0   2   1   1   0   2 )	   0 inf   1   1   1   1   1   1   1   1   1   1   1   1   1   1
393	(   0   0   2   2   0   0   1 )	 400   0   1   1   1   1   1   1   1   1   1   1   1   1   1   1
394	(   0   0   0   1   0   0   1 )	   0 inf   1   1   1   1   1   1   1   1   1   1   1   1   1   1
395	(   0   0   1   1   0   1   0 )	   0 inf   1   1   1   1   1   1   1   1   1   1   1   1   1   1
396	(   0   0   1   1   1   0   1 )	   0 inf   1   1   1   1   1   1   1   1   1   1   1   1   1   1
397	(   1   0   1   1   0   0   2 )	   0 inf   1   1   1   1   1   1   1   1   1   1   1   1   1   1
398	(   0   0   0   0   0   0   2 )	   0   0   1   1   1   1   1   1   1   1   1   1   1   1   1   1
399	(   0   0   0   2   1   0   2 )	   0 inf   1   1   1   1   1   1   1   1   1   1   1   1   1   1
400	(   0   0   2   0   0   0   0 )	   0 inf   1   1   1   1   1   1   1   1   1   1   1   1   1   1

BBE ( SOL ) OBJ CONS_H FRAME_SIZE MESH_SIZE
401	(   0   0   2   2   0   0   0 )	 500   0   1   1   1   1   1   1   1   1   1   1   1   1   1   1
402	(   0   0   0   0   0   0   0 )	   0   0   1   1   2   2   1   1   2   1   1   1   1   1   1   1
403	(   0   0   0   0   1   0   2 )	   0 inf   1   1   2   2   1   1   2   1   1   1   1   1   1   1
404	(   0   0   1   0   0   1   2 )	   0 inf   1   1   2   2   1   1   2   1   1   1   1   1   1   1
405	(   0   0   1   2   0   0   2 )	 255   0   1   1   2   2   1   1   2   1   1   1   1   1   1   1
406	(   0   0   2   0   0   0   2 )	   0 inf   1   1   2   2   1   1   2   1   1   1   1   1   1   1
407	(   0   1   0   0   0   0   2 )	   0 inf   1   1   2   2   1   1   2   1   1   1   1   1   1   1
408	(   1   0   0   0   0   0   2 )	   0 inf   1   1   2   2   1   1   2   1   1   1   1   1   1   1
409	(   0   0   0   0   0   0   1 )	   0   0   1   1   1   1   1   1   1   1   1   1   1   1   1   1
410	(   0   0   0   0   0   1   2 )	   0 inf   1   1   1   1   1   1   1   1   1   1   1   1   1   1
411	(   1   0   0   1   0   0   2 )	   0 inf   1   1   1   1   1   1   1   1   1   1   1   1   1   1
412	(   1   1   0   0   0   0   2 )	 160   0   1   1   1   1   1   1   1   1   1   1   1   1   1   1
413	(   0   1   0   0   0   0   1 )	   0 inf   1   1   1   1   1   1   1   1   1   1   1   1   1   1
414	(   1   0   0   0   0   0   1 )	   0 inf   1   1   1   1   1   1   1   1   1   1   1   1   1   1
415	(   0   0   0   0   1   1   2 )	 160   0   1   1   1   1   1   1   1   1   1   1   1   1   1   1
416	(   0   0   1   0   1   0   2 )	   0 inf   1   1   1   1   1   1   1   1   1   1   1   1   1   1
417	(   0   0   0   0   0   1   1 )	   0 inf   1   1   1   1   1   1   1   1   1   1   1   1   1   1
418	(   0   1   1   0   1   1   2 )	   0 inf   1   1   1   1   1   1   1   1   1   1   1   1   1   1
419	(   0   0   0   1   1   0   2 )	   0 inf   1   1   1   1   1   1   1   1   1   1   1   1   1   1
420	(   0   0   1   1   0   0   2 )	 160   0   1   1   1   1   1   1   1   1   1   1   1   1   1   1
421	(   0   1   0   0   1   0   2 )	   0 inf   1   1   1   1   1   1   1   1   1   1   1   1   1   1
422	(   0   1   0   1   0   0   2 )	   0 inf   1   1   1   1   1   1   1   1   1   1   1   1   1   1
423	(   0   1   1   0   0   0   2 )	   0 inf   1   1   1   1   1   1   1   1   1   1   1   1   1   1
424	(   0   0   0   1   0   1   2 )	   0 inf   1   1   1   1   1   1   1   1   1   1   1   1   1   1
425	(   0   1   0   0   0   1   1 )	   0 inf   1   1   1   1   1   1   1   1   1   1   1   1   1   1
426	(   1   0   0   0   0   1   2 )	   0 inf   1   1   1   1   1   1   1   1   1   1   1   1   1   1
427	(   1   1   0   1   0   1   1 )	   0 inf   1   1   1   1   1   1   1   1   1   1   1   1   1   1
428	(   1   0   0   0   1   0   2 )	   0 inf   1   1   1   1   1   1   1   1   1   1   1   1   1   1
429	(   0   0   1   0   1   1   1 )	   0 inf   1   1   1   1   1   1   1   1   1   1   1   1   1   1
430	(   1   0   1   0   0   0   2 )	   0 inf   1   1   1   1   1   1   1   1   1   1   1   1   1   1
431	(   0   1   0   0   1   1   2 )	   0 inf   1   1   1   1   1   1   1   1   1   1   1   1   1   1
432	(   1   0   0   1   0   1   2 )	   0 inf   1   1   1   1   1   1   1   1   1   1   1   1   1   1
433	(   0   1   0   0   1   0   1 )	   0 inf   1   1   1   1   1   1   1   1   1   1   1   1   1   1
434	(   0   1   0   0   0   1   2 )	   0 inf   1   1   1   1   1   1   1   1   1   1   1   1   1   1
435	(   1   1   0   0   0   0   1 )	 200   0   1   1   1   1   1   1   1   1   1   1   1   1   1   1
436	(   1   0   0   1   0   0   1 )	   0 inf   1   1   1   1   1   1   1   1   1   1   1   1   1   1
437	(   1   0   0   0   0   1   1 )	   0 inf   1   1   1   1   1   1   1   1   1   1   1   1   1   1
438	(   1   1   0   1   0   0   2 )	   0 inf   1   1   1   1   1   1   1   1   1   1   1   1   1   1
439	(   0   0   0   1   0   1   1 )	   0 inf   1   1   1   1   1   1   1   1   1   1   1   1   1   1
440	(   1   0   0   1   1   1   2 )	   0 inf   1   1   1   1   1   1   1   1   1   1   1   1   1   1

BBE ( SOL ) OBJ CONS_H FRAME_SIZE MESH_SIZE
441	(   0   0   1   0   0   1   1 )	   0 inf   1   1   1   1   1   1   1   1   1   1   1   1   1   1
442	(   1   1   1   0   0   0   2 )	   0 inf   1   1   1   1   1   1   1   1   1   1   1   1   1   1
443	(   0   1   0   1   0   0   1 )	   0 inf   1   1   1   1   1   1   1   1   1   1   1   1   1   1
444	(   0   0   0   1   1   1   2 )	   0 inf   1   1   1   1   1   1   1   1   1   1   1   1   1   1
445	(   1   1   0   0   0   1   2 )	   0 inf   1   1   1   1   1   1   1   1   1   1   1   1   1   1
446	(   1   0   1   1   0   1   2 )	   0 inf   1   1   1   1   1   1   1   1   1   1   1   1   1   1
447	(   1   0   0   0   1   1   2 )	   0 inf   1   1   1   1   1   1   1   1   1   1   1   1   1   1
448	(   1   0   0   1   1   0   2 )	   0 inf   1   1   1   1   1   1   1   1   1   1   1   1   1   1
449	(   1   0   1   0   1   0   2 )	   0 inf   1   1   1   1   1   1   1   1   1   1   1   1   1   1
450	(   1   1   0   0   1   1   2 )	 320   0   1   1   1   1   1   1   1   1   1   1   1   1   1   1
451	(   1   1   1   0   1   1   1 )	   0 inf   1   1   1   1   1   1   1   1   1   1   1   1   1   1
452	(   0   1   1   0   0   1   1 )	   0 inf   1   1   1   1   1   1   1   1   1   1   1   1   1   1
453	(   1   1   0   0   1   0   2 )	   0 inf   1   1   1   1   1   1   1   1   1   1   1   1   1   1
454	(   1   0   1   1   1   1   1 )	   0 inf   1   1   1   1   1   1   1   1   1   1   1   1   1   1
455	(   1   0   0   0   1   0   1 )	   0 inf   1   1   1   1   1   1   1   1   1   1   1   1   1   1
456	(   1   0   1   1   1   0   2 )	   0 inf   1   1   1   1   1   1   1   1   1   1   1   1   1   1
457	(   0   1   1   0   0   1   2 )	   0 inf   1   1   1   1   1   1   1   1   1   1   1   1   1   1
458	(   1   1   1   0   1   0   2 )	   0 inf   1   1   1   1   1   1   1   1   1   1   1   1   1   1
459	(   0   1   1   1   0   1   2 )	   0 inf   1   1   1   1   1   1   1   1   1   1   1   1   1   1
460	(   1   0   1   0   0   1   2 )	   0 inf   1   1   1   1   1   1   1   1   1   1   1   1   1   1
461	(   1   0   1   0   0   0   1 )	   0 inf   1   1   1   1   1   1   1   1   1   1   1   1   1   1
462	(   1   0   0   1   0   1   1 )	   0 inf   1   1   1   1   1   1   1   1   1   1   1   1   1   1
463	(   0   0   0   1   1   0   1 )	   0 inf   1   1   1   1   1   1   1   1   1   1   1   1   1   1
464	(   1   0   1   0   1   1   2 )	   0 inf   1   1   1   1   1   1   1   1   1   1   1   1   1   1
465	(   0   1   1   0   0   0   1 )	   0 inf   1   1   1   1   1   1   1   1   1   1   1   1   1   1
466	(   0   0   1   1   1   1   1 )	 400   0   1   1   1   1   1   1   1   1   1   1   1   1   1   1
467	(   0   1   0   1   0   1   2 )	   0 inf   1   1   1   1   1   1   1   1   1   1   1   1   1   1
468	(   0   1   1   0   1   0   1 )	   0 inf   1   1   1   1   1   1   1   1   1   1   1   1   1   1
469	(   0   1   0   1   1   0   2 )	   0 inf   1   1   1   1   1   1   1   1   1   1   1   1   1   1
470	(   0   0   0   0   1   1   1 )	 200   0   1   1   1   1   1   1   1   1   1   1   1   1   1   1
471	(   0   1   1   1   1   0   2 )	   0 inf   1   1   1   1   1   1   1   1   1   1   1   1   1   1
472	(   1   1   0   1   1   1   2 )	   0 inf   1   1   1   1   1   1   1   1   1   1   1   1   1   1
473	(   0   1   1   0   1   0   2 )	   0 inf   1   1   1   1   1   1   1   1   1   1   1   1   1   1
474	(   1   1   1   0   0   1   1 )	   0 inf   1   1   1   1   1   1   1   1   1   1   1   1   1   1
475	(   1   1   0   1   0   0   1 )	   0 inf   1   1   1   1   1   1   1   1   1   1   1   1   1   1
476	(   1   1   1   0   1   0   1 )	   0 inf   1   1   1   1   1   1   1   1   1   1   1   1   1   1
477	(   0   1   0   1   0   1   1 )	   0 inf   1   1   1   1   1   1   1   1   1   1   1   1   1   1
478	(   0   0   0   1   1   1   1 )	   0 inf   1   1   1   1   1   1   1   1   1   1   1   1   1   1
479	(   1   1   1   1   0   1   2 )	   0 inf   1   1   1   1   1   1   1   1   1   1   1   1   1   1
480	(   0   1   0   0   1   1   1 )	   0 inf   1   1   1   1   1   1   1   1   1   1   1   1   1   1

BBE ( SOL ) OBJ CONS_H FRAME_SIZE MESH_SIZE
481	(   1   1   0   1   1   0   2 )	   0 inf   1   1   1   1   1   1   1   1   1   1   1   1   1   1
482	(   1   1   1   1   1   0   2 )	   0 inf   1   1   1   1   1   1   1   1   1   1   1   1   1   1
483	(   1   1   0   0   1   0   1 )	   0 inf   1   1   1   1   1   1   1   1   1   1   1   1   1   1
484	(   1   1   1   0   0   0   1 )	   0 inf   1   1   1   1   1   1   1   1   1   1   1   1   1   1
485	(   0   1   1   1   0   1   1 )	   0 inf   1   1   1   1   1   1   1   1   1   1   1   1   1   1
486	(   0   1   0   1   1   1   2 )	   0 inf   1   1   1   1   1   1   1   1   1   1   1   1   1   1
487	(   1   1   0   0   0   1   1 )	   0 inf   1   1   1   1   1   1   1   1   1   1   1   1   1   1
488	(   1   0   0   1   1   1   1 )	   0 inf   1   1   1   1   1   1   1   1   1   1   1   1   1   1
489	(   1   0   1   0   1   0   1 )	   0 inf   1   1   1   1   1   1   1   1   1   1   1   1   1   1
490	(   0   1   1   0   1   1   1 )	   0 inf   1   1   1   1   1   1   1   1   1   1   1   1   1   1
491	(   1   0   0   0   1   1   1 )	   0 inf   1   1   1   1   1   1   1   1   1   1   1   1   1   1
492	(   1   0   1   0   0   1   1 )	   0 inf   1   1   1   1   1   1   1   1   1   1   1   1   1   1
493	(   0   1   0   1   1   1   1 )	   0 inf   1   1   1   1   1   1   1   1   1   1   1   1   1   1
494	(   1   1   1   0   1   1   2 )	   0 inf   1   1   1   1   1   1   1   1   1   1   1   1   1   1
495	(   0   1   0   1   1   0   1 )	   0 inf   1   1   1   1   1   1   1   1   1   1   1   1   1   1
496	(   1   0   1   1   1   0   1 )	   0 inf   1   1   1   1   1   1   1   1   1   1   1   1   1   1
497	(   1   1   0   1   0   1   2 )	   0 inf   1   1   1   1   1   1   1   1   1   1   1   1   1   1
498	(   1   1   1   0   0   1   2 )	   0 inf   1   1   1   1   1   1   1   1   1   1   1   1   1   1
499	(   1   0   1   1   0   1   1 )	   0 inf   1   1   1   1   1   1   1   1   1   1   1   1   1   1
500	(   1   1   0   1   1   1   1 )	   0 inf   1   1   1   1   1   1   1   1   1   1   1   1   1   1
501	(   1   1   1   1   0   0   2 )	 320   0   1   1   1   1   1   1   1   1   1   1   1   1   1   1
502	(   1   1   0   0   1   1   1 )	 400   0   1   1   1   1   1   1   1   1   1   1   1   1   1   1
503	(   1   1   1   1   1   1   2 )	 480   0   1   1   1   1   1   1   1   1   1   1   1   1   1   1
504	(   1   1   0   1   1   0   1 )	   0 inf   1   1   1   1   1   1   1   1   1   1   1   1   1   1
505	(   1   0   1   0   1   1   1 )	   0 inf   1   1   1   1   1   1   1   1   1   1   1   1   1   1
506	(   1   1   1   1   0   1   1 )	   0 inf   1   1   1   1   1   1   1   1   1   1   1   1   1   1
507	(   1   1   1   1   1   1   1 )	 600   0   1   1   1   1   1   1   1   1   1   1   1   1   1   1
508	(   0   1   1   1   1   0   1 )	   0 inf   1   1   1   1   1   1   1   1   1   1   1   1   1   1
509	(   0   1   1   1   1   1   1 )	   0 inf   1   1   1   1   1   1   1   1   1   1   1   1   1   1
510	(   1   1   1   1   1   0   1 )	   0 inf   1   1   1   1   1   1   1   1   1   1   1   1   1   1
511	(   1   1   1   1   0   0   1 )	 400   0   1   1   1   1   1   1   1   1   1   1   1   1   1   1
A termination criterion is reached: Maximum number of total evaluations (Eval Global) 218702

Best feasible solution:     #755 ( 0 0 0 0 0 0 2 )	Evaluation OK	 f =   0                     	 h =   0                      (L2)

Best infeasible solution:   Undefined.

Blackbox evaluations:         511
Cache hits:                   218191
Total number of evaluations:  218702
