All variables are granular. MAX_EVAL is set to 218700 to prevent algorithm from circling around best solution indefinitely
BBE ( SOL ) OBJ CONS_H FRAME_SIZE MESH_SIZE
1	(   4   8   4   8   4   8   0 )	4800   0  
2	(   0  10   6   8   2  10   2 )	   0 inf   5   5   5   5   5   5   5   1   1   1   1   1   1   1
3	(   2   7   9   8   5   7   0 )	   0 inf   5   5   5   5   5   5   5   1   1   1   1   1   1   1
4	(   3  10   3   8   5   7   0 )	   0 inf   5   5   5   5   5   5   5   1   1   1   1   1   1   1
5	(   4   8   4  10   4   8   0 )	   0 inf   5   5   5   5   5   5   5   1   1   1   1   1   1   1
6	(   5   3   5   8   3   9   1 )	   0 inf   5   5   5   5   5   5   5   1   1   1   1   1   1   1
7	(   6   9   0   8   3   9   2 )	   0 inf   5   5   5   5   5   5   5   1   1   1   1   1   1   1
8	(   8   6   2   8   6   4   0 )	   0 inf   5   5   5   5   5   5   5   1   1   1   1   1   1   1
9	(   4  10   3   6   4  10   0 )	   0 inf   5   5   5   5   5   5   5   1   1   1   1   1   1   1
10	(   4   8   2   8   3   7   0 )	   0 inf   2   2   2   2   2   2   2   1   1   1   1   1   1   1
11	(   4   8   4   6   4   8   0 )	4500   0   2   2   2   2   2   2   2   1   1   1   1   1   1   1
12	(   4   8   5   8   6   7   0 )	4950   0   2   2   2   2   2   2   2   1   1   1   1   1   1   1
13	(   4   8   6   8   5   9   2 )	3350   0   2   2   2   2   2   2   2   1   1   1   1   1   1   1
14	(   4   9   6   8   2   7   0 )	   0 inf   2   2   2   2   2   2   2   1   1   1   1   1   1   1
15	(   4  10   4   8   4   8   0 )	   0 inf   2   2   2   2   2   2   2   1   1   1   1   1   1   1
16	(   6   8   4   8   4   8   0 )	5000   0   2   2   2   2   2   2   2   1   1   1   1   1   1   1
17	(   0   4  10   8   9   4   2 )	   0 inf   5   5   5   5   5   5   5   1   1   1   1   1   1   1
18	(   1  10   4   8  10  10   0 )	   0 inf   5   5   5   5   5   5   5   1   1   1   1   1   1   1
19	(   1  10  10   8   3  10   0 )	   0 inf   5   5   5   5   5   5   5   1   1   1   1   1   1   1
20	(   4   8   6  10   5   9   2 )	3540   0   5   5   5   5   5   5   5   1   1   1   1   1   1   1
21	(   6   7   8   8   7   7   0 )	5400   0   5   5   5   5   5   5   5   1   1   1   1   1   1   1
22	(   6  10   8   8   6   7   2 )	3675   0   5   5   5   5   5   5   5   1   1   1   1   1   1   1
23	(   8   6   9   8   8  10   2 )	   0 inf   5   5   5   5   5   5   5   1   1   1   1   1   1   1
24	(   6   9   0   6   0  10   2 )	   0 inf   5   5   5   5   5   5   5   1   1   1   1   1   1   1
25	(   4   7   6   6   6  10   2 )	3225   0   2   2   2   2   2   2   2   1   1   1   1   1   1   1
26	(   4   8   6   8   5   9   0 )	5250   0   2   2   2   2   2   2   2   1   1   1   1   1   1   1
27	(   4   8   8   8   5   9   2 )	3480   0   2   2   2   2   2   2   2   1   1   1   1   1   1   1
28	(   4   9   6   7   7   8   2 )	   0 inf   2   2   2   2   2   2   2   1   1   1   1   1   1   1
29	(   5   6   7   9   6   7   2 )	3260   0   2   2   2   2   2   2   2   1   1   1   1   1   1   1
30	(   5   8   7  10   6  10   2 )	3830   0   2   2   2   2   2   2   2   1   1   1   1   1   1   1
31	(   6   9   6   8   5   9   2 )	3575   0   2   2   2   2   2   2   2   1   1   1   1   1   1   1
32	(   2   4   5   6   8   5   1 )	   0 inf   5   5   5   5   5   5   5   1   1   1   1   1   1   1
33	(   3   2   5   6   7  10   1 )	   0 inf   5   5   5   5   5   5   5   1   1   1   1   1   1   1
34	(   4   6   6   6   6  10   2 )	3130   0   5   5   5   5   5   5   5   1   1   1   1   1   1   1
35	(   4   6  10   6   6   9   2 )	   0 inf   5   5   5   5   5   5   5   1   1   1   1   1   1   1
36	(   4   7   6   1   6  10   2 )	   0 inf   5   5   5   5   5   5   5   1   1   1   1   1   1   1
37	(   4   8   6   6  10  10   2 )	3580   0   5   5   5   5   5   5   5   1   1   1   1   1   1   1
38	(   9   5   6   6   6   9   2 )	   0 inf   5   5   5   5   5   5   5   1   1   1   1   1   1   1
39	(   0   0   6   0  10  10   2 )	   0 inf  10  10  10  10  10  10  10   1   1   1   1   1   1   1
40	(   0   1   6  10   0   8   1 )	   0 inf  10  10  10  10  10  10  10   1   1   1   1   1   1   1

BBE ( SOL ) OBJ CONS_H FRAME_SIZE MESH_SIZE
41	(   4   6   6   6   5  10   2 )	3065   0  10  10  10  10  10  10  10   1   1   1   1   1   1   1
42	(   4   6  10   6   6  10   2 )	   0 inf  10  10  10  10  10  10  10   1   1   1   1   1   1   1
43	(   6   4   6   8   3  10   2 )	   0 inf  10  10  10  10  10  10  10   1   1   1   1   1   1   1
44	(  10   0   6   0   0   7   1 )	   0 inf  10  10  10  10  10  10  10   1   1   1   1   1   1   1
45	(  10   0   6  10  10   5   1 )	   0 inf  10  10  10  10  10  10  10   1   1   1   1   1   1   1
46	(   0  10   5  10   0   7   2 )	   0 inf  20  20  20  20  20  20  20   1   1   1   1   1   1   1
47	(   1   0   6   9   0   9   2 )	   0 inf  20  20  20  20  20  20  20   1   1   1   1   1   1   1
48	(   3   8   6   0   4  10   2 )	   0 inf  20  20  20  20  20  20  20   1   1   1   1   1   1   1
49	(   4   6  10   6   5  10   2 )	   0 inf  20  20  20  20  20  20  20   1   1   1   1   1   1   1
50	(   4   7   6   6   5  10   2 )	3160   0  20  20  20  20  20  20  20   1   1   1   1   1   1   1
51	(   5   2   6   5   0  10   0 )	   0 inf  20  20  20  20  20  20  20   1   1   1   1   1   1   1
52	(  10   8   6   7   4  10   2 )	   0 inf  20  20  20  20  20  20  20   1   1   1   1   1   1   1
53	(   5   7   3   5  10  10   2 )	3260   0  20  20  20  20  20  20  20   1   1   1   1   1   1   1
54	(   0   7  10   6   3  10   2 )	   0 inf  10  10  10  10  10  10  10   1   1   1   1   1   1   1
55	(   0   8   0   6   1  10   0 )	   0 inf  10  10  10  10  10  10  10   1   1   1   1   1   1   1
56	(   0   9  10   5   0   5   0 )	   0 inf  10  10  10  10  10  10  10   1   1   1   1   1   1   1
57	(   2   0   7   6   4  10   1 )	   0 inf  10  10  10  10  10  10  10   1   1   1   1   1   1   1
58	(   4   6   6  10   5  10   2 )	3445   0  10  10  10  10  10  10  10   1   1   1   1   1   1   1
59	(   7   5   3   6   0   6   2 )	   0 inf  10  10  10  10  10  10  10   1   1   1   1   1   1   1
60	(  10   9  10   5   0  10   0 )	   0 inf  10  10  10  10  10  10  10   1   1   1   1   1   1   1
61	(   9   4   2   4  10  10   2 )	   0 inf  10  10  10  10  10  10  10   1   1   1   1   1   1   1
62	(   0   6   6   6   4  10   2 )	   0 inf   5   5   5   5   5   5   5   1   1   1   1   1   1   1
63	(   4   5   1   6   3  10   2 )	   0 inf   5   5   5   5   5   5   5   1   1   1   1   1   1   1
64	(   4   5   7   6   3  10   0 )	   0 inf   5   5   5   5   5   5   5   1   1   1   1   1   1   1
65	(   4   6   6   1   5  10   2 )	   0 inf   5   5   5   5   5   5   5   1   1   1   1   1   1   1
66	(   4   6   6   6   5   5   2 )	2590   0   5   5   5   5   5   5   5   1   1   1   1   1   1   1
67	(   4  10   7   6   0  10   2 )	   0 inf   5   5   5   5   5   5   5   1   1   1   1   1   1   1
68	(   5   1   9   6   1  10   2 )	   0 inf   5   5   5   5   5   5   5   1   1   1   1   1   1   1
69	(   0   7   6   5   4   5   2 )	   0 inf  10  10  10  10  10  10  10   1   1   1   1   1   1   1
70	(   3   0   4   0  10   3   2 )	   0 inf  10  10  10  10  10  10  10   1   1   1   1   1   1   1
71	(   3   0   4  10   5   2   2 )	   0 inf  10  10  10  10  10  10  10   1   1   1   1   1   1   1
72	(   3  10   4  10  10   3   2 )	   0 inf  10  10  10  10  10  10  10   1   1   1   1   1   1   1
73	(   4   6   6   6   5   5   0 )	4050   0  10  10  10  10  10  10  10   1   1   1   1   1   1   1
74	(   4   7   6   5   3   0   2 )	   0 inf  10  10  10  10  10  10  10   1   1   1   1   1   1   1
75	(  10   5   6   7   6   5   2 )	   0 inf  10  10  10  10  10  10  10   1   1   1   1   1   1   1
76	(   5  10  10   5   0  10   2 )	   0 inf  10  10  10  10  10  10  10   1   1   1   1   1   1   1
77	(   0   3   8   5   7   3   0 )	   0 inf   5   5   5   5   5   5   5   1   1   1   1   1   1   1
78	(   3   8   5   6   4   0   2 )	   0 inf   5   5   5   5   5   5   5   1   1   1   1   1   1   1
79	(   4   5   6  10   5   5   2 )	2875   0   5   5   5   5   5   5   5   1   1   1   1   1   1   1
80	(   6   3   1   6   6   4   0 )	   0 inf   5   5   5   5   5   5   5   1   1   1   1   1   1   1

BBE ( SOL ) OBJ CONS_H FRAME_SIZE MESH_SIZE
81	(   6   4   7   6   0   4   0 )	   0 inf   5   5   5   5   5   5   5   1   1   1   1   1   1   1
82	(   7   2   8   5   7   3   2 )	   0 inf   5   5   5   5   5   5   5   1   1   1   1   1   1   1
83	(   9   9  10   5   9   2   0 )	   0 inf   5   5   5   5   5   5   5   1   1   1   1   1   1   1
84	(   0  10   3   5   2  10   2 )	   0 inf   5   5   5   5   5   5   5   1   1   1   1   1   1   1
85	(   2   6   6   6   4   5   2 )	   0 inf   2   2   2   2   2   2   2   1   1   1   1   1   1   1
86	(   4   6   6   6   6   3   2 )	   0 inf   2   2   2   2   2   2   2   1   1   1   1   1   1   1
87	(   4   8   6   7   4   5   2 )	2810   0   2   2   2   2   2   2   2   1   1   1   1   1   1   1
88	(   5   5   7   4   3   4   2 )	   0 inf   2   2   2   2   2   2   2   1   1   1   1   1   1   1
89	(   5   5   7   8   3   4   0 )	4050   0   2   2   2   2   2   2   2   1   1   1   1   1   1   1
90	(   5   5   7   8   6   4   2 )	   0 inf   2   2   2   2   2   2   2   1   1   1   1   1   1   1
91	(   6   6   6   6   6   5   1 )	   0 inf   2   2   2   2   2   2   2   1   1   1   1   1   1   1
92	(   1   7   3   3   8  10   2 )	   0 inf   2   2   2   2   2   2   2   1   1   1   1   1   1   1
93	(   3   6   7   7   6   5   2 )	   0 inf   1   1   1   1   1   1   1   1   1   1   1   1   1   1
94	(   4   6   6   6   5   4   2 )	   0 inf   1   1   1   1   1   1   1   1   1   1   1   1   1   1
95	(   4   6   6   6   5   5   1 )	3240   0   1   1   1   1   1   1   1   1   1   1   1   1   1   1
96	(   4   7   6   6   5   5   2 )	2685   0   1   1   1   1   1   1   1   1   1   1   1   1   1   1
97	(   5   6   5   7   6   5   2 )	   0 inf   1   1   1   1   1   1   1   1   1   1   1   1   1   1
98	(   5   6   7   5   6   5   2 )	   0 inf   1   1   1   1   1   1   1   1   1   1   1   1   1   1
99	(   5   6   7   7   4   5   2 )	2750   0   1   1   1   1   1   1   1   1   1   1   1   1   1   1
100	(   2   5   4   4   3   6   2 )	   0 inf   1   1   1   1   1   1   1   1   1   1   1   1   1   1
101	(   3   6   5   6   5   5   2 )	2460   0   1   1   1   1   1   1   1   1   1   1   1   1   1   1
102	(   4   6   6   6   5   6   2 )	2685   0   1   1   1   1   1   1   1   1   1   1   1   1   1   1
103	(   4   6   6   6   6   5   2 )	   0 inf   1   1   1   1   1   1   1   1   1   1   1   1   1   1
104	(   4   6   6   7   5   5   2 )	2685   0   1   1   1   1   1   1   1   1   1   1   1   1   1   1
105	(   4   7   7   6   5   5   2 )	   0 inf   1   1   1   1   1   1   1   1   1   1   1   1   1   1
106	(   5   6   7   6   5   5   1 )	   0 inf   1   1   1   1   1   1   1   1   1   1   1   1   1   1
107	(   5   7   6   7   5   5   2 )	2845   0   1   1   1   1   1   1   1   1   1   1   1   1   1   1
108	(   1   6   5   6   5   5   2 )	   0 inf   2   2   2   2   2   2   2   1   1   1   1   1   1   1
109	(   2   7   3   4   4   7   2 )	   0 inf   2   2   2   2   2   2   2   1   1   1   1   1   1   1
110	(   2   7   3   8   4   4   2 )	   0 inf   2   2   2   2   2   2   2   1   1   1   1   1   1   1
111	(   3   4   4   7   4   6   2 )	2330   0   2   2   2   2   2   2   2   1   1   1   1   1   1   1
112	(   3   5   3   5   6   3   2 )	   0 inf   2   2   2   2   2   2   2   1   1   1   1   1   1   1
113	(   3   6   5   6   5   5   0 )	3850   0   2   2   2   2   2   2   2   1   1   1   1   1   1   1
114	(   3   7   4   7   7   6   2 )	   0 inf   2   2   2   2   2   2   2   1   1   1   1   1   1   1
115	(   0   4   4   8   4   6   2 )	   0 inf   5   5   5   5   5   5   5   1   1   1   1   1   1   1
116	(   2   4   2   3   0   3   0 )	   0 inf   5   5   5   5   5   5   5   1   1   1   1   1   1   1
117	(   3   0   4   7   4   6   2 )	   0 inf   5   5   5   5   5   5   5   1   1   1   1   1   1   1
118	(   3   4   0   9   3   7   2 )	   0 inf   5   5   5   5   5   5   5   1   1   1   1   1   1   1
119	(   3   4   5  10   2   8   0 )	   0 inf   5   5   5   5   5   5   5   1   1   1   1   1   1   1
120	(   4   4   6  10   9   9   2 )	3420   0   5   5   5   5   5   5   5   1   1   1   1   1   1   1

BBE ( SOL ) OBJ CONS_H FRAME_SIZE MESH_SIZE
121	(   4   4   7   6   0  10   2 )	   0 inf   5   5   5   5   5   5   5   1   1   1   1   1   1   1
122	(   5   8   4   3  10   0   2 )	   0 inf   5   5   5   5   5   5   5   1   1   1   1   1   1   1
123	(   1   4   4   8   4   6   2 )	   0 inf   2   2   2   2   2   2   2   1   1   1   1   1   1   1
124	(   3   2   4   8   4   6   2 )	   0 inf   2   2   2   2   2   2   2   1   1   1   1   1   1   1
125	(   3   4   2   6   4   6   2 )	   0 inf   2   2   2   2   2   2   2   1   1   1   1   1   1   1
126	(   3   4   4   7   2   6   2 )	   0 inf   2   2   2   2   2   2   2   1   1   1   1   1   1   1
127	(   3   4   4   7   4   6   0 )	3650   0   2   2   2   2   2   2   2   1   1   1   1   1   1   1
128	(   3   4   4   7   4   8   2 )	2520   0   2   2   2   2   2   2   2   1   1   1   1   1   1   1
129	(   5   5   2   9   4   6   2 )	   0 inf   2   2   2   2   2   2   2   1   1   1   1   1   1   1
130	(   3   5   8   4   6   4   2 )	   0 inf   2   2   2   2   2   2   2   1   1   1   1   1   1   1
131	(   3   3   3   7   4   7   2 )	   0 inf   1   1   1   1   1   1   1   1   1   1   1   1   1   1
132	(   3   4   4   6   4   7   2 )	2330   0   1   1   1   1   1   1   1   1   1   1   1   1   1   1
133	(   3   4   4   7   3   6   2 )	2265   0   1   1   1   1   1   1   1   1   1   1   1   1   1   1
134	(   3   4   4   7   4   6   1 )	2920   0   1   1   1   1   1   1   1   1   1   1   1   1   1   1
135	(   3   4   5   8   4   6   2 )	2490   0   1   1   1   1   1   1   1   1   1   1   1   1   1   1
136	(   3   5   3   8   4   6   2 )	   0 inf   1   1   1   1   1   1   1   1   1   1   1   1   1   1
137	(   4   4   4   7   4   6   2 )	2395   0   1   1   1   1   1   1   1   1   1   1   1   1   1   1
138	(   3   2   5   8   3   8   2 )	   0 inf   2   2   2   2   2   2   2   1   1   1   1   1   1   1
139	(   3   4   4   7   1   6   2 )	   0 inf   2   2   2   2   2   2   2   1   1   1   1   1   1   1
140	(   3   4   4   7   3   6   0 )	3550   0   2   2   2   2   2   2   2   1   1   1   1   1   1   1
141	(   3   4   4   9   3   6   2 )	   0 inf   2   2   2   2   2   2   2   1   1   1   1   1   1   1
142	(   3   5   2   7   3   8   2 )	   0 inf   2   2   2   2   2   2   2   1   1   1   1   1   1   1
143	(   3   6   6   7   3   7   2 )	   0 inf   2   2   2   2   2   2   2   1   1   1   1   1   1   1
144	(   5   4   4   7   3   6   2 )	   0 inf   2   2   2   2   2   2   2   1   1   1   1   1   1   1
145	(   1   3   3   4   5   1   2 )	   0 inf   2   2   2   2   2   2   2   1   1   1   1   1   1   1
146	(   3   3   3   7   2   6   2 )	   0 inf   1   1   1   1   1   1   1   1   1   1   1   1   1   1
147	(   3   4   4   7   3   6   1 )	2840   0   1   1   1   1   1   1   1   1   1   1   1   1   1   1
148	(   3   4   4   8   3   6   2 )	2360   0   1   1   1   1   1   1   1   1   1   1   1   1   1   1
149	(   3   4   5   7   3   5   2 )	2235   0   1   1   1   1   1   1   1   1   1   1   1   1   1   1
150	(   3   5   4   7   3   5   2 )	2265   0   1   1   1   1   1   1   1   1   1   1   1   1   1   1
151	(   4   4   4   7   3   6   2 )	2330   0   1   1   1   1   1   1   1   1   1   1   1   1   1   1
152	(   1   4   6   6   4   5   1 )	   0 inf   2   2   2   2   2   2   2   1   1   1   1   1   1   1
153	(   2   4   7   8   1   5   2 )	   0 inf   2   2   2   2   2   2   2   1   1   1   1   1   1   1
154	(   3   4   5   7   3   3   2 )	2045   0   2   2   2   2   2   2   2   1   1   1   1   1   1   1
155	(   3   4   6   9   4   5   2 )	2555   0   2   2   2   2   2   2   2   1   1   1   1   1   1   1
156	(   3   6   5   7   3   5   2 )	2425   0   2   2   2   2   2   2   2   1   1   1   1   1   1   1
157	(   4   4   6   6   4   5   2 )	2335   0   2   2   2   2   2   2   2   1   1   1   1   1   1   1
158	(   4   4   7   6   3   5   0 )	   0 inf   2   2   2   2   2   2   2   1   1   1   1   1   1   1
159	(   0   5   3   9   0   2   2 )	   0 inf   5   5   5   5   5   5   5   1   1   1   1   1   1   1
160	(   0   5  10   9   5   2   2 )	   0 inf   5   5   5   5   5   5   5   1   1   1   1   1   1   1

BBE ( SOL ) OBJ CONS_H FRAME_SIZE MESH_SIZE
161	(   0   6   3   2   5   2   2 )	   0 inf   5   5   5   5   5   5   5   1   1   1   1   1   1   1
162	(   1   0   4   8   4   3   2 )	   0 inf   5   5   5   5   5   5   5   1   1   1   1   1   1   1
163	(   3   7   1  10   7   1   1 )	   0 inf   5   5   5   5   5   5   5   1   1   1   1   1   1   1
164	(   4   4   5   6   3   0   2 )	   0 inf   5   5   5   5   5   5   5   1   1   1   1   1   1   1
165	(   5   9   6   6   2   3   2 )	2555   0   5   5   5   5   5   5   5   1   1   1   1   1   1   1
166	(  10   0   8   6   0  10   2 )	   0 inf   5   5   5   5   5   5   5   1   1   1   1   1   1   1
167	(   1   5   5   7   4   3   1 )	   0 inf   2   2   2   2   2   2   2   1   1   1   1   1   1   1
168	(   3   2   4   7   4   2   1 )	   0 inf   2   2   2   2   2   2   2   1   1   1   1   1   1   1
169	(   3   4   5   7   3   1   2 )	   0 inf   2   2   2   2   2   2   2   1   1   1   1   1   1   1
170	(   3   4   5   9   3   3   2 )	2235   0   2   2   2   2   2   2   2   1   1   1   1   1   1   1
171	(   3   4   7   7   3   3   2 )	2175   0   2   2   2   2   2   2   2   1   1   1   1   1   1   1
172	(   4   5   5   7   5   3   2 )	   0 inf   2   2   2   2   2   2   2   1   1   1   1   1   1   1
173	(   5   3   5   7   2   3   2 )	   0 inf   2   2   2   2   2   2   2   1   1   1   1   1   1   1
174	(   2   5   4   5   0   6   2 )	   0 inf   2   2   2   2   2   2   2   1   1   1   1   1   1   1
175	(   2   5   5   6   3   3   2 )	   0 inf   1   1   1   1   1   1   1   1   1   1   1   1   1   1
176	(   3   4   5   7   3   2   2 )	   0 inf   1   1   1   1   1   1   1   1   1   1   1   1   1   1
177	(   3   4   5   7   3   3   1 )	2560   0   1   1   1   1   1   1   1   1   1   1   1   1   1   1
178	(   3   4   5   7   4   3   2 )	   0 inf   1   1   1   1   1   1   1   1   1   1   1   1   1   1
179	(   3   4   6   7   3   3   2 )	2110   0   1   1   1   1   1   1   1   1   1   1   1   1   1   1
180	(   4   3   5   6   3   3   2 )	   0 inf   1   1   1   1   1   1   1   1   1   1   1   1   1   1
181	(   4   5   5   7   3   2   1 )	   0 inf   1   1   1   1   1   1   1   1   1   1   1   1   1   1
182	(   2   3   4   9   2   5   2 )	   0 inf   1   1   1   1   1   1   1   1   1   1   1   1   1   1
183	(   2   3   4   7   3   3   1 )	2280   0   1   1   1   1   1   1   1   1   1   1   1   1   1   1
184	(   2   3   6   8   3   2   2 )	   0 inf   1   1   1   1   1   1   1   1   1   1   1   1   1   1
185	(   2   4   5   8   3   3   2 )	2075   0   1   1   1   1   1   1   1   1   1   1   1   1   1   1
186	(   2   5   4   7   3   3   2 )	   0 inf   1   1   1   1   1   1   1   1   1   1   1   1   1   1
187	(   2   5   6   7   3   3   1 )	   0 inf   1   1   1   1   1   1   1   1   1   1   1   1   1   1
188	(   3   4   5   7   2   3   2 )	1980   0   1   1   1   1   1   1   1   1   1   1   1   1   1   1
189	(   4   5   6   7   3   3   2 )	2270   0   1   1   1   1   1   1   1   1   1   1   1   1   1   1
190	(   3   3   6   9   2   3   2 )	2140   0   2   2   2   2   2   2   2   1   1   1   1   1   1   1
191	(   3   4   5   7   0   3   2 )	   0 inf   2   2   2   2   2   2   2   1   1   1   1   1   1   1
192	(   3   4   5   7   2   3   0 )	3100   0   2   2   2   2   2   2   2   1   1   1   1   1   1   1
193	(   3   4   5   7   2   5   2 )	   0 inf   2   2   2   2   2   2   2   1   1   1   1   1   1   1
194	(   3   4   7   6   2   3   2 )	   0 inf   2   2   2   2   2   2   2   1   1   1   1   1   1   1
195	(   3   6   6   8   2   3   2 )	2330   0   2   2   2   2   2   2   2   1   1   1   1   1   1   1
196	(   5   4   5   7   2   3   2 )	   0 inf   2   2   2   2   2   2   2   1   1   1   1   1   1   1
197	(   1   3   1   5   4   1   2 )	   0 inf   2   2   2   2   2   2   2   1   1   1   1   1   1   1
198	(   3   3   5   7   2   2   1 )	2240   0   1   1   1   1   1   1   1   1   1   1   1   1   1   1
199	(   3   4   5   7   1   3   2 )	   0 inf   1   1   1   1   1   1   1   1   1   1   1   1   1   1
200	(   3   4   5   8   2   3   2 )	2075   0   1   1   1   1   1   1   1   1   1   1   1   1   1   1

BBE ( SOL ) OBJ CONS_H FRAME_SIZE MESH_SIZE
201	(   3   4   6   7   2   3   1 )	2560   0   1   1   1   1   1   1   1   1   1   1   1   1   1   1
202	(   3   5   4   7   2   2   2 )	1915   0   1   1   1   1   1   1   1   1   1   1   1   1   1   1
203	(   3   5   5   7   2   4   2 )	2170   0   1   1   1   1   1   1   1   1   1   1   1   1   1   1
204	(   4   4   5   7   2   3   2 )	2045   0   1   1   1   1   1   1   1   1   1   1   1   1   1   1
205	(   1   6   3   5   3   4   2 )	   0 inf   2   2   2   2   2   2   2   1   1   1   1   1   1   1
206	(   1   7   5   8   1   1   2 )	   0 inf   2   2   2   2   2   2   2   1   1   1   1   1   1   1
207	(   2   3   3   6   3   0   2 )	   0 inf   2   2   2   2   2   2   2   1   1   1   1   1   1   1
208	(   3   5   2   7   2   2   2 )	   0 inf   2   2   2   2   2   2   2   1   1   1   1   1   1   1
209	(   3   5   4   7   2   2   0 )	3000   0   2   2   2   2   2   2   2   1   1   1   1   1   1   1
210	(   4   6   4   5   1   1   2 )	1725   0   2   2   2   2   2   2   2   1   1   1   1   1   1   1
211	(   4   6   4   8   4   1   2 )	   0 inf   2   2   2   2   2   2   2   1   1   1   1   1   1   1
212	(   1  10   8   6   0   1   0 )	   0 inf   5   5   5   5   5   5   5   1   1   1   1   1   1   1
213	(   3   1   6   1   0   1   0 )	   0 inf   5   5   5   5   5   5   5   1   1   1   1   1   1   1
214	(   3   7   5   3   6   1   1 )	   0 inf   5   5   5   5   5   5   5   1   1   1   1   1   1   1
215	(   3   8   0   2   0   1   0 )	   0 inf   5   5   5   5   5   5   5   1   1   1   1   1   1   1
216	(   3   8   6   1   0   1   2 )	   0 inf   5   5   5   5   5   5   5   1   1   1   1   1   1   1
217	(   4   6   4   5   1   0   2 )	   0 inf   5   5   5   5   5   5   5   1   1   1   1   1   1   1
218	(   9   7   5   3   0   1   1 )	   0 inf   5   5   5   5   5   5   5   1   1   1   1   1   1   1
219	(   6   1   0  10   1   2   2 )	   0 inf   5   5   5   5   5   5   5   1   1   1   1   1   1   1
220	(   4   6   4   3   1   1   2 )	   0 inf   2   2   2   2   2   2   2   1   1   1   1   1   1   1
221	(   4   6   4   5   1   3   2 )	   0 inf   2   2   2   2   2   2   2   1   1   1   1   1   1   1
222	(   4   6   6   5   1   1   2 )	   0 inf   2   2   2   2   2   2   2   1   1   1   1   1   1   1
223	(   4   7   4   5   0   1   2 )	   0 inf   2   2   2   2   2   2   2   1   1   1   1   1   1   1
224	(   4   7   4   5   2   1   0 )	   0 inf   2   2   2   2   2   2   2   1   1   1   1   1   1   1
225	(   4   8   4   5   2   1   2 )	   0 inf   2   2   2   2   2   2   2   1   1   1   1   1   1   1
226	(   6   6   4   5   1   1   2 )	1855   0   2   2   2   2   2   2   2   1   1   1   1   1   1   1
227	(   2   2   2   7   0   0   2 )	   0 inf   2   2   2   2   2   2   2   1   1   1   1   1   1   1
228	(   4   5   3   5   1   0   2 )	   0 inf   1   1   1   1   1   1   1   1   1   1   1   1   1   1
229	(   4   6   4   4   1   1   2 )	1630   0   1   1   1   1   1   1   1   1   1   1   1   1   1   1
230	(   4   6   4   5   0   1   2 )	   0 inf   1   1   1   1   1   1   1   1   1   1   1   1   1   1
231	(   4   6   4   5   1   1   1 )	2160   0   1   1   1   1   1   1   1   1   1   1   1   1   1   1
232	(   4   7   3   5   1   1   2 )	1755   0   1   1   1   1   1   1   1   1   1   1   1   1   1   1
233	(   4   7   4   5   1   0   2 )	   0 inf   1   1   1   1   1   1   1   1   1   1   1   1   1   1
234	(   5   6   4   5   1   1   2 )	1790   0   1   1   1   1   1   1   1   1   1   1   1   1   1   1
235	(   3   7   3   2   2   3   1 )	   0 inf   2   2   2   2   2   2   2   1   1   1   1   1   1   1
236	(   3   7   3   3   0   0   1 )	   0 inf   2   2   2   2   2   2   2   1   1   1   1   1   1   1
237	(   4   4   4   3   2   0   2 )	   0 inf   2   2   2   2   2   2   2   1   1   1   1   1   1   1
238	(   4   6   4   3   2   0   2 )	   0 inf   2   2   2   2   2   2   2   1   1   1   1   1   1   1
239	(   4   6   6   3   1   0   2 )	   0 inf   2   2   2   2   2   2   2   1   1   1   1   1   1   1
240	(   5   4   5   3   0   3   2 )	   0 inf   2   2   2   2   2   2   2   1   1   1   1   1   1   1

BBE ( SOL ) OBJ CONS_H FRAME_SIZE MESH_SIZE
241	(   6   6   4   3   1   0   2 )	   0 inf   2   2   2   2   2   2   2   1   1   1   1   1   1   1
242	(   3   8   3  10   0   2   2 )	   0 inf   2   2   2   2   2   2   2   1   1   1   1   1   1   1
243	(   4   5   4   3   2   1   2 )	   0 inf   1   1   1   1   1   1   1   1   1   1   1   1   1   1
244	(   4   5   5   4   0   0   2 )	   0 inf   1   1   1   1   1   1   1   1   1   1   1   1   1   1
245	(   4   6   4   4   1   1   1 )	2040   0   1   1   1   1   1   1   1   1   1   1   1   1   1   1
246	(   4   6   4   4   1   2   2 )	1725   0   1   1   1   1   1   1   1   1   1   1   1   1   1   1
247	(   4   6   5   4   1   1   2 )	   0 inf   1   1   1   1   1   1   1   1   1   1   1   1   1   1
248	(   4   7   4   3   1   1   2 )	   0 inf   1   1   1   1   1   1   1   1   1   1   1   1   1   1
249	(   5   6   4   4   1   1   2 )	1695   0   1   1   1   1   1   1   1   1   1   1   1   1   1   1
250	(   3   7   2   6   1   1   2 )	   0 inf   1   1   1   1   1   1   1   1   1   1   1   1   1   1
251	(   3   6   4   4   1   1   2 )	1565   0   1   1   1   1   1   1   1   1   1   1   1   1   1   1
252	(   4   6   3   4   1   1   2 )	1565   0   1   1   1   1   1   1   1   1   1   1   1   1   1   1
253	(   4   6   4   4   0   1   2 )	   0 inf   1   1   1   1   1   1   1   1   1   1   1   1   1   1
254	(   4   6   4   4   1   0   1 )	   0 inf   1   1   1   1   1   1   1   1   1   1   1   1   1   1
255	(   4   6   4   4   1   0   2 )	   0 inf   1   1   1   1   1   1   1   1   1   1   1   1   1   1
256	(   4   7   4   4   1   1   2 )	1725   0   1   1   1   1   1   1   1   1   1   1   1   1   1   1
257	(   1   6   4   4   1   1   2 )	   0 inf   2   2   2   2   2   2   2   1   1   1   1   1   1   1
258	(   3   5   5   2   1   0   2 )	   0 inf   2   2   2   2   2   2   2   1   1   1   1   1   1   1
259	(   3   6   4   4   1   1   0 )	2450   0   2   2   2   2   2   2   2   1   1   1   1   1   1   1
260	(   3   6   4   4   3   1   2 )	   0 inf   2   2   2   2   2   2   2   1   1   1   1   1   1   1
261	(   3   6   6   6   1   0   2 )	   0 inf   2   2   2   2   2   2   2   1   1   1   1   1   1   1
262	(   3   7   3   6   1   3   2 )	   0 inf   2   2   2   2   2   2   2   1   1   1   1   1   1   1
263	(   3   8   5   4   1   1   2 )	   0 inf   2   2   2   2   2   2   2   1   1   1   1   1   1   1
264	(   5   4   1   2   0   1   2 )	   0 inf   2   2   2   2   2   2   2   1   1   1   1   1   1   1
265	(   2   6   4   4   0   1   1 )	   0 inf   1   1   1   1   1   1   1   1   1   1   1   1   1   1
266	(   2   6   4   4   2   1   2 )	   0 inf   1   1   1   1   1   1   1   1   1   1   1   1   1   1
267	(   3   6   4   4   1   2   2 )	1660   0   1   1   1   1   1   1   1   1   1   1   1   1   1   1
268	(   3   6   4   4   2   1   1 )	   0 inf   1   1   1   1   1   1   1   1   1   1   1   1   1   1
269	(   3   6   4   5   1   1   2 )	1660   0   1   1   1   1   1   1   1   1   1   1   1   1   1   1
270	(   3   6   5   4   1   1   2 )	   0 inf   1   1   1   1   1   1   1   1   1   1   1   1   1   1
271	(   3   7   4   4   1   1   2 )	   0 inf   1   1   1   1   1   1   1   1   1   1   1   1   1   1
272	(   5   5   3   3   0   0   2 )	1280   0   1   1   1   1   1   1   1   1   1   1   1   1   1   1
273	(   4   3   1   3   0   1   2 )	   0 inf   2   2   2   2   2   2   2   1   1   1   1   1   1   1
274	(   5   3   4   3   0   0   2 )	   0 inf   2   2   2   2   2   2   2   1   1   1   1   1   1   1
275	(   5   5   3   1   0   0   2 )	   0 inf   2   2   2   2   2   2   2   1   1   1   1   1   1   1
276	(   5   5   3   3   0   0   1 )	1600   0   2   2   2   2   2   2   2   1   1   1   1   1   1   1
277	(   5   5   3   3   2   0   2 )	   0 inf   2   2   2   2   2   2   2   1   1   1   1   1   1   1
278	(   5   6   1   3   0   0   2 )	   0 inf   2   2   2   2   2   2   2   1   1   1   1   1   1   1
279	(   7   5   3   3   0   0   2 )	   0 inf   2   2   2   2   2   2   2   1   1   1   1   1   1   1
280	(   4   8   6   5   0   0   2 )	   0 inf   2   2   2   2   2   2   2   1   1   1   1   1   1   1

BBE ( SOL ) OBJ CONS_H FRAME_SIZE MESH_SIZE
281	(   5   4   3   3   0   0   2 )	   0 inf   1   1   1   1   1   1   1   1   1   1   1   1   1   1
282	(   5   4   3   3   1   1   2 )	   0 inf   1   1   1   1   1   1   1   1   1   1   1   1   1   1
283	(   5   5   2   3   0   0   2 )	1215   0   1   1   1   1   1   1   1   1   1   1   1   1   1   1
284	(   5   5   3   2   0   0   2 )	   0 inf   1   1   1   1   1   1   1   1   1   1   1   1   1   1
285	(   5   5   3   4   1   0   2 )	   0 inf   1   1   1   1   1   1   1   1   1   1   1   1   1   1
286	(   6   5   3   3   0   0   2 )	   0 inf   1   1   1   1   1   1   1   1   1   1   1   1   1   1
287	(   3   3   2   4   2   2   2 )	1310   0   2   2   2   2   2   2   2   1   1   1   1   1   1   1
288	(   3   6   2   3   1   0   1 )	   0 inf   2   2   2   2   2   2   2   1   1   1   1   1   1   1
289	(   4   7   2   3   0   1   2 )	   0 inf   2   2   2   2   2   2   2   1   1   1   1   1   1   1
290	(   5   5   0   3   0   0   2 )	   0 inf   2   2   2   2   2   2   2   1   1   1   1   1   1   1
291	(   5   5   2   5   0   0   2 )	   0 inf   2   2   2   2   2   2   2   1   1   1   1   1   1   1
292	(   6   3   2   3   2   0   1 )	   0 inf   2   2   2   2   2   2   2   1   1   1   1   1   1   1
293	(   7   4   2   3   0   1   2 )	   0 inf   2   2   2   2   2   2   2   1   1   1   1   1   1   1
294	(   7   7   4   0   0   0   2 )	   0 inf   2   2   2   2   2   2   2   1   1   1   1   1   1   1
295	(   5   4   2   4   0   0   2 )	   0 inf   1   1   1   1   1   1   1   1   1   1   1   1   1   1
296	(   5   5   1   3   0   0   2 )	   0 inf   1   1   1   1   1   1   1   1   1   1   1   1   1   1
297	(   5   5   2   3   0   0   1 )	1520   0   1   1   1   1   1   1   1   1   1   1   1   1   1   1
298	(   5   5   2   3   0   1   2 )	   0 inf   1   1   1   1   1   1   1   1   1   1   1   1   1   1
299	(   5   5   2   3   1   0   2 )	   0 inf   1   1   1   1   1   1   1   1   1   1   1   1   1   1
300	(   6   5   2   2   0   0   2 )	   0 inf   1   1   1   1   1   1   1   1   1   1   1   1   1   1
301	(   6   6   2   3   0   0   2 )	1375   0   1   1   1   1   1   1   1   1   1   1   1   1   1   1
302	(   3   5   3   3   0   0   2 )	1150   0   1   1   1   1   1   1   1   1   1   1   1   1   1   1
303	(   1   5   3   1   1   0   1 )	   0 inf   2   2   2   2   2   2   2   1   1   1   1   1   1   1
304	(   2   5   3   1   0   2   2 )	   0 inf   2   2   2   2   2   2   2   1   1   1   1   1   1   1
305	(   2   5   3   4   0   0   1 )	   0 inf   2   2   2   2   2   2   2   1   1   1   1   1   1   1
306	(   2   5   3   4   1   0   2 )	   0 inf   2   2   2   2   2   2   2   1   1   1   1   1   1   1
307	(   2   5   3   4   1   2   1 )	   0 inf   2   2   2   2   2   2   2   1   1   1   1   1   1   1
308	(   3   5   5   3   0   0   2 )	   0 inf   2   2   2   2   2   2   2   1   1   1   1   1   1   1
309	(   3   7   3   3   0   0   2 )	   0 inf   2   2   2   2   2   2   2   1   1   1   1   1   1   1
310	(   9   3   1   4   0   0   2 )	   0 inf   2   2   2   2   2   2   2   1   1   1   1   1   1   1
311	(   2   5   2   2   0   1   2 )	   0 inf   1   1   1   1   1   1   1   1   1   1   1   1   1   1
312	(   2   5   2   4   0   0   2 )	   0 inf   1   1   1   1   1   1   1   1   1   1   1   1   1   1
313	(   2   5   4   2   0   0   2 )	   0 inf   1   1   1   1   1   1   1   1   1   1   1   1   1   1
314	(   2   5   4   4   0   1   2 )	   0 inf   1   1   1   1   1   1   1   1   1   1   1   1   1   1
315	(   3   5   3   3   0   0   1 )	1440   0   1   1   1   1   1   1   1   1   1   1   1   1   1   1
316	(   3   5   3   3   1   0   2 )	   0 inf   1   1   1   1   1   1   1   1   1   1   1   1   1   1
317	(   3   6   3   3   0   0   2 )	1245   0   1   1   1   1   1   1   1   1   1   1   1   1   1   1
318	(   7   4   3   3   0   0   2 )	   0 inf   1   1   1   1   1   1   1   1   1   1   1   1   1   1
319	(   2   5   3   3   0   0   2 )	   0 inf   1   1   1   1   1   1   1   1   1   1   1   1   1   1
320	(   3   5   3   3   0   1   2 )	   0 inf   1   1   1   1   1   1   1   1   1   1   1   1   1   1

BBE ( SOL ) OBJ CONS_H FRAME_SIZE MESH_SIZE
321	(   3   5   3   4   0   0   2 )	1245   0   1   1   1   1   1   1   1   1   1   1   1   1   1   1
322	(   3   5   4   3   0   0   2 )	   0 inf   1   1   1   1   1   1   1   1   1   1   1   1   1   1
323	(   3   6   3   3   0   0   1 )	1560   0   1   1   1   1   1   1   1   1   1   1   1   1   1   1
324	(   3   6   4   3   0   0   2 )	   0 inf   1   1   1   1   1   1   1   1   1   1   1   1   1   1
325	(   2   5   2   3   0   0   2 )	   0 inf   1   1   1   1   1   1   1   1   1   1   1   1   1   1
326	(   3   4   2   3   0   0   2 )	 990   0   1   1   1   1   1   1   1   1   1   1   1   1   1   1
327	(   3   4   3   3   0   0   2 )	1055   0   1   1   1   1   1   1   1   1   1   1   1   1   1   1
328	(   3   5   3   2   0   0   2 )	   0 inf   1   1   1   1   1   1   1   1   1   1   1   1   1   1
329	(   3   6   3   3   0   1   2 )	   0 inf   1   1   1   1   1   1   1   1   1   1   1   1   1   1
330	(   4   5   4   3   0   1   1 )	   0 inf   1   1   1   1   1   1   1   1   1   1   1   1   1   1
331	(   2   2   1   3   0   1   2 )	   0 inf   2   2   2   2   2   2   2   1   1   1   1   1   1   1
332	(   2   2   4   2   0   0   2 )	   0 inf   2   2   2   2   2   2   2   1   1   1   1   1   1   1
333	(   3   4   2   3   2   0   2 )	   0 inf   2   2   2   2   2   2   2   1   1   1   1   1   1   1
334	(   4   4   2   5   0   0   2 )	   0 inf   2   2   2   2   2   2   2   1   1   1   1   1   1   1
335	(   4   6   0   4   0   2   1 )	   0 inf   2   2   2   2   2   2   2   1   1   1   1   1   1   1
336	(   5   3   0   2   0   0   2 )	   0 inf   2   2   2   2   2   2   2   1   1   1   1   1   1   1
337	(   5   3   3   2   0   2   2 )	   0 inf   2   2   2   2   2   2   2   1   1   1   1   1   1   1
338	(   0   8   4   3   0   0   2 )	   0 inf   2   2   2   2   2   2   2   1   1   1   1   1   1   1
339	(   3   3   2   3   0   0   2 )	 895   0   1   1   1   1   1   1   1   1   1   1   1   1   1   1
340	(   3   4   1   3   0   0   2 )	   0 inf   1   1   1   1   1   1   1   1   1   1   1   1   1   1
341	(   3   4   1   3   1   0   2 )	   0 inf   1   1   1   1   1   1   1   1   1   1   1   1   1   1
342	(   3   4   2   3   0   0   1 )	1240   0   1   1   1   1   1   1   1   1   1   1   1   1   1   1
343	(   3   4   2   3   0   1   2 )	   0 inf   1   1   1   1   1   1   1   1   1   1   1   1   1   1
344	(   3   4   2   4   0   0   2 )	1085   0   1   1   1   1   1   1   1   1   1   1   1   1   1   1
345	(   4   4   2   3   0   0   2 )	1055   0   1   1   1   1   1   1   1   1   1   1   1   1   1   1
346	(   3   1   2   3   2   1   2 )	   0 inf   2   2   2   2   2   2   2   1   1   1   1   1   1   1
347	(   3   3   2   3   0   0   0 )	1400   0   2   2   2   2   2   2   2   1   1   1   1   1   1   1
348	(   3   3   2   5   0   0   2 )	   0 inf   2   2   2   2   2   2   2   1   1   1   1   1   1   1
349	(   3   3   4   3   0   0   2 )	   0 inf   2   2   2   2   2   2   2   1   1   1   1   1   1   1
350	(   4   2   2   3   0   1   2 )	   0 inf   2   2   2   2   2   2   2   1   1   1   1   1   1   1
351	(   4   2   2   3   1   0   2 )	   0 inf   2   2   2   2   2   2   2   1   1   1   1   1   1   1
352	(   5   3   2   3   1   0   2 )	   0 inf   2   2   2   2   2   2   2   1   1   1   1   1   1   1
353	(   0   7   0   1   0   0   2 )	   0 inf   2   2   2   2   2   2   2   1   1   1   1   1   1   1
354	(   2   3   1   3   0   0   2 )	   0 inf   1   1   1   1   1   1   1   1   1   1   1   1   1   1
355	(   3   2   2   3   0   0   2 )	   0 inf   1   1   1   1   1   1   1   1   1   1   1   1   1   1
356	(   3   3   2   3   0   0   1 )	1120   0   1   1   1   1   1   1   1   1   1   1   1   1   1   1
357	(   3   3   2   3   1   0   2 )	   0 inf   1   1   1   1   1   1   1   1   1   1   1   1   1   1
358	(   3   3   2   4   0   0   2 )	 990   0   1   1   1   1   1   1   1   1   1   1   1   1   1   1
359	(   4   3   2   3   0   0   2 )	   0 inf   1   1   1   1   1   1   1   1   1   1   1   1   1   1
360	(   4   3   3   3   0   1   2 )	   0 inf   1   1   1   1   1   1   1   1   1   1   1   1   1   1

BBE ( SOL ) OBJ CONS_H FRAME_SIZE MESH_SIZE
361	(   2   4   2   2   0   0   2 )	 830   0   1   1   1   1   1   1   1   1   1   1   1   1   1   1
362	(   0   4   2   2   0   0   2 )	   0 inf   2   2   2   2   2   2   2   1   1   1   1   1   1   1
363	(   1   6   1   2   1   1   0 )	   0 inf   2   2   2   2   2   2   2   1   1   1   1   1   1   1
364	(   2   4   2   0   0   0   2 )	   0 inf   2   2   2   2   2   2   2   1   1   1   1   1   1   1
365	(   2   5   0   2   0   0   2 )	   0 inf   2   2   2   2   2   2   2   1   1   1   1   1   1   1
366	(   2   5   3   2   0   2   2 )	   0 inf   2   2   2   2   2   2   2   1   1   1   1   1   1   1
367	(   2   5   3   2   2   0   2 )	   0 inf   2   2   2   2   2   2   2   1   1   1   1   1   1   1
368	(   3   6   3   2   0   0   1 )	   0 inf   2   2   2   2   2   2   2   1   1   1   1   1   1   1
369	(   4   0   2   4   0   0   2 )	   0 inf   2   2   2   2   2   2   2   1   1   1   1   1   1   1
370	(   1   4   2   2   0   0   2 )	   0 inf   1   1   1   1   1   1   1   1   1   1   1   1   1   1
371	(   2   4   2   1   0   0   1 )	   0 inf   1   1   1   1   1   1   1   1   1   1   1   1   1   1
372	(   2   4   2   1   0   1   2 )	   0 inf   1   1   1   1   1   1   1   1   1   1   1   1   1   1
373	(   2   4   2   2   0   1   1 )	   0 inf   1   1   1   1   1   1   1   1   1   1   1   1   1   1
374	(   2   4   2   2   1   0   2 )	   0 inf   1   1   1   1   1   1   1   1   1   1   1   1   1   1
375	(   2   4   3   2   0   0   2 )	   0 inf   1   1   1   1   1   1   1   1   1   1   1   1   1   1
376	(   2   5   2   2   0   0   2 )	   0 inf   1   1   1   1   1   1   1   1   1   1   1   1   1   1
377	(   3   3   1   4   0   0   2 )	   0 inf   1   1   1   1   1   1   1   1   1   1   1   1   1   1
378	(   1   4   1   2   1   0   2 )	   0 inf   1   1   1   1   1   1   1   1   1   1   1   1   1   1
379	(   1   4   2   2   0   1   1 )	   0 inf   1   1   1   1   1   1   1   1   1   1   1   1   1   1
380	(   1   4   3   2   0   0   2 )	   0 inf   1   1   1   1   1   1   1   1   1   1   1   1   1   1
381	(   2   3   2   2   0   0   2 )	 735   0   1   1   1   1   1   1   1   1   1   1   1   1   1   1
382	(   2   4   2   1   0   0   2 )	   0 inf   1   1   1   1   1   1   1   1   1   1   1   1   1   1
383	(   2   4   2   2   0   1   2 )	   0 inf   1   1   1   1   1   1   1   1   1   1   1   1   1   1
384	(   2   4   3   2   1   0   2 )	   0 inf   1   1   1   1   1   1   1   1   1   1   1   1   1   1
385	(   0   3   2   2   0   0   2 )	   0 inf   2   2   2   2   2   2   2   1   1   1   1   1   1   1
386	(   1   1   3   1   1   1   1 )	   0 inf   2   2   2   2   2   2   2   1   1   1   1   1   1   1
387	(   2   2   2   2   2   0   2 )	   0 inf   2   2   2   2   2   2   2   1   1   1   1   1   1   1
388	(   2   3   4   2   0   0   2 )	   0 inf   2   2   2   2   2   2   2   1   1   1   1   1   1   1
389	(   3   1   1   3   0   0   0 )	   0 inf   2   2   2   2   2   2   2   1   1   1   1   1   1   1
390	(   3   1   1   3   0   2   2 )	   0 inf   2   2   2   2   2   2   2   1   1   1   1   1   1   1
391	(   4   3   2   2   0   1   1 )	   0 inf   2   2   2   2   2   2   2   1   1   1   1   1   1   1
392	(   1  10   1   1   0   0   2 )	   0 inf   2   2   2   2   2   2   2   1   1   1   1   1   1   1
393	(   2   2   2   1   0   0   2 )	   0 inf   1   1   1   1   1   1   1   1   1   1   1   1   1   1
394	(   2   2   2   2   0   0   2 )	 640   0   1   1   1   1   1   1   1   1   1   1   1   1   1   1
395	(   2   3   2   1   0   1   2 )	   0 inf   1   1   1   1   1   1   1   1   1   1   1   1   1   1
396	(   2   3   2   2   1   0   2 )	   0 inf   1   1   1   1   1   1   1   1   1   1   1   1   1   1
397	(   2   3   2   3   0   0   1 )	1040   0   1   1   1   1   1   1   1   1   1   1   1   1   1   1
398	(   2   3   3   2   0   0   2 )	   0 inf   1   1   1   1   1   1   1   1   1   1   1   1   1   1
399	(   3   3   2   2   0   0   2 )	 800   0   1   1   1   1   1   1   1   1   1   1   1   1   1   1
400	(   0   2   2   1   0   0   2 )	   0 inf   2   2   2   2   2   2   2   1   1   1   1   1   1   1

BBE ( SOL ) OBJ CONS_H FRAME_SIZE MESH_SIZE
401	(   2   0   2   3   1   0   2 )	   0 inf   2   2   2   2   2   2   2   1   1   1   1   1   1   1
402	(   2   2   0   2   0   0   2 )	   0 inf   2   2   2   2   2   2   2   1   1   1   1   1   1   1
403	(   2   2   2   2   0   2   2 )	   0 inf   2   2   2   2   2   2   2   1   1   1   1   1   1   1
404	(   2   2   2   2   1   0   2 )	   0 inf   2   2   2   2   2   2   2   1   1   1   1   1   1   1
405	(   3   1   2   0   0   0   1 )	   0 inf   2   2   2   2   2   2   2   1   1   1   1   1   1   1
406	(   3   1   2   4   0   0   1 )	   0 inf   2   2   2   2   2   2   2   1   1   1   1   1   1   1
407	(   2   6   4   2   0   0   2 )	   0 inf   2   2   2   2   2   2   2   1   1   1   1   1   1   1
408	(   2   1   2   2   0   0   2 )	   0 inf   1   1   1   1   1   1   1   1   1   1   1   1   1   1
409	(   2   2   1   2   0   0   2 )	 575   0   1   1   1   1   1   1   1   1   1   1   1   1   1   1
410	(   2   2   2   2   0   1   2 )	   0 inf   1   1   1   1   1   1   1   1   1   1   1   1   1   1
411	(   2   2   2   3   0   0   1 )	 920   0   1   1   1   1   1   1   1   1   1   1   1   1   1   1
412	(   2   2   3   2   0   0   1 )	   0 inf   1   1   1   1   1   1   1   1   1   1   1   1   1   1
413	(   2   2   3   2   1   0   2 )	   0 inf   1   1   1   1   1   1   1   1   1   1   1   1   1   1
414	(   3   2   2   2   0   0   2 )	   0 inf   1   1   1   1   1   1   1   1   1   1   1   1   1   1
415	(   0   2   1   2   0   0   2 )	   0 inf   2   2   2   2   2   2   2   1   1   1   1   1   1   1
416	(   1   2   0   1   0   1   0 )	   0 inf   2   2   2   2   2   2   2   1   1   1   1   1   1   1
417	(   2   2   1   2   2   0   2 )	   0 inf   2   2   2   2   2   2   2   1   1   1   1   1   1   1
418	(   2   2   1   4   0   1   2 )	   0 inf   2   2   2   2   2   2   2   1   1   1   1   1   1   1
419	(   2   4   1   2   0   0   2 )	 765   0   2   2   2   2   2   2   2   1   1   1   1   1   1   1
420	(   3   2   1   2   0   0   0 )	   0 inf   2   2   2   2   2   2   2   1   1   1   1   1   1   1
421	(   4   2   1   2   0   1   2 )	   0 inf   2   2   2   2   2   2   2   1   1   1   1   1   1   1
422	(   2   0   2   1   0   0   2 )	   0 inf   2   2   2   2   2   2   2   1   1   1   1   1   1   1
423	(   2   2   0   1   0   0   2 )	   0 inf   1   1   1   1   1   1   1   1   1   1   1   1   1   1
424	(   2   2   0   2   0   0   1 )	   0 inf   1   1   1   1   1   1   1   1   1   1   1   1   1   1
425	(   2   2   0   3   1   0   2 )	   0 inf   1   1   1   1   1   1   1   1   1   1   1   1   1   1
426	(   2   2   1   1   1   0   2 )	   0 inf   1   1   1   1   1   1   1   1   1   1   1   1   1   1
427	(   2   2   1   2   0   1   2 )	   0 inf   1   1   1   1   1   1   1   1   1   1   1   1   1   1
428	(   2   3   1   2   0   0   2 )	 670   0   1   1   1   1   1   1   1   1   1   1   1   1   1   1
429	(   3   2   1   2   0   0   2 )	   0 inf   1   1   1   1   1   1   1   1   1   1   1   1   1   1
430	(   1   1   4   3   0   0   2 )	   0 inf   1   1   1   1   1   1   1   1   1   1   1   1   1   1
431	(   1   2   1   2   0   0   2 )	 510   0   1   1   1   1   1   1   1   1   1   1   1   1   1   1
432	(   2   1   1   2   0   0   2 )	   0 inf   1   1   1   1   1   1   1   1   1   1   1   1   1   1
433	(   2   2   1   1   0   1   2 )	   0 inf   1   1   1   1   1   1   1   1   1   1   1   1   1   1
434	(   2   2   1   2   0   0   1 )	 720   0   1   1   1   1   1   1   1   1   1   1   1   1   1   1
435	(   2   2   1   2   1   0   2 )	   0 inf   1   1   1   1   1   1   1   1   1   1   1   1   1   1
436	(   2   2   1   3   0   0   2 )	   0 inf   1   1   1   1   1   1   1   1   1   1   1   1   1   1
437	(   2   2   2   3   0   0   2 )	 735   0   1   1   1   1   1   1   1   1   1   1   1   1   1   1
438	(   0   0   1   1   0   1   2 )	   0 inf   2   2   2   2   2   2   2   1   1   1   1   1   1   1
439	(   0   2   1   4   0   1   2 )	   0 inf   2   2   2   2   2   2   2   1   1   1   1   1   1   1
440	(   0   3   1   1   0   0   2 )	   0 inf   2   2   2   2   2   2   2   1   1   1   1   1   1   1

BBE ( SOL ) OBJ CONS_H FRAME_SIZE MESH_SIZE
441	(   1   1   1   3   0   0   0 )	   0 inf   2   2   2   2   2   2   2   1   1   1   1   1   1   1
442	(   1   2   1   2   0   2   2 )	   0 inf   2   2   2   2   2   2   2   1   1   1   1   1   1   1
443	(   1   2   1   2   2   0   2 )	   0 inf   2   2   2   2   2   2   2   1   1   1   1   1   1   1
444	(   1   2   3   2   0   0   2 )	   0 inf   2   2   2   2   2   2   2   1   1   1   1   1   1   1
445	(   4   4   0   1   0   0   2 )	   0 inf   2   2   2   2   2   2   2   1   1   1   1   1   1   1
446	(   0   1   1   2   0   0   2 )	   0 inf   1   1   1   1   1   1   1   1   1   1   1   1   1   1
447	(   0   2   2   2   0   0   2 )	   0 inf   1   1   1   1   1   1   1   1   1   1   1   1   1   1
448	(   1   1   2   2   0   0   2 )	 480   0   1   1   1   1   1   1   1   1   1   1   1   1   1   1
449	(   1   2   1   2   0   1   2 )	   0 inf   1   1   1   1   1   1   1   1   1   1   1   1   1   1
450	(   1   2   1   2   1   0   2 )	   0 inf   1   1   1   1   1   1   1   1   1   1   1   1   1   1
451	(   1   2   1   3   0   0   2 )	   0 inf   1   1   1   1   1   1   1   1   1   1   1   1   1   1
452	(   1   3   1   2   0   0   1 )	   0 inf   1   1   1   1   1   1   1   1   1   1   1   1   1   1
453	(   1   0   2   2   0   0   2 )	   0 inf   2   2   2   2   2   2   2   1   1   1   1   1   1   1
454	(   1   1   2   2   0   0   0 )	 750   0   2   2   2   2   2   2   2   1   1   1   1   1   1   1
455	(   1   1   2   4   1   0   2 )	   0 inf   2   2   2   2   2   2   2   1   1   1   1   1   1   1
456	(   1   1   3   2   0   0   2 )	   0 inf   2   2   2   2   2   2   2   1   1   1   1   1   1   1
457	(   1   1   4   2   1   0   2 )	   0 inf   2   2   2   2   2   2   2   1   1   1   1   1   1   1
458	(   1   2   3   3   0   2   2 )	   0 inf   2   2   2   2   2   2   2   1   1   1   1   1   1   1
459	(   3   1   2   2   0   0   2 )	   0 inf   2   2   2   2   2   2   2   1   1   1   1   1   1   1
460	(   0   1   0   0   0   0   2 )	   0 inf   2   2   2   2   2   2   2   1   1   1   1   1   1   1
461	(   0   1   2   2   0   0   2 )	   0 inf   1   1   1   1   1   1   1   1   1   1   1   1   1   1
462	(   1   0   2   2   1   0   2 )	   0 inf   1   1   1   1   1   1   1   1   1   1   1   1   1   1
463	(   1   1   1   2   0   0   2 )	 415   0   1   1   1   1   1   1   1   1   1   1   1   1   1   1
464	(   1   1   2   2   0   0   1 )	 600   0   1   1   1   1   1   1   1   1   1   1   1   1   1   1
465	(   1   1   2   2   0   1   2 )	   0 inf   1   1   1   1   1   1   1   1   1   1   1   1   1   1
466	(   1   1   2   2   1   0   2 )	   0 inf   1   1   1   1   1   1   1   1   1   1   1   1   1   1
467	(   1   1   2   3   0   0   2 )	 575   0   1   1   1   1   1   1   1   1   1   1   1   1   1   1
468	(   1   0   0   3   0   2   0 )	   0 inf   2   2   2   2   2   2   2   1   1   1   1   1   1   1
469	(   1   0   0   4   0   0   2 )	   0 inf   2   2   2   2   2   2   2   1   1   1   1   1   1   1
470	(   1   0   1   2   0   0   2 )	   0 inf   2   2   2   2   2   2   2   1   1   1   1   1   1   1
471	(   1   1   0   2   0   0   2 )	   0 inf   2   2   2   2   2   2   2   1   1   1   1   1   1   1
472	(   1   1   1   2   2   0   1 )	   0 inf   2   2   2   2   2   2   2   1   1   1   1   1   1   1
473	(   1   1   1   4   0   1   2 )	   0 inf   2   2   2   2   2   2   2   1   1   1   1   1   1   1
474	(   3   1   1   2   0   0   2 )	   0 inf   2   2   2   2   2   2   2   1   1   1   1   1   1   1
475	(   0   4   4   0   0   0   2 )	   0 inf   2   2   2   2   2   2   2   1   1   1   1   1   1   1
476	(   1   0   0   3   1   0   2 )	   0 inf   1   1   1   1   1   1   1   1   1   1   1   1   1   1
477	(   1   0   1   1   1   0   2 )	   0 inf   1   1   1   1   1   1   1   1   1   1   1   1   1   1
478	(   1   1   1   2   0   0   1 )	 520   0   1   1   1   1   1   1   1   1   1   1   1   1   1   1
479	(   1   1   1   2   0   1   2 )	   0 inf   1   1   1   1   1   1   1   1   1   1   1   1   1   1
480	(   1   2   0   1   1   0   2 )	   0 inf   1   1   1   1   1   1   1   1   1   1   1   1   1   1

BBE ( SOL ) OBJ CONS_H FRAME_SIZE MESH_SIZE
481	(   1   2   2   1   0   0   2 )	   0 inf   1   1   1   1   1   1   1   1   1   1   1   1   1   1
482	(   0   2   1   1   0   1   1 )	   0 inf   1   1   1   1   1   1   1   1   1   1   1   1   1   1
483	(   0   2   1   3   0   0   2 )	   0 inf   1   1   1   1   1   1   1   1   1   1   1   1   1   1
484	(   1   1   1   2   1   0   2 )	   0 inf   1   1   1   1   1   1   1   1   1   1   1   1   1   1
485	(   2   0   1   1   0   1   2 )	   0 inf   1   1   1   1   1   1   1   1   1   1   1   1   1   1
486	(   2   0   1   3   0   0   2 )	   0 inf   1   1   1   1   1   1   1   1   1   1   1   1   1   1
487	(   2   2   1   3   0   1   1 )	   0 inf   1   1   1   1   1   1   1   1   1   1   1   1   1   1
488	(   0   1   0   1   1   0   2 )	   0 inf   1   1   1   1   1   1   1   1   1   1   1   1   1   1
489	(   1   1   1   1   0   0   2 )	 320   0   1   1   1   1   1   1   1   1   1   1   1   1   1   1
490	(   1   1   1   2   1   0   1 )	   0 inf   1   1   1   1   1   1   1   1   1   1   1   1   1   1
491	(   1   1   1   3   0   0   2 )	   0 inf   1   1   1   1   1   1   1   1   1   1   1   1   1   1
492	(   2   1   1   2   1   0   2 )	   0 inf   1   1   1   1   1   1   1   1   1   1   1   1   1   1
493	(   2   1   2   3   0   0   1 )	   0 inf   1   1   1   1   1   1   1   1   1   1   1   1   1   1
494	(   0   2   0   0   0   0   2 )	   0 inf   2   2   2   2   2   2   2   1   1   1   1   1   1   1
495	(   0   3   2   1   0   0   1 )	   0 inf   2   2   2   2   2   2   2   1   1   1   1   1   1   1
496	(   1   1   1   0   0   0   2 )	   0 inf   2   2   2   2   2   2   2   1   1   1   1   1   1   1
497	(   2   1   0   1   0   2   2 )	   0 inf   2   2   2   2   2   2   2   1   1   1   1   1   1   1
498	(   2   1   0   1   2   0   2 )	   0 inf   2   2   2   2   2   2   2   1   1   1   1   1   1   1
499	(   3   2   0   0   0   0   0 )	   0 inf   2   2   2   2   2   2   2   1   1   1   1   1   1   1
500	(   3   2   3   0   0   0   2 )	   0 inf   2   2   2   2   2   2   2   1   1   1   1   1   1   1
501	(   0   0   2   5   0   0   2 )	   0 inf   2   2   2   2   2   2   2   1   1   1   1   1   1   1
502	(   1   1   1   1   0   0   1 )	 400   0   1   1   1   1   1   1   1   1   1   1   1   1   1   1
503	(   1   1   1   1   0   1   2 )	   0 inf   1   1   1   1   1   1   1   1   1   1   1   1   1   1
504	(   1   1   2   1   0   0   2 )	   0 inf   1   1   1   1   1   1   1   1   1   1   1   1   1   1
505	(   1   2   1   1   0   0   2 )	 415   0   1   1   1   1   1   1   1   1   1   1   1   1   1   1
506	(   1   2   1   1   1   1   2 )	 575   0   1   1   1   1   1   1   1   1   1   1   1   1   1   1
507	(   2   1   1   1   0   0   2 )	   0 inf   1   1   1   1   1   1   1   1   1   1   1   1   1   1
508	(   0   1   2   0   0   0   2 )	   0 inf   1   1   1   1   1   1   1   1   1   1   1   1   1   1
509	(   1   0   1   1   0   1   2 )	   0 inf   1   1   1   1   1   1   1   1   1   1   1   1   1   1
510	(   1   1   0   1   0   0   2 )	   0 inf   1   1   1   1   1   1   1   1   1   1   1   1   1   1
511	(   1   1   1   1   1   0   2 )	   0 inf   1   1   1   1   1   1   1   1   1   1   1   1   1   1
512	(   1   2   1   0   0   0   2 )	   0 inf   1   1   1   1   1   1   1   1   1   1   1   1   1   1
513	(   2   0   1   1   0   0   2 )	   0 inf   1   1   1   1   1   1   1   1   1   1   1   1   1   1
514	(   0   1   1   1   0   0   2 )	   0 inf   1   1   1   1   1   1   1   1   1   1   1   1   1   1
515	(   1   0   1   1   0   0   1 )	   0 inf   1   1   1   1   1   1   1   1   1   1   1   1   1   1
516	(   1   0   1   1   0   0   2 )	   0 inf   1   1   1   1   1   1   1   1   1   1   1   1   1   1
517	(   1   2   1   1   1   0   1 )	   0 inf   1   1   1   1   1   1   1   1   1   1   1   1   1   1
518	(   0   0   1   1   0   0   2 )	 160   0   1   1   1   1   1   1   1   1   1   1   1   1   1   1
519	(   0   2   1   1   0   0   1 )	   0 inf   1   1   1   1   1   1   1   1   1   1   1   1   1   1
520	(   1   2   1   1   0   1   2 )	   0 inf   1   1   1   1   1   1   1   1   1   1   1   1   1   1

BBE ( SOL ) OBJ CONS_H FRAME_SIZE MESH_SIZE
521	(   2   2   1   1   0   0   1 )	 600   0   1   1   1   1   1   1   1   1   1   1   1   1   1   1
522	(   0   0   0   0   0   0   1 )	   0   0   2   2   2   2   2   2   2   1   1   1   1   1   1   1
523	(   0   0   0   0   2   0   1 )	   0 inf   2   2   2   2   2   2   2   1   1   1   1   1   1   1
524	(   0   0   0   3   1   0   2 )	   0 inf   2   2   2   2   2   2   2   1   1   1   1   1   1   1
525	(   0   0   1   1   0   2   2 )	   0 inf   2   2   2   2   2   2   2   1   1   1   1   1   1   1
526	(   0   0   3   0   1   0   2 )	   0 inf   2   2   2   2   2   2   2   1   1   1   1   1   1   1
527	(   0   2   1   1   0   0   2 )	   0 inf   2   2   2   2   2   2   2   1   1   1   1   1   1   1
528	(   1   0   0   3   0   0   0 )	   0 inf   2   2   2   2   2   2   2   1   1   1   1   1   1   1
529	(   0   0   0   0   0   1   0 )	   0 inf   5   5   5   5   5   5   5   1   1   1   1   1   1   1
530	(   0   0   0   0   5   0   2 )	   0 inf   5   5   5   5   5   5   5   1   1   1   1   1   1   1
531	(   1   0   1   1   0   0   0 )	   0 inf   5   5   5   5   5   5   5   1   1   1   1   1   1   1
532	(   1   0   1   1   0   5   1 )	   0 inf   5   5   5   5   5   5   5   1   1   1   1   1   1   1
533	(   1   5   1   0   0   0   1 )	   0 inf   5   5   5   5   5   5   5   1   1   1   1   1   1   1
534	(   2   1   0   0   0   1   2 )	   0 inf   5   5   5   5   5   5   5   1   1   1   1   1   1   1
535	(   5   0   0   4   1   0   0 )	   0 inf   5   5   5   5   5   5   5   1   1   1   1   1   1   1
536	(   0   0   0   0   0   0   2 )	   0   0   5   5   5   5   5   5   5   1   1   1   1   1   1   1
537	(   0   0   0   0   1   0   0 )	   0 inf   2   2   2   2   2   2   2   1   1   1   1   1   1   1
538	(   0   0   0   0   2   1   1 )	   0 inf   2   2   2   2   2   2   2   1   1   1   1   1   1   1
539	(   0   0   0   2   0   0   1 )	   0 inf   2   2   2   2   2   2   2   1   1   1   1   1   1   1
540	(   0   0   1   0   2   0   2 )	   0 inf   2   2   2   2   2   2   2   1   1   1   1   1   1   1
541	(   0   0   2   0   1   1   0 )	   0 inf   2   2   2   2   2   2   2   1   1   1   1   1   1   1
542	(   0   2   0   0   0   0   1 )	   0 inf   2   2   2   2   2   2   2   1   1   1   1   1   1   1
543	(   2   0   0   0   0   0   1 )	   0 inf   2   2   2   2   2   2   2   1   1   1   1   1   1   1
544	(   0   0   0   0   0   0   0 )	   0   0   1   1   1   1   1   1   1   1   1   1   1   1   1   1
545	(   0   0   0   0   1   0   1 )	   0 inf   1   1   1   1   1   1   1   1   1   1   1   1   1   1
546	(   0   0   0   1   0   0   1 )	   0 inf   1   1   1   1   1   1   1   1   1   1   1   1   1   1
547	(   0   0   1   0   0   0   1 )	   0 inf   1   1   1   1   1   1   1   1   1   1   1   1   1   1
548	(   0   1   0   0   0   0   1 )	   0 inf   1   1   1   1   1   1   1   1   1   1   1   1   1   1
549	(   0   1   0   0   0   1   0 )	   0 inf   1   1   1   1   1   1   1   1   1   1   1   1   1   1
550	(   1   0   0   0   0   0   0 )	   0 inf   1   1   1   1   1   1   1   1   1   1   1   1   1   1
551	(   0   0   0   0   0   1   2 )	   0 inf   1   1   1   1   1   1   1   1   1   1   1   1   1   1
552	(   0   0   0   1   0   0   2 )	   0 inf   1   1   1   1   1   1   1   1   1   1   1   1   1   1
553	(   0   0   0   1   0   1   1 )	   0 inf   1   1   1   1   1   1   1   1   1   1   1   1   1   1
554	(   1   0   0   0   0   0   1 )	   0 inf   1   1   1   1   1   1   1   1   1   1   1   1   1   1
555	(   0   0   0   0   0   1   1 )	   0 inf   1   1   1   1   1   1   1   1   1   1   1   1   1   1
556	(   0   0   1   0   0   0   2 )	   0 inf   1   1   1   1   1   1   1   1   1   1   1   1   1   1
557	(   1   0   0   0   0   1   0 )	   0 inf   1   1   1   1   1   1   1   1   1   1   1   1   1   1
558	(   1   0   1   0   0   0   1 )	   0 inf   1   1   1   1   1   1   1   1   1   1   1   1   1   1
559	(   0   0   1   0   0   1   1 )	   0 inf   1   1   1   1   1   1   1   1   1   1   1   1   1   1
560	(   0   0   0   1   1   0   1 )	   0 inf   1   1   1   1   1   1   1   1   1   1   1   1   1   1

BBE ( SOL ) OBJ CONS_H FRAME_SIZE MESH_SIZE
561	(   0   1   0   0   1   0   1 )	   0 inf   1   1   1   1   1   1   1   1   1   1   1   1   1   1
562	(   0   0   0   0   1   1   2 )	 160   0   1   1   1   1   1   1   1   1   1   1   1   1   1   1
563	(   0   0   0   1   0   1   0 )	   0 inf   1   1   1   1   1   1   1   1   1   1   1   1   1   1
564	(   1   0   0   0   0   0   2 )	   0 inf   1   1   1   1   1   1   1   1   1   1   1   1   1   1
565	(   1   0   0   1   0   0   0 )	   0 inf   1   1   1   1   1   1   1   1   1   1   1   1   1   1
566	(   1   0   0   1   1   1   2 )	   0 inf   1   1   1   1   1   1   1   1   1   1   1   1   1   1
567	(   0   0   1   0   0   1   0 )	   0 inf   1   1   1   1   1   1   1   1   1   1   1   1   1   1
568	(   0   1   0   0   0   1   2 )	   0 inf   1   1   1   1   1   1   1   1   1   1   1   1   1   1
569	(   0   0   1   0   1   0   1 )	   0 inf   1   1   1   1   1   1   1   1   1   1   1   1   1   1
570	(   0   1   0   0   0   1   1 )	   0 inf   1   1   1   1   1   1   1   1   1   1   1   1   1   1
571	(   0   1   0   1   0   0   1 )	   0 inf   1   1   1   1   1   1   1   1   1   1   1   1   1   1
572	(   1   0   0   1   0   0   1 )	   0 inf   1   1   1   1   1   1   1   1   1   1   1   1   1   1
573	(   1   1   1   0   0   0   1 )	   0 inf   1   1   1   1   1   1   1   1   1   1   1   1   1   1
574	(   0   1   1   1   0   0   0 )	   0 inf   1   1   1   1   1   1   1   1   1   1   1   1   1   1
575	(   0   1   0   0   1   0   0 )	   0 inf   1   1   1   1   1   1   1   1   1   1   1   1   1   1
576	(   0   1   0   1   0   0   0 )	   0 inf   1   1   1   1   1   1   1   1   1   1   1   1   1   1
577	(   0   0   0   0   1   1   1 )	 200   0   1   1   1   1   1   1   1   1   1   1   1   1   1   1
578	(   0   0   1   1   0   0   0 )	 250   0   1   1   1   1   1   1   1   1   1   1   1   1   1   1
579	(   0   0   0   1   1   1   2 )	   0 inf   1   1   1   1   1   1   1   1   1   1   1   1   1   1
580	(   1   0   0   1   1   0   0 )	   0 inf   1   1   1   1   1   1   1   1   1   1   1   1   1   1
581	(   0   1   0   0   0   0   0 )	   0 inf   1   1   1   1   1   1   1   1   1   1   1   1   1   1
582	(   1   1   0   0   0   0   1 )	 200   0   1   1   1   1   1   1   1   1   1   1   1   1   1   1
583	(   1   1   0   0   0   1   1 )	   0 inf   1   1   1   1   1   1   1   1   1   1   1   1   1   1
584	(   1   1   0   1   0   0   1 )	   0 inf   1   1   1   1   1   1   1   1   1   1   1   1   1   1
585	(   1   0   0   0   0   1   1 )	   0 inf   1   1   1   1   1   1   1   1   1   1   1   1   1   1
586	(   1   0   1   1   0   1   1 )	   0 inf   1   1   1   1   1   1   1   1   1   1   1   1   1   1
587	(   1   0   0   0   1   0   1 )	   0 inf   1   1   1   1   1   1   1   1   1   1   1   1   1   1
588	(   1   0   0   0   1   1   1 )	   0 inf   1   1   1   1   1   1   1   1   1   1   1   1   1   1
589	(   0   0   1   0   0   0   0 )	   0 inf   1   1   1   1   1   1   1   1   1   1   1   1   1   1
590	(   0   1   1   0   0   0   2 )	   0 inf   1   1   1   1   1   1   1   1   1   1   1   1   1   1
591	(   0   0   1   1   0   0   1 )	 200   0   1   1   1   1   1   1   1   1   1   1   1   1   1   1
592	(   0   0   1   1   1   1   1 )	 400   0   1   1   1   1   1   1   1   1   1   1   1   1   1   1
593	(   1   0   0   1   1   0   1 )	   0 inf   1   1   1   1   1   1   1   1   1   1   1   1   1   1
594	(   1   0   1   0   1   0   1 )	   0 inf   1   1   1   1   1   1   1   1   1   1   1   1   1   1
595	(   0   0   1   0   1   0   0 )	   0 inf   1   1   1   1   1   1   1   1   1   1   1   1   1   1
596	(   0   0   1   0   0   1   2 )	   0 inf   1   1   1   1   1   1   1   1   1   1   1   1   1   1
597	(   1   1   0   0   1   1   2 )	 320   0   1   1   1   1   1   1   1   1   1   1   1   1   1   1
598	(   1   1   1   0   1   1   0 )	   0 inf   1   1   1   1   1   1   1   1   1   1   1   1   1   1
599	(   0   1   1   0   0   1   0 )	   0 inf   1   1   1   1   1   1   1   1   1   1   1   1   1   1
600	(   0   0   0   1   0   0   0 )	   0 inf   1   1   1   1   1   1   1   1   1   1   1   1   1   1

BBE ( SOL ) OBJ CONS_H FRAME_SIZE MESH_SIZE
601	(   1   0   0   1   0   1   2 )	   0 inf   1   1   1   1   1   1   1   1   1   1   1   1   1   1
602	(   1   1   0   0   1   0   2 )	   0 inf   1   1   1   1   1   1   1   1   1   1   1   1   1   1
603	(   0   0   0   0   1   0   2 )	   0 inf   1   1   1   1   1   1   1   1   1   1   1   1   1   1
604	(   1   0   1   1   1   1   0 )	   0 inf   1   1   1   1   1   1   1   1   1   1   1   1   1   1
605	(   0   1   1   0   0   0   1 )	   0 inf   1   1   1   1   1   1   1   1   1   1   1   1   1   1
606	(   0   0   1   0   1   1   1 )	   0 inf   1   1   1   1   1   1   1   1   1   1   1   1   1   1
607	(   0   1   0   0   1   1   1 )	   0 inf   1   1   1   1   1   1   1   1   1   1   1   1   1   1
608	(   1   0   0   0   1   0   0 )	   0 inf   1   1   1   1   1   1   1   1   1   1   1   1   1   1
609	(   1   0   1   1   1   0   1 )	   0 inf   1   1   1   1   1   1   1   1   1   1   1   1   1   1
610	(   0   1   0   1   0   0   2 )	   0 inf   1   1   1   1   1   1   1   1   1   1   1   1   1   1
611	(   1   0   0   1   0   0   2 )	   0 inf   1   1   1   1   1   1   1   1   1   1   1   1   1   1
612	(   1   0   1   0   0   0   2 )	   0 inf   1   1   1   1   1   1   1   1   1   1   1   1   1   1
613	(   0   0   0   1   0   1   2 )	   0 inf   1   1   1   1   1   1   1   1   1   1   1   1   1   1
614	(   0   1   1   0   0   1   2 )	   0 inf   1   1   1   1   1   1   1   1   1   1   1   1   1   1
615	(   1   0   0   1   0   1   1 )	   0 inf   1   1   1   1   1   1   1   1   1   1   1   1   1   1
616	(   1   1   1   0   1   0   1 )	   0 inf   1   1   1   1   1   1   1   1   1   1   1   1   1   1
617	(   0   0   0   1   1   1   1 )	   0 inf   1   1   1   1   1   1   1   1   1   1   1   1   1   1
618	(   0   1   0   0   1   0   2 )	   0 inf   1   1   1   1   1   1   1   1   1   1   1   1   1   1
619	(   0   1   1   1   0   1   1 )	   0 inf   1   1   1   1   1   1   1   1   1   1   1   1   1   1
620	(   1   0   1   0   0   1   1 )	   0 inf   1   1   1   1   1   1   1   1   1   1   1   1   1   1
621	(   1   0   1   0   0   0   0 )	   0 inf   1   1   1   1   1   1   1   1   1   1   1   1   1   1
622	(   1   0   0   0   0   1   2 )	   0 inf   1   1   1   1   1   1   1   1   1   1   1   1   1   1
623	(   1   0   0   1   0   1   0 )	   0 inf   1   1   1   1   1   1   1   1   1   1   1   1   1   1
624	(   0   0   0   1   1   0   0 )	   0 inf   1   1   1   1   1   1   1   1   1   1   1   1   1   1
625	(   0   0   1   1   1   0   2 )	   0 inf   1   1   1   1   1   1   1   1   1   1   1   1   1   1
626	(   1   0   1   0   1   1   2 )	   0 inf   1   1   1   1   1   1   1   1   1   1   1   1   1   1
627	(   0   1   1   0   0   0   0 )	   0 inf   1   1   1   1   1   1   1   1   1   1   1   1   1   1
628	(   0   0   1   1   1   1   0 )	 500   0   1   1   1   1   1   1   1   1   1   1   1   1   1   1
629	(   0   1   0   1   0   1   2 )	   0 inf   1   1   1   1   1   1   1   1   1   1   1   1   1   1
630	(   0   1   1   1   0   0   1 )	   0 inf   1   1   1   1   1   1   1   1   1   1   1   1   1   1
631	(   0   1   1   0   1   0   0 )	   0 inf   1   1   1   1   1   1   1   1   1   1   1   1   1   1
632	(   1   1   0   0   1   0   1 )	   0 inf   1   1   1   1   1   1   1   1   1   1   1   1   1   1
633	(   0   1   0   1   1   0   1 )	   0 inf   1   1   1   1   1   1   1   1   1   1   1   1   1   1
634	(   1   1   0   0   0   0   0 )	 250   0   1   1   1   1   1   1   1   1   1   1   1   1   1   1
635	(   1   0   0   0   1   0   2 )	   0 inf   1   1   1   1   1   1   1   1   1   1   1   1   1   1
636	(   0   0   0   0   1   1   0 )	 250   0   1   1   1   1   1   1   1   1   1   1   1   1   1   1
637	(   0   1   0   0   1   1   2 )	   0 inf   1   1   1   1   1   1   1   1   1   1   1   1   1   1
638	(   0   0   0   1   1   0   2 )	   0 inf   1   1   1   1   1   1   1   1   1   1   1   1   1   1
639	(   0   1   1   0   1   1   2 )	   0 inf   1   1   1   1   1   1   1   1   1   1   1   1   1   1
640	(   1   1   1   0   1   0   2 )	   0 inf   1   1   1   1   1   1   1   1   1   1   1   1   1   1

BBE ( SOL ) OBJ CONS_H FRAME_SIZE MESH_SIZE
641	(   0   1   1   1   1   0   1 )	   0 inf   1   1   1   1   1   1   1   1   1   1   1   1   1   1
642	(   1   1   0   1   1   1   1 )	   0 inf   1   1   1   1   1   1   1   1   1   1   1   1   1   1
643	(   0   1   1   0   1   0   1 )	   0 inf   1   1   1   1   1   1   1   1   1   1   1   1   1   1
644	(   1   1   1   0   0   1   0 )	   0 inf   1   1   1   1   1   1   1   1   1   1   1   1   1   1
645	(   1   1   0   1   0   0   0 )	   0 inf   1   1   1   1   1   1   1   1   1   1   1   1   1   1
646	(   1   1   1   0   1   0   0 )	   0 inf   1   1   1   1   1   1   1   1   1   1   1   1   1   1
647	(   0   1   0   1   0   1   0 )	   0 inf   1   1   1   1   1   1   1   1   1   1   1   1   1   1
648	(   0   1   1   0   0   1   1 )	   0 inf   1   1   1   1   1   1   1   1   1   1   1   1   1   1
649	(   1   0   1   0   1   0   2 )	   0 inf   1   1   1   1   1   1   1   1   1   1   1   1   1   1
650	(   0   0   0   1   1   1   0 )	   0 inf   1   1   1   1   1   1   1   1   1   1   1   1   1   1
651	(   1   0   1   0   1   1   1 )	   0 inf   1   1   1   1   1   1   1   1   1   1   1   1   1   1
652	(   1   1   0   0   0   1   2 )	   0 inf   1   1   1   1   1   1   1   1   1   1   1   1   1   1
653	(   1   0   0   1   1   1   1 )	   0 inf   1   1   1   1   1   1   1   1   1   1   1   1   1   1
654	(   1   1   0   0   0   0   2 )	 160   0   1   1   1   1   1   1   1   1   1   1   1   1   1   1
655	(   0   0   1   1   0   1   1 )	   0 inf   1   1   1   1   1   1   1   1   1   1   1   1   1   1
656	(   0   1   0   0   1   1   0 )	   0 inf   1   1   1   1   1   1   1   1   1   1   1   1   1   1
657	(   0   1   0   1   0   1   1 )	   0 inf   1   1   1   1   1   1   1   1   1   1   1   1   1   1
658	(   0   0   1   0   1   1   2 )	   0 inf   1   1   1   1   1   1   1   1   1   1   1   1   1   1
659	(   1   1   0   1   1   0   1 )	   0 inf   1   1   1   1   1   1   1   1   1   1   1   1   1   1
660	(   0   0   1   0   1   0   2 )	   0 inf   1   1   1   1   1   1   1   1   1   1   1   1   1   1
661	(   1   1   1   1   1   0   1 )	   0 inf   1   1   1   1   1   1   1   1   1   1   1   1   1   1
662	(   0   1   1   0   1   0   2 )	   0 inf   1   1   1   1   1   1   1   1   1   1   1   1   1   1
663	(   1   1   0   0   1   0   0 )	   0 inf   1   1   1   1   1   1   1   1   1   1   1   1   1   1
664	(   1   1   1   0   0   0   0 )	   0 inf   1   1   1   1   1   1   1   1   1   1   1   1   1   1
665	(   0   1   1   1   0   1   0 )	   0 inf   1   1   1   1   1   1   1   1   1   1   1   1   1   1
666	(   1   0   1   0   0   1   2 )	   0 inf   1   1   1   1   1   1   1   1   1   1   1   1   1   1
667	(   1   0   0   1   1   0   2 )	   0 inf   1   1   1   1   1   1   1   1   1   1   1   1   1   1
668	(   0   0   1   1   1   0   1 )	   0 inf   1   1   1   1   1   1   1   1   1   1   1   1   1   1
669	(   0   0   1   1   0   1   0 )	   0 inf   1   1   1   1   1   1   1   1   1   1   1   1   1   1
670	(   0   1   0   1   1   1   1 )	   0 inf   1   1   1   1   1   1   1   1   1   1   1   1   1   1
671	(   1   1   0   0   0   1   0 )	   0 inf   1   1   1   1   1   1   1   1   1   1   1   1   1   1
672	(   1   0   0   1   1   1   0 )	   0 inf   1   1   1   1   1   1   1   1   1   1   1   1   1   1
673	(   0   1   1   1   1   1   1 )	   0 inf   1   1   1   1   1   1   1   1   1   1   1   1   1   1
674	(   1   0   1   0   1   0   0 )	   0 inf   1   1   1   1   1   1   1   1   1   1   1   1   1   1
675	(   0   1   1   0   1   1   0 )	   0 inf   1   1   1   1   1   1   1   1   1   1   1   1   1   1
676	(   0   0   1   0   1   1   0 )	   0 inf   1   1   1   1   1   1   1   1   1   1   1   1   1   1
677	(   1   0   0   0   1   1   0 )	   0 inf   1   1   1   1   1   1   1   1   1   1   1   1   1   1
678	(   1   0   1   0   0   1   0 )	   0 inf   1   1   1   1   1   1   1   1   1   1   1   1   1   1
679	(   0   0   1   1   1   0   0 )	   0 inf   1   1   1   1   1   1   1   1   1   1   1   1   1   1
680	(   0   1   0   1   1   1   0 )	   0 inf   1   1   1   1   1   1   1   1   1   1   1   1   1   1

BBE ( SOL ) OBJ CONS_H FRAME_SIZE MESH_SIZE
681	(   0   1   1   1   1   1   2 )	   0 inf   1   1   1   1   1   1   1   1   1   1   1   1   1   1
682	(   1   1   0   1   0   1   0 )	   0 inf   1   1   1   1   1   1   1   1   1   1   1   1   1   1
683	(   1   1   1   0   1   1   1 )	   0 inf   1   1   1   1   1   1   1   1   1   1   1   1   1   1
684	(   0   1   1   1   0   1   2 )	   0 inf   1   1   1   1   1   1   1   1   1   1   1   1   1   1
685	(   0   1   0   1   1   0   0 )	   0 inf   1   1   1   1   1   1   1   1   1   1   1   1   1   1
686	(   1   0   1   1   1   0   0 )	   0 inf   1   1   1   1   1   1   1   1   1   1   1   1   1   1
687	(   0   0   1   1   1   1   2 )	 320   0   1   1   1   1   1   1   1   1   1   1   1   1   1   1
688	(   1   0   0   0   1   1   2 )	   0 inf   1   1   1   1   1   1   1   1   1   1   1   1   1   1
689	(   1   1   1   1   0   1   1 )	   0 inf   1   1   1   1   1   1   1   1   1   1   1   1   1   1
690	(   1   1   0   1   0   1   1 )	   0 inf   1   1   1   1   1   1   1   1   1   1   1   1   1   1
691	(   1   1   0   0   1   1   1 )	 400   0   1   1   1   1   1   1   1   1   1   1   1   1   1   1
692	(   0   1   1   0   1   1   1 )	   0 inf   1   1   1   1   1   1   1   1   1   1   1   1   1   1
693	(   1   1   1   0   0   1   1 )	   0 inf   1   1   1   1   1   1   1   1   1   1   1   1   1   1
694	(   1   0   1   1   0   1   0 )	   0 inf   1   1   1   1   1   1   1   1   1   1   1   1   1   1
695	(   1   1   0   1   1   1   0 )	   0 inf   1   1   1   1   1   1   1   1   1   1   1   1   1   1
696	(   1   1   0   0   1   1   0 )	 500   0   1   1   1   1   1   1   1   1   1   1   1   1   1   1
697	(   0   1   0   1   1   1   2 )	   0 inf   1   1   1   1   1   1   1   1   1   1   1   1   1   1
698	(   1   1   1   1   1   1   1 )	 600   0   1   1   1   1   1   1   1   1   1   1   1   1   1   1
699	(   1   1   0   1   1   0   0 )	   0 inf   1   1   1   1   1   1   1   1   1   1   1   1   1   1
700	(   1   1   0   1   1   0   2 )	   0 inf   1   1   1   1   1   1   1   1   1   1   1   1   1   1
701	(   1   1   1   1   1   1   2 )	 480   0   1   1   1   1   1   1   1   1   1   1   1   1   1   1
702	(   1   0   1   0   1   1   0 )	   0 inf   1   1   1   1   1   1   1   1   1   1   1   1   1   1
703	(   1   0   1   1   1   1   2 )	   0 inf   1   1   1   1   1   1   1   1   1   1   1   1   1   1
704	(   1   1   1   1   0   1   0 )	   0 inf   1   1   1   1   1   1   1   1   1   1   1   1   1   1
705	(   0   1   1   1   1   0   2 )	   0 inf   1   1   1   1   1   1   1   1   1   1   1   1   1   1
706	(   1   1   1   1   1   1   0 )	 750   0   1   1   1   1   1   1   1   1   1   1   1   1   1   1
707	(   0   1   1   1   1   0   0 )	   0 inf   1   1   1   1   1   1   1   1   1   1   1   1   1   1
708	(   1   1   1   0   0   1   2 )	   0 inf   1   1   1   1   1   1   1   1   1   1   1   1   1   1
709	(   1   1   0   1   0   1   2 )	   0 inf   1   1   1   1   1   1   1   1   1   1   1   1   1   1
710	(   0   1   1   1   1   1   0 )	   0 inf   1   1   1   1   1   1   1   1   1   1   1   1   1   1
711	(   1   0   1   1   1   1   1 )	   0 inf   1   1   1   1   1   1   1   1   1   1   1   1   1   1
712	(   1   1   0   1   1   1   2 )	   0 inf   1   1   1   1   1   1   1   1   1   1   1   1   1   1
713	(   1   1   1   0   1   1   2 )	   0 inf   1   1   1   1   1   1   1   1   1   1   1   1   1   1
714	(   1   1   1   1   1   0   0 )	   0 inf   1   1   1   1   1   1   1   1   1   1   1   1   1   1
715	(   1   1   1   1   0   0   0 )	 500   0   1   1   1   1   1   1   1   1   1   1   1   1   1   1
A termination criterion is reached: Maximum number of total evaluations (Eval Global) 218715

Best feasible solutions:    #987 ( 0 0 0 0 0 0 1 )	Evaluation OK	 f =   0                     	 h =   0                      (L2)
                            #1010 ( 0 0 0 0 0 0 2 )	Evaluation OK	 f =   0                     	 h =   0                      (L2)

Best infeasible solution:   Undefined.

Blackbox evaluations:         715
Cache hits:                   218000
Total number of evaluations:  218715
