All variables are granular. MAX_EVAL is set to 218700 to prevent algorithm from circling around best solution indefinitely
BBE ( SOL ) OBJ CONS_H FRAME_SIZE MESH_SIZE
1	(   4   8   4   8   4   8   0 )	4800   0  
2	(   0   7   4   8   4   8   0 )	   0 inf   5   5   5   5   5   5   5   1   1   1   1   1   1   1
3	(   3   6   6  10   4   5   2 )	2840   0   5   5   5   5   5   5   5   1   1   1   1   1   1   1
4	(   4   6   9   7   4   9   0 )	   0 inf   5   5   5   5   5   5   5   1   1   1   1   1   1   1
5	(   4   8   4   8   9   8   0 )	   0 inf   5   5   5   5   5   5   5   1   1   1   1   1   1   1
6	(   4  10   0   9   4   7   2 )	   0 inf   5   5   5   5   5   5   5   1   1   1   1   1   1   1
7	(   5  10   2   5   4  10   0 )	   0 inf   5   5   5   5   5   5   5   1   1   1   1   1   1   1
8	(   9   9   4   8   4   8   1 )	4360   0   5   5   5   5   5   5   5   1   1   1   1   1   1   1
9	(   0   6   8  10   5   0   2 )	   0 inf  10  10  10  10  10  10  10   1   1   1   1   1   1   1
10	(   0   6   9   4   5   0   0 )	   0 inf  10  10  10  10  10  10  10   1   1   1   1   1   1   1
11	(   2   6   6  10   0   5   2 )	   0 inf  10  10  10  10  10  10  10   1   1   1   1   1   1   1
12	(   3   0   6  10   4   5   2 )	   0 inf  10  10  10  10  10  10  10   1   1   1   1   1   1   1
13	(   4   6   6   9  10   5   2 )	   0 inf  10  10  10  10  10  10  10   1   1   1   1   1   1   1
14	(   5   6  10   8   4   7   2 )	   0 inf  10  10  10  10  10  10  10   1   1   1   1   1   1   1
15	(  10   6   9  10   5   0   0 )	   0 inf  10  10  10  10  10  10  10   1   1   1   1   1   1   1
16	(   0  10   0  10   0  10   2 )	   0 inf  10  10  10  10  10  10  10   1   1   1   1   1   1   1
17	(   0   1   5  10   4   6   0 )	   0 inf   5   5   5   5   5   5   5   1   1   1   1   1   1   1
18	(   1   7   5  10   4   0   1 )	   0 inf   5   5   5   5   5   5   5   1   1   1   1   1   1   1
19	(   1   7  10  10   4   6   1 )	   0 inf   5   5   5   5   5   5   5   1   1   1   1   1   1   1
20	(   3   6   6  10   9   5   2 )	   0 inf   5   5   5   5   5   5   5   1   1   1   1   1   1   1
21	(   4   1   9   6   4   2   2 )	   0 inf   5   5   5   5   5   5   5   1   1   1   1   1   1   1
22	(   6   5   7   9   4   4   0 )	   0 inf   5   5   5   5   5   5   5   1   1   1   1   1   1   1
23	(   6   5   7  10   4   4   2 )	   0 inf   5   5   5   5   5   5   5   1   1   1   1   1   1   1
24	(   3  10   0  10   0  10   2 )	   0 inf   5   5   5   5   5   5   5   1   1   1   1   1   1   1
25	(   1   6   7  10   4   5   2 )	   0 inf   2   2   2   2   2   2   2   1   1   1   1   1   1   1
26	(   2   7   7  10   6   6   2 )	   0 inf   2   2   2   2   2   2   2   1   1   1   1   1   1   1
27	(   3   4   6  10   4   5   2 )	2650   0   2   2   2   2   2   2   2   1   1   1   1   1   1   1
28	(   3   6   5  10   5   3   2 )	   0 inf   2   2   2   2   2   2   2   1   1   1   1   1   1   1
29	(   3   6   7  10   6   4   1 )	   0 inf   2   2   2   2   2   2   2   1   1   1   1   1   1   1
30	(   4   5   5   9   2   4   0 )	3800   0   2   2   2   2   2   2   2   1   1   1   1   1   1   1
31	(   4   5   8   9   3   4   2 )	2685   0   2   2   2   2   2   2   2   1   1   1   1   1   1   1
32	(   3   0   8  10   4   5   2 )	   0 inf   5   5   5   5   5   5   5   1   1   1   1   1   1   1
33	(   3   2   3   9   4   7   0 )	   0 inf   5   5   5   5   5   5   5   1   1   1   1   1   1   1
34	(   3   3   1   9   4   6   2 )	   0 inf   5   5   5   5   5   5   5   1   1   1   1   1   1   1
35	(   3   4   5  10   4   5   1 )	3240   0   5   5   5   5   5   5   5   1   1   1   1   1   1   1
36	(   3   4   6  10   9   5   2 )	   0 inf   5   5   5   5   5   5   5   1   1   1   1   1   1   1
37	(   3   4   7   5   4   5   2 )	   0 inf   5   5   5   5   5   5   5   1   1   1   1   1   1   1
38	(   8   4   6  10   4   5   2 )	   0 inf   5   5   5   5   5   5   5   1   1   1   1   1   1   1
39	(   0  10  10  10   0   2   2 )	   0 inf   5   5   5   5   5   5   5   1   1   1   1   1   1   1
40	(   2   2   8  10   2   4   2 )	2300   0   2   2   2   2   2   2   2   1   1   1   1   1   1   1

BBE ( SOL ) OBJ CONS_H FRAME_SIZE MESH_SIZE
41	(   2   3   4  10   3   7   2 )	   0 inf   2   2   2   2   2   2   2   1   1   1   1   1   1   1
42	(   2   3   7  10   6   7   2 )	2875   0   2   2   2   2   2   2   2   1   1   1   1   1   1   1
43	(   3   2   5  10   5   4   2 )	   0 inf   2   2   2   2   2   2   2   1   1   1   1   1   1   1
44	(   3   4   6   8   4   5   2 )	2460   0   2   2   2   2   2   2   2   1   1   1   1   1   1   1
45	(   3   4   6  10   4   6   0 )	4300   0   2   2   2   2   2   2   2   1   1   1   1   1   1   1
46	(   5   4   6  10   4   5   2 )	   0 inf   2   2   2   2   2   2   2   1   1   1   1   1   1   1
47	(   0   2   7  10   2   4   2 )	   0 inf   5   5   5   5   5   5   5   1   1   1   1   1   1   1
48	(   1   0  10  10   5   0   1 )	   0 inf   5   5   5   5   5   5   5   1   1   1   1   1   1   1
49	(   2   0   5  10   1   5   2 )	   0 inf   5   5   5   5   5   5   5   1   1   1   1   1   1   1
50	(   2   0  10  10   3   9   1 )	   0 inf   5   5   5   5   5   5   5   1   1   1   1   1   1   1
51	(   2   1  10  10   0   3   2 )	   0 inf   5   5   5   5   5   5   5   1   1   1   1   1   1   1
52	(   2   2   8   5   2   4   2 )	   0 inf   5   5   5   5   5   5   5   1   1   1   1   1   1   1
53	(   2   2   9  10   2   4   2 )	2365   0   5   5   5   5   5   5   5   1   1   1   1   1   1   1
54	(   5   9   5  10   1   3   2 )	   0 inf   5   5   5   5   5   5   5   1   1   1   1   1   1   1
55	(   0   1   8  10   2   3   0 )	   0 inf   2   2   2   2   2   2   2   1   1   1   1   1   1   1
56	(   1   1   8   8   2   4   2 )	1950   0   2   2   2   2   2   2   2   1   1   1   1   1   1   1
57	(   2   0   9  10   2   3   2 )	   0 inf   2   2   2   2   2   2   2   1   1   1   1   1   1   1
58	(   2   2   8  10   0   4   2 )	   0 inf   2   2   2   2   2   2   2   1   1   1   1   1   1   1
59	(   2   2  10  10   2   4   2 )	2430   0   2   2   2   2   2   2   2   1   1   1   1   1   1   1
60	(   3   0   8   9   2   4   1 )	   0 inf   2   2   2   2   2   2   2   1   1   1   1   1   1   1
61	(   3   2   8  10   2   2   2 )	   0 inf   2   2   2   2   2   2   2   1   1   1   1   1   1   1
62	(   0   1   7   3   2   2   2 )	   0 inf   5   5   5   5   5   5   5   1   1   1   1   1   1   1
63	(   0   1   9   7   2   7   2 )	   0 inf   5   5   5   5   5   5   5   1   1   1   1   1   1   1
64	(   1   0   8   8   2   3   2 )	   0 inf   5   5   5   5   5   5   5   1   1   1   1   1   1   1
65	(   1   1   8   8   2   4   0 )	3050   0   5   5   5   5   5   5   5   1   1   1   1   1   1   1
66	(   1   1   8   8   7   4   2 )	   0 inf   5   5   5   5   5   5   5   1   1   1   1   1   1   1
67	(   3   1   3   7   2   8   2 )	   0 inf   5   5   5   5   5   5   5   1   1   1   1   1   1   1
68	(   5   0  10   5   2   7   2 )	   0 inf   5   5   5   5   5   5   5   1   1   1   1   1   1   1
69	(   0   3  10  10   0   0   2 )	   0 inf   5   5   5   5   5   5   5   1   1   1   1   1   1   1
70	(   0   1   6   8   4   4   1 )	   0 inf   2   2   2   2   2   2   2   1   1   1   1   1   1   1
71	(   0   1   7   8   0   6   2 )	   0 inf   2   2   2   2   2   2   2   1   1   1   1   1   1   1
72	(   0   1   8   8   2   3   2 )	   0 inf   2   2   2   2   2   2   2   1   1   1   1   1   1   1
73	(   0   1  10   8   3   6   2 )	   0 inf   2   2   2   2   2   2   2   1   1   1   1   1   1   1
74	(   1   0   8   8   2   4   2 )	   0 inf   2   2   2   2   2   2   2   1   1   1   1   1   1   1
75	(   1   1   8   6   2   4   2 )	   0 inf   2   2   2   2   2   2   2   1   1   1   1   1   1   1
76	(   2   1  10   8   0   4   2 )	   0 inf   2   2   2   2   2   2   2   1   1   1   1   1   1   1
77	(   4   2   7  10   3   1   2 )	   0 inf   2   2   2   2   2   2   2   1   1   1   1   1   1   1
78	(   0   1   8   8   2   4   2 )	   0 inf   1   1   1   1   1   1   1   1   1   1   1   1   1   1
79	(   1   0   8   7   2   3   2 )	   0 inf   1   1   1   1   1   1   1   1   1   1   1   1   1   1
80	(   1   1   7   7   2   4   2 )	1790   0   1   1   1   1   1   1   1   1   1   1   1   1   1   1

BBE ( SOL ) OBJ CONS_H FRAME_SIZE MESH_SIZE
81	(   1   1   8   8   2   4   1 )	2440   0   1   1   1   1   1   1   1   1   1   1   1   1   1   1
82	(   1   1   8   8   3   4   2 )	2015   0   1   1   1   1   1   1   1   1   1   1   1   1   1   1
83	(   1   1   9   8   2   5   2 )	   0 inf   1   1   1   1   1   1   1   1   1   1   1   1   1   1
84	(   1   2   9   7   2   3   2 )	   0 inf   1   1   1   1   1   1   1   1   1   1   1   1   1   1
85	(   0   0   7   7   2   3   2 )	1535   0   2   2   2   2   2   2   2   1   1   1   1   1   1   1
86	(   0   0   8   6   0   6   2 )	   0 inf   2   2   2   2   2   2   2   1   1   1   1   1   1   1
87	(   0   1   7   5   2   3   2 )	   0 inf   2   2   2   2   2   2   2   1   1   1   1   1   1   1
88	(   2   1   5   7   1   5   2 )	   0 inf   2   2   2   2   2   2   2   1   1   1   1   1   1   1
89	(   2   2   6   8   4   2   1 )	   0 inf   2   2   2   2   2   2   2   1   1   1   1   1   1   1
90	(   2   3   7   7   2   5   2 )	   0 inf   2   2   2   2   2   2   2   1   1   1   1   1   1   1
91	(   3   0   8   6   4   5   2 )	   0 inf   2   2   2   2   2   2   2   1   1   1   1   1   1   1
92	(   0   0   2   8   3   2   2 )	   0 inf   5   5   5   5   5   5   5   1   1   1   1   1   1   1
93	(   0   0   7   7   2   3   0 )	2400   0   5   5   5   5   5   5   5   1   1   1   1   1   1   1
94	(   0   0   9   2   7   0   2 )	   0 inf   5   5   5   5   5   5   5   1   1   1   1   1   1   1
95	(   0   0   9  10   0   0   2 )	1535   0   5   5   5   5   5   5   5   1   1   1   1   1   1   1
96	(   0   5   8  10   5   0   2 )	   0 inf   5   5   5   5   5   5   5   1   1   1   1   1   1   1
97	(   2   3   6   4   0   0   2 )	   0 inf   5   5   5   5   5   5   5   1   1   1   1   1   1   1
98	(   5   0   8   9   4   1   2 )	   0 inf   5   5   5   5   5   5   5   1   1   1   1   1   1   1
99	(   0   0   7   6   0  10   2 )	   0 inf   5   5   5   5   5   5   5   1   1   1   1   1   1   1
100	(   0   0   6   7   1   3   2 )	   0 inf   2   2   2   2   2   2   2   1   1   1   1   1   1   1
101	(   0   0   7   7   2   1   2 )	   0 inf   2   2   2   2   2   2   2   1   1   1   1   1   1   1
102	(   0   0   8   5   3   3   2 )	   0 inf   2   2   2   2   2   2   2   1   1   1   1   1   1   1
103	(   0   0   9   8   1   3   2 )	   0 inf   2   2   2   2   2   2   2   1   1   1   1   1   1   1
104	(   0   1   5   6   3   3   2 )	   0 inf   2   2   2   2   2   2   2   1   1   1   1   1   1   1
105	(   0   2   8   7   3   3   1 )	   0 inf   2   2   2   2   2   2   2   1   1   1   1   1   1   1
106	(   2   0   7   7   2   3   2 )	   0 inf   2   2   2   2   2   2   2   1   1   1   1   1   1   1
107	(   0   0   6   9   1   5   2 )	   0 inf   2   2   2   2   2   2   2   1   1   1   1   1   1   1
108	(   0   0   7   6   1   3   1 )	   0 inf   1   1   1   1   1   1   1   1   1   1   1   1   1   1
109	(   0   0   7   7   2   2   2 )	1440   0   1   1   1   1   1   1   1   1   1   1   1   1   1   1
110	(   0   0   7   7   3   3   2 )	1600   0   1   1   1   1   1   1   1   1   1   1   1   1   1   1
111	(   0   0   7   8   3   3   2 )	1695   0   1   1   1   1   1   1   1   1   1   1   1   1   1   1
112	(   0   0   8   7   2   3   2 )	   0 inf   1   1   1   1   1   1   1   1   1   1   1   1   1   1
113	(   0   1   7   7   2   3   2 )	   0 inf   1   1   1   1   1   1   1   1   1   1   1   1   1   1
114	(   1   0   7   6   1   2   2 )	   0 inf   1   1   1   1   1   1   1   1   1   1   1   1   1   1
115	(   0   0   7   5   3   1   2 )	   0 inf   2   2   2   2   2   2   2   1   1   1   1   1   1   1
116	(   0   0   7   6   0   0   1 )	   0 inf   2   2   2   2   2   2   2   1   1   1   1   1   1   1
117	(   0   0   7   8   2   0   2 )	   0 inf   2   2   2   2   2   2   2   1   1   1   1   1   1   1
118	(   0   0   7   8   4   1   0 )	   0 inf   2   2   2   2   2   2   2   1   1   1   1   1   1   1
119	(   0   0   9   7   2   2   2 )	   0 inf   2   2   2   2   2   2   2   1   1   1   1   1   1   1
120	(   0   2   7   7   2   2   2 )	   0 inf   2   2   2   2   2   2   2   1   1   1   1   1   1   1

BBE ( SOL ) OBJ CONS_H FRAME_SIZE MESH_SIZE
121	(   2   0   7   7   2   2   2 )	   0 inf   2   2   2   2   2   2   2   1   1   1   1   1   1   1
122	(   0   0   5   8   1   8   2 )	   0 inf   2   2   2   2   2   2   2   1   1   1   1   1   1   1
123	(   0   0   7   7   2   2   1 )	1800   0   1   1   1   1   1   1   1   1   1   1   1   1   1   1
124	(   0   0   7   7   3   2   2 )	   0 inf   1   1   1   1   1   1   1   1   1   1   1   1   1   1
125	(   0   0   7   8   3   2   2 )	   0 inf   1   1   1   1   1   1   1   1   1   1   1   1   1   1
126	(   0   0   8   7   2   2   2 )	   0 inf   1   1   1   1   1   1   1   1   1   1   1   1   1   1
127	(   0   1   7   7   1   2   2 )	   0 inf   1   1   1   1   1   1   1   1   1   1   1   1   1   1
128	(   1   0   7   7   2   2   2 )	   0 inf   1   1   1   1   1   1   1   1   1   1   1   1   1   1
129	(   0   0   6   6   2   2   2 )	1280   0   1   1   1   1   1   1   1   1   1   1   1   1   1   1
130	(   0   0   7   6   1   2   2 )	   0 inf   1   1   1   1   1   1   1   1   1   1   1   1   1   1
131	(   0   0   8   6   3   2   2 )	   0 inf   1   1   1   1   1   1   1   1   1   1   1   1   1   1
132	(   0   0   8   8   2   2   1 )	2000   0   1   1   1   1   1   1   1   1   1   1   1   1   1   1
133	(   0   1   7   7   2   2   2 )	   0 inf   1   1   1   1   1   1   1   1   1   1   1   1   1   1
134	(   0   0   4   4   2   2   1 )	1200   0   2   2   2   2   2   2   2   1   1   1   1   1   1   1
135	(   0   0   4   7   3   2   2 )	   0 inf   2   2   2   2   2   2   2   1   1   1   1   1   1   1
136	(   0   0   6   6   2   4   2 )	1470   0   2   2   2   2   2   2   2   1   1   1   1   1   1   1
137	(   0   0   6   6   4   2   2 )	   0 inf   2   2   2   2   2   2   2   1   1   1   1   1   1   1
138	(   0   0   7   4   2   2   2 )	   0 inf   2   2   2   2   2   2   2   1   1   1   1   1   1   1
139	(   0   2   6   6   2   2   2 )	   0 inf   2   2   2   2   2   2   2   1   1   1   1   1   1   1
140	(   2   0   6   6   2   2   2 )	   0 inf   2   2   2   2   2   2   2   1   1   1   1   1   1   1
141	(   0   0   0   6   3   3   2 )	   0 inf   5   5   5   5   5   5   5   1   1   1   1   1   1   1
142	(   0   0   3   3   2   2   0 )	1250   0   5   5   5   5   5   5   5   1   1   1   1   1   1   1
143	(   0   0   3   3   2   7   0 )	   0 inf   5   5   5   5   5   5   5   1   1   1   1   1   1   1
144	(   0   0   4   3   7   2   0 )	   0 inf   5   5   5   5   5   5   5   1   1   1   1   1   1   1
145	(   0   2   0   0   1   0   0 )	   0 inf   5   5   5   5   5   5   5   1   1   1   1   1   1   1
146	(   1   0   6   0   3   4   2 )	   0 inf   5   5   5   5   5   5   5   1   1   1   1   1   1   1
147	(   5   0   4   4   2   2   0 )	   0 inf   5   5   5   5   5   5   5   1   1   1   1   1   1   1
148	(   0   0  10  10   0   0   2 )	1600   0   5   5   5   5   5   5   5   1   1   1   1   1   1   1
149	(   0   0   2   4   2   2   1 )	1040   0   2   2   2   2   2   2   2   1   1   1   1   1   1   1
150	(   0   0   4   2   3   2   1 )	   0 inf   2   2   2   2   2   2   2   1   1   1   1   1   1   1
151	(   0   0   4   3   0   1   1 )	   0 inf   2   2   2   2   2   2   2   1   1   1   1   1   1   1
152	(   0   0   4   4   2   2   0 )	1500   0   2   2   2   2   2   2   2   1   1   1   1   1   1   1
153	(   0   1   4   3   1   4   1 )	   0 inf   2   2   2   2   2   2   2   1   1   1   1   1   1   1
154	(   0   2   4   3   3   1   1 )	   0 inf   2   2   2   2   2   2   2   1   1   1   1   1   1   1
155	(   2   0   4   4   2   2   1 )	   0 inf   2   2   2   2   2   2   2   1   1   1   1   1   1   1
156	(   0   0   0   7   0   0   2 )	   0 inf   5   5   5   5   5   5   5   1   1   1   1   1   1   1
157	(   0   2   1   0   1   1   1 )	   0 inf   5   5   5   5   5   5   5   1   1   1   1   1   1   1
158	(   0   2   1   5   1   7   1 )	   0 inf   5   5   5   5   5   5   5   1   1   1   1   1   1   1
159	(   0   3   1   5   7   1   1 )	   0 inf   5   5   5   5   5   5   5   1   1   1   1   1   1   1
160	(   1   0   0   3   3   3   1 )	   0 inf   5   5   5   5   5   5   5   1   1   1   1   1   1   1

BBE ( SOL ) OBJ CONS_H FRAME_SIZE MESH_SIZE
161	(   1   0   2   4   2   2   2 )	   0 inf   5   5   5   5   5   5   5   1   1   1   1   1   1   1
162	(   4   5   0   7   0   0   2 )	   0 inf   5   5   5   5   5   5   5   1   1   1   1   1   1   1
163	(   0   0  10   1   2   2   0 )	   0 inf   5   5   5   5   5   5   5   1   1   1   1   1   1   1
164	(   0   0   0   3   2   3   0 )	   0 inf   2   2   2   2   2   2   2   1   1   1   1   1   1   1
165	(   0   0   1   4   2   0   1 )	   0 inf   2   2   2   2   2   2   2   1   1   1   1   1   1   1
166	(   0   0   2   4   4   2   1 )	   0 inf   2   2   2   2   2   2   2   1   1   1   1   1   1   1
167	(   0   0   2   6   2   2   1 )	   0 inf   2   2   2   2   2   2   2   1   1   1   1   1   1   1
168	(   0   1   2   2   2   2   1 )	   0 inf   2   2   2   2   2   2   2   1   1   1   1   1   1   1
169	(   0   2   1   4   2   1   1 )	   0 inf   2   2   2   2   2   2   2   1   1   1   1   1   1   1
170	(   2   0   2   4   2   2   1 )	   0 inf   2   2   2   2   2   2   2   1   1   1   1   1   1   1
171	(   0   0   6   5   0   4   2 )	   0 inf   2   2   2   2   2   2   2   1   1   1   1   1   1   1
172	(   0   0   1   4   2   2   2 )	   0 inf   1   1   1   1   1   1   1   1   1   1   1   1   1   1
173	(   0   0   2   4   2   2   2 )	 830   0   1   1   1   1   1   1   1   1   1   1   1   1   1   1
174	(   0   0   2   4   2   3   1 )	1160   0   1   1   1   1   1   1   1   1   1   1   1   1   1   1
175	(   0   0   2   5   2   2   1 )	   0 inf   1   1   1   1   1   1   1   1   1   1   1   1   1   1
176	(   0   1   1   4   1   2   1 )	   0 inf   1   1   1   1   1   1   1   1   1   1   1   1   1   1
177	(   0   1   1   4   3   2   1 )	   0 inf   1   1   1   1   1   1   1   1   1   1   1   1   1   1
178	(   1   0   2   4   2   2   1 )	   0 inf   1   1   1   1   1   1   1   1   1   1   1   1   1   1
179	(   0   0   0   6   4   2   1 )	   0 inf   2   2   2   2   2   2   2   1   1   1   1   1   1   1
180	(   0   0   2   4   2   4   2 )	1020   0   2   2   2   2   2   2   2   1   1   1   1   1   1   1
181	(   0   0   3   3   1   2   2 )	 735   0   2   2   2   2   2   2   2   1   1   1   1   1   1   1
182	(   1   0   0   3   1   2   2 )	   0 inf   2   2   2   2   2   2   2   1   1   1   1   1   1   1
183	(   1   0   3   6   1   2   2 )	   0 inf   2   2   2   2   2   2   2   1   1   1   1   1   1   1
184	(   1   2   4   2   0   2   2 )	   0 inf   2   2   2   2   2   2   2   1   1   1   1   1   1   1
185	(   2   1   1   5   3   2   2 )	   0 inf   2   2   2   2   2   2   2   1   1   1   1   1   1   1
186	(   0   0   2   0   3   1   2 )	   0 inf   5   5   5   5   5   5   5   1   1   1   1   1   1   1
187	(   0   0   4   2   1   2   0 )	   0 inf   5   5   5   5   5   5   5   1   1   1   1   1   1   1
188	(   0   0   4   2   1   7   2 )	   0 inf   5   5   5   5   5   5   5   1   1   1   1   1   1   1
189	(   0   0   5   2   0   2   2 )	   0 inf   5   5   5   5   5   5   5   1   1   1   1   1   1   1
190	(   0   0   8   5   3   1   2 )	   0 inf   5   5   5   5   5   5   5   1   1   1   1   1   1   1
191	(   0   5   3   3   1   2   2 )	   0 inf   5   5   5   5   5   5   5   1   1   1   1   1   1   1
192	(   5   0   7   0   2   1   2 )	   0 inf   5   5   5   5   5   5   5   1   1   1   1   1   1   1
193	(   0   0   0  10   0   0   2 )	   0 inf   5   5   5   5   5   5   5   1   1   1   1   1   1   1
194	(   0   0   3   3   0   2   2 )	   0 inf   2   2   2   2   2   2   2   1   1   1   1   1   1   1
195	(   0   0   3   3   1   4   2 )	   0 inf   2   2   2   2   2   2   2   1   1   1   1   1   1   1
196	(   0   0   5   2   1   2   2 )	   0 inf   2   2   2   2   2   2   2   1   1   1   1   1   1   1
197	(   0   0   5   5   1   2   1 )	1320   0   2   2   2   2   2   2   2   1   1   1   1   1   1   1
198	(   0   1   3   1   1   2   0 )	   0 inf   2   2   2   2   2   2   2   1   1   1   1   1   1   1
199	(   0   2   3   3   1   2   2 )	   0 inf   2   2   2   2   2   2   2   1   1   1   1   1   1   1
200	(   2   0   3   3   1   2   2 )	   0 inf   2   2   2   2   2   2   2   1   1   1   1   1   1   1

BBE ( SOL ) OBJ CONS_H FRAME_SIZE MESH_SIZE
201	(   0   0   0   4   2   0   2 )	   0 inf   2   2   2   2   2   2   2   1   1   1   1   1   1   1
202	(   0   0   2   3   0   3   2 )	   0 inf   1   1   1   1   1   1   1   1   1   1   1   1   1   1
203	(   0   0   3   2   1   2   2 )	   0 inf   1   1   1   1   1   1   1   1   1   1   1   1   1   1
204	(   0   0   3   3   1   3   2 )	   0 inf   1   1   1   1   1   1   1   1   1   1   1   1   1   1
205	(   0   0   4   3   1   2   2 )	   0 inf   1   1   1   1   1   1   1   1   1   1   1   1   1   1
206	(   1   0   4   3   0   2   2 )	   0 inf   1   1   1   1   1   1   1   1   1   1   1   1   1   1
207	(   1   1   3   3   1   2   2 )	 895   0   1   1   1   1   1   1   1   1   1   1   1   1   1   1
208	(   1   1   4   3   2   1   1 )	   0 inf   1   1   1   1   1   1   1   1   1   1   1   1   1   1
209	(   0   0   1   4   2   1   2 )	   0 inf   1   1   1   1   1   1   1   1   1   1   1   1   1   1
210	(   0   0   3   2   0   2   2 )	   0 inf   1   1   1   1   1   1   1   1   1   1   1   1   1   1
211	(   0   0   3   3   0   3   2 )	   0 inf   1   1   1   1   1   1   1   1   1   1   1   1   1   1
212	(   0   0   3   3   1   2   1 )	 920   0   1   1   1   1   1   1   1   1   1   1   1   1   1   1
213	(   0   0   4   3   2   2   2 )	   0 inf   1   1   1   1   1   1   1   1   1   1   1   1   1   1
214	(   0   0   4   4   1   1   2 )	 800   0   1   1   1   1   1   1   1   1   1   1   1   1   1   1
215	(   0   1   3   3   1   2   2 )	   0 inf   1   1   1   1   1   1   1   1   1   1   1   1   1   1
216	(   1   0   3   3   1   2   2 )	   0 inf   1   1   1   1   1   1   1   1   1   1   1   1   1   1
217	(   0   0   1   3   2   2   2 )	   0 inf   1   1   1   1   1   1   1   1   1   1   1   1   1   1
218	(   0   0   2   3   1   2   2 )	 670   0   1   1   1   1   1   1   1   1   1   1   1   1   1   1
219	(   0   0   3   3   1   1   2 )	 640   0   1   1   1   1   1   1   1   1   1   1   1   1   1   1
220	(   0   0   3   3   2   2   2 )	 800   0   1   1   1   1   1   1   1   1   1   1   1   1   1   1
221	(   0   0   3   4   1   2   2 )	 830   0   1   1   1   1   1   1   1   1   1   1   1   1   1   1
222	(   1   0   4   3   1   2   2 )	   0 inf   1   1   1   1   1   1   1   1   1   1   1   1   1   1
223	(   0   0   1   2   1   1   1 )	 520   0   2   2   2   2   2   2   2   1   1   1   1   1   1   1
224	(   0   0   3   3   1   0   2 )	   0 inf   2   2   2   2   2   2   2   1   1   1   1   1   1   1
225	(   0   0   3   3   3   1   2 )	   0 inf   2   2   2   2   2   2   2   1   1   1   1   1   1   1
226	(   0   0   4   2   1   1   1 )	   0 inf   2   2   2   2   2   2   2   1   1   1   1   1   1   1
227	(   0   0   5   4   1   1   2 )	   0 inf   2   2   2   2   2   2   2   1   1   1   1   1   1   1
228	(   0   2   3   3   1   1   2 )	   0 inf   2   2   2   2   2   2   2   1   1   1   1   1   1   1
229	(   2   0   2   4   1   1   2 )	   0 inf   2   2   2   2   2   2   2   1   1   1   1   1   1   1
230	(   0   0   0   1   0   3   0 )	   0 inf   5   5   5   5   5   5   5   1   1   1   1   1   1   1
231	(   0   0   0   3   3   0   2 )	   0 inf   5   5   5   5   5   5   5   1   1   1   1   1   1   1
232	(   0   0   1   2   0   1   0 )	   0 inf   5   5   5   5   5   5   5   1   1   1   1   1   1   1
233	(   0   1   0   0   3   0   2 )	   0 inf   5   5   5   5   5   5   5   1   1   1   1   1   1   1
234	(   0   2   0   4   5   0   0 )	   0 inf   5   5   5   5   5   5   5   1   1   1   1   1   1   1
235	(   0   5   2   1   0   2   0 )	   0 inf   5   5   5   5   5   5   5   1   1   1   1   1   1   1
236	(   5   0   1   2   2   1   2 )	   0 inf   5   5   5   5   5   5   5   1   1   1   1   1   1   1
237	(   0   0   4   3   0   1   2 )	   0 inf   5   5   5   5   5   5   5   1   1   1   1   1   1   1
238	(   0   0   0   0   0   0   1 )	   0   0   2   2   2   2   2   2   2   1   1   1   1   1   1   1
239	(   0   0   0   1   2   2   2 )	   0 inf   2   2   2   2   2   2   2   1   1   1   1   1   1   1
240	(   0   0   1   2   0   1   1 )	   0 inf   2   2   2   2   2   2   2   1   1   1   1   1   1   1

BBE ( SOL ) OBJ CONS_H FRAME_SIZE MESH_SIZE
241	(   0   0   1   2   2   2   0 )	 900   0   2   2   2   2   2   2   2   1   1   1   1   1   1   1
242	(   1   1   0   3   0   3   0 )	   0 inf   2   2   2   2   2   2   2   1   1   1   1   1   1   1
243	(   1   1   0   3   2   0   0 )	   0 inf   2   2   2   2   2   2   2   1   1   1   1   1   1   1
244	(   2   0   1   2   2   1   1 )	   0 inf   2   2   2   2   2   2   2   1   1   1   1   1   1   1
245	(   0   0   0   0   0   0   0 )	   0   0   5   5   5   5   5   5   5   1   1   1   1   1   1   1
246	(   0   0   0   0   5   0   0 )	   0 inf   5   5   5   5   5   5   5   1   1   1   1   1   1   1
247	(   0   0   1   0   0   0   2 )	   0 inf   5   5   5   5   5   5   5   1   1   1   1   1   1   1
248	(   0   5   1   0   0   0   0 )	   0 inf   5   5   5   5   5   5   5   1   1   1   1   1   1   1
249	(   1   1   0   0   0   2   2 )	   0 inf   5   5   5   5   5   5   5   1   1   1   1   1   1   1
250	(   3   5   0   1   3   1   2 )	   0 inf   5   5   5   5   5   5   5   1   1   1   1   1   1   1
251	(   5   0   0   0   0   0   0 )	   0 inf   5   5   5   5   5   5   5   1   1   1   1   1   1   1
252	(   0   0   0   0   0   0   2 )	   0   0   5   5   5   5   5   5   5   1   1   1   1   1   1   1
253	(   0   0   0   0   0   2   1 )	   0 inf   2   2   2   2   2   2   2   1   1   1   1   1   1   1
254	(   0   0   0   1   0   0   0 )	   0 inf   2   2   2   2   2   2   2   1   1   1   1   1   1   1
255	(   0   0   0   1   0   0   2 )	   0 inf   2   2   2   2   2   2   2   1   1   1   1   1   1   1
256	(   0   0   1   0   2   0   2 )	   0 inf   2   2   2   2   2   2   2   1   1   1   1   1   1   1
257	(   0   2   0   0   0   0   1 )	   0 inf   2   2   2   2   2   2   2   1   1   1   1   1   1   1
258	(   2   0   0   0   1   0   2 )	   0 inf   2   2   2   2   2   2   2   1   1   1   1   1   1   1
259	(   2   0   0   1   0   0   0 )	   0 inf   2   2   2   2   2   2   2   1   1   1   1   1   1   1
260	(   0   0   0   0   0   1   0 )	   0 inf   1   1   1   1   1   1   1   1   1   1   1   1   1   1
261	(   0   0   0   0   1   0   2 )	   0 inf   1   1   1   1   1   1   1   1   1   1   1   1   1   1
262	(   0   0   0   1   0   0   1 )	   0 inf   1   1   1   1   1   1   1   1   1   1   1   1   1   1
263	(   0   0   1   0   0   0   1 )	   0 inf   1   1   1   1   1   1   1   1   1   1   1   1   1   1
264	(   0   1   0   0   0   0   0 )	   0 inf   1   1   1   1   1   1   1   1   1   1   1   1   1   1
265	(   0   1   0   0   0   0   1 )	   0 inf   1   1   1   1   1   1   1   1   1   1   1   1   1   1
266	(   1   0   0   0   0   0   1 )	   0 inf   1   1   1   1   1   1   1   1   1   1   1   1   1   1
267	(   0   0   0   0   0   1   1 )	   0 inf   1   1   1   1   1   1   1   1   1   1   1   1   1   1
268	(   0   0   0   0   1   0   1 )	   0 inf   1   1   1   1   1   1   1   1   1   1   1   1   1   1
269	(   0   0   1   1   0   0   1 )	 200   0   1   1   1   1   1   1   1   1   1   1   1   1   1   1
270	(   1   0   0   1   0   0   1 )	   0 inf   1   1   1   1   1   1   1   1   1   1   1   1   1   1
271	(   1   0   1   0   0   0   1 )	   0 inf   1   1   1   1   1   1   1   1   1   1   1   1   1   1
272	(   0   0   0   0   0   1   2 )	   0 inf   1   1   1   1   1   1   1   1   1   1   1   1   1   1
273	(   1   0   0   0   0   0   0 )	   0 inf   1   1   1   1   1   1   1   1   1   1   1   1   1   1
274	(   1   0   0   0   0   1   1 )	   0 inf   1   1   1   1   1   1   1   1   1   1   1   1   1   1
275	(   1   0   0   0   1   1   1 )	   0 inf   1   1   1   1   1   1   1   1   1   1   1   1   1   1
276	(   0   0   1   0   0   1   0 )	   0 inf   1   1   1   1   1   1   1   1   1   1   1   1   1   1
277	(   0   1   0   0   0   0   2 )	   0 inf   1   1   1   1   1   1   1   1   1   1   1   1   1   1
278	(   0   1   0   0   0   1   0 )	   0 inf   1   1   1   1   1   1   1   1   1   1   1   1   1   1
279	(   0   1   1   0   0   0   0 )	   0 inf   1   1   1   1   1   1   1   1   1   1   1   1   1   1
280	(   0   1   1   0   0   1   2 )	   0 inf   1   1   1   1   1   1   1   1   1   1   1   1   1   1

BBE ( SOL ) OBJ CONS_H FRAME_SIZE MESH_SIZE
281	(   0   1   1   0   0   0   1 )	   0 inf   1   1   1   1   1   1   1   1   1   1   1   1   1   1
282	(   1   1   0   0   0   0   1 )	 200   0   1   1   1   1   1   1   1   1   1   1   1   1   1   1
283	(   0   0   0   0   1   1   0 )	 250   0   1   1   1   1   1   1   1   1   1   1   1   1   1   1
284	(   0   0   0   0   1   1   2 )	 160   0   1   1   1   1   1   1   1   1   1   1   1   1   1   1
285	(   0   1   0   0   0   1   1 )	   0 inf   1   1   1   1   1   1   1   1   1   1   1   1   1   1
286	(   0   1   0   0   1   0   2 )	   0 inf   1   1   1   1   1   1   1   1   1   1   1   1   1   1
287	(   0   0   0   1   1   0   2 )	   0 inf   1   1   1   1   1   1   1   1   1   1   1   1   1   1
288	(   0   1   0   1   0   0   2 )	   0 inf   1   1   1   1   1   1   1   1   1   1   1   1   1   1
289	(   0   1   0   1   1   0   0 )	   0 inf   1   1   1   1   1   1   1   1   1   1   1   1   1   1
290	(   1   0   0   0   0   0   2 )	   0 inf   1   1   1   1   1   1   1   1   1   1   1   1   1   1
291	(   1   0   0   0   1   0   0 )	   0 inf   1   1   1   1   1   1   1   1   1   1   1   1   1   1
292	(   1   1   0   0   0   0   0 )	 250   0   1   1   1   1   1   1   1   1   1   1   1   1   1   1
293	(   0   0   1   0   0   0   0 )	   0 inf   1   1   1   1   1   1   1   1   1   1   1   1   1   1
294	(   1   1   0   1   0   0   0 )	   0 inf   1   1   1   1   1   1   1   1   1   1   1   1   1   1
295	(   1   1   1   0   0   0   2 )	   0 inf   1   1   1   1   1   1   1   1   1   1   1   1   1   1
296	(   0   0   0   1   0   1   1 )	   0 inf   1   1   1   1   1   1   1   1   1   1   1   1   1   1
297	(   0   0   1   1   0   0   2 )	 160   0   1   1   1   1   1   1   1   1   1   1   1   1   1   1
298	(   0   0   1   1   0   1   0 )	   0 inf   1   1   1   1   1   1   1   1   1   1   1   1   1   1
299	(   0   1   0   1   0   0   0 )	   0 inf   1   1   1   1   1   1   1   1   1   1   1   1   1   1
300	(   0   0   0   0   1   0   0 )	   0 inf   1   1   1   1   1   1   1   1   1   1   1   1   1   1
301	(   0   1   0   1   0   0   1 )	   0 inf   1   1   1   1   1   1   1   1   1   1   1   1   1   1
302	(   1   1   0   0   0   1   0 )	   0 inf   1   1   1   1   1   1   1   1   1   1   1   1   1   1
303	(   1   0   0   0   0   1   2 )	   0 inf   1   1   1   1   1   1   1   1   1   1   1   1   1   1
304	(   1   0   1   0   0   1   0 )	   0 inf   1   1   1   1   1   1   1   1   1   1   1   1   1   1
305	(   0   0   1   0   1   0   2 )	   0 inf   1   1   1   1   1   1   1   1   1   1   1   1   1   1
306	(   0   0   1   0   1   0   1 )	   0 inf   1   1   1   1   1   1   1   1   1   1   1   1   1   1
307	(   1   0   0   0   1   0   1 )	   0 inf   1   1   1   1   1   1   1   1   1   1   1   1   1   1
308	(   0   0   0   0   1   1   1 )	 200   0   1   1   1   1   1   1   1   1   1   1   1   1   1   1
309	(   1   0   0   1   1   0   1 )	   0 inf   1   1   1   1   1   1   1   1   1   1   1   1   1   1
310	(   0   0   0   1   1   0   1 )	   0 inf   1   1   1   1   1   1   1   1   1   1   1   1   1   1
311	(   1   0   0   1   0   1   1 )	   0 inf   1   1   1   1   1   1   1   1   1   1   1   1   1   1
312	(   1   0   0   0   1   0   2 )	   0 inf   1   1   1   1   1   1   1   1   1   1   1   1   1   1
313	(   0   1   0   0   1   0   1 )	   0 inf   1   1   1   1   1   1   1   1   1   1   1   1   1   1
314	(   1   0   1   1   0   1   2 )	   0 inf   1   1   1   1   1   1   1   1   1   1   1   1   1   1
315	(   0   0   1   0   1   1   1 )	   0 inf   1   1   1   1   1   1   1   1   1   1   1   1   1   1
316	(   1   0   1   0   0   1   1 )	   0 inf   1   1   1   1   1   1   1   1   1   1   1   1   1   1
317	(   0   0   1   0   1   0   0 )	   0 inf   1   1   1   1   1   1   1   1   1   1   1   1   1   1
318	(   0   1   0   0   1   0   0 )	   0 inf   1   1   1   1   1   1   1   1   1   1   1   1   1   1
319	(   0   1   1   0   1   0   2 )	   0 inf   1   1   1   1   1   1   1   1   1   1   1   1   1   1
320	(   1   0   0   1   0   1   2 )	   0 inf   1   1   1   1   1   1   1   1   1   1   1   1   1   1

BBE ( SOL ) OBJ CONS_H FRAME_SIZE MESH_SIZE
321	(   1   0   0   0   0   1   0 )	   0 inf   1   1   1   1   1   1   1   1   1   1   1   1   1   1
322	(   1   1   0   0   1   0   1 )	   0 inf   1   1   1   1   1   1   1   1   1   1   1   1   1   1
323	(   0   1   0   1   1   0   1 )	   0 inf   1   1   1   1   1   1   1   1   1   1   1   1   1   1
324	(   1   1   0   1   0   0   1 )	   0 inf   1   1   1   1   1   1   1   1   1   1   1   1   1   1
325	(   0   0   0   1   0   1   2 )	   0 inf   1   1   1   1   1   1   1   1   1   1   1   1   1   1
326	(   1   0   0   1   0   1   0 )	   0 inf   1   1   1   1   1   1   1   1   1   1   1   1   1   1
327	(   1   1   0   1   1   0   1 )	   0 inf   1   1   1   1   1   1   1   1   1   1   1   1   1   1
328	(   0   1   1   0   1   0   1 )	   0 inf   1   1   1   1   1   1   1   1   1   1   1   1   1   1
329	(   0   1   1   0   1   1   2 )	   0 inf   1   1   1   1   1   1   1   1   1   1   1   1   1   1
330	(   1   1   0   0   1   0   0 )	   0 inf   1   1   1   1   1   1   1   1   1   1   1   1   1   1
331	(   1   0   1   0   0   0   2 )	   0 inf   1   1   1   1   1   1   1   1   1   1   1   1   1   1
332	(   0   1   1   1   0   0   1 )	   0 inf   1   1   1   1   1   1   1   1   1   1   1   1   1   1
333	(   0   0   1   1   1   0   0 )	   0 inf   1   1   1   1   1   1   1   1   1   1   1   1   1   1
334	(   0   0   0   1   0   1   0 )	   0 inf   1   1   1   1   1   1   1   1   1   1   1   1   1   1
335	(   1   0   0   1   0   0   0 )	   0 inf   1   1   1   1   1   1   1   1   1   1   1   1   1   1
336	(   0   1   0   0   1   1   0 )	   0 inf   1   1   1   1   1   1   1   1   1   1   1   1   1   1
337	(   1   0   0   0   1   1   2 )	   0 inf   1   1   1   1   1   1   1   1   1   1   1   1   1   1
338	(   0   1   1   0   0   0   2 )	   0 inf   1   1   1   1   1   1   1   1   1   1   1   1   1   1
339	(   0   1   1   0   1   0   0 )	   0 inf   1   1   1   1   1   1   1   1   1   1   1   1   1   1
340	(   0   0   1   0   0   1   1 )	   0 inf   1   1   1   1   1   1   1   1   1   1   1   1   1   1
341	(   0   1   0   1   1   0   2 )	   0 inf   1   1   1   1   1   1   1   1   1   1   1   1   1   1
342	(   0   1   0   0   0   1   2 )	   0 inf   1   1   1   1   1   1   1   1   1   1   1   1   1   1
343	(   1   1   0   1   1   1   0 )	   0 inf   1   1   1   1   1   1   1   1   1   1   1   1   1   1
344	(   1   0   0   1   0   0   2 )	   0 inf   1   1   1   1   1   1   1   1   1   1   1   1   1   1
345	(   0   1   1   1   0   0   2 )	   0 inf   1   1   1   1   1   1   1   1   1   1   1   1   1   1
346	(   1   1   1   0   0   1   2 )	   0 inf   1   1   1   1   1   1   1   1   1   1   1   1   1   1
347	(   1   0   1   1   0   0   2 )	   0 inf   1   1   1   1   1   1   1   1   1   1   1   1   1   1
348	(   0   1   1   0   0   1   0 )	   0 inf   1   1   1   1   1   1   1   1   1   1   1   1   1   1
349	(   0   1   0   1   0   1   0 )	   0 inf   1   1   1   1   1   1   1   1   1   1   1   1   1   1
350	(   0   0   1   0   0   1   2 )	   0 inf   1   1   1   1   1   1   1   1   1   1   1   1   1   1
351	(   0   1   0   1   1   1   1 )	   0 inf   1   1   1   1   1   1   1   1   1   1   1   1   1   1
352	(   1   1   0   0   0   1   1 )	   0 inf   1   1   1   1   1   1   1   1   1   1   1   1   1   1
353	(   1   1   0   0   0   0   2 )	 160   0   1   1   1   1   1   1   1   1   1   1   1   1   1   1
354	(   0   1   1   0   1   1   1 )	   0 inf   1   1   1   1   1   1   1   1   1   1   1   1   1   1
355	(   1   1   0   0   0   1   2 )	   0 inf   1   1   1   1   1   1   1   1   1   1   1   1   1   1
356	(   0   1   1   1   0   1   0 )	   0 inf   1   1   1   1   1   1   1   1   1   1   1   1   1   1
357	(   1   0   0   0   1   1   0 )	   0 inf   1   1   1   1   1   1   1   1   1   1   1   1   1   1
358	(   1   1   1   0   0   0   0 )	   0 inf   1   1   1   1   1   1   1   1   1   1   1   1   1   1
359	(   1   0   1   1   0   0   1 )	   0 inf   1   1   1   1   1   1   1   1   1   1   1   1   1   1
360	(   0   0   1   1   0   0   0 )	 250   0   1   1   1   1   1   1   1   1   1   1   1   1   1   1

BBE ( SOL ) OBJ CONS_H FRAME_SIZE MESH_SIZE
361	(   1   0   1   1   0   0   0 )	   0 inf   1   1   1   1   1   1   1   1   1   1   1   1   1   1
362	(   0   0   1   1   1   0   1 )	   0 inf   1   1   1   1   1   1   1   1   1   1   1   1   1   1
363	(   1   1   1   0   0   0   1 )	   0 inf   1   1   1   1   1   1   1   1   1   1   1   1   1   1
364	(   1   1   1   1   1   0   1 )	   0 inf   1   1   1   1   1   1   1   1   1   1   1   1   1   1
365	(   1   1   0   1   0   0   2 )	   0 inf   1   1   1   1   1   1   1   1   1   1   1   1   1   1
366	(   0   0   0   1   1   1   2 )	   0 inf   1   1   1   1   1   1   1   1   1   1   1   1   1   1
367	(   0   1   0   1   0   1   1 )	   0 inf   1   1   1   1   1   1   1   1   1   1   1   1   1   1
368	(   1   0   1   0   1   1   1 )	   0 inf   1   1   1   1   1   1   1   1   1   1   1   1   1   1
369	(   0   0   1   0   1   1   2 )	   0 inf   1   1   1   1   1   1   1   1   1   1   1   1   1   1
370	(   1   0   0   1   1   1   2 )	   0 inf   1   1   1   1   1   1   1   1   1   1   1   1   1   1
371	(   1   0   1   1   1   0   1 )	   0 inf   1   1   1   1   1   1   1   1   1   1   1   1   1   1
372	(   0   0   1   0   1   1   0 )	   0 inf   1   1   1   1   1   1   1   1   1   1   1   1   1   1
373	(   1   1   0   1   0   1   1 )	   0 inf   1   1   1   1   1   1   1   1   1   1   1   1   1   1
374	(   0   0   0   1   1   1   1 )	   0 inf   1   1   1   1   1   1   1   1   1   1   1   1   1   1
375	(   0   1   0   0   1   1   1 )	   0 inf   1   1   1   1   1   1   1   1   1   1   1   1   1   1
376	(   0   1   1   1   0   1   1 )	   0 inf   1   1   1   1   1   1   1   1   1   1   1   1   1   1
377	(   0   0   1   1   1   1   1 )	 400   0   1   1   1   1   1   1   1   1   1   1   1   1   1   1
378	(   0   1   0   0   1   1   2 )	   0 inf   1   1   1   1   1   1   1   1   1   1   1   1   1   1
379	(   1   1   0   0   1   1   1 )	 400   0   1   1   1   1   1   1   1   1   1   1   1   1   1   1
380	(   0   1   1   0   0   1   1 )	   0 inf   1   1   1   1   1   1   1   1   1   1   1   1   1   1
381	(   1   1   1   0   1   0   1 )	   0 inf   1   1   1   1   1   1   1   1   1   1   1   1   1   1
382	(   1   0   1   0   0   0   0 )	   0 inf   1   1   1   1   1   1   1   1   1   1   1   1   1   1
383	(   0   1   0   1   0   1   2 )	   0 inf   1   1   1   1   1   1   1   1   1   1   1   1   1   1
384	(   0   1   0   1   1   1   2 )	   0 inf   1   1   1   1   1   1   1   1   1   1   1   1   1   1
385	(   1   1   0   1   0   1   2 )	   0 inf   1   1   1   1   1   1   1   1   1   1   1   1   1   1
386	(   0   0   1   1   1   0   2 )	   0 inf   1   1   1   1   1   1   1   1   1   1   1   1   1   1
387	(   1   0   0   1   1   0   0 )	   0 inf   1   1   1   1   1   1   1   1   1   1   1   1   1   1
388	(   0   0   0   1   1   1   0 )	   0 inf   1   1   1   1   1   1   1   1   1   1   1   1   1   1
389	(   1   0   1   0   1   0   1 )	   0 inf   1   1   1   1   1   1   1   1   1   1   1   1   1   1
390	(   0   1   1   0   1   1   0 )	   0 inf   1   1   1   1   1   1   1   1   1   1   1   1   1   1
391	(   0   0   0   1   1   0   0 )	   0 inf   1   1   1   1   1   1   1   1   1   1   1   1   1   1
392	(   1   0   1   1   1   1   1 )	   0 inf   1   1   1   1   1   1   1   1   1   1   1   1   1   1
393	(   0   0   1   1   0   1   1 )	   0 inf   1   1   1   1   1   1   1   1   1   1   1   1   1   1
394	(   1   1   1   1   0   0   1 )	 400   0   1   1   1   1   1   1   1   1   1   1   1   1   1   1
395	(   1   1   1   1   0   1   1 )	   0 inf   1   1   1   1   1   1   1   1   1   1   1   1   1   1
396	(   1   0   1   0   1   0   2 )	   0 inf   1   1   1   1   1   1   1   1   1   1   1   1   1   1
397	(   1   0   0   1   1   1   0 )	   0 inf   1   1   1   1   1   1   1   1   1   1   1   1   1   1
398	(   1   1   0   0   1   1   2 )	 320   0   1   1   1   1   1   1   1   1   1   1   1   1   1   1
399	(   1   0   0   1   1   0   2 )	   0 inf   1   1   1   1   1   1   1   1   1   1   1   1   1   1
400	(   1   0   1   0   1   1   2 )	   0 inf   1   1   1   1   1   1   1   1   1   1   1   1   1   1

BBE ( SOL ) OBJ CONS_H FRAME_SIZE MESH_SIZE
401	(   1   1   0   0   1   0   2 )	   0 inf   1   1   1   1   1   1   1   1   1   1   1   1   1   1
402	(   1   0   1   0   0   1   2 )	   0 inf   1   1   1   1   1   1   1   1   1   1   1   1   1   1
403	(   1   0   0   1   1   1   1 )	   0 inf   1   1   1   1   1   1   1   1   1   1   1   1   1   1
404	(   1   0   1   1   1   1   2 )	   0 inf   1   1   1   1   1   1   1   1   1   1   1   1   1   1
405	(   1   0   1   1   0   1   1 )	   0 inf   1   1   1   1   1   1   1   1   1   1   1   1   1   1
406	(   0   0   1   1   0   1   2 )	   0 inf   1   1   1   1   1   1   1   1   1   1   1   1   1   1
407	(   0   1   1   1   0   0   0 )	   0 inf   1   1   1   1   1   1   1   1   1   1   1   1   1   1
408	(   1   1   1   1   0   0   0 )	 500   0   1   1   1   1   1   1   1   1   1   1   1   1   1   1
409	(   0   1   1   1   1   0   2 )	   0 inf   1   1   1   1   1   1   1   1   1   1   1   1   1   1
410	(   1   0   1   1   1   0   2 )	   0 inf   1   1   1   1   1   1   1   1   1   1   1   1   1   1
411	(   1   0   1   1   1   0   0 )	   0 inf   1   1   1   1   1   1   1   1   1   1   1   1   1   1
412	(   1   0   1   0   1   1   0 )	   0 inf   1   1   1   1   1   1   1   1   1   1   1   1   1   1
413	(   0   1   1   1   1   0   1 )	   0 inf   1   1   1   1   1   1   1   1   1   1   1   1   1   1
414	(   1   0   1   0   1   0   0 )	   0 inf   1   1   1   1   1   1   1   1   1   1   1   1   1   1
415	(   0   0   1   1   1   1   0 )	 500   0   1   1   1   1   1   1   1   1   1   1   1   1   1   1
416	(   1   1   1   0   1   0   2 )	   0 inf   1   1   1   1   1   1   1   1   1   1   1   1   1   1
417	(   1   1   1   0   0   1   1 )	   0 inf   1   1   1   1   1   1   1   1   1   1   1   1   1   1
418	(   1   1   1   1   0   1   2 )	   0 inf   1   1   1   1   1   1   1   1   1   1   1   1   1   1
419	(   1   1   1   1   0   0   2 )	 320   0   1   1   1   1   1   1   1   1   1   1   1   1   1   1
420	(   0   1   1   1   1   1   0 )	   0 inf   1   1   1   1   1   1   1   1   1   1   1   1   1   1
421	(   1   1   1   1   0   1   0 )	   0 inf   1   1   1   1   1   1   1   1   1   1   1   1   1   1
422	(   0   1   0   1   1   1   0 )	   0 inf   1   1   1   1   1   1   1   1   1   1   1   1   1   1
423	(   1   1   0   1   0   1   0 )	   0 inf   1   1   1   1   1   1   1   1   1   1   1   1   1   1
424	(   1   1   0   0   1   1   0 )	 500   0   1   1   1   1   1   1   1   1   1   1   1   1   1   1
425	(   0   1   1   1   1   1   2 )	   0 inf   1   1   1   1   1   1   1   1   1   1   1   1   1   1
426	(   1   1   1   0   1   1   1 )	   0 inf   1   1   1   1   1   1   1   1   1   1   1   1   1   1
427	(   0   1   1   1   0   1   2 )	   0 inf   1   1   1   1   1   1   1   1   1   1   1   1   1   1
428	(   0   1   1   1   1   0   0 )	   0 inf   1   1   1   1   1   1   1   1   1   1   1   1   1   1
429	(   1   1   0   1   1   0   0 )	   0 inf   1   1   1   1   1   1   1   1   1   1   1   1   1   1
430	(   1   1   0   1   1   1   1 )	   0 inf   1   1   1   1   1   1   1   1   1   1   1   1   1   1
431	(   1   1   1   0   1   0   0 )	   0 inf   1   1   1   1   1   1   1   1   1   1   1   1   1   1
432	(   1   1   0   1   1   0   2 )	   0 inf   1   1   1   1   1   1   1   1   1   1   1   1   1   1
433	(   1   1   1   0   0   1   0 )	   0 inf   1   1   1   1   1   1   1   1   1   1   1   1   1   1
434	(   1   1   1   1   1   0   0 )	   0 inf   1   1   1   1   1   1   1   1   1   1   1   1   1   1
435	(   1   1   1   0   1   1   0 )	   0 inf   1   1   1   1   1   1   1   1   1   1   1   1   1   1
436	(   1   0   1   1   0   1   0 )	   0 inf   1   1   1   1   1   1   1   1   1   1   1   1   1   1
437	(   0   1   1   1   1   1   1 )	   0 inf   1   1   1   1   1   1   1   1   1   1   1   1   1   1
438	(   0   0   1   1   1   1   2 )	 320   0   1   1   1   1   1   1   1   1   1   1   1   1   1   1
439	(   1   1   0   1   1   1   2 )	   0 inf   1   1   1   1   1   1   1   1   1   1   1   1   1   1
440	(   1   1   1   0   1   1   2 )	   0 inf   1   1   1   1   1   1   1   1   1   1   1   1   1   1

BBE ( SOL ) OBJ CONS_H FRAME_SIZE MESH_SIZE
441	(   1   0   1   1   1   1   0 )	   0 inf   1   1   1   1   1   1   1   1   1   1   1   1   1   1
442	(   1   1   1   1   1   1   1 )	 600   0   1   1   1   1   1   1   1   1   1   1   1   1   1   1
A termination criterion is reached: Maximum number of total evaluations (Eval Global) 218710

Best feasible solutions:    #439 ( 0 0 0 0 0 0 1 )	Evaluation OK	 f =   0                     	 h =   0                      (L2)
                            #460 ( 0 0 0 0 0 0 2 )	Evaluation OK	 f =   0                     	 h =   0                      (L2)

Best infeasible solution:   Undefined.

Blackbox evaluations:         442
Cache hits:                   218268
Total number of evaluations:  218710
