All variables are granular. MAX_EVAL is set to 218700 to prevent algorithm from circling around best solution indefinitely
BBE ( SOL ) OBJ CONS_H FRAME_SIZE MESH_SIZE
1	(   4   8   4   8   4   8   0 )	4800   0  
2	(   0   9   3   9   3   9   0 )	   0 inf   5   5   5   5   5   5   5   1   1   1   1   1   1   1
3	(   3   7   0   6   5   7   2 )	   0 inf   5   5   5   5   5   5   5   1   1   1   1   1   1   1
4	(   3  10   5   6   5   7   2 )	   0 inf   5   5   5   5   5   5   5   1   1   1   1   1   1   1
5	(   5   3   3  10   3   9   0 )	   0 inf   5   5   5   5   5   5   5   1   1   1   1   1   1   1
6	(   5   9   3  10   9   9   0 )	   0 inf   5   5   5   5   5   5   5   1   1   1   1   1   1   1
7	(   5   9   9  10   3   9   0 )	   0 inf   5   5   5   5   5   5   5   1   1   1   1   1   1   1
8	(   9   7   5   7   5   7   2 )	   0 inf   5   5   5   5   5   5   5   1   1   1   1   1   1   1
9	(   2  10   4   6   0   7   0 )	   0 inf   5   5   5   5   5   5   5   1   1   1   1   1   1   1
10	(   3   8   3  10   4   8   0 )	   0 inf   2   2   2   2   2   2   2   1   1   1   1   1   1   1
11	(   3   8   6   8   4   8   0 )	   0 inf   2   2   2   2   2   2   2   1   1   1   1   1   1   1
12	(   4   8   4   8   4  10   0 )	   0 inf   2   2   2   2   2   2   2   1   1   1   1   1   1   1
13	(   4   8   4   8   6   8   0 )	5000   0   2   2   2   2   2   2   2   1   1   1   1   1   1   1
14	(   4  10   4   8   4   8   0 )	   0 inf   2   2   2   2   2   2   2   1   1   1   1   1   1   1
15	(   5   8   5   6   4   8   1 )	3760   0   2   2   2   2   2   2   2   1   1   1   1   1   1   1
16	(   6   8   5   9   4   8   1 )	4200   0   2   2   2   2   2   2   2   1   1   1   1   1   1   1
17	(   3   8   5   1   5  10   2 )	   0 inf   5   5   5   5   5   5   5   1   1   1   1   1   1   1
18	(   3   8   6   4   1   3   0 )	   0 inf   5   5   5   5   5   5   5   1   1   1   1   1   1   1
19	(   4   8  10   6   4   9   1 )	   0 inf   5   5   5   5   5   5   5   1   1   1   1   1   1   1
20	(   5  10   5   6   4   8   1 )	4000   0   5   5   5   5   5   5   5   1   1   1   1   1   1   1
21	(   7   8   5   5   3   6   2 )	2780   0   5   5   5   5   5   5   5   1   1   1   1   1   1   1
22	(   8   8   6   5   9   5   0 )	   0 inf   5   5   5   5   5   5   5   1   1   1   1   1   1   1
23	(  10   8   6   4   1  10   0 )	   0 inf   5   5   5   5   5   5   5   1   1   1   1   1   1   1
24	(   0   9  10   0   2   3   2 )	   0 inf  10  10  10  10  10  10  10   1   1   1   1   1   1   1
25	(   7   8   5   5   0   6   2 )	   0 inf  10  10  10  10  10  10  10   1   1   1   1   1   1   1
26	(   8  10   5   6   3   6   2 )	3130   0  10  10  10  10  10  10  10   1   1   1   1   1   1   1
27	(   9   8   4   7   3   0   2 )	   0 inf  10  10  10  10  10  10  10   1   1   1   1   1   1   1
28	(  10   7   0   0   4   9   2 )	   0 inf  10  10  10  10  10  10  10   1   1   1   1   1   1   1
29	(  10   7  10   8   3   7   2 )	   0 inf  10  10  10  10  10  10  10   1   1   1   1   1   1   1
30	(  10   9  10   0   2   3   0 )	   0 inf  10  10  10  10  10  10  10   1   1   1   1   1   1   1
31	(   2   6   0  10   7  10   2 )	   0 inf  10  10  10  10  10  10  10   1   1   1   1   1   1   1
32	(   7   8   0   5   4   6   2 )	   0 inf   5   5   5   5   5   5   5   1   1   1   1   1   1   1
33	(   7   8   5   0   1   6   1 )	   0 inf   5   5   5   5   5   5   5   1   1   1   1   1   1   1
34	(   7   8   5   5   2   1   1 )	   0 inf   5   5   5   5   5   5   5   1   1   1   1   1   1   1
35	(   7   8  10   5   2   6   1 )	   0 inf   5   5   5   5   5   5   5   1   1   1   1   1   1   1
36	(   7  10   5   5   3   6   2 )	2970   0   5   5   5   5   5   5   5   1   1   1   1   1   1   1
37	(   9   9   7   3   5   5   2 )	   0 inf   5   5   5   5   5   5   5   1   1   1   1   1   1   1
38	(  10   8   5   5   2   6   1 )	   0 inf   5   5   5   5   5   5   5   1   1   1   1   1   1   1
39	(   2   5   3  10   5  10   2 )	   0 inf   5   5   5   5   5   5   5   1   1   1   1   1   1   1
40	(   7   6   5   3   3   7   2 )	   0 inf   2   2   2   2   2   2   2   1   1   1   1   1   1   1

BBE ( SOL ) OBJ CONS_H FRAME_SIZE MESH_SIZE
41	(   7   8   5   5   1   6   2 )	   0 inf   2   2   2   2   2   2   2   1   1   1   1   1   1   1
42	(   7   8   5   5   3   4   2 )	2590   0   2   2   2   2   2   2   2   1   1   1   1   1   1   1
43	(   7   8   7   5   3   6   2 )	   0 inf   2   2   2   2   2   2   2   1   1   1   1   1   1   1
44	(   7   9   5   3   3   6   1 )	   0 inf   2   2   2   2   2   2   2   1   1   1   1   1   1   1
45	(   7  10   5   4   3   6   2 )	   0 inf   2   2   2   2   2   2   2   1   1   1   1   1   1   1
46	(   9   8   5   5   3   6   2 )	   0 inf   2   2   2   2   2   2   2   1   1   1   1   1   1   1
47	(   2   6   5   7   3   1   2 )	   0 inf   5   5   5   5   5   5   5   1   1   1   1   1   1   1
48	(   3  10   6   1   2   2   0 )	   0 inf   5   5   5   5   5   5   5   1   1   1   1   1   1   1
49	(   7   8   5   5   8   4   2 )	   0 inf   5   5   5   5   5   5   5   1   1   1   1   1   1   1
50	(   7   8  10   5   3   3   2 )	   0 inf   5   5   5   5   5   5   5   1   1   1   1   1   1   1
51	(   9   5   4   8   3   0   0 )	   0 inf   5   5   5   5   5   5   5   1   1   1   1   1   1   1
52	(   9   6   4   0   3   1   2 )	   0 inf   5   5   5   5   5   5   5   1   1   1   1   1   1   1
53	(   9  10   4   7   3   0   2 )	   0 inf   5   5   5   5   5   5   5   1   1   1   1   1   1   1
54	(  10  10   2   7   0  10   2 )	   0 inf   5   5   5   5   5   5   5   1   1   1   1   1   1   1
55	(   5   9   6   6   3   3   2 )	2620   0   2   2   2   2   2   2   2   1   1   1   1   1   1   1
56	(   6   7   4   3   4   2   2 )	   0 inf   2   2   2   2   2   2   2   1   1   1   1   1   1   1
57	(   7   8   3   6   3   3   2 )	2460   0   2   2   2   2   2   2   2   1   1   1   1   1   1   1
58	(   7   8   5   5   3   4   0 )	4050   0   2   2   2   2   2   2   2   1   1   1   1   1   1   1
59	(   7   8   5   6   5   4   2 )	   0 inf   2   2   2   2   2   2   2   1   1   1   1   1   1   1
60	(   8   6   5   6   3   3   2 )	   0 inf   2   2   2   2   2   2   2   1   1   1   1   1   1   1
61	(   9   9   6   5   2   2   2 )	   0 inf   2   2   2   2   2   2   2   1   1   1   1   1   1   1
62	(   5   8   0   7   0   4   1 )	   0 inf   5   5   5   5   5   5   5   1   1   1   1   1   1   1
63	(   6   8   1   9   8   3   2 )	   0 inf   5   5   5   5   5   5   5   1   1   1   1   1   1   1
64	(   7   8   2   7   3   0   2 )	   0 inf   5   5   5   5   5   5   5   1   1   1   1   1   1   1
65	(   7   8   2   7   3   3   2 )	   0 inf   5   5   5   5   5   5   5   1   1   1   1   1   1   1
66	(   7  10   3   6   3   3   2 )	2650   0   5   5   5   5   5   5   5   1   1   1   1   1   1   1
67	(   8   8   1   1   5   2   2 )	   0 inf   5   5   5   5   5   5   5   1   1   1   1   1   1   1
68	(  10   8   2   7   2   3   2 )	   0 inf   5   5   5   5   5   5   5   1   1   1   1   1   1   1
69	(   6   6  10   4   0   6   2 )	   0 inf   5   5   5   5   5   5   5   1   1   1   1   1   1   1
70	(   5   7   1   6   3   3   0 )	   0 inf   2   2   2   2   2   2   2   1   1   1   1   1   1   1
71	(   6   8   2   6   4   3   2 )	   0 inf   2   2   2   2   2   2   2   1   1   1   1   1   1   1
72	(   7   8   3   6   3   1   2 )	   0 inf   2   2   2   2   2   2   2   1   1   1   1   1   1   1
73	(   7   8   3   8   3   3   2 )	   0 inf   2   2   2   2   2   2   2   1   1   1   1   1   1   1
74	(   7  10   3   6   4   3   2 )	   0 inf   2   2   2   2   2   2   2   1   1   1   1   1   1   1
75	(   8   8   1   6   1   3   2 )	   0 inf   2   2   2   2   2   2   2   1   1   1   1   1   1   1
76	(   9   8   2   6   4   3   1 )	   0 inf   2   2   2   2   2   2   2   1   1   1   1   1   1   1
77	(   7   7   9   4   2   5   2 )	   0 inf   2   2   2   2   2   2   2   1   1   1   1   1   1   1
78	(   6   7   3   6   3   2   1 )	   0 inf   1   1   1   1   1   1   1   1   1   1   1   1   1   1
79	(   7   8   2   6   3   3   2 )	   0 inf   1   1   1   1   1   1   1   1   1   1   1   1   1   1
80	(   7   8   3   6   4   3   2 )	   0 inf   1   1   1   1   1   1   1   1   1   1   1   1   1   1

BBE ( SOL ) OBJ CONS_H FRAME_SIZE MESH_SIZE
81	(   7   8   3   7   3   3   2 )	   0 inf   1   1   1   1   1   1   1   1   1   1   1   1   1   1
82	(   7   9   3   6   3   2   2 )	   0 inf   1   1   1   1   1   1   1   1   1   1   1   1   1   1
83	(   8   7   3   6   3   2   2 )	   0 inf   1   1   1   1   1   1   1   1   1   1   1   1   1   1
84	(   8   7   3   6   3   3   1 )	   0 inf   1   1   1   1   1   1   1   1   1   1   1   1   1   1
85	(   6  10   4   5   2   6   2 )	   0 inf   1   1   1   1   1   1   1   1   1   1   1   1   1   1
86	(   7   8   2   6   2   4   2 )	   0 inf   1   1   1   1   1   1   1   1   1   1   1   1   1   1
87	(   7   8   3   5   3   3   2 )	2365   0   1   1   1   1   1   1   1   1   1   1   1   1   1   1
88	(   7   8   3   6   2   2   1 )	2880   0   1   1   1   1   1   1   1   1   1   1   1   1   1   1
89	(   7   8   3   6   2   2   2 )	2300   0   1   1   1   1   1   1   1   1   1   1   1   1   1   1
90	(   7   8   4   6   3   3   2 )	2525   0   1   1   1   1   1   1   1   1   1   1   1   1   1   1
91	(   7   9   3   6   3   3   2 )	2555   0   1   1   1   1   1   1   1   1   1   1   1   1   1   1
92	(   8   8   3   6   3   3   2 )	2525   0   1   1   1   1   1   1   1   1   1   1   1   1   1   1
93	(   5   8   3   6   2   1   2 )	   0 inf   2   2   2   2   2   2   2   1   1   1   1   1   1   1
94	(   7   8   2   4   2   1   2 )	   0 inf   2   2   2   2   2   2   2   1   1   1   1   1   1   1
95	(   7   8   3   6   0   2   2 )	   0 inf   2   2   2   2   2   2   2   1   1   1   1   1   1   1
96	(   7   8   3   6   2   2   0 )	3600   0   2   2   2   2   2   2   2   1   1   1   1   1   1   1
97	(   7  10   3   6   2   1   2 )	   0 inf   2   2   2   2   2   2   2   1   1   1   1   1   1   1
98	(   8   7   1   7   2   1   2 )	   0 inf   2   2   2   2   2   2   2   1   1   1   1   1   1   1
99	(   8   8   5   7   2   0   2 )	   0 inf   2   2   2   2   2   2   2   1   1   1   1   1   1   1
100	(   7   7   4   6   4   8   2 )	2970   0   2   2   2   2   2   2   2   1   1   1   1   1   1   1
101	(   6   7   3   7   1   2   2 )	   0 inf   1   1   1   1   1   1   1   1   1   1   1   1   1   1
102	(   6   8   3   5   1   2   2 )	2075   0   1   1   1   1   1   1   1   1   1   1   1   1   1   1
103	(   7   8   3   6   2   1   2 )	   0 inf   1   1   1   1   1   1   1   1   1   1   1   1   1   1
104	(   7   8   4   6   2   2   2 )	2365   0   1   1   1   1   1   1   1   1   1   1   1   1   1   1
105	(   7   9   3   6   2   2   2 )	2395   0   1   1   1   1   1   1   1   1   1   1   1   1   1   1
106	(   8   9   3   5   3   2   1 )	   0 inf   1   1   1   1   1   1   1   1   1   1   1   1   1   1
107	(   8   9   3   7   1   2   1 )	   0 inf   1   1   1   1   1   1   1   1   1   1   1   1   1   1
108	(   4   8   1   6   2   2   1 )	   0 inf   2   2   2   2   2   2   2   1   1   1   1   1   1   1
109	(   4   9   4   5   1   2   2 )	   0 inf   2   2   2   2   2   2   2   1   1   1   1   1   1   1
110	(   5   6   5   5   2   2   1 )	2520   0   2   2   2   2   2   2   2   1   1   1   1   1   1   1
111	(   6   7   3   3   1   2   2 )	1790   0   2   2   2   2   2   2   2   1   1   1   1   1   1   1
112	(   6   7   3   5   0   2   2 )	   0 inf   2   2   2   2   2   2   2   1   1   1   1   1   1   1
113	(   6   8   3   5   1   4   2 )	   0 inf   2   2   2   2   2   2   2   1   1   1   1   1   1   1
114	(   8   8   5   4   0   2   2 )	   0 inf   2   2   2   2   2   2   2   1   1   1   1   1   1   1
115	(   3  10   8   1   2   0   2 )	   0 inf   5   5   5   5   5   5   5   1   1   1   1   1   1   1
116	(   4   2   7   1   2   7   2 )	   0 inf   5   5   5   5   5   5   5   1   1   1   1   1   1   1
117	(   4   3   0   2   2   0   2 )	   0 inf   5   5   5   5   5   5   5   1   1   1   1   1   1   1
118	(   4   4   6   2   1   0   0 )	   0 inf   5   5   5   5   5   5   5   1   1   1   1   1   1   1
119	(   6   8   2   0   1   3   1 )	   0 inf   5   5   5   5   5   5   5   1   1   1   1   1   1   1
120	(   9   3   0   5   0   7   0 )	   0 inf   5   5   5   5   5   5   5   1   1   1   1   1   1   1

BBE ( SOL ) OBJ CONS_H FRAME_SIZE MESH_SIZE
121	(  10   5   4   3   1   1   2 )	   0 inf   5   5   5   5   5   5   5   1   1   1   1   1   1   1
122	(   8  10   0  10   0   0   2 )	   0 inf   5   5   5   5   5   5   5   1   1   1   1   1   1   1
123	(   4   7   3   3   2   0   2 )	   0 inf   2   2   2   2   2   2   2   1   1   1   1   1   1   1
124	(   5   7   3   1   2   1   0 )	   0 inf   2   2   2   2   2   2   2   1   1   1   1   1   1   1
125	(   5   7   3   2   1   4   2 )	   0 inf   2   2   2   2   2   2   2   1   1   1   1   1   1   1
126	(   6   5   3   3   1   2   2 )	   0 inf   2   2   2   2   2   2   2   1   1   1   1   1   1   1
127	(   6   7   3   2   0   2   2 )	   0 inf   2   2   2   2   2   2   2   1   1   1   1   1   1   1
128	(   6   7   5   3   1   2   2 )	   0 inf   2   2   2   2   2   2   2   1   1   1   1   1   1   1
129	(   8   7   3   1   2   1   2 )	   0 inf   2   2   2   2   2   2   2   1   1   1   1   1   1   1
130	(   8   9   1   9   0   4   2 )	   0 inf   2   2   2   2   2   2   2   1   1   1   1   1   1   1
131	(   5   7   3   2   1   3   2 )	   0 inf   1   1   1   1   1   1   1   1   1   1   1   1   1   1
132	(   5   8   3   2   1   1   2 )	   0 inf   1   1   1   1   1   1   1   1   1   1   1   1   1   1
133	(   6   7   3   3   1   2   1 )	2240   0   1   1   1   1   1   1   1   1   1   1   1   1   1   1
134	(   6   7   3   3   2   2   2 )	1855   0   1   1   1   1   1   1   1   1   1   1   1   1   1   1
135	(   6   7   4   3   1   2   2 )	   0 inf   1   1   1   1   1   1   1   1   1   1   1   1   1   1
136	(   7   6   3   2   1   2   2 )	   0 inf   1   1   1   1   1   1   1   1   1   1   1   1   1   1
137	(   7   8   3   2   1   3   2 )	   0 inf   1   1   1   1   1   1   1   1   1   1   1   1   1   1
138	(   6   6   2   7   0   1   2 )	   0 inf   1   1   1   1   1   1   1   1   1   1   1   1   1   1
139	(   5   7   3   3   1   2   1 )	2160   0   1   1   1   1   1   1   1   1   1   1   1   1   1   1
140	(   6   6   3   3   1   2   2 )	1695   0   1   1   1   1   1   1   1   1   1   1   1   1   1   1
141	(   6   7   2   3   1   2   2 )	1725   0   1   1   1   1   1   1   1   1   1   1   1   1   1   1
142	(   6   7   3   2   1   2   2 )	   0 inf   1   1   1   1   1   1   1   1   1   1   1   1   1   1
143	(   6   7   3   3   0   2   2 )	   0 inf   1   1   1   1   1   1   1   1   1   1   1   1   1   1
144	(   7   6   4   2   2   3   1 )	   0 inf   1   1   1   1   1   1   1   1   1   1   1   1   1   1
145	(   7   7   3   3   1   2   2 )	1855   0   1   1   1   1   1   1   1   1   1   1   1   1   1   1
146	(   5   4   4   3   2   2   0 )	   0 inf   2   2   2   2   2   2   2   1   1   1   1   1   1   1
147	(   5   5   1   3   2   2   2 )	   0 inf   2   2   2   2   2   2   2   1   1   1   1   1   1   1
148	(   5   5   4   3   0   2   2 )	   0 inf   2   2   2   2   2   2   2   1   1   1   1   1   1   1
149	(   6   6   3   3   1   4   2 )	   0 inf   2   2   2   2   2   2   2   1   1   1   1   1   1   1
150	(   6   6   3   5   1   2   2 )	1885   0   2   2   2   2   2   2   2   1   1   1   1   1   1   1
151	(   7   5   2   4   0   2   0 )	   0 inf   2   2   2   2   2   2   2   1   1   1   1   1   1   1
152	(   8   5   4   3   2   2   2 )	   0 inf   2   2   2   2   2   2   2   1   1   1   1   1   1   1
153	(   6  10   3   0   0   0   2 )	   0 inf   2   2   2   2   2   2   2   1   1   1   1   1   1   1
154	(   5   6   3   3   2   1   2 )	   0 inf   1   1   1   1   1   1   1   1   1   1   1   1   1   1
155	(   6   5   3   3   0   2   2 )	   0 inf   1   1   1   1   1   1   1   1   1   1   1   1   1   1
156	(   6   5   3   3   1   2   1 )	   0 inf   1   1   1   1   1   1   1   1   1   1   1   1   1   1
157	(   6   5   3   3   1   3   2 )	   0 inf   1   1   1   1   1   1   1   1   1   1   1   1   1   1
158	(   6   6   3   4   1   2   2 )	1790   0   1   1   1   1   1   1   1   1   1   1   1   1   1   1
159	(   6   6   4   3   1   2   2 )	   0 inf   1   1   1   1   1   1   1   1   1   1   1   1   1   1
160	(   7   5   3   3   1   2   2 )	   0 inf   1   1   1   1   1   1   1   1   1   1   1   1   1   1

BBE ( SOL ) OBJ CONS_H FRAME_SIZE MESH_SIZE
161	(   6  10   2   2   1   2   2 )	1915   0   1   1   1   1   1   1   1   1   1   1   1   1   1   1
162	(   6   6   3   3   1   2   1 )	2120   0   1   1   1   1   1   1   1   1   1   1   1   1   1   1
163	(   6   6   3   3   2   2   2 )	1760   0   1   1   1   1   1   1   1   1   1   1   1   1   1   1
164	(   7   6   2   4   1   1   2 )	   0 inf   1   1   1   1   1   1   1   1   1   1   1   1   1   1
165	(   7   6   3   2   1   3   2 )	   0 inf   1   1   1   1   1   1   1   1   1   1   1   1   1   1
166	(   7   6   4   2   1   1   2 )	   0 inf   1   1   1   1   1   1   1   1   1   1   1   1   1   1
167	(   7   6   4   4   1   3   2 )	   0 inf   1   1   1   1   1   1   1   1   1   1   1   1   1   1
168	(   6   5   3   4   1   2   2 )	   0 inf   1   1   1   1   1   1   1   1   1   1   1   1   1   1
169	(   6   6   2   3   1   2   2 )	1630   0   1   1   1   1   1   1   1   1   1   1   1   1   1   1
170	(   6   6   3   3   0   2   2 )	   0 inf   1   1   1   1   1   1   1   1   1   1   1   1   1   1
171	(   6   6   3   3   1   3   2 )	   0 inf   1   1   1   1   1   1   1   1   1   1   1   1   1   1
172	(   7   5   2   3   1   2   1 )	   0 inf   1   1   1   1   1   1   1   1   1   1   1   1   1   1
173	(   7   5   3   2   1   2   2 )	   0 inf   1   1   1   1   1   1   1   1   1   1   1   1   1   1
174	(   7   6   3   4   1   2   2 )	   0 inf   1   1   1   1   1   1   1   1   1   1   1   1   1   1
175	(   4   6   1   3   0   1   2 )	   0 inf   2   2   2   2   2   2   2   1   1   1   1   1   1   1
176	(   5   6   1   3   2   4   2 )	   0 inf   2   2   2   2   2   2   2   1   1   1   1   1   1   1
177	(   6   6   2   5   1   2   2 )	   0 inf   2   2   2   2   2   2   2   1   1   1   1   1   1   1
178	(   6   8   2   3   1   2   2 )	1820   0   2   2   2   2   2   2   2   1   1   1   1   1   1   1
179	(   7   6   0   4   3   1   2 )	   0 inf   2   2   2   2   2   2   2   1   1   1   1   1   1   1
180	(   7   6   2   3   1   2   2 )	   0 inf   2   2   2   2   2   2   2   1   1   1   1   1   1   1
181	(   8   6   0   3   0   3   1 )	   0 inf   2   2   2   2   2   2   2   1   1   1   1   1   1   1
182	(   5   4   8   0   0   1   2 )	   0 inf   2   2   2   2   2   2   2   1   1   1   1   1   1   1
183	(   5   6   2   3   1   2   2 )	1565   0   1   1   1   1   1   1   1   1   1   1   1   1   1   1
184	(   5   7   1   4   0   1   2 )	   0 inf   1   1   1   1   1   1   1   1   1   1   1   1   1   1
185	(   6   6   1   3   0   2   2 )	   0 inf   1   1   1   1   1   1   1   1   1   1   1   1   1   1
186	(   6   6   2   3   1   2   1 )	2040   0   1   1   1   1   1   1   1   1   1   1   1   1   1   1
187	(   6   6   2   3   2   3   2 )	1790   0   1   1   1   1   1   1   1   1   1   1   1   1   1   1
188	(   6   6   2   4   0   2   2 )	   0 inf   1   1   1   1   1   1   1   1   1   1   1   1   1   1
189	(   6   7   2   3   0   2   2 )	   0 inf   1   1   1   1   1   1   1   1   1   1   1   1   1   1
190	(   3   6   2   3   1   2   2 )	1435   0   2   2   2   2   2   2   2   1   1   1   1   1   1   1
191	(   5   5   2   1   2   4   1 )	   0 inf   2   2   2   2   2   2   2   1   1   1   1   1   1   1
192	(   5   6   2   2   3   1   2 )	   0 inf   2   2   2   2   2   2   2   1   1   1   1   1   1   1
193	(   5   6   2   4   0   3   2 )	   0 inf   2   2   2   2   2   2   2   1   1   1   1   1   1   1
194	(   5   6   4   3   1   2   2 )	   0 inf   2   2   2   2   2   2   2   1   1   1   1   1   1   1
195	(   5   7   2   5   0   0   2 )	   0 inf   2   2   2   2   2   2   2   1   1   1   1   1   1   1
196	(   5   8   2   3   1   3   2 )	   0 inf   2   2   2   2   2   2   2   1   1   1   1   1   1   1
197	(   0   1   4   3   2   3   1 )	   0 inf   5   5   5   5   5   5   5   1   1   1   1   1   1   1
198	(   0   8   0   3   2   3   1 )	   0 inf   5   5   5   5   5   5   5   1   1   1   1   1   1   1
199	(   1   7   3   3   0   3   2 )	   0 inf   5   5   5   5   5   5   5   1   1   1   1   1   1   1
200	(   1   7   3   3   2   0   2 )	   0 inf   5   5   5   5   5   5   5   1   1   1   1   1   1   1

BBE ( SOL ) OBJ CONS_H FRAME_SIZE MESH_SIZE
201	(   1  10   7   2   4   5   0 )	   0 inf   5   5   5   5   5   5   5   1   1   1   1   1   1   1
202	(   2   6   2   8   1   2   2 )	   0 inf   5   5   5   5   5   5   5   1   1   1   1   1   1   1
203	(   2   7   3   3   1   2   2 )	   0 inf   5   5   5   5   5   5   5   1   1   1   1   1   1   1
204	(  10   2   0   0   0   0   2 )	   0 inf   5   5   5   5   5   5   5   1   1   1   1   1   1   1
205	(   1   7   1   3   0   2   1 )	   0 inf   2   2   2   2   2   2   2   1   1   1   1   1   1   1
206	(   2   5   2   3   1   2   2 )	   0 inf   2   2   2   2   2   2   2   1   1   1   1   1   1   1
207	(   2   5   2   3   3   2   2 )	   0 inf   2   2   2   2   2   2   2   1   1   1   1   1   1   1
208	(   2   5   4   3   0   2   1 )	   0 inf   2   2   2   2   2   2   2   1   1   1   1   1   1   1
209	(   2   8   3   2   2   2   2 )	   0 inf   2   2   2   2   2   2   2   1   1   1   1   1   1   1
210	(   3   6   2   3   1   4   2 )	   0 inf   2   2   2   2   2   2   2   1   1   1   1   1   1   1
211	(   3   6   2   5   1   2   2 )	   0 inf   2   2   2   2   2   2   2   1   1   1   1   1   1   1
212	(   9   6   0   2   0   0   2 )	   0 inf   2   2   2   2   2   2   2   1   1   1   1   1   1   1
213	(   2   6   1   3   1   2   2 )	   0 inf   1   1   1   1   1   1   1   1   1   1   1   1   1   1
214	(   2   7   2   2   2   2   2 )	   0 inf   1   1   1   1   1   1   1   1   1   1   1   1   1   1
215	(   3   6   1   3   2   2   2 )	   0 inf   1   1   1   1   1   1   1   1   1   1   1   1   1   1
216	(   3   6   2   3   1   2   1 )	1800   0   1   1   1   1   1   1   1   1   1   1   1   1   1   1
217	(   3   6   2   3   1   3   2 )	   0 inf   1   1   1   1   1   1   1   1   1   1   1   1   1   1
218	(   3   6   3   4   1   2   2 )	1595   0   1   1   1   1   1   1   1   1   1   1   1   1   1   1
219	(   3   7   1   3   1   2   2 )	   0 inf   1   1   1   1   1   1   1   1   1   1   1   1   1   1
220	(   5   4   4   3   0   1   2 )	   0 inf   1   1   1   1   1   1   1   1   1   1   1   1   1   1
221	(   2   6   2   3   1   2   2 )	   0 inf   1   1   1   1   1   1   1   1   1   1   1   1   1   1
222	(   3   6   2   3   2   2   2 )	1500   0   1   1   1   1   1   1   1   1   1   1   1   1   1   1
223	(   3   6   3   2   1   2   2 )	   0 inf   1   1   1   1   1   1   1   1   1   1   1   1   1   1
224	(   3   6   3   4   1   1   2 )	1500   0   1   1   1   1   1   1   1   1   1   1   1   1   1   1
225	(   3   6   3   4   1   3   2 )	   0 inf   1   1   1   1   1   1   1   1   1   1   1   1   1   1
226	(   3   7   2   3   1   2   2 )	   0 inf   1   1   1   1   1   1   1   1   1   1   1   1   1   1
227	(   2   5   2   4   1   2   2 )	   0 inf   1   1   1   1   1   1   1   1   1   1   1   1   1   1
228	(   2   7   2   3   1   1   2 )	   0 inf   1   1   1   1   1   1   1   1   1   1   1   1   1   1
229	(   2   7   2   4   1   3   2 )	   0 inf   1   1   1   1   1   1   1   1   1   1   1   1   1   1
230	(   3   6   2   3   0   2   2 )	   0 inf   1   1   1   1   1   1   1   1   1   1   1   1   1   1
231	(   3   6   3   3   1   2   2 )	1500   0   1   1   1   1   1   1   1   1   1   1   1   1   1   1
232	(   3   7   2   4   1   1   2 )	   0 inf   1   1   1   1   1   1   1   1   1   1   1   1   1   1
233	(   4   7   2   2   1   2   1 )	1880   0   1   1   1   1   1   1   1   1   1   1   1   1   1   1
234	(   5   3   1   1   2   3   2 )	   0 inf   1   1   1   1   1   1   1   1   1   1   1   1   1   1
235	(   2   6   2   3   1   3   2 )	   0 inf   1   1   1   1   1   1   1   1   1   1   1   1   1   1
236	(   3   5   2   3   1   2   2 )	1340   0   1   1   1   1   1   1   1   1   1   1   1   1   1   1
237	(   3   6   1   3   1   2   2 )	   0 inf   1   1   1   1   1   1   1   1   1   1   1   1   1   1
238	(   3   6   2   3   1   1   2 )	1340   0   1   1   1   1   1   1   1   1   1   1   1   1   1   1
239	(   3   6   2   4   1   2   2 )	1530   0   1   1   1   1   1   1   1   1   1   1   1   1   1   1
240	(   4   6   2   3   1   2   1 )	1880   0   1   1   1   1   1   1   1   1   1   1   1   1   1   1

BBE ( SOL ) OBJ CONS_H FRAME_SIZE MESH_SIZE
241	(   1   3   0   2   1   1   1 )	   0 inf   2   2   2   2   2   2   2   1   1   1   1   1   1   1
242	(   1   4   4   4   0   3   2 )	   0 inf   2   2   2   2   2   2   2   1   1   1   1   1   1   1
243	(   3   5   2   3   1   4   2 )	   0 inf   2   2   2   2   2   2   2   1   1   1   1   1   1   1
244	(   3   5   2   3   3   2   2 )	   0 inf   2   2   2   2   2   2   2   1   1   1   1   1   1   1
245	(   4   4   1   3   1   2   2 )	   0 inf   2   2   2   2   2   2   2   1   1   1   1   1   1   1
246	(   4   4   1   5   1   2   2 )	   0 inf   2   2   2   2   2   2   2   1   1   1   1   1   1   1
247	(   5   3   4   2   1   1   1 )	   0 inf   2   2   2   2   2   2   2   1   1   1   1   1   1   1
248	(   3  10   2   2   0   1   2 )	   0 inf   2   2   2   2   2   2   2   1   1   1   1   1   1   1
249	(   3   4   2   3   1   2   2 )	1245   0   1   1   1   1   1   1   1   1   1   1   1   1   1   1
250	(   3   5   2   3   1   3   1 )	   0 inf   1   1   1   1   1   1   1   1   1   1   1   1   1   1
251	(   3   5   2   3   2   2   2 )	1405   0   1   1   1   1   1   1   1   1   1   1   1   1   1   1
252	(   3   5   2   4   1   2   2 )	1435   0   1   1   1   1   1   1   1   1   1   1   1   1   1   1
253	(   3   5   3   3   1   2   2 )	1405   0   1   1   1   1   1   1   1   1   1   1   1   1   1   1
254	(   4   4   2   2   1   2   2 )	1215   0   1   1   1   1   1   1   1   1   1   1   1   1   1   1
255	(   4   5   2   3   1   1   2 )	1310   0   1   1   1   1   1   1   1   1   1   1   1   1   1   1
256	(   4   2   3   2   1   2   2 )	   0 inf   2   2   2   2   2   2   2   1   1   1   1   1   1   1
257	(   4   3   0   3   3   1   2 )	   0 inf   2   2   2   2   2   2   2   1   1   1   1   1   1   1
258	(   4   3   1   0   0   1   2 )	   0 inf   2   2   2   2   2   2   2   1   1   1   1   1   1   1
259	(   4   4   3   1   2   0   2 )	   0 inf   2   2   2   2   2   2   2   1   1   1   1   1   1   1
260	(   4   5   1   0   3   3   1 )	   0 inf   2   2   2   2   2   2   2   1   1   1   1   1   1   1
261	(   4   5   4   1   0   3   1 )	   0 inf   2   2   2   2   2   2   2   1   1   1   1   1   1   1
262	(   6   4   2   2   1   2   2 )	   0 inf   2   2   2   2   2   2   2   1   1   1   1   1   1   1
263	(   2   6   2   7   0   4   2 )	   0 inf   2   2   2   2   2   2   2   1   1   1   1   1   1   1
264	(   4   3   2   2   1   2   2 )	   0 inf   1   1   1   1   1   1   1   1   1   1   1   1   1   1
265	(   4   4   2   1   1   2   2 )	   0 inf   1   1   1   1   1   1   1   1   1   1   1   1   1   1
266	(   4   4   2   2   1   1   2 )	1120   0   1   1   1   1   1   1   1   1   1   1   1   1   1   1
267	(   4   4   2   2   1   3   1 )	   0 inf   1   1   1   1   1   1   1   1   1   1   1   1   1   1
268	(   4   4   2   2   2   2   2 )	1280   0   1   1   1   1   1   1   1   1   1   1   1   1   1   1
269	(   4   4   3   2   1   2   2 )	   0 inf   1   1   1   1   1   1   1   1   1   1   1   1   1   1
270	(   5   4   2   2   1   2   2 )	   0 inf   1   1   1   1   1   1   1   1   1   1   1   1   1   1
271	(   4   3   0   3   1   0   1 )	   0 inf   2   2   2   2   2   2   2   1   1   1   1   1   1   1
272	(   4   3   3   0   1   0   1 )	   0 inf   2   2   2   2   2   2   2   1   1   1   1   1   1   1
273	(   4   4   2   2   1   1   0 )	1750   0   2   2   2   2   2   2   2   1   1   1   1   1   1   1
274	(   4   4   2   2   3   1   2 )	   0 inf   2   2   2   2   2   2   2   1   1   1   1   1   1   1
275	(   4   5   3   4   1   0   2 )	   0 inf   2   2   2   2   2   2   2   1   1   1   1   1   1   1
276	(   4   6   1   1   1   1   2 )	1150   0   2   2   2   2   2   2   2   1   1   1   1   1   1   1
277	(   6   4   2   2   1   1   2 )	   0 inf   2   2   2   2   2   2   2   1   1   1   1   1   1   1
278	(   2   3   3   2   0   4   2 )	   0 inf   2   2   2   2   2   2   2   1   1   1   1   1   1   1
279	(   3   4   1   2   1   1   1 )	1240   0   1   1   1   1   1   1   1   1   1   1   1   1   1   1
280	(   4   4   2   2   1   0   2 )	   0 inf   1   1   1   1   1   1   1   1   1   1   1   1   1   1

BBE ( SOL ) OBJ CONS_H FRAME_SIZE MESH_SIZE
281	(   4   4   2   2   2   1   2 )	   0 inf   1   1   1   1   1   1   1   1   1   1   1   1   1   1
282	(   4   4   2   3   1   1   2 )	1215   0   1   1   1   1   1   1   1   1   1   1   1   1   1   1
283	(   4   5   2   2   1   1   2 )	1215   0   1   1   1   1   1   1   1   1   1   1   1   1   1   1
284	(   5   4   1   3   1   1   2 )	   0 inf   1   1   1   1   1   1   1   1   1   1   1   1   1   1
285	(   5   4   3   2   1   1   2 )	   0 inf   1   1   1   1   1   1   1   1   1   1   1   1   1   1
286	(   3   3   3   0   0   2   2 )	   0 inf   1   1   1   1   1   1   1   1   1   1   1   1   1   1
287	(   4   3   2   2   1   1   2 )	   0 inf   1   1   1   1   1   1   1   1   1   1   1   1   1   1
288	(   4   4   2   1   1   1   2 )	   0 inf   1   1   1   1   1   1   1   1   1   1   1   1   1   1
289	(   4   4   2   2   1   1   1 )	1400   0   1   1   1   1   1   1   1   1   1   1   1   1   1   1
290	(   5   3   2   2   0   0   2 )	   0 inf   1   1   1   1   1   1   1   1   1   1   1   1   1   1
291	(   5   4   1   2   2   1   2 )	   0 inf   1   1   1   1   1   1   1   1   1   1   1   1   1   1
292	(   5   4   3   2   2   1   2 )	   0 inf   1   1   1   1   1   1   1   1   1   1   1   1   1   1
293	(   4   4   2   2   2   0   2 )	   0 inf   1   1   1   1   1   1   1   1   1   1   1   1   1   1
294	(   4   4   3   2   0   1   2 )	   0 inf   1   1   1   1   1   1   1   1   1   1   1   1   1   1
295	(   4   4   3   2   1   1   2 )	   0 inf   1   1   1   1   1   1   1   1   1   1   1   1   1   1
296	(   5   4   2   2   1   1   2 )	   0 inf   1   1   1   1   1   1   1   1   1   1   1   1   1   1
297	(   3   4   2   2   1   1   2 )	1055   0   1   1   1   1   1   1   1   1   1   1   1   1   1   1
298	(   4   3   2   2   1   2   1 )	   0 inf   1   1   1   1   1   1   1   1   1   1   1   1   1   1
299	(   4   4   1   2   1   1   1 )	1320   0   1   1   1   1   1   1   1   1   1   1   1   1   1   1
300	(   4   4   2   2   0   1   2 )	   0 inf   1   1   1   1   1   1   1   1   1   1   1   1   1   1
301	(   4   5   2   2   1   0   2 )	   0 inf   1   1   1   1   1   1   1   1   1   1   1   1   1   1
302	(   4   5   3   2   1   1   2 )	   0 inf   1   1   1   1   1   1   1   1   1   1   1   1   1   1
303	(   1   4   2   2   1   1   2 )	   0 inf   2   2   2   2   2   2   2   1   1   1   1   1   1   1
304	(   3   2   3   2   2   0   2 )	   0 inf   2   2   2   2   2   2   2   1   1   1   1   1   1   1
305	(   3   3   0   2   2   3   0 )	   0 inf   2   2   2   2   2   2   2   1   1   1   1   1   1   1
306	(   3   3   4   2   0   2   1 )	   0 inf   2   2   2   2   2   2   2   1   1   1   1   1   1   1
307	(   3   4   2   4   1   1   2 )	1245   0   2   2   2   2   2   2   2   1   1   1   1   1   1   1
308	(   3   5   0   2   3   0   2 )	   0 inf   2   2   2   2   2   2   2   1   1   1   1   1   1   1
309	(   3   6   1   2   0   2   1 )	   0 inf   2   2   2   2   2   2   2   1   1   1   1   1   1   1
310	(   5   5   4   0   0   0   2 )	   0 inf   2   2   2   2   2   2   2   1   1   1   1   1   1   1
311	(   2   4   2   2   1   1   2 )	 990   0   1   1   1   1   1   1   1   1   1   1   1   1   1   1
312	(   3   3   2   2   1   1   2 )	 960   0   1   1   1   1   1   1   1   1   1   1   1   1   1   1
313	(   3   4   2   2   1   1   1 )	1320   0   1   1   1   1   1   1   1   1   1   1   1   1   1   1
314	(   3   4   2   2   1   2   2 )	1150   0   1   1   1   1   1   1   1   1   1   1   1   1   1   1
315	(   3   4   2   2   2   1   2 )	   0 inf   1   1   1   1   1   1   1   1   1   1   1   1   1   1
316	(   3   4   2   3   1   1   2 )	1150   0   1   1   1   1   1   1   1   1   1   1   1   1   1   1
317	(   3   4   3   2   1   1   2 )	   0 inf   1   1   1   1   1   1   1   1   1   1   1   1   1   1
318	(   2   3   2   2   0   1   2 )	   0 inf   2   2   2   2   2   2   2   1   1   1   1   1   1   1
319	(   2   3   4   2   1   1   2 )	   0 inf   2   2   2   2   2   2   2   1   1   1   1   1   1   1
320	(   3   1   2   2   1   1   2 )	   0 inf   2   2   2   2   2   2   2   1   1   1   1   1   1   1

BBE ( SOL ) OBJ CONS_H FRAME_SIZE MESH_SIZE
321	(   3   3   1   2   2   0   2 )	   0 inf   2   2   2   2   2   2   2   1   1   1   1   1   1   1
322	(   3   3   2   4   1   1   2 )	1150   0   2   2   2   2   2   2   2   1   1   1   1   1   1   1
323	(   3   3   3   2   0   2   0 )	   0 inf   2   2   2   2   2   2   2   1   1   1   1   1   1   1
324	(   4   3   2   2   3   1   1 )	   0 inf   2   2   2   2   2   2   2   1   1   1   1   1   1   1
325	(   4   5   0   0   0   1   2 )	   0 inf   2   2   2   2   2   2   2   1   1   1   1   1   1   1
326	(   2   2   3   2   0   2   2 )	   0 inf   1   1   1   1   1   1   1   1   1   1   1   1   1   1
327	(   3   3   2   2   1   1   1 )	1200   0   1   1   1   1   1   1   1   1   1   1   1   1   1   1
328	(   3   3   2   2   2   1   2 )	   0 inf   1   1   1   1   1   1   1   1   1   1   1   1   1   1
329	(   3   3   2   3   1   1   2 )	1055   0   1   1   1   1   1   1   1   1   1   1   1   1   1   1
330	(   3   3   3   2   1   2   2 )	   0 inf   1   1   1   1   1   1   1   1   1   1   1   1   1   1
331	(   4   2   1   2   0   2   2 )	   0 inf   1   1   1   1   1   1   1   1   1   1   1   1   1   1
332	(   4   2   3   2   1   1   2 )	   0 inf   1   1   1   1   1   1   1   1   1   1   1   1   1   1
333	(   2   6   0   1   2   0   2 )	   0 inf   1   1   1   1   1   1   1   1   1   1   1   1   1   1
334	(   2   3   2   2   1   1   2 )	 895   0   1   1   1   1   1   1   1   1   1   1   1   1   1   1
335	(   3   2   2   2   1   1   2 )	   0 inf   1   1   1   1   1   1   1   1   1   1   1   1   1   1
336	(   3   3   1   1   1   0   2 )	   0 inf   1   1   1   1   1   1   1   1   1   1   1   1   1   1
337	(   3   3   2   2   0   1   2 )	   0 inf   1   1   1   1   1   1   1   1   1   1   1   1   1   1
338	(   3   3   2   3   1   0   2 )	   0 inf   1   1   1   1   1   1   1   1   1   1   1   1   1   1
339	(   3   3   3   2   1   0   2 )	   0 inf   1   1   1   1   1   1   1   1   1   1   1   1   1   1
340	(   0   3   2   2   0   2   2 )	   0 inf   2   2   2   2   2   2   2   1   1   1   1   1   1   1
341	(   1   4   3   1   0   0   2 )	   0 inf   2   2   2   2   2   2   2   1   1   1   1   1   1   1
342	(   1   4   3   1   3   2   2 )	   0 inf   2   2   2   2   2   2   2   1   1   1   1   1   1   1
343	(   2   2   4   2   0   2   2 )	   0 inf   2   2   2   2   2   2   2   1   1   1   1   1   1   1
344	(   2   3   2   2   1   1   0 )	1400   0   2   2   2   2   2   2   2   1   1   1   1   1   1   1
345	(   2   3   2   4   2   0   2 )	   0 inf   2   2   2   2   2   2   2   1   1   1   1   1   1   1
346	(   2   5   1   2   0   2   2 )	   0 inf   2   2   2   2   2   2   2   1   1   1   1   1   1   1
347	(   6   0   0   2   2   0   2 )	   0 inf   2   2   2   2   2   2   2   1   1   1   1   1   1   1
348	(   1   3   3   1   1   1   1 )	   0 inf   1   1   1   1   1   1   1   1   1   1   1   1   1   1
349	(   1   3   3   3   1   1   2 )	   0 inf   1   1   1   1   1   1   1   1   1   1   1   1   1   1
350	(   1   4   1   1   1   1   2 )	   0 inf   1   1   1   1   1   1   1   1   1   1   1   1   1   1
351	(   1   4   1   3   1   1   1 )	   0 inf   1   1   1   1   1   1   1   1   1   1   1   1   1   1
352	(   2   2   2   2   1   1   2 )	 800   0   1   1   1   1   1   1   1   1   1   1   1   1   1   1
353	(   2   3   2   2   1   2   2 )	 990   0   1   1   1   1   1   1   1   1   1   1   1   1   1   1
354	(   2   3   2   2   2   1   2 )	   0 inf   1   1   1   1   1   1   1   1   1   1   1   1   1   1
355	(   2   0   0   4   2   2   2 )	   0 inf   2   2   2   2   2   2   2   1   1   1   1   1   1   1
356	(   2   1   1   1   0   1   2 )	   0 inf   2   2   2   2   2   2   2   1   1   1   1   1   1   1
357	(   2   1   1   1   1   1   0 )	   0 inf   2   2   2   2   2   2   2   1   1   1   1   1   1   1
358	(   2   1   4   1   2   2   2 )	   0 inf   2   2   2   2   2   2   2   1   1   1   1   1   1   1
359	(   2   1   4   4   0   0   1 )	   0 inf   2   2   2   2   2   2   2   1   1   1   1   1   1   1
360	(   2   2   2   2   1   3   2 )	   0 inf   2   2   2   2   2   2   2   1   1   1   1   1   1   1

BBE ( SOL ) OBJ CONS_H FRAME_SIZE MESH_SIZE
361	(   4   2   2   2   1   1   2 )	   0 inf   2   2   2   2   2   2   2   1   1   1   1   1   1   1
362	(   0   8   2   1   1   0   2 )	   0 inf   2   2   2   2   2   2   2   1   1   1   1   1   1   1
363	(   1   2   2   2   1   1   2 )	 735   0   1   1   1   1   1   1   1   1   1   1   1   1   1   1
364	(   2   1   2   2   1   1   2 )	   0 inf   1   1   1   1   1   1   1   1   1   1   1   1   1   1
365	(   2   2   1   1   1   1   2 )	 640   0   1   1   1   1   1   1   1   1   1   1   1   1   1   1
366	(   2   2   1   3   1   1   2 )	   0 inf   1   1   1   1   1   1   1   1   1   1   1   1   1   1
367	(   2   2   2   2   1   2   2 )	 895   0   1   1   1   1   1   1   1   1   1   1   1   1   1   1
368	(   2   2   2   2   2   1   2 )	   0 inf   1   1   1   1   1   1   1   1   1   1   1   1   1   1
369	(   2   2   3   3   1   1   1 )	1200   0   1   1   1   1   1   1   1   1   1   1   1   1   1   1
370	(   1   2   0   0   1   1   2 )	 415   0   2   2   2   2   2   2   2   1   1   1   1   1   1   1
371	(   1   2   0   1   1   3   2 )	   0 inf   2   2   2   2   2   2   2   1   1   1   1   1   1   1
372	(   2   2   0   1   0   1   2 )	   0 inf   2   2   2   2   2   2   2   1   1   1   1   1   1   1
373	(   2   2   0   1   1   1   2 )	   0 inf   2   2   2   2   2   2   2   1   1   1   1   1   1   1
374	(   2   4   1   1   1   1   2 )	 830   0   2   2   2   2   2   2   2   1   1   1   1   1   1   1
375	(   4   2   0   2   2   0   1 )	   0 inf   2   2   2   2   2   2   2   1   1   1   1   1   1   1
376	(   4   2   1   0   0   2   2 )	   0 inf   2   2   2   2   2   2   2   1   1   1   1   1   1   1
377	(   0   0   0   0   0   0   1 )	   0   0   5   5   5   5   5   5   5   1   1   1   1   1   1   1
378	(   0   0   0   0   6   6   0 )	1500   0   5   5   5   5   5   5   5   1   1   1   1   1   1   1
379	(   0   0   5   0   0   4   1 )	   0 inf   5   5   5   5   5   5   5   1   1   1   1   1   1   1
380	(   0   1   0   0   0   2   2 )	   0 inf   5   5   5   5   5   5   5   1   1   1   1   1   1   1
381	(   0   4   3   1   5   0   2 )	   0 inf   5   5   5   5   5   5   5   1   1   1   1   1   1   1
382	(   0   7   0   0   0   3   1 )	   0 inf   5   5   5   5   5   5   5   1   1   1   1   1   1   1
383	(   2   3   1   0   2   0   0 )	   0 inf   5   5   5   5   5   5   5   1   1   1   1   1   1   1
384	(   0   0   0   0   0   0   0 )	   0   0  10  10  10  10  10  10  10   1   1   1   1   1   1   1
385	(   0   4   2   3  10   1   0 )	   0 inf  10  10  10  10  10  10  10   1   1   1   1   1   1   1
386	(   1   0   0   0   0  10   0 )	   0 inf  10  10  10  10  10  10  10   1   1   1   1   1   1   1
387	(   2   0   0  10   0   0   0 )	   0 inf  10  10  10  10  10  10  10   1   1   1   1   1   1   1
388	(   2   0  10   0   0   0   0 )	   0 inf  10  10  10  10  10  10  10   1   1   1   1   1   1   1
389	(   7   0   0   0   0   0   2 )	   0 inf  10  10  10  10  10  10  10   1   1   1   1   1   1   1
390	(  10   0   0   0   2   0   0 )	   0 inf  10  10  10  10  10  10  10   1   1   1   1   1   1   1
391	(   0   0   0   0   0   0   2 )	   0   0  10  10  10  10  10  10  10   1   1   1   1   1   1   1
392	(   0   0   0   3   0   1   2 )	   0 inf   5   5   5   5   5   5   5   1   1   1   1   1   1   1
393	(   0   0   1   0   0   0   0 )	   0 inf   5   5   5   5   5   5   5   1   1   1   1   1   1   1
394	(   0   0   2   0   0   0   1 )	   0 inf   5   5   5   5   5   5   5   1   1   1   1   1   1   1
395	(   0   0   5   3   2   1   2 )	   0 inf   5   5   5   5   5   5   5   1   1   1   1   1   1   1
396	(   0   5   0   0   0   0   1 )	   0 inf   5   5   5   5   5   5   5   1   1   1   1   1   1   1
397	(   2   0   0   5   2   0   1 )	   0 inf   5   5   5   5   5   5   5   1   1   1   1   1   1   1
398	(   4   0   0   0   0   0   0 )	   0 inf   5   5   5   5   5   5   5   1   1   1   1   1   1   1
399	(   0   0   0   2   0   0   0 )	   0 inf   2   2   2   2   2   2   2   1   1   1   1   1   1   1
400	(   0   0   1   0   0   0   1 )	   0 inf   2   2   2   2   2   2   2   1   1   1   1   1   1   1

BBE ( SOL ) OBJ CONS_H FRAME_SIZE MESH_SIZE
401	(   0   0   1   0   0   0   2 )	   0 inf   2   2   2   2   2   2   2   1   1   1   1   1   1   1
402	(   0   0   1   0   0   2   1 )	   0 inf   2   2   2   2   2   2   2   1   1   1   1   1   1   1
403	(   0   0   1   1   2   0   0 )	   0 inf   2   2   2   2   2   2   2   1   1   1   1   1   1   1
404	(   0   1   0   2   0   0   1 )	   0 inf   2   2   2   2   2   2   2   1   1   1   1   1   1   1
405	(   2   0   1   0   0   0   1 )	   0 inf   2   2   2   2   2   2   2   1   1   1   1   1   1   1
406	(   0   0   0   0   0   1   1 )	   0 inf   1   1   1   1   1   1   1   1   1   1   1   1   1   1
407	(   0   0   0   0   1   0   1 )	   0 inf   1   1   1   1   1   1   1   1   1   1   1   1   1   1
408	(   0   0   0   1   0   0   1 )	   0 inf   1   1   1   1   1   1   1   1   1   1   1   1   1   1
409	(   0   0   0   1   0   0   2 )	   0 inf   1   1   1   1   1   1   1   1   1   1   1   1   1   1
410	(   0   1   0   0   0   0   1 )	   0 inf   1   1   1   1   1   1   1   1   1   1   1   1   1   1
411	(   1   0   0   0   0   0   1 )	   0 inf   1   1   1   1   1   1   1   1   1   1   1   1   1   1
412	(   0   0   0   1   0   0   0 )	   0 inf   1   1   1   1   1   1   1   1   1   1   1   1   1   1
413	(   0   1   1   0   1   0   2 )	   0 inf   1   1   1   1   1   1   1   1   1   1   1   1   1   1
414	(   0   0   0   0   1   1   1 )	 200   0   1   1   1   1   1   1   1   1   1   1   1   1   1   1
415	(   0   1   0   1   0   0   1 )	   0 inf   1   1   1   1   1   1   1   1   1   1   1   1   1   1
416	(   1   0   0   1   0   0   1 )	   0 inf   1   1   1   1   1   1   1   1   1   1   1   1   1   1
417	(   1   0   0   1   0   1   1 )	   0 inf   1   1   1   1   1   1   1   1   1   1   1   1   1   1
418	(   0   0   1   0   1   0   1 )	   0 inf   1   1   1   1   1   1   1   1   1   1   1   1   1   1
419	(   0   1   0   0   1   0   1 )	   0 inf   1   1   1   1   1   1   1   1   1   1   1   1   1   1
420	(   1   0   0   0   1   0   1 )	   0 inf   1   1   1   1   1   1   1   1   1   1   1   1   1   1
421	(   1   1   0   0   0   0   1 )	 200   0   1   1   1   1   1   1   1   1   1   1   1   1   1   1
422	(   1   1   1   0   0   0   1 )	   0 inf   1   1   1   1   1   1   1   1   1   1   1   1   1   1
423	(   1   0   0   0   0   0   0 )	   0 inf   1   1   1   1   1   1   1   1   1   1   1   1   1   1
424	(   1   0   1   0   0   0   1 )	   0 inf   1   1   1   1   1   1   1   1   1   1   1   1   1   1
425	(   0   0   0   0   0   1   2 )	   0 inf   1   1   1   1   1   1   1   1   1   1   1   1   1   1
426	(   0   0   0   0   1   0   2 )	   0 inf   1   1   1   1   1   1   1   1   1   1   1   1   1   1
427	(   0   0   1   1   0   0   1 )	 200   0   1   1   1   1   1   1   1   1   1   1   1   1   1   1
428	(   0   0   1   0   0   1   1 )	   0 inf   1   1   1   1   1   1   1   1   1   1   1   1   1   1
429	(   0   1   0   0   0   1   1 )	   0 inf   1   1   1   1   1   1   1   1   1   1   1   1   1   1
430	(   0   1   1   0   0   0   1 )	   0 inf   1   1   1   1   1   1   1   1   1   1   1   1   1   1
431	(   0   1   1   0   0   0   0 )	   0 inf   1   1   1   1   1   1   1   1   1   1   1   1   1   1
432	(   0   0   1   1   0   0   2 )	 160   0   1   1   1   1   1   1   1   1   1   1   1   1   1   1
433	(   0   0   0   0   1   0   0 )	   0 inf   1   1   1   1   1   1   1   1   1   1   1   1   1   1
434	(   0   1   0   0   0   1   2 )	   0 inf   1   1   1   1   1   1   1   1   1   1   1   1   1   1
435	(   1   0   0   0   0   1   1 )	   0 inf   1   1   1   1   1   1   1   1   1   1   1   1   1   1
436	(   0   0   0   1   1   0   2 )	   0 inf   1   1   1   1   1   1   1   1   1   1   1   1   1   1
437	(   0   1   0   0   0   0   2 )	   0 inf   1   1   1   1   1   1   1   1   1   1   1   1   1   1
438	(   0   1   0   1   0   0   0 )	   0 inf   1   1   1   1   1   1   1   1   1   1   1   1   1   1
439	(   0   0   0   0   0   1   0 )	   0 inf   1   1   1   1   1   1   1   1   1   1   1   1   1   1
440	(   0   1   0   0   0   0   0 )	   0 inf   1   1   1   1   1   1   1   1   1   1   1   1   1   1

BBE ( SOL ) OBJ CONS_H FRAME_SIZE MESH_SIZE
441	(   0   1   0   1   0   1   1 )	   0 inf   1   1   1   1   1   1   1   1   1   1   1   1   1   1
442	(   0   1   1   0   0   0   2 )	   0 inf   1   1   1   1   1   1   1   1   1   1   1   1   1   1
443	(   0   1   0   1   0   0   2 )	   0 inf   1   1   1   1   1   1   1   1   1   1   1   1   1   1
444	(   0   0   0   1   1   0   1 )	   0 inf   1   1   1   1   1   1   1   1   1   1   1   1   1   1
445	(   0   1   0   1   1   0   1 )	   0 inf   1   1   1   1   1   1   1   1   1   1   1   1   1   1
446	(   1   1   0   0   1   0   1 )	   0 inf   1   1   1   1   1   1   1   1   1   1   1   1   1   1
447	(   0   0   0   1   1   0   0 )	   0 inf   1   1   1   1   1   1   1   1   1   1   1   1   1   1
448	(   1   0   0   0   1   0   0 )	   0 inf   1   1   1   1   1   1   1   1   1   1   1   1   1   1
449	(   1   0   0   1   1   0   2 )	   0 inf   1   1   1   1   1   1   1   1   1   1   1   1   1   1
450	(   1   0   1   0   0   0   2 )	   0 inf   1   1   1   1   1   1   1   1   1   1   1   1   1   1
451	(   1   0   1   1   0   0   0 )	   0 inf   1   1   1   1   1   1   1   1   1   1   1   1   1   1
452	(   0   0   1   1   1   0   2 )	   0 inf   1   1   1   1   1   1   1   1   1   1   1   1   1   1
453	(   1   1   0   0   0   0   0 )	 250   0   1   1   1   1   1   1   1   1   1   1   1   1   1   1
454	(   0   1   0   0   1   0   0 )	   0 inf   1   1   1   1   1   1   1   1   1   1   1   1   1   1
455	(   0   0   0   1   0   1   0 )	   0 inf   1   1   1   1   1   1   1   1   1   1   1   1   1   1
456	(   1   0   0   0   0   0   2 )	   0 inf   1   1   1   1   1   1   1   1   1   1   1   1   1   1
457	(   0   0   1   0   0   1   2 )	   0 inf   1   1   1   1   1   1   1   1   1   1   1   1   1   1
458	(   0   1   1   0   0   1   2 )	   0 inf   1   1   1   1   1   1   1   1   1   1   1   1   1   1
459	(   1   1   1   0   1   0   0 )	   0 inf   1   1   1   1   1   1   1   1   1   1   1   1   1   1
460	(   0   0   1   0   1   0   0 )	   0 inf   1   1   1   1   1   1   1   1   1   1   1   1   1   1
461	(   0   0   1   1   0   0   0 )	 250   0   1   1   1   1   1   1   1   1   1   1   1   1   1   1
462	(   0   0   1   0   1   0   2 )	   0 inf   1   1   1   1   1   1   1   1   1   1   1   1   1   1
463	(   1   0   1   0   1   0   1 )	   0 inf   1   1   1   1   1   1   1   1   1   1   1   1   1   1
464	(   0   0   0   1   0   1   1 )	   0 inf   1   1   1   1   1   1   1   1   1   1   1   1   1   1
465	(   1   0   1   0   0   1   1 )	   0 inf   1   1   1   1   1   1   1   1   1   1   1   1   1   1
466	(   1   0   0   0   1   0   2 )	   0 inf   1   1   1   1   1   1   1   1   1   1   1   1   1   1
467	(   0   1   1   0   0   1   1 )	   0 inf   1   1   1   1   1   1   1   1   1   1   1   1   1   1
468	(   0   0   1   1   1   0   0 )	   0 inf   1   1   1   1   1   1   1   1   1   1   1   1   1   1
469	(   0   1   1   1   0   0   1 )	   0 inf   1   1   1   1   1   1   1   1   1   1   1   1   1   1
470	(   0   0   0   0   1   1   0 )	 250   0   1   1   1   1   1   1   1   1   1   1   1   1   1   1
471	(   0   0   0   1   0   1   2 )	   0 inf   1   1   1   1   1   1   1   1   1   1   1   1   1   1
472	(   1   1   0   0   0   1   1 )	   0 inf   1   1   1   1   1   1   1   1   1   1   1   1   1   1
473	(   1   1   0   1   0   0   1 )	   0 inf   1   1   1   1   1   1   1   1   1   1   1   1   1   1
474	(   1   0   0   1   0   0   0 )	   0 inf   1   1   1   1   1   1   1   1   1   1   1   1   1   1
475	(   1   0   0   1   1   0   0 )	   0 inf   1   1   1   1   1   1   1   1   1   1   1   1   1   1
476	(   0   1   1   0   1   1   1 )	   0 inf   1   1   1   1   1   1   1   1   1   1   1   1   1   1
477	(   0   0   1   1   1   0   1 )	   0 inf   1   1   1   1   1   1   1   1   1   1   1   1   1   1
478	(   1   0   0   1   1   0   1 )	   0 inf   1   1   1   1   1   1   1   1   1   1   1   1   1   1
479	(   1   0   1   1   0   0   1 )	   0 inf   1   1   1   1   1   1   1   1   1   1   1   1   1   1
480	(   1   1   1   1   0   0   2 )	 320   0   1   1   1   1   1   1   1   1   1   1   1   1   1   1

BBE ( SOL ) OBJ CONS_H FRAME_SIZE MESH_SIZE
481	(   0   0   1   0   1   1   1 )	   0 inf   1   1   1   1   1   1   1   1   1   1   1   1   1   1
482	(   1   0   0   1   1   1   1 )	   0 inf   1   1   1   1   1   1   1   1   1   1   1   1   1   1
483	(   0   1   1   0   0   1   0 )	   0 inf   1   1   1   1   1   1   1   1   1   1   1   1   1   1
484	(   1   1   1   0   0   0   2 )	   0 inf   1   1   1   1   1   1   1   1   1   1   1   1   1   1
485	(   0   1   1   1   0   0   2 )	   0 inf   1   1   1   1   1   1   1   1   1   1   1   1   1   1
486	(   1   0   0   0   1   1   1 )	   0 inf   1   1   1   1   1   1   1   1   1   1   1   1   1   1
487	(   1   0   0   0   0   1   2 )	   0 inf   1   1   1   1   1   1   1   1   1   1   1   1   1   1
488	(   1   0   0   0   0   1   0 )	   0 inf   1   1   1   1   1   1   1   1   1   1   1   1   1   1
489	(   1   0   0   1   0   0   2 )	   0 inf   1   1   1   1   1   1   1   1   1   1   1   1   1   1
490	(   0   1   0   0   1   0   2 )	   0 inf   1   1   1   1   1   1   1   1   1   1   1   1   1   1
491	(   0   1   0   0   1   1   2 )	   0 inf   1   1   1   1   1   1   1   1   1   1   1   1   1   1
492	(   0   1   0   1   0   1   2 )	   0 inf   1   1   1   1   1   1   1   1   1   1   1   1   1   1
493	(   0   1   0   1   1   0   2 )	   0 inf   1   1   1   1   1   1   1   1   1   1   1   1   1   1
494	(   0   1   0   1   1   1   0 )	   0 inf   1   1   1   1   1   1   1   1   1   1   1   1   1   1
495	(   0   1   0   0   0   1   0 )	   0 inf   1   1   1   1   1   1   1   1   1   1   1   1   1   1
496	(   1   0   0   1   0   1   0 )	   0 inf   1   1   1   1   1   1   1   1   1   1   1   1   1   1
497	(   0   1   1   0   1   0   1 )	   0 inf   1   1   1   1   1   1   1   1   1   1   1   1   1   1
498	(   0   1   0   1   1   0   0 )	   0 inf   1   1   1   1   1   1   1   1   1   1   1   1   1   1
499	(   0   0   0   1   1   1   0 )	   0 inf   1   1   1   1   1   1   1   1   1   1   1   1   1   1
500	(   1   0   1   0   0   0   0 )	   0 inf   1   1   1   1   1   1   1   1   1   1   1   1   1   1
501	(   0   0   0   0   1   1   2 )	 160   0   1   1   1   1   1   1   1   1   1   1   1   1   1   1
502	(   0   1   1   1   0   0   0 )	   0 inf   1   1   1   1   1   1   1   1   1   1   1   1   1   1
503	(   1   1   0   1   0   1   1 )	   0 inf   1   1   1   1   1   1   1   1   1   1   1   1   1   1
504	(   1   1   0   0   0   0   2 )	 160   0   1   1   1   1   1   1   1   1   1   1   1   1   1   1
505	(   1   1   0   1   0   0   0 )	   0 inf   1   1   1   1   1   1   1   1   1   1   1   1   1   1
506	(   0   0   1   0   0   1   0 )	   0 inf   1   1   1   1   1   1   1   1   1   1   1   1   1   1
507	(   0   1   1   0   1   0   0 )	   0 inf   1   1   1   1   1   1   1   1   1   1   1   1   1   1
508	(   1   0   1   1   0   0   2 )	   0 inf   1   1   1   1   1   1   1   1   1   1   1   1   1   1
509	(   1   0   1   1   1   0   0 )	   0 inf   1   1   1   1   1   1   1   1   1   1   1   1   1   1
510	(   0   0   1   1   0   1   1 )	   0 inf   1   1   1   1   1   1   1   1   1   1   1   1   1   1
511	(   1   0   0   0   1   1   2 )	   0 inf   1   1   1   1   1   1   1   1   1   1   1   1   1   1
512	(   0   1   0   1   1   1   2 )	   0 inf   1   1   1   1   1   1   1   1   1   1   1   1   1   1
513	(   1   0   1   1   1   0   1 )	   0 inf   1   1   1   1   1   1   1   1   1   1   1   1   1   1
514	(   1   1   0   1   0   0   2 )	   0 inf   1   1   1   1   1   1   1   1   1   1   1   1   1   1
515	(   1   1   1   0   1   0   1 )	   0 inf   1   1   1   1   1   1   1   1   1   1   1   1   1   1
516	(   1   1   0   0   0   1   2 )	   0 inf   1   1   1   1   1   1   1   1   1   1   1   1   1   1
517	(   0   1   0   0   1   1   1 )	   0 inf   1   1   1   1   1   1   1   1   1   1   1   1   1   1
518	(   0   0   0   1   1   1   1 )	   0 inf   1   1   1   1   1   1   1   1   1   1   1   1   1   1
519	(   0   1   1   0   1   1   0 )	   0 inf   1   1   1   1   1   1   1   1   1   1   1   1   1   1
520	(   1   1   0   1   1   0   1 )	   0 inf   1   1   1   1   1   1   1   1   1   1   1   1   1   1

BBE ( SOL ) OBJ CONS_H FRAME_SIZE MESH_SIZE
521	(   1   0   1   0   0   1   2 )	   0 inf   1   1   1   1   1   1   1   1   1   1   1   1   1   1
522	(   0   0   1   1   0   1   0 )	   0 inf   1   1   1   1   1   1   1   1   1   1   1   1   1   1
523	(   1   1   0   0   0   1   0 )	   0 inf   1   1   1   1   1   1   1   1   1   1   1   1   1   1
524	(   1   0   1   0   0   1   0 )	   0 inf   1   1   1   1   1   1   1   1   1   1   1   1   1   1
525	(   1   1   1   1   1   0   1 )	   0 inf   1   1   1   1   1   1   1   1   1   1   1   1   1   1
526	(   0   1   0   1   1   1   1 )	   0 inf   1   1   1   1   1   1   1   1   1   1   1   1   1   1
527	(   1   0   1   1   0   1   1 )	   0 inf   1   1   1   1   1   1   1   1   1   1   1   1   1   1
528	(   1   0   1   0   1   1   1 )	   0 inf   1   1   1   1   1   1   1   1   1   1   1   1   1   1
529	(   1   0   1   1   1   0   2 )	   0 inf   1   1   1   1   1   1   1   1   1   1   1   1   1   1
530	(   0   0   1   0   1   1   2 )	   0 inf   1   1   1   1   1   1   1   1   1   1   1   1   1   1
531	(   1   0   0   1   1   1   2 )	   0 inf   1   1   1   1   1   1   1   1   1   1   1   1   1   1
532	(   1   1   0   0   1   0   0 )	   0 inf   1   1   1   1   1   1   1   1   1   1   1   1   1   1
533	(   1   0   1   0   1   1   0 )	   0 inf   1   1   1   1   1   1   1   1   1   1   1   1   1   1
534	(   0   1   1   1   1   0   0 )	   0 inf   1   1   1   1   1   1   1   1   1   1   1   1   1   1
535	(   0   1   1   1   0   1   1 )	   0 inf   1   1   1   1   1   1   1   1   1   1   1   1   1   1
536	(   1   1   0   0   1   0   2 )	   0 inf   1   1   1   1   1   1   1   1   1   1   1   1   1   1
537	(   0   0   1   1   1   1   1 )	 400   0   1   1   1   1   1   1   1   1   1   1   1   1   1   1
538	(   1   1   1   0   0   0   0 )	   0 inf   1   1   1   1   1   1   1   1   1   1   1   1   1   1
539	(   0   0   1   0   1   1   0 )	   0 inf   1   1   1   1   1   1   1   1   1   1   1   1   1   1
540	(   1   0   1   0   1   0   0 )	   0 inf   1   1   1   1   1   1   1   1   1   1   1   1   1   1
541	(   1   0   1   1   0   1   0 )	   0 inf   1   1   1   1   1   1   1   1   1   1   1   1   1   1
542	(   1   0   1   0   1   0   2 )	   0 inf   1   1   1   1   1   1   1   1   1   1   1   1   1   1
543	(   1   0   0   0   1   1   0 )	   0 inf   1   1   1   1   1   1   1   1   1   1   1   1   1   1
544	(   1   1   0   0   1   1   1 )	 400   0   1   1   1   1   1   1   1   1   1   1   1   1   1   1
545	(   1   0   0   1   0   1   2 )	   0 inf   1   1   1   1   1   1   1   1   1   1   1   1   1   1
546	(   1   0   1   0   1   1   2 )	   0 inf   1   1   1   1   1   1   1   1   1   1   1   1   1   1
547	(   0   1   0   0   1   1   0 )	   0 inf   1   1   1   1   1   1   1   1   1   1   1   1   1   1
548	(   1   1   1   1   0   0   0 )	 500   0   1   1   1   1   1   1   1   1   1   1   1   1   1   1
549	(   1   0   0   1   1   1   0 )	   0 inf   1   1   1   1   1   1   1   1   1   1   1   1   1   1
550	(   1   1   1   0   0   1   0 )	   0 inf   1   1   1   1   1   1   1   1   1   1   1   1   1   1
551	(   0   0   1   1   1   1   0 )	 500   0   1   1   1   1   1   1   1   1   1   1   1   1   1   1
552	(   0   1   1   1   1   0   2 )	   0 inf   1   1   1   1   1   1   1   1   1   1   1   1   1   1
553	(   1   1   1   0   1   1   1 )	   0 inf   1   1   1   1   1   1   1   1   1   1   1   1   1   1
554	(   0   0   0   1   1   1   2 )	   0 inf   1   1   1   1   1   1   1   1   1   1   1   1   1   1
555	(   1   1   1   1   0   0   1 )	 400   0   1   1   1   1   1   1   1   1   1   1   1   1   1   1
556	(   0   1   1   1   0   1   2 )	   0 inf   1   1   1   1   1   1   1   1   1   1   1   1   1   1
557	(   1   1   0   0   1   1   2 )	 320   0   1   1   1   1   1   1   1   1   1   1   1   1   1   1
558	(   1   0   1   1   1   1   2 )	   0 inf   1   1   1   1   1   1   1   1   1   1   1   1   1   1
559	(   1   1   0   1   1   0   2 )	   0 inf   1   1   1   1   1   1   1   1   1   1   1   1   1   1
560	(   0   1   1   1   1   0   1 )	   0 inf   1   1   1   1   1   1   1   1   1   1   1   1   1   1

BBE ( SOL ) OBJ CONS_H FRAME_SIZE MESH_SIZE
561	(   0   0   1   1   0   1   2 )	   0 inf   1   1   1   1   1   1   1   1   1   1   1   1   1   1
562	(   1   1   1   1   0   1   1 )	   0 inf   1   1   1   1   1   1   1   1   1   1   1   1   1   1
563	(   0   1   0   1   0   1   0 )	   0 inf   1   1   1   1   1   1   1   1   1   1   1   1   1   1
564	(   1   1   1   0   1   1   0 )	   0 inf   1   1   1   1   1   1   1   1   1   1   1   1   1   1
565	(   1   1   1   1   0   1   0 )	   0 inf   1   1   1   1   1   1   1   1   1   1   1   1   1   1
566	(   1   1   1   0   0   1   1 )	   0 inf   1   1   1   1   1   1   1   1   1   1   1   1   1   1
567	(   0   1   1   1   0   1   0 )	   0 inf   1   1   1   1   1   1   1   1   1   1   1   1   1   1
568	(   1   1   0   1   1   0   0 )	   0 inf   1   1   1   1   1   1   1   1   1   1   1   1   1   1
569	(   1   1   1   0   0   1   2 )	   0 inf   1   1   1   1   1   1   1   1   1   1   1   1   1   1
570	(   0   1   1   1   1   1   1 )	   0 inf   1   1   1   1   1   1   1   1   1   1   1   1   1   1
571	(   1   0   1   1   1   1   1 )	   0 inf   1   1   1   1   1   1   1   1   1   1   1   1   1   1
572	(   1   1   0   1   0   1   2 )	   0 inf   1   1   1   1   1   1   1   1   1   1   1   1   1   1
573	(   1   1   1   0   1   0   2 )	   0 inf   1   1   1   1   1   1   1   1   1   1   1   1   1   1
574	(   0   0   1   1   1   1   2 )	 320   0   1   1   1   1   1   1   1   1   1   1   1   1   1   1
575	(   1   1   0   1   1   1   1 )	   0 inf   1   1   1   1   1   1   1   1   1   1   1   1   1   1
576	(   0   1   1   0   1   1   2 )	   0 inf   1   1   1   1   1   1   1   1   1   1   1   1   1   1
577	(   1   1   1   1   1   0   2 )	   0 inf   1   1   1   1   1   1   1   1   1   1   1   1   1   1
578	(   1   1   0   1   0   1   0 )	   0 inf   1   1   1   1   1   1   1   1   1   1   1   1   1   1
579	(   1   0   1   1   1   1   0 )	   0 inf   1   1   1   1   1   1   1   1   1   1   1   1   1   1
580	(   0   1   1   1   1   1   2 )	   0 inf   1   1   1   1   1   1   1   1   1   1   1   1   1   1
581	(   1   1   1   1   0   1   2 )	   0 inf   1   1   1   1   1   1   1   1   1   1   1   1   1   1
582	(   1   1   0   1   1   1   2 )	   0 inf   1   1   1   1   1   1   1   1   1   1   1   1   1   1
583	(   1   1   1   1   1   1   1 )	 600   0   1   1   1   1   1   1   1   1   1   1   1   1   1   1
584	(   1   0   1   1   0   1   2 )	   0 inf   1   1   1   1   1   1   1   1   1   1   1   1   1   1
585	(   0   1   1   1   1   1   0 )	   0 inf   1   1   1   1   1   1   1   1   1   1   1   1   1   1
586	(   1   1   1   0   1   1   2 )	   0 inf   1   1   1   1   1   1   1   1   1   1   1   1   1   1
587	(   1   1   0   1   1   1   0 )	   0 inf   1   1   1   1   1   1   1   1   1   1   1   1   1   1
588	(   1   1   0   0   1   1   0 )	 500   0   1   1   1   1   1   1   1   1   1   1   1   1   1   1
589	(   1   1   1   1   1   0   0 )	   0 inf   1   1   1   1   1   1   1   1   1   1   1   1   1   1
A termination criterion is reached: Maximum number of total evaluations (Eval Global) 218710

Best feasible solutions:    #737 ( 0 0 0 0 0 0 1 )	Evaluation OK	 f =   0                     	 h =   0                      (L2)
                            #754 ( 0 0 0 0 0 0 2 )	Evaluation OK	 f =   0                     	 h =   0                      (L2)

Best infeasible solution:   Undefined.

Blackbox evaluations:         589
Cache hits:                   218121
Total number of evaluations:  218710
