[INFO] Running OPERATIONAL PLANNING (DISTRIBUTED)...
[INFO]	 - Initializing...
[INFO] 		 - Distribution Network node 5...
[INFO] 			 - Running SMOPF, Network case33_1, 2025, Spring...
[INFO] 			 - Running SMOPF, Network case33_1, 2025, Summer...
[INFO] 			 - Running SMOPF, Network case33_1, 2025, Autumn...
[INFO] 			 - Running SMOPF, Network case33_1, 2025, Winter...
[INFO] 			 - Running SMOPF, Network case33_1, 2030, Spring...
[INFO] 			 - Running SMOPF, Network case33_1, 2030, Summer...
[INFO] 			 - Running SMOPF, Network case33_1, 2030, Autumn...
[INFO] 			 - Running SMOPF, Network case33_1, 2030, Winter...
[INFO] 			 - Running SMOPF, Network case33_1, 2035, Spring...
[INFO] 			 - Running SMOPF, Network case33_1, 2035, Summer...
[INFO] 			 - Running SMOPF, Network case33_1, 2035, Autumn...
[INFO] 			 - Running SMOPF, Network case33_1, 2035, Winter...
[INFO] 		 - Distribution Network node 7...
[INFO] 			 - Running SMOPF, Network case33_2, 2025, Spring...
[INFO] 			 - Running SMOPF, Network case33_2, 2025, Summer...
[INFO] 			 - Running SMOPF, Network case33_2, 2025, Autumn...
[INFO] 			 - Running SMOPF, Network case33_2, 2025, Winter...
[INFO] 			 - Running SMOPF, Network case33_2, 2030, Spring...
[INFO] 			 - Running SMOPF, Network case33_2, 2030, Summer...
[INFO] 			 - Running SMOPF, Network case33_2, 2030, Autumn...
[INFO] 			 - Running SMOPF, Network case33_2, 2030, Winter...
[INFO] 			 - Running SMOPF, Network case33_2, 2035, Spring...
[INFO] 			 - Running SMOPF, Network case33_2, 2035, Summer...
[INFO] 			 - Running SMOPF, Network case33_2, 2035, Autumn...
[INFO] 			 - Running SMOPF, Network case33_2, 2035, Winter...
[INFO] 		 - Distribution Network node 9...
[INFO] 			 - Running SMOPF, Network case33_3, 2025, Spring...
[INFO] 			 - Running SMOPF, Network case33_3, 2025, Summer...
[INFO] 			 - Running SMOPF, Network case33_3, 2025, Autumn...
[INFO] 			 - Running SMOPF, Network case33_3, 2025, Winter...
[INFO] 			 - Running SMOPF, Network case33_3, 2030, Spring...
[INFO] 			 - Running SMOPF, Network case33_3, 2030, Summer...
[INFO] 			 - Running SMOPF, Network case33_3, 2030, Autumn...
[INFO] 			 - Running SMOPF, Network case33_3, 2030, Winter...
[INFO] 			 - Running SMOPF, Network case33_3, 2035, Spring...
[INFO] 			 - Running SMOPF, Network case33_3, 2035, Summer...
[INFO] 			 - Running SMOPF, Network case33_3, 2035, Autumn...
[INFO] 			 - Running SMOPF, Network case33_3, 2035, Winter...
[INFO] 		 - Transmission Network...
[INFO] 			 - Running SMOPF, Network case9, 2025, Spring...
[INFO] 			 - Running SMOPF, Network case9, 2025, Summer...
[INFO] 			 - Running SMOPF, Network case9, 2025, Autumn...
[INFO] 			 - Running SMOPF, Network case9, 2025, Winter...
[INFO] 			 - Running SMOPF, Network case9, 2030, Spring...
[INFO] 			 - Running SMOPF, Network case9, 2030, Summer...
[INFO] 			 - Running SMOPF, Network case9, 2030, Autumn...
[INFO] 			 - Running SMOPF, Network case9, 2030, Winter...
[INFO] 			 - Running SMOPF, Network case9, 2035, Spring...
[INFO] 			 - Running SMOPF, Network case9, 2035, Summer...
[INFO] 			 - Running SMOPF, Network case9, 2035, Autumn...
[INFO] 			 - Running SMOPF, Network case9, 2035, Winter...
[INFO] 		 - Running Shared ESS optimization (subproblem)...
[INFO] 			 - Node 5...
[INFO] Shared ESS complementarity diagnostics for ESS node=5: ratio_max=2.565589e-05 n_periods=288 mu_final=3.131589e-09 s_obj=1.000000e-01 eps=1.000000e-03 bound=9.018976e-03 measured=7.662618e-03
[INFO] 			 - Node 7...
[INFO] Shared ESS complementarity diagnostics for ESS node=7: ratio_max=2.583830e-05 n_periods=288 mu_final=3.152684e-09 s_obj=1.000000e-01 eps=1.000000e-03 bound=9.079731e-03 measured=7.756867e-03
[INFO] 			 - Node 9...
[INFO] Shared ESS complementarity diagnostics for ESS node=9: ratio_max=2.565727e-05 n_periods=288 mu_final=3.127542e-09 s_obj=1.000000e-01 eps=1.000000e-03 bound=9.007322e-03 measured=7.699178e-03
[ADMM OF SCALE] n=48 | min=3.467801e+02 | median=4.060637e+02 | max=4.311165e+07 | selected=4.311165e+07
[ADMM OF SCALE] Largest weighted objectives:
  TSO node=None year=2025 day=Summer | base=4.311165e+07 | scenario=0.000000e+00 | total=4.311165e+07
  TSO node=None year=2025 day=Spring | base=4.093292e+07 | scenario=0.000000e+00 | total=4.093292e+07
  TSO node=None year=2035 day=Summer | base=4.070938e+07 | scenario=0.000000e+00 | total=4.070938e+07
  TSO node=None year=2025 day=Autumn | base=4.014921e+07 | scenario=0.000000e+00 | total=4.014921e+07
  TSO node=None year=2030 day=Summer | base=3.436840e+07 | scenario=0.000000e+00 | total=3.436840e+07
  TSO node=None year=2035 day=Spring | base=3.371213e+07 | scenario=0.000000e+00 | total=3.371213e+07
  TSO node=None year=2030 day=Spring | base=3.256124e+07 | scenario=0.000000e+00 | total=3.256124e+07
  TSO node=None year=2025 day=Winter | base=2.637352e+07 | scenario=0.000000e+00 | total=2.637352e+07
  TSO node=None year=2035 day=Autumn | base=2.371081e+07 | scenario=0.000000e+00 | total=2.371081e+07
  TSO node=None year=2030 day=Autumn | base=1.372060e+07 | scenario=0.000000e+00 | total=1.372060e+07
[INFO] 	 - ADMM Iteration 1
[INFO] 		 - Updating distribution networks:
[INFO] 			 - Running SMOPF, Network case33_1, 2025, Spring...
[INFO] 			 - Running SMOPF, Network case33_1, 2025, Summer...
[INFO] 			 - Running SMOPF, Network case33_1, 2025, Autumn...
[INFO] 			 - Running SMOPF, Network case33_1, 2025, Winter...
[INFO] 			 - Running SMOPF, Network case33_1, 2030, Spring...
[INFO] 			 - Running SMOPF, Network case33_1, 2030, Summer...
[INFO] 			 - Running SMOPF, Network case33_1, 2030, Autumn...
[INFO] 			 - Running SMOPF, Network case33_1, 2030, Winter...
[INFO] 			 - Running SMOPF, Network case33_1, 2035, Spring...
[INFO] 			 - Running SMOPF, Network case33_1, 2035, Summer...
[INFO] 			 - Running SMOPF, Network case33_1, 2035, Autumn...
[INFO] 			 - Running SMOPF, Network case33_1, 2035, Winter...
[INFO] 			 - Running SMOPF, Network case33_2, 2025, Spring...
[INFO] 			 - Running SMOPF, Network case33_2, 2025, Summer...
[INFO] 			 - Running SMOPF, Network case33_2, 2025, Autumn...
[INFO] 			 - Running SMOPF, Network case33_2, 2025, Winter...
[INFO] 			 - Running SMOPF, Network case33_2, 2030, Spring...
[INFO] 			 - Running SMOPF, Network case33_2, 2030, Summer...
[INFO] 			 - Running SMOPF, Network case33_2, 2030, Autumn...
[INFO] 			 - Running SMOPF, Network case33_2, 2030, Winter...
[INFO] 			 - Running SMOPF, Network case33_2, 2035, Spring...
[INFO] 			 - Running SMOPF, Network case33_2, 2035, Summer...
[INFO] 			 - Running SMOPF, Network case33_2, 2035, Autumn...
[INFO] 			 - Running SMOPF, Network case33_2, 2035, Winter...
[INFO] 			 - Running SMOPF, Network case33_3, 2025, Spring...
[INFO] 			 - Running SMOPF, Network case33_3, 2025, Summer...
[INFO] 			 - Running SMOPF, Network case33_3, 2025, Autumn...
[INFO] 			 - Running SMOPF, Network case33_3, 2025, Winter...
[INFO] 			 - Running SMOPF, Network case33_3, 2030, Spring...
[INFO] 			 - Running SMOPF, Network case33_3, 2030, Summer...
[INFO] 			 - Running SMOPF, Network case33_3, 2030, Autumn...
[INFO] 			 - Running SMOPF, Network case33_3, 2030, Winter...
[INFO] 			 - Running SMOPF, Network case33_3, 2035, Spring...
[INFO] 			 - Running SMOPF, Network case33_3, 2035, Summer...
[INFO] 			 - Running SMOPF, Network case33_3, 2035, Autumn...
[INFO] 			 - Running SMOPF, Network case33_3, 2035, Winter...
[INFO] 		 - Updating transmission network...
[INFO] 			 - Running SMOPF, Network case9, 2025, Spring...
[INFO] 			 - Running SMOPF, Network case9, 2025, Summer...
[INFO] 			 - Running SMOPF, Network case9, 2025, Autumn...
[INFO] 			 - Running SMOPF, Network case9, 2025, Winter...
[INFO] 			 - Running SMOPF, Network case9, 2030, Spring...
[INFO] 			 - Running SMOPF, Network case9, 2030, Summer...
[INFO] 			 - Running SMOPF, Network case9, 2030, Autumn...
[INFO] 			 - Running SMOPF, Network case9, 2030, Winter...
[INFO] 			 - Running SMOPF, Network case9, 2035, Spring...
[INFO] 			 - Running SMOPF, Network case9, 2035, Summer...
[INFO] 			 - Running SMOPF, Network case9, 2035, Autumn...
[INFO] 			 - Running SMOPF, Network case9, 2035, Winter...
[WARNING] Network primary solve did not converge for case9, year=2035, day=Winter: status=warning, termination=maxIterations, message=Ipopt 3.14.18\x3a Maximum Number of Iterations Exceeded. | warm_start=True
[WARNING] ADMM penalties for case9, year=2035, day=Winter: rho_v=1.5, rho_pf=300, rho_ess=1
[WARNING] IPOPT primary solve log for case9, year=2035, day=Winter: /Users/micaelsimoes/Projects/share-resource-planning-no_esso-degradation/data/SRP1/Results/P56A/evals/p515r_r2_g1policy/logs/optim_log_case9_2035_Winter.log
[INFO] Retrying network solve once for case9, year=2035, day=Winter, cold start, with acceptable_iter=1, acceptable_tol=0.0001, warm_start_init_point=no.
[INFO] Network recovery solve succeeded for case9, year=2035, day=Winter.
[TSO PROX] cycle=1 | updated_blocks=12 | held_failed_blocks=0 | V max=0.065165 | PF max=0.629491 | ESS max=0.240271
[TSO PROX][V MAX] node=9, year=2035, day=Spring, period=2 | dV=22.482047 kV | normalized=0.065165
[TSO PROX][PF MAX] node=7, year=2030, day=Autumn, period=4, type=Q | delta=62.949058 MVAr | normalized=0.629491
[TSO PROX][ESS MAX] node=9, year=2035, day=Summer, period=19, type=P | delta=0.465525 MW | normalized=0.240271
[INFO] 		 - Updating SharedESS...
[INFO] 		 - Running Shared ESS optimization (subproblem)...
[INFO] 			 - Node 5...
[INFO] Shared ESS complementarity diagnostics for ESS node=5: ratio_max=2.585418e-05 n_periods=288 mu_final=2.992742e-09 s_obj=1.000000e-01 eps=1.000000e-03 bound=8.619098e-03 measured=9.298866e-03
[INFO] 			 - Node 7...
[INFO] Shared ESS complementarity diagnostics for ESS node=7: ratio_max=2.585313e-05 n_periods=288 mu_final=3.071007e-09 s_obj=1.000000e-01 eps=1.000000e-03 bound=8.844501e-03 measured=9.238087e-03
[INFO] 			 - Node 9...
[INFO] Shared ESS complementarity diagnostics for ESS node=9: ratio_max=2.585305e-05 n_periods=288 mu_final=2.979458e-09 s_obj=1.000000e-01 eps=1.000000e-03 bound=8.580839e-03 measured=9.242032e-03
[DIAG][V MAX] node=9, year=2035, day=Winter, period=2 | TSO=356.106264 kV, DSO=379.500001 kV, diff=23.393738 kV, base=345.000000 kV, normalized=0.067808, rho(TSO/DSO)=1.500000/1.500000
[DIAG][PF MAX] node=7, year=2030, day=Autumn, period=5, type=Q | TSO=-25.336304 MVAr, DSO=19.824339 MVAr, diff=45.160643 MVAr, rating=100.000000 MVA, normalized=0.451606, rho(TSO/DSO)=300.000000/300.000000
[DIAG][ESS MAX] agent=TSO, node=9, year=2035, day=Summer, period=3, type=P | x=0.868721 MW, z=0.648353 MW, diff=0.220368 MW, norm_rating=0.968750 MVA, normalized=0.113738, rho=1.000000, rho(TSO/DSO/ESSO)=1.000000/1.000000/1.000000
[DIAG][ESS COMP] TSO | Sch=0.868723 MVA, Sdch=0.000003 MVA, net=0.868721 MVA, product=2.289023e-06 MVA^2, simultaneous=0.000003 MVA, base=100.000000 MVA
[DIAG][ESS COMP] DSO | Sch=0.675816 MVA, Sdch=0.000000 MVA, net=0.675816 MVA, product=1.308621e-07 MVA^2, simultaneous=0.000000 MVA, base=100.000000 MVA
[DIAG][ESS COMP] ESSO | Sch=0.645725 MVA, Sdch=0.000013 MVA, net=0.645712 MVA, product=8.083903e-06 MVA^2, simultaneous=0.000013 MVA
[INFO]		 - interface Vmag max primal residual failed. 0.067808 > 0.010000
[INFO]		 - interface Vmag mean primal residual failed. 0.051846 > 0.001000
[INFO]		 - interface PF max primal residual failed. 0.451606 > 0.010000
[INFO]		 - interface PF mean primal residual failed. 0.178049 > 0.001000
[INFO]		 - shared ESS max primal residual failed. 0.113738 > 0.100000
[INFO]		 - interface Vmag mean dual residual failed. 0.101737 > 0.010000
[INFO]		 - interface PF mean dual residual failed. 65.428056 > 0.010000
[INFO]		 - Recourse stationarity requires one previous successful cycle.
[ADMM RHO] V | primal max ratio=6.781 | primal mean ratio=51.846 | primal selected=51.846 | dual mean ratio=10.174 | increase threshold=5.0 | decrease threshold=5.0 | action=increased
[ADMM RHO] PF | primal max ratio=45.161 | primal mean ratio=178.049 | primal selected=178.049 | dual mean ratio=6542.806 | increase threshold=5.0 | decrease threshold=3.0 | action=decreased
[ADMM RHO] ESS | primal max ratio=1.137 | primal mean ratio=0.818 | primal selected=1.137 | dual mean ratio=0.258 | increase threshold=5.0 | decrease threshold=5.0 | action=held
[INFO]		 - ADMM cycle 1 | Primal (V max/mean | PF max/mean | ESS max/mean) = 0.067808/0.051846 | 0.451606/0.178049 | 0.113738/0.008185 | Dual (V max/mean | PF max/mean | ESS max/mean) = 0.150000/0.101737 | 218.209264/65.428056 | 0.028763/0.002580 | Recourse change = N/A (tol. N/A) | Stable cycles = 0/1 | Penalty actions (V/PF/ESS) = increased/decreased/held
[INFO] 	 - Iteration 1: 47.75 s
[INFO] 	 - ADMM Iteration 2
[INFO] 		 - Updating distribution networks:
[INFO] 			 - Running SMOPF, Network case33_1, 2025, Spring...
[INFO] 			 - Running SMOPF, Network case33_1, 2025, Summer...
[INFO] 			 - Running SMOPF, Network case33_1, 2025, Autumn...
[INFO] 			 - Running SMOPF, Network case33_1, 2025, Winter...
[INFO] 			 - Running SMOPF, Network case33_1, 2030, Spring...
[INFO] 			 - Running SMOPF, Network case33_1, 2030, Summer...
[INFO] 			 - Running SMOPF, Network case33_1, 2030, Autumn...
[INFO] 			 - Running SMOPF, Network case33_1, 2030, Winter...
[INFO] 			 - Running SMOPF, Network case33_1, 2035, Spring...
[INFO] 			 - Running SMOPF, Network case33_1, 2035, Summer...
[INFO] 			 - Running SMOPF, Network case33_1, 2035, Autumn...
[INFO] 			 - Running SMOPF, Network case33_1, 2035, Winter...
[INFO] 			 - Running SMOPF, Network case33_2, 2025, Spring...
[INFO] 			 - Running SMOPF, Network case33_2, 2025, Summer...
[INFO] 			 - Running SMOPF, Network case33_2, 2025, Autumn...
[INFO] 			 - Running SMOPF, Network case33_2, 2025, Winter...
[INFO] 			 - Running SMOPF, Network case33_2, 2030, Spring...
[INFO] 			 - Running SMOPF, Network case33_2, 2030, Summer...
[INFO] 			 - Running SMOPF, Network case33_2, 2030, Autumn...
[INFO] 			 - Running SMOPF, Network case33_2, 2030, Winter...
[INFO] 			 - Running SMOPF, Network case33_2, 2035, Spring...
[INFO] 			 - Running SMOPF, Network case33_2, 2035, Summer...
[INFO] 			 - Running SMOPF, Network case33_2, 2035, Autumn...
[INFO] 			 - Running SMOPF, Network case33_2, 2035, Winter...
[INFO] 			 - Running SMOPF, Network case33_3, 2025, Spring...
[INFO] 			 - Running SMOPF, Network case33_3, 2025, Summer...
[INFO] 			 - Running SMOPF, Network case33_3, 2025, Autumn...
[INFO] 			 - Running SMOPF, Network case33_3, 2025, Winter...
[INFO] 			 - Running SMOPF, Network case33_3, 2030, Spring...
[INFO] 			 - Running SMOPF, Network case33_3, 2030, Summer...
[INFO] 			 - Running SMOPF, Network case33_3, 2030, Autumn...
[INFO] 			 - Running SMOPF, Network case33_3, 2030, Winter...
[INFO] 			 - Running SMOPF, Network case33_3, 2035, Spring...
[INFO] 			 - Running SMOPF, Network case33_3, 2035, Summer...
[INFO] 			 - Running SMOPF, Network case33_3, 2035, Autumn...
[INFO] 			 - Running SMOPF, Network case33_3, 2035, Winter...
[INFO] 		 - Updating transmission network...
[INFO] 			 - Running SMOPF, Network case9, 2025, Spring...
[INFO] 			 - Running SMOPF, Network case9, 2025, Summer...
[INFO] 			 - Running SMOPF, Network case9, 2025, Autumn...
[INFO] 			 - Running SMOPF, Network case9, 2025, Winter...
[INFO] 			 - Running SMOPF, Network case9, 2030, Spring...
[INFO] 			 - Running SMOPF, Network case9, 2030, Summer...
[INFO] 			 - Running SMOPF, Network case9, 2030, Autumn...
[INFO] 			 - Running SMOPF, Network case9, 2030, Winter...
[INFO] 			 - Running SMOPF, Network case9, 2035, Spring...
[INFO] 			 - Running SMOPF, Network case9, 2035, Summer...
[INFO] 			 - Running SMOPF, Network case9, 2035, Autumn...
[INFO] 			 - Running SMOPF, Network case9, 2035, Winter...
[TSO PROX] cycle=2 | updated_blocks=12 | held_failed_blocks=0 | V max=0.003737 | PF max=0.188776 | ESS max=0.111170
[TSO PROX][V MAX] node=9, year=2030, day=Winter, period=8 | dV=1.289237 kV | normalized=0.003737
[TSO PROX][PF MAX] node=9, year=2025, day=Summer, period=20, type=Q | delta=28.316433 MVAr | normalized=0.188776
[TSO PROX][ESS MAX] node=9, year=2035, day=Summer, period=3, type=P | delta=0.215392 MW | normalized=0.111170
[INFO] 		 - Updating SharedESS...
[INFO] 		 - Running Shared ESS optimization (subproblem)...
[INFO] 			 - Node 5...
[INFO] Shared ESS complementarity diagnostics for ESS node=5: ratio_max=2.584975e-05 n_periods=288 mu_final=4.252424e-09 s_obj=1.000000e-01 eps=1.000000e-03 bound=1.224698e-02 measured=8.611135e-03
[INFO] 			 - Node 7...
[INFO] Shared ESS complementarity diagnostics for ESS node=7: ratio_max=2.583865e-05 n_periods=288 mu_final=4.323180e-09 s_obj=1.000000e-01 eps=1.000000e-03 bound=1.245076e-02 measured=8.590946e-03
[INFO] 			 - Node 9...
[INFO] Shared ESS complementarity diagnostics for ESS node=9: ratio_max=2.585583e-05 n_periods=288 mu_final=4.249563e-09 s_obj=1.000000e-01 eps=1.000000e-03 bound=1.223874e-02 measured=8.583648e-03
[DIAG][V MAX] node=5, year=2035, day=Spring, period=2 | TSO=361.408478 kV, DSO=373.352734 kV, diff=11.944256 kV, base=345.000000 kV, normalized=0.034621, rho(TSO/DSO)=2.250000/2.250000
[INFO]		 - interface Vmag max primal residual failed. 0.034621 > 0.010000
[INFO]		 - interface Vmag mean primal residual failed. 0.021279 > 0.001000
[INFO]		 - interface PF mean primal residual failed. 0.001554 > 0.001000
[INFO]		 - interface Vmag mean dual residual failed. 0.035614 > 0.010000
[INFO]		 - interface PF mean dual residual failed. 17.923849 > 0.010000
[RECOURSE JUMP] cycle=2 | abs_change=9.767232e+08 | tol=2.808857e+05 | signed_change=-9.767232e+08
[RECOURSE JUMP] Reconciliation | previous=2.808857e+09 | current=1.832134e+09 | block_delta=-9.767232e+08 | mismatch=+1.192093e-06
[RECOURSE JUMP] Aggregate signed changes:
  DSO node=7 | delta=-4.029541e+08
  TSO | delta=-2.855922e+08
  DSO node=9 | delta=-1.778718e+08
  DSO node=5 | delta=-1.103051e+08
  SALVAGE | delta=-7.982517e-36
[RECOURSE JUMP] Largest 10 block changes:
  DSO node=7 year=2035 day=Autumn | previous=6.446602e+07 | current=2.230331e+05 | delta=-6.424298e+07 | abs_delta=6.424298e+07
    [RECOURSE COMPONENTS] gen=+0.000000e+00 | flex=-1.891246e+07 | load_curt=+0.000000e+00 | res_curt=-3.067604e+03 | ess_usage=+0.000000e+00 | slacks=-4.527681e+07 | ess_comp=-5.064232e+04
    [SLACK COMPONENTS] voltage=-3.333251e+07 | node_P=+0.000000e+00 | node_Q=+0.000000e+00 | branch_ij=+0.000000e+00 | branch_ji=+0.000000e+00 | flex_P=-1.194429e+07 | flex_Q=+0.000000e+00
    [SLACK COMPONENT CHECK] classified_delta=-4.527681e+07 | objective_slack_delta=-4.527681e+07 | mismatch=+8.940697e-08
    [RECOURSE COMPONENT CHECK] classified_delta=-6.424298e+07 | block_delta=-6.424298e+07 | mismatch=-7.450581e-09
  TSO node=None year=2025 day=Autumn | previous=1.862592e+08 | current=1.298028e+08 | delta=-5.645642e+07 | abs_delta=5.645642e+07
    [RECOURSE JUMP][TSO PROX] year=2025 day=Autumn | V max=0.001222 | PF max=0.149632 | ESS max=0.059511
    [RECOURSE COMPONENTS] gen=-3.302576e+07 | flex=-2.341028e+07 | load_curt=+0.000000e+00 | res_curt=-0.000000e+00 | ess_usage=+0.000000e+00 | slacks=-2.237494e+01 | ess_comp=-2.036025e+04
    [SLACK COMPONENTS] voltage=-2.130947e+01 | node_P=+0.000000e+00 | node_Q=+0.000000e+00 | branch_ij=+0.000000e+00 | branch_ji=+0.000000e+00 | flex_P=-5.327366e-01 | flex_Q=-5.327366e-01
    [SLACK COMPONENT CHECK] classified_delta=-2.237494e+01 | objective_slack_delta=-2.237494e+01 | mismatch=-3.552714e-15
    [RECOURSE COMPONENT CHECK] classified_delta=-5.645642e+07 | block_delta=-5.645642e+07 | mismatch=-7.450581e-09
  TSO node=None year=2025 day=Winter | previous=1.944330e+08 | current=1.421467e+08 | delta=-5.228624e+07 | abs_delta=5.228624e+07
    [RECOURSE JUMP][TSO PROX] year=2025 day=Winter | V max=0.001681 | PF max=0.176575 | ESS max=0.053792
    [RECOURSE COMPONENTS] gen=-3.622052e+07 | flex=-1.606569e+07 | load_curt=+0.000000e+00 | res_curt=-0.000000e+00 | ess_usage=+0.000000e+00 | slacks=-2.561788e+01 | ess_comp=-1.782673e+00
    [SLACK COMPONENTS] voltage=-2.439798e+01 | node_P=+0.000000e+00 | node_Q=+0.000000e+00 | branch_ij=+0.000000e+00 | branch_ji=+0.000000e+00 | flex_P=-6.099493e-01 | flex_Q=-6.099493e-01
    [SLACK COMPONENT CHECK] classified_delta=-2.561788e+01 | objective_slack_delta=-2.561788e+01 | mismatch=+3.552714e-15
    [RECOURSE COMPONENT CHECK] classified_delta=-5.228624e+07 | block_delta=-5.228624e+07 | mismatch=+7.450581e-09
  DSO node=7 year=2030 day=Summer | previous=5.290916e+07 | current=3.188610e+06 | delta=-4.972055e+07 | abs_delta=4.972055e+07
    [RECOURSE COMPONENTS] gen=+0.000000e+00 | flex=-1.098712e+07 | load_curt=+0.000000e+00 | res_curt=+5.760469e+04 | ess_usage=+0.000000e+00 | slacks=-3.879104e+07 | ess_comp=-2.552972e-01
    [SLACK COMPONENTS] voltage=-2.560357e+07 | node_P=+0.000000e+00 | node_Q=+0.000000e+00 | branch_ij=+0.000000e+00 | branch_ji=+0.000000e+00 | flex_P=-1.318747e+07 | flex_Q=+8.731480e-09
    [SLACK COMPONENT CHECK] classified_delta=-3.879104e+07 | objective_slack_delta=-3.879104e+07 | mismatch=+7.450581e-08
    [RECOURSE COMPONENT CHECK] classified_delta=-4.972055e+07 | block_delta=-4.972055e+07 | mismatch=+0.000000e+00
  DSO node=7 year=2035 day=Spring | previous=4.692889e+07 | current=2.282899e+06 | delta=-4.464599e+07 | abs_delta=4.464599e+07
    [RECOURSE COMPONENTS] gen=+0.000000e+00 | flex=-1.246926e+07 | load_curt=+0.000000e+00 | res_curt=+6.308702e+04 | ess_usage=+0.000000e+00 | slacks=-3.221505e+07 | ess_comp=-2.476472e+04
    [SLACK COMPONENTS] voltage=-2.013950e+07 | node_P=+0.000000e+00 | node_Q=+0.000000e+00 | branch_ij=+0.000000e+00 | branch_ji=+0.000000e+00 | flex_P=-1.207555e+07 | flex_Q=+0.000000e+00
    [SLACK COMPONENT CHECK] classified_delta=-3.221505e+07 | objective_slack_delta=-3.221505e+07 | mismatch=+2.980232e-08
    [RECOURSE COMPONENT CHECK] classified_delta=-4.464599e+07 | block_delta=-4.464599e+07 | mismatch=+7.450581e-09
  DSO node=7 year=2035 day=Winter | previous=4.338459e+07 | current=1.259570e+05 | delta=-4.325863e+07 | abs_delta=4.325863e+07
    [RECOURSE COMPONENTS] gen=+0.000000e+00 | flex=-1.181459e+07 | load_curt=+0.000000e+00 | res_curt=-6.705182e+03 | ess_usage=+0.000000e+00 | slacks=-3.142284e+07 | ess_comp=-1.450170e+04
    [SLACK COMPONENTS] voltage=-1.947854e+07 | node_P=+0.000000e+00 | node_Q=+0.000000e+00 | branch_ij=+0.000000e+00 | branch_ji=+0.000000e+00 | flex_P=-1.194429e+07 | flex_Q=-8.766321e-11
    [SLACK COMPONENT CHECK] classified_delta=-3.142284e+07 | objective_slack_delta=-3.142284e+07 | mismatch=+3.725290e-08
    [RECOURSE COMPONENT CHECK] classified_delta=-4.325863e+07 | block_delta=-4.325863e+07 | mismatch=+0.000000e+00
  DSO node=7 year=2030 day=Autumn | previous=4.331560e+07 | current=7.333322e+04 | delta=-4.324227e+07 | abs_delta=4.324227e+07
    [RECOURSE COMPONENTS] gen=+0.000000e+00 | flex=-1.640616e+07 | load_curt=+0.000000e+00 | res_curt=-1.225977e+04 | ess_usage=+0.000000e+00 | slacks=-2.682385e+07 | ess_comp=-1.050246e-01
    [SLACK COMPONENTS] voltage=-1.363638e+07 | node_P=+0.000000e+00 | node_Q=+0.000000e+00 | branch_ij=+0.000000e+00 | branch_ji=+0.000000e+00 | flex_P=-1.318747e+07 | flex_Q=+6.756085e-09
    [SLACK COMPONENT CHECK] classified_delta=-2.682385e+07 | objective_slack_delta=-2.682385e+07 | mismatch=-3.725290e-09
    [RECOURSE COMPONENT CHECK] classified_delta=-4.324227e+07 | block_delta=-4.324227e+07 | mismatch=+7.450581e-09
  TSO node=None year=2025 day=Spring | previous=1.830473e+08 | current=1.465293e+08 | delta=-3.651795e+07 | abs_delta=3.651795e+07
    [RECOURSE JUMP][TSO PROX] year=2025 day=Spring | V max=0.002494 | PF max=0.183629 | ESS max=0.059267
    [RECOURSE COMPONENTS] gen=-1.926320e+07 | flex=-1.725472e+07 | load_curt=+0.000000e+00 | res_curt=+0.000000e+00 | ess_usage=+0.000000e+00 | slacks=-3.117281e+01 | ess_comp=-3.304717e+00
    [SLACK COMPONENTS] voltage=-2.968839e+01 | node_P=+0.000000e+00 | node_Q=+0.000000e+00 | branch_ij=+0.000000e+00 | branch_ji=+0.000000e+00 | flex_P=-7.422096e-01 | flex_Q=-7.422096e-01
    [SLACK COMPONENT CHECK] classified_delta=-3.117281e+01 | objective_slack_delta=-3.117281e+01 | mismatch=+3.552714e-15
    [RECOURSE COMPONENT CHECK] classified_delta=-3.651795e+07 | block_delta=-3.651795e+07 | mismatch=+2.235174e-08
  DSO node=5 year=2035 day=Summer | previous=4.230148e+07 | current=6.007943e+06 | delta=-3.629354e+07 | abs_delta=3.629354e+07
    [RECOURSE COMPONENTS] gen=+0.000000e+00 | flex=-9.323068e+06 | load_curt=+0.000000e+00 | res_curt=+1.204430e+05 | ess_usage=+0.000000e+00 | slacks=-2.704097e+07 | ess_comp=-4.994039e+04
    [SLACK COMPONENTS] voltage=-1.509668e+07 | node_P=+0.000000e+00 | node_Q=+0.000000e+00 | branch_ij=+0.000000e+00 | branch_ji=+0.000000e+00 | flex_P=-1.194429e+07 | flex_Q=+1.823700e+00
    [SLACK COMPONENT CHECK] classified_delta=-2.704097e+07 | objective_slack_delta=-2.704097e+07 | mismatch=+7.450581e-09
    [RECOURSE COMPONENT CHECK] classified_delta=-3.629354e+07 | block_delta=-3.629354e+07 | mismatch=-7.450581e-09
  DSO node=9 year=2030 day=Autumn | previous=3.287843e+07 | current=1.782408e+06 | delta=-3.109602e+07 | abs_delta=3.109602e+07
    [RECOURSE COMPONENTS] gen=+0.000000e+00 | flex=-1.553513e+07 | load_curt=+0.000000e+00 | res_curt=+6.086190e+04 | ess_usage=+0.000000e+00 | slacks=-1.562175e+07 | ess_comp=-6.216326e-01
    [SLACK COMPONENTS] voltage=-2.434274e+06 | node_P=+0.000000e+00 | node_Q=+0.000000e+00 | branch_ij=+0.000000e+00 | branch_ji=+0.000000e+00 | flex_P=-1.318747e+07 | flex_Q=-9.394063e+00
    [SLACK COMPONENT CHECK] classified_delta=-1.562175e+07 | objective_slack_delta=-1.562175e+07 | mismatch=-1.676381e-08
    [RECOURSE COMPONENT CHECK] classified_delta=-3.109602e+07 | block_delta=-3.109602e+07 | mismatch=-3.725290e-09
[INFO]		 - Recourse stationarity failed. 976723221.873651 > 280885.725440
[ADMM RHO] V | primal max ratio=3.462 | primal mean ratio=21.279 | primal selected=21.279 | dual mean ratio=3.561 | increase threshold=5.0 | decrease threshold=5.0 | action=increased
[ADMM RHO] PF | primal max ratio=0.356 | primal mean ratio=1.554 | primal selected=1.554 | dual mean ratio=1792.385 | increase threshold=5.0 | decrease threshold=3.0 | action=decreased
[ADMM RHO] ESS | primal max ratio=0.234 | primal mean ratio=0.147 | primal selected=0.234 | dual mean ratio=0.191 | increase threshold=5.0 | decrease threshold=5.0 | action=held
[INFO]		 - ADMM cycle 2 | Primal (V max/mean | PF max/mean | ESS max/mean) = 0.034621/0.021279 | 0.003563/0.001554 | 0.023383/0.001466 | Dual (V max/mean | PF max/mean | ESS max/mean) = 0.112148/0.035614 | 89.648890/17.923849 | 0.019204/0.001915 | Recourse change = 976723221.873651 (tol. 280885.725440) | Stable cycles = 0/1 | Penalty actions (V/PF/ESS) = increased/decreased/held
[INFO] 	 - Iteration 2: 48.21 s
[WARNING] 	 - ADMM did NOT converge in 2 iterations!
[INFO] 	 - Execution time: 123.26 s
