[INFO] Running OPERATIONAL PLANNING (DISTRIBUTED)...
[INFO]	 - Initializing...
[INFO] 		 - Distribution Network node 5...
[INFO] 			 - Running SMOPF, Network case33_1, 2025, Spring...
[INFO] 			 - Running SMOPF, Network case33_1, 2025, Summer...
[INFO] 			 - Running SMOPF, Network case33_1, 2025, Autumn...
[INFO] 			 - Running SMOPF, Network case33_1, 2025, Winter...
[INFO] 			 - Running SMOPF, Network case33_1, 2030, Spring...
[INFO] 			 - Running SMOPF, Network case33_1, 2030, Summer...
[INFO] 			 - Running SMOPF, Network case33_1, 2030, Autumn...
[INFO] 			 - Running SMOPF, Network case33_1, 2030, Winter...
[INFO] 			 - Running SMOPF, Network case33_1, 2035, Spring...
[INFO] 			 - Running SMOPF, Network case33_1, 2035, Summer...
[INFO] 			 - Running SMOPF, Network case33_1, 2035, Autumn...
[INFO] 			 - Running SMOPF, Network case33_1, 2035, Winter...
[INFO] 		 - Distribution Network node 7...
[INFO] 			 - Running SMOPF, Network case33_2, 2025, Spring...
[INFO] 			 - Running SMOPF, Network case33_2, 2025, Summer...
[INFO] 			 - Running SMOPF, Network case33_2, 2025, Autumn...
[INFO] 			 - Running SMOPF, Network case33_2, 2025, Winter...
[INFO] 			 - Running SMOPF, Network case33_2, 2030, Spring...
[INFO] 			 - Running SMOPF, Network case33_2, 2030, Summer...
[INFO] 			 - Running SMOPF, Network case33_2, 2030, Autumn...
[INFO] 			 - Running SMOPF, Network case33_2, 2030, Winter...
[INFO] 			 - Running SMOPF, Network case33_2, 2035, Spring...
[INFO] 			 - Running SMOPF, Network case33_2, 2035, Summer...
[INFO] 			 - Running SMOPF, Network case33_2, 2035, Autumn...
[INFO] 			 - Running SMOPF, Network case33_2, 2035, Winter...
[INFO] 		 - Distribution Network node 9...
[INFO] 			 - Running SMOPF, Network case33_3, 2025, Spring...
[INFO] 			 - Running SMOPF, Network case33_3, 2025, Summer...
[INFO] 			 - Running SMOPF, Network case33_3, 2025, Autumn...
[INFO] 			 - Running SMOPF, Network case33_3, 2025, Winter...
[INFO] 			 - Running SMOPF, Network case33_3, 2030, Spring...
[INFO] 			 - Running SMOPF, Network case33_3, 2030, Summer...
[INFO] 			 - Running SMOPF, Network case33_3, 2030, Autumn...
[INFO] 			 - Running SMOPF, Network case33_3, 2030, Winter...
[INFO] 			 - Running SMOPF, Network case33_3, 2035, Spring...
[INFO] 			 - Running SMOPF, Network case33_3, 2035, Summer...
[INFO] 			 - Running SMOPF, Network case33_3, 2035, Autumn...
[INFO] 			 - Running SMOPF, Network case33_3, 2035, Winter...
[INFO] 		 - Transmission Network...
[INFO] 			 - Running SMOPF, Network case9, 2025, Spring...
[INFO] 			 - Running SMOPF, Network case9, 2025, Summer...
[INFO] 			 - Running SMOPF, Network case9, 2025, Autumn...
[INFO] 			 - Running SMOPF, Network case9, 2025, Winter...
[INFO] 			 - Running SMOPF, Network case9, 2030, Spring...
[INFO] 			 - Running SMOPF, Network case9, 2030, Summer...
[INFO] 			 - Running SMOPF, Network case9, 2030, Autumn...
[INFO] 			 - Running SMOPF, Network case9, 2030, Winter...
[INFO] 			 - Running SMOPF, Network case9, 2035, Spring...
[INFO] 			 - Running SMOPF, Network case9, 2035, Summer...
[INFO] 			 - Running SMOPF, Network case9, 2035, Autumn...
[INFO] 			 - Running SMOPF, Network case9, 2035, Winter...
[INFO] 		 - Running Shared ESS optimization (subproblem)...
[INFO] 			 - Node 5...
[INFO] Shared ESS complementarity diagnostics for ESS node=5: ratio_max=8.663330e-06 n_periods=288 mu_final=1.497458e-11 s_obj=1.000000e-01 eps=1.000000e-05 bound=4.312679e-03 measured=2.312858e-03
[INFO] 			 - Node 7...
[INFO] Shared ESS complementarity diagnostics for ESS node=7: ratio_max=8.664933e-06 n_periods=288 mu_final=1.499878e-11 s_obj=1.000000e-01 eps=1.000000e-05 bound=4.319650e-03 measured=2.305958e-03
[INFO] 			 - Node 9...
[INFO] Shared ESS complementarity diagnostics for ESS node=9: ratio_max=8.662105e-06 n_periods=288 mu_final=1.497387e-11 s_obj=1.000000e-01 eps=1.000000e-05 bound=4.312474e-03 measured=2.313052e-03
[ADMM OF SCALE] n=48 | min=2.430192e+07 | median=4.563872e+07 | max=9.363536e+07 | selected=9.363536e+07
[ADMM OF SCALE] Largest weighted objectives:
  TSO node=None year=2035 day=Winter | base=-9.363536e+07 | scenario=0.000000e+00 | total=-9.363536e+07
  TSO node=None year=2030 day=Autumn | base=-8.831557e+07 | scenario=0.000000e+00 | total=-8.831557e+07
  TSO node=None year=2030 day=Winter | base=-7.463930e+07 | scenario=0.000000e+00 | total=-7.463930e+07
  TSO node=None year=2035 day=Spring | base=-6.233022e+07 | scenario=0.000000e+00 | total=-6.233022e+07
  TSO node=None year=2035 day=Summer | base=-5.846825e+07 | scenario=0.000000e+00 | total=-5.846825e+07
  TSO node=None year=2035 day=Autumn | base=-5.808004e+07 | scenario=0.000000e+00 | total=-5.808004e+07
  TSO node=None year=2030 day=Summer | base=-5.747069e+07 | scenario=0.000000e+00 | total=-5.747069e+07
  DSO node=7 year=2035 day=Spring | base=5.722320e+07 | scenario=0.000000e+00 | total=5.722320e+07
  DSO node=9 year=2025 day=Winter | base=5.578761e+07 | scenario=0.000000e+00 | total=5.578761e+07
  DSO node=5 year=2035 day=Spring | base=5.561607e+07 | scenario=0.000000e+00 | total=5.561607e+07
[ADMM OF SCALE] Fixed sigma in force sigma_fixed=9.363536e+07 | sigma_computed=9.363536e+07 | ratio=1.000000e+00 | assert_factor=3.000
[ADMM ESSO AL SCALE] mode=sigma_over_median_block_weight | sigma=9.363536e+07 | median_block_weight=4.121075e+02 | al_scale_esso=2.272110e+05
[INFO] 	 - ADMM Iteration 1
[INFO] 		 - Updating distribution networks:
[INFO] 			 - Running SMOPF, Network case33_1, 2025, Spring...
[INFO] 			 - Running SMOPF, Network case33_1, 2025, Summer...
[INFO] 			 - Running SMOPF, Network case33_1, 2025, Autumn...
[INFO] 			 - Running SMOPF, Network case33_1, 2025, Winter...
[INFO] 			 - Running SMOPF, Network case33_1, 2030, Spring...
[INFO] 			 - Running SMOPF, Network case33_1, 2030, Summer...
[INFO] 			 - Running SMOPF, Network case33_1, 2030, Autumn...
[INFO] 			 - Running SMOPF, Network case33_1, 2030, Winter...
[INFO] 			 - Running SMOPF, Network case33_1, 2035, Spring...
[INFO] 			 - Running SMOPF, Network case33_1, 2035, Summer...
[INFO] 			 - Running SMOPF, Network case33_1, 2035, Autumn...
[INFO] 			 - Running SMOPF, Network case33_1, 2035, Winter...
[INFO] 			 - Running SMOPF, Network case33_2, 2025, Spring...
[INFO] 			 - Running SMOPF, Network case33_2, 2025, Summer...
[INFO] 			 - Running SMOPF, Network case33_2, 2025, Autumn...
[INFO] 			 - Running SMOPF, Network case33_2, 2025, Winter...
[INFO] 			 - Running SMOPF, Network case33_2, 2030, Spring...
[INFO] 			 - Running SMOPF, Network case33_2, 2030, Summer...
[INFO] 			 - Running SMOPF, Network case33_2, 2030, Autumn...
[INFO] 			 - Running SMOPF, Network case33_2, 2030, Winter...
[INFO] 			 - Running SMOPF, Network case33_2, 2035, Spring...
[INFO] 			 - Running SMOPF, Network case33_2, 2035, Summer...
[INFO] 			 - Running SMOPF, Network case33_2, 2035, Autumn...
[INFO] 			 - Running SMOPF, Network case33_2, 2035, Winter...
[INFO] 			 - Running SMOPF, Network case33_3, 2025, Spring...
[INFO] 			 - Running SMOPF, Network case33_3, 2025, Summer...
[INFO] 			 - Running SMOPF, Network case33_3, 2025, Autumn...
[INFO] 			 - Running SMOPF, Network case33_3, 2025, Winter...
[INFO] 			 - Running SMOPF, Network case33_3, 2030, Spring...
[INFO] 			 - Running SMOPF, Network case33_3, 2030, Summer...
[INFO] 			 - Running SMOPF, Network case33_3, 2030, Autumn...
[INFO] 			 - Running SMOPF, Network case33_3, 2030, Winter...
[INFO] 			 - Running SMOPF, Network case33_3, 2035, Spring...
[INFO] 			 - Running SMOPF, Network case33_3, 2035, Summer...
[INFO] 			 - Running SMOPF, Network case33_3, 2035, Autumn...
[INFO] 			 - Running SMOPF, Network case33_3, 2035, Winter...
[INFO] 		 - Updating transmission network...
[INFO] 			 - Running SMOPF, Network case9, 2025, Spring...
[INFO] 			 - Running SMOPF, Network case9, 2025, Summer...
[INFO] 			 - Running SMOPF, Network case9, 2025, Autumn...
[INFO] 			 - Running SMOPF, Network case9, 2025, Winter...
[INFO] 			 - Running SMOPF, Network case9, 2030, Spring...
[INFO] 			 - Running SMOPF, Network case9, 2030, Summer...
[INFO] 			 - Running SMOPF, Network case9, 2030, Autumn...
[INFO] 			 - Running SMOPF, Network case9, 2030, Winter...
[INFO] 			 - Running SMOPF, Network case9, 2035, Spring...
[INFO] 			 - Running SMOPF, Network case9, 2035, Summer...
[INFO] 			 - Running SMOPF, Network case9, 2035, Autumn...
[INFO] 			 - Running SMOPF, Network case9, 2035, Winter...
[TSO PROX] cycle=1 | updated_blocks=12 | held_failed_blocks=0 | V max=0.084652 | PF max=0.549710 | ESS max=0.127345
[TSO PROX][V MAX] node=5, year=2035, day=Summer, period=22 | dV=29.204784 kV | normalized=0.084652
[TSO PROX][PF MAX] node=5, year=2025, day=Spring, period=9, type=P | delta=109.941947 MW | normalized=0.549710
[TSO PROX][ESS MAX] node=5, year=2025, day=Autumn, period=18, type=P | delta=0.636726 MW | normalized=0.127345
[INFO] 		 - Updating SharedESS...
[INFO] 		 - Running Shared ESS optimization (subproblem)...
[INFO] 			 - Node 5...
[INFO] Shared ESS complementarity diagnostics for ESS node=5: ratio_max=9.338863e-06 n_periods=288 mu_final=1.197520e-11 s_obj=1.000000e-01 eps=1.000000e-05 bound=3.448859e-03 measured=3.002143e-03
[INFO] 			 - Node 7...
[INFO] Shared ESS complementarity diagnostics for ESS node=7: ratio_max=9.392658e-06 n_periods=288 mu_final=1.090586e-11 s_obj=1.000000e-01 eps=1.000000e-05 bound=3.140887e-03 measured=3.164456e-03
[INFO] 			 - Node 9...
[INFO] Shared ESS complementarity diagnostics for ESS node=9: ratio_max=9.373477e-06 n_periods=288 mu_final=1.126412e-11 s_obj=1.000000e-01 eps=1.000000e-05 bound=3.244067e-03 measured=3.283780e-03
[DIAG][V MAX] node=5, year=2035, day=Summer, period=22 | TSO=373.045955 kV, DSO=342.682360 kV, diff=30.363595 kV, base=345.000000 kV, normalized=0.088010, rho(TSO/DSO)=0.007700/0.007700
[DIAG][PF MAX] node=5, year=2035, day=Summer, period=22, type=P | TSO=102.784983 MW, DSO=32.265354 MW, diff=70.519629 MW, rating=200.000000 MVA, normalized=0.352598, rho(TSO/DSO)=0.198000/0.198000
[INFO]		 - interface Vmag max primal residual failed. 0.088010 > 0.010000
[INFO]		 - interface Vmag mean primal residual failed. 0.032598 > 0.001000
[INFO]		 - interface PF max primal residual failed. 0.352598 > 0.010000
[INFO]		 - interface PF mean primal residual failed. 0.143476 > 0.001000
[INFO]		 - interface PF mean dual residual failed. 0.034626 > 0.010000
[INFO]		 - Recourse stationarity requires one previous successful cycle.
[ADMM RHO] V | primal max ratio=8.801 | primal mean ratio=32.598 | primal selected=32.598 | dual mean ratio=0.014 | increase threshold=5.0 | decrease threshold=5.0 | action=increased
[ADMM RHO BOYD] V | r=1.085291e+00 | s=7.981864e-03 | eps_pri=3.319081e-03 | eps_dual=2.947370e-04 | primal_ratio=3.269855e+02 | dual_ratio=2.708131e+01 | dual_ratio_balance=2.708131e+01 | rho_before=7.700000e-03 | rho_after=1.155000e-02 | gamma_before=0.000000e+00 | gamma_after=0.000000e+00 | action=increased
[ADMM RHO] PF | primal max ratio=35.260 | primal mean ratio=143.476 | primal selected=143.476 | dual mean ratio=3.463 | increase threshold=5.0 | decrease threshold=3.0 | action=held
[ADMM RHO BOYD] PF | r=6.648838e+00 | s=2.030228e+00 | eps_pri=1.619218e-03 | eps_dual=4.208293e-04 | primal_ratio=4.106203e+03 | dual_ratio=4.824351e+03 | dual_ratio_balance=4.824351e+03 | rho_before=1.980000e-01 | rho_after=1.980000e-01 | gamma_before=0.000000e+00 | gamma_after=0.000000e+00 | action=held
[ADMM RHO] ESS | primal max ratio=0.849 | primal mean ratio=0.908 | primal selected=0.908 | dual mean ratio=0.007 | increase threshold=5.0 | decrease threshold=5.0 | action=exempt (fixed)
[ADMM RHO BOYD] ESS | r=1.225113e+00 | s=8.663498e-03 | eps_pri=8.700639e-04 | eps_dual=7.212251e-04 | primal_ratio=1.408072e+03 | dual_ratio=1.201220e+01 | dual_ratio_balance=1.201220e+01 | rho_before=1.000000e-02 | rho_after=1.000000e-02 | gamma_before=0.000000e+00 | gamma_after=0.000000e+00 | action=exempt (fixed)
[INFO]		 - ADMM cycle 1 | Primal (V max/mean | PF max/mean | ESS max/mean) = 0.088010/0.032598 | 0.352598/0.143476 | 0.084925/0.009080 | Dual (V max/mean | PF max/mean | ESS max/mean) = 0.000652/0.000138 | 0.128943/0.034626 | 0.000424/0.000068 | Recourse change = N/A (tol. N/A) | Stable cycles = 0/10 | Penalty actions (V/PF/ESS) = increased/held/exempt (fixed)
[INFO] 	 - Iteration 1: 30.39 s
[INFO] 	 - ADMM Iteration 2
[INFO] 		 - Updating distribution networks:
[INFO] 			 - Running SMOPF, Network case33_1, 2025, Spring...
[INFO] 			 - Running SMOPF, Network case33_1, 2025, Summer...
[INFO] 			 - Running SMOPF, Network case33_1, 2025, Autumn...
[INFO] 			 - Running SMOPF, Network case33_1, 2025, Winter...
[INFO] 			 - Running SMOPF, Network case33_1, 2030, Spring...
[INFO] 			 - Running SMOPF, Network case33_1, 2030, Summer...
[INFO] 			 - Running SMOPF, Network case33_1, 2030, Autumn...
[INFO] 			 - Running SMOPF, Network case33_1, 2030, Winter...
[INFO] 			 - Running SMOPF, Network case33_1, 2035, Spring...
[INFO] 			 - Running SMOPF, Network case33_1, 2035, Summer...
[INFO] 			 - Running SMOPF, Network case33_1, 2035, Autumn...
[INFO] 			 - Running SMOPF, Network case33_1, 2035, Winter...
[INFO] 			 - Running SMOPF, Network case33_2, 2025, Spring...
[INFO] 			 - Running SMOPF, Network case33_2, 2025, Summer...
[INFO] 			 - Running SMOPF, Network case33_2, 2025, Autumn...
[INFO] 			 - Running SMOPF, Network case33_2, 2025, Winter...
[INFO] 			 - Running SMOPF, Network case33_2, 2030, Spring...
[INFO] 			 - Running SMOPF, Network case33_2, 2030, Summer...
[INFO] 			 - Running SMOPF, Network case33_2, 2030, Autumn...
[INFO] 			 - Running SMOPF, Network case33_2, 2030, Winter...
[INFO] 			 - Running SMOPF, Network case33_2, 2035, Spring...
[INFO] 			 - Running SMOPF, Network case33_2, 2035, Summer...
[INFO] 			 - Running SMOPF, Network case33_2, 2035, Autumn...
[INFO] 			 - Running SMOPF, Network case33_2, 2035, Winter...
[INFO] 			 - Running SMOPF, Network case33_3, 2025, Spring...
[INFO] 			 - Running SMOPF, Network case33_3, 2025, Summer...
[INFO] 			 - Running SMOPF, Network case33_3, 2025, Autumn...
[INFO] 			 - Running SMOPF, Network case33_3, 2025, Winter...
[INFO] 			 - Running SMOPF, Network case33_3, 2030, Spring...
[INFO] 			 - Running SMOPF, Network case33_3, 2030, Summer...
[INFO] 			 - Running SMOPF, Network case33_3, 2030, Autumn...
[INFO] 			 - Running SMOPF, Network case33_3, 2030, Winter...
[INFO] 			 - Running SMOPF, Network case33_3, 2035, Spring...
[INFO] 			 - Running SMOPF, Network case33_3, 2035, Summer...
[INFO] 			 - Running SMOPF, Network case33_3, 2035, Autumn...
[INFO] 			 - Running SMOPF, Network case33_3, 2035, Winter...
[INFO] 		 - Updating transmission network...
[INFO] 			 - Running SMOPF, Network case9, 2025, Spring...
[INFO] 			 - Running SMOPF, Network case9, 2025, Summer...
[INFO] 			 - Running SMOPF, Network case9, 2025, Autumn...
[INFO] 			 - Running SMOPF, Network case9, 2025, Winter...
[INFO] 			 - Running SMOPF, Network case9, 2030, Spring...
[INFO] 			 - Running SMOPF, Network case9, 2030, Summer...
[INFO] 			 - Running SMOPF, Network case9, 2030, Autumn...
[INFO] 			 - Running SMOPF, Network case9, 2030, Winter...
[INFO] 			 - Running SMOPF, Network case9, 2035, Spring...
[INFO] 			 - Running SMOPF, Network case9, 2035, Summer...
[INFO] 			 - Running SMOPF, Network case9, 2035, Autumn...
[INFO] 			 - Running SMOPF, Network case9, 2035, Winter...
[TSO PROX] cycle=2 | updated_blocks=12 | held_failed_blocks=0 | V max=0.021945 | PF max=0.304642 | ESS max=0.065966
[TSO PROX][V MAX] node=5, year=2035, day=Summer, period=22 | dV=7.570950 kV | normalized=0.021945
[TSO PROX][PF MAX] node=5, year=2025, day=Spring, period=20, type=P | delta=60.928362 MW | normalized=0.304642
[TSO PROX][ESS MAX] node=7, year=2035, day=Autumn, period=20, type=P | delta=0.329831 MW | normalized=0.065966
[INFO] 		 - Updating SharedESS...
[INFO] 		 - Running Shared ESS optimization (subproblem)...
[INFO] 			 - Node 5...
[INFO] Shared ESS complementarity diagnostics for ESS node=5: ratio_max=5.936656e-06 n_periods=288 mu_final=1.116291e-11 s_obj=1.000000e-01 eps=1.000000e-05 bound=3.214918e-03 measured=2.620977e-03
[INFO] 			 - Node 7...
[INFO] Shared ESS complementarity diagnostics for ESS node=7: ratio_max=5.984932e-06 n_periods=288 mu_final=1.124213e-11 s_obj=1.000000e-01 eps=1.000000e-05 bound=3.237733e-03 measured=2.619859e-03
[INFO] 			 - Node 9...
[INFO] Shared ESS complementarity diagnostics for ESS node=9: ratio_max=5.091083e-06 n_periods=288 mu_final=9.130244e-12 s_obj=1.000000e-01 eps=1.000000e-05 bound=2.629510e-03 measured=2.618042e-03
[DIAG][V MAX] node=9, year=2025, day=Spring, period=23 | TSO=362.278169 kV, DSO=379.498470 kV, diff=17.220301 kV, base=345.000000 kV, normalized=0.049914, rho(TSO/DSO)=0.011550/0.011550
[DIAG][PF MAX] node=5, year=2035, day=Spring, period=7, type=P | TSO=13.216912 MW, DSO=-25.603052 MW, diff=38.819965 MW, rating=200.000000 MVA, normalized=0.194100, rho(TSO/DSO)=0.198000/0.198000
[INFO]		 - interface Vmag max primal residual failed. 0.049914 > 0.010000
[INFO]		 - interface Vmag mean primal residual failed. 0.015795 > 0.001000
[INFO]		 - interface PF max primal residual failed. 0.194100 > 0.010000
[INFO]		 - interface PF mean primal residual failed. 0.003159 > 0.001000
[INFO]		 - interface PF mean dual residual failed. 0.016445 > 0.010000
[RECOURSE JUMP] cycle=2 | abs_change=8.457171e+08 | tol=1.586460e+05 | signed_change=-8.457171e+08
[RECOURSE JUMP] Reconciliation | previous=1.586460e+09 | current=7.407428e+08 | block_delta=-8.457171e+08 | mismatch=+7.152557e-07
[RECOURSE JUMP] Aggregate signed changes:
  TSO | delta=-7.779685e+08
  DSO node=5 | delta=-3.084385e+07
  DSO node=9 | delta=-2.420414e+07
  DSO node=7 | delta=-1.270064e+07
  SALVAGE | delta=-6.224064e-35
[RECOURSE JUMP] Largest 10 block changes:
  TSO node=None year=2025 day=Spring | previous=1.518750e+08 | current=5.281065e+07 | delta=-9.906439e+07 | abs_delta=9.906439e+07
    [RECOURSE JUMP][TSO PROX] year=2025 day=Spring | V max=0.012895 | PF max=0.304642 | ESS max=0.019822
    [RECOURSE COMPONENTS] gen=-9.906439e+07 | flex=+0.000000e+00 | load_curt=+0.000000e+00 | res_curt=+0.000000e+00 | ess_usage=+0.000000e+00 | slacks=+2.058016e-10 | ess_comp=-2.281880e-04
    [SLACK COMPONENTS] voltage=+2.058016e-10 | node_P=+0.000000e+00 | node_Q=+0.000000e+00 | branch_ij=+0.000000e+00 | branch_ji=+0.000000e+00 | flex_P=+0.000000e+00 | flex_Q=+0.000000e+00
    [SLACK COMPONENT CHECK] classified_delta=+2.058016e-10 | objective_slack_delta=+2.058016e-10 | mismatch=+0.000000e+00
    [RECOURSE COMPONENT CHECK] classified_delta=-9.906439e+07 | block_delta=-9.906439e+07 | mismatch=+1.490116e-08
  TSO node=None year=2035 day=Spring | previous=1.230133e+08 | current=3.726158e+07 | delta=-8.575172e+07 | abs_delta=8.575172e+07
    [RECOURSE JUMP][TSO PROX] year=2035 day=Spring | V max=0.018871 | PF max=0.260157 | ESS max=0.061822
    [RECOURSE COMPONENTS] gen=-8.575172e+07 | flex=+0.000000e+00 | load_curt=+0.000000e+00 | res_curt=+0.000000e+00 | ess_usage=+0.000000e+00 | slacks=+1.600355e-10 | ess_comp=-3.454903e-04
    [SLACK COMPONENTS] voltage=+1.600355e-10 | node_P=+0.000000e+00 | node_Q=+0.000000e+00 | branch_ij=+0.000000e+00 | branch_ji=+0.000000e+00 | flex_P=+0.000000e+00 | flex_Q=+0.000000e+00
    [SLACK COMPONENT CHECK] classified_delta=+1.600355e-10 | objective_slack_delta=+1.600355e-10 | mismatch=+0.000000e+00
    [RECOURSE COMPONENT CHECK] classified_delta=-8.575172e+07 | block_delta=-8.575172e+07 | mismatch=+1.490116e-08
  TSO node=None year=2025 day=Summer | previous=1.592161e+08 | current=7.383346e+07 | delta=-8.538265e+07 | abs_delta=8.538265e+07
    [RECOURSE JUMP][TSO PROX] year=2025 day=Summer | V max=0.011792 | PF max=0.303497 | ESS max=0.018879
    [RECOURSE COMPONENTS] gen=-8.538265e+07 | flex=+0.000000e+00 | load_curt=+0.000000e+00 | res_curt=+0.000000e+00 | ess_usage=+0.000000e+00 | slacks=+5.371845e-10 | ess_comp=-1.848477e-04
    [SLACK COMPONENTS] voltage=+5.371845e-10 | node_P=+0.000000e+00 | node_Q=+0.000000e+00 | branch_ij=+0.000000e+00 | branch_ji=+0.000000e+00 | flex_P=+0.000000e+00 | flex_Q=+0.000000e+00
    [SLACK COMPONENT CHECK] classified_delta=+5.371845e-10 | objective_slack_delta=+5.371845e-10 | mismatch=+0.000000e+00
    [RECOURSE COMPONENT CHECK] classified_delta=-8.538265e+07 | block_delta=-8.538265e+07 | mismatch=+2.980232e-08
  TSO node=None year=2025 day=Winter | previous=1.683114e+08 | current=8.434167e+07 | delta=-8.396976e+07 | abs_delta=8.396976e+07
    [RECOURSE JUMP][TSO PROX] year=2025 day=Winter | V max=0.014643 | PF max=0.211211 | ESS max=0.028081
    [RECOURSE COMPONENTS] gen=-8.396976e+07 | flex=+0.000000e+00 | load_curt=+0.000000e+00 | res_curt=+0.000000e+00 | ess_usage=+0.000000e+00 | slacks=+1.097959e-09 | ess_comp=-1.229970e-05
    [SLACK COMPONENTS] voltage=+1.097959e-09 | node_P=+0.000000e+00 | node_Q=+0.000000e+00 | branch_ij=+0.000000e+00 | branch_ji=+0.000000e+00 | flex_P=+0.000000e+00 | flex_Q=+0.000000e+00
    [SLACK COMPONENT CHECK] classified_delta=+1.097959e-09 | objective_slack_delta=+1.097959e-09 | mismatch=+0.000000e+00
    [RECOURSE COMPONENT CHECK] classified_delta=-8.396976e+07 | block_delta=-8.396976e+07 | mismatch=-2.980232e-08
  TSO node=None year=2030 day=Spring | previous=1.115004e+08 | current=2.926256e+07 | delta=-8.223784e+07 | abs_delta=8.223784e+07
    [RECOURSE JUMP][TSO PROX] year=2030 day=Spring | V max=0.012878 | PF max=0.255208 | ESS max=0.025869
    [RECOURSE COMPONENTS] gen=-8.223784e+07 | flex=+0.000000e+00 | load_curt=+0.000000e+00 | res_curt=+0.000000e+00 | ess_usage=+0.000000e+00 | slacks=+4.830270e-11 | ess_comp=-3.383686e-04
    [SLACK COMPONENTS] voltage=+4.830270e-11 | node_P=+0.000000e+00 | node_Q=+0.000000e+00 | branch_ij=+0.000000e+00 | branch_ji=+0.000000e+00 | flex_P=+0.000000e+00 | flex_Q=+0.000000e+00
    [SLACK COMPONENT CHECK] classified_delta=+4.830270e-11 | objective_slack_delta=+4.830270e-11 | mismatch=+0.000000e+00
    [RECOURSE COMPONENT CHECK] classified_delta=-8.223784e+07 | block_delta=-8.223784e+07 | mismatch=+1.490116e-08
  TSO node=None year=2025 day=Autumn | previous=1.533567e+08 | current=7.812166e+07 | delta=-7.523506e+07 | abs_delta=7.523506e+07
    [RECOURSE JUMP][TSO PROX] year=2025 day=Autumn | V max=0.019282 | PF max=0.221634 | ESS max=0.040501
    [RECOURSE COMPONENTS] gen=-7.523506e+07 | flex=+0.000000e+00 | load_curt=+0.000000e+00 | res_curt=+0.000000e+00 | ess_usage=+0.000000e+00 | slacks=+9.705516e-10 | ess_comp=-3.949597e-05
    [SLACK COMPONENTS] voltage=+9.705516e-10 | node_P=+0.000000e+00 | node_Q=+0.000000e+00 | branch_ij=+0.000000e+00 | branch_ji=+0.000000e+00 | flex_P=+0.000000e+00 | flex_Q=+0.000000e+00
    [SLACK COMPONENT CHECK] classified_delta=+9.705516e-10 | objective_slack_delta=+9.705516e-10 | mismatch=+0.000000e+00
    [RECOURSE COMPONENT CHECK] classified_delta=-7.523506e+07 | block_delta=-7.523506e+07 | mismatch=+1.490116e-08
  TSO node=None year=2030 day=Summer | previous=1.153161e+08 | current=5.105868e+07 | delta=-6.425737e+07 | abs_delta=6.425737e+07
    [RECOURSE JUMP][TSO PROX] year=2030 day=Summer | V max=0.012768 | PF max=0.220576 | ESS max=0.028855
    [RECOURSE COMPONENTS] gen=-6.425737e+07 | flex=+0.000000e+00 | load_curt=+0.000000e+00 | res_curt=+0.000000e+00 | ess_usage=+0.000000e+00 | slacks=+1.660325e-10 | ess_comp=-3.292457e-04
    [SLACK COMPONENTS] voltage=+1.660325e-10 | node_P=+0.000000e+00 | node_Q=+0.000000e+00 | branch_ij=+0.000000e+00 | branch_ji=+0.000000e+00 | flex_P=+0.000000e+00 | flex_Q=+0.000000e+00
    [SLACK COMPONENT CHECK] classified_delta=+1.660325e-10 | objective_slack_delta=+1.660325e-10 | mismatch=+0.000000e+00
    [RECOURSE COMPONENT CHECK] classified_delta=-6.425737e+07 | block_delta=-6.425737e+07 | mismatch=-7.450581e-09
  TSO node=None year=2035 day=Summer | previous=1.100333e+08 | current=4.675021e+07 | delta=-6.328312e+07 | abs_delta=6.328312e+07
    [RECOURSE JUMP][TSO PROX] year=2035 day=Summer | V max=0.021945 | PF max=0.265494 | ESS max=0.051252
    [RECOURSE COMPONENTS] gen=-6.328312e+07 | flex=+0.000000e+00 | load_curt=+0.000000e+00 | res_curt=+0.000000e+00 | ess_usage=+0.000000e+00 | slacks=-1.207923e-13 | ess_comp=-2.458630e-04
    [SLACK COMPONENTS] voltage=-1.207923e-13 | node_P=+0.000000e+00 | node_Q=+0.000000e+00 | branch_ij=+0.000000e+00 | branch_ji=+0.000000e+00 | flex_P=+0.000000e+00 | flex_Q=+0.000000e+00
    [SLACK COMPONENT CHECK] classified_delta=-1.207923e-13 | objective_slack_delta=-1.207923e-13 | mismatch=+0.000000e+00
    [RECOURSE COMPONENT CHECK] classified_delta=-6.328312e+07 | block_delta=-6.328312e+07 | mismatch=+1.490116e-08
  TSO node=None year=2030 day=Winter | previous=8.208326e+07 | current=3.865796e+07 | delta=-4.342530e+07 | abs_delta=4.342530e+07
    [RECOURSE JUMP][TSO PROX] year=2030 day=Winter | V max=0.014631 | PF max=0.154120 | ESS max=0.051059
    [RECOURSE COMPONENTS] gen=-4.342530e+07 | flex=+0.000000e+00 | load_curt=+0.000000e+00 | res_curt=+0.000000e+00 | ess_usage=+0.000000e+00 | slacks=-4.160938e-11 | ess_comp=-6.003228e-05
    [SLACK COMPONENTS] voltage=-4.160938e-11 | node_P=+0.000000e+00 | node_Q=+0.000000e+00 | branch_ij=+0.000000e+00 | branch_ji=+0.000000e+00 | flex_P=+0.000000e+00 | flex_Q=+0.000000e+00
    [SLACK COMPONENT CHECK] classified_delta=-4.160938e-11 | objective_slack_delta=-4.160938e-11 | mismatch=+0.000000e+00
    [RECOURSE COMPONENT CHECK] classified_delta=-4.342530e+07 | block_delta=-4.342530e+07 | mismatch=+7.450581e-09
  TSO node=None year=2035 day=Winter | previous=7.432345e+07 | current=3.708009e+07 | delta=-3.724335e+07 | abs_delta=3.724335e+07
    [RECOURSE JUMP][TSO PROX] year=2035 day=Winter | V max=0.016167 | PF max=0.128499 | ESS max=0.022767
    [RECOURSE COMPONENTS] gen=-3.724335e+07 | flex=+0.000000e+00 | load_curt=+0.000000e+00 | res_curt=+0.000000e+00 | ess_usage=+0.000000e+00 | slacks=-6.953229e-10 | ess_comp=-5.172087e-05
    [SLACK COMPONENTS] voltage=-6.953229e-10 | node_P=+0.000000e+00 | node_Q=+0.000000e+00 | branch_ij=+0.000000e+00 | branch_ji=+0.000000e+00 | flex_P=+0.000000e+00 | flex_Q=+0.000000e+00
    [SLACK COMPONENT CHECK] classified_delta=-6.953229e-10 | objective_slack_delta=-6.953229e-10 | mismatch=+0.000000e+00
    [RECOURSE COMPONENT CHECK] classified_delta=-3.724335e+07 | block_delta=-3.724335e+07 | mismatch=+0.000000e+00
[INFO]		 - Recourse stationarity failed. 845717094.982562 > 158645.992456
[ADMM RHO] V | primal max ratio=4.991 | primal mean ratio=15.795 | primal selected=15.795 | dual mean ratio=0.034 | increase threshold=5.0 | decrease threshold=5.0 | action=increased
[ADMM RHO BOYD] V | r=5.920546e-01 | s=2.492141e-03 | eps_pri=3.378624e-03 | eps_dual=2.941897e-04 | primal_ratio=1.752354e+02 | dual_ratio=8.471204e+00 | dual_ratio_balance=8.471204e+00 | rho_before=1.155000e-02 | rho_after=1.732500e-02 | gamma_before=0.000000e+00 | gamma_after=0.000000e+00 | action=increased
[ADMM RHO] PF | primal max ratio=19.410 | primal mean ratio=3.159 | primal selected=19.410 | dual mean ratio=1.644 | increase threshold=5.0 | decrease threshold=3.0 | action=decreased
[ADMM RHO BOYD] PF | r=4.661932e-01 | s=8.814951e-01 | eps_pri=1.291221e-03 | eps_dual=4.246863e-04 | primal_ratio=3.610483e+02 | dual_ratio=2.075638e+03 | dual_ratio_balance=2.075638e+03 | rho_before=1.980000e-01 | rho_after=1.320000e-01 | gamma_before=0.000000e+00 | gamma_after=0.000000e+00 | action=decreased
[ADMM RHO] ESS | primal max ratio=0.442 | primal mean ratio=0.251 | primal selected=0.442 | dual mean ratio=0.008 | increase threshold=5.0 | decrease threshold=5.0 | action=exempt (fixed)
[ADMM RHO BOYD] ESS | r=3.598359e-01 | s=1.042867e-02 | eps_pri=9.134365e-04 | eps_dual=7.214748e-04 | primal_ratio=3.939364e+02 | dual_ratio=1.445466e+01 | dual_ratio_balance=1.445466e+01 | rho_before=1.000000e-02 | rho_after=1.000000e-02 | gamma_before=0.000000e+00 | gamma_after=0.000000e+00 | action=exempt (fixed)
[INFO]		 - ADMM cycle 2 | Primal (V max/mean | PF max/mean | ESS max/mean) = 0.049914/0.015795 | 0.194100/0.003159 | 0.044180/0.002507 | Dual (V max/mean | PF max/mean | ESS max/mean) = 0.001274/0.000340 | 0.064172/0.016445 | 0.000504/0.000083 | Recourse change = 845717094.982562 (tol. 158645.992456) | Stable cycles = 0/10 | Penalty actions (V/PF/ESS) = increased/decreased/exempt (fixed)
[INFO] 	 - Iteration 2: 33.47 s
[WARNING] 	 - ADMM did NOT converge in 2 iterations!
[INFO] 	 - Execution time: 91.61 s
