[W68-nl-varcount] instance 2x2 alpha 0.5 label 2x2_a0p50_r2; checklist {'case_sha256_matches': True, 'params_file_sha256_matches': True, 'row_spec_sha256_matches': True, 'writer_forces_presolve_off': True, 'production_builders_present': True, 'capture_paths_present': True, 'script_committed_unmodified': True, 'row_spec_pins_this_case': True, 'alpha_in_row_spec': True}
[W68-nl-varcount] memory at before read: available 22.70 GiB (free+inactive 15.46), own max RSS 0.20 GiB
[W68-nl-varcount] positive control (hazard screens must fire): {'H1_unbounded': [['d_dn', 'd_up']], 'H1_bounded': [['e_dn', 'e_up']], 'H2': ['y'], 'H0': [], 'pass': True}
[INFO] Scenario random seed: 2026
[INFO] Reading MARKET DATA from file(s)...
[INFO] 	 - Generating market scenarios...
[INFO] 	 - Plotting market scenarios...
[INFO] Reading DISTRIBUTION NETWORK DATA from file(s)...
[INFO]	 - Generating load stochastic scenarios...
[INFO]	 - Generating RES generation stochastic scenarios...
[INFO]	 - Generating flexibility stochastic scenarios...
[INFO]	 - Plotting flexibility profiles...
[INFO]	 - Plotting load scenarios...
[INFO]	 - Plotting RES generation scenarios...
[INFO] Reading DISTRIBUTION NETWORK DATA from file(s)...
[INFO]	 - Generating load stochastic scenarios...
[INFO]	 - Generating RES generation stochastic scenarios...
[INFO]	 - Generating flexibility stochastic scenarios...
[INFO]	 - Plotting flexibility profiles...
[INFO]	 - Plotting load scenarios...
[INFO]	 - Plotting RES generation scenarios...
[INFO] Reading DISTRIBUTION NETWORK DATA from file(s)...
[INFO]	 - Generating load stochastic scenarios...
[INFO]	 - Generating RES generation stochastic scenarios...
[INFO]	 - Generating flexibility stochastic scenarios...
[INFO]	 - Plotting flexibility profiles...
[INFO]	 - Plotting load scenarios...
[INFO]	 - Plotting RES generation scenarios...
[INFO] Reading TRANSMISSION NETWORK DATA from file(s)...
[INFO]	 - Generating load stochastic scenarios...
[INFO]	 - Generating RES generation stochastic scenarios...
[INFO]	 - Generating flexibility stochastic scenarios...
[INFO]	 - Plotting flexibility profiles...
[INFO]	 - Plotting load scenarios...
[INFO]	 - Plotting RES generation scenarios...
[INFO] Scenario checksum: 53b4bea4142001617282a08541079952564903b6d84db066f90d71a650b7d563
[INFO] Reading SHARED ESS DATA from file(s)...
[INFO] Reading PLANNING PARAMETERS from file...
[W68-nl-varcount] memory at after read: available 22.68 GiB (free+inactive 15.44), own max RSS 0.35 GiB
[INFO] 		 - Distribution Network node 5...
[W68-nl-varcount]   init|DSO:5:2025:Spring: model vars 43552 = columns 36232 + fixed_referenced_by_active 482 + fixed_referenced_only_by_inactive 120 + fixed_unreferenced 766 + free_unwritten_referenced_by_active 0 + free_unwritten_referenced_only_by_inactive 0 + free_unwritten_unreferenced 5952  (identity True); rows 29828; H0 0, H1 unbounded 0 bounded 0, H2 0, over-cap 0
[W68-nl-varcount]   init|DSO:5:2025:Summer: model vars 43552 = columns 36232 + fixed_referenced_by_active 482 + fixed_referenced_only_by_inactive 120 + fixed_unreferenced 766 + free_unwritten_referenced_by_active 0 + free_unwritten_referenced_only_by_inactive 0 + free_unwritten_unreferenced 5952  (identity True); rows 29828; H0 0, H1 unbounded 0 bounded 0, H2 0, over-cap 0
[W68-nl-varcount]   init|DSO:5:2025:Autumn: model vars 43552 = columns 36232 + fixed_referenced_by_active 482 + fixed_referenced_only_by_inactive 120 + fixed_unreferenced 766 + free_unwritten_referenced_by_active 0 + free_unwritten_referenced_only_by_inactive 0 + free_unwritten_unreferenced 5952  (identity True); rows 29684; H0 0, H1 unbounded 0 bounded 0, H2 0, over-cap 0
[W68-nl-varcount]   init|DSO:5:2025:Winter: model vars 43552 = columns 36232 + fixed_referenced_by_active 482 + fixed_referenced_only_by_inactive 120 + fixed_unreferenced 766 + free_unwritten_referenced_by_active 0 + free_unwritten_referenced_only_by_inactive 0 + free_unwritten_unreferenced 5952  (identity True); rows 29684; H0 0, H1 unbounded 0 bounded 0, H2 0, over-cap 0
[W68-nl-varcount]   init|DSO:5:2028:Spring: model vars 43552 = columns 36232 + fixed_referenced_by_active 482 + fixed_referenced_only_by_inactive 120 + fixed_unreferenced 766 + free_unwritten_referenced_by_active 0 + free_unwritten_referenced_only_by_inactive 0 + free_unwritten_unreferenced 5952  (identity True); rows 29828; H0 0, H1 unbounded 0 bounded 0, H2 0, over-cap 0
[W68-nl-varcount]   init|DSO:5:2028:Summer: model vars 43552 = columns 36232 + fixed_referenced_by_active 482 + fixed_referenced_only_by_inactive 120 + fixed_unreferenced 766 + free_unwritten_referenced_by_active 0 + free_unwritten_referenced_only_by_inactive 0 + free_unwritten_unreferenced 5952  (identity True); rows 29828; H0 0, H1 unbounded 0 bounded 0, H2 0, over-cap 0
[W68-nl-varcount]   init|DSO:5:2028:Autumn: model vars 43552 = columns 36232 + fixed_referenced_by_active 482 + fixed_referenced_only_by_inactive 120 + fixed_unreferenced 766 + free_unwritten_referenced_by_active 0 + free_unwritten_referenced_only_by_inactive 0 + free_unwritten_unreferenced 5952  (identity True); rows 29684; H0 0, H1 unbounded 0 bounded 0, H2 0, over-cap 0
[W68-nl-varcount]   init|DSO:5:2028:Winter: model vars 43552 = columns 36232 + fixed_referenced_by_active 482 + fixed_referenced_only_by_inactive 120 + fixed_unreferenced 766 + free_unwritten_referenced_by_active 0 + free_unwritten_referenced_only_by_inactive 0 + free_unwritten_unreferenced 5952  (identity True); rows 29684; H0 0, H1 unbounded 0 bounded 0, H2 0, over-cap 0
[W68-nl-varcount]   init|DSO:5:2031:Spring: model vars 43552 = columns 36232 + fixed_referenced_by_active 482 + fixed_referenced_only_by_inactive 120 + fixed_unreferenced 766 + free_unwritten_referenced_by_active 0 + free_unwritten_referenced_only_by_inactive 0 + free_unwritten_unreferenced 5952  (identity True); rows 29828; H0 0, H1 unbounded 0 bounded 0, H2 0, over-cap 0
[W68-nl-varcount]   init|DSO:5:2031:Summer: model vars 43552 = columns 36232 + fixed_referenced_by_active 482 + fixed_referenced_only_by_inactive 120 + fixed_unreferenced 766 + free_unwritten_referenced_by_active 0 + free_unwritten_referenced_only_by_inactive 0 + free_unwritten_unreferenced 5952  (identity True); rows 29828; H0 0, H1 unbounded 0 bounded 0, H2 0, over-cap 0
[W68-nl-varcount]   init|DSO:5:2031:Autumn: model vars 43552 = columns 36232 + fixed_referenced_by_active 482 + fixed_referenced_only_by_inactive 120 + fixed_unreferenced 766 + free_unwritten_referenced_by_active 0 + free_unwritten_referenced_only_by_inactive 0 + free_unwritten_unreferenced 5952  (identity True); rows 29684; H0 0, H1 unbounded 0 bounded 0, H2 0, over-cap 0
[W68-nl-varcount]   init|DSO:5:2031:Winter: model vars 43552 = columns 36232 + fixed_referenced_by_active 482 + fixed_referenced_only_by_inactive 120 + fixed_unreferenced 766 + free_unwritten_referenced_by_active 0 + free_unwritten_referenced_only_by_inactive 0 + free_unwritten_unreferenced 5952  (identity True); rows 29684; H0 0, H1 unbounded 0 bounded 0, H2 0, over-cap 0
[W68-nl-varcount]   init|DSO:5:2034:Spring: model vars 43552 = columns 36232 + fixed_referenced_by_active 482 + fixed_referenced_only_by_inactive 120 + fixed_unreferenced 766 + free_unwritten_referenced_by_active 0 + free_unwritten_referenced_only_by_inactive 0 + free_unwritten_unreferenced 5952  (identity True); rows 29828; H0 0, H1 unbounded 0 bounded 0, H2 0, over-cap 0
[W68-nl-varcount]   init|DSO:5:2034:Summer: model vars 43552 = columns 36232 + fixed_referenced_by_active 482 + fixed_referenced_only_by_inactive 120 + fixed_unreferenced 766 + free_unwritten_referenced_by_active 0 + free_unwritten_referenced_only_by_inactive 0 + free_unwritten_unreferenced 5952  (identity True); rows 29828; H0 0, H1 unbounded 0 bounded 0, H2 0, over-cap 0
[W68-nl-varcount]   init|DSO:5:2034:Autumn: model vars 43552 = columns 36232 + fixed_referenced_by_active 482 + fixed_referenced_only_by_inactive 120 + fixed_unreferenced 766 + free_unwritten_referenced_by_active 0 + free_unwritten_referenced_only_by_inactive 0 + free_unwritten_unreferenced 5952  (identity True); rows 29684; H0 0, H1 unbounded 0 bounded 0, H2 0, over-cap 0
[W68-nl-varcount]   init|DSO:5:2034:Winter: model vars 43552 = columns 36232 + fixed_referenced_by_active 482 + fixed_referenced_only_by_inactive 120 + fixed_unreferenced 766 + free_unwritten_referenced_by_active 0 + free_unwritten_referenced_only_by_inactive 0 + free_unwritten_unreferenced 5952  (identity True); rows 29678; H0 0, H1 unbounded 0 bounded 0, H2 0, over-cap 0
[W68-nl-varcount]   init|DSO:5:2037:Spring: model vars 43552 = columns 36232 + fixed_referenced_by_active 482 + fixed_referenced_only_by_inactive 120 + fixed_unreferenced 766 + free_unwritten_referenced_by_active 0 + free_unwritten_referenced_only_by_inactive 0 + free_unwritten_unreferenced 5952  (identity True); rows 29828; H0 0, H1 unbounded 0 bounded 0, H2 0, over-cap 0
[W68-nl-varcount]   init|DSO:5:2037:Summer: model vars 43552 = columns 36232 + fixed_referenced_by_active 482 + fixed_referenced_only_by_inactive 120 + fixed_unreferenced 766 + free_unwritten_referenced_by_active 0 + free_unwritten_referenced_only_by_inactive 0 + free_unwritten_unreferenced 5952  (identity True); rows 29828; H0 0, H1 unbounded 0 bounded 0, H2 0, over-cap 0
[W68-nl-varcount]   init|DSO:5:2037:Autumn: model vars 43552 = columns 36232 + fixed_referenced_by_active 482 + fixed_referenced_only_by_inactive 120 + fixed_unreferenced 766 + free_unwritten_referenced_by_active 0 + free_unwritten_referenced_only_by_inactive 0 + free_unwritten_unreferenced 5952  (identity True); rows 29684; H0 0, H1 unbounded 0 bounded 0, H2 0, over-cap 0
[W68-nl-varcount]   init|DSO:5:2037:Winter: model vars 43552 = columns 36232 + fixed_referenced_by_active 482 + fixed_referenced_only_by_inactive 120 + fixed_unreferenced 766 + free_unwritten_referenced_by_active 0 + free_unwritten_referenced_only_by_inactive 0 + free_unwritten_unreferenced 5952  (identity True); rows 29684; H0 0, H1 unbounded 0 bounded 0, H2 0, over-cap 0
[INFO] 		 - Distribution Network node 7...
[W68-nl-varcount]   init|DSO:7:2025:Spring: model vars 43552 = columns 36232 + fixed_referenced_by_active 482 + fixed_referenced_only_by_inactive 120 + fixed_unreferenced 766 + free_unwritten_referenced_by_active 0 + free_unwritten_referenced_only_by_inactive 0 + free_unwritten_unreferenced 5952  (identity True); rows 29936; H0 0, H1 unbounded 0 bounded 0, H2 0, over-cap 0
[W68-nl-varcount]   init|DSO:7:2025:Summer: model vars 43552 = columns 36232 + fixed_referenced_by_active 482 + fixed_referenced_only_by_inactive 120 + fixed_unreferenced 766 + free_unwritten_referenced_by_active 0 + free_unwritten_referenced_only_by_inactive 0 + free_unwritten_unreferenced 5952  (identity True); rows 29936; H0 0, H1 unbounded 0 bounded 0, H2 0, over-cap 0
[W68-nl-varcount]   init|DSO:7:2025:Autumn: model vars 43552 = columns 36232 + fixed_referenced_by_active 482 + fixed_referenced_only_by_inactive 120 + fixed_unreferenced 766 + free_unwritten_referenced_by_active 0 + free_unwritten_referenced_only_by_inactive 0 + free_unwritten_unreferenced 5952  (identity True); rows 29840; H0 0, H1 unbounded 0 bounded 0, H2 0, over-cap 0
[W68-nl-varcount]   init|DSO:7:2025:Winter: model vars 43552 = columns 36232 + fixed_referenced_by_active 482 + fixed_referenced_only_by_inactive 120 + fixed_unreferenced 766 + free_unwritten_referenced_by_active 0 + free_unwritten_referenced_only_by_inactive 0 + free_unwritten_unreferenced 5952  (identity True); rows 29840; H0 0, H1 unbounded 0 bounded 0, H2 0, over-cap 0
[W68-nl-varcount]   init|DSO:7:2028:Spring: model vars 43552 = columns 36232 + fixed_referenced_by_active 482 + fixed_referenced_only_by_inactive 120 + fixed_unreferenced 766 + free_unwritten_referenced_by_active 0 + free_unwritten_referenced_only_by_inactive 0 + free_unwritten_unreferenced 5952  (identity True); rows 29936; H0 0, H1 unbounded 0 bounded 0, H2 0, over-cap 0
[W68-nl-varcount]   init|DSO:7:2028:Summer: model vars 43552 = columns 36232 + fixed_referenced_by_active 482 + fixed_referenced_only_by_inactive 120 + fixed_unreferenced 766 + free_unwritten_referenced_by_active 0 + free_unwritten_referenced_only_by_inactive 0 + free_unwritten_unreferenced 5952  (identity True); rows 29936; H0 0, H1 unbounded 0 bounded 0, H2 0, over-cap 0
[W68-nl-varcount]   init|DSO:7:2028:Autumn: model vars 43552 = columns 36232 + fixed_referenced_by_active 482 + fixed_referenced_only_by_inactive 120 + fixed_unreferenced 766 + free_unwritten_referenced_by_active 0 + free_unwritten_referenced_only_by_inactive 0 + free_unwritten_unreferenced 5952  (identity True); rows 29840; H0 0, H1 unbounded 0 bounded 0, H2 0, over-cap 0
[W68-nl-varcount]   init|DSO:7:2028:Winter: model vars 43552 = columns 36232 + fixed_referenced_by_active 482 + fixed_referenced_only_by_inactive 120 + fixed_unreferenced 766 + free_unwritten_referenced_by_active 0 + free_unwritten_referenced_only_by_inactive 0 + free_unwritten_unreferenced 5952  (identity True); rows 29840; H0 0, H1 unbounded 0 bounded 0, H2 0, over-cap 0
[W68-nl-varcount]   init|DSO:7:2031:Spring: model vars 43552 = columns 36232 + fixed_referenced_by_active 482 + fixed_referenced_only_by_inactive 120 + fixed_unreferenced 766 + free_unwritten_referenced_by_active 0 + free_unwritten_referenced_only_by_inactive 0 + free_unwritten_unreferenced 5952  (identity True); rows 29936; H0 0, H1 unbounded 0 bounded 0, H2 0, over-cap 0
[W68-nl-varcount]   init|DSO:7:2031:Summer: model vars 43552 = columns 36232 + fixed_referenced_by_active 482 + fixed_referenced_only_by_inactive 120 + fixed_unreferenced 766 + free_unwritten_referenced_by_active 0 + free_unwritten_referenced_only_by_inactive 0 + free_unwritten_unreferenced 5952  (identity True); rows 29936; H0 0, H1 unbounded 0 bounded 0, H2 0, over-cap 0
[W68-nl-varcount]   init|DSO:7:2031:Autumn: model vars 43552 = columns 36232 + fixed_referenced_by_active 482 + fixed_referenced_only_by_inactive 120 + fixed_unreferenced 766 + free_unwritten_referenced_by_active 0 + free_unwritten_referenced_only_by_inactive 0 + free_unwritten_unreferenced 5952  (identity True); rows 29840; H0 0, H1 unbounded 0 bounded 0, H2 0, over-cap 0
[W68-nl-varcount]   init|DSO:7:2031:Winter: model vars 43552 = columns 36232 + fixed_referenced_by_active 482 + fixed_referenced_only_by_inactive 120 + fixed_unreferenced 766 + free_unwritten_referenced_by_active 0 + free_unwritten_referenced_only_by_inactive 0 + free_unwritten_unreferenced 5952  (identity True); rows 29840; H0 0, H1 unbounded 0 bounded 0, H2 0, over-cap 0
[W68-nl-varcount]   init|DSO:7:2034:Spring: model vars 43552 = columns 36232 + fixed_referenced_by_active 482 + fixed_referenced_only_by_inactive 120 + fixed_unreferenced 766 + free_unwritten_referenced_by_active 0 + free_unwritten_referenced_only_by_inactive 0 + free_unwritten_unreferenced 5952  (identity True); rows 29936; H0 0, H1 unbounded 0 bounded 0, H2 0, over-cap 0
[W68-nl-varcount]   init|DSO:7:2034:Summer: model vars 43552 = columns 36232 + fixed_referenced_by_active 482 + fixed_referenced_only_by_inactive 120 + fixed_unreferenced 766 + free_unwritten_referenced_by_active 0 + free_unwritten_referenced_only_by_inactive 0 + free_unwritten_unreferenced 5952  (identity True); rows 29936; H0 0, H1 unbounded 0 bounded 0, H2 0, over-cap 0
[W68-nl-varcount]   init|DSO:7:2034:Autumn: model vars 43552 = columns 36232 + fixed_referenced_by_active 482 + fixed_referenced_only_by_inactive 120 + fixed_unreferenced 766 + free_unwritten_referenced_by_active 0 + free_unwritten_referenced_only_by_inactive 0 + free_unwritten_unreferenced 5952  (identity True); rows 29840; H0 0, H1 unbounded 0 bounded 0, H2 0, over-cap 0
[W68-nl-varcount]   init|DSO:7:2034:Winter: model vars 43552 = columns 36232 + fixed_referenced_by_active 482 + fixed_referenced_only_by_inactive 120 + fixed_unreferenced 766 + free_unwritten_referenced_by_active 0 + free_unwritten_referenced_only_by_inactive 0 + free_unwritten_unreferenced 5952  (identity True); rows 29840; H0 0, H1 unbounded 0 bounded 0, H2 0, over-cap 0
[W68-nl-varcount]   init|DSO:7:2037:Spring: model vars 43552 = columns 36232 + fixed_referenced_by_active 482 + fixed_referenced_only_by_inactive 120 + fixed_unreferenced 766 + free_unwritten_referenced_by_active 0 + free_unwritten_referenced_only_by_inactive 0 + free_unwritten_unreferenced 5952  (identity True); rows 29936; H0 0, H1 unbounded 0 bounded 0, H2 0, over-cap 0
[W68-nl-varcount]   init|DSO:7:2037:Summer: model vars 43552 = columns 36232 + fixed_referenced_by_active 482 + fixed_referenced_only_by_inactive 120 + fixed_unreferenced 766 + free_unwritten_referenced_by_active 0 + free_unwritten_referenced_only_by_inactive 0 + free_unwritten_unreferenced 5952  (identity True); rows 29936; H0 0, H1 unbounded 0 bounded 0, H2 0, over-cap 0
[W68-nl-varcount]   init|DSO:7:2037:Autumn: model vars 43552 = columns 36232 + fixed_referenced_by_active 482 + fixed_referenced_only_by_inactive 120 + fixed_unreferenced 766 + free_unwritten_referenced_by_active 0 + free_unwritten_referenced_only_by_inactive 0 + free_unwritten_unreferenced 5952  (identity True); rows 29840; H0 0, H1 unbounded 0 bounded 0, H2 0, over-cap 0
[W68-nl-varcount]   init|DSO:7:2037:Winter: model vars 43552 = columns 36232 + fixed_referenced_by_active 482 + fixed_referenced_only_by_inactive 120 + fixed_unreferenced 766 + free_unwritten_referenced_by_active 0 + free_unwritten_referenced_only_by_inactive 0 + free_unwritten_unreferenced 5952  (identity True); rows 29840; H0 0, H1 unbounded 0 bounded 0, H2 0, over-cap 0
[INFO] 		 - Distribution Network node 9...
[W68-nl-varcount]   init|DSO:9:2025:Spring: model vars 43552 = columns 36232 + fixed_referenced_by_active 482 + fixed_referenced_only_by_inactive 120 + fixed_unreferenced 766 + free_unwritten_referenced_by_active 0 + free_unwritten_referenced_only_by_inactive 0 + free_unwritten_unreferenced 5952  (identity True); rows 29828; H0 0, H1 unbounded 0 bounded 0, H2 0, over-cap 0
[W68-nl-varcount]   init|DSO:9:2025:Summer: model vars 43552 = columns 36232 + fixed_referenced_by_active 482 + fixed_referenced_only_by_inactive 120 + fixed_unreferenced 766 + free_unwritten_referenced_by_active 0 + free_unwritten_referenced_only_by_inactive 0 + free_unwritten_unreferenced 5952  (identity True); rows 29828; H0 0, H1 unbounded 0 bounded 0, H2 0, over-cap 0
[W68-nl-varcount]   init|DSO:9:2025:Autumn: model vars 43552 = columns 36232 + fixed_referenced_by_active 482 + fixed_referenced_only_by_inactive 120 + fixed_unreferenced 766 + free_unwritten_referenced_by_active 0 + free_unwritten_referenced_only_by_inactive 0 + free_unwritten_unreferenced 5952  (identity True); rows 29684; H0 0, H1 unbounded 0 bounded 0, H2 0, over-cap 0
[W68-nl-varcount]   init|DSO:9:2025:Winter: model vars 43552 = columns 36232 + fixed_referenced_by_active 482 + fixed_referenced_only_by_inactive 120 + fixed_unreferenced 766 + free_unwritten_referenced_by_active 0 + free_unwritten_referenced_only_by_inactive 0 + free_unwritten_unreferenced 5952  (identity True); rows 29684; H0 0, H1 unbounded 0 bounded 0, H2 0, over-cap 0
[W68-nl-varcount]   init|DSO:9:2028:Spring: model vars 43552 = columns 36232 + fixed_referenced_by_active 482 + fixed_referenced_only_by_inactive 120 + fixed_unreferenced 766 + free_unwritten_referenced_by_active 0 + free_unwritten_referenced_only_by_inactive 0 + free_unwritten_unreferenced 5952  (identity True); rows 29828; H0 0, H1 unbounded 0 bounded 0, H2 0, over-cap 0
[W68-nl-varcount]   init|DSO:9:2028:Summer: model vars 43552 = columns 36232 + fixed_referenced_by_active 482 + fixed_referenced_only_by_inactive 120 + fixed_unreferenced 766 + free_unwritten_referenced_by_active 0 + free_unwritten_referenced_only_by_inactive 0 + free_unwritten_unreferenced 5952  (identity True); rows 29828; H0 0, H1 unbounded 0 bounded 0, H2 0, over-cap 0
[W68-nl-varcount]   init|DSO:9:2028:Autumn: model vars 43552 = columns 36232 + fixed_referenced_by_active 482 + fixed_referenced_only_by_inactive 120 + fixed_unreferenced 766 + free_unwritten_referenced_by_active 0 + free_unwritten_referenced_only_by_inactive 0 + free_unwritten_unreferenced 5952  (identity True); rows 29684; H0 0, H1 unbounded 0 bounded 0, H2 0, over-cap 0
[W68-nl-varcount]   init|DSO:9:2028:Winter: model vars 43552 = columns 36232 + fixed_referenced_by_active 482 + fixed_referenced_only_by_inactive 120 + fixed_unreferenced 766 + free_unwritten_referenced_by_active 0 + free_unwritten_referenced_only_by_inactive 0 + free_unwritten_unreferenced 5952  (identity True); rows 29684; H0 0, H1 unbounded 0 bounded 0, H2 0, over-cap 0
[W68-nl-varcount]   init|DSO:9:2031:Spring: model vars 43552 = columns 36232 + fixed_referenced_by_active 482 + fixed_referenced_only_by_inactive 120 + fixed_unreferenced 766 + free_unwritten_referenced_by_active 0 + free_unwritten_referenced_only_by_inactive 0 + free_unwritten_unreferenced 5952  (identity True); rows 29828; H0 0, H1 unbounded 0 bounded 0, H2 0, over-cap 0
[W68-nl-varcount]   init|DSO:9:2031:Summer: model vars 43552 = columns 36232 + fixed_referenced_by_active 482 + fixed_referenced_only_by_inactive 120 + fixed_unreferenced 766 + free_unwritten_referenced_by_active 0 + free_unwritten_referenced_only_by_inactive 0 + free_unwritten_unreferenced 5952  (identity True); rows 29828; H0 0, H1 unbounded 0 bounded 0, H2 0, over-cap 0
[W68-nl-varcount]   init|DSO:9:2031:Autumn: model vars 43552 = columns 36232 + fixed_referenced_by_active 482 + fixed_referenced_only_by_inactive 120 + fixed_unreferenced 766 + free_unwritten_referenced_by_active 0 + free_unwritten_referenced_only_by_inactive 0 + free_unwritten_unreferenced 5952  (identity True); rows 29684; H0 0, H1 unbounded 0 bounded 0, H2 0, over-cap 0
[W68-nl-varcount]   init|DSO:9:2031:Winter: model vars 43552 = columns 36232 + fixed_referenced_by_active 482 + fixed_referenced_only_by_inactive 120 + fixed_unreferenced 766 + free_unwritten_referenced_by_active 0 + free_unwritten_referenced_only_by_inactive 0 + free_unwritten_unreferenced 5952  (identity True); rows 29684; H0 0, H1 unbounded 0 bounded 0, H2 0, over-cap 0
[W68-nl-varcount]   init|DSO:9:2034:Spring: model vars 43552 = columns 36232 + fixed_referenced_by_active 482 + fixed_referenced_only_by_inactive 120 + fixed_unreferenced 766 + free_unwritten_referenced_by_active 0 + free_unwritten_referenced_only_by_inactive 0 + free_unwritten_unreferenced 5952  (identity True); rows 29828; H0 0, H1 unbounded 0 bounded 0, H2 0, over-cap 0
[W68-nl-varcount]   init|DSO:9:2034:Summer: model vars 43552 = columns 36232 + fixed_referenced_by_active 482 + fixed_referenced_only_by_inactive 120 + fixed_unreferenced 766 + free_unwritten_referenced_by_active 0 + free_unwritten_referenced_only_by_inactive 0 + free_unwritten_unreferenced 5952  (identity True); rows 29828; H0 0, H1 unbounded 0 bounded 0, H2 0, over-cap 0
[W68-nl-varcount]   init|DSO:9:2034:Autumn: model vars 43552 = columns 36232 + fixed_referenced_by_active 482 + fixed_referenced_only_by_inactive 120 + fixed_unreferenced 766 + free_unwritten_referenced_by_active 0 + free_unwritten_referenced_only_by_inactive 0 + free_unwritten_unreferenced 5952  (identity True); rows 29684; H0 0, H1 unbounded 0 bounded 0, H2 0, over-cap 0
[W68-nl-varcount]   init|DSO:9:2034:Winter: model vars 43552 = columns 36232 + fixed_referenced_by_active 482 + fixed_referenced_only_by_inactive 120 + fixed_unreferenced 766 + free_unwritten_referenced_by_active 0 + free_unwritten_referenced_only_by_inactive 0 + free_unwritten_unreferenced 5952  (identity True); rows 29684; H0 0, H1 unbounded 0 bounded 0, H2 0, over-cap 0
[W68-nl-varcount]   init|DSO:9:2037:Spring: model vars 43552 = columns 36232 + fixed_referenced_by_active 482 + fixed_referenced_only_by_inactive 120 + fixed_unreferenced 766 + free_unwritten_referenced_by_active 0 + free_unwritten_referenced_only_by_inactive 0 + free_unwritten_unreferenced 5952  (identity True); rows 29828; H0 0, H1 unbounded 0 bounded 0, H2 0, over-cap 0
[W68-nl-varcount]   init|DSO:9:2037:Summer: model vars 43552 = columns 36232 + fixed_referenced_by_active 482 + fixed_referenced_only_by_inactive 120 + fixed_unreferenced 766 + free_unwritten_referenced_by_active 0 + free_unwritten_referenced_only_by_inactive 0 + free_unwritten_unreferenced 5952  (identity True); rows 29828; H0 0, H1 unbounded 0 bounded 0, H2 0, over-cap 0
[W68-nl-varcount]   init|DSO:9:2037:Autumn: model vars 43552 = columns 36232 + fixed_referenced_by_active 482 + fixed_referenced_only_by_inactive 120 + fixed_unreferenced 766 + free_unwritten_referenced_by_active 0 + free_unwritten_referenced_only_by_inactive 0 + free_unwritten_unreferenced 5952  (identity True); rows 29684; H0 0, H1 unbounded 0 bounded 0, H2 0, over-cap 0
[W68-nl-varcount]   init|DSO:9:2037:Winter: model vars 43552 = columns 36232 + fixed_referenced_by_active 482 + fixed_referenced_only_by_inactive 120 + fixed_unreferenced 766 + free_unwritten_referenced_by_active 0 + free_unwritten_referenced_only_by_inactive 0 + free_unwritten_unreferenced 5952  (identity True); rows 29684; H0 0, H1 unbounded 0 bounded 0, H2 0, over-cap 0
[W68-nl-varcount] memory at after DSO init builds: available 18.70 GiB (free+inactive 14.10), own max RSS 4.50 GiB
[INFO] 		 - Transmission Network...
[W68-nl-varcount]   init|TSO:case9:2025:Spring: model vars 14544 = columns 7848 + fixed_referenced_by_active 2598 + fixed_referenced_only_by_inactive 360 + fixed_unreferenced 2010 + free_unwritten_referenced_by_active 0 + free_unwritten_referenced_only_by_inactive 0 + free_unwritten_unreferenced 1728  (identity True); rows 9684; H0 0, H1 unbounded 0 bounded 0, H2 0, over-cap 0
[W68-nl-varcount]   init|TSO:case9:2025:Summer: model vars 14544 = columns 7848 + fixed_referenced_by_active 2598 + fixed_referenced_only_by_inactive 360 + fixed_unreferenced 2010 + free_unwritten_referenced_by_active 0 + free_unwritten_referenced_only_by_inactive 0 + free_unwritten_unreferenced 1728  (identity True); rows 9684; H0 0, H1 unbounded 0 bounded 0, H2 0, over-cap 0
[W68-nl-varcount]   init|TSO:case9:2025:Autumn: model vars 14544 = columns 7848 + fixed_referenced_by_active 2598 + fixed_referenced_only_by_inactive 360 + fixed_unreferenced 2010 + free_unwritten_referenced_by_active 0 + free_unwritten_referenced_only_by_inactive 0 + free_unwritten_unreferenced 1728  (identity True); rows 9540; H0 0, H1 unbounded 0 bounded 0, H2 0, over-cap 0
[W68-nl-varcount]   init|TSO:case9:2025:Winter: model vars 14544 = columns 7848 + fixed_referenced_by_active 2598 + fixed_referenced_only_by_inactive 360 + fixed_unreferenced 2010 + free_unwritten_referenced_by_active 0 + free_unwritten_referenced_only_by_inactive 0 + free_unwritten_unreferenced 1728  (identity True); rows 9540; H0 0, H1 unbounded 0 bounded 0, H2 0, over-cap 0
[W68-nl-varcount]   init|TSO:case9:2028:Spring: model vars 14544 = columns 7848 + fixed_referenced_by_active 2598 + fixed_referenced_only_by_inactive 360 + fixed_unreferenced 2010 + free_unwritten_referenced_by_active 0 + free_unwritten_referenced_only_by_inactive 0 + free_unwritten_unreferenced 1728  (identity True); rows 9684; H0 0, H1 unbounded 0 bounded 0, H2 0, over-cap 0
[W68-nl-varcount]   init|TSO:case9:2028:Summer: model vars 14544 = columns 7848 + fixed_referenced_by_active 2598 + fixed_referenced_only_by_inactive 360 + fixed_unreferenced 2010 + free_unwritten_referenced_by_active 0 + free_unwritten_referenced_only_by_inactive 0 + free_unwritten_unreferenced 1728  (identity True); rows 9684; H0 0, H1 unbounded 0 bounded 0, H2 0, over-cap 0
[W68-nl-varcount]   init|TSO:case9:2028:Autumn: model vars 14544 = columns 7848 + fixed_referenced_by_active 2598 + fixed_referenced_only_by_inactive 360 + fixed_unreferenced 2010 + free_unwritten_referenced_by_active 0 + free_unwritten_referenced_only_by_inactive 0 + free_unwritten_unreferenced 1728  (identity True); rows 9540; H0 0, H1 unbounded 0 bounded 0, H2 0, over-cap 0
[W68-nl-varcount]   init|TSO:case9:2028:Winter: model vars 14544 = columns 7848 + fixed_referenced_by_active 2598 + fixed_referenced_only_by_inactive 360 + fixed_unreferenced 2010 + free_unwritten_referenced_by_active 0 + free_unwritten_referenced_only_by_inactive 0 + free_unwritten_unreferenced 1728  (identity True); rows 9540; H0 0, H1 unbounded 0 bounded 0, H2 0, over-cap 0
[W68-nl-varcount]   init|TSO:case9:2031:Spring: model vars 14544 = columns 7848 + fixed_referenced_by_active 2598 + fixed_referenced_only_by_inactive 360 + fixed_unreferenced 2010 + free_unwritten_referenced_by_active 0 + free_unwritten_referenced_only_by_inactive 0 + free_unwritten_unreferenced 1728  (identity True); rows 9684; H0 0, H1 unbounded 0 bounded 0, H2 0, over-cap 0
[W68-nl-varcount]   init|TSO:case9:2031:Summer: model vars 14544 = columns 7848 + fixed_referenced_by_active 2598 + fixed_referenced_only_by_inactive 360 + fixed_unreferenced 2010 + free_unwritten_referenced_by_active 0 + free_unwritten_referenced_only_by_inactive 0 + free_unwritten_unreferenced 1728  (identity True); rows 9684; H0 0, H1 unbounded 0 bounded 0, H2 0, over-cap 0
[W68-nl-varcount]   init|TSO:case9:2031:Autumn: model vars 14544 = columns 7848 + fixed_referenced_by_active 2598 + fixed_referenced_only_by_inactive 360 + fixed_unreferenced 2010 + free_unwritten_referenced_by_active 0 + free_unwritten_referenced_only_by_inactive 0 + free_unwritten_unreferenced 1728  (identity True); rows 9540; H0 0, H1 unbounded 0 bounded 0, H2 0, over-cap 0
[W68-nl-varcount]   init|TSO:case9:2031:Winter: model vars 14544 = columns 7848 + fixed_referenced_by_active 2598 + fixed_referenced_only_by_inactive 360 + fixed_unreferenced 2010 + free_unwritten_referenced_by_active 0 + free_unwritten_referenced_only_by_inactive 0 + free_unwritten_unreferenced 1728  (identity True); rows 9540; H0 0, H1 unbounded 0 bounded 0, H2 0, over-cap 0
[W68-nl-varcount]   init|TSO:case9:2034:Spring: model vars 14544 = columns 7848 + fixed_referenced_by_active 2598 + fixed_referenced_only_by_inactive 360 + fixed_unreferenced 2010 + free_unwritten_referenced_by_active 0 + free_unwritten_referenced_only_by_inactive 0 + free_unwritten_unreferenced 1728  (identity True); rows 9684; H0 0, H1 unbounded 0 bounded 0, H2 0, over-cap 0
[W68-nl-varcount]   init|TSO:case9:2034:Summer: model vars 14544 = columns 7848 + fixed_referenced_by_active 2598 + fixed_referenced_only_by_inactive 360 + fixed_unreferenced 2010 + free_unwritten_referenced_by_active 0 + free_unwritten_referenced_only_by_inactive 0 + free_unwritten_unreferenced 1728  (identity True); rows 9684; H0 0, H1 unbounded 0 bounded 0, H2 0, over-cap 0
[W68-nl-varcount]   init|TSO:case9:2034:Autumn: model vars 14544 = columns 7848 + fixed_referenced_by_active 2598 + fixed_referenced_only_by_inactive 360 + fixed_unreferenced 2010 + free_unwritten_referenced_by_active 0 + free_unwritten_referenced_only_by_inactive 0 + free_unwritten_unreferenced 1728  (identity True); rows 9540; H0 0, H1 unbounded 0 bounded 0, H2 0, over-cap 0
[W68-nl-varcount]   init|TSO:case9:2034:Winter: model vars 14544 = columns 7848 + fixed_referenced_by_active 2598 + fixed_referenced_only_by_inactive 360 + fixed_unreferenced 2010 + free_unwritten_referenced_by_active 0 + free_unwritten_referenced_only_by_inactive 0 + free_unwritten_unreferenced 1728  (identity True); rows 9540; H0 0, H1 unbounded 0 bounded 0, H2 0, over-cap 0
[W68-nl-varcount]   init|TSO:case9:2037:Spring: model vars 14544 = columns 7848 + fixed_referenced_by_active 2598 + fixed_referenced_only_by_inactive 360 + fixed_unreferenced 2010 + free_unwritten_referenced_by_active 0 + free_unwritten_referenced_only_by_inactive 0 + free_unwritten_unreferenced 1728  (identity True); rows 9684; H0 0, H1 unbounded 0 bounded 0, H2 0, over-cap 0
[W68-nl-varcount]   init|TSO:case9:2037:Summer: model vars 14544 = columns 7848 + fixed_referenced_by_active 2598 + fixed_referenced_only_by_inactive 360 + fixed_unreferenced 2010 + free_unwritten_referenced_by_active 0 + free_unwritten_referenced_only_by_inactive 0 + free_unwritten_unreferenced 1728  (identity True); rows 9678; H0 0, H1 unbounded 0 bounded 0, H2 0, over-cap 0
[W68-nl-varcount]   init|TSO:case9:2037:Autumn: model vars 14544 = columns 7848 + fixed_referenced_by_active 2598 + fixed_referenced_only_by_inactive 360 + fixed_unreferenced 2010 + free_unwritten_referenced_by_active 0 + free_unwritten_referenced_only_by_inactive 0 + free_unwritten_unreferenced 1728  (identity True); rows 9540; H0 0, H1 unbounded 0 bounded 0, H2 0, over-cap 0
[W68-nl-varcount]   init|TSO:case9:2037:Winter: model vars 14544 = columns 7848 + fixed_referenced_by_active 2598 + fixed_referenced_only_by_inactive 360 + fixed_unreferenced 2010 + free_unwritten_referenced_by_active 0 + free_unwritten_referenced_only_by_inactive 0 + free_unwritten_unreferenced 1728  (identity True); rows 9540; H0 0, H1 unbounded 0 bounded 0, H2 0, over-cap 0
[W68-nl-varcount]   init|ESSO:5: model vars 6905 = columns 1050 + fixed_referenced_by_active 5805 + fixed_referenced_only_by_inactive 40 + fixed_unreferenced 10 + free_unwritten_referenced_by_active 0 + free_unwritten_referenced_only_by_inactive 0 + free_unwritten_unreferenced 0  (identity True); rows 1050; H0 0, H1 unbounded 0 bounded 0, H2 0, over-cap 0
[W68-nl-varcount]   init|ESSO:7: model vars 6905 = columns 1050 + fixed_referenced_by_active 5805 + fixed_referenced_only_by_inactive 40 + fixed_unreferenced 10 + free_unwritten_referenced_by_active 0 + free_unwritten_referenced_only_by_inactive 0 + free_unwritten_unreferenced 0  (identity True); rows 1050; H0 0, H1 unbounded 0 bounded 0, H2 0, over-cap 0
[W68-nl-varcount]   init|ESSO:9: model vars 6905 = columns 1050 + fixed_referenced_by_active 5805 + fixed_referenced_only_by_inactive 40 + fixed_unreferenced 10 + free_unwritten_referenced_by_active 0 + free_unwritten_referenced_only_by_inactive 0 + free_unwritten_unreferenced 0  (identity True); rows 1050; H0 0, H1 unbounded 0 bounded 0, H2 0, over-cap 0
[W68-nl-varcount] memory at after init phase: available 18.46 GiB (free+inactive 14.17), own max RSS 4.78 GiB
[ADMM ESSO AL SCALE] mode=sigma_over_median_block_weight | sigma=9.363536e+07 | median_block_weight=2.424162e+02 | al_scale_esso=3.862587e+05
[INFO] 		 - Updating distribution networks:
[W68-nl-varcount]   cycle1|DSO:5:2025:Spring: model vars 43552 = columns 36616 + fixed_referenced_by_active 146 + fixed_referenced_only_by_inactive 72 + fixed_unreferenced 766 + free_unwritten_referenced_by_active 0 + free_unwritten_referenced_only_by_inactive 0 + free_unwritten_unreferenced 5952  (identity True); rows 30020; H0 0, H1 unbounded 0 bounded 0, H2 0, over-cap 0
[W68-nl-varcount]   cycle1|DSO:5:2025:Summer: model vars 43552 = columns 36616 + fixed_referenced_by_active 146 + fixed_referenced_only_by_inactive 72 + fixed_unreferenced 766 + free_unwritten_referenced_by_active 0 + free_unwritten_referenced_only_by_inactive 0 + free_unwritten_unreferenced 5952  (identity True); rows 30020; H0 0, H1 unbounded 0 bounded 0, H2 0, over-cap 0
[W68-nl-varcount]   cycle1|DSO:5:2025:Autumn: model vars 43552 = columns 36616 + fixed_referenced_by_active 146 + fixed_referenced_only_by_inactive 72 + fixed_unreferenced 766 + free_unwritten_referenced_by_active 0 + free_unwritten_referenced_only_by_inactive 0 + free_unwritten_unreferenced 5952  (identity True); rows 29876; H0 0, H1 unbounded 0 bounded 0, H2 0, over-cap 0
[W68-nl-varcount]   cycle1|DSO:5:2025:Winter: model vars 43552 = columns 36616 + fixed_referenced_by_active 146 + fixed_referenced_only_by_inactive 72 + fixed_unreferenced 766 + free_unwritten_referenced_by_active 0 + free_unwritten_referenced_only_by_inactive 0 + free_unwritten_unreferenced 5952  (identity True); rows 29876; H0 0, H1 unbounded 0 bounded 0, H2 0, over-cap 0
[W68-nl-varcount]   cycle1|DSO:5:2028:Spring: model vars 43552 = columns 36616 + fixed_referenced_by_active 146 + fixed_referenced_only_by_inactive 72 + fixed_unreferenced 766 + free_unwritten_referenced_by_active 0 + free_unwritten_referenced_only_by_inactive 0 + free_unwritten_unreferenced 5952  (identity True); rows 30020; H0 0, H1 unbounded 0 bounded 0, H2 0, over-cap 0
[W68-nl-varcount]   cycle1|DSO:5:2028:Summer: model vars 43552 = columns 36616 + fixed_referenced_by_active 146 + fixed_referenced_only_by_inactive 72 + fixed_unreferenced 766 + free_unwritten_referenced_by_active 0 + free_unwritten_referenced_only_by_inactive 0 + free_unwritten_unreferenced 5952  (identity True); rows 30020; H0 0, H1 unbounded 0 bounded 0, H2 0, over-cap 0
[W68-nl-varcount]   cycle1|DSO:5:2028:Autumn: model vars 43552 = columns 36616 + fixed_referenced_by_active 146 + fixed_referenced_only_by_inactive 72 + fixed_unreferenced 766 + free_unwritten_referenced_by_active 0 + free_unwritten_referenced_only_by_inactive 0 + free_unwritten_unreferenced 5952  (identity True); rows 29876; H0 0, H1 unbounded 0 bounded 0, H2 0, over-cap 0
[W68-nl-varcount]   cycle1|DSO:5:2028:Winter: model vars 43552 = columns 36616 + fixed_referenced_by_active 146 + fixed_referenced_only_by_inactive 72 + fixed_unreferenced 766 + free_unwritten_referenced_by_active 0 + free_unwritten_referenced_only_by_inactive 0 + free_unwritten_unreferenced 5952  (identity True); rows 29876; H0 0, H1 unbounded 0 bounded 0, H2 0, over-cap 0
[W68-nl-varcount]   cycle1|DSO:5:2031:Spring: model vars 43552 = columns 36616 + fixed_referenced_by_active 146 + fixed_referenced_only_by_inactive 72 + fixed_unreferenced 766 + free_unwritten_referenced_by_active 0 + free_unwritten_referenced_only_by_inactive 0 + free_unwritten_unreferenced 5952  (identity True); rows 30020; H0 0, H1 unbounded 0 bounded 0, H2 0, over-cap 0
[W68-nl-varcount]   cycle1|DSO:5:2031:Summer: model vars 43552 = columns 36616 + fixed_referenced_by_active 146 + fixed_referenced_only_by_inactive 72 + fixed_unreferenced 766 + free_unwritten_referenced_by_active 0 + free_unwritten_referenced_only_by_inactive 0 + free_unwritten_unreferenced 5952  (identity True); rows 30020; H0 0, H1 unbounded 0 bounded 0, H2 0, over-cap 0
[W68-nl-varcount]   cycle1|DSO:5:2031:Autumn: model vars 43552 = columns 36616 + fixed_referenced_by_active 146 + fixed_referenced_only_by_inactive 72 + fixed_unreferenced 766 + free_unwritten_referenced_by_active 0 + free_unwritten_referenced_only_by_inactive 0 + free_unwritten_unreferenced 5952  (identity True); rows 29876; H0 0, H1 unbounded 0 bounded 0, H2 0, over-cap 0
[W68-nl-varcount]   cycle1|DSO:5:2031:Winter: model vars 43552 = columns 36616 + fixed_referenced_by_active 146 + fixed_referenced_only_by_inactive 72 + fixed_unreferenced 766 + free_unwritten_referenced_by_active 0 + free_unwritten_referenced_only_by_inactive 0 + free_unwritten_unreferenced 5952  (identity True); rows 29876; H0 0, H1 unbounded 0 bounded 0, H2 0, over-cap 0
[W68-nl-varcount]   cycle1|DSO:5:2034:Spring: model vars 43552 = columns 36616 + fixed_referenced_by_active 146 + fixed_referenced_only_by_inactive 72 + fixed_unreferenced 766 + free_unwritten_referenced_by_active 0 + free_unwritten_referenced_only_by_inactive 0 + free_unwritten_unreferenced 5952  (identity True); rows 30020; H0 0, H1 unbounded 0 bounded 0, H2 0, over-cap 0
[W68-nl-varcount]   cycle1|DSO:5:2034:Summer: model vars 43552 = columns 36616 + fixed_referenced_by_active 146 + fixed_referenced_only_by_inactive 72 + fixed_unreferenced 766 + free_unwritten_referenced_by_active 0 + free_unwritten_referenced_only_by_inactive 0 + free_unwritten_unreferenced 5952  (identity True); rows 30020; H0 0, H1 unbounded 0 bounded 0, H2 0, over-cap 0
[W68-nl-varcount]   cycle1|DSO:5:2034:Autumn: model vars 43552 = columns 36616 + fixed_referenced_by_active 146 + fixed_referenced_only_by_inactive 72 + fixed_unreferenced 766 + free_unwritten_referenced_by_active 0 + free_unwritten_referenced_only_by_inactive 0 + free_unwritten_unreferenced 5952  (identity True); rows 29876; H0 0, H1 unbounded 0 bounded 0, H2 0, over-cap 0
[W68-nl-varcount]   cycle1|DSO:5:2034:Winter: model vars 43552 = columns 36616 + fixed_referenced_by_active 146 + fixed_referenced_only_by_inactive 72 + fixed_unreferenced 766 + free_unwritten_referenced_by_active 0 + free_unwritten_referenced_only_by_inactive 0 + free_unwritten_unreferenced 5952  (identity True); rows 29870; H0 0, H1 unbounded 0 bounded 0, H2 0, over-cap 0
[W68-nl-varcount]   cycle1|DSO:5:2037:Spring: model vars 43552 = columns 36616 + fixed_referenced_by_active 146 + fixed_referenced_only_by_inactive 72 + fixed_unreferenced 766 + free_unwritten_referenced_by_active 0 + free_unwritten_referenced_only_by_inactive 0 + free_unwritten_unreferenced 5952  (identity True); rows 30020; H0 0, H1 unbounded 0 bounded 0, H2 0, over-cap 0
[W68-nl-varcount]   cycle1|DSO:5:2037:Summer: model vars 43552 = columns 36616 + fixed_referenced_by_active 146 + fixed_referenced_only_by_inactive 72 + fixed_unreferenced 766 + free_unwritten_referenced_by_active 0 + free_unwritten_referenced_only_by_inactive 0 + free_unwritten_unreferenced 5952  (identity True); rows 30020; H0 0, H1 unbounded 0 bounded 0, H2 0, over-cap 0
[W68-nl-varcount]   cycle1|DSO:5:2037:Autumn: model vars 43552 = columns 36616 + fixed_referenced_by_active 146 + fixed_referenced_only_by_inactive 72 + fixed_unreferenced 766 + free_unwritten_referenced_by_active 0 + free_unwritten_referenced_only_by_inactive 0 + free_unwritten_unreferenced 5952  (identity True); rows 29876; H0 0, H1 unbounded 0 bounded 0, H2 0, over-cap 0
[W68-nl-varcount]   cycle1|DSO:5:2037:Winter: model vars 43552 = columns 36616 + fixed_referenced_by_active 146 + fixed_referenced_only_by_inactive 72 + fixed_unreferenced 766 + free_unwritten_referenced_by_active 0 + free_unwritten_referenced_only_by_inactive 0 + free_unwritten_unreferenced 5952  (identity True); rows 29876; H0 0, H1 unbounded 0 bounded 0, H2 0, over-cap 0
[WARNING] Distribution network node=5, network=case33_1, year=2025, day=Spring did not converge: no SolverResults returned
[WARNING] Distribution network node=5, network=case33_1, year=2025, day=Summer did not converge: no SolverResults returned
[WARNING] Distribution network node=5, network=case33_1, year=2025, day=Autumn did not converge: no SolverResults returned
[WARNING] Distribution network node=5, network=case33_1, year=2025, day=Winter did not converge: no SolverResults returned
[WARNING] Distribution network node=5, network=case33_1, year=2028, day=Spring did not converge: no SolverResults returned
[WARNING] Distribution network node=5, network=case33_1, year=2028, day=Summer did not converge: no SolverResults returned
[WARNING] Distribution network node=5, network=case33_1, year=2028, day=Autumn did not converge: no SolverResults returned
[WARNING] Distribution network node=5, network=case33_1, year=2028, day=Winter did not converge: no SolverResults returned
[WARNING] Distribution network node=5, network=case33_1, year=2031, day=Spring did not converge: no SolverResults returned
[WARNING] Distribution network node=5, network=case33_1, year=2031, day=Summer did not converge: no SolverResults returned
[WARNING] Distribution network node=5, network=case33_1, year=2031, day=Autumn did not converge: no SolverResults returned
[WARNING] Distribution network node=5, network=case33_1, year=2031, day=Winter did not converge: no SolverResults returned
[WARNING] Distribution network node=5, network=case33_1, year=2034, day=Spring did not converge: no SolverResults returned
[WARNING] Distribution network node=5, network=case33_1, year=2034, day=Summer did not converge: no SolverResults returned
[WARNING] Distribution network node=5, network=case33_1, year=2034, day=Autumn did not converge: no SolverResults returned
[WARNING] Distribution network node=5, network=case33_1, year=2034, day=Winter did not converge: no SolverResults returned
[WARNING] Distribution network node=5, network=case33_1, year=2037, day=Spring did not converge: no SolverResults returned
[WARNING] Distribution network node=5, network=case33_1, year=2037, day=Summer did not converge: no SolverResults returned
[WARNING] Distribution network node=5, network=case33_1, year=2037, day=Autumn did not converge: no SolverResults returned
[WARNING] Distribution network node=5, network=case33_1, year=2037, day=Winter did not converge: no SolverResults returned
[W68-nl-varcount]   cycle1|DSO:7:2025:Spring: model vars 43552 = columns 36616 + fixed_referenced_by_active 146 + fixed_referenced_only_by_inactive 72 + fixed_unreferenced 766 + free_unwritten_referenced_by_active 0 + free_unwritten_referenced_only_by_inactive 0 + free_unwritten_unreferenced 5952  (identity True); rows 30128; H0 0, H1 unbounded 0 bounded 0, H2 0, over-cap 0
[W68-nl-varcount]   cycle1|DSO:7:2025:Summer: model vars 43552 = columns 36616 + fixed_referenced_by_active 146 + fixed_referenced_only_by_inactive 72 + fixed_unreferenced 766 + free_unwritten_referenced_by_active 0 + free_unwritten_referenced_only_by_inactive 0 + free_unwritten_unreferenced 5952  (identity True); rows 30128; H0 0, H1 unbounded 0 bounded 0, H2 0, over-cap 0
[W68-nl-varcount]   cycle1|DSO:7:2025:Autumn: model vars 43552 = columns 36616 + fixed_referenced_by_active 146 + fixed_referenced_only_by_inactive 72 + fixed_unreferenced 766 + free_unwritten_referenced_by_active 0 + free_unwritten_referenced_only_by_inactive 0 + free_unwritten_unreferenced 5952  (identity True); rows 30032; H0 0, H1 unbounded 0 bounded 0, H2 0, over-cap 0
[W68-nl-varcount]   cycle1|DSO:7:2025:Winter: model vars 43552 = columns 36616 + fixed_referenced_by_active 146 + fixed_referenced_only_by_inactive 72 + fixed_unreferenced 766 + free_unwritten_referenced_by_active 0 + free_unwritten_referenced_only_by_inactive 0 + free_unwritten_unreferenced 5952  (identity True); rows 30032; H0 0, H1 unbounded 0 bounded 0, H2 0, over-cap 0
[W68-nl-varcount]   cycle1|DSO:7:2028:Spring: model vars 43552 = columns 36616 + fixed_referenced_by_active 146 + fixed_referenced_only_by_inactive 72 + fixed_unreferenced 766 + free_unwritten_referenced_by_active 0 + free_unwritten_referenced_only_by_inactive 0 + free_unwritten_unreferenced 5952  (identity True); rows 30128; H0 0, H1 unbounded 0 bounded 0, H2 0, over-cap 0
[W68-nl-varcount]   cycle1|DSO:7:2028:Summer: model vars 43552 = columns 36616 + fixed_referenced_by_active 146 + fixed_referenced_only_by_inactive 72 + fixed_unreferenced 766 + free_unwritten_referenced_by_active 0 + free_unwritten_referenced_only_by_inactive 0 + free_unwritten_unreferenced 5952  (identity True); rows 30128; H0 0, H1 unbounded 0 bounded 0, H2 0, over-cap 0
[W68-nl-varcount]   cycle1|DSO:7:2028:Autumn: model vars 43552 = columns 36616 + fixed_referenced_by_active 146 + fixed_referenced_only_by_inactive 72 + fixed_unreferenced 766 + free_unwritten_referenced_by_active 0 + free_unwritten_referenced_only_by_inactive 0 + free_unwritten_unreferenced 5952  (identity True); rows 30032; H0 0, H1 unbounded 0 bounded 0, H2 0, over-cap 0
[W68-nl-varcount]   cycle1|DSO:7:2028:Winter: model vars 43552 = columns 36616 + fixed_referenced_by_active 146 + fixed_referenced_only_by_inactive 72 + fixed_unreferenced 766 + free_unwritten_referenced_by_active 0 + free_unwritten_referenced_only_by_inactive 0 + free_unwritten_unreferenced 5952  (identity True); rows 30032; H0 0, H1 unbounded 0 bounded 0, H2 0, over-cap 0
[W68-nl-varcount]   cycle1|DSO:7:2031:Spring: model vars 43552 = columns 36616 + fixed_referenced_by_active 146 + fixed_referenced_only_by_inactive 72 + fixed_unreferenced 766 + free_unwritten_referenced_by_active 0 + free_unwritten_referenced_only_by_inactive 0 + free_unwritten_unreferenced 5952  (identity True); rows 30128; H0 0, H1 unbounded 0 bounded 0, H2 0, over-cap 0
[W68-nl-varcount]   cycle1|DSO:7:2031:Summer: model vars 43552 = columns 36616 + fixed_referenced_by_active 146 + fixed_referenced_only_by_inactive 72 + fixed_unreferenced 766 + free_unwritten_referenced_by_active 0 + free_unwritten_referenced_only_by_inactive 0 + free_unwritten_unreferenced 5952  (identity True); rows 30128; H0 0, H1 unbounded 0 bounded 0, H2 0, over-cap 0
[W68-nl-varcount]   cycle1|DSO:7:2031:Autumn: model vars 43552 = columns 36616 + fixed_referenced_by_active 146 + fixed_referenced_only_by_inactive 72 + fixed_unreferenced 766 + free_unwritten_referenced_by_active 0 + free_unwritten_referenced_only_by_inactive 0 + free_unwritten_unreferenced 5952  (identity True); rows 30032; H0 0, H1 unbounded 0 bounded 0, H2 0, over-cap 0
[W68-nl-varcount]   cycle1|DSO:7:2031:Winter: model vars 43552 = columns 36616 + fixed_referenced_by_active 146 + fixed_referenced_only_by_inactive 72 + fixed_unreferenced 766 + free_unwritten_referenced_by_active 0 + free_unwritten_referenced_only_by_inactive 0 + free_unwritten_unreferenced 5952  (identity True); rows 30032; H0 0, H1 unbounded 0 bounded 0, H2 0, over-cap 0
[W68-nl-varcount]   cycle1|DSO:7:2034:Spring: model vars 43552 = columns 36616 + fixed_referenced_by_active 146 + fixed_referenced_only_by_inactive 72 + fixed_unreferenced 766 + free_unwritten_referenced_by_active 0 + free_unwritten_referenced_only_by_inactive 0 + free_unwritten_unreferenced 5952  (identity True); rows 30128; H0 0, H1 unbounded 0 bounded 0, H2 0, over-cap 0
[W68-nl-varcount]   cycle1|DSO:7:2034:Summer: model vars 43552 = columns 36616 + fixed_referenced_by_active 146 + fixed_referenced_only_by_inactive 72 + fixed_unreferenced 766 + free_unwritten_referenced_by_active 0 + free_unwritten_referenced_only_by_inactive 0 + free_unwritten_unreferenced 5952  (identity True); rows 30128; H0 0, H1 unbounded 0 bounded 0, H2 0, over-cap 0
[W68-nl-varcount]   cycle1|DSO:7:2034:Autumn: model vars 43552 = columns 36616 + fixed_referenced_by_active 146 + fixed_referenced_only_by_inactive 72 + fixed_unreferenced 766 + free_unwritten_referenced_by_active 0 + free_unwritten_referenced_only_by_inactive 0 + free_unwritten_unreferenced 5952  (identity True); rows 30032; H0 0, H1 unbounded 0 bounded 0, H2 0, over-cap 0
[W68-nl-varcount]   cycle1|DSO:7:2034:Winter: model vars 43552 = columns 36616 + fixed_referenced_by_active 146 + fixed_referenced_only_by_inactive 72 + fixed_unreferenced 766 + free_unwritten_referenced_by_active 0 + free_unwritten_referenced_only_by_inactive 0 + free_unwritten_unreferenced 5952  (identity True); rows 30032; H0 0, H1 unbounded 0 bounded 0, H2 0, over-cap 0
[W68-nl-varcount]   cycle1|DSO:7:2037:Spring: model vars 43552 = columns 36616 + fixed_referenced_by_active 146 + fixed_referenced_only_by_inactive 72 + fixed_unreferenced 766 + free_unwritten_referenced_by_active 0 + free_unwritten_referenced_only_by_inactive 0 + free_unwritten_unreferenced 5952  (identity True); rows 30128; H0 0, H1 unbounded 0 bounded 0, H2 0, over-cap 0
[W68-nl-varcount]   cycle1|DSO:7:2037:Summer: model vars 43552 = columns 36616 + fixed_referenced_by_active 146 + fixed_referenced_only_by_inactive 72 + fixed_unreferenced 766 + free_unwritten_referenced_by_active 0 + free_unwritten_referenced_only_by_inactive 0 + free_unwritten_unreferenced 5952  (identity True); rows 30128; H0 0, H1 unbounded 0 bounded 0, H2 0, over-cap 0
[W68-nl-varcount]   cycle1|DSO:7:2037:Autumn: model vars 43552 = columns 36616 + fixed_referenced_by_active 146 + fixed_referenced_only_by_inactive 72 + fixed_unreferenced 766 + free_unwritten_referenced_by_active 0 + free_unwritten_referenced_only_by_inactive 0 + free_unwritten_unreferenced 5952  (identity True); rows 30032; H0 0, H1 unbounded 0 bounded 0, H2 0, over-cap 0
[W68-nl-varcount]   cycle1|DSO:7:2037:Winter: model vars 43552 = columns 36616 + fixed_referenced_by_active 146 + fixed_referenced_only_by_inactive 72 + fixed_unreferenced 766 + free_unwritten_referenced_by_active 0 + free_unwritten_referenced_only_by_inactive 0 + free_unwritten_unreferenced 5952  (identity True); rows 30032; H0 0, H1 unbounded 0 bounded 0, H2 0, over-cap 0
[WARNING] Distribution network node=7, network=case33_2, year=2025, day=Spring did not converge: no SolverResults returned
[WARNING] Distribution network node=7, network=case33_2, year=2025, day=Summer did not converge: no SolverResults returned
[WARNING] Distribution network node=7, network=case33_2, year=2025, day=Autumn did not converge: no SolverResults returned
[WARNING] Distribution network node=7, network=case33_2, year=2025, day=Winter did not converge: no SolverResults returned
[WARNING] Distribution network node=7, network=case33_2, year=2028, day=Spring did not converge: no SolverResults returned
[WARNING] Distribution network node=7, network=case33_2, year=2028, day=Summer did not converge: no SolverResults returned
[WARNING] Distribution network node=7, network=case33_2, year=2028, day=Autumn did not converge: no SolverResults returned
[WARNING] Distribution network node=7, network=case33_2, year=2028, day=Winter did not converge: no SolverResults returned
[WARNING] Distribution network node=7, network=case33_2, year=2031, day=Spring did not converge: no SolverResults returned
[WARNING] Distribution network node=7, network=case33_2, year=2031, day=Summer did not converge: no SolverResults returned
[WARNING] Distribution network node=7, network=case33_2, year=2031, day=Autumn did not converge: no SolverResults returned
[WARNING] Distribution network node=7, network=case33_2, year=2031, day=Winter did not converge: no SolverResults returned
[WARNING] Distribution network node=7, network=case33_2, year=2034, day=Spring did not converge: no SolverResults returned
[WARNING] Distribution network node=7, network=case33_2, year=2034, day=Summer did not converge: no SolverResults returned
[WARNING] Distribution network node=7, network=case33_2, year=2034, day=Autumn did not converge: no SolverResults returned
[WARNING] Distribution network node=7, network=case33_2, year=2034, day=Winter did not converge: no SolverResults returned
[WARNING] Distribution network node=7, network=case33_2, year=2037, day=Spring did not converge: no SolverResults returned
[WARNING] Distribution network node=7, network=case33_2, year=2037, day=Summer did not converge: no SolverResults returned
[WARNING] Distribution network node=7, network=case33_2, year=2037, day=Autumn did not converge: no SolverResults returned
[WARNING] Distribution network node=7, network=case33_2, year=2037, day=Winter did not converge: no SolverResults returned
[W68-nl-varcount]   cycle1|DSO:9:2025:Spring: model vars 43552 = columns 36616 + fixed_referenced_by_active 146 + fixed_referenced_only_by_inactive 72 + fixed_unreferenced 766 + free_unwritten_referenced_by_active 0 + free_unwritten_referenced_only_by_inactive 0 + free_unwritten_unreferenced 5952  (identity True); rows 30020; H0 0, H1 unbounded 0 bounded 0, H2 0, over-cap 0
[W68-nl-varcount]   cycle1|DSO:9:2025:Summer: model vars 43552 = columns 36616 + fixed_referenced_by_active 146 + fixed_referenced_only_by_inactive 72 + fixed_unreferenced 766 + free_unwritten_referenced_by_active 0 + free_unwritten_referenced_only_by_inactive 0 + free_unwritten_unreferenced 5952  (identity True); rows 30020; H0 0, H1 unbounded 0 bounded 0, H2 0, over-cap 0
[W68-nl-varcount]   cycle1|DSO:9:2025:Autumn: model vars 43552 = columns 36616 + fixed_referenced_by_active 146 + fixed_referenced_only_by_inactive 72 + fixed_unreferenced 766 + free_unwritten_referenced_by_active 0 + free_unwritten_referenced_only_by_inactive 0 + free_unwritten_unreferenced 5952  (identity True); rows 29876; H0 0, H1 unbounded 0 bounded 0, H2 0, over-cap 0
[W68-nl-varcount]   cycle1|DSO:9:2025:Winter: model vars 43552 = columns 36616 + fixed_referenced_by_active 146 + fixed_referenced_only_by_inactive 72 + fixed_unreferenced 766 + free_unwritten_referenced_by_active 0 + free_unwritten_referenced_only_by_inactive 0 + free_unwritten_unreferenced 5952  (identity True); rows 29876; H0 0, H1 unbounded 0 bounded 0, H2 0, over-cap 0
[W68-nl-varcount]   cycle1|DSO:9:2028:Spring: model vars 43552 = columns 36616 + fixed_referenced_by_active 146 + fixed_referenced_only_by_inactive 72 + fixed_unreferenced 766 + free_unwritten_referenced_by_active 0 + free_unwritten_referenced_only_by_inactive 0 + free_unwritten_unreferenced 5952  (identity True); rows 30020; H0 0, H1 unbounded 0 bounded 0, H2 0, over-cap 0
[W68-nl-varcount]   cycle1|DSO:9:2028:Summer: model vars 43552 = columns 36616 + fixed_referenced_by_active 146 + fixed_referenced_only_by_inactive 72 + fixed_unreferenced 766 + free_unwritten_referenced_by_active 0 + free_unwritten_referenced_only_by_inactive 0 + free_unwritten_unreferenced 5952  (identity True); rows 30020; H0 0, H1 unbounded 0 bounded 0, H2 0, over-cap 0
[W68-nl-varcount]   cycle1|DSO:9:2028:Autumn: model vars 43552 = columns 36616 + fixed_referenced_by_active 146 + fixed_referenced_only_by_inactive 72 + fixed_unreferenced 766 + free_unwritten_referenced_by_active 0 + free_unwritten_referenced_only_by_inactive 0 + free_unwritten_unreferenced 5952  (identity True); rows 29876; H0 0, H1 unbounded 0 bounded 0, H2 0, over-cap 0
[W68-nl-varcount]   cycle1|DSO:9:2028:Winter: model vars 43552 = columns 36616 + fixed_referenced_by_active 146 + fixed_referenced_only_by_inactive 72 + fixed_unreferenced 766 + free_unwritten_referenced_by_active 0 + free_unwritten_referenced_only_by_inactive 0 + free_unwritten_unreferenced 5952  (identity True); rows 29876; H0 0, H1 unbounded 0 bounded 0, H2 0, over-cap 0
[W68-nl-varcount]   cycle1|DSO:9:2031:Spring: model vars 43552 = columns 36616 + fixed_referenced_by_active 146 + fixed_referenced_only_by_inactive 72 + fixed_unreferenced 766 + free_unwritten_referenced_by_active 0 + free_unwritten_referenced_only_by_inactive 0 + free_unwritten_unreferenced 5952  (identity True); rows 30020; H0 0, H1 unbounded 0 bounded 0, H2 0, over-cap 0
[W68-nl-varcount]   cycle1|DSO:9:2031:Summer: model vars 43552 = columns 36616 + fixed_referenced_by_active 146 + fixed_referenced_only_by_inactive 72 + fixed_unreferenced 766 + free_unwritten_referenced_by_active 0 + free_unwritten_referenced_only_by_inactive 0 + free_unwritten_unreferenced 5952  (identity True); rows 30020; H0 0, H1 unbounded 0 bounded 0, H2 0, over-cap 0
[W68-nl-varcount]   cycle1|DSO:9:2031:Autumn: model vars 43552 = columns 36616 + fixed_referenced_by_active 146 + fixed_referenced_only_by_inactive 72 + fixed_unreferenced 766 + free_unwritten_referenced_by_active 0 + free_unwritten_referenced_only_by_inactive 0 + free_unwritten_unreferenced 5952  (identity True); rows 29876; H0 0, H1 unbounded 0 bounded 0, H2 0, over-cap 0
[W68-nl-varcount]   cycle1|DSO:9:2031:Winter: model vars 43552 = columns 36616 + fixed_referenced_by_active 146 + fixed_referenced_only_by_inactive 72 + fixed_unreferenced 766 + free_unwritten_referenced_by_active 0 + free_unwritten_referenced_only_by_inactive 0 + free_unwritten_unreferenced 5952  (identity True); rows 29876; H0 0, H1 unbounded 0 bounded 0, H2 0, over-cap 0
[W68-nl-varcount]   cycle1|DSO:9:2034:Spring: model vars 43552 = columns 36616 + fixed_referenced_by_active 146 + fixed_referenced_only_by_inactive 72 + fixed_unreferenced 766 + free_unwritten_referenced_by_active 0 + free_unwritten_referenced_only_by_inactive 0 + free_unwritten_unreferenced 5952  (identity True); rows 30020; H0 0, H1 unbounded 0 bounded 0, H2 0, over-cap 0
[W68-nl-varcount]   cycle1|DSO:9:2034:Summer: model vars 43552 = columns 36616 + fixed_referenced_by_active 146 + fixed_referenced_only_by_inactive 72 + fixed_unreferenced 766 + free_unwritten_referenced_by_active 0 + free_unwritten_referenced_only_by_inactive 0 + free_unwritten_unreferenced 5952  (identity True); rows 30020; H0 0, H1 unbounded 0 bounded 0, H2 0, over-cap 0
[W68-nl-varcount]   cycle1|DSO:9:2034:Autumn: model vars 43552 = columns 36616 + fixed_referenced_by_active 146 + fixed_referenced_only_by_inactive 72 + fixed_unreferenced 766 + free_unwritten_referenced_by_active 0 + free_unwritten_referenced_only_by_inactive 0 + free_unwritten_unreferenced 5952  (identity True); rows 29876; H0 0, H1 unbounded 0 bounded 0, H2 0, over-cap 0
[W68-nl-varcount]   cycle1|DSO:9:2034:Winter: model vars 43552 = columns 36616 + fixed_referenced_by_active 146 + fixed_referenced_only_by_inactive 72 + fixed_unreferenced 766 + free_unwritten_referenced_by_active 0 + free_unwritten_referenced_only_by_inactive 0 + free_unwritten_unreferenced 5952  (identity True); rows 29876; H0 0, H1 unbounded 0 bounded 0, H2 0, over-cap 0
[W68-nl-varcount]   cycle1|DSO:9:2037:Spring: model vars 43552 = columns 36616 + fixed_referenced_by_active 146 + fixed_referenced_only_by_inactive 72 + fixed_unreferenced 766 + free_unwritten_referenced_by_active 0 + free_unwritten_referenced_only_by_inactive 0 + free_unwritten_unreferenced 5952  (identity True); rows 30020; H0 0, H1 unbounded 0 bounded 0, H2 0, over-cap 0
[W68-nl-varcount]   cycle1|DSO:9:2037:Summer: model vars 43552 = columns 36616 + fixed_referenced_by_active 146 + fixed_referenced_only_by_inactive 72 + fixed_unreferenced 766 + free_unwritten_referenced_by_active 0 + free_unwritten_referenced_only_by_inactive 0 + free_unwritten_unreferenced 5952  (identity True); rows 30020; H0 0, H1 unbounded 0 bounded 0, H2 0, over-cap 0
[W68-nl-varcount]   cycle1|DSO:9:2037:Autumn: model vars 43552 = columns 36616 + fixed_referenced_by_active 146 + fixed_referenced_only_by_inactive 72 + fixed_unreferenced 766 + free_unwritten_referenced_by_active 0 + free_unwritten_referenced_only_by_inactive 0 + free_unwritten_unreferenced 5952  (identity True); rows 29876; H0 0, H1 unbounded 0 bounded 0, H2 0, over-cap 0
[W68-nl-varcount]   cycle1|DSO:9:2037:Winter: model vars 43552 = columns 36616 + fixed_referenced_by_active 146 + fixed_referenced_only_by_inactive 72 + fixed_unreferenced 766 + free_unwritten_referenced_by_active 0 + free_unwritten_referenced_only_by_inactive 0 + free_unwritten_unreferenced 5952  (identity True); rows 29876; H0 0, H1 unbounded 0 bounded 0, H2 0, over-cap 0
[WARNING] Distribution network node=9, network=case33_3, year=2025, day=Spring did not converge: no SolverResults returned
[WARNING] Distribution network node=9, network=case33_3, year=2025, day=Summer did not converge: no SolverResults returned
[WARNING] Distribution network node=9, network=case33_3, year=2025, day=Autumn did not converge: no SolverResults returned
[WARNING] Distribution network node=9, network=case33_3, year=2025, day=Winter did not converge: no SolverResults returned
[WARNING] Distribution network node=9, network=case33_3, year=2028, day=Spring did not converge: no SolverResults returned
[WARNING] Distribution network node=9, network=case33_3, year=2028, day=Summer did not converge: no SolverResults returned
[WARNING] Distribution network node=9, network=case33_3, year=2028, day=Autumn did not converge: no SolverResults returned
[WARNING] Distribution network node=9, network=case33_3, year=2028, day=Winter did not converge: no SolverResults returned
[WARNING] Distribution network node=9, network=case33_3, year=2031, day=Spring did not converge: no SolverResults returned
[WARNING] Distribution network node=9, network=case33_3, year=2031, day=Summer did not converge: no SolverResults returned
[WARNING] Distribution network node=9, network=case33_3, year=2031, day=Autumn did not converge: no SolverResults returned
[WARNING] Distribution network node=9, network=case33_3, year=2031, day=Winter did not converge: no SolverResults returned
[WARNING] Distribution network node=9, network=case33_3, year=2034, day=Spring did not converge: no SolverResults returned
[WARNING] Distribution network node=9, network=case33_3, year=2034, day=Summer did not converge: no SolverResults returned
[WARNING] Distribution network node=9, network=case33_3, year=2034, day=Autumn did not converge: no SolverResults returned
[WARNING] Distribution network node=9, network=case33_3, year=2034, day=Winter did not converge: no SolverResults returned
[WARNING] Distribution network node=9, network=case33_3, year=2037, day=Spring did not converge: no SolverResults returned
[WARNING] Distribution network node=9, network=case33_3, year=2037, day=Summer did not converge: no SolverResults returned
[WARNING] Distribution network node=9, network=case33_3, year=2037, day=Autumn did not converge: no SolverResults returned
[WARNING] Distribution network node=9, network=case33_3, year=2037, day=Winter did not converge: no SolverResults returned
[INFO] 		 - Updating transmission network...
[W68-nl-varcount]   cycle1|TSO:case9:2025:Spring: model vars 14544 = columns 7848 + fixed_referenced_by_active 2742 + fixed_referenced_only_by_inactive 216 + fixed_unreferenced 2010 + free_unwritten_referenced_by_active 0 + free_unwritten_referenced_only_by_inactive 0 + free_unwritten_unreferenced 1728  (identity True); rows 9684; H0 0, H1 unbounded 0 bounded 0, H2 0, over-cap 0
[W68-nl-varcount]   cycle1|TSO:case9:2025:Summer: model vars 14544 = columns 7848 + fixed_referenced_by_active 2742 + fixed_referenced_only_by_inactive 216 + fixed_unreferenced 2010 + free_unwritten_referenced_by_active 0 + free_unwritten_referenced_only_by_inactive 0 + free_unwritten_unreferenced 1728  (identity True); rows 9684; H0 0, H1 unbounded 0 bounded 0, H2 0, over-cap 0
[W68-nl-varcount]   cycle1|TSO:case9:2025:Autumn: model vars 14544 = columns 7848 + fixed_referenced_by_active 2742 + fixed_referenced_only_by_inactive 216 + fixed_unreferenced 2010 + free_unwritten_referenced_by_active 0 + free_unwritten_referenced_only_by_inactive 0 + free_unwritten_unreferenced 1728  (identity True); rows 9540; H0 0, H1 unbounded 0 bounded 0, H2 0, over-cap 0
[W68-nl-varcount]   cycle1|TSO:case9:2025:Winter: model vars 14544 = columns 7848 + fixed_referenced_by_active 2742 + fixed_referenced_only_by_inactive 216 + fixed_unreferenced 2010 + free_unwritten_referenced_by_active 0 + free_unwritten_referenced_only_by_inactive 0 + free_unwritten_unreferenced 1728  (identity True); rows 9540; H0 0, H1 unbounded 0 bounded 0, H2 0, over-cap 0
[W68-nl-varcount]   cycle1|TSO:case9:2028:Spring: model vars 14544 = columns 7848 + fixed_referenced_by_active 2742 + fixed_referenced_only_by_inactive 216 + fixed_unreferenced 2010 + free_unwritten_referenced_by_active 0 + free_unwritten_referenced_only_by_inactive 0 + free_unwritten_unreferenced 1728  (identity True); rows 9684; H0 0, H1 unbounded 0 bounded 0, H2 0, over-cap 0
[W68-nl-varcount]   cycle1|TSO:case9:2028:Summer: model vars 14544 = columns 7848 + fixed_referenced_by_active 2742 + fixed_referenced_only_by_inactive 216 + fixed_unreferenced 2010 + free_unwritten_referenced_by_active 0 + free_unwritten_referenced_only_by_inactive 0 + free_unwritten_unreferenced 1728  (identity True); rows 9684; H0 0, H1 unbounded 0 bounded 0, H2 0, over-cap 0
[W68-nl-varcount]   cycle1|TSO:case9:2028:Autumn: model vars 14544 = columns 7848 + fixed_referenced_by_active 2742 + fixed_referenced_only_by_inactive 216 + fixed_unreferenced 2010 + free_unwritten_referenced_by_active 0 + free_unwritten_referenced_only_by_inactive 0 + free_unwritten_unreferenced 1728  (identity True); rows 9540; H0 0, H1 unbounded 0 bounded 0, H2 0, over-cap 0
[W68-nl-varcount]   cycle1|TSO:case9:2028:Winter: model vars 14544 = columns 7848 + fixed_referenced_by_active 2742 + fixed_referenced_only_by_inactive 216 + fixed_unreferenced 2010 + free_unwritten_referenced_by_active 0 + free_unwritten_referenced_only_by_inactive 0 + free_unwritten_unreferenced 1728  (identity True); rows 9540; H0 0, H1 unbounded 0 bounded 0, H2 0, over-cap 0
[W68-nl-varcount]   cycle1|TSO:case9:2031:Spring: model vars 14544 = columns 7848 + fixed_referenced_by_active 2742 + fixed_referenced_only_by_inactive 216 + fixed_unreferenced 2010 + free_unwritten_referenced_by_active 0 + free_unwritten_referenced_only_by_inactive 0 + free_unwritten_unreferenced 1728  (identity True); rows 9684; H0 0, H1 unbounded 0 bounded 0, H2 0, over-cap 0
[W68-nl-varcount]   cycle1|TSO:case9:2031:Summer: model vars 14544 = columns 7848 + fixed_referenced_by_active 2742 + fixed_referenced_only_by_inactive 216 + fixed_unreferenced 2010 + free_unwritten_referenced_by_active 0 + free_unwritten_referenced_only_by_inactive 0 + free_unwritten_unreferenced 1728  (identity True); rows 9684; H0 0, H1 unbounded 0 bounded 0, H2 0, over-cap 0
[W68-nl-varcount]   cycle1|TSO:case9:2031:Autumn: model vars 14544 = columns 7848 + fixed_referenced_by_active 2742 + fixed_referenced_only_by_inactive 216 + fixed_unreferenced 2010 + free_unwritten_referenced_by_active 0 + free_unwritten_referenced_only_by_inactive 0 + free_unwritten_unreferenced 1728  (identity True); rows 9540; H0 0, H1 unbounded 0 bounded 0, H2 0, over-cap 0
[W68-nl-varcount]   cycle1|TSO:case9:2031:Winter: model vars 14544 = columns 7848 + fixed_referenced_by_active 2742 + fixed_referenced_only_by_inactive 216 + fixed_unreferenced 2010 + free_unwritten_referenced_by_active 0 + free_unwritten_referenced_only_by_inactive 0 + free_unwritten_unreferenced 1728  (identity True); rows 9540; H0 0, H1 unbounded 0 bounded 0, H2 0, over-cap 0
[W68-nl-varcount]   cycle1|TSO:case9:2034:Spring: model vars 14544 = columns 7848 + fixed_referenced_by_active 2742 + fixed_referenced_only_by_inactive 216 + fixed_unreferenced 2010 + free_unwritten_referenced_by_active 0 + free_unwritten_referenced_only_by_inactive 0 + free_unwritten_unreferenced 1728  (identity True); rows 9684; H0 0, H1 unbounded 0 bounded 0, H2 0, over-cap 0
[W68-nl-varcount]   cycle1|TSO:case9:2034:Summer: model vars 14544 = columns 7848 + fixed_referenced_by_active 2742 + fixed_referenced_only_by_inactive 216 + fixed_unreferenced 2010 + free_unwritten_referenced_by_active 0 + free_unwritten_referenced_only_by_inactive 0 + free_unwritten_unreferenced 1728  (identity True); rows 9684; H0 0, H1 unbounded 0 bounded 0, H2 0, over-cap 0
[W68-nl-varcount]   cycle1|TSO:case9:2034:Autumn: model vars 14544 = columns 7848 + fixed_referenced_by_active 2742 + fixed_referenced_only_by_inactive 216 + fixed_unreferenced 2010 + free_unwritten_referenced_by_active 0 + free_unwritten_referenced_only_by_inactive 0 + free_unwritten_unreferenced 1728  (identity True); rows 9540; H0 0, H1 unbounded 0 bounded 0, H2 0, over-cap 0
[W68-nl-varcount]   cycle1|TSO:case9:2034:Winter: model vars 14544 = columns 7848 + fixed_referenced_by_active 2742 + fixed_referenced_only_by_inactive 216 + fixed_unreferenced 2010 + free_unwritten_referenced_by_active 0 + free_unwritten_referenced_only_by_inactive 0 + free_unwritten_unreferenced 1728  (identity True); rows 9540; H0 0, H1 unbounded 0 bounded 0, H2 0, over-cap 0
[W68-nl-varcount]   cycle1|TSO:case9:2037:Spring: model vars 14544 = columns 7848 + fixed_referenced_by_active 2742 + fixed_referenced_only_by_inactive 216 + fixed_unreferenced 2010 + free_unwritten_referenced_by_active 0 + free_unwritten_referenced_only_by_inactive 0 + free_unwritten_unreferenced 1728  (identity True); rows 9684; H0 0, H1 unbounded 0 bounded 0, H2 0, over-cap 0
[W68-nl-varcount]   cycle1|TSO:case9:2037:Summer: model vars 14544 = columns 7848 + fixed_referenced_by_active 2742 + fixed_referenced_only_by_inactive 216 + fixed_unreferenced 2010 + free_unwritten_referenced_by_active 0 + free_unwritten_referenced_only_by_inactive 0 + free_unwritten_unreferenced 1728  (identity True); rows 9678; H0 0, H1 unbounded 0 bounded 0, H2 0, over-cap 0
[W68-nl-varcount]   cycle1|TSO:case9:2037:Autumn: model vars 14544 = columns 7848 + fixed_referenced_by_active 2742 + fixed_referenced_only_by_inactive 216 + fixed_unreferenced 2010 + free_unwritten_referenced_by_active 0 + free_unwritten_referenced_only_by_inactive 0 + free_unwritten_unreferenced 1728  (identity True); rows 9540; H0 0, H1 unbounded 0 bounded 0, H2 0, over-cap 0
[W68-nl-varcount]   cycle1|TSO:case9:2037:Winter: model vars 14544 = columns 7848 + fixed_referenced_by_active 2742 + fixed_referenced_only_by_inactive 216 + fixed_unreferenced 2010 + free_unwritten_referenced_by_active 0 + free_unwritten_referenced_only_by_inactive 0 + free_unwritten_unreferenced 1728  (identity True); rows 9540; H0 0, H1 unbounded 0 bounded 0, H2 0, over-cap 0
[ERROR] Transmission network case9, year=2025, day=Spring did not converge: no SolverResults returned
[ERROR] Transmission network case9, year=2025, day=Summer did not converge: no SolverResults returned
[ERROR] Transmission network case9, year=2025, day=Autumn did not converge: no SolverResults returned
[ERROR] Transmission network case9, year=2025, day=Winter did not converge: no SolverResults returned
[ERROR] Transmission network case9, year=2028, day=Spring did not converge: no SolverResults returned
[ERROR] Transmission network case9, year=2028, day=Summer did not converge: no SolverResults returned
[ERROR] Transmission network case9, year=2028, day=Autumn did not converge: no SolverResults returned
[ERROR] Transmission network case9, year=2028, day=Winter did not converge: no SolverResults returned
[ERROR] Transmission network case9, year=2031, day=Spring did not converge: no SolverResults returned
[ERROR] Transmission network case9, year=2031, day=Summer did not converge: no SolverResults returned
[ERROR] Transmission network case9, year=2031, day=Autumn did not converge: no SolverResults returned
[ERROR] Transmission network case9, year=2031, day=Winter did not converge: no SolverResults returned
[ERROR] Transmission network case9, year=2034, day=Spring did not converge: no SolverResults returned
[ERROR] Transmission network case9, year=2034, day=Summer did not converge: no SolverResults returned
[ERROR] Transmission network case9, year=2034, day=Autumn did not converge: no SolverResults returned
[ERROR] Transmission network case9, year=2034, day=Winter did not converge: no SolverResults returned
[ERROR] Transmission network case9, year=2037, day=Spring did not converge: no SolverResults returned
[ERROR] Transmission network case9, year=2037, day=Summer did not converge: no SolverResults returned
[ERROR] Transmission network case9, year=2037, day=Autumn did not converge: no SolverResults returned
[ERROR] Transmission network case9, year=2037, day=Winter did not converge: no SolverResults returned
[INFO] 		 - Updating SharedESS...
[W68-nl-varcount]   cycle1|ESSO:5: model vars 6905 = columns 2010 + fixed_referenced_by_active 4845 + fixed_referenced_only_by_inactive 40 + fixed_unreferenced 10 + free_unwritten_referenced_by_active 0 + free_unwritten_referenced_only_by_inactive 0 + free_unwritten_unreferenced 0  (identity True); rows 1050; H0 0, H1 unbounded 0 bounded 0, H2 0, over-cap 0
[W68-nl-varcount]   cycle1|ESSO:7: model vars 6905 = columns 2010 + fixed_referenced_by_active 4845 + fixed_referenced_only_by_inactive 40 + fixed_unreferenced 10 + free_unwritten_referenced_by_active 0 + free_unwritten_referenced_only_by_inactive 0 + free_unwritten_unreferenced 0  (identity True); rows 1050; H0 0, H1 unbounded 0 bounded 0, H2 0, over-cap 0
[W68-nl-varcount]   cycle1|ESSO:9: model vars 6905 = columns 2010 + fixed_referenced_by_active 4845 + fixed_referenced_only_by_inactive 40 + fixed_unreferenced 10 + free_unwritten_referenced_by_active 0 + free_unwritten_referenced_only_by_inactive 0 + free_unwritten_unreferenced 0  (identity True); rows 1050; H0 0, H1 unbounded 0 bounded 0, H2 0, over-cap 0
[WARNING] SharedESS operational planning node=5 did not converge: no SolverResults returned
[WARNING] SharedESS operational planning node=7 did not converge: no SolverResults returned
[WARNING] SharedESS operational planning node=9 did not converge: no SolverResults returned
[W68-nl-varcount] memory at after cycle1 phase: available 17.32 GiB (free+inactive 13.50), own max RSS 6.22 GiB
[W68-nl-varcount] guard {'permitted_solve': 0, 'permitted_exec': 0, 'blocked_solve': 0, 'blocked_exec': 0} verify(0) failures [] (exit path: completed)
[W68-nl-varcount] init all: blocks 83; 2924715 = 2334030 written + 98295 fixed_referenced_by_active + 14520 fixed_referenced_only_by_inactive + 86190 fixed_unreferenced + 0 free_unwritten_referenced_by_active + 0 free_unwritten_referenced_only_by_inactive + 391680 free_unwritten_unreferenced; columns 2334030; identity True; H0 0 H1u 0 H1b 0 H2 0 over-cap 0; fixed written 0; retired present []
[W68-nl-varcount] init DSO: blocks 60; 2613120 = 2173920 written + 28920 fixed_referenced_by_active + 7200 fixed_referenced_only_by_inactive + 45960 fixed_unreferenced + 0 free_unwritten_referenced_by_active + 0 free_unwritten_referenced_only_by_inactive + 357120 free_unwritten_unreferenced; columns 2173920; identity True; H0 0 H1u 0 H1b 0 H2 0 over-cap 0; fixed written 0; retired present []
[W68-nl-varcount] init TSO: blocks 20; 290880 = 156960 written + 51960 fixed_referenced_by_active + 7200 fixed_referenced_only_by_inactive + 40200 fixed_unreferenced + 0 free_unwritten_referenced_by_active + 0 free_unwritten_referenced_only_by_inactive + 34560 free_unwritten_unreferenced; columns 156960; identity True; H0 0 H1u 0 H1b 0 H2 0 over-cap 0; fixed written 0; retired present []
[W68-nl-varcount] init ESSO: blocks 3; 20715 = 3150 written + 17415 fixed_referenced_by_active + 120 fixed_referenced_only_by_inactive + 30 fixed_unreferenced + 0 free_unwritten_referenced_by_active + 0 free_unwritten_referenced_only_by_inactive + 0 free_unwritten_unreferenced; columns 3150; identity True; H0 0 H1u 0 H1b 0 H2 0 over-cap 0; fixed written 0; retired present []
[W68-nl-varcount] cycle1 all: blocks 83; 2924715 = 2359950 written + 78135 fixed_referenced_by_active + 8760 fixed_referenced_only_by_inactive + 86190 fixed_unreferenced + 0 free_unwritten_referenced_by_active + 0 free_unwritten_referenced_only_by_inactive + 391680 free_unwritten_unreferenced; columns 2359950; identity True; H0 0 H1u 0 H1b 0 H2 0 over-cap 0; fixed written 0; retired present []
[W68-nl-varcount] cycle1 DSO: blocks 60; 2613120 = 2196960 written + 8760 fixed_referenced_by_active + 4320 fixed_referenced_only_by_inactive + 45960 fixed_unreferenced + 0 free_unwritten_referenced_by_active + 0 free_unwritten_referenced_only_by_inactive + 357120 free_unwritten_unreferenced; columns 2196960; identity True; H0 0 H1u 0 H1b 0 H2 0 over-cap 0; fixed written 0; retired present []
[W68-nl-varcount] cycle1 TSO: blocks 20; 290880 = 156960 written + 54840 fixed_referenced_by_active + 4320 fixed_referenced_only_by_inactive + 40200 fixed_unreferenced + 0 free_unwritten_referenced_by_active + 0 free_unwritten_referenced_only_by_inactive + 34560 free_unwritten_unreferenced; columns 156960; identity True; H0 0 H1u 0 H1b 0 H2 0 over-cap 0; fixed written 0; retired present []
[W68-nl-varcount] cycle1 ESSO: blocks 3; 20715 = 6030 written + 14535 fixed_referenced_by_active + 120 fixed_referenced_only_by_inactive + 30 fixed_unreferenced + 0 free_unwritten_referenced_by_active + 0 free_unwritten_referenced_only_by_inactive + 0 free_unwritten_unreferenced; columns 6030; identity True; H0 0 H1u 0 H1b 0 H2 0 over-cap 0; fixed written 0; retired present []
[W68-nl-varcount] wrote /Users/micaelsimoes/Projects/share-resource-planning-no_esso-degradation/data/SRP1/Results/P515S53/nl_varcount_w66/2x2_a0p50_r2/nl_varcount.json
