[W68-nl-varcount] instance 2x2 alpha 0.5 label 2x2_a0p50_r1; checklist {'case_sha256_matches': True, 'params_file_sha256_matches': True, 'row_spec_sha256_matches': True, 'writer_forces_presolve_off': True, 'production_builders_present': True, 'capture_paths_present': True, 'script_committed_unmodified': True, 'row_spec_pins_this_case': True, 'alpha_in_row_spec': True}
[W68-nl-varcount] memory at before read: available 23.35 GiB (free+inactive 17.98), own max RSS 0.20 GiB
[W68-nl-varcount] positive control (hazard screens must fire): {'H1_unbounded': [['d_dn', 'd_up']], 'H1_bounded': [['e_dn', 'e_up']], 'H2': ['y'], 'H0': [], 'pass': True}
[INFO] Scenario random seed: 2026
[INFO] Reading MARKET DATA from file(s)...
[INFO] 	 - Generating market scenarios...
[INFO] 	 - Plotting market scenarios...
[INFO] Reading DISTRIBUTION NETWORK DATA from file(s)...
[INFO]	 - Generating load stochastic scenarios...
[INFO]	 - Generating RES generation stochastic scenarios...
[INFO]	 - Generating flexibility stochastic scenarios...
[INFO]	 - Plotting flexibility profiles...
[INFO]	 - Plotting load scenarios...
[INFO]	 - Plotting RES generation scenarios...
[INFO] Reading DISTRIBUTION NETWORK DATA from file(s)...
[INFO]	 - Generating load stochastic scenarios...
[INFO]	 - Generating RES generation stochastic scenarios...
[INFO]	 - Generating flexibility stochastic scenarios...
[INFO]	 - Plotting flexibility profiles...
[INFO]	 - Plotting load scenarios...
[INFO]	 - Plotting RES generation scenarios...
[INFO] Reading DISTRIBUTION NETWORK DATA from file(s)...
[INFO]	 - Generating load stochastic scenarios...
[INFO]	 - Generating RES generation stochastic scenarios...
[INFO]	 - Generating flexibility stochastic scenarios...
[INFO]	 - Plotting flexibility profiles...
[INFO]	 - Plotting load scenarios...
[INFO]	 - Plotting RES generation scenarios...
[INFO] Reading TRANSMISSION NETWORK DATA from file(s)...
[INFO]	 - Generating load stochastic scenarios...
[INFO]	 - Generating RES generation stochastic scenarios...
[INFO]	 - Generating flexibility stochastic scenarios...
[INFO]	 - Plotting flexibility profiles...
[INFO]	 - Plotting load scenarios...
[INFO]	 - Plotting RES generation scenarios...
[INFO] Scenario checksum: 53b4bea4142001617282a08541079952564903b6d84db066f90d71a650b7d563
[INFO] Reading SHARED ESS DATA from file(s)...
[INFO] Reading PLANNING PARAMETERS from file...
[W68-nl-varcount] memory at after read: available 23.36 GiB (free+inactive 17.92), own max RSS 0.33 GiB
[INFO] 		 - Distribution Network node 5...
[W68-nl-varcount]   init|DSO:5:2025:Spring: model vars 43552 = columns 36232 + fixed_referenced_by_active 482 + fixed_referenced_only_by_inactive 120 + fixed_unreferenced 766 + free_unwritten_referenced_by_active 0 + free_unwritten_referenced_only_by_inactive 0 + free_unwritten_unreferenced 5952  (identity True); rows 29828; H0 0, H1 unbounded 0 bounded 0, H2 0, over-cap 0
[W68-nl-varcount]   init|DSO:5:2025:Summer: model vars 43552 = columns 36232 + fixed_referenced_by_active 482 + fixed_referenced_only_by_inactive 120 + fixed_unreferenced 766 + free_unwritten_referenced_by_active 0 + free_unwritten_referenced_only_by_inactive 0 + free_unwritten_unreferenced 5952  (identity True); rows 29828; H0 0, H1 unbounded 0 bounded 0, H2 0, over-cap 0
[W68-nl-varcount]   init|DSO:5:2025:Autumn: model vars 43552 = columns 36232 + fixed_referenced_by_active 482 + fixed_referenced_only_by_inactive 120 + fixed_unreferenced 766 + free_unwritten_referenced_by_active 0 + free_unwritten_referenced_only_by_inactive 0 + free_unwritten_unreferenced 5952  (identity True); rows 29684; H0 0, H1 unbounded 0 bounded 0, H2 0, over-cap 0
[W68-nl-varcount]   init|DSO:5:2025:Winter: model vars 43552 = columns 36232 + fixed_referenced_by_active 482 + fixed_referenced_only_by_inactive 120 + fixed_unreferenced 766 + free_unwritten_referenced_by_active 0 + free_unwritten_referenced_only_by_inactive 0 + free_unwritten_unreferenced 5952  (identity True); rows 29684; H0 0, H1 unbounded 0 bounded 0, H2 0, over-cap 0
[W68-nl-varcount]   init|DSO:5:2028:Spring: model vars 43552 = columns 36232 + fixed_referenced_by_active 482 + fixed_referenced_only_by_inactive 120 + fixed_unreferenced 766 + free_unwritten_referenced_by_active 0 + free_unwritten_referenced_only_by_inactive 0 + free_unwritten_unreferenced 5952  (identity True); rows 29828; H0 0, H1 unbounded 0 bounded 0, H2 0, over-cap 0
[W68-nl-varcount]   init|DSO:5:2028:Summer: model vars 43552 = columns 36232 + fixed_referenced_by_active 482 + fixed_referenced_only_by_inactive 120 + fixed_unreferenced 766 + free_unwritten_referenced_by_active 0 + free_unwritten_referenced_only_by_inactive 0 + free_unwritten_unreferenced 5952  (identity True); rows 29828; H0 0, H1 unbounded 0 bounded 0, H2 0, over-cap 0
[W68-nl-varcount]   init|DSO:5:2028:Autumn: model vars 43552 = columns 36232 + fixed_referenced_by_active 482 + fixed_referenced_only_by_inactive 120 + fixed_unreferenced 766 + free_unwritten_referenced_by_active 0 + free_unwritten_referenced_only_by_inactive 0 + free_unwritten_unreferenced 5952  (identity True); rows 29684; H0 0, H1 unbounded 0 bounded 0, H2 0, over-cap 0
[W68-nl-varcount]   init|DSO:5:2028:Winter: model vars 43552 = columns 36232 + fixed_referenced_by_active 482 + fixed_referenced_only_by_inactive 120 + fixed_unreferenced 766 + free_unwritten_referenced_by_active 0 + free_unwritten_referenced_only_by_inactive 0 + free_unwritten_unreferenced 5952  (identity True); rows 29684; H0 0, H1 unbounded 0 bounded 0, H2 0, over-cap 0
[W68-nl-varcount]   init|DSO:5:2031:Spring: model vars 43552 = columns 36232 + fixed_referenced_by_active 482 + fixed_referenced_only_by_inactive 120 + fixed_unreferenced 766 + free_unwritten_referenced_by_active 0 + free_unwritten_referenced_only_by_inactive 0 + free_unwritten_unreferenced 5952  (identity True); rows 29828; H0 0, H1 unbounded 0 bounded 0, H2 0, over-cap 0
[W68-nl-varcount]   init|DSO:5:2031:Summer: model vars 43552 = columns 36232 + fixed_referenced_by_active 482 + fixed_referenced_only_by_inactive 120 + fixed_unreferenced 766 + free_unwritten_referenced_by_active 0 + free_unwritten_referenced_only_by_inactive 0 + free_unwritten_unreferenced 5952  (identity True); rows 29828; H0 0, H1 unbounded 0 bounded 0, H2 0, over-cap 0
[W68-nl-varcount]   init|DSO:5:2031:Autumn: model vars 43552 = columns 36232 + fixed_referenced_by_active 482 + fixed_referenced_only_by_inactive 120 + fixed_unreferenced 766 + free_unwritten_referenced_by_active 0 + free_unwritten_referenced_only_by_inactive 0 + free_unwritten_unreferenced 5952  (identity True); rows 29684; H0 0, H1 unbounded 0 bounded 0, H2 0, over-cap 0
[W68-nl-varcount]   init|DSO:5:2031:Winter: model vars 43552 = columns 36232 + fixed_referenced_by_active 482 + fixed_referenced_only_by_inactive 120 + fixed_unreferenced 766 + free_unwritten_referenced_by_active 0 + free_unwritten_referenced_only_by_inactive 0 + free_unwritten_unreferenced 5952  (identity True); rows 29684; H0 0, H1 unbounded 0 bounded 0, H2 0, over-cap 0
[W68-nl-varcount]   init|DSO:5:2034:Spring: model vars 43552 = columns 36232 + fixed_referenced_by_active 482 + fixed_referenced_only_by_inactive 120 + fixed_unreferenced 766 + free_unwritten_referenced_by_active 0 + free_unwritten_referenced_only_by_inactive 0 + free_unwritten_unreferenced 5952  (identity True); rows 29828; H0 0, H1 unbounded 0 bounded 0, H2 0, over-cap 0
[W68-nl-varcount]   init|DSO:5:2034:Summer: model vars 43552 = columns 36232 + fixed_referenced_by_active 482 + fixed_referenced_only_by_inactive 120 + fixed_unreferenced 766 + free_unwritten_referenced_by_active 0 + free_unwritten_referenced_only_by_inactive 0 + free_unwritten_unreferenced 5952  (identity True); rows 29828; H0 0, H1 unbounded 0 bounded 0, H2 0, over-cap 0
[W68-nl-varcount]   init|DSO:5:2034:Autumn: model vars 43552 = columns 36232 + fixed_referenced_by_active 482 + fixed_referenced_only_by_inactive 120 + fixed_unreferenced 766 + free_unwritten_referenced_by_active 0 + free_unwritten_referenced_only_by_inactive 0 + free_unwritten_unreferenced 5952  (identity True); rows 29684; H0 0, H1 unbounded 0 bounded 0, H2 0, over-cap 0
[W68-nl-varcount]   init|DSO:5:2034:Winter: model vars 43552 = columns 36232 + fixed_referenced_by_active 482 + fixed_referenced_only_by_inactive 120 + fixed_unreferenced 766 + free_unwritten_referenced_by_active 0 + free_unwritten_referenced_only_by_inactive 0 + free_unwritten_unreferenced 5952  (identity True); rows 29678; H0 0, H1 unbounded 0 bounded 0, H2 0, over-cap 0
[W68-nl-varcount]   init|DSO:5:2037:Spring: model vars 43552 = columns 36232 + fixed_referenced_by_active 482 + fixed_referenced_only_by_inactive 120 + fixed_unreferenced 766 + free_unwritten_referenced_by_active 0 + free_unwritten_referenced_only_by_inactive 0 + free_unwritten_unreferenced 5952  (identity True); rows 29828; H0 0, H1 unbounded 0 bounded 0, H2 0, over-cap 0
[W68-nl-varcount]   init|DSO:5:2037:Summer: model vars 43552 = columns 36232 + fixed_referenced_by_active 482 + fixed_referenced_only_by_inactive 120 + fixed_unreferenced 766 + free_unwritten_referenced_by_active 0 + free_unwritten_referenced_only_by_inactive 0 + free_unwritten_unreferenced 5952  (identity True); rows 29828; H0 0, H1 unbounded 0 bounded 0, H2 0, over-cap 0
[W68-nl-varcount]   init|DSO:5:2037:Autumn: model vars 43552 = columns 36232 + fixed_referenced_by_active 482 + fixed_referenced_only_by_inactive 120 + fixed_unreferenced 766 + free_unwritten_referenced_by_active 0 + free_unwritten_referenced_only_by_inactive 0 + free_unwritten_unreferenced 5952  (identity True); rows 29684; H0 0, H1 unbounded 0 bounded 0, H2 0, over-cap 0
[W68-nl-varcount]   init|DSO:5:2037:Winter: model vars 43552 = columns 36232 + fixed_referenced_by_active 482 + fixed_referenced_only_by_inactive 120 + fixed_unreferenced 766 + free_unwritten_referenced_by_active 0 + free_unwritten_referenced_only_by_inactive 0 + free_unwritten_unreferenced 5952  (identity True); rows 29684; H0 0, H1 unbounded 0 bounded 0, H2 0, over-cap 0
[INFO] 		 - Distribution Network node 7...
[W68-nl-varcount]   init|DSO:7:2025:Spring: model vars 43552 = columns 36232 + fixed_referenced_by_active 482 + fixed_referenced_only_by_inactive 120 + fixed_unreferenced 766 + free_unwritten_referenced_by_active 0 + free_unwritten_referenced_only_by_inactive 0 + free_unwritten_unreferenced 5952  (identity True); rows 29936; H0 0, H1 unbounded 0 bounded 0, H2 0, over-cap 0
[W68-nl-varcount]   init|DSO:7:2025:Summer: model vars 43552 = columns 36232 + fixed_referenced_by_active 482 + fixed_referenced_only_by_inactive 120 + fixed_unreferenced 766 + free_unwritten_referenced_by_active 0 + free_unwritten_referenced_only_by_inactive 0 + free_unwritten_unreferenced 5952  (identity True); rows 29936; H0 0, H1 unbounded 0 bounded 0, H2 0, over-cap 0
[W68-nl-varcount]   init|DSO:7:2025:Autumn: model vars 43552 = columns 36232 + fixed_referenced_by_active 482 + fixed_referenced_only_by_inactive 120 + fixed_unreferenced 766 + free_unwritten_referenced_by_active 0 + free_unwritten_referenced_only_by_inactive 0 + free_unwritten_unreferenced 5952  (identity True); rows 29840; H0 0, H1 unbounded 0 bounded 0, H2 0, over-cap 0
[W68-nl-varcount]   init|DSO:7:2025:Winter: model vars 43552 = columns 36232 + fixed_referenced_by_active 482 + fixed_referenced_only_by_inactive 120 + fixed_unreferenced 766 + free_unwritten_referenced_by_active 0 + free_unwritten_referenced_only_by_inactive 0 + free_unwritten_unreferenced 5952  (identity True); rows 29840; H0 0, H1 unbounded 0 bounded 0, H2 0, over-cap 0
[W68-nl-varcount]   init|DSO:7:2028:Spring: model vars 43552 = columns 36232 + fixed_referenced_by_active 482 + fixed_referenced_only_by_inactive 120 + fixed_unreferenced 766 + free_unwritten_referenced_by_active 0 + free_unwritten_referenced_only_by_inactive 0 + free_unwritten_unreferenced 5952  (identity True); rows 29936; H0 0, H1 unbounded 0 bounded 0, H2 0, over-cap 0
[W68-nl-varcount]   init|DSO:7:2028:Summer: model vars 43552 = columns 36232 + fixed_referenced_by_active 482 + fixed_referenced_only_by_inactive 120 + fixed_unreferenced 766 + free_unwritten_referenced_by_active 0 + free_unwritten_referenced_only_by_inactive 0 + free_unwritten_unreferenced 5952  (identity True); rows 29936; H0 0, H1 unbounded 0 bounded 0, H2 0, over-cap 0
[W68-nl-varcount]   init|DSO:7:2028:Autumn: model vars 43552 = columns 36232 + fixed_referenced_by_active 482 + fixed_referenced_only_by_inactive 120 + fixed_unreferenced 766 + free_unwritten_referenced_by_active 0 + free_unwritten_referenced_only_by_inactive 0 + free_unwritten_unreferenced 5952  (identity True); rows 29840; H0 0, H1 unbounded 0 bounded 0, H2 0, over-cap 0
[W68-nl-varcount]   init|DSO:7:2028:Winter: model vars 43552 = columns 36232 + fixed_referenced_by_active 482 + fixed_referenced_only_by_inactive 120 + fixed_unreferenced 766 + free_unwritten_referenced_by_active 0 + free_unwritten_referenced_only_by_inactive 0 + free_unwritten_unreferenced 5952  (identity True); rows 29840; H0 0, H1 unbounded 0 bounded 0, H2 0, over-cap 0
[W68-nl-varcount]   init|DSO:7:2031:Spring: model vars 43552 = columns 36232 + fixed_referenced_by_active 482 + fixed_referenced_only_by_inactive 120 + fixed_unreferenced 766 + free_unwritten_referenced_by_active 0 + free_unwritten_referenced_only_by_inactive 0 + free_unwritten_unreferenced 5952  (identity True); rows 29936; H0 0, H1 unbounded 0 bounded 0, H2 0, over-cap 0
[W68-nl-varcount]   init|DSO:7:2031:Summer: model vars 43552 = columns 36232 + fixed_referenced_by_active 482 + fixed_referenced_only_by_inactive 120 + fixed_unreferenced 766 + free_unwritten_referenced_by_active 0 + free_unwritten_referenced_only_by_inactive 0 + free_unwritten_unreferenced 5952  (identity True); rows 29936; H0 0, H1 unbounded 0 bounded 0, H2 0, over-cap 0
[W68-nl-varcount]   init|DSO:7:2031:Autumn: model vars 43552 = columns 36232 + fixed_referenced_by_active 482 + fixed_referenced_only_by_inactive 120 + fixed_unreferenced 766 + free_unwritten_referenced_by_active 0 + free_unwritten_referenced_only_by_inactive 0 + free_unwritten_unreferenced 5952  (identity True); rows 29840; H0 0, H1 unbounded 0 bounded 0, H2 0, over-cap 0
[W68-nl-varcount]   init|DSO:7:2031:Winter: model vars 43552 = columns 36232 + fixed_referenced_by_active 482 + fixed_referenced_only_by_inactive 120 + fixed_unreferenced 766 + free_unwritten_referenced_by_active 0 + free_unwritten_referenced_only_by_inactive 0 + free_unwritten_unreferenced 5952  (identity True); rows 29840; H0 0, H1 unbounded 0 bounded 0, H2 0, over-cap 0
[W68-nl-varcount]   init|DSO:7:2034:Spring: model vars 43552 = columns 36232 + fixed_referenced_by_active 482 + fixed_referenced_only_by_inactive 120 + fixed_unreferenced 766 + free_unwritten_referenced_by_active 0 + free_unwritten_referenced_only_by_inactive 0 + free_unwritten_unreferenced 5952  (identity True); rows 29936; H0 0, H1 unbounded 0 bounded 0, H2 0, over-cap 0
[W68-nl-varcount]   init|DSO:7:2034:Summer: model vars 43552 = columns 36232 + fixed_referenced_by_active 482 + fixed_referenced_only_by_inactive 120 + fixed_unreferenced 766 + free_unwritten_referenced_by_active 0 + free_unwritten_referenced_only_by_inactive 0 + free_unwritten_unreferenced 5952  (identity True); rows 29936; H0 0, H1 unbounded 0 bounded 0, H2 0, over-cap 0
[W68-nl-varcount]   init|DSO:7:2034:Autumn: model vars 43552 = columns 36232 + fixed_referenced_by_active 482 + fixed_referenced_only_by_inactive 120 + fixed_unreferenced 766 + free_unwritten_referenced_by_active 0 + free_unwritten_referenced_only_by_inactive 0 + free_unwritten_unreferenced 5952  (identity True); rows 29840; H0 0, H1 unbounded 0 bounded 0, H2 0, over-cap 0
[W68-nl-varcount]   init|DSO:7:2034:Winter: model vars 43552 = columns 36232 + fixed_referenced_by_active 482 + fixed_referenced_only_by_inactive 120 + fixed_unreferenced 766 + free_unwritten_referenced_by_active 0 + free_unwritten_referenced_only_by_inactive 0 + free_unwritten_unreferenced 5952  (identity True); rows 29840; H0 0, H1 unbounded 0 bounded 0, H2 0, over-cap 0
[W68-nl-varcount]   init|DSO:7:2037:Spring: model vars 43552 = columns 36232 + fixed_referenced_by_active 482 + fixed_referenced_only_by_inactive 120 + fixed_unreferenced 766 + free_unwritten_referenced_by_active 0 + free_unwritten_referenced_only_by_inactive 0 + free_unwritten_unreferenced 5952  (identity True); rows 29936; H0 0, H1 unbounded 0 bounded 0, H2 0, over-cap 0
[W68-nl-varcount]   init|DSO:7:2037:Summer: model vars 43552 = columns 36232 + fixed_referenced_by_active 482 + fixed_referenced_only_by_inactive 120 + fixed_unreferenced 766 + free_unwritten_referenced_by_active 0 + free_unwritten_referenced_only_by_inactive 0 + free_unwritten_unreferenced 5952  (identity True); rows 29936; H0 0, H1 unbounded 0 bounded 0, H2 0, over-cap 0
[W68-nl-varcount]   init|DSO:7:2037:Autumn: model vars 43552 = columns 36232 + fixed_referenced_by_active 482 + fixed_referenced_only_by_inactive 120 + fixed_unreferenced 766 + free_unwritten_referenced_by_active 0 + free_unwritten_referenced_only_by_inactive 0 + free_unwritten_unreferenced 5952  (identity True); rows 29840; H0 0, H1 unbounded 0 bounded 0, H2 0, over-cap 0
[W68-nl-varcount]   init|DSO:7:2037:Winter: model vars 43552 = columns 36232 + fixed_referenced_by_active 482 + fixed_referenced_only_by_inactive 120 + fixed_unreferenced 766 + free_unwritten_referenced_by_active 0 + free_unwritten_referenced_only_by_inactive 0 + free_unwritten_unreferenced 5952  (identity True); rows 29840; H0 0, H1 unbounded 0 bounded 0, H2 0, over-cap 0
[INFO] 		 - Distribution Network node 9...
[W68-nl-varcount]   init|DSO:9:2025:Spring: model vars 43552 = columns 36232 + fixed_referenced_by_active 482 + fixed_referenced_only_by_inactive 120 + fixed_unreferenced 766 + free_unwritten_referenced_by_active 0 + free_unwritten_referenced_only_by_inactive 0 + free_unwritten_unreferenced 5952  (identity True); rows 29828; H0 0, H1 unbounded 0 bounded 0, H2 0, over-cap 0
[W68-nl-varcount]   init|DSO:9:2025:Summer: model vars 43552 = columns 36232 + fixed_referenced_by_active 482 + fixed_referenced_only_by_inactive 120 + fixed_unreferenced 766 + free_unwritten_referenced_by_active 0 + free_unwritten_referenced_only_by_inactive 0 + free_unwritten_unreferenced 5952  (identity True); rows 29828; H0 0, H1 unbounded 0 bounded 0, H2 0, over-cap 0
[W68-nl-varcount]   init|DSO:9:2025:Autumn: model vars 43552 = columns 36232 + fixed_referenced_by_active 482 + fixed_referenced_only_by_inactive 120 + fixed_unreferenced 766 + free_unwritten_referenced_by_active 0 + free_unwritten_referenced_only_by_inactive 0 + free_unwritten_unreferenced 5952  (identity True); rows 29684; H0 0, H1 unbounded 0 bounded 0, H2 0, over-cap 0
[W68-nl-varcount]   init|DSO:9:2025:Winter: model vars 43552 = columns 36232 + fixed_referenced_by_active 482 + fixed_referenced_only_by_inactive 120 + fixed_unreferenced 766 + free_unwritten_referenced_by_active 0 + free_unwritten_referenced_only_by_inactive 0 + free_unwritten_unreferenced 5952  (identity True); rows 29684; H0 0, H1 unbounded 0 bounded 0, H2 0, over-cap 0
[W68-nl-varcount]   init|DSO:9:2028:Spring: model vars 43552 = columns 36232 + fixed_referenced_by_active 482 + fixed_referenced_only_by_inactive 120 + fixed_unreferenced 766 + free_unwritten_referenced_by_active 0 + free_unwritten_referenced_only_by_inactive 0 + free_unwritten_unreferenced 5952  (identity True); rows 29828; H0 0, H1 unbounded 0 bounded 0, H2 0, over-cap 0
[W68-nl-varcount]   init|DSO:9:2028:Summer: model vars 43552 = columns 36232 + fixed_referenced_by_active 482 + fixed_referenced_only_by_inactive 120 + fixed_unreferenced 766 + free_unwritten_referenced_by_active 0 + free_unwritten_referenced_only_by_inactive 0 + free_unwritten_unreferenced 5952  (identity True); rows 29828; H0 0, H1 unbounded 0 bounded 0, H2 0, over-cap 0
[W68-nl-varcount]   init|DSO:9:2028:Autumn: model vars 43552 = columns 36232 + fixed_referenced_by_active 482 + fixed_referenced_only_by_inactive 120 + fixed_unreferenced 766 + free_unwritten_referenced_by_active 0 + free_unwritten_referenced_only_by_inactive 0 + free_unwritten_unreferenced 5952  (identity True); rows 29684; H0 0, H1 unbounded 0 bounded 0, H2 0, over-cap 0
[W68-nl-varcount]   init|DSO:9:2028:Winter: model vars 43552 = columns 36232 + fixed_referenced_by_active 482 + fixed_referenced_only_by_inactive 120 + fixed_unreferenced 766 + free_unwritten_referenced_by_active 0 + free_unwritten_referenced_only_by_inactive 0 + free_unwritten_unreferenced 5952  (identity True); rows 29684; H0 0, H1 unbounded 0 bounded 0, H2 0, over-cap 0
[W68-nl-varcount]   init|DSO:9:2031:Spring: model vars 43552 = columns 36232 + fixed_referenced_by_active 482 + fixed_referenced_only_by_inactive 120 + fixed_unreferenced 766 + free_unwritten_referenced_by_active 0 + free_unwritten_referenced_only_by_inactive 0 + free_unwritten_unreferenced 5952  (identity True); rows 29828; H0 0, H1 unbounded 0 bounded 0, H2 0, over-cap 0
[W68-nl-varcount]   init|DSO:9:2031:Summer: model vars 43552 = columns 36232 + fixed_referenced_by_active 482 + fixed_referenced_only_by_inactive 120 + fixed_unreferenced 766 + free_unwritten_referenced_by_active 0 + free_unwritten_referenced_only_by_inactive 0 + free_unwritten_unreferenced 5952  (identity True); rows 29828; H0 0, H1 unbounded 0 bounded 0, H2 0, over-cap 0
[W68-nl-varcount]   init|DSO:9:2031:Autumn: model vars 43552 = columns 36232 + fixed_referenced_by_active 482 + fixed_referenced_only_by_inactive 120 + fixed_unreferenced 766 + free_unwritten_referenced_by_active 0 + free_unwritten_referenced_only_by_inactive 0 + free_unwritten_unreferenced 5952  (identity True); rows 29684; H0 0, H1 unbounded 0 bounded 0, H2 0, over-cap 0
[W68-nl-varcount]   init|DSO:9:2031:Winter: model vars 43552 = columns 36232 + fixed_referenced_by_active 482 + fixed_referenced_only_by_inactive 120 + fixed_unreferenced 766 + free_unwritten_referenced_by_active 0 + free_unwritten_referenced_only_by_inactive 0 + free_unwritten_unreferenced 5952  (identity True); rows 29684; H0 0, H1 unbounded 0 bounded 0, H2 0, over-cap 0
[W68-nl-varcount]   init|DSO:9:2034:Spring: model vars 43552 = columns 36232 + fixed_referenced_by_active 482 + fixed_referenced_only_by_inactive 120 + fixed_unreferenced 766 + free_unwritten_referenced_by_active 0 + free_unwritten_referenced_only_by_inactive 0 + free_unwritten_unreferenced 5952  (identity True); rows 29828; H0 0, H1 unbounded 0 bounded 0, H2 0, over-cap 0
[W68-nl-varcount]   init|DSO:9:2034:Summer: model vars 43552 = columns 36232 + fixed_referenced_by_active 482 + fixed_referenced_only_by_inactive 120 + fixed_unreferenced 766 + free_unwritten_referenced_by_active 0 + free_unwritten_referenced_only_by_inactive 0 + free_unwritten_unreferenced 5952  (identity True); rows 29828; H0 0, H1 unbounded 0 bounded 0, H2 0, over-cap 0
[W68-nl-varcount]   init|DSO:9:2034:Autumn: model vars 43552 = columns 36232 + fixed_referenced_by_active 482 + fixed_referenced_only_by_inactive 120 + fixed_unreferenced 766 + free_unwritten_referenced_by_active 0 + free_unwritten_referenced_only_by_inactive 0 + free_unwritten_unreferenced 5952  (identity True); rows 29684; H0 0, H1 unbounded 0 bounded 0, H2 0, over-cap 0
[W68-nl-varcount]   init|DSO:9:2034:Winter: model vars 43552 = columns 36232 + fixed_referenced_by_active 482 + fixed_referenced_only_by_inactive 120 + fixed_unreferenced 766 + free_unwritten_referenced_by_active 0 + free_unwritten_referenced_only_by_inactive 0 + free_unwritten_unreferenced 5952  (identity True); rows 29684; H0 0, H1 unbounded 0 bounded 0, H2 0, over-cap 0
[W68-nl-varcount]   init|DSO:9:2037:Spring: model vars 43552 = columns 36232 + fixed_referenced_by_active 482 + fixed_referenced_only_by_inactive 120 + fixed_unreferenced 766 + free_unwritten_referenced_by_active 0 + free_unwritten_referenced_only_by_inactive 0 + free_unwritten_unreferenced 5952  (identity True); rows 29828; H0 0, H1 unbounded 0 bounded 0, H2 0, over-cap 0
[W68-nl-varcount]   init|DSO:9:2037:Summer: model vars 43552 = columns 36232 + fixed_referenced_by_active 482 + fixed_referenced_only_by_inactive 120 + fixed_unreferenced 766 + free_unwritten_referenced_by_active 0 + free_unwritten_referenced_only_by_inactive 0 + free_unwritten_unreferenced 5952  (identity True); rows 29828; H0 0, H1 unbounded 0 bounded 0, H2 0, over-cap 0
[W68-nl-varcount]   init|DSO:9:2037:Autumn: model vars 43552 = columns 36232 + fixed_referenced_by_active 482 + fixed_referenced_only_by_inactive 120 + fixed_unreferenced 766 + free_unwritten_referenced_by_active 0 + free_unwritten_referenced_only_by_inactive 0 + free_unwritten_unreferenced 5952  (identity True); rows 29684; H0 0, H1 unbounded 0 bounded 0, H2 0, over-cap 0
[W68-nl-varcount]   init|DSO:9:2037:Winter: model vars 43552 = columns 36232 + fixed_referenced_by_active 482 + fixed_referenced_only_by_inactive 120 + fixed_unreferenced 766 + free_unwritten_referenced_by_active 0 + free_unwritten_referenced_only_by_inactive 0 + free_unwritten_unreferenced 5952  (identity True); rows 29684; H0 0, H1 unbounded 0 bounded 0, H2 0, over-cap 0
[W68-nl-varcount] memory at after DSO init builds: available 18.88 GiB (free+inactive 13.35), own max RSS 4.44 GiB
[INFO] 		 - Transmission Network...
[W68-nl-varcount]   init|TSO:case9:2025:Spring: model vars 14544 = columns 7848 + fixed_referenced_by_active 2598 + fixed_referenced_only_by_inactive 360 + fixed_unreferenced 2010 + free_unwritten_referenced_by_active 0 + free_unwritten_referenced_only_by_inactive 0 + free_unwritten_unreferenced 1728  (identity True); rows 9684; H0 0, H1 unbounded 0 bounded 0, H2 0, over-cap 0
[W68-nl-varcount]   init|TSO:case9:2025:Summer: model vars 14544 = columns 7848 + fixed_referenced_by_active 2598 + fixed_referenced_only_by_inactive 360 + fixed_unreferenced 2010 + free_unwritten_referenced_by_active 0 + free_unwritten_referenced_only_by_inactive 0 + free_unwritten_unreferenced 1728  (identity True); rows 9684; H0 0, H1 unbounded 0 bounded 0, H2 0, over-cap 0
[W68-nl-varcount]   init|TSO:case9:2025:Autumn: model vars 14544 = columns 7848 + fixed_referenced_by_active 2598 + fixed_referenced_only_by_inactive 360 + fixed_unreferenced 2010 + free_unwritten_referenced_by_active 0 + free_unwritten_referenced_only_by_inactive 0 + free_unwritten_unreferenced 1728  (identity True); rows 9540; H0 0, H1 unbounded 0 bounded 0, H2 0, over-cap 0
[W68-nl-varcount]   init|TSO:case9:2025:Winter: model vars 14544 = columns 7848 + fixed_referenced_by_active 2598 + fixed_referenced_only_by_inactive 360 + fixed_unreferenced 2010 + free_unwritten_referenced_by_active 0 + free_unwritten_referenced_only_by_inactive 0 + free_unwritten_unreferenced 1728  (identity True); rows 9540; H0 0, H1 unbounded 0 bounded 0, H2 0, over-cap 0
[W68-nl-varcount]   init|TSO:case9:2028:Spring: model vars 14544 = columns 7848 + fixed_referenced_by_active 2598 + fixed_referenced_only_by_inactive 360 + fixed_unreferenced 2010 + free_unwritten_referenced_by_active 0 + free_unwritten_referenced_only_by_inactive 0 + free_unwritten_unreferenced 1728  (identity True); rows 9684; H0 0, H1 unbounded 0 bounded 0, H2 0, over-cap 0
[W68-nl-varcount]   init|TSO:case9:2028:Summer: model vars 14544 = columns 7848 + fixed_referenced_by_active 2598 + fixed_referenced_only_by_inactive 360 + fixed_unreferenced 2010 + free_unwritten_referenced_by_active 0 + free_unwritten_referenced_only_by_inactive 0 + free_unwritten_unreferenced 1728  (identity True); rows 9684; H0 0, H1 unbounded 0 bounded 0, H2 0, over-cap 0
[W68-nl-varcount]   init|TSO:case9:2028:Autumn: model vars 14544 = columns 7848 + fixed_referenced_by_active 2598 + fixed_referenced_only_by_inactive 360 + fixed_unreferenced 2010 + free_unwritten_referenced_by_active 0 + free_unwritten_referenced_only_by_inactive 0 + free_unwritten_unreferenced 1728  (identity True); rows 9540; H0 0, H1 unbounded 0 bounded 0, H2 0, over-cap 0
[W68-nl-varcount]   init|TSO:case9:2028:Winter: model vars 14544 = columns 7848 + fixed_referenced_by_active 2598 + fixed_referenced_only_by_inactive 360 + fixed_unreferenced 2010 + free_unwritten_referenced_by_active 0 + free_unwritten_referenced_only_by_inactive 0 + free_unwritten_unreferenced 1728  (identity True); rows 9540; H0 0, H1 unbounded 0 bounded 0, H2 0, over-cap 0
[W68-nl-varcount]   init|TSO:case9:2031:Spring: model vars 14544 = columns 7848 + fixed_referenced_by_active 2598 + fixed_referenced_only_by_inactive 360 + fixed_unreferenced 2010 + free_unwritten_referenced_by_active 0 + free_unwritten_referenced_only_by_inactive 0 + free_unwritten_unreferenced 1728  (identity True); rows 9684; H0 0, H1 unbounded 0 bounded 0, H2 0, over-cap 0
[W68-nl-varcount]   init|TSO:case9:2031:Summer: model vars 14544 = columns 7848 + fixed_referenced_by_active 2598 + fixed_referenced_only_by_inactive 360 + fixed_unreferenced 2010 + free_unwritten_referenced_by_active 0 + free_unwritten_referenced_only_by_inactive 0 + free_unwritten_unreferenced 1728  (identity True); rows 9684; H0 0, H1 unbounded 0 bounded 0, H2 0, over-cap 0
[W68-nl-varcount]   init|TSO:case9:2031:Autumn: model vars 14544 = columns 7848 + fixed_referenced_by_active 2598 + fixed_referenced_only_by_inactive 360 + fixed_unreferenced 2010 + free_unwritten_referenced_by_active 0 + free_unwritten_referenced_only_by_inactive 0 + free_unwritten_unreferenced 1728  (identity True); rows 9540; H0 0, H1 unbounded 0 bounded 0, H2 0, over-cap 0
[W68-nl-varcount]   init|TSO:case9:2031:Winter: model vars 14544 = columns 7848 + fixed_referenced_by_active 2598 + fixed_referenced_only_by_inactive 360 + fixed_unreferenced 2010 + free_unwritten_referenced_by_active 0 + free_unwritten_referenced_only_by_inactive 0 + free_unwritten_unreferenced 1728  (identity True); rows 9540; H0 0, H1 unbounded 0 bounded 0, H2 0, over-cap 0
[W68-nl-varcount]   init|TSO:case9:2034:Spring: model vars 14544 = columns 7848 + fixed_referenced_by_active 2598 + fixed_referenced_only_by_inactive 360 + fixed_unreferenced 2010 + free_unwritten_referenced_by_active 0 + free_unwritten_referenced_only_by_inactive 0 + free_unwritten_unreferenced 1728  (identity True); rows 9684; H0 0, H1 unbounded 0 bounded 0, H2 0, over-cap 0
[W68-nl-varcount]   init|TSO:case9:2034:Summer: model vars 14544 = columns 7848 + fixed_referenced_by_active 2598 + fixed_referenced_only_by_inactive 360 + fixed_unreferenced 2010 + free_unwritten_referenced_by_active 0 + free_unwritten_referenced_only_by_inactive 0 + free_unwritten_unreferenced 1728  (identity True); rows 9684; H0 0, H1 unbounded 0 bounded 0, H2 0, over-cap 0
[W68-nl-varcount]   init|TSO:case9:2034:Autumn: model vars 14544 = columns 7848 + fixed_referenced_by_active 2598 + fixed_referenced_only_by_inactive 360 + fixed_unreferenced 2010 + free_unwritten_referenced_by_active 0 + free_unwritten_referenced_only_by_inactive 0 + free_unwritten_unreferenced 1728  (identity True); rows 9540; H0 0, H1 unbounded 0 bounded 0, H2 0, over-cap 0
[W68-nl-varcount]   init|TSO:case9:2034:Winter: model vars 14544 = columns 7848 + fixed_referenced_by_active 2598 + fixed_referenced_only_by_inactive 360 + fixed_unreferenced 2010 + free_unwritten_referenced_by_active 0 + free_unwritten_referenced_only_by_inactive 0 + free_unwritten_unreferenced 1728  (identity True); rows 9540; H0 0, H1 unbounded 0 bounded 0, H2 0, over-cap 0
[W68-nl-varcount]   init|TSO:case9:2037:Spring: model vars 14544 = columns 7848 + fixed_referenced_by_active 2598 + fixed_referenced_only_by_inactive 360 + fixed_unreferenced 2010 + free_unwritten_referenced_by_active 0 + free_unwritten_referenced_only_by_inactive 0 + free_unwritten_unreferenced 1728  (identity True); rows 9684; H0 0, H1 unbounded 0 bounded 0, H2 0, over-cap 0
[W68-nl-varcount]   init|TSO:case9:2037:Summer: model vars 14544 = columns 7848 + fixed_referenced_by_active 2598 + fixed_referenced_only_by_inactive 360 + fixed_unreferenced 2010 + free_unwritten_referenced_by_active 0 + free_unwritten_referenced_only_by_inactive 0 + free_unwritten_unreferenced 1728  (identity True); rows 9678; H0 0, H1 unbounded 0 bounded 0, H2 0, over-cap 0
[W68-nl-varcount]   init|TSO:case9:2037:Autumn: model vars 14544 = columns 7848 + fixed_referenced_by_active 2598 + fixed_referenced_only_by_inactive 360 + fixed_unreferenced 2010 + free_unwritten_referenced_by_active 0 + free_unwritten_referenced_only_by_inactive 0 + free_unwritten_unreferenced 1728  (identity True); rows 9540; H0 0, H1 unbounded 0 bounded 0, H2 0, over-cap 0
[W68-nl-varcount]   init|TSO:case9:2037:Winter: model vars 14544 = columns 7848 + fixed_referenced_by_active 2598 + fixed_referenced_only_by_inactive 360 + fixed_unreferenced 2010 + free_unwritten_referenced_by_active 0 + free_unwritten_referenced_only_by_inactive 0 + free_unwritten_unreferenced 1728  (identity True); rows 9540; H0 0, H1 unbounded 0 bounded 0, H2 0, over-cap 0
[W68-nl-varcount]   init|ESSO:5: model vars 6905 = columns 1050 + fixed_referenced_by_active 5805 + fixed_referenced_only_by_inactive 40 + fixed_unreferenced 10 + free_unwritten_referenced_by_active 0 + free_unwritten_referenced_only_by_inactive 0 + free_unwritten_unreferenced 0  (identity True); rows 1050; H0 0, H1 unbounded 0 bounded 0, H2 0, over-cap 0
[W68-nl-varcount]   init|ESSO:7: model vars 6905 = columns 1050 + fixed_referenced_by_active 5805 + fixed_referenced_only_by_inactive 40 + fixed_unreferenced 10 + free_unwritten_referenced_by_active 0 + free_unwritten_referenced_only_by_inactive 0 + free_unwritten_unreferenced 0  (identity True); rows 1050; H0 0, H1 unbounded 0 bounded 0, H2 0, over-cap 0
[W68-nl-varcount]   init|ESSO:9: model vars 6905 = columns 1050 + fixed_referenced_by_active 5805 + fixed_referenced_only_by_inactive 40 + fixed_unreferenced 10 + free_unwritten_referenced_by_active 0 + free_unwritten_referenced_only_by_inactive 0 + free_unwritten_unreferenced 0  (identity True); rows 1050; H0 0, H1 unbounded 0 bounded 0, H2 0, over-cap 0
[W68-nl-varcount] memory at after init phase: available 18.57 GiB (free+inactive 13.32), own max RSS 4.74 GiB
[W68-nl-varcount] guard {'permitted_solve': 0, 'permitted_exec': 0, 'blocked_solve': 0, 'blocked_exec': 0} verify(0) failures [] (exit path: exception)
[W68-nl-varcount] NOT COMPLETED (exception): Traceback (most recent call last):
  File "/Users/micaelsimoes/Projects/share-resource-planning-no_esso-degradation/p515_s53_nl_varcount_probe.py", line 1036, in main
    run(args, state)
  File "/Users/micaelsimoes/Projects/share-resource-planning-no_esso-degradation/p515_s53_nl_varcount_probe.py", line 953, in run
    if flow[idx].value is None:
       ^^^^^^^^^^^^^^^
AttributeError: 'ExpressionData' object has no attribute 'value'

