[W68-nl-varcount] instance srp1 alpha 0.0 label srp1_a0p00_r1; checklist {'case_sha256_matches': True, 'params_file_sha256_matches': True, 'row_spec_sha256_matches': True, 'writer_forces_presolve_off': True, 'production_builders_present': True, 'capture_paths_present': True, 'script_committed_unmodified': True}
[W68-nl-varcount] memory at before read: available 22.49 GiB (free+inactive 17.58), own max RSS 0.20 GiB
[W68-nl-varcount] positive control (hazard screens must fire): {'H1_unbounded': [['d_dn', 'd_up']], 'H1_bounded': [['e_dn', 'e_up']], 'H2': ['y'], 'H0': [], 'pass': True}
[INFO] Scenario random seed: 2026
[INFO] Reading MARKET DATA from file(s)...
[INFO] 	 - Generating market scenarios...
[INFO] 	 - Plotting market scenarios...
[INFO] Reading DISTRIBUTION NETWORK DATA from file(s)...
[INFO]	 - Generating load stochastic scenarios...
[INFO]	 - Generating RES generation stochastic scenarios...
[INFO]	 - Generating flexibility stochastic scenarios...
[INFO]	 - Plotting flexibility profiles...
[INFO]	 - Plotting load scenarios...
[INFO]	 - Plotting RES generation scenarios...
[INFO] Reading DISTRIBUTION NETWORK DATA from file(s)...
[INFO]	 - Generating load stochastic scenarios...
[INFO]	 - Generating RES generation stochastic scenarios...
[INFO]	 - Generating flexibility stochastic scenarios...
[INFO]	 - Plotting flexibility profiles...
[INFO]	 - Plotting load scenarios...
[INFO]	 - Plotting RES generation scenarios...
[INFO] Reading DISTRIBUTION NETWORK DATA from file(s)...
[INFO]	 - Generating load stochastic scenarios...
[INFO]	 - Generating RES generation stochastic scenarios...
[INFO]	 - Generating flexibility stochastic scenarios...
[INFO]	 - Plotting flexibility profiles...
[INFO]	 - Plotting load scenarios...
[INFO]	 - Plotting RES generation scenarios...
[INFO] Reading TRANSMISSION NETWORK DATA from file(s)...
[INFO]	 - Generating load stochastic scenarios...
[INFO]	 - Generating RES generation stochastic scenarios...
[INFO]	 - Generating flexibility stochastic scenarios...
[INFO]	 - Plotting flexibility profiles...
[INFO]	 - Plotting load scenarios...
[INFO]	 - Plotting RES generation scenarios...
[INFO] Scenario checksum: 5a02b77ccbbbbbb869de92958a3851d095624711abc2dbfc0157466064410358
[INFO] Reading SHARED ESS DATA from file(s)...
[INFO] Reading PLANNING PARAMETERS from file...
[W68-nl-varcount] memory at after read: available 22.48 GiB (free+inactive 17.58), own max RSS 0.35 GiB
[INFO] 		 - Distribution Network node 5...
[W68-nl-varcount]   init|DSO:5:2025:Spring: model vars 10882 = columns 9112 + fixed_referenced_by_active 98 + fixed_referenced_only_by_inactive 120 + fixed_unreferenced 64 + free_unwritten_referenced_by_active 0 + free_unwritten_referenced_only_by_inactive 0 + free_unwritten_unreferenced 1488  (identity True); rows 7511; H0 0, H1 unbounded 0 bounded 0, H2 0, over-cap 0
[W68-nl-varcount]   init|DSO:5:2025:Summer: model vars 10882 = columns 9112 + fixed_referenced_by_active 98 + fixed_referenced_only_by_inactive 120 + fixed_unreferenced 64 + free_unwritten_referenced_by_active 0 + free_unwritten_referenced_only_by_inactive 0 + free_unwritten_unreferenced 1488  (identity True); rows 7511; H0 0, H1 unbounded 0 bounded 0, H2 0, over-cap 0
[W68-nl-varcount]   init|DSO:5:2025:Autumn: model vars 10882 = columns 9112 + fixed_referenced_by_active 98 + fixed_referenced_only_by_inactive 120 + fixed_unreferenced 64 + free_unwritten_referenced_by_active 0 + free_unwritten_referenced_only_by_inactive 0 + free_unwritten_unreferenced 1488  (identity True); rows 7475; H0 0, H1 unbounded 0 bounded 0, H2 0, over-cap 0
[W68-nl-varcount]   init|DSO:5:2025:Winter: model vars 10882 = columns 9112 + fixed_referenced_by_active 98 + fixed_referenced_only_by_inactive 120 + fixed_unreferenced 64 + free_unwritten_referenced_by_active 0 + free_unwritten_referenced_only_by_inactive 0 + free_unwritten_unreferenced 1488  (identity True); rows 7475; H0 0, H1 unbounded 0 bounded 0, H2 0, over-cap 0
[W68-nl-varcount]   init|DSO:5:2030:Spring: model vars 10882 = columns 9112 + fixed_referenced_by_active 98 + fixed_referenced_only_by_inactive 120 + fixed_unreferenced 64 + free_unwritten_referenced_by_active 0 + free_unwritten_referenced_only_by_inactive 0 + free_unwritten_unreferenced 1488  (identity True); rows 7511; H0 0, H1 unbounded 0 bounded 0, H2 0, over-cap 0
[W68-nl-varcount]   init|DSO:5:2030:Summer: model vars 10882 = columns 9112 + fixed_referenced_by_active 98 + fixed_referenced_only_by_inactive 120 + fixed_unreferenced 64 + free_unwritten_referenced_by_active 0 + free_unwritten_referenced_only_by_inactive 0 + free_unwritten_unreferenced 1488  (identity True); rows 7511; H0 0, H1 unbounded 0 bounded 0, H2 0, over-cap 0
[W68-nl-varcount]   init|DSO:5:2030:Autumn: model vars 10882 = columns 9112 + fixed_referenced_by_active 98 + fixed_referenced_only_by_inactive 120 + fixed_unreferenced 64 + free_unwritten_referenced_by_active 0 + free_unwritten_referenced_only_by_inactive 0 + free_unwritten_unreferenced 1488  (identity True); rows 7475; H0 0, H1 unbounded 0 bounded 0, H2 0, over-cap 0
[W68-nl-varcount]   init|DSO:5:2030:Winter: model vars 10882 = columns 9112 + fixed_referenced_by_active 98 + fixed_referenced_only_by_inactive 120 + fixed_unreferenced 64 + free_unwritten_referenced_by_active 0 + free_unwritten_referenced_only_by_inactive 0 + free_unwritten_unreferenced 1488  (identity True); rows 7475; H0 0, H1 unbounded 0 bounded 0, H2 0, over-cap 0
[W68-nl-varcount]   init|DSO:5:2035:Spring: model vars 10882 = columns 9112 + fixed_referenced_by_active 98 + fixed_referenced_only_by_inactive 120 + fixed_unreferenced 64 + free_unwritten_referenced_by_active 0 + free_unwritten_referenced_only_by_inactive 0 + free_unwritten_unreferenced 1488  (identity True); rows 7511; H0 0, H1 unbounded 0 bounded 0, H2 0, over-cap 0
[W68-nl-varcount]   init|DSO:5:2035:Summer: model vars 10882 = columns 9112 + fixed_referenced_by_active 98 + fixed_referenced_only_by_inactive 120 + fixed_unreferenced 64 + free_unwritten_referenced_by_active 0 + free_unwritten_referenced_only_by_inactive 0 + free_unwritten_unreferenced 1488  (identity True); rows 7511; H0 0, H1 unbounded 0 bounded 0, H2 0, over-cap 0
[W68-nl-varcount]   init|DSO:5:2035:Autumn: model vars 10882 = columns 9112 + fixed_referenced_by_active 98 + fixed_referenced_only_by_inactive 120 + fixed_unreferenced 64 + free_unwritten_referenced_by_active 0 + free_unwritten_referenced_only_by_inactive 0 + free_unwritten_unreferenced 1488  (identity True); rows 7475; H0 0, H1 unbounded 0 bounded 0, H2 0, over-cap 0
[W68-nl-varcount]   init|DSO:5:2035:Winter: model vars 10882 = columns 9112 + fixed_referenced_by_active 98 + fixed_referenced_only_by_inactive 120 + fixed_unreferenced 64 + free_unwritten_referenced_by_active 0 + free_unwritten_referenced_only_by_inactive 0 + free_unwritten_unreferenced 1488  (identity True); rows 7475; H0 0, H1 unbounded 0 bounded 0, H2 0, over-cap 0
[INFO] 		 - Distribution Network node 7...
[W68-nl-varcount]   init|DSO:7:2025:Spring: model vars 10882 = columns 9112 + fixed_referenced_by_active 98 + fixed_referenced_only_by_inactive 120 + fixed_unreferenced 64 + free_unwritten_referenced_by_active 0 + free_unwritten_referenced_only_by_inactive 0 + free_unwritten_unreferenced 1488  (identity True); rows 7538; H0 0, H1 unbounded 0 bounded 0, H2 0, over-cap 0
[W68-nl-varcount]   init|DSO:7:2025:Summer: model vars 10882 = columns 9112 + fixed_referenced_by_active 98 + fixed_referenced_only_by_inactive 120 + fixed_unreferenced 64 + free_unwritten_referenced_by_active 0 + free_unwritten_referenced_only_by_inactive 0 + free_unwritten_unreferenced 1488  (identity True); rows 7538; H0 0, H1 unbounded 0 bounded 0, H2 0, over-cap 0
[W68-nl-varcount]   init|DSO:7:2025:Autumn: model vars 10882 = columns 9112 + fixed_referenced_by_active 98 + fixed_referenced_only_by_inactive 120 + fixed_unreferenced 64 + free_unwritten_referenced_by_active 0 + free_unwritten_referenced_only_by_inactive 0 + free_unwritten_unreferenced 1488  (identity True); rows 7514; H0 0, H1 unbounded 0 bounded 0, H2 0, over-cap 0
[W68-nl-varcount]   init|DSO:7:2025:Winter: model vars 10882 = columns 9112 + fixed_referenced_by_active 98 + fixed_referenced_only_by_inactive 120 + fixed_unreferenced 64 + free_unwritten_referenced_by_active 0 + free_unwritten_referenced_only_by_inactive 0 + free_unwritten_unreferenced 1488  (identity True); rows 7514; H0 0, H1 unbounded 0 bounded 0, H2 0, over-cap 0
[W68-nl-varcount]   init|DSO:7:2030:Spring: model vars 10882 = columns 9112 + fixed_referenced_by_active 98 + fixed_referenced_only_by_inactive 120 + fixed_unreferenced 64 + free_unwritten_referenced_by_active 0 + free_unwritten_referenced_only_by_inactive 0 + free_unwritten_unreferenced 1488  (identity True); rows 7538; H0 0, H1 unbounded 0 bounded 0, H2 0, over-cap 0
[W68-nl-varcount]   init|DSO:7:2030:Summer: model vars 10882 = columns 9112 + fixed_referenced_by_active 98 + fixed_referenced_only_by_inactive 120 + fixed_unreferenced 64 + free_unwritten_referenced_by_active 0 + free_unwritten_referenced_only_by_inactive 0 + free_unwritten_unreferenced 1488  (identity True); rows 7538; H0 0, H1 unbounded 0 bounded 0, H2 0, over-cap 0
[W68-nl-varcount]   init|DSO:7:2030:Autumn: model vars 10882 = columns 9112 + fixed_referenced_by_active 98 + fixed_referenced_only_by_inactive 120 + fixed_unreferenced 64 + free_unwritten_referenced_by_active 0 + free_unwritten_referenced_only_by_inactive 0 + free_unwritten_unreferenced 1488  (identity True); rows 7514; H0 0, H1 unbounded 0 bounded 0, H2 0, over-cap 0
[W68-nl-varcount]   init|DSO:7:2030:Winter: model vars 10882 = columns 9112 + fixed_referenced_by_active 98 + fixed_referenced_only_by_inactive 120 + fixed_unreferenced 64 + free_unwritten_referenced_by_active 0 + free_unwritten_referenced_only_by_inactive 0 + free_unwritten_unreferenced 1488  (identity True); rows 7514; H0 0, H1 unbounded 0 bounded 0, H2 0, over-cap 0
[W68-nl-varcount]   init|DSO:7:2035:Spring: model vars 10882 = columns 9112 + fixed_referenced_by_active 98 + fixed_referenced_only_by_inactive 120 + fixed_unreferenced 64 + free_unwritten_referenced_by_active 0 + free_unwritten_referenced_only_by_inactive 0 + free_unwritten_unreferenced 1488  (identity True); rows 7538; H0 0, H1 unbounded 0 bounded 0, H2 0, over-cap 0
[W68-nl-varcount]   init|DSO:7:2035:Summer: model vars 10882 = columns 9112 + fixed_referenced_by_active 98 + fixed_referenced_only_by_inactive 120 + fixed_unreferenced 64 + free_unwritten_referenced_by_active 0 + free_unwritten_referenced_only_by_inactive 0 + free_unwritten_unreferenced 1488  (identity True); rows 7538; H0 0, H1 unbounded 0 bounded 0, H2 0, over-cap 0
[W68-nl-varcount]   init|DSO:7:2035:Autumn: model vars 10882 = columns 9112 + fixed_referenced_by_active 98 + fixed_referenced_only_by_inactive 120 + fixed_unreferenced 64 + free_unwritten_referenced_by_active 0 + free_unwritten_referenced_only_by_inactive 0 + free_unwritten_unreferenced 1488  (identity True); rows 7514; H0 0, H1 unbounded 0 bounded 0, H2 0, over-cap 0
[W68-nl-varcount]   init|DSO:7:2035:Winter: model vars 10882 = columns 9112 + fixed_referenced_by_active 98 + fixed_referenced_only_by_inactive 120 + fixed_unreferenced 64 + free_unwritten_referenced_by_active 0 + free_unwritten_referenced_only_by_inactive 0 + free_unwritten_unreferenced 1488  (identity True); rows 7514; H0 0, H1 unbounded 0 bounded 0, H2 0, over-cap 0
[INFO] 		 - Distribution Network node 9...
[W68-nl-varcount]   init|DSO:9:2025:Spring: model vars 10882 = columns 9112 + fixed_referenced_by_active 98 + fixed_referenced_only_by_inactive 120 + fixed_unreferenced 64 + free_unwritten_referenced_by_active 0 + free_unwritten_referenced_only_by_inactive 0 + free_unwritten_unreferenced 1488  (identity True); rows 7511; H0 0, H1 unbounded 0 bounded 0, H2 0, over-cap 0
[W68-nl-varcount]   init|DSO:9:2025:Summer: model vars 10882 = columns 9112 + fixed_referenced_by_active 98 + fixed_referenced_only_by_inactive 120 + fixed_unreferenced 64 + free_unwritten_referenced_by_active 0 + free_unwritten_referenced_only_by_inactive 0 + free_unwritten_unreferenced 1488  (identity True); rows 7511; H0 0, H1 unbounded 0 bounded 0, H2 0, over-cap 0
[W68-nl-varcount]   init|DSO:9:2025:Autumn: model vars 10882 = columns 9112 + fixed_referenced_by_active 98 + fixed_referenced_only_by_inactive 120 + fixed_unreferenced 64 + free_unwritten_referenced_by_active 0 + free_unwritten_referenced_only_by_inactive 0 + free_unwritten_unreferenced 1488  (identity True); rows 7475; H0 0, H1 unbounded 0 bounded 0, H2 0, over-cap 0
[W68-nl-varcount]   init|DSO:9:2025:Winter: model vars 10882 = columns 9112 + fixed_referenced_by_active 98 + fixed_referenced_only_by_inactive 120 + fixed_unreferenced 64 + free_unwritten_referenced_by_active 0 + free_unwritten_referenced_only_by_inactive 0 + free_unwritten_unreferenced 1488  (identity True); rows 7475; H0 0, H1 unbounded 0 bounded 0, H2 0, over-cap 0
[W68-nl-varcount]   init|DSO:9:2030:Spring: model vars 10882 = columns 9112 + fixed_referenced_by_active 98 + fixed_referenced_only_by_inactive 120 + fixed_unreferenced 64 + free_unwritten_referenced_by_active 0 + free_unwritten_referenced_only_by_inactive 0 + free_unwritten_unreferenced 1488  (identity True); rows 7511; H0 0, H1 unbounded 0 bounded 0, H2 0, over-cap 0
[W68-nl-varcount]   init|DSO:9:2030:Summer: model vars 10882 = columns 9112 + fixed_referenced_by_active 98 + fixed_referenced_only_by_inactive 120 + fixed_unreferenced 64 + free_unwritten_referenced_by_active 0 + free_unwritten_referenced_only_by_inactive 0 + free_unwritten_unreferenced 1488  (identity True); rows 7511; H0 0, H1 unbounded 0 bounded 0, H2 0, over-cap 0
[W68-nl-varcount]   init|DSO:9:2030:Autumn: model vars 10882 = columns 9112 + fixed_referenced_by_active 98 + fixed_referenced_only_by_inactive 120 + fixed_unreferenced 64 + free_unwritten_referenced_by_active 0 + free_unwritten_referenced_only_by_inactive 0 + free_unwritten_unreferenced 1488  (identity True); rows 7475; H0 0, H1 unbounded 0 bounded 0, H2 0, over-cap 0
[W68-nl-varcount]   init|DSO:9:2030:Winter: model vars 10882 = columns 9112 + fixed_referenced_by_active 98 + fixed_referenced_only_by_inactive 120 + fixed_unreferenced 64 + free_unwritten_referenced_by_active 0 + free_unwritten_referenced_only_by_inactive 0 + free_unwritten_unreferenced 1488  (identity True); rows 7475; H0 0, H1 unbounded 0 bounded 0, H2 0, over-cap 0
[W68-nl-varcount]   init|DSO:9:2035:Spring: model vars 10882 = columns 9112 + fixed_referenced_by_active 98 + fixed_referenced_only_by_inactive 120 + fixed_unreferenced 64 + free_unwritten_referenced_by_active 0 + free_unwritten_referenced_only_by_inactive 0 + free_unwritten_unreferenced 1488  (identity True); rows 7511; H0 0, H1 unbounded 0 bounded 0, H2 0, over-cap 0
[W68-nl-varcount]   init|DSO:9:2035:Summer: model vars 10882 = columns 9112 + fixed_referenced_by_active 98 + fixed_referenced_only_by_inactive 120 + fixed_unreferenced 64 + free_unwritten_referenced_by_active 0 + free_unwritten_referenced_only_by_inactive 0 + free_unwritten_unreferenced 1488  (identity True); rows 7511; H0 0, H1 unbounded 0 bounded 0, H2 0, over-cap 0
[W68-nl-varcount]   init|DSO:9:2035:Autumn: model vars 10882 = columns 9112 + fixed_referenced_by_active 98 + fixed_referenced_only_by_inactive 120 + fixed_unreferenced 64 + free_unwritten_referenced_by_active 0 + free_unwritten_referenced_only_by_inactive 0 + free_unwritten_unreferenced 1488  (identity True); rows 7475; H0 0, H1 unbounded 0 bounded 0, H2 0, over-cap 0
[W68-nl-varcount]   init|DSO:9:2035:Winter: model vars 10882 = columns 9112 + fixed_referenced_by_active 98 + fixed_referenced_only_by_inactive 120 + fixed_unreferenced 64 + free_unwritten_referenced_by_active 0 + free_unwritten_referenced_only_by_inactive 0 + free_unwritten_unreferenced 1488  (identity True); rows 7475; H0 0, H1 unbounded 0 bounded 0, H2 0, over-cap 0
[W68-nl-varcount] memory at after DSO init builds: available 21.79 GiB (free+inactive 16.90), own max RSS 0.98 GiB
[INFO] 		 - Transmission Network...
[W68-nl-varcount]   init|TSO:case9:2025:Spring: model vars 3906 = columns 2232 + fixed_referenced_by_active 870 + fixed_referenced_only_by_inactive 360 + fixed_unreferenced 12 + free_unwritten_referenced_by_active 0 + free_unwritten_referenced_only_by_inactive 0 + free_unwritten_unreferenced 432  (identity True); rows 2583; H0 0, H1 unbounded 0 bounded 0, H2 0, over-cap 0
[W68-nl-varcount]   init|TSO:case9:2025:Summer: model vars 3906 = columns 2232 + fixed_referenced_by_active 870 + fixed_referenced_only_by_inactive 360 + fixed_unreferenced 12 + free_unwritten_referenced_by_active 0 + free_unwritten_referenced_only_by_inactive 0 + free_unwritten_unreferenced 432  (identity True); rows 2583; H0 0, H1 unbounded 0 bounded 0, H2 0, over-cap 0
[W68-nl-varcount]   init|TSO:case9:2025:Autumn: model vars 3906 = columns 2232 + fixed_referenced_by_active 870 + fixed_referenced_only_by_inactive 360 + fixed_unreferenced 12 + free_unwritten_referenced_by_active 0 + free_unwritten_referenced_only_by_inactive 0 + free_unwritten_unreferenced 432  (identity True); rows 2547; H0 0, H1 unbounded 0 bounded 0, H2 0, over-cap 0
[W68-nl-varcount]   init|TSO:case9:2025:Winter: model vars 3906 = columns 2232 + fixed_referenced_by_active 870 + fixed_referenced_only_by_inactive 360 + fixed_unreferenced 12 + free_unwritten_referenced_by_active 0 + free_unwritten_referenced_only_by_inactive 0 + free_unwritten_unreferenced 432  (identity True); rows 2547; H0 0, H1 unbounded 0 bounded 0, H2 0, over-cap 0
[W68-nl-varcount]   init|TSO:case9:2030:Spring: model vars 3906 = columns 2232 + fixed_referenced_by_active 870 + fixed_referenced_only_by_inactive 360 + fixed_unreferenced 12 + free_unwritten_referenced_by_active 0 + free_unwritten_referenced_only_by_inactive 0 + free_unwritten_unreferenced 432  (identity True); rows 2583; H0 0, H1 unbounded 0 bounded 0, H2 0, over-cap 0
[W68-nl-varcount]   init|TSO:case9:2030:Summer: model vars 3906 = columns 2232 + fixed_referenced_by_active 870 + fixed_referenced_only_by_inactive 360 + fixed_unreferenced 12 + free_unwritten_referenced_by_active 0 + free_unwritten_referenced_only_by_inactive 0 + free_unwritten_unreferenced 432  (identity True); rows 2583; H0 0, H1 unbounded 0 bounded 0, H2 0, over-cap 0
[W68-nl-varcount]   init|TSO:case9:2030:Autumn: model vars 3906 = columns 2232 + fixed_referenced_by_active 870 + fixed_referenced_only_by_inactive 360 + fixed_unreferenced 12 + free_unwritten_referenced_by_active 0 + free_unwritten_referenced_only_by_inactive 0 + free_unwritten_unreferenced 432  (identity True); rows 2547; H0 0, H1 unbounded 0 bounded 0, H2 0, over-cap 0
[W68-nl-varcount]   init|TSO:case9:2030:Winter: model vars 3906 = columns 2232 + fixed_referenced_by_active 870 + fixed_referenced_only_by_inactive 360 + fixed_unreferenced 12 + free_unwritten_referenced_by_active 0 + free_unwritten_referenced_only_by_inactive 0 + free_unwritten_unreferenced 432  (identity True); rows 2547; H0 0, H1 unbounded 0 bounded 0, H2 0, over-cap 0
[W68-nl-varcount]   init|TSO:case9:2035:Spring: model vars 3906 = columns 2232 + fixed_referenced_by_active 870 + fixed_referenced_only_by_inactive 360 + fixed_unreferenced 12 + free_unwritten_referenced_by_active 0 + free_unwritten_referenced_only_by_inactive 0 + free_unwritten_unreferenced 432  (identity True); rows 2583; H0 0, H1 unbounded 0 bounded 0, H2 0, over-cap 0
[W68-nl-varcount]   init|TSO:case9:2035:Summer: model vars 3906 = columns 2232 + fixed_referenced_by_active 870 + fixed_referenced_only_by_inactive 360 + fixed_unreferenced 12 + free_unwritten_referenced_by_active 0 + free_unwritten_referenced_only_by_inactive 0 + free_unwritten_unreferenced 432  (identity True); rows 2583; H0 0, H1 unbounded 0 bounded 0, H2 0, over-cap 0
[W68-nl-varcount]   init|TSO:case9:2035:Autumn: model vars 3906 = columns 2232 + fixed_referenced_by_active 870 + fixed_referenced_only_by_inactive 360 + fixed_unreferenced 12 + free_unwritten_referenced_by_active 0 + free_unwritten_referenced_only_by_inactive 0 + free_unwritten_unreferenced 432  (identity True); rows 2547; H0 0, H1 unbounded 0 bounded 0, H2 0, over-cap 0
[W68-nl-varcount]   init|TSO:case9:2035:Winter: model vars 3906 = columns 2232 + fixed_referenced_by_active 870 + fixed_referenced_only_by_inactive 360 + fixed_unreferenced 12 + free_unwritten_referenced_by_active 0 + free_unwritten_referenced_only_by_inactive 0 + free_unwritten_unreferenced 432  (identity True); rows 2547; H0 0, H1 unbounded 0 bounded 0, H2 0, over-cap 0
[W68-nl-varcount]   init|ESSO:5: model vars 2949 = columns 612 + fixed_referenced_by_active 2319 + fixed_referenced_only_by_inactive 15 + fixed_unreferenced 3 + free_unwritten_referenced_by_active 0 + free_unwritten_referenced_only_by_inactive 0 + free_unwritten_unreferenced 0  (identity True); rows 612; H0 0, H1 unbounded 0 bounded 0, H2 0, over-cap 0
[W68-nl-varcount]   init|ESSO:7: model vars 2949 = columns 612 + fixed_referenced_by_active 2319 + fixed_referenced_only_by_inactive 15 + fixed_unreferenced 3 + free_unwritten_referenced_by_active 0 + free_unwritten_referenced_only_by_inactive 0 + free_unwritten_unreferenced 0  (identity True); rows 612; H0 0, H1 unbounded 0 bounded 0, H2 0, over-cap 0
[W68-nl-varcount]   init|ESSO:9: model vars 2949 = columns 612 + fixed_referenced_by_active 2319 + fixed_referenced_only_by_inactive 15 + fixed_unreferenced 3 + free_unwritten_referenced_by_active 0 + free_unwritten_referenced_only_by_inactive 0 + free_unwritten_unreferenced 0  (identity True); rows 612; H0 0, H1 unbounded 0 bounded 0, H2 0, over-cap 0
[W68-nl-varcount] memory at after init phase: available 21.97 GiB (free+inactive 17.08), own max RSS 1.04 GiB
[ADMM ESSO AL SCALE] mode=sigma_over_median_block_weight | sigma=9.363536e+07 | median_block_weight=4.121075e+02 | al_scale_esso=2.272110e+05
[INFO] 		 - Updating distribution networks:
[W68-nl-varcount]   cycle1|DSO:5:2025:Spring: model vars 10882 = columns 9112 + fixed_referenced_by_active 146 + fixed_referenced_only_by_inactive 72 + fixed_unreferenced 64 + free_unwritten_referenced_by_active 0 + free_unwritten_referenced_only_by_inactive 0 + free_unwritten_unreferenced 1488  (identity True); rows 7511; H0 0, H1 unbounded 0 bounded 0, H2 0, over-cap 0
[W68-nl-varcount]   cycle1|DSO:5:2025:Summer: model vars 10882 = columns 9112 + fixed_referenced_by_active 146 + fixed_referenced_only_by_inactive 72 + fixed_unreferenced 64 + free_unwritten_referenced_by_active 0 + free_unwritten_referenced_only_by_inactive 0 + free_unwritten_unreferenced 1488  (identity True); rows 7511; H0 0, H1 unbounded 0 bounded 0, H2 0, over-cap 0
[W68-nl-varcount]   cycle1|DSO:5:2025:Autumn: model vars 10882 = columns 9112 + fixed_referenced_by_active 146 + fixed_referenced_only_by_inactive 72 + fixed_unreferenced 64 + free_unwritten_referenced_by_active 0 + free_unwritten_referenced_only_by_inactive 0 + free_unwritten_unreferenced 1488  (identity True); rows 7475; H0 0, H1 unbounded 0 bounded 0, H2 0, over-cap 0
[W68-nl-varcount]   cycle1|DSO:5:2025:Winter: model vars 10882 = columns 9112 + fixed_referenced_by_active 146 + fixed_referenced_only_by_inactive 72 + fixed_unreferenced 64 + free_unwritten_referenced_by_active 0 + free_unwritten_referenced_only_by_inactive 0 + free_unwritten_unreferenced 1488  (identity True); rows 7475; H0 0, H1 unbounded 0 bounded 0, H2 0, over-cap 0
[W68-nl-varcount]   cycle1|DSO:5:2030:Spring: model vars 10882 = columns 9112 + fixed_referenced_by_active 146 + fixed_referenced_only_by_inactive 72 + fixed_unreferenced 64 + free_unwritten_referenced_by_active 0 + free_unwritten_referenced_only_by_inactive 0 + free_unwritten_unreferenced 1488  (identity True); rows 7511; H0 0, H1 unbounded 0 bounded 0, H2 0, over-cap 0
[W68-nl-varcount]   cycle1|DSO:5:2030:Summer: model vars 10882 = columns 9112 + fixed_referenced_by_active 146 + fixed_referenced_only_by_inactive 72 + fixed_unreferenced 64 + free_unwritten_referenced_by_active 0 + free_unwritten_referenced_only_by_inactive 0 + free_unwritten_unreferenced 1488  (identity True); rows 7511; H0 0, H1 unbounded 0 bounded 0, H2 0, over-cap 0
[W68-nl-varcount]   cycle1|DSO:5:2030:Autumn: model vars 10882 = columns 9112 + fixed_referenced_by_active 146 + fixed_referenced_only_by_inactive 72 + fixed_unreferenced 64 + free_unwritten_referenced_by_active 0 + free_unwritten_referenced_only_by_inactive 0 + free_unwritten_unreferenced 1488  (identity True); rows 7475; H0 0, H1 unbounded 0 bounded 0, H2 0, over-cap 0
[W68-nl-varcount]   cycle1|DSO:5:2030:Winter: model vars 10882 = columns 9112 + fixed_referenced_by_active 146 + fixed_referenced_only_by_inactive 72 + fixed_unreferenced 64 + free_unwritten_referenced_by_active 0 + free_unwritten_referenced_only_by_inactive 0 + free_unwritten_unreferenced 1488  (identity True); rows 7475; H0 0, H1 unbounded 0 bounded 0, H2 0, over-cap 0
[W68-nl-varcount]   cycle1|DSO:5:2035:Spring: model vars 10882 = columns 9112 + fixed_referenced_by_active 146 + fixed_referenced_only_by_inactive 72 + fixed_unreferenced 64 + free_unwritten_referenced_by_active 0 + free_unwritten_referenced_only_by_inactive 0 + free_unwritten_unreferenced 1488  (identity True); rows 7511; H0 0, H1 unbounded 0 bounded 0, H2 0, over-cap 0
[W68-nl-varcount]   cycle1|DSO:5:2035:Summer: model vars 10882 = columns 9112 + fixed_referenced_by_active 146 + fixed_referenced_only_by_inactive 72 + fixed_unreferenced 64 + free_unwritten_referenced_by_active 0 + free_unwritten_referenced_only_by_inactive 0 + free_unwritten_unreferenced 1488  (identity True); rows 7511; H0 0, H1 unbounded 0 bounded 0, H2 0, over-cap 0
[W68-nl-varcount]   cycle1|DSO:5:2035:Autumn: model vars 10882 = columns 9112 + fixed_referenced_by_active 146 + fixed_referenced_only_by_inactive 72 + fixed_unreferenced 64 + free_unwritten_referenced_by_active 0 + free_unwritten_referenced_only_by_inactive 0 + free_unwritten_unreferenced 1488  (identity True); rows 7475; H0 0, H1 unbounded 0 bounded 0, H2 0, over-cap 0
[W68-nl-varcount]   cycle1|DSO:5:2035:Winter: model vars 10882 = columns 9112 + fixed_referenced_by_active 146 + fixed_referenced_only_by_inactive 72 + fixed_unreferenced 64 + free_unwritten_referenced_by_active 0 + free_unwritten_referenced_only_by_inactive 0 + free_unwritten_unreferenced 1488  (identity True); rows 7475; H0 0, H1 unbounded 0 bounded 0, H2 0, over-cap 0
[WARNING] Distribution network node=5, network=case33_1, year=2025, day=Spring did not converge: no SolverResults returned
[WARNING] Distribution network node=5, network=case33_1, year=2025, day=Summer did not converge: no SolverResults returned
[WARNING] Distribution network node=5, network=case33_1, year=2025, day=Autumn did not converge: no SolverResults returned
[WARNING] Distribution network node=5, network=case33_1, year=2025, day=Winter did not converge: no SolverResults returned
[WARNING] Distribution network node=5, network=case33_1, year=2030, day=Spring did not converge: no SolverResults returned
[WARNING] Distribution network node=5, network=case33_1, year=2030, day=Summer did not converge: no SolverResults returned
[WARNING] Distribution network node=5, network=case33_1, year=2030, day=Autumn did not converge: no SolverResults returned
[WARNING] Distribution network node=5, network=case33_1, year=2030, day=Winter did not converge: no SolverResults returned
[WARNING] Distribution network node=5, network=case33_1, year=2035, day=Spring did not converge: no SolverResults returned
[WARNING] Distribution network node=5, network=case33_1, year=2035, day=Summer did not converge: no SolverResults returned
[WARNING] Distribution network node=5, network=case33_1, year=2035, day=Autumn did not converge: no SolverResults returned
[WARNING] Distribution network node=5, network=case33_1, year=2035, day=Winter did not converge: no SolverResults returned
[W68-nl-varcount]   cycle1|DSO:7:2025:Spring: model vars 10882 = columns 9112 + fixed_referenced_by_active 146 + fixed_referenced_only_by_inactive 72 + fixed_unreferenced 64 + free_unwritten_referenced_by_active 0 + free_unwritten_referenced_only_by_inactive 0 + free_unwritten_unreferenced 1488  (identity True); rows 7538; H0 0, H1 unbounded 0 bounded 0, H2 0, over-cap 0
[W68-nl-varcount]   cycle1|DSO:7:2025:Summer: model vars 10882 = columns 9112 + fixed_referenced_by_active 146 + fixed_referenced_only_by_inactive 72 + fixed_unreferenced 64 + free_unwritten_referenced_by_active 0 + free_unwritten_referenced_only_by_inactive 0 + free_unwritten_unreferenced 1488  (identity True); rows 7538; H0 0, H1 unbounded 0 bounded 0, H2 0, over-cap 0
[W68-nl-varcount]   cycle1|DSO:7:2025:Autumn: model vars 10882 = columns 9112 + fixed_referenced_by_active 146 + fixed_referenced_only_by_inactive 72 + fixed_unreferenced 64 + free_unwritten_referenced_by_active 0 + free_unwritten_referenced_only_by_inactive 0 + free_unwritten_unreferenced 1488  (identity True); rows 7514; H0 0, H1 unbounded 0 bounded 0, H2 0, over-cap 0
[W68-nl-varcount]   cycle1|DSO:7:2025:Winter: model vars 10882 = columns 9112 + fixed_referenced_by_active 146 + fixed_referenced_only_by_inactive 72 + fixed_unreferenced 64 + free_unwritten_referenced_by_active 0 + free_unwritten_referenced_only_by_inactive 0 + free_unwritten_unreferenced 1488  (identity True); rows 7514; H0 0, H1 unbounded 0 bounded 0, H2 0, over-cap 0
[W68-nl-varcount]   cycle1|DSO:7:2030:Spring: model vars 10882 = columns 9112 + fixed_referenced_by_active 146 + fixed_referenced_only_by_inactive 72 + fixed_unreferenced 64 + free_unwritten_referenced_by_active 0 + free_unwritten_referenced_only_by_inactive 0 + free_unwritten_unreferenced 1488  (identity True); rows 7538; H0 0, H1 unbounded 0 bounded 0, H2 0, over-cap 0
[W68-nl-varcount]   cycle1|DSO:7:2030:Summer: model vars 10882 = columns 9112 + fixed_referenced_by_active 146 + fixed_referenced_only_by_inactive 72 + fixed_unreferenced 64 + free_unwritten_referenced_by_active 0 + free_unwritten_referenced_only_by_inactive 0 + free_unwritten_unreferenced 1488  (identity True); rows 7538; H0 0, H1 unbounded 0 bounded 0, H2 0, over-cap 0
[W68-nl-varcount]   cycle1|DSO:7:2030:Autumn: model vars 10882 = columns 9112 + fixed_referenced_by_active 146 + fixed_referenced_only_by_inactive 72 + fixed_unreferenced 64 + free_unwritten_referenced_by_active 0 + free_unwritten_referenced_only_by_inactive 0 + free_unwritten_unreferenced 1488  (identity True); rows 7514; H0 0, H1 unbounded 0 bounded 0, H2 0, over-cap 0
[W68-nl-varcount]   cycle1|DSO:7:2030:Winter: model vars 10882 = columns 9112 + fixed_referenced_by_active 146 + fixed_referenced_only_by_inactive 72 + fixed_unreferenced 64 + free_unwritten_referenced_by_active 0 + free_unwritten_referenced_only_by_inactive 0 + free_unwritten_unreferenced 1488  (identity True); rows 7514; H0 0, H1 unbounded 0 bounded 0, H2 0, over-cap 0
[W68-nl-varcount]   cycle1|DSO:7:2035:Spring: model vars 10882 = columns 9112 + fixed_referenced_by_active 146 + fixed_referenced_only_by_inactive 72 + fixed_unreferenced 64 + free_unwritten_referenced_by_active 0 + free_unwritten_referenced_only_by_inactive 0 + free_unwritten_unreferenced 1488  (identity True); rows 7538; H0 0, H1 unbounded 0 bounded 0, H2 0, over-cap 0
[W68-nl-varcount]   cycle1|DSO:7:2035:Summer: model vars 10882 = columns 9112 + fixed_referenced_by_active 146 + fixed_referenced_only_by_inactive 72 + fixed_unreferenced 64 + free_unwritten_referenced_by_active 0 + free_unwritten_referenced_only_by_inactive 0 + free_unwritten_unreferenced 1488  (identity True); rows 7538; H0 0, H1 unbounded 0 bounded 0, H2 0, over-cap 0
[W68-nl-varcount]   cycle1|DSO:7:2035:Autumn: model vars 10882 = columns 9112 + fixed_referenced_by_active 146 + fixed_referenced_only_by_inactive 72 + fixed_unreferenced 64 + free_unwritten_referenced_by_active 0 + free_unwritten_referenced_only_by_inactive 0 + free_unwritten_unreferenced 1488  (identity True); rows 7514; H0 0, H1 unbounded 0 bounded 0, H2 0, over-cap 0
[W68-nl-varcount]   cycle1|DSO:7:2035:Winter: model vars 10882 = columns 9112 + fixed_referenced_by_active 146 + fixed_referenced_only_by_inactive 72 + fixed_unreferenced 64 + free_unwritten_referenced_by_active 0 + free_unwritten_referenced_only_by_inactive 0 + free_unwritten_unreferenced 1488  (identity True); rows 7514; H0 0, H1 unbounded 0 bounded 0, H2 0, over-cap 0
[WARNING] Distribution network node=7, network=case33_2, year=2025, day=Spring did not converge: no SolverResults returned
[WARNING] Distribution network node=7, network=case33_2, year=2025, day=Summer did not converge: no SolverResults returned
[WARNING] Distribution network node=7, network=case33_2, year=2025, day=Autumn did not converge: no SolverResults returned
[WARNING] Distribution network node=7, network=case33_2, year=2025, day=Winter did not converge: no SolverResults returned
[WARNING] Distribution network node=7, network=case33_2, year=2030, day=Spring did not converge: no SolverResults returned
[WARNING] Distribution network node=7, network=case33_2, year=2030, day=Summer did not converge: no SolverResults returned
[WARNING] Distribution network node=7, network=case33_2, year=2030, day=Autumn did not converge: no SolverResults returned
[WARNING] Distribution network node=7, network=case33_2, year=2030, day=Winter did not converge: no SolverResults returned
[WARNING] Distribution network node=7, network=case33_2, year=2035, day=Spring did not converge: no SolverResults returned
[WARNING] Distribution network node=7, network=case33_2, year=2035, day=Summer did not converge: no SolverResults returned
[WARNING] Distribution network node=7, network=case33_2, year=2035, day=Autumn did not converge: no SolverResults returned
[WARNING] Distribution network node=7, network=case33_2, year=2035, day=Winter did not converge: no SolverResults returned
[W68-nl-varcount]   cycle1|DSO:9:2025:Spring: model vars 10882 = columns 9112 + fixed_referenced_by_active 146 + fixed_referenced_only_by_inactive 72 + fixed_unreferenced 64 + free_unwritten_referenced_by_active 0 + free_unwritten_referenced_only_by_inactive 0 + free_unwritten_unreferenced 1488  (identity True); rows 7511; H0 0, H1 unbounded 0 bounded 0, H2 0, over-cap 0
[W68-nl-varcount]   cycle1|DSO:9:2025:Summer: model vars 10882 = columns 9112 + fixed_referenced_by_active 146 + fixed_referenced_only_by_inactive 72 + fixed_unreferenced 64 + free_unwritten_referenced_by_active 0 + free_unwritten_referenced_only_by_inactive 0 + free_unwritten_unreferenced 1488  (identity True); rows 7511; H0 0, H1 unbounded 0 bounded 0, H2 0, over-cap 0
[W68-nl-varcount]   cycle1|DSO:9:2025:Autumn: model vars 10882 = columns 9112 + fixed_referenced_by_active 146 + fixed_referenced_only_by_inactive 72 + fixed_unreferenced 64 + free_unwritten_referenced_by_active 0 + free_unwritten_referenced_only_by_inactive 0 + free_unwritten_unreferenced 1488  (identity True); rows 7475; H0 0, H1 unbounded 0 bounded 0, H2 0, over-cap 0
[W68-nl-varcount]   cycle1|DSO:9:2025:Winter: model vars 10882 = columns 9112 + fixed_referenced_by_active 146 + fixed_referenced_only_by_inactive 72 + fixed_unreferenced 64 + free_unwritten_referenced_by_active 0 + free_unwritten_referenced_only_by_inactive 0 + free_unwritten_unreferenced 1488  (identity True); rows 7475; H0 0, H1 unbounded 0 bounded 0, H2 0, over-cap 0
[W68-nl-varcount]   cycle1|DSO:9:2030:Spring: model vars 10882 = columns 9112 + fixed_referenced_by_active 146 + fixed_referenced_only_by_inactive 72 + fixed_unreferenced 64 + free_unwritten_referenced_by_active 0 + free_unwritten_referenced_only_by_inactive 0 + free_unwritten_unreferenced 1488  (identity True); rows 7511; H0 0, H1 unbounded 0 bounded 0, H2 0, over-cap 0
[W68-nl-varcount]   cycle1|DSO:9:2030:Summer: model vars 10882 = columns 9112 + fixed_referenced_by_active 146 + fixed_referenced_only_by_inactive 72 + fixed_unreferenced 64 + free_unwritten_referenced_by_active 0 + free_unwritten_referenced_only_by_inactive 0 + free_unwritten_unreferenced 1488  (identity True); rows 7511; H0 0, H1 unbounded 0 bounded 0, H2 0, over-cap 0
[W68-nl-varcount]   cycle1|DSO:9:2030:Autumn: model vars 10882 = columns 9112 + fixed_referenced_by_active 146 + fixed_referenced_only_by_inactive 72 + fixed_unreferenced 64 + free_unwritten_referenced_by_active 0 + free_unwritten_referenced_only_by_inactive 0 + free_unwritten_unreferenced 1488  (identity True); rows 7475; H0 0, H1 unbounded 0 bounded 0, H2 0, over-cap 0
[W68-nl-varcount]   cycle1|DSO:9:2030:Winter: model vars 10882 = columns 9112 + fixed_referenced_by_active 146 + fixed_referenced_only_by_inactive 72 + fixed_unreferenced 64 + free_unwritten_referenced_by_active 0 + free_unwritten_referenced_only_by_inactive 0 + free_unwritten_unreferenced 1488  (identity True); rows 7475; H0 0, H1 unbounded 0 bounded 0, H2 0, over-cap 0
[W68-nl-varcount]   cycle1|DSO:9:2035:Spring: model vars 10882 = columns 9112 + fixed_referenced_by_active 146 + fixed_referenced_only_by_inactive 72 + fixed_unreferenced 64 + free_unwritten_referenced_by_active 0 + free_unwritten_referenced_only_by_inactive 0 + free_unwritten_unreferenced 1488  (identity True); rows 7511; H0 0, H1 unbounded 0 bounded 0, H2 0, over-cap 0
[W68-nl-varcount]   cycle1|DSO:9:2035:Summer: model vars 10882 = columns 9112 + fixed_referenced_by_active 146 + fixed_referenced_only_by_inactive 72 + fixed_unreferenced 64 + free_unwritten_referenced_by_active 0 + free_unwritten_referenced_only_by_inactive 0 + free_unwritten_unreferenced 1488  (identity True); rows 7511; H0 0, H1 unbounded 0 bounded 0, H2 0, over-cap 0
[W68-nl-varcount]   cycle1|DSO:9:2035:Autumn: model vars 10882 = columns 9112 + fixed_referenced_by_active 146 + fixed_referenced_only_by_inactive 72 + fixed_unreferenced 64 + free_unwritten_referenced_by_active 0 + free_unwritten_referenced_only_by_inactive 0 + free_unwritten_unreferenced 1488  (identity True); rows 7475; H0 0, H1 unbounded 0 bounded 0, H2 0, over-cap 0
[W68-nl-varcount]   cycle1|DSO:9:2035:Winter: model vars 10882 = columns 9112 + fixed_referenced_by_active 146 + fixed_referenced_only_by_inactive 72 + fixed_unreferenced 64 + free_unwritten_referenced_by_active 0 + free_unwritten_referenced_only_by_inactive 0 + free_unwritten_unreferenced 1488  (identity True); rows 7475; H0 0, H1 unbounded 0 bounded 0, H2 0, over-cap 0
[WARNING] Distribution network node=9, network=case33_3, year=2025, day=Spring did not converge: no SolverResults returned
[WARNING] Distribution network node=9, network=case33_3, year=2025, day=Summer did not converge: no SolverResults returned
[WARNING] Distribution network node=9, network=case33_3, year=2025, day=Autumn did not converge: no SolverResults returned
[WARNING] Distribution network node=9, network=case33_3, year=2025, day=Winter did not converge: no SolverResults returned
[WARNING] Distribution network node=9, network=case33_3, year=2030, day=Spring did not converge: no SolverResults returned
[WARNING] Distribution network node=9, network=case33_3, year=2030, day=Summer did not converge: no SolverResults returned
[WARNING] Distribution network node=9, network=case33_3, year=2030, day=Autumn did not converge: no SolverResults returned
[WARNING] Distribution network node=9, network=case33_3, year=2030, day=Winter did not converge: no SolverResults returned
[WARNING] Distribution network node=9, network=case33_3, year=2035, day=Spring did not converge: no SolverResults returned
[WARNING] Distribution network node=9, network=case33_3, year=2035, day=Summer did not converge: no SolverResults returned
[WARNING] Distribution network node=9, network=case33_3, year=2035, day=Autumn did not converge: no SolverResults returned
[WARNING] Distribution network node=9, network=case33_3, year=2035, day=Winter did not converge: no SolverResults returned
[INFO] 		 - Updating transmission network...
[W68-nl-varcount]   cycle1|TSO:case9:2025:Spring: model vars 3906 = columns 2232 + fixed_referenced_by_active 1014 + fixed_referenced_only_by_inactive 216 + fixed_unreferenced 12 + free_unwritten_referenced_by_active 0 + free_unwritten_referenced_only_by_inactive 0 + free_unwritten_unreferenced 432  (identity True); rows 2583; H0 0, H1 unbounded 0 bounded 0, H2 0, over-cap 0
[W68-nl-varcount]   cycle1|TSO:case9:2025:Summer: model vars 3906 = columns 2232 + fixed_referenced_by_active 1014 + fixed_referenced_only_by_inactive 216 + fixed_unreferenced 12 + free_unwritten_referenced_by_active 0 + free_unwritten_referenced_only_by_inactive 0 + free_unwritten_unreferenced 432  (identity True); rows 2583; H0 0, H1 unbounded 0 bounded 0, H2 0, over-cap 0
[W68-nl-varcount]   cycle1|TSO:case9:2025:Autumn: model vars 3906 = columns 2232 + fixed_referenced_by_active 1014 + fixed_referenced_only_by_inactive 216 + fixed_unreferenced 12 + free_unwritten_referenced_by_active 0 + free_unwritten_referenced_only_by_inactive 0 + free_unwritten_unreferenced 432  (identity True); rows 2547; H0 0, H1 unbounded 0 bounded 0, H2 0, over-cap 0
[W68-nl-varcount]   cycle1|TSO:case9:2025:Winter: model vars 3906 = columns 2232 + fixed_referenced_by_active 1014 + fixed_referenced_only_by_inactive 216 + fixed_unreferenced 12 + free_unwritten_referenced_by_active 0 + free_unwritten_referenced_only_by_inactive 0 + free_unwritten_unreferenced 432  (identity True); rows 2547; H0 0, H1 unbounded 0 bounded 0, H2 0, over-cap 0
[W68-nl-varcount]   cycle1|TSO:case9:2030:Spring: model vars 3906 = columns 2232 + fixed_referenced_by_active 1014 + fixed_referenced_only_by_inactive 216 + fixed_unreferenced 12 + free_unwritten_referenced_by_active 0 + free_unwritten_referenced_only_by_inactive 0 + free_unwritten_unreferenced 432  (identity True); rows 2583; H0 0, H1 unbounded 0 bounded 0, H2 0, over-cap 0
[W68-nl-varcount]   cycle1|TSO:case9:2030:Summer: model vars 3906 = columns 2232 + fixed_referenced_by_active 1014 + fixed_referenced_only_by_inactive 216 + fixed_unreferenced 12 + free_unwritten_referenced_by_active 0 + free_unwritten_referenced_only_by_inactive 0 + free_unwritten_unreferenced 432  (identity True); rows 2583; H0 0, H1 unbounded 0 bounded 0, H2 0, over-cap 0
[W68-nl-varcount]   cycle1|TSO:case9:2030:Autumn: model vars 3906 = columns 2232 + fixed_referenced_by_active 1014 + fixed_referenced_only_by_inactive 216 + fixed_unreferenced 12 + free_unwritten_referenced_by_active 0 + free_unwritten_referenced_only_by_inactive 0 + free_unwritten_unreferenced 432  (identity True); rows 2547; H0 0, H1 unbounded 0 bounded 0, H2 0, over-cap 0
[W68-nl-varcount]   cycle1|TSO:case9:2030:Winter: model vars 3906 = columns 2232 + fixed_referenced_by_active 1014 + fixed_referenced_only_by_inactive 216 + fixed_unreferenced 12 + free_unwritten_referenced_by_active 0 + free_unwritten_referenced_only_by_inactive 0 + free_unwritten_unreferenced 432  (identity True); rows 2547; H0 0, H1 unbounded 0 bounded 0, H2 0, over-cap 0
[W68-nl-varcount]   cycle1|TSO:case9:2035:Spring: model vars 3906 = columns 2232 + fixed_referenced_by_active 1014 + fixed_referenced_only_by_inactive 216 + fixed_unreferenced 12 + free_unwritten_referenced_by_active 0 + free_unwritten_referenced_only_by_inactive 0 + free_unwritten_unreferenced 432  (identity True); rows 2583; H0 0, H1 unbounded 0 bounded 0, H2 0, over-cap 0
[W68-nl-varcount]   cycle1|TSO:case9:2035:Summer: model vars 3906 = columns 2232 + fixed_referenced_by_active 1014 + fixed_referenced_only_by_inactive 216 + fixed_unreferenced 12 + free_unwritten_referenced_by_active 0 + free_unwritten_referenced_only_by_inactive 0 + free_unwritten_unreferenced 432  (identity True); rows 2583; H0 0, H1 unbounded 0 bounded 0, H2 0, over-cap 0
[W68-nl-varcount]   cycle1|TSO:case9:2035:Autumn: model vars 3906 = columns 2232 + fixed_referenced_by_active 1014 + fixed_referenced_only_by_inactive 216 + fixed_unreferenced 12 + free_unwritten_referenced_by_active 0 + free_unwritten_referenced_only_by_inactive 0 + free_unwritten_unreferenced 432  (identity True); rows 2547; H0 0, H1 unbounded 0 bounded 0, H2 0, over-cap 0
[W68-nl-varcount]   cycle1|TSO:case9:2035:Winter: model vars 3906 = columns 2232 + fixed_referenced_by_active 1014 + fixed_referenced_only_by_inactive 216 + fixed_unreferenced 12 + free_unwritten_referenced_by_active 0 + free_unwritten_referenced_only_by_inactive 0 + free_unwritten_unreferenced 432  (identity True); rows 2547; H0 0, H1 unbounded 0 bounded 0, H2 0, over-cap 0
[ERROR] Transmission network case9, year=2025, day=Spring did not converge: no SolverResults returned
[ERROR] Transmission network case9, year=2025, day=Summer did not converge: no SolverResults returned
[ERROR] Transmission network case9, year=2025, day=Autumn did not converge: no SolverResults returned
[ERROR] Transmission network case9, year=2025, day=Winter did not converge: no SolverResults returned
[ERROR] Transmission network case9, year=2030, day=Spring did not converge: no SolverResults returned
[ERROR] Transmission network case9, year=2030, day=Summer did not converge: no SolverResults returned
[ERROR] Transmission network case9, year=2030, day=Autumn did not converge: no SolverResults returned
[ERROR] Transmission network case9, year=2030, day=Winter did not converge: no SolverResults returned
[ERROR] Transmission network case9, year=2035, day=Spring did not converge: no SolverResults returned
[ERROR] Transmission network case9, year=2035, day=Summer did not converge: no SolverResults returned
[ERROR] Transmission network case9, year=2035, day=Autumn did not converge: no SolverResults returned
[ERROR] Transmission network case9, year=2035, day=Winter did not converge: no SolverResults returned
[INFO] 		 - Updating SharedESS...
[W68-nl-varcount]   cycle1|ESSO:5: model vars 2949 = columns 1188 + fixed_referenced_by_active 1743 + fixed_referenced_only_by_inactive 15 + fixed_unreferenced 3 + free_unwritten_referenced_by_active 0 + free_unwritten_referenced_only_by_inactive 0 + free_unwritten_unreferenced 0  (identity True); rows 612; H0 0, H1 unbounded 0 bounded 0, H2 0, over-cap 0
[W68-nl-varcount]   cycle1|ESSO:7: model vars 2949 = columns 1188 + fixed_referenced_by_active 1743 + fixed_referenced_only_by_inactive 15 + fixed_unreferenced 3 + free_unwritten_referenced_by_active 0 + free_unwritten_referenced_only_by_inactive 0 + free_unwritten_unreferenced 0  (identity True); rows 612; H0 0, H1 unbounded 0 bounded 0, H2 0, over-cap 0
[W68-nl-varcount]   cycle1|ESSO:9: model vars 2949 = columns 1188 + fixed_referenced_by_active 1743 + fixed_referenced_only_by_inactive 15 + fixed_unreferenced 3 + free_unwritten_referenced_by_active 0 + free_unwritten_referenced_only_by_inactive 0 + free_unwritten_unreferenced 0  (identity True); rows 612; H0 0, H1 unbounded 0 bounded 0, H2 0, over-cap 0
[WARNING] SharedESS operational planning node=5 did not converge: no SolverResults returned
[WARNING] SharedESS operational planning node=7 did not converge: no SolverResults returned
[WARNING] SharedESS operational planning node=9 did not converge: no SolverResults returned
[W68-nl-varcount] memory at after cycle1 phase: available 21.85 GiB (free+inactive 16.94), own max RSS 1.27 GiB
[W68-nl-varcount] guard {'permitted_solve': 0, 'permitted_exec': 0, 'blocked_solve': 0, 'blocked_exec': 0} verify(0) failures [] (exit path: completed)
[W68-nl-varcount] init all: blocks 51; 447471 = 356652 written + 20925 fixed_referenced_by_active + 8685 fixed_referenced_only_by_inactive + 2457 fixed_unreferenced + 0 free_unwritten_referenced_by_active + 0 free_unwritten_referenced_only_by_inactive + 58752 free_unwritten_unreferenced; columns 356652; identity True; H0 0 H1u 0 H1b 0 H2 0 over-cap 0; fixed written 0; retired present []
[W68-nl-varcount] init DSO: blocks 36; 391752 = 328032 written + 3528 fixed_referenced_by_active + 4320 fixed_referenced_only_by_inactive + 2304 fixed_unreferenced + 0 free_unwritten_referenced_by_active + 0 free_unwritten_referenced_only_by_inactive + 53568 free_unwritten_unreferenced; columns 328032; identity True; H0 0 H1u 0 H1b 0 H2 0 over-cap 0; fixed written 0; retired present []
[W68-nl-varcount] init TSO: blocks 12; 46872 = 26784 written + 10440 fixed_referenced_by_active + 4320 fixed_referenced_only_by_inactive + 144 fixed_unreferenced + 0 free_unwritten_referenced_by_active + 0 free_unwritten_referenced_only_by_inactive + 5184 free_unwritten_unreferenced; columns 26784; identity True; H0 0 H1u 0 H1b 0 H2 0 over-cap 0; fixed written 0; retired present []
[W68-nl-varcount] init ESSO: blocks 3; 8847 = 1836 written + 6957 fixed_referenced_by_active + 45 fixed_referenced_only_by_inactive + 9 fixed_unreferenced + 0 free_unwritten_referenced_by_active + 0 free_unwritten_referenced_only_by_inactive + 0 free_unwritten_unreferenced; columns 1836; identity True; H0 0 H1u 0 H1b 0 H2 0 over-cap 0; fixed written 0; retired present []
[W68-nl-varcount] cycle1 all: blocks 51; 447471 = 358380 written + 22653 fixed_referenced_by_active + 5229 fixed_referenced_only_by_inactive + 2457 fixed_unreferenced + 0 free_unwritten_referenced_by_active + 0 free_unwritten_referenced_only_by_inactive + 58752 free_unwritten_unreferenced; columns 358380; identity True; H0 0 H1u 0 H1b 0 H2 0 over-cap 0; fixed written 0; retired present []
[W68-nl-varcount] cycle1 DSO: blocks 36; 391752 = 328032 written + 5256 fixed_referenced_by_active + 2592 fixed_referenced_only_by_inactive + 2304 fixed_unreferenced + 0 free_unwritten_referenced_by_active + 0 free_unwritten_referenced_only_by_inactive + 53568 free_unwritten_unreferenced; columns 328032; identity True; H0 0 H1u 0 H1b 0 H2 0 over-cap 0; fixed written 0; retired present []
[W68-nl-varcount] cycle1 TSO: blocks 12; 46872 = 26784 written + 12168 fixed_referenced_by_active + 2592 fixed_referenced_only_by_inactive + 144 fixed_unreferenced + 0 free_unwritten_referenced_by_active + 0 free_unwritten_referenced_only_by_inactive + 5184 free_unwritten_unreferenced; columns 26784; identity True; H0 0 H1u 0 H1b 0 H2 0 over-cap 0; fixed written 0; retired present []
[W68-nl-varcount] cycle1 ESSO: blocks 3; 8847 = 3564 written + 5229 fixed_referenced_by_active + 45 fixed_referenced_only_by_inactive + 9 fixed_unreferenced + 0 free_unwritten_referenced_by_active + 0 free_unwritten_referenced_only_by_inactive + 0 free_unwritten_unreferenced; columns 3564; identity True; H0 0 H1u 0 H1b 0 H2 0 over-cap 0; fixed written 0; retired present []
[W68-nl-varcount] wrote /Users/micaelsimoes/Projects/share-resource-planning-no_esso-degradation/data/SRP1/Results/P515S53/nl_varcount_w66/srp1_a0p00_r1/nl_varcount.json
