07:08:32 [W101-RUN-c_star] memory preflight: available 17.028060913085938 GiB required 3.50 GiB -> PASS
07:08:32 [W101-RUN-c_star] P5.15 Addendum 53, W101 -- SRP1 three-reference settling continuation: each tight-tail reference replayed under its certifying configuration (bitwise gate per cycle against the recorded 1..N, abort on the first divergence), then the certifying regime held (AA off, tight tail on, rho frozen) until the settling stop rule certifies or the cap N + 100; lambda_t, all blocks and pf_primal recorded every cycle; cell c_star eval_key 4bf36c151fd106139782939724c6d888585cdb78e0dbff6516d2cea36a42d5a1; N 87; cap 187; lock {'pid': 69565, 'campaign_id': 's53_w101_srp1_cont_c_star', 'campaign_spec_sha256': '1a7483ef17ef8e6054bc18c42fc9a0dd219ff93217f6a7ad6bb9a1130b45c7ea', 'started_utc': '2026-09-28T07:08:32.948632+00:00'}
07:08:32 [S44-HARNESS] launched c_star (key 578636daa6d6360d) pid=69726
07:08:32 [S44-HARNESS] heartbeat c_star: 0s cycle=None
07:09:32 [S44-HARNESS] heartbeat c_star: 60s cycle=None
07:10:32 [S44-HARNESS] heartbeat c_star: 120s cycle=2
07:11:32 [S44-HARNESS] heartbeat c_star: 180s cycle=4
07:12:33 [S44-HARNESS] heartbeat c_star: 240s cycle=5
07:13:33 [S44-HARNESS] heartbeat c_star: 300s cycle=7
07:14:33 [S44-HARNESS] heartbeat c_star: 360s cycle=9
07:15:33 [S44-HARNESS] heartbeat c_star: 420s cycle=10
07:16:33 [S44-HARNESS] heartbeat c_star: 480s cycle=12
07:17:33 [S44-HARNESS] heartbeat c_star: 540s cycle=13
07:18:33 [S44-HARNESS] heartbeat c_star: 600s cycle=15
07:19:33 [S44-HARNESS] heartbeat c_star: 660s cycle=17
07:20:33 [S44-HARNESS] heartbeat c_star: 720s cycle=19
07:21:33 [S44-HARNESS] heartbeat c_star: 780s cycle=21
07:22:33 [S44-HARNESS] heartbeat c_star: 840s cycle=22
07:23:33 [S44-HARNESS] heartbeat c_star: 900s cycle=24
07:24:33 [S44-HARNESS] heartbeat c_star: 960s cycle=26
07:25:33 [S44-HARNESS] heartbeat c_star: 1020s cycle=28
07:26:33 [S44-HARNESS] heartbeat c_star: 1080s cycle=30
07:27:33 [S44-HARNESS] heartbeat c_star: 1140s cycle=32
07:28:33 [S44-HARNESS] heartbeat c_star: 1200s cycle=34
07:29:33 [S44-HARNESS] heartbeat c_star: 1260s cycle=37
07:30:33 [S44-HARNESS] heartbeat c_star: 1320s cycle=39
07:31:33 [S44-HARNESS] heartbeat c_star: 1380s cycle=41
07:32:33 [S44-HARNESS] heartbeat c_star: 1440s cycle=43
07:33:33 [S44-HARNESS] heartbeat c_star: 1501s cycle=46
07:34:33 [S44-HARNESS] heartbeat c_star: 1561s cycle=48
07:35:33 [S44-HARNESS] heartbeat c_star: 1621s cycle=50
07:36:33 [S44-HARNESS] heartbeat c_star: 1681s cycle=52
07:37:33 [S44-HARNESS] heartbeat c_star: 1741s cycle=54
07:38:33 [S44-HARNESS] heartbeat c_star: 1801s cycle=57
07:39:33 [S44-HARNESS] heartbeat c_star: 1861s cycle=59
07:40:33 [S44-HARNESS] heartbeat c_star: 1921s cycle=61
07:41:33 [S44-HARNESS] heartbeat c_star: 1981s cycle=63
07:42:33 [S44-HARNESS] heartbeat c_star: 2041s cycle=66
07:43:33 [S44-HARNESS] heartbeat c_star: 2101s cycle=68
07:44:33 [S44-HARNESS] heartbeat c_star: 2161s cycle=70
07:45:33 [S44-HARNESS] heartbeat c_star: 2221s cycle=72
07:46:33 [S44-HARNESS] heartbeat c_star: 2281s cycle=74
07:47:33 [S44-HARNESS] heartbeat c_star: 2341s cycle=77
07:48:33 [S44-HARNESS] heartbeat c_star: 2401s cycle=79
07:49:33 [S44-HARNESS] heartbeat c_star: 2461s cycle=81
07:50:33 [S44-HARNESS] heartbeat c_star: 2521s cycle=83
07:51:33 [S44-HARNESS] heartbeat c_star: 2581s cycle=85
07:52:33 [S44-HARNESS] heartbeat c_star: 2641s cycle=88
07:53:33 [S44-HARNESS] heartbeat c_star: 2701s cycle=90
07:54:33 [S44-HARNESS] heartbeat c_star: 2761s cycle=92
07:55:33 [S44-HARNESS] heartbeat c_star: 2821s cycle=94
07:56:34 [S44-HARNESS] heartbeat c_star: 2881s cycle=97
07:57:34 [S44-HARNESS] heartbeat c_star: 2941s cycle=99
07:58:34 [S44-HARNESS] heartbeat c_star: 3001s cycle=101
07:59:34 [S44-HARNESS] heartbeat c_star: 3061s cycle=103
08:00:34 [S44-HARNESS] heartbeat c_star: 3121s cycle=106
08:01:34 [S44-HARNESS] heartbeat c_star: 3181s cycle=108
08:02:34 [S44-HARNESS] heartbeat c_star: 3241s cycle=110
08:03:34 [S44-HARNESS] heartbeat c_star: 3301s cycle=113
08:04:34 [S44-HARNESS] heartbeat c_star: 3361s cycle=115
08:05:34 [S44-HARNESS] heartbeat c_star: 3421s cycle=117
08:06:34 [S44-HARNESS] heartbeat c_star: 3481s cycle=119
08:07:34 [S44-HARNESS] heartbeat c_star: 3541s cycle=121
08:08:34 [S44-HARNESS] heartbeat c_star: 3601s cycle=124
08:09:34 [S44-HARNESS] heartbeat c_star: 3661s cycle=126
08:10:34 [S44-HARNESS] heartbeat c_star: 3721s cycle=128
08:11:34 [S44-HARNESS] heartbeat c_star: 3781s cycle=130
08:12:34 [S44-HARNESS] heartbeat c_star: 3841s cycle=133
08:13:34 [S44-HARNESS] heartbeat c_star: 3901s cycle=135
08:14:34 [S44-HARNESS] heartbeat c_star: 3962s cycle=137
08:15:34 [S44-HARNESS] heartbeat c_star: 4022s cycle=139
08:16:34 [S44-HARNESS] heartbeat c_star: 4082s cycle=142
08:17:34 [S44-HARNESS] heartbeat c_star: 4142s cycle=144
08:18:34 [S44-HARNESS] heartbeat c_star: 4202s cycle=146
08:19:34 [S44-HARNESS] heartbeat c_star: 4262s cycle=148
08:20:34 [S44-HARNESS] heartbeat c_star: 4322s cycle=151
08:21:34 [S44-HARNESS] heartbeat c_star: 4382s cycle=153
08:22:34 [S44-HARNESS] heartbeat c_star: 4442s cycle=155
08:23:34 [S44-HARNESS] heartbeat c_star: 4502s cycle=157
08:24:34 [S44-HARNESS] heartbeat c_star: 4562s cycle=160
08:25:34 [S44-HARNESS] heartbeat c_star: 4622s cycle=162
08:26:34 [S44-HARNESS] heartbeat c_star: 4682s cycle=164
08:27:34 [S44-HARNESS] heartbeat c_star: 4742s cycle=166
08:28:34 [S44-HARNESS] heartbeat c_star: 4802s cycle=169
08:29:34 [S44-HARNESS] heartbeat c_star: 4862s cycle=171
08:30:34 [S44-HARNESS] heartbeat c_star: 4922s cycle=173
08:31:34 [S44-HARNESS] heartbeat c_star: 4982s cycle=176
08:32:34 [S44-HARNESS] heartbeat c_star: 5042s cycle=178
08:33:34 [S44-HARNESS] heartbeat c_star: 5102s cycle=180
08:34:34 [S44-HARNESS] heartbeat c_star: 5162s cycle=183
08:35:34 [S44-HARNESS] heartbeat c_star: 5222s cycle=185
08:36:34 [S44-HARNESS] heartbeat c_star: 5282s cycle=187
08:36:39 [S44-HARNESS] finished c_star pid=69726 exit=0 status=certified wall=5287s
08:36:40 [W101-RUN-c_star] gates {'G1_harness_clean': True, 'G2_eval_key': True, 'G3_append_reconcile': True, 'G4_tail_state_check': True, 'G5_solve_profile_reconciled_per_event': True, 'G6_v37_optimal_and_four_metrics': True, 'G7_append_sealed': True, 'G8_persistence_as_recert': True, 'G9_ess_ageing_readback': True, 'G11_acceptance_cross_check': True, 'G13_holds_inert_through_N_and_held_after': True, 'G14_all_block_capture': True, 'G15_stopping_consistent': True, 'G16_lambda_sidecar_complete': True, 'G17_settling_replay_reproduces_in_cycle': True, 'G18_line_fields_i_every_cycle': True, 'G19_replay_bitwise_1_N_every_field': True, 'G20_production_counters_in_per_cycle_record': True}
08:36:40 [W101-RUN-c_star] settling: status uncertified k* None branch None s -4378.877131223679 band_width 4735.8725690841675 range/tau None
08:36:40 [W101] guards {'w101_checks': {'counts': {'permitted_solve': 0, 'permitted_exec': 0, 'blocked_solve': 0, 'blocked_exec': 0}, 'verify_0_failures': []}, 'w98_checks': {'counts': {'permitted_solve': 0, 'permitted_exec': 0, 'blocked_solve': 0, 'blocked_exec': 0}, 'verify_0_failures': []}, 'alpha_row_launcher': {'counts': {'permitted_solve': 0, 'permitted_exec': 0, 'blocked_solve': 0, 'blocked_exec': 0}, 'verify_0_failures': []}, 'w86_launcher': {'counts': {'permitted_solve': 0, 'permitted_exec': 0, 'blocked_solve': 0, 'blocked_exec': 0}, 'verify_0_failures': []}, 'w87': {'counts': {'permitted_solve': 0, 'permitted_exec': 0, 'blocked_solve': 0, 'blocked_exec': 0}, 'verify_0_failures': []}, 'w88': {'counts': {'permitted_solve': 0, 'permitted_exec': 0, 'blocked_solve': 0, 'blocked_exec': 0}, 'verify_0_failures': []}, 'w89_step1': {'counts': {'permitted_solve': 0, 'permitted_exec': 0, 'blocked_solve': 0, 'blocked_exec': 0}, 'verify_0_failures': []}, 'w89_3x3_launcher': {'counts': {'permitted_solve': 0, 'permitted_exec': 0, 'blocked_solve': 0, 'blocked_exec': 0}, 'verify_0_failures': []}, 'w90_3x3_parent': {'counts': {'permitted_solve': 0, 'permitted_exec': 0, 'blocked_solve': 0, 'blocked_exec': 0}, 'verify_0_failures': []}, 'w98_parent': {'counts': {'permitted_solve': 0, 'permitted_exec': 0, 'blocked_solve': 0, 'blocked_exec': 0}, 'verify_0_failures': []}, 'w101_parent': {'counts': {'permitted_solve': 0, 'permitted_exec': 0, 'blocked_solve': 0, 'blocked_exec': 0}, 'verify_0_failures': []}} wall=5315s
