20:22:38 [W101-RUN-x0] memory preflight: available 17.412841796875 GiB required 3.50 GiB -> PASS
20:22:38 [W101-RUN-x0] P5.15 Addendum 53, W101 -- SRP1 three-reference settling continuation: each tight-tail reference replayed under its certifying configuration (bitwise gate per cycle against the recorded 1..N, abort on the first divergence), then the certifying regime held (AA off, tight tail on, rho frozen) until the settling stop rule certifies or the cap N + 100; lambda_t, all blocks and pf_primal recorded every cycle; cell x0 eval_key d110bd1a5977df1e811a1b3963afc565de6daa65f76dcc096ead3fdc70b08546; N 132; cap 232; lock {'pid': 44476, 'campaign_id': 's53_w101_srp1_cont_x0', 'campaign_spec_sha256': 'd1d5c3bcbdc261d297282382ce4a54263a811059d17230613a1765ee915ebd33', 'started_utc': '2026-09-27T20:22:38.690605+00:00'}
20:22:38 [S44-HARNESS] launched x0 (key 8435c71859ddde68) pid=44630
20:22:38 [S44-HARNESS] heartbeat x0: 0s cycle=None
20:23:38 [S44-HARNESS] heartbeat x0: 60s cycle=None
20:24:38 [S44-HARNESS] heartbeat x0: 120s cycle=3
20:25:38 [S44-HARNESS] heartbeat x0: 180s cycle=5
20:26:38 [S44-HARNESS] heartbeat x0: 240s cycle=8
20:27:38 [S44-HARNESS] heartbeat x0: 300s cycle=10
20:28:38 [S44-HARNESS] heartbeat x0: 360s cycle=13
20:29:38 [S44-HARNESS] heartbeat x0: 420s cycle=15
20:30:38 [S44-HARNESS] heartbeat x0: 480s cycle=18
20:31:38 [S44-HARNESS] heartbeat x0: 540s cycle=21
20:32:38 [S44-HARNESS] heartbeat x0: 600s cycle=23
20:33:38 [S44-HARNESS] heartbeat x0: 660s cycle=26
20:34:38 [S44-HARNESS] heartbeat x0: 720s cycle=29
20:35:38 [S44-HARNESS] heartbeat x0: 780s cycle=31
20:36:38 [S44-HARNESS] heartbeat x0: 840s cycle=34
20:37:39 [S44-HARNESS] heartbeat x0: 900s cycle=37
20:38:39 [S44-HARNESS] heartbeat x0: 960s cycle=40
20:39:39 [S44-HARNESS] heartbeat x0: 1020s cycle=42
20:40:39 [S44-HARNESS] heartbeat x0: 1080s cycle=45
20:41:39 [S44-HARNESS] heartbeat x0: 1140s cycle=48
20:42:39 [S44-HARNESS] heartbeat x0: 1200s cycle=50
20:43:39 [S44-HARNESS] heartbeat x0: 1260s cycle=53
20:44:39 [S44-HARNESS] heartbeat x0: 1320s cycle=56
20:45:39 [S44-HARNESS] heartbeat x0: 1381s cycle=58
20:46:39 [S44-HARNESS] heartbeat x0: 1441s cycle=61
20:47:39 [S44-HARNESS] heartbeat x0: 1501s cycle=64
20:48:39 [S44-HARNESS] heartbeat x0: 1561s cycle=66
20:49:39 [S44-HARNESS] heartbeat x0: 1621s cycle=69
20:50:39 [S44-HARNESS] heartbeat x0: 1681s cycle=72
20:51:39 [S44-HARNESS] heartbeat x0: 1741s cycle=74
20:52:39 [S44-HARNESS] heartbeat x0: 1801s cycle=77
20:53:39 [S44-HARNESS] heartbeat x0: 1861s cycle=79
20:54:39 [S44-HARNESS] heartbeat x0: 1921s cycle=82
20:55:39 [S44-HARNESS] heartbeat x0: 1981s cycle=85
20:56:39 [S44-HARNESS] heartbeat x0: 2041s cycle=87
20:57:39 [S44-HARNESS] heartbeat x0: 2101s cycle=90
20:58:39 [S44-HARNESS] heartbeat x0: 2161s cycle=93
20:59:39 [S44-HARNESS] heartbeat x0: 2221s cycle=95
21:00:39 [S44-HARNESS] heartbeat x0: 2281s cycle=98
21:01:39 [S44-HARNESS] heartbeat x0: 2341s cycle=101
21:02:39 [S44-HARNESS] heartbeat x0: 2401s cycle=103
21:03:39 [S44-HARNESS] heartbeat x0: 2461s cycle=106
21:04:39 [S44-HARNESS] heartbeat x0: 2521s cycle=109
21:05:39 [S44-HARNESS] heartbeat x0: 2581s cycle=111
21:06:39 [S44-HARNESS] heartbeat x0: 2641s cycle=114
21:07:39 [S44-HARNESS] heartbeat x0: 2701s cycle=116
21:08:39 [S44-HARNESS] heartbeat x0: 2761s cycle=119
21:09:39 [S44-HARNESS] heartbeat x0: 2821s cycle=121
21:10:39 [S44-HARNESS] heartbeat x0: 2881s cycle=124
21:11:39 [S44-HARNESS] heartbeat x0: 2941s cycle=126
21:12:39 [S44-HARNESS] heartbeat x0: 3001s cycle=129
21:13:39 [S44-HARNESS] heartbeat x0: 3061s cycle=131
21:14:39 [S44-HARNESS] heartbeat x0: 3121s cycle=134
21:15:39 [S44-HARNESS] heartbeat x0: 3181s cycle=136
21:16:39 [S44-HARNESS] heartbeat x0: 3241s cycle=138
21:17:39 [S44-HARNESS] heartbeat x0: 3301s cycle=141
21:18:39 [S44-HARNESS] heartbeat x0: 3361s cycle=143
21:19:39 [S44-HARNESS] heartbeat x0: 3421s cycle=146
21:20:39 [S44-HARNESS] heartbeat x0: 3481s cycle=148
21:21:39 [S44-HARNESS] heartbeat x0: 3541s cycle=151
21:22:39 [S44-HARNESS] heartbeat x0: 3601s cycle=153
21:23:39 [S44-HARNESS] heartbeat x0: 3661s cycle=156
21:24:40 [S44-HARNESS] heartbeat x0: 3721s cycle=158
21:25:40 [S44-HARNESS] heartbeat x0: 3781s cycle=161
21:26:40 [S44-HARNESS] heartbeat x0: 3841s cycle=163
21:27:40 [S44-HARNESS] heartbeat x0: 3901s cycle=166
21:28:40 [S44-HARNESS] heartbeat x0: 3961s cycle=168
21:29:40 [S44-HARNESS] heartbeat x0: 4021s cycle=171
21:30:40 [S44-HARNESS] heartbeat x0: 4081s cycle=174
21:31:40 [S44-HARNESS] heartbeat x0: 4141s cycle=176
21:32:40 [S44-HARNESS] heartbeat x0: 4201s cycle=179
21:33:40 [S44-HARNESS] finished x0 pid=44630 exit=0 status=certified wall=4262s
21:33:40 [W101-RUN-x0] gates {'G1_harness_clean': True, 'G2_eval_key': True, 'G3_append_reconcile': True, 'G4_tail_state_check': True, 'G5_solve_profile_reconciled_per_event': True, 'G6_v37_optimal_and_four_metrics': True, 'G7_append_sealed': True, 'G8_persistence_as_recert': True, 'G9_ess_ageing_readback': True, 'G11_acceptance_cross_check': True, 'G13_holds_inert_through_N_and_held_after': True, 'G14_all_block_capture': True, 'G15_stopping_consistent': True, 'G16_lambda_sidecar_complete': True, 'G17_settling_replay_reproduces_in_cycle': True, 'G18_line_fields_i_every_cycle': True, 'G19_replay_bitwise_1_N_every_field': True, 'G20_production_counters_in_per_cycle_record': True}
21:33:40 [W101-RUN-x0] settling: status certified k* 181 branch oscillatory s 14970.61903166771 band_width 4209.1713362932205 range/tau 0.9273205603617451
21:33:40 [W101] guards {'w101_checks': {'counts': {'permitted_solve': 0, 'permitted_exec': 0, 'blocked_solve': 0, 'blocked_exec': 0}, 'verify_0_failures': []}, 'w98_checks': {'counts': {'permitted_solve': 0, 'permitted_exec': 0, 'blocked_solve': 0, 'blocked_exec': 0}, 'verify_0_failures': []}, 'alpha_row_launcher': {'counts': {'permitted_solve': 0, 'permitted_exec': 0, 'blocked_solve': 0, 'blocked_exec': 0}, 'verify_0_failures': []}, 'w86_launcher': {'counts': {'permitted_solve': 0, 'permitted_exec': 0, 'blocked_solve': 0, 'blocked_exec': 0}, 'verify_0_failures': []}, 'w87': {'counts': {'permitted_solve': 0, 'permitted_exec': 0, 'blocked_solve': 0, 'blocked_exec': 0}, 'verify_0_failures': []}, 'w88': {'counts': {'permitted_solve': 0, 'permitted_exec': 0, 'blocked_solve': 0, 'blocked_exec': 0}, 'verify_0_failures': []}, 'w89_step1': {'counts': {'permitted_solve': 0, 'permitted_exec': 0, 'blocked_solve': 0, 'blocked_exec': 0}, 'verify_0_failures': []}, 'w89_3x3_launcher': {'counts': {'permitted_solve': 0, 'permitted_exec': 0, 'blocked_solve': 0, 'blocked_exec': 0}, 'verify_0_failures': []}, 'w90_3x3_parent': {'counts': {'permitted_solve': 0, 'permitted_exec': 0, 'blocked_solve': 0, 'blocked_exec': 0}, 'verify_0_failures': []}, 'w98_parent': {'counts': {'permitted_solve': 0, 'permitted_exec': 0, 'blocked_solve': 0, 'blocked_exec': 0}, 'verify_0_failures': []}, 'w101_parent': {'counts': {'permitted_solve': 0, 'permitted_exec': 0, 'blocked_solve': 0, 'blocked_exec': 0}, 'verify_0_failures': []}} wall=4289s
