21:45:35 [W101-RUN-n7_4h_e1] memory preflight: available 17.877273559570312 GiB required 3.50 GiB -> PASS
21:45:35 [W101-RUN-n7_4h_e1] P5.15 Addendum 53, W101 -- SRP1 three-reference settling continuation: each tight-tail reference replayed under its certifying configuration (bitwise gate per cycle against the recorded 1..N, abort on the first divergence), then the certifying regime held (AA off, tight tail on, rho frozen) until the settling stop rule certifies or the cap N + 100; lambda_t, all blocks and pf_primal recorded every cycle; cell n7_4h_e1 eval_key 3f084f2ffaeef2b78c9c6930d7f2134e66b61fbbefecef19a5ce0db8b1e9d153; N 112; cap 212; lock {'pid': 56990, 'campaign_id': 's53_w101_srp1_cont_n7_4h_e1', 'campaign_spec_sha256': '434f46fcb5f13f8e252078b004fdc314e420a0eb6a574d8d8da2d7433a2e1744', 'started_utc': '2026-09-27T21:45:35.512819+00:00'}
21:45:35 [S44-HARNESS] launched n7_4h_e1 (key db77e1549af855bc) pid=57110
21:45:35 [S44-HARNESS] heartbeat n7_4h_e1: 0s cycle=None
21:46:35 [S44-HARNESS] heartbeat n7_4h_e1: 60s cycle=None
21:47:35 [S44-HARNESS] heartbeat n7_4h_e1: 120s cycle=3
21:48:35 [S44-HARNESS] heartbeat n7_4h_e1: 180s cycle=5
21:49:35 [S44-HARNESS] heartbeat n7_4h_e1: 240s cycle=7
21:50:35 [S44-HARNESS] heartbeat n7_4h_e1: 300s cycle=9
21:51:35 [S44-HARNESS] heartbeat n7_4h_e1: 360s cycle=11
21:52:35 [S44-HARNESS] heartbeat n7_4h_e1: 420s cycle=14
21:53:35 [S44-HARNESS] heartbeat n7_4h_e1: 480s cycle=16
21:54:35 [S44-HARNESS] heartbeat n7_4h_e1: 540s cycle=19
21:55:35 [S44-HARNESS] heartbeat n7_4h_e1: 600s cycle=21
21:56:35 [S44-HARNESS] heartbeat n7_4h_e1: 660s cycle=24
21:57:35 [S44-HARNESS] heartbeat n7_4h_e1: 720s cycle=26
21:58:35 [S44-HARNESS] heartbeat n7_4h_e1: 780s cycle=28
21:59:35 [S44-HARNESS] heartbeat n7_4h_e1: 840s cycle=31
22:00:35 [S44-HARNESS] heartbeat n7_4h_e1: 900s cycle=33
22:01:35 [S44-HARNESS] heartbeat n7_4h_e1: 960s cycle=36
22:02:35 [S44-HARNESS] heartbeat n7_4h_e1: 1020s cycle=38
22:03:35 [S44-HARNESS] heartbeat n7_4h_e1: 1080s cycle=41
22:04:35 [S44-HARNESS] heartbeat n7_4h_e1: 1140s cycle=43
22:05:35 [S44-HARNESS] heartbeat n7_4h_e1: 1200s cycle=45
22:06:36 [S44-HARNESS] heartbeat n7_4h_e1: 1260s cycle=48
22:07:36 [S44-HARNESS] heartbeat n7_4h_e1: 1321s cycle=50
22:08:36 [S44-HARNESS] heartbeat n7_4h_e1: 1381s cycle=53
22:09:36 [S44-HARNESS] heartbeat n7_4h_e1: 1441s cycle=55
22:10:36 [S44-HARNESS] heartbeat n7_4h_e1: 1501s cycle=58
22:11:36 [S44-HARNESS] heartbeat n7_4h_e1: 1561s cycle=60
22:12:36 [S44-HARNESS] heartbeat n7_4h_e1: 1621s cycle=63
22:13:36 [S44-HARNESS] heartbeat n7_4h_e1: 1681s cycle=65
22:14:36 [S44-HARNESS] heartbeat n7_4h_e1: 1741s cycle=67
22:15:36 [S44-HARNESS] heartbeat n7_4h_e1: 1801s cycle=70
22:16:36 [S44-HARNESS] heartbeat n7_4h_e1: 1861s cycle=72
22:17:36 [S44-HARNESS] heartbeat n7_4h_e1: 1921s cycle=75
22:18:36 [S44-HARNESS] heartbeat n7_4h_e1: 1981s cycle=77
22:19:36 [S44-HARNESS] heartbeat n7_4h_e1: 2041s cycle=80
22:20:36 [S44-HARNESS] heartbeat n7_4h_e1: 2101s cycle=82
22:21:36 [S44-HARNESS] heartbeat n7_4h_e1: 2161s cycle=85
22:22:36 [S44-HARNESS] heartbeat n7_4h_e1: 2221s cycle=87
22:23:36 [S44-HARNESS] heartbeat n7_4h_e1: 2281s cycle=89
22:24:36 [S44-HARNESS] heartbeat n7_4h_e1: 2341s cycle=92
22:25:36 [S44-HARNESS] heartbeat n7_4h_e1: 2401s cycle=94
22:26:36 [S44-HARNESS] heartbeat n7_4h_e1: 2461s cycle=97
22:27:36 [S44-HARNESS] heartbeat n7_4h_e1: 2521s cycle=99
22:28:36 [S44-HARNESS] heartbeat n7_4h_e1: 2581s cycle=102
22:29:36 [S44-HARNESS] heartbeat n7_4h_e1: 2641s cycle=104
22:30:36 [S44-HARNESS] heartbeat n7_4h_e1: 2701s cycle=106
22:31:36 [S44-HARNESS] heartbeat n7_4h_e1: 2761s cycle=109
22:32:36 [S44-HARNESS] heartbeat n7_4h_e1: 2821s cycle=111
22:33:36 [S44-HARNESS] heartbeat n7_4h_e1: 2881s cycle=114
22:34:36 [S44-HARNESS] heartbeat n7_4h_e1: 2941s cycle=116
22:35:36 [S44-HARNESS] heartbeat n7_4h_e1: 3001s cycle=118
22:36:36 [S44-HARNESS] heartbeat n7_4h_e1: 3061s cycle=121
22:37:36 [S44-HARNESS] heartbeat n7_4h_e1: 3121s cycle=123
22:38:36 [S44-HARNESS] heartbeat n7_4h_e1: 3181s cycle=126
22:39:36 [S44-HARNESS] heartbeat n7_4h_e1: 3241s cycle=128
22:40:36 [S44-HARNESS] heartbeat n7_4h_e1: 3301s cycle=130
22:41:36 [S44-HARNESS] heartbeat n7_4h_e1: 3361s cycle=133
22:42:36 [S44-HARNESS] heartbeat n7_4h_e1: 3421s cycle=135
22:43:36 [S44-HARNESS] heartbeat n7_4h_e1: 3481s cycle=138
22:44:36 [S44-HARNESS] heartbeat n7_4h_e1: 3541s cycle=140
22:45:36 [S44-HARNESS] heartbeat n7_4h_e1: 3601s cycle=142
22:46:37 [S44-HARNESS] heartbeat n7_4h_e1: 3661s cycle=145
22:47:37 [S44-HARNESS] heartbeat n7_4h_e1: 3722s cycle=147
22:48:37 [S44-HARNESS] heartbeat n7_4h_e1: 3782s cycle=150
22:49:37 [S44-HARNESS] heartbeat n7_4h_e1: 3842s cycle=152
22:50:37 [S44-HARNESS] heartbeat n7_4h_e1: 3902s cycle=154
22:51:37 [S44-HARNESS] heartbeat n7_4h_e1: 3962s cycle=157
22:52:37 [S44-HARNESS] heartbeat n7_4h_e1: 4022s cycle=159
22:53:37 [S44-HARNESS] heartbeat n7_4h_e1: 4082s cycle=161
22:54:37 [S44-HARNESS] heartbeat n7_4h_e1: 4142s cycle=164
22:55:37 [S44-HARNESS] heartbeat n7_4h_e1: 4202s cycle=166
22:56:37 [S44-HARNESS] heartbeat n7_4h_e1: 4262s cycle=169
22:57:37 [S44-HARNESS] heartbeat n7_4h_e1: 4322s cycle=171
22:58:12 [S44-HARNESS] finished n7_4h_e1 pid=57110 exit=0 status=certified wall=4357s
22:58:13 [W101-RUN-n7_4h_e1] gates {'G1_harness_clean': True, 'G2_eval_key': True, 'G3_append_reconcile': True, 'G4_tail_state_check': True, 'G5_solve_profile_reconciled_per_event': True, 'G6_v37_optimal_and_four_metrics': True, 'G7_append_sealed': True, 'G8_persistence_as_recert': True, 'G9_ess_ageing_readback': True, 'G11_acceptance_cross_check': True, 'G13_holds_inert_through_N_and_held_after': True, 'G14_all_block_capture': True, 'G15_stopping_consistent': True, 'G16_lambda_sidecar_complete': True, 'G17_settling_replay_reproduces_in_cycle': True, 'G18_line_fields_i_every_cycle': True, 'G19_replay_bitwise_1_N_every_field': True, 'G20_production_counters_in_per_cycle_record': True}
22:58:13 [W101-RUN-n7_4h_e1] settling: status certified k* 172 branch oscillatory s 20806.323693990707 band_width 4351.407173395157 range/tau 0.9586564708360014
22:58:13 [W101] guards {'w101_checks': {'counts': {'permitted_solve': 0, 'permitted_exec': 0, 'blocked_solve': 0, 'blocked_exec': 0}, 'verify_0_failures': []}, 'w98_checks': {'counts': {'permitted_solve': 0, 'permitted_exec': 0, 'blocked_solve': 0, 'blocked_exec': 0}, 'verify_0_failures': []}, 'alpha_row_launcher': {'counts': {'permitted_solve': 0, 'permitted_exec': 0, 'blocked_solve': 0, 'blocked_exec': 0}, 'verify_0_failures': []}, 'w86_launcher': {'counts': {'permitted_solve': 0, 'permitted_exec': 0, 'blocked_solve': 0, 'blocked_exec': 0}, 'verify_0_failures': []}, 'w87': {'counts': {'permitted_solve': 0, 'permitted_exec': 0, 'blocked_solve': 0, 'blocked_exec': 0}, 'verify_0_failures': []}, 'w88': {'counts': {'permitted_solve': 0, 'permitted_exec': 0, 'blocked_solve': 0, 'blocked_exec': 0}, 'verify_0_failures': []}, 'w89_step1': {'counts': {'permitted_solve': 0, 'permitted_exec': 0, 'blocked_solve': 0, 'blocked_exec': 0}, 'verify_0_failures': []}, 'w89_3x3_launcher': {'counts': {'permitted_solve': 0, 'permitted_exec': 0, 'blocked_solve': 0, 'blocked_exec': 0}, 'verify_0_failures': []}, 'w90_3x3_parent': {'counts': {'permitted_solve': 0, 'permitted_exec': 0, 'blocked_solve': 0, 'blocked_exec': 0}, 'verify_0_failures': []}, 'w98_parent': {'counts': {'permitted_solve': 0, 'permitted_exec': 0, 'blocked_solve': 0, 'blocked_exec': 0}, 'verify_0_failures': []}, 'w101_parent': {'counts': {'permitted_solve': 0, 'permitted_exec': 0, 'blocked_solve': 0, 'blocked_exec': 0}, 'verify_0_failures': []}} wall=4384s
