[R0] provenance for P5.9-A rho sweep
    executable      : /Users/micaelsimoes/miniconda3/envs/opf_env_py311/bin/python
    CONDA_DEFAULT_ENV: None (from path: opf_env_py311)
    python 3.11.11  numpy 2.4.2  pandas 3.0.0  scipy 1.17.0  pyomo 6.9.5
    IPOPT           : 3.14.18 ASL(20241111) @ /usr/local/bin/ipopt (exists=True)
    HSL solver      : ma97
    gurobipy        : 13.0.1 available=True licence=ACADEMIC expires=2027-04-14
    checksum        : 5a02b77ccbbbbbb869de92958a3851d095624711abc2dbfc0157466064410358
    canonical match : True
    -> /Users/micaelsimoes/Projects/share-resource-planning-no_esso-degradation/data/SRP1/Results/P59/provenance.json
[P5.9-A] 11 cases, one generation each, from frozen T0

[P5.9-A] A0_inherited_rho  rho_v=1.5 rho_pf=2.25 rho_ess=1.0  (inherited from T0, untouched) ...
           status=POLISH_FAILURE  cycles=4  pre-polish=825814074.4930633  polished=None  failed_blocks=2
           primal ratios v/pf/ess = 0.003976177157417202/0.3257549982691099/0.00410155096008738  rho_final={'v': 1.5, 'pf': 2.25, 'ess': 1.0}
           GATE PASSED (delta +0.00 on 825814074.49)

[P5.9-A] A0b_paramfile_rho1  rho_v=1.0 rho_pf=1.0 rho_ess=1.0 ...
           status=POLISH_FAILURE  cycles=4  pre-polish=825639350.7098961  polished=None  failed_blocks=4
           primal ratios v/pf/ess = 0.005915060785931981/0.5495300676241057/0.004101831464182505  rho_final={'v': 1.0, 'pf': 2.25, 'ess': 1.0}
[P5.9-A] A1_rho_v_10  rho_v=10.0 rho_pf=2.25 rho_ess=1.0 ...
           status=POLISH_FAILURE  cycles=4  pre-polish=825816101.8483267  polished=None  failed_blocks=2
           primal ratios v/pf/ess = 0.001719688283154265/0.3257185323545606/0.004101349338461388  rho_final={'v': 10.0, 'pf': 2.25, 'ess': 1.0}
[P5.9-A] A1_rho_v_100  rho_v=100.0 rho_pf=2.25 rho_ess=1.0 ...
           status=POLISH_FAILURE  cycles=4  pre-polish=825817216.360362  polished=None  failed_blocks=2
           primal ratios v/pf/ess = 0.000300667258400516/0.32569983148887616/0.004101530738185102  rho_final={'v': 100.0, 'pf': 2.25, 'ess': 1.0}
[P5.9-A] A1_rho_v_1000  rho_v=1000.0 rho_pf=2.25 rho_ess=1.0 ...
           status=POLISH_FAILURE  cycles=4  pre-polish=825817402.0902045  polished=None  failed_blocks=2
           primal ratios v/pf/ess = 3.2353284957249684e-05/0.32569734989756505/0.004101530568568698  rho_final={'v': 1000.0, 'pf': 2.25, 'ess': 1.0}
[P5.9-A] A2_rho_pf_10  rho_v=1.5 rho_pf=10.0 rho_ess=1.0 ...
           status=POLISH_FAILURE  cycles=3  pre-polish=827324640.7208033  polished=None  failed_blocks=4
           primal ratios v/pf/ess = 0.0025932282957014186/0.1858197851357275/0.005710114464991395  rho_final={'v': 1.5, 'pf': 10.0, 'ess': 1.0}
[P5.9-A] A2_rho_pf_100  rho_v=1.5 rho_pf=100.0 rho_ess=1.0 ...
           status=POLISH_FAILURE  cycles=3  pre-polish=827511520.8742793  polished=None  failed_blocks=3
           primal ratios v/pf/ess = 0.003401888802085048/0.09359892728641482/0.005703007539733726  rho_final={'v': 1.5, 'pf': 44.444444444444436, 'ess': 1.0}
[P5.9-A] A2_rho_pf_1000  rho_v=1.5 rho_pf=1000.0 rho_ess=1.0 ...
           status=VALID  cycles=6  pre-polish=827845392.2019303  polished=828298310.2179484  failed_blocks=0
           primal ratios v/pf/ess = 0.0042379084070456674/0.03836527103303311/0.0012053384552583937  rho_final={'v': 1.5, 'pf': 131.68724279835388, 'ess': 1.0}
[P5.9-A] A3_rho_v_pf_10  rho_v=10.0 rho_pf=10.0 rho_ess=1.0 ...
           status=POLISH_FAILURE  cycles=3  pre-polish=827325867.2804228  polished=None  failed_blocks=4
           primal ratios v/pf/ess = 0.000568394475884407/0.18580129865124206/0.005710180439925938  rho_final={'v': 10.0, 'pf': 10.0, 'ess': 1.0}
[P5.9-A] A3_rho_v_pf_100  rho_v=100.0 rho_pf=100.0 rho_ess=1.0 ...
           status=POLISH_FAILURE  cycles=3  pre-polish=827512971.7885045  polished=None  failed_blocks=4
           primal ratios v/pf/ess = 0.00011443632920549979/0.09360275178083377/0.005703013027357623  rho_final={'v': 100.0, 'pf': 44.444444444444436, 'ess': 1.0}
[P5.9-A] A3_rho_v_pf_1000  rho_v=1000.0 rho_pf=1000.0 rho_ess=1.0 ...
           status=VALID  cycles=6  pre-polish=827848116.0651071  polished=828301051.3279725  failed_blocks=0
           primal ratios v/pf/ess = 1.137636377938759e-05/0.038372614868670496/0.001205337755932727  rho_final={'v': 1000.0, 'pf': 131.68724279835388, 'ess': 1.0}

[P5.9-A] summary
      case                    cyc         pre-polish           polished  fail  pf_ratio
      A0_inherited_rho          4       825814074.49                nan     2    0.3258
      A0b_paramfile_rho1        4       825639350.71                nan     4    0.5495
      A1_rho_v_10               4       825816101.85                nan     2    0.3257
      A1_rho_v_100              4       825817216.36                nan     2    0.3257
      A1_rho_v_1000             4       825817402.09                nan     2    0.3257
      A2_rho_pf_10              3       827324640.72                nan     4    0.1858
      A2_rho_pf_100             3       827511520.87                nan     3    0.0936
      A2_rho_pf_1000            6       827845392.20       828298310.22     0    0.0384
      A3_rho_v_pf_10            3       827325867.28                nan     4    0.1858
      A3_rho_v_pf_100           3       827512971.79                nan     4    0.0936
      A3_rho_v_pf_1000          6       827848116.07       828301051.33     0    0.0384

[P5.9-A] best: A2_rho_pf_1000  (zero failed polish blocks; lowest polished total objective)
[P5.9-A] report -> /Users/micaelsimoes/Projects/share-resource-planning-no_esso-degradation/data/SRP1/Results/P59/p59_a_sweep.json
