[R0] provenance for P5.9-B adaptive penalty audit
    executable      : /Users/micaelsimoes/miniconda3/envs/opf_env_py311/bin/python
    CONDA_DEFAULT_ENV: None (from path: opf_env_py311)
    python 3.11.11  numpy 2.4.2  pandas 3.0.0  scipy 1.17.0  pyomo 6.9.5
    IPOPT           : 3.14.18 ASL(20241111) @ /usr/local/bin/ipopt (exists=True)
    HSL solver      : ma97
    gurobipy        : 13.0.1 available=True licence=ACADEMIC expires=2027-04-14
    checksum        : 5a02b77ccbbbbbb869de92958a3851d095624711abc2dbfc0157466064410358
    canonical match : True
    -> /Users/micaelsimoes/Projects/share-resource-planning-no_esso-degradation/data/SRP1/Results/P59/provenance.json
[P5.9-B] best A configuration: A2_rho_pf_1000  rho={'v': 1.5, 'pf': 1000.0}

[P5.9-B] arm 1: adaptive_penalty = True (production)
      gen 1: VALID            cycles=6 pre-polish=827845392.2019303 Q=828298310.2179484 fail=0 rho_final={'v': 1.5, 'pf': 131.68724279835388, 'ess': 1.0}
      gen 2: VALID            cycles=1 pre-polish=827752586.9864466 Q=829004868.4196392 fail=0 rho_final={'v': 1.5, 'pf': 131.68724279835388, 'ess': 1.0}
      gen 3: VALID            cycles=1 pre-polish=827705119.9289944 Q=827952825.6268431 fail=0 rho_final={'v': 1.5, 'pf': 131.68724279835388, 'ess': 1.0}
      gen 4: VALID            cycles=1 pre-polish=827674698.7150891 Q=827844231.9061286 fail=0 rho_final={'v': 1.5, 'pf': 131.68724279835388, 'ess': 1.0}

[P5.9-B] arm 2: adaptive_penalty = False (rho pinned)
      gen 1: VALID            cycles=16 pre-polish=827960806.3364494 Q=828011656.1647184 fail=0 rho_final={'v': 1.5, 'pf': 1000.0, 'ess': 1.0}
      gen 2: VALID            cycles=1 pre-polish=827939652.204747 Q=827990347.15033 fail=0 rho_final={'v': 1.5, 'pf': 1000.0, 'ess': 1.0}
      gen 3: VALID            cycles=1 pre-polish=827919590.9385157 Q=827970161.1575574 fail=0 rho_final={'v': 1.5, 'pf': 1000.0, 'ess': 1.0}
      gen 4: VALID            cycles=1 pre-polish=827900565.6486554 Q=827953362.6859834 fail=0 rho_final={'v': 1.5, 'pf': 1000.0, 'ess': 1.0}

[P5.9-B] comparison
      objective_last_on                827844231.9061286
      objective_last_off               827953362.6859834
      adaptation_worth                 -109130.77985477448
      polish_failures_on               0
      polish_failures_off              0
      rho_moved_under_adaptation       True
      rho_first_on                     (1.5, 1000.0)
      rho_last_on                      (1.5, 131.6872427983538)

[P5.9-B] report -> /Users/micaelsimoes/Projects/share-resource-planning-no_esso-degradation/data/SRP1/Results/P59/p59_b_adaptive.json
