[R0] provenance for P5.9-E2 flexibility
    executable      : /Users/micaelsimoes/miniconda3/envs/opf_env_py311/bin/python
    CONDA_DEFAULT_ENV: None (from path: opf_env_py311)
    python 3.11.11  numpy 2.4.2  pandas 3.0.0  scipy 1.17.0  pyomo 6.9.5
    IPOPT           : 3.14.18 ASL(20241111) @ /usr/local/bin/ipopt (exists=True)
    HSL solver      : ma97
    gurobipy        : 13.0.1 available=True licence=ACADEMIC expires=2027-04-14
    checksum        : 5a02b77ccbbbbbb869de92958a3851d095624711abc2dbfc0157466064410358
    canonical match : True
    -> /Users/micaelsimoes/Projects/share-resource-planning-no_esso-degradation/data/SRP1/Results/P59/provenance.json
[P5.9-E2] CURRENT formulation
      gen 1: VALID            flex=196210984.28188613 gen_cost=631726248.2631868
      gen 2: VALID            flex=196453397.34789205 gen_cost=630881129.0493585
      gen 3: VALID            flex=196793818.29431117 gen_cost=629951870.309905
      gen 4: VALID            flex=197076874.8051158 gen_cost=629252007.9436954
[P5.9-E2] RESCALED + rho_pf=1000
      gen 1: VALID            flex=197509627.87552306 gen_cost=630589620.7609782
      gen 2: VALID            flex=197704120.3774594 gen_cost=630259083.0075829
      gen 3: VALID            flex=197793061.71214435 gen_cost=630049840.0721377
      gen 4: VALID            flex=197808280.8395735 gen_cost=629898243.544641

[P5.9-E2] flexibility and generation cost over 4 generations
      CURRENT   flexibility        196210984.28 ->       197076874.81   (     +865890.52)
      CURRENT   generation         631726248.26 ->       629252007.94   (    -2474240.32)
      RESCALED  flexibility        197509627.88 ->       197808280.84   (     +298652.96)
      RESCALED  generation         630589620.76 ->       629898243.54   (     -691377.22)

[P5.9-E2] report -> /Users/micaelsimoes/Projects/share-resource-planning-no_esso-degradation/data/SRP1/Results/P59/p59_e2_flexibility.json
