13:57:37 [W83-checks] P5.15 Addendum 46 ruling 7, W83 -- convergence-depth tight tail: compl_inf_tol 1e-6 on every TSO/DSO network solve in the certifying cycles, switched by the AA-off predicate; per-solve floor status
13:57:37 [W83-checks] git HEAD b2fb94ca72d06d9586fcfa5cdab21bbb767764a4; guard armed permitted=() (zero solves)
13:57:37 [W83-checks] (a) the switch reads the AA-off predicate
13:57:37 [W83-checks]     holds True; static 11/11; predicate true on 10 committed C* cycles
13:57:37 [W83-checks] (b)/(c) holders, retry tiers, ESSO, restore -- on the SRP1 planning object (read only, no build, no solve)
13:57:48 [W83-checks]     b True  c True  restore True  retry True  esso True  pw refused True
13:57:49 [W83-checks] production capture path: True (9/9)
13:57:49 [W83-checks] parser validation vs W82 (reads ~4 GB of committed logs)
13:57:56 [W83-checks]     352 blocks, mismatches 0, known figures {'x0_a0p50_tso_above_is_15_of_20': True, 'every_other_terminal_solve_at_floor_337_of_352': True, '2x2_145_of_160_at_floor': True, 'phase_a_144_of_144': True, 's47_recert_48_of_48': True}
13:57:56 [W83-checks]    a_switch_reads_the_aa_off_predicate: True
13:57:56 [W83-checks]    b_false_leaves_options_untouched: True
13:57:56 [W83-checks]    c_true_sets_1e-6_on_every_network_holder: True
13:57:56 [W83-checks]    restore_is_exact: True
13:57:56 [W83-checks]    retry_tiers_inherit_the_tail: True
13:57:56 [W83-checks]    esso_untouched: True
13:57:56 [W83-checks]    persistent_workers_refused: True
13:57:56 [W83-checks]    predicate_not_permanently_false: True
13:57:56 [W83-checks]    production_capture_path_present: True
13:57:56 [W83-checks]    parser_reproduces_w82_exactly: True
13:57:56 [W83-checks] ALL_HOLD=True
13:57:56 [W83-checks] GUARD {'permitted_solve': 0, 'permitted_exec': 0, 'blocked_solve': 0, 'blocked_exec': 0}; verify(0) -> []
