[INFO] Running OPERATIONAL PLANNING (DISTRIBUTED)...
[INFO]	 - Initializing...
[INFO] 		 - Distribution Network node 5...
[INFO] 			 - Running SMOPF, Network case33_1, 2025, Spring...
[INFO] 			 - Running SMOPF, Network case33_1, 2025, Summer...
[INFO] 			 - Running SMOPF, Network case33_1, 2025, Autumn...
[INFO] 			 - Running SMOPF, Network case33_1, 2025, Winter...
[INFO] 			 - Running SMOPF, Network case33_1, 2028, Spring...
[INFO] 			 - Running SMOPF, Network case33_1, 2028, Summer...
[INFO] 			 - Running SMOPF, Network case33_1, 2028, Autumn...
[INFO] 			 - Running SMOPF, Network case33_1, 2028, Winter...
[INFO] 			 - Running SMOPF, Network case33_1, 2031, Spring...
[INFO] 			 - Running SMOPF, Network case33_1, 2031, Summer...
[INFO] 			 - Running SMOPF, Network case33_1, 2031, Autumn...
[INFO] 			 - Running SMOPF, Network case33_1, 2031, Winter...
[INFO] 			 - Running SMOPF, Network case33_1, 2034, Spring...
[INFO] 			 - Running SMOPF, Network case33_1, 2034, Summer...
[INFO] 			 - Running SMOPF, Network case33_1, 2034, Autumn...
[INFO] 			 - Running SMOPF, Network case33_1, 2034, Winter...
[INFO] 			 - Running SMOPF, Network case33_1, 2037, Spring...
[INFO] 			 - Running SMOPF, Network case33_1, 2037, Summer...
[INFO] 			 - Running SMOPF, Network case33_1, 2037, Autumn...
[INFO] 			 - Running SMOPF, Network case33_1, 2037, Winter...
[INFO] 		 - Distribution Network node 7...
[INFO] 			 - Running SMOPF, Network case33_2, 2025, Spring...
[INFO] 			 - Running SMOPF, Network case33_2, 2025, Summer...
[INFO] 			 - Running SMOPF, Network case33_2, 2025, Autumn...
[INFO] 			 - Running SMOPF, Network case33_2, 2025, Winter...
[INFO] 			 - Running SMOPF, Network case33_2, 2028, Spring...
[INFO] 			 - Running SMOPF, Network case33_2, 2028, Summer...
[INFO] 			 - Running SMOPF, Network case33_2, 2028, Autumn...
[INFO] 			 - Running SMOPF, Network case33_2, 2028, Winter...
[INFO] 			 - Running SMOPF, Network case33_2, 2031, Spring...
[INFO] 			 - Running SMOPF, Network case33_2, 2031, Summer...
[INFO] 			 - Running SMOPF, Network case33_2, 2031, Autumn...
[INFO] 			 - Running SMOPF, Network case33_2, 2031, Winter...
[INFO] 			 - Running SMOPF, Network case33_2, 2034, Spring...
[INFO] 			 - Running SMOPF, Network case33_2, 2034, Summer...
[INFO] 			 - Running SMOPF, Network case33_2, 2034, Autumn...
[INFO] 			 - Running SMOPF, Network case33_2, 2034, Winter...
[INFO] 			 - Running SMOPF, Network case33_2, 2037, Spring...
[INFO] 			 - Running SMOPF, Network case33_2, 2037, Summer...
[INFO] 			 - Running SMOPF, Network case33_2, 2037, Autumn...
[INFO] 			 - Running SMOPF, Network case33_2, 2037, Winter...
[INFO] 		 - Distribution Network node 9...
[INFO] 			 - Running SMOPF, Network case33_3, 2025, Spring...
[INFO] 			 - Running SMOPF, Network case33_3, 2025, Summer...
[INFO] 			 - Running SMOPF, Network case33_3, 2025, Autumn...
[INFO] 			 - Running SMOPF, Network case33_3, 2025, Winter...
[INFO] 			 - Running SMOPF, Network case33_3, 2028, Spring...
[INFO] 			 - Running SMOPF, Network case33_3, 2028, Summer...
[INFO] 			 - Running SMOPF, Network case33_3, 2028, Autumn...
[INFO] 			 - Running SMOPF, Network case33_3, 2028, Winter...
[INFO] 			 - Running SMOPF, Network case33_3, 2031, Spring...
[INFO] 			 - Running SMOPF, Network case33_3, 2031, Summer...
[INFO] 			 - Running SMOPF, Network case33_3, 2031, Autumn...
[INFO] 			 - Running SMOPF, Network case33_3, 2031, Winter...
[INFO] 			 - Running SMOPF, Network case33_3, 2034, Spring...
[INFO] 			 - Running SMOPF, Network case33_3, 2034, Summer...
[INFO] 			 - Running SMOPF, Network case33_3, 2034, Autumn...
[INFO] 			 - Running SMOPF, Network case33_3, 2034, Winter...
[INFO] 			 - Running SMOPF, Network case33_3, 2037, Spring...
[INFO] 			 - Running SMOPF, Network case33_3, 2037, Summer...
[INFO] 			 - Running SMOPF, Network case33_3, 2037, Autumn...
[INFO] 			 - Running SMOPF, Network case33_3, 2037, Winter...
[INFO] 		 - Transmission Network...
[INFO] 			 - Running SMOPF, Network case9, 2025, Spring...
[INFO] 			 - Running SMOPF, Network case9, 2025, Summer...
[INFO] 			 - Running SMOPF, Network case9, 2025, Autumn...
[INFO] 			 - Running SMOPF, Network case9, 2025, Winter...
[INFO] 			 - Running SMOPF, Network case9, 2028, Spring...
[INFO] 			 - Running SMOPF, Network case9, 2028, Summer...
[INFO] 			 - Running SMOPF, Network case9, 2028, Autumn...
[INFO] 			 - Running SMOPF, Network case9, 2028, Winter...
[INFO] 			 - Running SMOPF, Network case9, 2031, Spring...
[INFO] 			 - Running SMOPF, Network case9, 2031, Summer...
[INFO] 			 - Running SMOPF, Network case9, 2031, Autumn...
[INFO] 			 - Running SMOPF, Network case9, 2031, Winter...
[INFO] 			 - Running SMOPF, Network case9, 2034, Spring...
[INFO] 			 - Running SMOPF, Network case9, 2034, Summer...
[INFO] 			 - Running SMOPF, Network case9, 2034, Autumn...
