16:34:09 [W86-RECERT] memory preflight: available (memsize - wired - anonymous - compressor) = 18.16 GiB; free+inactive = 13.52 GiB (recorded only); required 10.50 GiB (hw.memsize - (wired + anonymous + compressor-occupied) x page size >= 3 x 3.5 GiB) -> PASS
16:34:09 [W86-RECERT] PRE-LAUNCH ASSERTION: holds=True c_star 96c5aa50cc229cc14f8bfd34de306b7cc79caf77ac28a09e0046ad3978c49772; n7_4h_e1 ca8927e75d628bd188cf74f9d81436cbb3e0be53f64e02d9876ebb271a21951d; x0 5cfe69a615ae370835a5896eaa6899f1d9973b7adf649437c2ddd94d1d2836ee
16:34:09 [W86-RECERT] P5.15 Addendum 46 ruling 7, W86 -- tight-tail SRP1 re-certification (C*, n7_4h_e1, x = 0) through the campaign harness, tail declared {enabled True, compl_inf_tol 1e-6}; spec data/SRP1/Results/P515S53/tight_tail_w86/campaign_s53_w86_tail_recert/campaign_spec_s53_w86_tail_recert_ddd6cd44.json ddd6cd4422b56f946eeeb427dff44ef572490bd34c606fad96eaf00fd4a84ec1; v29 9161ff00273e2e1907aa75121ac7454d9f33ec39f91c82f93513efae78dfcb98
16:34:09 [W86-RECERT] campaign lock acquired: {'pid': 35414, 'campaign_id': 's53_w86_tail_recert', 'campaign_spec_sha256': 'ddd6cd4422b56f946eeeb427dff44ef572490bd34c606fad96eaf00fd4a84ec1', 'started_utc': '2026-09-25T16:34:09.419392+00:00'}; one batch ['c_star', 'n7_4h_e1', 'x0'] at concurrency 3
16:34:09 [S44-HARNESS] launched c_star (key 578636daa6d6360d) pid=35451
16:34:09 [S44-HARNESS] launched n7_4h_e1 (key db77e1549af855bc) pid=35452
16:34:09 [S44-HARNESS] launched x0 (key 8435c71859ddde68) pid=35453
16:34:09 [S44-HARNESS] heartbeat c_star: 0s cycle=None; n7_4h_e1: 0s cycle=None; x0: 0s cycle=None
16:35:09 [S44-HARNESS] heartbeat c_star: 60s cycle=None; n7_4h_e1: 60s cycle=None; x0: 60s cycle=None
16:36:09 [S44-HARNESS] heartbeat c_star: 120s cycle=2; n7_4h_e1: 120s cycle=2; x0: 120s cycle=2
16:37:09 [S44-HARNESS] heartbeat c_star: 180s cycle=3; n7_4h_e1: 180s cycle=4; x0: 180s cycle=5
16:38:09 [S44-HARNESS] heartbeat c_star: 240s cycle=5; n7_4h_e1: 240s cycle=6; x0: 240s cycle=7
16:39:09 [S44-HARNESS] heartbeat c_star: 300s cycle=7; n7_4h_e1: 300s cycle=8; x0: 300s cycle=9
16:40:09 [S44-HARNESS] heartbeat c_star: 360s cycle=8; n7_4h_e1: 360s cycle=10; x0: 360s cycle=11
16:41:09 [S44-HARNESS] heartbeat c_star: 420s cycle=10; n7_4h_e1: 420s cycle=12; x0: 420s cycle=14
16:42:09 [S44-HARNESS] heartbeat c_star: 480s cycle=11; n7_4h_e1: 480s cycle=14; x0: 480s cycle=16
16:43:10 [S44-HARNESS] heartbeat c_star: 541s cycle=13; n7_4h_e1: 541s cycle=16; x0: 541s cycle=18
16:44:10 [S44-HARNESS] heartbeat c_star: 601s cycle=14; n7_4h_e1: 601s cycle=18; x0: 601s cycle=20
16:45:10 [S44-HARNESS] heartbeat c_star: 661s cycle=16; n7_4h_e1: 661s cycle=20; x0: 661s cycle=23
16:46:10 [S44-HARNESS] heartbeat c_star: 721s cycle=17; n7_4h_e1: 721s cycle=22; x0: 721s cycle=25
16:47:10 [S44-HARNESS] heartbeat c_star: 781s cycle=19; n7_4h_e1: 781s cycle=24; x0: 781s cycle=27
16:48:10 [S44-HARNESS] heartbeat c_star: 841s cycle=21; n7_4h_e1: 841s cycle=26; x0: 841s cycle=30
16:49:10 [S44-HARNESS] heartbeat c_star: 901s cycle=22; n7_4h_e1: 901s cycle=28; x0: 901s cycle=32
16:50:10 [S44-HARNESS] heartbeat c_star: 961s cycle=24; n7_4h_e1: 961s cycle=30; x0: 961s cycle=34
16:51:10 [S44-HARNESS] heartbeat c_star: 1021s cycle=25; n7_4h_e1: 1021s cycle=32; x0: 1021s cycle=36
16:52:10 [S44-HARNESS] heartbeat c_star: 1081s cycle=27; n7_4h_e1: 1081s cycle=34; x0: 1081s cycle=39
16:53:10 [S44-HARNESS] heartbeat c_star: 1142s cycle=29; n7_4h_e1: 1142s cycle=37; x0: 1142s cycle=41
16:54:11 [S44-HARNESS] heartbeat c_star: 1202s cycle=31; n7_4h_e1: 1202s cycle=39; x0: 1202s cycle=43
16:55:11 [S44-HARNESS] heartbeat c_star: 1262s cycle=33; n7_4h_e1: 1262s cycle=41; x0: 1262s cycle=45
16:56:11 [S44-HARNESS] heartbeat c_star: 1322s cycle=34; n7_4h_e1: 1322s cycle=43; x0: 1322s cycle=48
16:57:11 [S44-HARNESS] heartbeat c_star: 1382s cycle=37; n7_4h_e1: 1382s cycle=45; x0: 1382s cycle=50
16:58:11 [S44-HARNESS] heartbeat c_star: 1442s cycle=38; n7_4h_e1: 1442s cycle=47; x0: 1442s cycle=52
16:59:11 [S44-HARNESS] heartbeat c_star: 1502s cycle=40; n7_4h_e1: 1502s cycle=49; x0: 1502s cycle=54
17:00:11 [S44-HARNESS] heartbeat c_star: 1562s cycle=42; n7_4h_e1: 1562s cycle=51; x0: 1562s cycle=57
17:01:11 [S44-HARNESS] heartbeat c_star: 1622s cycle=44; n7_4h_e1: 1622s cycle=53; x0: 1622s cycle=59
17:02:11 [S44-HARNESS] heartbeat c_star: 1682s cycle=46; n7_4h_e1: 1682s cycle=55; x0: 1682s cycle=61
17:03:11 [S44-HARNESS] heartbeat c_star: 1743s cycle=48; n7_4h_e1: 1743s cycle=57; x0: 1743s cycle=64
17:04:12 [S44-HARNESS] heartbeat c_star: 1803s cycle=50; n7_4h_e1: 1803s cycle=59; x0: 1803s cycle=66
17:05:12 [S44-HARNESS] heartbeat c_star: 1863s cycle=52; n7_4h_e1: 1863s cycle=62; x0: 1863s cycle=68
17:06:12 [S44-HARNESS] heartbeat c_star: 1923s cycle=54; n7_4h_e1: 1923s cycle=64; x0: 1923s cycle=70
17:07:12 [S44-HARNESS] heartbeat c_star: 1983s cycle=56; n7_4h_e1: 1983s cycle=66; x0: 1983s cycle=73
17:08:12 [S44-HARNESS] heartbeat c_star: 2043s cycle=58; n7_4h_e1: 2043s cycle=68; x0: 2043s cycle=75
17:09:12 [S44-HARNESS] heartbeat c_star: 2103s cycle=60; n7_4h_e1: 2103s cycle=70; x0: 2103s cycle=77
17:10:12 [S44-HARNESS] heartbeat c_star: 2163s cycle=61; n7_4h_e1: 2163s cycle=72; x0: 2163s cycle=79
17:11:12 [S44-HARNESS] heartbeat c_star: 2223s cycle=63; n7_4h_e1: 2223s cycle=74; x0: 2223s cycle=82
17:12:12 [S44-HARNESS] heartbeat c_star: 2283s cycle=65; n7_4h_e1: 2283s cycle=76; x0: 2283s cycle=84
17:13:12 [S44-HARNESS] heartbeat c_star: 2343s cycle=67; n7_4h_e1: 2343s cycle=78; x0: 2343s cycle=86
17:14:12 [S44-HARNESS] heartbeat c_star: 2403s cycle=69; n7_4h_e1: 2403s cycle=80; x0: 2403s cycle=88
17:15:12 [S44-HARNESS] heartbeat c_star: 2463s cycle=71; n7_4h_e1: 2463s cycle=82; x0: 2463s cycle=91
17:16:12 [S44-HARNESS] heartbeat c_star: 2523s cycle=73; n7_4h_e1: 2523s cycle=84; x0: 2523s cycle=93
17:17:12 [S44-HARNESS] heartbeat c_star: 2583s cycle=75; n7_4h_e1: 2583s cycle=87; x0: 2583s cycle=95
17:18:12 [S44-HARNESS] heartbeat c_star: 2643s cycle=77; n7_4h_e1: 2643s cycle=89; x0: 2643s cycle=97
17:19:12 [S44-HARNESS] heartbeat c_star: 2703s cycle=79; n7_4h_e1: 2703s cycle=91; x0: 2703s cycle=100
17:20:12 [S44-HARNESS] heartbeat c_star: 2763s cycle=81; n7_4h_e1: 2763s cycle=93; x0: 2763s cycle=102
17:21:12 [S44-HARNESS] heartbeat c_star: 2824s cycle=83; n7_4h_e1: 2824s cycle=95; x0: 2824s cycle=104
17:22:13 [S44-HARNESS] heartbeat c_star: 2884s cycle=85; n7_4h_e1: 2884s cycle=97; x0: 2884s cycle=107
17:23:13 [S44-HARNESS] heartbeat c_star: 2944s cycle=87; n7_4h_e1: 2944s cycle=99; x0: 2944s cycle=109
17:23:33 [S44-HARNESS] finished c_star pid=35451 exit=0 status=certified wall=2964s
17:24:13 [S44-HARNESS] heartbeat n7_4h_e1: 3004s cycle=101; x0: 3004s cycle=111
17:25:13 [S44-HARNESS] heartbeat n7_4h_e1: 3064s cycle=103; x0: 3064s cycle=114
17:26:13 [S44-HARNESS] heartbeat n7_4h_e1: 3124s cycle=106; x0: 3124s cycle=116
17:27:13 [S44-HARNESS] heartbeat n7_4h_e1: 3184s cycle=108; x0: 3184s cycle=118
17:28:13 [S44-HARNESS] heartbeat n7_4h_e1: 3244s cycle=110; x0: 3244s cycle=121
17:29:13 [S44-HARNESS] heartbeat n7_4h_e1: 3304s cycle=112; x0: 3304s cycle=123
17:29:23 [S44-HARNESS] finished n7_4h_e1 pid=35452 exit=0 status=certified wall=3314s
17:30:13 [S44-HARNESS] heartbeat x0: 3364s cycle=125
17:31:13 [S44-HARNESS] heartbeat x0: 3424s cycle=128
17:32:13 [S44-HARNESS] heartbeat x0: 3484s cycle=130
17:33:08 [S44-HARNESS] finished x0 pid=35453 exit=0 status=certified wall=3539s
17:33:08 [W86-RECERT] campaign lock released
17:33:10 [W86-RECERT] c_star: status certified cert 87 gates False {'objective_convention': 'gross_operational_cost (settlement excluded)', 'Q_tail': 650911546.2054665, 'Q_ref': 650912327.1956586, 'dQ': -780.9901920557022, 'dQ_relative': -1.1998393015853015e-06, 'bar_tail': 25146.48616361618, 'bar_ref': 25146.48616361618, 'cert_cycle_tail': 87, 'cert_cycle_ref': 87, 'terminal_step_tail': 1821.9995613098145, 'terminal_step_ref': 1753.6139293909073, 'terminal_step_over_threshold_tail': 0.027991429432985805, 'terminal_step_over_threshold_ref': 0.026940789592534445, 'terminal_step_error_bar': 3575.6134907007217, 'terminal_step_resolution': 0.21842131261862133, 'two_run_bar_resolution': 0.015528813587993405, 'own_bar_ratio': 0.03105762717598681, 'author_band_ratio': 1.1998393015853015, 'determinate_beyond_stopping_slack': False} fallback {'fails_to_certify': True, 'moves_materially': False}
17:33:10 [W86-RECERT] n7_4h_e1: status certified cert 112 gates True {'objective_convention': 'gross_operational_cost (settlement excluded)', 'Q_tail': 653599356.2420883, 'Q_ref': 653600033.4601703, 'dQ': -677.2180819511414, 'dQ_relative': -1.0361353232586858e-06, 'bar_tail': 25104.654562950134, 'bar_ref': 25104.654562950134, 'cert_cycle_tail': 112, 'cert_cycle_ref': 112, 'terminal_step_tail': 3640.0076142549515, 'terminal_step_ref': 3702.76228928566, 'terminal_step_over_threshold_tail': 0.05569172581783755, 'terminal_step_over_threshold_ref': 0.05665180691137927, 'terminal_step_error_bar': 7342.769903540611, 'terminal_step_resolution': 0.09222923921728686, 'two_run_bar_resolution': 0.01348789883272465, 'own_bar_ratio': 0.0269757976654493, 'author_band_ratio': 1.0361353232586858, 'determinate_beyond_stopping_slack': False} fallback {'fails_to_certify': False, 'moves_materially': False}
17:33:10 [W86-RECERT] x0: status certified cert 132 gates True {'objective_convention': 'gross_operational_cost (settlement excluded)', 'Q_tail': 653858731.5686293, 'Q_ref': 653859461.2279255, 'dQ': -729.6592962741852, 'dQ_relative': -1.1159268000862299e-06, 'bar_tail': 9629.97833788395, 'bar_ref': 9629.97833788395, 'cert_cycle_tail': 132, 'cert_cycle_ref': 132, 'terminal_step_tail': 154.38900637626648, 'terminal_step_ref': 219.8718364238739, 'terminal_step_over_threshold_tail': 0.002361198205702354, 'terminal_step_over_threshold_ref': 0.003362677294765486, 'terminal_step_error_bar': 374.2608428001404, 'terminal_step_resolution': 1.9496009542837258, 'two_run_bar_resolution': 0.03788478388387099, 'own_bar_ratio': 0.07576956776774198, 'author_band_ratio': 1.11592680008623, 'determinate_beyond_stopping_slack': True} fallback {'fails_to_certify': False, 'moves_materially': False}
17:33:10 [W86-RECERT] all gates False; fallback True ['c_star']; R {'R_tail': 259375.32654094696, 'R_ref': 259427.76775527, 'dR': -52.44121432304382}
