02:26:28 [W142-RUN-h_74eda68d] memory preflight: available 20.78253173828125 GiB required 3.50 GiB -> PASS
02:26:28 [W142-RUN-h_74eda68d] P5.15 Addendum 61, W142 -- v6 re-settling campaign (34 cells: the eight remaining break-even-fit D cells, claim groups 2 and 4) under the current production configuration: gated cells replayed bitwise against their original record through the first residual pass k0 (abort on the first divergence), the G cells as first C2 evaluations; the certifying regime held after the run's first residual pass (AA off, tight tail on, rho frozen); settling rule v6 (v5 -- reading gamma, window (a), certification vetoed while a NON-CLEAN cycle lies in the last W cycles the test reads, clean within 10x the tail tolerances -- with the swing noise floor tau/10: swings below it excluded from the "not growing" comparison, and a sign change closing a swing below it registering no turning point; gap clause; amended monotone branch) until it certifies or the cap; W105 captures, per-cycle t_sum and Q_cc, the IPOPT exit, final attempt tier and final metrics of every block of every cycle; cell h_74eda68d (#12) eval_key dca08628128736042fb1d1fa1a933b0b93f6d4cfea9ef8b4279e3c45d5a6139a; cap 232; lock {'pid': 18904, 'campaign_id': 's53_w142_resettle_v6_h_74eda68d', 'campaign_spec_sha256': '63ca1061295f572e7bece04dfb4eb5891ce2aa05dcde6990d7c9916297d0162d', 'started_utc': '2026-10-02T02:26:28.380180+00:00'}
02:26:28 [S44-HARNESS] launched h_74eda68d (key db77e1549af855bc) pid=19416
02:26:28 [S44-HARNESS] heartbeat h_74eda68d: 0s cycle=None
02:27:28 [S44-HARNESS] heartbeat h_74eda68d: 60s cycle=None
02:28:28 [S44-HARNESS] heartbeat h_74eda68d: 120s cycle=2
02:29:28 [S44-HARNESS] heartbeat h_74eda68d: 180s cycle=4
02:30:28 [S44-HARNESS] heartbeat h_74eda68d: 240s cycle=7
02:31:28 [S44-HARNESS] heartbeat h_74eda68d: 300s cycle=9
02:32:28 [S44-HARNESS] heartbeat h_74eda68d: 360s cycle=11
02:33:28 [S44-HARNESS] heartbeat h_74eda68d: 420s cycle=13
02:34:28 [S44-HARNESS] heartbeat h_74eda68d: 480s cycle=16
02:35:28 [S44-HARNESS] heartbeat h_74eda68d: 540s cycle=18
02:36:28 [S44-HARNESS] heartbeat h_74eda68d: 600s cycle=21
02:37:28 [S44-HARNESS] heartbeat h_74eda68d: 660s cycle=23
02:38:28 [S44-HARNESS] heartbeat h_74eda68d: 720s cycle=25
02:39:28 [S44-HARNESS] heartbeat h_74eda68d: 780s cycle=28
02:40:28 [S44-HARNESS] heartbeat h_74eda68d: 840s cycle=30
02:41:28 [S44-HARNESS] heartbeat h_74eda68d: 900s cycle=33
02:42:28 [S44-HARNESS] heartbeat h_74eda68d: 960s cycle=35
02:43:28 [S44-HARNESS] heartbeat h_74eda68d: 1020s cycle=37
02:44:28 [S44-HARNESS] heartbeat h_74eda68d: 1080s cycle=40
02:45:28 [S44-HARNESS] heartbeat h_74eda68d: 1140s cycle=42
02:46:28 [S44-HARNESS] heartbeat h_74eda68d: 1200s cycle=45
02:47:28 [S44-HARNESS] heartbeat h_74eda68d: 1261s cycle=47
02:48:28 [S44-HARNESS] heartbeat h_74eda68d: 1321s cycle=49
02:49:28 [S44-HARNESS] heartbeat h_74eda68d: 1381s cycle=52
02:50:28 [S44-HARNESS] heartbeat h_74eda68d: 1441s cycle=54
02:51:29 [S44-HARNESS] heartbeat h_74eda68d: 1501s cycle=57
02:52:29 [S44-HARNESS] heartbeat h_74eda68d: 1561s cycle=59
02:53:29 [S44-HARNESS] heartbeat h_74eda68d: 1621s cycle=62
02:54:29 [S44-HARNESS] heartbeat h_74eda68d: 1681s cycle=64
02:55:29 [S44-HARNESS] heartbeat h_74eda68d: 1741s cycle=67
02:56:29 [S44-HARNESS] heartbeat h_74eda68d: 1801s cycle=69
02:57:29 [S44-HARNESS] heartbeat h_74eda68d: 1861s cycle=72
02:58:29 [S44-HARNESS] heartbeat h_74eda68d: 1921s cycle=74
02:59:29 [S44-HARNESS] heartbeat h_74eda68d: 1981s cycle=76
03:00:29 [S44-HARNESS] heartbeat h_74eda68d: 2041s cycle=79
03:01:29 [S44-HARNESS] heartbeat h_74eda68d: 2101s cycle=81
03:02:29 [S44-HARNESS] heartbeat h_74eda68d: 2161s cycle=84
03:03:29 [S44-HARNESS] heartbeat h_74eda68d: 2221s cycle=86
03:04:29 [S44-HARNESS] heartbeat h_74eda68d: 2281s cycle=89
03:05:29 [S44-HARNESS] heartbeat h_74eda68d: 2341s cycle=91
03:06:29 [S44-HARNESS] heartbeat h_74eda68d: 2401s cycle=94
03:07:29 [S44-HARNESS] heartbeat h_74eda68d: 2461s cycle=96
03:08:29 [S44-HARNESS] heartbeat h_74eda68d: 2521s cycle=98
03:09:29 [S44-HARNESS] heartbeat h_74eda68d: 2581s cycle=101
03:10:29 [S44-HARNESS] heartbeat h_74eda68d: 2641s cycle=103
03:11:29 [S44-HARNESS] heartbeat h_74eda68d: 2701s cycle=106
03:12:29 [S44-HARNESS] heartbeat h_74eda68d: 2761s cycle=108
03:13:29 [S44-HARNESS] heartbeat h_74eda68d: 2821s cycle=110
03:14:29 [S44-HARNESS] heartbeat h_74eda68d: 2881s cycle=113
03:15:29 [S44-HARNESS] heartbeat h_74eda68d: 2941s cycle=115
03:16:29 [S44-HARNESS] heartbeat h_74eda68d: 3001s cycle=118
03:17:29 [S44-HARNESS] heartbeat h_74eda68d: 3061s cycle=120
03:18:29 [S44-HARNESS] heartbeat h_74eda68d: 3121s cycle=123
03:19:29 [S44-HARNESS] heartbeat h_74eda68d: 3181s cycle=125
03:20:29 [S44-HARNESS] heartbeat h_74eda68d: 3241s cycle=127
03:21:29 [S44-HARNESS] heartbeat h_74eda68d: 3301s cycle=130
03:22:29 [S44-HARNESS] heartbeat h_74eda68d: 3361s cycle=132
03:23:29 [S44-HARNESS] heartbeat h_74eda68d: 3421s cycle=135
03:24:29 [S44-HARNESS] heartbeat h_74eda68d: 3481s cycle=137
03:25:29 [S44-HARNESS] heartbeat h_74eda68d: 3541s cycle=139
03:26:29 [S44-HARNESS] heartbeat h_74eda68d: 3601s cycle=142
03:27:29 [S44-HARNESS] heartbeat h_74eda68d: 3662s cycle=144
03:28:29 [S44-HARNESS] heartbeat h_74eda68d: 3722s cycle=146
03:29:29 [S44-HARNESS] heartbeat h_74eda68d: 3782s cycle=149
03:30:04 [S44-HARNESS] finished h_74eda68d pid=19416 exit=0 status=certified wall=3817s
03:30:10 [W142-RUN-h_74eda68d] gates {'G1_harness_clean': True, 'G2_eval_key': True, 'G3_append_reconcile': True, 'G4_tail_state_check': True, 'G5_solve_profile_reconciled_per_event': True, 'G6_v37_optimal_and_four_metrics': True, 'G7_append_sealed': True, 'G8_persistence_on_production_certificate': True, 'G9_ess_ageing_readback': True, 'G11_acceptance_cross_check': True, 'G13_holds_inert_through_first_pass_held_after': True, 'G14_all_block_capture': True, 'G15_stopping_consistent': True, 'G16_lambda_sidecar_complete': True, 'G17_rule_v6_replay_reproduces_in_cycle': True, 'G18_line_fields_every_cycle': True, 'G19_replay_bitwise_1_k0_every_field': True, 'G20_production_counters_in_per_cycle_record': True, 'G21_creep_captures_complete': True, 'G22_t_sum_in_cycle_equals_stride_and_terminal': True, 'G23_overlap_recorded': True, 'G24_exit_capture_equals_the_solve_records_and_esso_logs': True, 'G24b_clean_capture_equals_the_solve_records_and_esso_logs': True, 'G25_record_status_follows_the_settling_decision': True}
03:30:10 [W142-RUN-h_74eda68d] settling v6: status certified k* 150 branch oscillatory window [130, 150] band_width 4090.730331659317 s 464.5261721611023 t_sum(end) -1175.0812038697154 k0_run 123 non-clean cycles [] floor rejections 0 vetoes 0 cycles 150 record status certified
03:30:10 [W142-RUN-h_74eda68d] CLAIM-COMPLETION POINT after #12 h_74eda68d (#16 in the v3 numbering): items ['H'] complete -- report (Addendum 58). Scorer: cd /Users/micaelsimoes/Projects/share-resource-planning-no_esso-degradation && set -o noclobber && /Users/micaelsimoes/miniconda3/envs/opf_env_py311/bin/python -u p515_s53_w142_resettle_v6_campaign.py --summarize --after-cell h_74eda68d > data/SRP1/Results/P515S53/w142_resettle_v6/summarize_after_h_74eda68d_launch.log 2>&1
03:30:10 [W142] guards {'w142_checks': {'counts': {'permitted_solve': 0, 'permitted_exec': 0, 'blocked_solve': 0, 'blocked_exec': 0}, 'verify_0_failures': []}, 'w139_checks': {'counts': {'permitted_solve': 0, 'permitted_exec': 0, 'blocked_solve': 0, 'blocked_exec': 0}, 'verify_0_failures': []}, 'w137_checks': {'counts': {'permitted_solve': 0, 'permitted_exec': 0, 'blocked_solve': 0, 'blocked_exec': 0}, 'verify_0_failures': []}, 'w132_checks': {'counts': {'permitted_solve': 0, 'permitted_exec': 0, 'blocked_solve': 0, 'blocked_exec': 0}, 'verify_0_failures': []}, 'w118_checks': {'counts': {'permitted_solve': 0, 'permitted_exec': 0, 'blocked_solve': 0, 'blocked_exec': 0}, 'verify_0_failures': []}, 'w105_checks_imported': {'counts': {'permitted_solve': 0, 'permitted_exec': 0, 'blocked_solve': 0, 'blocked_exec': 0}, 'verify_0_failures': []}, 'w101_checks_imported': {'counts': {'permitted_solve': 0, 'permitted_exec': 0, 'blocked_solve': 0, 'blocked_exec': 0}, 'verify_0_failures': []}, 'w98_checks_imported': {'counts': {'permitted_solve': 0, 'permitted_exec': 0, 'blocked_solve': 0, 'blocked_exec': 0}, 'verify_0_failures': []}, 'w112_imported': {'counts': {'permitted_solve': 0, 'permitted_exec': 0, 'blocked_solve': 0, 'blocked_exec': 0}, 'verify_0_failures': []}, 'w141_swing_variants': {'counts': {'permitted_solve': 0, 'permitted_exec': 0, 'blocked_solve': 0, 'blocked_exec': 0}, 'verify_0_failures': []}, 'w139_v5_from_records': {'counts': {'permitted_solve': 0, 'permitted_exec': 0, 'blocked_solve': 0, 'blocked_exec': 0}, 'verify_0_failures': []}, 'w131_imported': {'counts': {'permitted_solve': 0, 'permitted_exec': 0, 'blocked_solve': 0, 'blocked_exec': 0}, 'verify_0_failures': []}, 'w137_ra_imported': {'counts': {'permitted_solve': 0, 'permitted_exec': 0, 'blocked_solve': 0, 'blocked_exec': 0}, 'verify_0_failures': []}, 'alpha_row_launcher': {'counts': {'permitted_solve': 0, 'permitted_exec': 0, 'blocked_solve': 0, 'blocked_exec': 0}, 'verify_0_failures': []}, 'w86_launcher': {'counts': {'permitted_solve': 0, 'permitted_exec': 0, 'blocked_solve': 0, 'blocked_exec': 0}, 'verify_0_failures': []}, 'w87': {'counts': {'permitted_solve': 0, 'permitted_exec': 0, 'blocked_solve': 0, 'blocked_exec': 0}, 'verify_0_failures': []}, 'w88': {'counts': {'permitted_solve': 0, 'permitted_exec': 0, 'blocked_solve': 0, 'blocked_exec': 0}, 'verify_0_failures': []}, 'w89_step1': {'counts': {'permitted_solve': 0, 'permitted_exec': 0, 'blocked_solve': 0, 'blocked_exec': 0}, 'verify_0_failures': []}, 'w89_3x3_launcher': {'counts': {'permitted_solve': 0, 'permitted_exec': 0, 'blocked_solve': 0, 'blocked_exec': 0}, 'verify_0_failures': []}, 'w90_3x3_parent': {'counts': {'permitted_solve': 0, 'permitted_exec': 0, 'blocked_solve': 0, 'blocked_exec': 0}, 'verify_0_failures': []}, 'w98_parent': {'counts': {'permitted_solve': 0, 'permitted_exec': 0, 'blocked_solve': 0, 'blocked_exec': 0}, 'verify_0_failures': []}, 'w101_parent': {'counts': {'permitted_solve': 0, 'permitted_exec': 0, 'blocked_solve': 0, 'blocked_exec': 0}, 'verify_0_failures': []}, 'w118_parent': {'counts': {'permitted_solve': 0, 'permitted_exec': 0, 'blocked_solve': 0, 'blocked_exec': 0}, 'verify_0_failures': []}, 'w132_parent': {'counts': {'permitted_solve': 0, 'permitted_exec': 0, 'blocked_solve': 0, 'blocked_exec': 0}, 'verify_0_failures': []}, 'w137_parent': {'counts': {'permitted_solve': 0, 'permitted_exec': 0, 'blocked_solve': 0, 'blocked_exec': 0}, 'verify_0_failures': []}, 'w139_parent': {'counts': {'permitted_solve': 0, 'permitted_exec': 0, 'blocked_solve': 0, 'blocked_exec': 0}, 'verify_0_failures': []}, 'w142_parent': {'counts': {'permitted_solve': 0, 'permitted_exec': 0, 'blocked_solve': 0, 'blocked_exec': 0}, 'verify_0_failures': []}} wall=3974s
