07:10:07 [W142-RUN-i_5a6a88b4] memory preflight: available 19.97259521484375 GiB required 3.50 GiB -> PASS
07:10:07 [W142-RUN-i_5a6a88b4] P5.15 Addendum 61, W142 -- v6 re-settling campaign (34 cells: the eight remaining break-even-fit D cells, claim groups 2 and 4) under the current production configuration: gated cells replayed bitwise against their original record through the first residual pass k0 (abort on the first divergence), the G cells as first C2 evaluations; the certifying regime held after the run's first residual pass (AA off, tight tail on, rho frozen); settling rule v6 (v5 -- reading gamma, window (a), certification vetoed while a NON-CLEAN cycle lies in the last W cycles the test reads, clean within 10x the tail tolerances -- with the swing noise floor tau/10: swings below it excluded from the "not growing" comparison, and a sign change closing a swing below it registering no turning point; gap clause; amended monotone branch) until it certifies or the cap; W105 captures, per-cycle t_sum and Q_cc, the IPOPT exit, final attempt tier and final metrics of every block of every cycle; cell i_5a6a88b4 (#13) eval_key e046a8cfd25f819c316d6089264bac5518e940bcb6e0b084b86be722943fd05f; cap 244; lock {'pid': 30859, 'campaign_id': 's53_w142_resettle_v6_i_5a6a88b4', 'campaign_spec_sha256': '64209edec7560eb606dc78af0ad259bde4c01e6cbb45273ed6b0165a60cc8943', 'started_utc': '2026-10-02T07:10:07.394594+00:00'}
07:10:07 [S44-HARNESS] launched i_5a6a88b4 (key cc4eb5df385852e6) pid=31692
07:10:07 [S44-HARNESS] heartbeat i_5a6a88b4: 0s cycle=None
07:11:07 [S44-HARNESS] heartbeat i_5a6a88b4: 60s cycle=None
07:12:07 [S44-HARNESS] heartbeat i_5a6a88b4: 120s cycle=2
07:13:07 [S44-HARNESS] heartbeat i_5a6a88b4: 180s cycle=4
07:14:07 [S44-HARNESS] heartbeat i_5a6a88b4: 240s cycle=6
07:15:07 [S44-HARNESS] heartbeat i_5a6a88b4: 300s cycle=8
07:16:07 [S44-HARNESS] heartbeat i_5a6a88b4: 360s cycle=10
07:17:07 [S44-HARNESS] heartbeat i_5a6a88b4: 420s cycle=13
07:18:07 [S44-HARNESS] heartbeat i_5a6a88b4: 480s cycle=15
07:19:07 [S44-HARNESS] heartbeat i_5a6a88b4: 540s cycle=17
07:20:07 [S44-HARNESS] heartbeat i_5a6a88b4: 600s cycle=19
07:21:07 [S44-HARNESS] heartbeat i_5a6a88b4: 660s cycle=21
07:22:07 [S44-HARNESS] heartbeat i_5a6a88b4: 720s cycle=24
07:23:07 [S44-HARNESS] heartbeat i_5a6a88b4: 780s cycle=26
07:24:07 [S44-HARNESS] heartbeat i_5a6a88b4: 840s cycle=28
07:25:07 [S44-HARNESS] heartbeat i_5a6a88b4: 900s cycle=31
07:26:07 [S44-HARNESS] heartbeat i_5a6a88b4: 960s cycle=33
07:27:07 [S44-HARNESS] heartbeat i_5a6a88b4: 1020s cycle=35
07:28:07 [S44-HARNESS] heartbeat i_5a6a88b4: 1080s cycle=37
07:29:07 [S44-HARNESS] heartbeat i_5a6a88b4: 1140s cycle=39
07:30:07 [S44-HARNESS] heartbeat i_5a6a88b4: 1200s cycle=42
07:31:07 [S44-HARNESS] heartbeat i_5a6a88b4: 1260s cycle=43
07:32:07 [S44-HARNESS] heartbeat i_5a6a88b4: 1320s cycle=46
07:33:07 [S44-HARNESS] heartbeat i_5a6a88b4: 1380s cycle=48
07:34:07 [S44-HARNESS] heartbeat i_5a6a88b4: 1440s cycle=50
07:35:07 [S44-HARNESS] heartbeat i_5a6a88b4: 1500s cycle=53
07:36:07 [S44-HARNESS] heartbeat i_5a6a88b4: 1560s cycle=55
07:37:07 [S44-HARNESS] heartbeat i_5a6a88b4: 1620s cycle=57
07:38:07 [S44-HARNESS] heartbeat i_5a6a88b4: 1680s cycle=59
07:39:07 [S44-HARNESS] heartbeat i_5a6a88b4: 1740s cycle=61
07:40:07 [S44-HARNESS] heartbeat i_5a6a88b4: 1800s cycle=63
07:41:07 [S44-HARNESS] heartbeat i_5a6a88b4: 1860s cycle=66
07:42:07 [S44-HARNESS] heartbeat i_5a6a88b4: 1921s cycle=68
07:43:07 [S44-HARNESS] heartbeat i_5a6a88b4: 1981s cycle=70
07:44:07 [S44-HARNESS] heartbeat i_5a6a88b4: 2041s cycle=73
07:45:07 [S44-HARNESS] heartbeat i_5a6a88b4: 2101s cycle=75
07:46:08 [S44-HARNESS] heartbeat i_5a6a88b4: 2161s cycle=77
07:47:08 [S44-HARNESS] heartbeat i_5a6a88b4: 2221s cycle=79
07:48:08 [S44-HARNESS] heartbeat i_5a6a88b4: 2281s cycle=82
07:49:08 [S44-HARNESS] heartbeat i_5a6a88b4: 2341s cycle=84
07:50:08 [S44-HARNESS] heartbeat i_5a6a88b4: 2401s cycle=86
07:51:08 [S44-HARNESS] heartbeat i_5a6a88b4: 2461s cycle=89
07:52:08 [S44-HARNESS] heartbeat i_5a6a88b4: 2521s cycle=91
07:53:08 [S44-HARNESS] heartbeat i_5a6a88b4: 2581s cycle=93
07:54:08 [S44-HARNESS] heartbeat i_5a6a88b4: 2641s cycle=96
07:55:08 [S44-HARNESS] heartbeat i_5a6a88b4: 2701s cycle=98
07:56:08 [S44-HARNESS] heartbeat i_5a6a88b4: 2761s cycle=101
07:57:08 [S44-HARNESS] heartbeat i_5a6a88b4: 2821s cycle=103
07:58:08 [S44-HARNESS] heartbeat i_5a6a88b4: 2881s cycle=105
07:59:08 [S44-HARNESS] heartbeat i_5a6a88b4: 2941s cycle=108
08:00:08 [S44-HARNESS] heartbeat i_5a6a88b4: 3001s cycle=111
08:01:08 [S44-HARNESS] heartbeat i_5a6a88b4: 3061s cycle=113
08:02:08 [S44-HARNESS] heartbeat i_5a6a88b4: 3121s cycle=116
08:03:08 [S44-HARNESS] heartbeat i_5a6a88b4: 3181s cycle=118
08:04:08 [S44-HARNESS] heartbeat i_5a6a88b4: 3241s cycle=120
08:05:08 [S44-HARNESS] heartbeat i_5a6a88b4: 3301s cycle=123
08:06:08 [S44-HARNESS] heartbeat i_5a6a88b4: 3361s cycle=125
08:07:08 [S44-HARNESS] heartbeat i_5a6a88b4: 3421s cycle=127
08:08:08 [S44-HARNESS] heartbeat i_5a6a88b4: 3481s cycle=130
08:09:08 [S44-HARNESS] heartbeat i_5a6a88b4: 3541s cycle=132
08:10:08 [S44-HARNESS] heartbeat i_5a6a88b4: 3601s cycle=134
08:11:08 [S44-HARNESS] heartbeat i_5a6a88b4: 3661s cycle=137
08:12:08 [S44-HARNESS] heartbeat i_5a6a88b4: 3721s cycle=139
08:13:08 [S44-HARNESS] heartbeat i_5a6a88b4: 3781s cycle=141
08:14:08 [S44-HARNESS] heartbeat i_5a6a88b4: 3841s cycle=143
08:15:08 [S44-HARNESS] heartbeat i_5a6a88b4: 3901s cycle=146
08:16:08 [S44-HARNESS] heartbeat i_5a6a88b4: 3961s cycle=148
08:17:08 [S44-HARNESS] heartbeat i_5a6a88b4: 4021s cycle=150
08:18:08 [S44-HARNESS] heartbeat i_5a6a88b4: 4081s cycle=152
08:19:08 [S44-HARNESS] heartbeat i_5a6a88b4: 4141s cycle=154
08:20:08 [S44-HARNESS] heartbeat i_5a6a88b4: 4201s cycle=156
08:21:08 [S44-HARNESS] heartbeat i_5a6a88b4: 4261s cycle=159
08:22:08 [S44-HARNESS] heartbeat i_5a6a88b4: 4321s cycle=161
08:23:08 [S44-HARNESS] heartbeat i_5a6a88b4: 4381s cycle=163
08:24:08 [S44-HARNESS] heartbeat i_5a6a88b4: 4441s cycle=165
08:25:08 [S44-HARNESS] heartbeat i_5a6a88b4: 4501s cycle=168
08:26:08 [S44-HARNESS] heartbeat i_5a6a88b4: 4561s cycle=170
08:27:08 [S44-HARNESS] heartbeat i_5a6a88b4: 4621s cycle=173
08:28:08 [S44-HARNESS] heartbeat i_5a6a88b4: 4681s cycle=175
08:29:08 [S44-HARNESS] heartbeat i_5a6a88b4: 4741s cycle=177
08:30:08 [S44-HARNESS] heartbeat i_5a6a88b4: 4801s cycle=180
08:31:08 [S44-HARNESS] heartbeat i_5a6a88b4: 4861s cycle=182
08:32:08 [S44-HARNESS] heartbeat i_5a6a88b4: 4922s cycle=185
08:33:08 [S44-HARNESS] heartbeat i_5a6a88b4: 4982s cycle=187
08:34:08 [S44-HARNESS] heartbeat i_5a6a88b4: 5042s cycle=189
08:35:08 [S44-HARNESS] heartbeat i_5a6a88b4: 5102s cycle=192
08:36:09 [S44-HARNESS] heartbeat i_5a6a88b4: 5162s cycle=194
08:37:09 [S44-HARNESS] heartbeat i_5a6a88b4: 5222s cycle=197
08:37:49 [S44-HARNESS] finished i_5a6a88b4 pid=31692 exit=0 status=certified wall=5262s
08:37:56 [W142-RUN-i_5a6a88b4] gates {'G1_harness_clean': True, 'G2_eval_key': True, 'G3_append_reconcile': True, 'G4_tail_state_check': True, 'G5_solve_profile_reconciled_per_event': True, 'G6_v37_optimal_and_four_metrics': True, 'G7_append_sealed': True, 'G8_persistence_on_production_certificate': True, 'G9_ess_ageing_readback': True, 'G11_acceptance_cross_check': True, 'G13_holds_inert_through_first_pass_held_after': True, 'G14_all_block_capture': True, 'G15_stopping_consistent': True, 'G16_lambda_sidecar_complete': True, 'G17_rule_v6_replay_reproduces_in_cycle': True, 'G18_line_fields_every_cycle': True, 'G19_replay_bitwise_1_k0_every_field': True, 'G20_production_counters_in_per_cycle_record': True, 'G21_creep_captures_complete': True, 'G22_t_sum_in_cycle_equals_stride_and_terminal': True, 'G23_overlap_recorded': True, 'G24_exit_capture_equals_the_solve_records_and_esso_logs': True, 'G24b_clean_capture_equals_the_solve_records_and_esso_logs': True, 'G25_record_status_follows_the_settling_decision': True}
08:37:56 [W142-RUN-i_5a6a88b4] settling v6: status certified k* 198 branch monotone window [139, 198] band_width 4261.761665344238 s -3284.127430200577 t_sum(end) 334.8663499030691 k0_run 135 non-clean cycles [28, 31, 37, 44, 45] floor rejections 0 vetoes 0 cycles 198 record status certified
08:37:56 [W142-RUN-i_5a6a88b4] CLAIM-COMPLETION POINT after #13 i_5a6a88b4 (#17 in the v3 numbering): items ['I'] complete -- report (Addendum 58). Scorer: cd /Users/micaelsimoes/Projects/share-resource-planning-no_esso-degradation && set -o noclobber && /Users/micaelsimoes/miniconda3/envs/opf_env_py311/bin/python -u p515_s53_w142_resettle_v6_campaign.py --summarize --after-cell i_5a6a88b4 > data/SRP1/Results/P515S53/w142_resettle_v6/summarize_after_i_5a6a88b4_launch.log 2>&1
08:37:56 [W142] guards {'w142_checks': {'counts': {'permitted_solve': 0, 'permitted_exec': 0, 'blocked_solve': 0, 'blocked_exec': 0}, 'verify_0_failures': []}, 'w139_checks': {'counts': {'permitted_solve': 0, 'permitted_exec': 0, 'blocked_solve': 0, 'blocked_exec': 0}, 'verify_0_failures': []}, 'w137_checks': {'counts': {'permitted_solve': 0, 'permitted_exec': 0, 'blocked_solve': 0, 'blocked_exec': 0}, 'verify_0_failures': []}, 'w132_checks': {'counts': {'permitted_solve': 0, 'permitted_exec': 0, 'blocked_solve': 0, 'blocked_exec': 0}, 'verify_0_failures': []}, 'w118_checks': {'counts': {'permitted_solve': 0, 'permitted_exec': 0, 'blocked_solve': 0, 'blocked_exec': 0}, 'verify_0_failures': []}, 'w105_checks_imported': {'counts': {'permitted_solve': 0, 'permitted_exec': 0, 'blocked_solve': 0, 'blocked_exec': 0}, 'verify_0_failures': []}, 'w101_checks_imported': {'counts': {'permitted_solve': 0, 'permitted_exec': 0, 'blocked_solve': 0, 'blocked_exec': 0}, 'verify_0_failures': []}, 'w98_checks_imported': {'counts': {'permitted_solve': 0, 'permitted_exec': 0, 'blocked_solve': 0, 'blocked_exec': 0}, 'verify_0_failures': []}, 'w112_imported': {'counts': {'permitted_solve': 0, 'permitted_exec': 0, 'blocked_solve': 0, 'blocked_exec': 0}, 'verify_0_failures': []}, 'w141_swing_variants': {'counts': {'permitted_solve': 0, 'permitted_exec': 0, 'blocked_solve': 0, 'blocked_exec': 0}, 'verify_0_failures': []}, 'w139_v5_from_records': {'counts': {'permitted_solve': 0, 'permitted_exec': 0, 'blocked_solve': 0, 'blocked_exec': 0}, 'verify_0_failures': []}, 'w131_imported': {'counts': {'permitted_solve': 0, 'permitted_exec': 0, 'blocked_solve': 0, 'blocked_exec': 0}, 'verify_0_failures': []}, 'w137_ra_imported': {'counts': {'permitted_solve': 0, 'permitted_exec': 0, 'blocked_solve': 0, 'blocked_exec': 0}, 'verify_0_failures': []}, 'alpha_row_launcher': {'counts': {'permitted_solve': 0, 'permitted_exec': 0, 'blocked_solve': 0, 'blocked_exec': 0}, 'verify_0_failures': []}, 'w86_launcher': {'counts': {'permitted_solve': 0, 'permitted_exec': 0, 'blocked_solve': 0, 'blocked_exec': 0}, 'verify_0_failures': []}, 'w87': {'counts': {'permitted_solve': 0, 'permitted_exec': 0, 'blocked_solve': 0, 'blocked_exec': 0}, 'verify_0_failures': []}, 'w88': {'counts': {'permitted_solve': 0, 'permitted_exec': 0, 'blocked_solve': 0, 'blocked_exec': 0}, 'verify_0_failures': []}, 'w89_step1': {'counts': {'permitted_solve': 0, 'permitted_exec': 0, 'blocked_solve': 0, 'blocked_exec': 0}, 'verify_0_failures': []}, 'w89_3x3_launcher': {'counts': {'permitted_solve': 0, 'permitted_exec': 0, 'blocked_solve': 0, 'blocked_exec': 0}, 'verify_0_failures': []}, 'w90_3x3_parent': {'counts': {'permitted_solve': 0, 'permitted_exec': 0, 'blocked_solve': 0, 'blocked_exec': 0}, 'verify_0_failures': []}, 'w98_parent': {'counts': {'permitted_solve': 0, 'permitted_exec': 0, 'blocked_solve': 0, 'blocked_exec': 0}, 'verify_0_failures': []}, 'w101_parent': {'counts': {'permitted_solve': 0, 'permitted_exec': 0, 'blocked_solve': 0, 'blocked_exec': 0}, 'verify_0_failures': []}, 'w118_parent': {'counts': {'permitted_solve': 0, 'permitted_exec': 0, 'blocked_solve': 0, 'blocked_exec': 0}, 'verify_0_failures': []}, 'w132_parent': {'counts': {'permitted_solve': 0, 'permitted_exec': 0, 'blocked_solve': 0, 'blocked_exec': 0}, 'verify_0_failures': []}, 'w137_parent': {'counts': {'permitted_solve': 0, 'permitted_exec': 0, 'blocked_solve': 0, 'blocked_exec': 0}, 'verify_0_failures': []}, 'w139_parent': {'counts': {'permitted_solve': 0, 'permitted_exec': 0, 'blocked_solve': 0, 'blocked_exec': 0}, 'verify_0_failures': []}, 'w142_parent': {'counts': {'permitted_solve': 0, 'permitted_exec': 0, 'blocked_solve': 0, 'blocked_exec': 0}, 'verify_0_failures': []}} wall=5441s
