21:47:46 [W142-RUN-g_9abf31d4] memory preflight: available 18.627838134765625 GiB required 3.50 GiB -> PASS
21:47:46 [W142-RUN-g_9abf31d4] P5.15 Addendum 61, W142 -- v6 re-settling campaign (34 cells: the eight remaining break-even-fit D cells, claim groups 2 and 4) under the current production configuration: gated cells replayed bitwise against their original record through the first residual pass k0 (abort on the first divergence), the G cells as first C2 evaluations; the certifying regime held after the run's first residual pass (AA off, tight tail on, rho frozen); settling rule v6 (v5 -- reading gamma, window (a), certification vetoed while a NON-CLEAN cycle lies in the last W cycles the test reads, clean within 10x the tail tolerances -- with the swing noise floor tau/10: swings below it excluded from the "not growing" comparison, and a sign change closing a swing below it registering no turning point; gap clause; amended monotone branch) until it certifies or the cap; W105 captures, per-cycle t_sum and Q_cc, the IPOPT exit, final attempt tier and final metrics of every block of every cycle; cell g_9abf31d4 (#22) eval_key 5560d0f015a8d196708dd6f2cf646bcc150e2ff691fb22adc7276af7a4902065; cap 300; lock {'pid': 45371, 'campaign_id': 's53_w142_resettle_v6_g_9abf31d4', 'campaign_spec_sha256': '35789b3fad0b98913806f346ac43e16c49020837b109f54c551f8b938f33af52', 'started_utc': '2026-10-02T21:47:46.502207+00:00'}
21:47:46 [S44-HARNESS] launched g_9abf31d4 (key ca1b7bac4ba57a9e) pid=45881
21:47:46 [S44-HARNESS] heartbeat g_9abf31d4: 0s cycle=None
21:48:46 [S44-HARNESS] heartbeat g_9abf31d4: 60s cycle=None
21:49:46 [S44-HARNESS] heartbeat g_9abf31d4: 120s cycle=3
21:50:46 [S44-HARNESS] heartbeat g_9abf31d4: 180s cycle=6
21:51:46 [S44-HARNESS] heartbeat g_9abf31d4: 240s cycle=8
21:52:46 [S44-HARNESS] heartbeat g_9abf31d4: 300s cycle=10
21:53:46 [S44-HARNESS] heartbeat g_9abf31d4: 360s cycle=13
21:54:46 [S44-HARNESS] heartbeat g_9abf31d4: 420s cycle=16
21:55:46 [S44-HARNESS] heartbeat g_9abf31d4: 480s cycle=18
21:56:46 [S44-HARNESS] heartbeat g_9abf31d4: 540s cycle=21
21:57:46 [S44-HARNESS] heartbeat g_9abf31d4: 600s cycle=23
21:58:46 [S44-HARNESS] heartbeat g_9abf31d4: 660s cycle=26
21:59:46 [S44-HARNESS] heartbeat g_9abf31d4: 720s cycle=28
22:00:46 [S44-HARNESS] heartbeat g_9abf31d4: 780s cycle=31
22:01:46 [S44-HARNESS] heartbeat g_9abf31d4: 840s cycle=34
22:02:46 [S44-HARNESS] heartbeat g_9abf31d4: 900s cycle=36
22:03:46 [S44-HARNESS] heartbeat g_9abf31d4: 960s cycle=39
22:04:46 [S44-HARNESS] heartbeat g_9abf31d4: 1020s cycle=41
22:05:46 [S44-HARNESS] heartbeat g_9abf31d4: 1080s cycle=44
22:06:46 [S44-HARNESS] heartbeat g_9abf31d4: 1140s cycle=46
22:07:46 [S44-HARNESS] heartbeat g_9abf31d4: 1200s cycle=49
22:08:47 [S44-HARNESS] heartbeat g_9abf31d4: 1261s cycle=52
22:09:47 [S44-HARNESS] heartbeat g_9abf31d4: 1321s cycle=54
22:10:47 [S44-HARNESS] heartbeat g_9abf31d4: 1381s cycle=57
22:11:47 [S44-HARNESS] heartbeat g_9abf31d4: 1441s cycle=59
22:12:47 [S44-HARNESS] heartbeat g_9abf31d4: 1501s cycle=62
22:13:47 [S44-HARNESS] heartbeat g_9abf31d4: 1561s cycle=64
22:14:47 [S44-HARNESS] heartbeat g_9abf31d4: 1621s cycle=67
22:15:47 [S44-HARNESS] heartbeat g_9abf31d4: 1681s cycle=70
22:16:47 [S44-HARNESS] heartbeat g_9abf31d4: 1741s cycle=72
22:17:47 [S44-HARNESS] heartbeat g_9abf31d4: 1801s cycle=75
22:18:47 [S44-HARNESS] heartbeat g_9abf31d4: 1861s cycle=77
22:19:47 [S44-HARNESS] heartbeat g_9abf31d4: 1921s cycle=80
22:20:47 [S44-HARNESS] heartbeat g_9abf31d4: 1981s cycle=83
22:21:47 [S44-HARNESS] heartbeat g_9abf31d4: 2041s cycle=85
22:22:47 [S44-HARNESS] heartbeat g_9abf31d4: 2101s cycle=88
22:23:47 [S44-HARNESS] heartbeat g_9abf31d4: 2161s cycle=90
22:24:47 [S44-HARNESS] heartbeat g_9abf31d4: 2221s cycle=93
22:25:47 [S44-HARNESS] heartbeat g_9abf31d4: 2281s cycle=95
22:26:47 [S44-HARNESS] heartbeat g_9abf31d4: 2341s cycle=98
22:27:47 [S44-HARNESS] heartbeat g_9abf31d4: 2401s cycle=101
22:28:47 [S44-HARNESS] heartbeat g_9abf31d4: 2461s cycle=103
22:29:47 [S44-HARNESS] heartbeat g_9abf31d4: 2521s cycle=106
22:30:47 [S44-HARNESS] heartbeat g_9abf31d4: 2581s cycle=108
22:31:47 [S44-HARNESS] heartbeat g_9abf31d4: 2641s cycle=111
22:32:47 [S44-HARNESS] heartbeat g_9abf31d4: 2701s cycle=113
22:33:47 [S44-HARNESS] heartbeat g_9abf31d4: 2761s cycle=116
22:34:47 [S44-HARNESS] heartbeat g_9abf31d4: 2821s cycle=118
22:35:47 [S44-HARNESS] heartbeat g_9abf31d4: 2881s cycle=121
22:36:47 [S44-HARNESS] heartbeat g_9abf31d4: 2941s cycle=123
22:37:47 [S44-HARNESS] heartbeat g_9abf31d4: 3001s cycle=126
22:38:47 [S44-HARNESS] heartbeat g_9abf31d4: 3061s cycle=128
22:39:47 [S44-HARNESS] heartbeat g_9abf31d4: 3121s cycle=131
22:40:47 [S44-HARNESS] heartbeat g_9abf31d4: 3181s cycle=133
22:41:47 [S44-HARNESS] heartbeat g_9abf31d4: 3241s cycle=136
22:42:47 [S44-HARNESS] heartbeat g_9abf31d4: 3301s cycle=138
22:43:47 [S44-HARNESS] heartbeat g_9abf31d4: 3361s cycle=141
22:44:47 [S44-HARNESS] heartbeat g_9abf31d4: 3421s cycle=143
22:45:47 [S44-HARNESS] heartbeat g_9abf31d4: 3481s cycle=146
22:46:47 [S44-HARNESS] heartbeat g_9abf31d4: 3541s cycle=148
22:47:47 [S44-HARNESS] heartbeat g_9abf31d4: 3601s cycle=151
22:48:47 [S44-HARNESS] heartbeat g_9abf31d4: 3661s cycle=153
22:49:48 [S44-HARNESS] heartbeat g_9abf31d4: 3722s cycle=156
22:50:48 [S44-HARNESS] heartbeat g_9abf31d4: 3782s cycle=158
22:51:48 [S44-HARNESS] heartbeat g_9abf31d4: 3842s cycle=161
22:52:48 [S44-HARNESS] heartbeat g_9abf31d4: 3902s cycle=163
22:53:48 [S44-HARNESS] heartbeat g_9abf31d4: 3962s cycle=166
22:54:48 [S44-HARNESS] heartbeat g_9abf31d4: 4022s cycle=168
22:55:48 [S44-HARNESS] heartbeat g_9abf31d4: 4082s cycle=171
22:56:23 [S44-HARNESS] finished g_9abf31d4 pid=45881 exit=0 status=certified wall=4117s
22:56:29 [W142-RUN-g_9abf31d4] gates {'G1_harness_clean': True, 'G2_eval_key': True, 'G3_append_reconcile': True, 'G4_tail_state_check': True, 'G5_solve_profile_reconciled_per_event': True, 'G6_v37_optimal_and_four_metrics': True, 'G7_append_sealed': True, 'G8_persistence_on_production_certificate': True, 'G9_ess_ageing_readback': True, 'G11_acceptance_cross_check': True, 'G13_holds_inert_through_first_pass_held_after': True, 'G14_all_block_capture': True, 'G15_stopping_consistent': True, 'G16_lambda_sidecar_complete': True, 'G17_rule_v6_replay_reproduces_in_cycle': True, 'G18_line_fields_every_cycle': True, 'G20_production_counters_in_per_cycle_record': True, 'G21_creep_captures_complete': True, 'G22_t_sum_in_cycle_equals_stride_and_terminal': True, 'G23_overlap_recorded': True, 'G24_exit_capture_equals_the_solve_records_and_esso_logs': True, 'G24b_clean_capture_equals_the_solve_records_and_esso_logs': True, 'G25_record_status_follows_the_settling_decision': True}
22:56:29 [W142-RUN-g_9abf31d4] settling v6: status certified k* 172 branch oscillatory window [144, 172] band_width 3837.7242698669434 s None t_sum(end) 557.947659571149 k0_run 103 non-clean cycles [] floor rejections 0 vetoes 0 cycles 172 record status certified
22:56:29 [W142-RUN-g_9abf31d4] CLAIM-COMPLETION POINT after #22 g_9abf31d4 (#26 in the v3 numbering): items ['G'] complete -- report (Addendum 58). Scorer: cd /Users/micaelsimoes/Projects/share-resource-planning-no_esso-degradation && set -o noclobber && /Users/micaelsimoes/miniconda3/envs/opf_env_py311/bin/python -u p515_s53_w142_resettle_v6_campaign.py --summarize --after-cell g_9abf31d4 > data/SRP1/Results/P515S53/w142_resettle_v6/summarize_after_g_9abf31d4_launch.log 2>&1
22:56:29 [W142] guards {'w142_checks': {'counts': {'permitted_solve': 0, 'permitted_exec': 0, 'blocked_solve': 0, 'blocked_exec': 0}, 'verify_0_failures': []}, 'w139_checks': {'counts': {'permitted_solve': 0, 'permitted_exec': 0, 'blocked_solve': 0, 'blocked_exec': 0}, 'verify_0_failures': []}, 'w137_checks': {'counts': {'permitted_solve': 0, 'permitted_exec': 0, 'blocked_solve': 0, 'blocked_exec': 0}, 'verify_0_failures': []}, 'w132_checks': {'counts': {'permitted_solve': 0, 'permitted_exec': 0, 'blocked_solve': 0, 'blocked_exec': 0}, 'verify_0_failures': []}, 'w118_checks': {'counts': {'permitted_solve': 0, 'permitted_exec': 0, 'blocked_solve': 0, 'blocked_exec': 0}, 'verify_0_failures': []}, 'w105_checks_imported': {'counts': {'permitted_solve': 0, 'permitted_exec': 0, 'blocked_solve': 0, 'blocked_exec': 0}, 'verify_0_failures': []}, 'w101_checks_imported': {'counts': {'permitted_solve': 0, 'permitted_exec': 0, 'blocked_solve': 0, 'blocked_exec': 0}, 'verify_0_failures': []}, 'w98_checks_imported': {'counts': {'permitted_solve': 0, 'permitted_exec': 0, 'blocked_solve': 0, 'blocked_exec': 0}, 'verify_0_failures': []}, 'w112_imported': {'counts': {'permitted_solve': 0, 'permitted_exec': 0, 'blocked_solve': 0, 'blocked_exec': 0}, 'verify_0_failures': []}, 'w141_swing_variants': {'counts': {'permitted_solve': 0, 'permitted_exec': 0, 'blocked_solve': 0, 'blocked_exec': 0}, 'verify_0_failures': []}, 'w139_v5_from_records': {'counts': {'permitted_solve': 0, 'permitted_exec': 0, 'blocked_solve': 0, 'blocked_exec': 0}, 'verify_0_failures': []}, 'w131_imported': {'counts': {'permitted_solve': 0, 'permitted_exec': 0, 'blocked_solve': 0, 'blocked_exec': 0}, 'verify_0_failures': []}, 'w137_ra_imported': {'counts': {'permitted_solve': 0, 'permitted_exec': 0, 'blocked_solve': 0, 'blocked_exec': 0}, 'verify_0_failures': []}, 'alpha_row_launcher': {'counts': {'permitted_solve': 0, 'permitted_exec': 0, 'blocked_solve': 0, 'blocked_exec': 0}, 'verify_0_failures': []}, 'w86_launcher': {'counts': {'permitted_solve': 0, 'permitted_exec': 0, 'blocked_solve': 0, 'blocked_exec': 0}, 'verify_0_failures': []}, 'w87': {'counts': {'permitted_solve': 0, 'permitted_exec': 0, 'blocked_solve': 0, 'blocked_exec': 0}, 'verify_0_failures': []}, 'w88': {'counts': {'permitted_solve': 0, 'permitted_exec': 0, 'blocked_solve': 0, 'blocked_exec': 0}, 'verify_0_failures': []}, 'w89_step1': {'counts': {'permitted_solve': 0, 'permitted_exec': 0, 'blocked_solve': 0, 'blocked_exec': 0}, 'verify_0_failures': []}, 'w89_3x3_launcher': {'counts': {'permitted_solve': 0, 'permitted_exec': 0, 'blocked_solve': 0, 'blocked_exec': 0}, 'verify_0_failures': []}, 'w90_3x3_parent': {'counts': {'permitted_solve': 0, 'permitted_exec': 0, 'blocked_solve': 0, 'blocked_exec': 0}, 'verify_0_failures': []}, 'w98_parent': {'counts': {'permitted_solve': 0, 'permitted_exec': 0, 'blocked_solve': 0, 'blocked_exec': 0}, 'verify_0_failures': []}, 'w101_parent': {'counts': {'permitted_solve': 0, 'permitted_exec': 0, 'blocked_solve': 0, 'blocked_exec': 0}, 'verify_0_failures': []}, 'w118_parent': {'counts': {'permitted_solve': 0, 'permitted_exec': 0, 'blocked_solve': 0, 'blocked_exec': 0}, 'verify_0_failures': []}, 'w132_parent': {'counts': {'permitted_solve': 0, 'permitted_exec': 0, 'blocked_solve': 0, 'blocked_exec': 0}, 'verify_0_failures': []}, 'w137_parent': {'counts': {'permitted_solve': 0, 'permitted_exec': 0, 'blocked_solve': 0, 'blocked_exec': 0}, 'verify_0_failures': []}, 'w139_parent': {'counts': {'permitted_solve': 0, 'permitted_exec': 0, 'blocked_solve': 0, 'blocked_exec': 0}, 'verify_0_failures': []}, 'w142_parent': {'counts': {'permitted_solve': 0, 'permitted_exec': 0, 'blocked_solve': 0, 'blocked_exec': 0}, 'verify_0_failures': []}} wall=4274s
