06:08:20 [W142-RUN-l_2ab0ce2d] memory preflight: available 18.5345458984375 GiB required 3.50 GiB -> PASS
06:08:20 [W142-RUN-l_2ab0ce2d] P5.15 Addendum 61, W142 -- v6 re-settling campaign (34 cells: the eight remaining break-even-fit D cells, claim groups 2 and 4) under the current production configuration: gated cells replayed bitwise against their original record through the first residual pass k0 (abort on the first divergence), the G cells as first C2 evaluations; the certifying regime held after the run's first residual pass (AA off, tight tail on, rho frozen); settling rule v6 (v5 -- reading gamma, window (a), certification vetoed while a NON-CLEAN cycle lies in the last W cycles the test reads, clean within 10x the tail tolerances -- with the swing noise floor tau/10: swings below it excluded from the "not growing" comparison, and a sign change closing a swing below it registering no turning point; gap clause; amended monotone branch) until it certifies or the cap; W105 captures, per-cycle t_sum and Q_cc, the IPOPT exit, final attempt tier and final metrics of every block of every cycle; cell l_2ab0ce2d (#27) eval_key 75266862b990d2eb2367fbf9ba5dbf412d9a244288b64c7a4b7edd06294ff4d9; cap 437; lock {'pid': 19705, 'campaign_id': 's53_w142_resettle_v6_l_2ab0ce2d', 'campaign_spec_sha256': '800d38f111e8a86be93a5c7bda95c57c17f6b22e7494652b29ca2c86a9300345', 'started_utc': '2026-10-03T06:08:20.648192+00:00'}
06:08:20 [S44-HARNESS] launched l_2ab0ce2d (key 9f4f66b6864f23cf) pid=20253
06:08:20 [S44-HARNESS] heartbeat l_2ab0ce2d: 0s cycle=None
06:09:20 [S44-HARNESS] heartbeat l_2ab0ce2d: 60s cycle=None
06:10:20 [S44-HARNESS] heartbeat l_2ab0ce2d: 120s cycle=2
06:11:20 [S44-HARNESS] heartbeat l_2ab0ce2d: 180s cycle=4
06:12:20 [S44-HARNESS] heartbeat l_2ab0ce2d: 240s cycle=6
06:13:20 [S44-HARNESS] heartbeat l_2ab0ce2d: 300s cycle=9
06:14:20 [S44-HARNESS] heartbeat l_2ab0ce2d: 360s cycle=11
06:15:20 [S44-HARNESS] heartbeat l_2ab0ce2d: 420s cycle=13
06:16:20 [S44-HARNESS] heartbeat l_2ab0ce2d: 480s cycle=15
06:17:20 [S44-HARNESS] heartbeat l_2ab0ce2d: 540s cycle=17
06:18:20 [S44-HARNESS] heartbeat l_2ab0ce2d: 600s cycle=19
06:19:20 [S44-HARNESS] heartbeat l_2ab0ce2d: 660s cycle=21
06:20:20 [S44-HARNESS] heartbeat l_2ab0ce2d: 720s cycle=24
06:21:20 [S44-HARNESS] heartbeat l_2ab0ce2d: 780s cycle=26
06:22:20 [S44-HARNESS] heartbeat l_2ab0ce2d: 840s cycle=28
06:23:21 [S44-HARNESS] heartbeat l_2ab0ce2d: 900s cycle=30
06:24:21 [S44-HARNESS] heartbeat l_2ab0ce2d: 960s cycle=32
06:25:21 [S44-HARNESS] heartbeat l_2ab0ce2d: 1020s cycle=35
06:26:21 [S44-HARNESS] heartbeat l_2ab0ce2d: 1080s cycle=37
06:27:21 [S44-HARNESS] heartbeat l_2ab0ce2d: 1140s cycle=39
06:28:21 [S44-HARNESS] heartbeat l_2ab0ce2d: 1200s cycle=42
06:29:21 [S44-HARNESS] heartbeat l_2ab0ce2d: 1261s cycle=44
06:30:21 [S44-HARNESS] heartbeat l_2ab0ce2d: 1321s cycle=47
06:31:21 [S44-HARNESS] heartbeat l_2ab0ce2d: 1381s cycle=49
06:32:21 [S44-HARNESS] heartbeat l_2ab0ce2d: 1441s cycle=51
06:33:21 [S44-HARNESS] heartbeat l_2ab0ce2d: 1501s cycle=54
06:34:21 [S44-HARNESS] heartbeat l_2ab0ce2d: 1561s cycle=56
06:35:21 [S44-HARNESS] heartbeat l_2ab0ce2d: 1621s cycle=58
06:36:21 [S44-HARNESS] heartbeat l_2ab0ce2d: 1681s cycle=61
06:37:21 [S44-HARNESS] heartbeat l_2ab0ce2d: 1741s cycle=63
06:38:21 [S44-HARNESS] heartbeat l_2ab0ce2d: 1801s cycle=65
06:39:21 [S44-HARNESS] heartbeat l_2ab0ce2d: 1861s cycle=67
06:40:21 [S44-HARNESS] heartbeat l_2ab0ce2d: 1921s cycle=70
06:41:21 [S44-HARNESS] heartbeat l_2ab0ce2d: 1981s cycle=72
06:42:21 [S44-HARNESS] heartbeat l_2ab0ce2d: 2041s cycle=74
06:43:21 [S44-HARNESS] heartbeat l_2ab0ce2d: 2101s cycle=76
06:44:21 [S44-HARNESS] heartbeat l_2ab0ce2d: 2161s cycle=78
06:45:21 [S44-HARNESS] heartbeat l_2ab0ce2d: 2221s cycle=81
06:46:21 [S44-HARNESS] heartbeat l_2ab0ce2d: 2281s cycle=83
06:47:21 [S44-HARNESS] heartbeat l_2ab0ce2d: 2341s cycle=85
06:48:21 [S44-HARNESS] heartbeat l_2ab0ce2d: 2401s cycle=88
06:49:21 [S44-HARNESS] heartbeat l_2ab0ce2d: 2461s cycle=90
06:50:21 [S44-HARNESS] heartbeat l_2ab0ce2d: 2521s cycle=93
06:51:21 [S44-HARNESS] heartbeat l_2ab0ce2d: 2581s cycle=95
06:52:21 [S44-HARNESS] heartbeat l_2ab0ce2d: 2641s cycle=97
06:53:21 [S44-HARNESS] heartbeat l_2ab0ce2d: 2701s cycle=100
06:54:21 [S44-HARNESS] heartbeat l_2ab0ce2d: 2761s cycle=102
06:55:21 [S44-HARNESS] heartbeat l_2ab0ce2d: 2821s cycle=104
06:56:21 [S44-HARNESS] heartbeat l_2ab0ce2d: 2881s cycle=107
06:57:21 [S44-HARNESS] heartbeat l_2ab0ce2d: 2941s cycle=109
06:58:21 [S44-HARNESS] heartbeat l_2ab0ce2d: 3001s cycle=111
06:59:21 [S44-HARNESS] heartbeat l_2ab0ce2d: 3061s cycle=114
07:00:21 [S44-HARNESS] heartbeat l_2ab0ce2d: 3121s cycle=116
07:01:21 [S44-HARNESS] heartbeat l_2ab0ce2d: 3181s cycle=119
07:02:21 [S44-HARNESS] heartbeat l_2ab0ce2d: 3241s cycle=121
07:03:22 [S44-HARNESS] heartbeat l_2ab0ce2d: 3301s cycle=123
07:04:22 [S44-HARNESS] heartbeat l_2ab0ce2d: 3361s cycle=126
07:05:22 [S44-HARNESS] heartbeat l_2ab0ce2d: 3421s cycle=128
07:06:22 [S44-HARNESS] heartbeat l_2ab0ce2d: 3481s cycle=131
07:07:22 [S44-HARNESS] heartbeat l_2ab0ce2d: 3541s cycle=133
07:08:22 [S44-HARNESS] heartbeat l_2ab0ce2d: 3601s cycle=135
07:09:22 [S44-HARNESS] heartbeat l_2ab0ce2d: 3662s cycle=138
07:10:22 [S44-HARNESS] heartbeat l_2ab0ce2d: 3722s cycle=140
07:11:22 [S44-HARNESS] heartbeat l_2ab0ce2d: 3782s cycle=142
07:12:22 [S44-HARNESS] heartbeat l_2ab0ce2d: 3842s cycle=145
07:13:22 [S44-HARNESS] heartbeat l_2ab0ce2d: 3902s cycle=147
07:14:22 [S44-HARNESS] heartbeat l_2ab0ce2d: 3962s cycle=150
07:15:22 [S44-HARNESS] heartbeat l_2ab0ce2d: 4022s cycle=152
07:16:22 [S44-HARNESS] heartbeat l_2ab0ce2d: 4082s cycle=154
07:17:22 [S44-HARNESS] heartbeat l_2ab0ce2d: 4142s cycle=156
07:18:22 [S44-HARNESS] heartbeat l_2ab0ce2d: 4202s cycle=159
07:19:22 [S44-HARNESS] heartbeat l_2ab0ce2d: 4262s cycle=161
07:20:22 [S44-HARNESS] heartbeat l_2ab0ce2d: 4322s cycle=163
07:21:22 [S44-HARNESS] heartbeat l_2ab0ce2d: 4382s cycle=165
07:22:22 [S44-HARNESS] heartbeat l_2ab0ce2d: 4442s cycle=168
07:23:22 [S44-HARNESS] heartbeat l_2ab0ce2d: 4502s cycle=170
07:24:22 [S44-HARNESS] heartbeat l_2ab0ce2d: 4562s cycle=172
07:25:22 [S44-HARNESS] heartbeat l_2ab0ce2d: 4622s cycle=175
07:26:22 [S44-HARNESS] heartbeat l_2ab0ce2d: 4682s cycle=177
07:27:22 [S44-HARNESS] heartbeat l_2ab0ce2d: 4742s cycle=179
07:28:22 [S44-HARNESS] heartbeat l_2ab0ce2d: 4802s cycle=182
07:29:22 [S44-HARNESS] heartbeat l_2ab0ce2d: 4862s cycle=184
07:30:22 [S44-HARNESS] heartbeat l_2ab0ce2d: 4922s cycle=186
07:31:22 [S44-HARNESS] heartbeat l_2ab0ce2d: 4982s cycle=189
07:32:22 [S44-HARNESS] heartbeat l_2ab0ce2d: 5042s cycle=191
07:33:22 [S44-HARNESS] heartbeat l_2ab0ce2d: 5102s cycle=194
07:34:22 [S44-HARNESS] heartbeat l_2ab0ce2d: 5162s cycle=196
07:35:22 [S44-HARNESS] heartbeat l_2ab0ce2d: 5222s cycle=198
07:36:22 [S44-HARNESS] heartbeat l_2ab0ce2d: 5282s cycle=201
07:37:22 [S44-HARNESS] heartbeat l_2ab0ce2d: 5342s cycle=203
07:38:22 [S44-HARNESS] heartbeat l_2ab0ce2d: 5402s cycle=205
07:39:22 [S44-HARNESS] heartbeat l_2ab0ce2d: 5462s cycle=208
07:40:22 [S44-HARNESS] heartbeat l_2ab0ce2d: 5522s cycle=210
07:41:22 [S44-HARNESS] heartbeat l_2ab0ce2d: 5582s cycle=212
07:42:22 [S44-HARNESS] heartbeat l_2ab0ce2d: 5642s cycle=214
07:43:22 [S44-HARNESS] heartbeat l_2ab0ce2d: 5702s cycle=217
07:44:23 [S44-HARNESS] heartbeat l_2ab0ce2d: 5762s cycle=219
07:45:23 [S44-HARNESS] heartbeat l_2ab0ce2d: 5822s cycle=221
07:46:23 [S44-HARNESS] heartbeat l_2ab0ce2d: 5882s cycle=224
07:47:23 [S44-HARNESS] heartbeat l_2ab0ce2d: 5942s cycle=226
07:48:23 [S44-HARNESS] heartbeat l_2ab0ce2d: 6002s cycle=228
07:49:23 [S44-HARNESS] heartbeat l_2ab0ce2d: 6062s cycle=230
07:50:23 [S44-HARNESS] heartbeat l_2ab0ce2d: 6123s cycle=232
07:51:23 [S44-HARNESS] heartbeat l_2ab0ce2d: 6183s cycle=235
07:52:23 [S44-HARNESS] heartbeat l_2ab0ce2d: 6243s cycle=237
07:53:23 [S44-HARNESS] heartbeat l_2ab0ce2d: 6303s cycle=239
07:54:23 [S44-HARNESS] heartbeat l_2ab0ce2d: 6363s cycle=242
07:55:23 [S44-HARNESS] heartbeat l_2ab0ce2d: 6423s cycle=244
07:56:23 [S44-HARNESS] heartbeat l_2ab0ce2d: 6483s cycle=246
07:57:23 [S44-HARNESS] heartbeat l_2ab0ce2d: 6543s cycle=248
07:58:23 [S44-HARNESS] heartbeat l_2ab0ce2d: 6603s cycle=251
07:59:23 [S44-HARNESS] heartbeat l_2ab0ce2d: 6663s cycle=253
08:00:23 [S44-HARNESS] heartbeat l_2ab0ce2d: 6723s cycle=255
08:01:23 [S44-HARNESS] heartbeat l_2ab0ce2d: 6783s cycle=258
08:02:23 [S44-HARNESS] heartbeat l_2ab0ce2d: 6843s cycle=260
08:03:23 [S44-HARNESS] heartbeat l_2ab0ce2d: 6903s cycle=262
08:04:23 [S44-HARNESS] heartbeat l_2ab0ce2d: 6963s cycle=264
08:05:23 [S44-HARNESS] heartbeat l_2ab0ce2d: 7023s cycle=266
08:06:23 [S44-HARNESS] heartbeat l_2ab0ce2d: 7083s cycle=269
08:07:23 [S44-HARNESS] heartbeat l_2ab0ce2d: 7143s cycle=271
08:08:23 [S44-HARNESS] heartbeat l_2ab0ce2d: 7203s cycle=273
08:09:23 [S44-HARNESS] heartbeat l_2ab0ce2d: 7263s cycle=275
08:10:23 [S44-HARNESS] heartbeat l_2ab0ce2d: 7323s cycle=277
08:11:23 [S44-HARNESS] heartbeat l_2ab0ce2d: 7383s cycle=280
08:12:23 [S44-HARNESS] heartbeat l_2ab0ce2d: 7443s cycle=282
08:13:23 [S44-HARNESS] heartbeat l_2ab0ce2d: 7503s cycle=284
08:14:23 [S44-HARNESS] heartbeat l_2ab0ce2d: 7563s cycle=286
08:15:23 [S44-HARNESS] heartbeat l_2ab0ce2d: 7623s cycle=289
08:16:23 [S44-HARNESS] heartbeat l_2ab0ce2d: 7683s cycle=291
08:17:23 [S44-HARNESS] heartbeat l_2ab0ce2d: 7743s cycle=293
08:18:23 [S44-HARNESS] heartbeat l_2ab0ce2d: 7803s cycle=295
08:19:23 [S44-HARNESS] heartbeat l_2ab0ce2d: 7863s cycle=298
08:20:23 [S44-HARNESS] heartbeat l_2ab0ce2d: 7923s cycle=300
08:21:23 [S44-HARNESS] heartbeat l_2ab0ce2d: 7983s cycle=303
08:22:23 [S44-HARNESS] heartbeat l_2ab0ce2d: 8043s cycle=305
08:23:23 [S44-HARNESS] heartbeat l_2ab0ce2d: 8103s cycle=307
08:24:24 [S44-HARNESS] heartbeat l_2ab0ce2d: 8163s cycle=309
08:25:24 [S44-HARNESS] heartbeat l_2ab0ce2d: 8223s cycle=312
08:26:24 [S44-HARNESS] heartbeat l_2ab0ce2d: 8283s cycle=314
08:27:24 [S44-HARNESS] heartbeat l_2ab0ce2d: 8343s cycle=316
08:28:24 [S44-HARNESS] heartbeat l_2ab0ce2d: 8403s cycle=319
08:29:24 [S44-HARNESS] heartbeat l_2ab0ce2d: 8463s cycle=321
08:30:24 [S44-HARNESS] heartbeat l_2ab0ce2d: 8523s cycle=323
08:31:24 [S44-HARNESS] heartbeat l_2ab0ce2d: 8584s cycle=326
08:32:24 [S44-HARNESS] heartbeat l_2ab0ce2d: 8644s cycle=328
08:33:24 [S44-HARNESS] heartbeat l_2ab0ce2d: 8704s cycle=330
08:34:24 [S44-HARNESS] heartbeat l_2ab0ce2d: 8764s cycle=332
08:35:24 [S44-HARNESS] heartbeat l_2ab0ce2d: 8824s cycle=334
08:36:24 [S44-HARNESS] heartbeat l_2ab0ce2d: 8884s cycle=337
08:37:24 [S44-HARNESS] heartbeat l_2ab0ce2d: 8944s cycle=339
08:38:24 [S44-HARNESS] heartbeat l_2ab0ce2d: 9004s cycle=341
08:39:24 [S44-HARNESS] heartbeat l_2ab0ce2d: 9064s cycle=343
08:40:24 [S44-HARNESS] heartbeat l_2ab0ce2d: 9124s cycle=346
08:41:24 [S44-HARNESS] heartbeat l_2ab0ce2d: 9184s cycle=348
08:42:24 [S44-HARNESS] heartbeat l_2ab0ce2d: 9244s cycle=350
08:43:24 [S44-HARNESS] heartbeat l_2ab0ce2d: 9304s cycle=352
08:44:24 [S44-HARNESS] heartbeat l_2ab0ce2d: 9364s cycle=354
08:45:24 [S44-HARNESS] heartbeat l_2ab0ce2d: 9424s cycle=357
08:46:24 [S44-HARNESS] heartbeat l_2ab0ce2d: 9484s cycle=359
08:47:24 [S44-HARNESS] heartbeat l_2ab0ce2d: 9544s cycle=361
08:48:24 [S44-HARNESS] heartbeat l_2ab0ce2d: 9604s cycle=363
08:49:24 [S44-HARNESS] heartbeat l_2ab0ce2d: 9664s cycle=366
08:50:24 [S44-HARNESS] heartbeat l_2ab0ce2d: 9724s cycle=368
08:51:24 [S44-HARNESS] heartbeat l_2ab0ce2d: 9784s cycle=370
08:52:24 [S44-HARNESS] heartbeat l_2ab0ce2d: 9844s cycle=372
08:53:24 [S44-HARNESS] heartbeat l_2ab0ce2d: 9904s cycle=375
08:54:24 [S44-HARNESS] heartbeat l_2ab0ce2d: 9964s cycle=377
08:55:24 [S44-HARNESS] heartbeat l_2ab0ce2d: 10024s cycle=379
08:56:24 [S44-HARNESS] heartbeat l_2ab0ce2d: 10084s cycle=381
08:57:24 [S44-HARNESS] heartbeat l_2ab0ce2d: 10144s cycle=384
08:58:24 [S44-HARNESS] heartbeat l_2ab0ce2d: 10204s cycle=386
08:59:24 [S44-HARNESS] heartbeat l_2ab0ce2d: 10264s cycle=388
09:00:24 [S44-HARNESS] heartbeat l_2ab0ce2d: 10324s cycle=390
09:01:24 [S44-HARNESS] heartbeat l_2ab0ce2d: 10384s cycle=393
09:02:24 [S44-HARNESS] heartbeat l_2ab0ce2d: 10444s cycle=395
09:03:24 [S44-HARNESS] heartbeat l_2ab0ce2d: 10504s cycle=397
09:04:24 [S44-HARNESS] heartbeat l_2ab0ce2d: 10564s cycle=399
09:04:50 [S44-HARNESS] finished l_2ab0ce2d pid=20253 exit=0 status=certified wall=10589s
09:05:07 [W142-RUN-l_2ab0ce2d] gates {'G1_harness_clean': True, 'G2_eval_key': True, 'G3_append_reconcile': True, 'G4_tail_state_check': True, 'G5_solve_profile_reconciled_per_event': True, 'G6_v37_optimal_and_four_metrics': True, 'G7_append_sealed': True, 'G8_persistence_on_production_certificate': True, 'G9_ess_ageing_readback': True, 'G11_acceptance_cross_check': True, 'G13_holds_inert_through_first_pass_held_after': True, 'G14_all_block_capture': True, 'G15_stopping_consistent': True, 'G16_lambda_sidecar_complete': True, 'G17_rule_v6_replay_reproduces_in_cycle': True, 'G18_line_fields_every_cycle': True, 'G19_replay_bitwise_1_k0_every_field': True, 'G20_production_counters_in_per_cycle_record': True, 'G21_creep_captures_complete': True, 'G22_t_sum_in_cycle_equals_stride_and_terminal': True, 'G23_overlap_recorded': True, 'G24_exit_capture_equals_the_solve_records_and_esso_logs': True, 'G24b_clean_capture_equals_the_solve_records_and_esso_logs': True, 'G25_record_status_follows_the_settling_decision': True}
09:05:07 [W142-RUN-l_2ab0ce2d] settling v6: status certified k* 400 branch monotone window [341, 400] band_width 418.45075583457947 s -1372.6403257846832 t_sum(end) 0.8917852238580395 k0_run 328 non-clean cycles [27, 29, 37, 103] floor rejections 0 vetoes 0 cycles 400 record status certified
09:05:07 [W142] guards {'w142_checks': {'counts': {'permitted_solve': 0, 'permitted_exec': 0, 'blocked_solve': 0, 'blocked_exec': 0}, 'verify_0_failures': []}, 'w139_checks': {'counts': {'permitted_solve': 0, 'permitted_exec': 0, 'blocked_solve': 0, 'blocked_exec': 0}, 'verify_0_failures': []}, 'w137_checks': {'counts': {'permitted_solve': 0, 'permitted_exec': 0, 'blocked_solve': 0, 'blocked_exec': 0}, 'verify_0_failures': []}, 'w132_checks': {'counts': {'permitted_solve': 0, 'permitted_exec': 0, 'blocked_solve': 0, 'blocked_exec': 0}, 'verify_0_failures': []}, 'w118_checks': {'counts': {'permitted_solve': 0, 'permitted_exec': 0, 'blocked_solve': 0, 'blocked_exec': 0}, 'verify_0_failures': []}, 'w105_checks_imported': {'counts': {'permitted_solve': 0, 'permitted_exec': 0, 'blocked_solve': 0, 'blocked_exec': 0}, 'verify_0_failures': []}, 'w101_checks_imported': {'counts': {'permitted_solve': 0, 'permitted_exec': 0, 'blocked_solve': 0, 'blocked_exec': 0}, 'verify_0_failures': []}, 'w98_checks_imported': {'counts': {'permitted_solve': 0, 'permitted_exec': 0, 'blocked_solve': 0, 'blocked_exec': 0}, 'verify_0_failures': []}, 'w112_imported': {'counts': {'permitted_solve': 0, 'permitted_exec': 0, 'blocked_solve': 0, 'blocked_exec': 0}, 'verify_0_failures': []}, 'w141_swing_variants': {'counts': {'permitted_solve': 0, 'permitted_exec': 0, 'blocked_solve': 0, 'blocked_exec': 0}, 'verify_0_failures': []}, 'w139_v5_from_records': {'counts': {'permitted_solve': 0, 'permitted_exec': 0, 'blocked_solve': 0, 'blocked_exec': 0}, 'verify_0_failures': []}, 'w131_imported': {'counts': {'permitted_solve': 0, 'permitted_exec': 0, 'blocked_solve': 0, 'blocked_exec': 0}, 'verify_0_failures': []}, 'w137_ra_imported': {'counts': {'permitted_solve': 0, 'permitted_exec': 0, 'blocked_solve': 0, 'blocked_exec': 0}, 'verify_0_failures': []}, 'alpha_row_launcher': {'counts': {'permitted_solve': 0, 'permitted_exec': 0, 'blocked_solve': 0, 'blocked_exec': 0}, 'verify_0_failures': []}, 'w86_launcher': {'counts': {'permitted_solve': 0, 'permitted_exec': 0, 'blocked_solve': 0, 'blocked_exec': 0}, 'verify_0_failures': []}, 'w87': {'counts': {'permitted_solve': 0, 'permitted_exec': 0, 'blocked_solve': 0, 'blocked_exec': 0}, 'verify_0_failures': []}, 'w88': {'counts': {'permitted_solve': 0, 'permitted_exec': 0, 'blocked_solve': 0, 'blocked_exec': 0}, 'verify_0_failures': []}, 'w89_step1': {'counts': {'permitted_solve': 0, 'permitted_exec': 0, 'blocked_solve': 0, 'blocked_exec': 0}, 'verify_0_failures': []}, 'w89_3x3_launcher': {'counts': {'permitted_solve': 0, 'permitted_exec': 0, 'blocked_solve': 0, 'blocked_exec': 0}, 'verify_0_failures': []}, 'w90_3x3_parent': {'counts': {'permitted_solve': 0, 'permitted_exec': 0, 'blocked_solve': 0, 'blocked_exec': 0}, 'verify_0_failures': []}, 'w98_parent': {'counts': {'permitted_solve': 0, 'permitted_exec': 0, 'blocked_solve': 0, 'blocked_exec': 0}, 'verify_0_failures': []}, 'w101_parent': {'counts': {'permitted_solve': 0, 'permitted_exec': 0, 'blocked_solve': 0, 'blocked_exec': 0}, 'verify_0_failures': []}, 'w118_parent': {'counts': {'permitted_solve': 0, 'permitted_exec': 0, 'blocked_solve': 0, 'blocked_exec': 0}, 'verify_0_failures': []}, 'w132_parent': {'counts': {'permitted_solve': 0, 'permitted_exec': 0, 'blocked_solve': 0, 'blocked_exec': 0}, 'verify_0_failures': []}, 'w137_parent': {'counts': {'permitted_solve': 0, 'permitted_exec': 0, 'blocked_solve': 0, 'blocked_exec': 0}, 'verify_0_failures': []}, 'w139_parent': {'counts': {'permitted_solve': 0, 'permitted_exec': 0, 'blocked_solve': 0, 'blocked_exec': 0}, 'verify_0_failures': []}, 'w142_parent': {'counts': {'permitted_solve': 0, 'permitted_exec': 0, 'blocked_solve': 0, 'blocked_exec': 0}, 'verify_0_failures': []}} wall=10759s
