10:26:05 [W142-RUN-d_d3709599] memory preflight: available 17.604019165039062 GiB required 3.50 GiB -> PASS
10:26:05 [W142-RUN-d_d3709599] P5.15 Addendum 61, W142 -- v6 re-settling campaign (34 cells: the eight remaining break-even-fit D cells, claim groups 2 and 4) under the current production configuration: gated cells replayed bitwise against their original record through the first residual pass k0 (abort on the first divergence), the G cells as first C2 evaluations; the certifying regime held after the run's first residual pass (AA off, tight tail on, rho frozen); settling rule v6 (v5 -- reading gamma, window (a), certification vetoed while a NON-CLEAN cycle lies in the last W cycles the test reads, clean within 10x the tail tolerances -- with the swing noise floor tau/10: swings below it excluded from the "not growing" comparison, and a sign change closing a swing below it registering no turning point; gap clause; amended monotone branch) until it certifies or the cap; W105 captures, per-cycle t_sum and Q_cc, the IPOPT exit, final attempt tier and final metrics of every block of every cycle; cell d_d3709599 (#4) eval_key 64408baeee0990b9acc7bfc665fbc988f78527f7175233714570d69abb909fcd; cap 213; lock {'pid': 26156, 'campaign_id': 's53_w142_resettle_v6_d_d3709599', 'campaign_spec_sha256': 'a6e09a80783a78e2c6596460d79b0483eca784e0c61efbdbd007d2f46f49bc77', 'started_utc': '2026-10-01T10:26:05.370655+00:00'}
10:26:05 [S44-HARNESS] launched d_d3709599 (key 3993aebc641d4dad) pid=27091
10:26:05 [S44-HARNESS] heartbeat d_d3709599: 0s cycle=None
10:27:05 [S44-HARNESS] heartbeat d_d3709599: 60s cycle=None
10:28:05 [S44-HARNESS] heartbeat d_d3709599: 120s cycle=2
10:29:05 [S44-HARNESS] heartbeat d_d3709599: 180s cycle=5
10:30:05 [S44-HARNESS] heartbeat d_d3709599: 240s cycle=7
10:31:05 [S44-HARNESS] heartbeat d_d3709599: 300s cycle=9
10:32:05 [S44-HARNESS] heartbeat d_d3709599: 360s cycle=11
10:33:05 [S44-HARNESS] heartbeat d_d3709599: 420s cycle=13
10:34:05 [S44-HARNESS] heartbeat d_d3709599: 480s cycle=15
10:35:05 [S44-HARNESS] heartbeat d_d3709599: 540s cycle=17
10:36:05 [S44-HARNESS] heartbeat d_d3709599: 600s cycle=20
10:37:05 [S44-HARNESS] heartbeat d_d3709599: 660s cycle=22
10:38:05 [S44-HARNESS] heartbeat d_d3709599: 720s cycle=24
10:39:05 [S44-HARNESS] heartbeat d_d3709599: 780s cycle=26
10:40:05 [S44-HARNESS] heartbeat d_d3709599: 840s cycle=28
10:41:05 [S44-HARNESS] heartbeat d_d3709599: 900s cycle=31
10:42:05 [S44-HARNESS] heartbeat d_d3709599: 960s cycle=33
10:43:05 [S44-HARNESS] heartbeat d_d3709599: 1020s cycle=35
10:44:05 [S44-HARNESS] heartbeat d_d3709599: 1080s cycle=38
10:45:05 [S44-HARNESS] heartbeat d_d3709599: 1140s cycle=40
10:46:05 [S44-HARNESS] heartbeat d_d3709599: 1200s cycle=42
10:47:05 [S44-HARNESS] heartbeat d_d3709599: 1260s cycle=45
10:48:05 [S44-HARNESS] heartbeat d_d3709599: 1320s cycle=47
10:49:05 [S44-HARNESS] heartbeat d_d3709599: 1380s cycle=49
10:50:05 [S44-HARNESS] heartbeat d_d3709599: 1440s cycle=52
10:51:05 [S44-HARNESS] heartbeat d_d3709599: 1500s cycle=54
10:52:05 [S44-HARNESS] heartbeat d_d3709599: 1560s cycle=56
10:53:05 [S44-HARNESS] heartbeat d_d3709599: 1620s cycle=59
10:54:05 [S44-HARNESS] heartbeat d_d3709599: 1680s cycle=61
10:55:05 [S44-HARNESS] heartbeat d_d3709599: 1740s cycle=64
10:56:05 [S44-HARNESS] heartbeat d_d3709599: 1800s cycle=66
10:57:05 [S44-HARNESS] heartbeat d_d3709599: 1861s cycle=69
10:58:05 [S44-HARNESS] heartbeat d_d3709599: 1921s cycle=71
10:59:05 [S44-HARNESS] heartbeat d_d3709599: 1981s cycle=73
11:00:05 [S44-HARNESS] heartbeat d_d3709599: 2041s cycle=75
11:01:05 [S44-HARNESS] heartbeat d_d3709599: 2101s cycle=78
11:02:05 [S44-HARNESS] heartbeat d_d3709599: 2161s cycle=80
11:03:05 [S44-HARNESS] heartbeat d_d3709599: 2221s cycle=82
11:04:05 [S44-HARNESS] heartbeat d_d3709599: 2281s cycle=84
11:05:06 [S44-HARNESS] heartbeat d_d3709599: 2341s cycle=87
11:06:06 [S44-HARNESS] heartbeat d_d3709599: 2401s cycle=89
11:07:06 [S44-HARNESS] heartbeat d_d3709599: 2461s cycle=91
11:08:06 [S44-HARNESS] heartbeat d_d3709599: 2521s cycle=93
11:09:06 [S44-HARNESS] heartbeat d_d3709599: 2581s cycle=95
11:10:06 [S44-HARNESS] heartbeat d_d3709599: 2641s cycle=98
11:11:06 [S44-HARNESS] heartbeat d_d3709599: 2701s cycle=100
11:12:06 [S44-HARNESS] heartbeat d_d3709599: 2761s cycle=103
11:13:06 [S44-HARNESS] heartbeat d_d3709599: 2821s cycle=105
11:14:06 [S44-HARNESS] heartbeat d_d3709599: 2881s cycle=107
11:15:06 [S44-HARNESS] heartbeat d_d3709599: 2941s cycle=110
11:16:06 [S44-HARNESS] heartbeat d_d3709599: 3001s cycle=112
11:17:06 [S44-HARNESS] heartbeat d_d3709599: 3061s cycle=114
11:18:06 [S44-HARNESS] heartbeat d_d3709599: 3121s cycle=117
11:19:06 [S44-HARNESS] heartbeat d_d3709599: 3181s cycle=119
11:20:06 [S44-HARNESS] heartbeat d_d3709599: 3241s cycle=122
11:21:06 [S44-HARNESS] heartbeat d_d3709599: 3301s cycle=124
11:22:06 [S44-HARNESS] heartbeat d_d3709599: 3361s cycle=126
11:23:06 [S44-HARNESS] heartbeat d_d3709599: 3421s cycle=129
11:24:06 [S44-HARNESS] heartbeat d_d3709599: 3481s cycle=131
11:25:06 [S44-HARNESS] heartbeat d_d3709599: 3541s cycle=133
11:26:06 [S44-HARNESS] heartbeat d_d3709599: 3601s cycle=136
11:27:06 [S44-HARNESS] heartbeat d_d3709599: 3661s cycle=138
11:28:06 [S44-HARNESS] heartbeat d_d3709599: 3721s cycle=140
11:29:06 [S44-HARNESS] heartbeat d_d3709599: 3781s cycle=143
11:30:06 [S44-HARNESS] heartbeat d_d3709599: 3841s cycle=145
11:31:06 [S44-HARNESS] heartbeat d_d3709599: 3901s cycle=147
11:32:06 [S44-HARNESS] heartbeat d_d3709599: 3961s cycle=150
11:33:06 [S44-HARNESS] heartbeat d_d3709599: 4021s cycle=152
11:34:06 [S44-HARNESS] heartbeat d_d3709599: 4081s cycle=154
11:35:06 [S44-HARNESS] heartbeat d_d3709599: 4141s cycle=157
11:36:06 [S44-HARNESS] heartbeat d_d3709599: 4201s cycle=159
11:37:06 [S44-HARNESS] heartbeat d_d3709599: 4261s cycle=162
11:38:06 [S44-HARNESS] heartbeat d_d3709599: 4321s cycle=164
11:39:06 [S44-HARNESS] heartbeat d_d3709599: 4381s cycle=166
11:40:06 [S44-HARNESS] heartbeat d_d3709599: 4441s cycle=169
11:41:06 [S44-HARNESS] heartbeat d_d3709599: 4502s cycle=171
11:42:06 [S44-HARNESS] heartbeat d_d3709599: 4562s cycle=174
11:42:51 [S44-HARNESS] finished d_d3709599 pid=27091 exit=0 status=certified wall=4607s
11:42:59 [W142-RUN-d_d3709599] gates {'G1_harness_clean': True, 'G2_eval_key': True, 'G3_append_reconcile': True, 'G4_tail_state_check': True, 'G5_solve_profile_reconciled_per_event': True, 'G6_v37_optimal_and_four_metrics': True, 'G7_append_sealed': True, 'G8_persistence_on_production_certificate': True, 'G9_ess_ageing_readback': True, 'G11_acceptance_cross_check': True, 'G13_holds_inert_through_first_pass_held_after': True, 'G14_all_block_capture': True, 'G15_stopping_consistent': True, 'G16_lambda_sidecar_complete': True, 'G17_rule_v6_replay_reproduces_in_cycle': True, 'G18_line_fields_every_cycle': True, 'G19_replay_bitwise_1_k0_every_field': True, 'G20_production_counters_in_per_cycle_record': True, 'G21_creep_captures_complete': True, 'G22_t_sum_in_cycle_equals_stride_and_terminal': True, 'G23_overlap_recorded': True, 'G24_exit_capture_equals_the_solve_records_and_esso_logs': True, 'G24b_clean_capture_equals_the_solve_records_and_esso_logs': True, 'G25_record_status_follows_the_settling_decision': True, 'G27_planner_a61_d_cell_certifies_under_v6': True}
11:42:59 [W142-RUN-d_d3709599] settling v6: status certified k* 175 branch oscillatory window [143, 175] band_width 3915.5008870363235 s 17666.14490365982 t_sum(end) 531.7777736562239 k0_run 104 non-clean cycles [] floor rejections 0 vetoes 0 cycles 175 record status certified
11:42:59 [W142] guards {'w142_checks': {'counts': {'permitted_solve': 0, 'permitted_exec': 0, 'blocked_solve': 0, 'blocked_exec': 0}, 'verify_0_failures': []}, 'w139_checks': {'counts': {'permitted_solve': 0, 'permitted_exec': 0, 'blocked_solve': 0, 'blocked_exec': 0}, 'verify_0_failures': []}, 'w137_checks': {'counts': {'permitted_solve': 0, 'permitted_exec': 0, 'blocked_solve': 0, 'blocked_exec': 0}, 'verify_0_failures': []}, 'w132_checks': {'counts': {'permitted_solve': 0, 'permitted_exec': 0, 'blocked_solve': 0, 'blocked_exec': 0}, 'verify_0_failures': []}, 'w118_checks': {'counts': {'permitted_solve': 0, 'permitted_exec': 0, 'blocked_solve': 0, 'blocked_exec': 0}, 'verify_0_failures': []}, 'w105_checks_imported': {'counts': {'permitted_solve': 0, 'permitted_exec': 0, 'blocked_solve': 0, 'blocked_exec': 0}, 'verify_0_failures': []}, 'w101_checks_imported': {'counts': {'permitted_solve': 0, 'permitted_exec': 0, 'blocked_solve': 0, 'blocked_exec': 0}, 'verify_0_failures': []}, 'w98_checks_imported': {'counts': {'permitted_solve': 0, 'permitted_exec': 0, 'blocked_solve': 0, 'blocked_exec': 0}, 'verify_0_failures': []}, 'w112_imported': {'counts': {'permitted_solve': 0, 'permitted_exec': 0, 'blocked_solve': 0, 'blocked_exec': 0}, 'verify_0_failures': []}, 'w141_swing_variants': {'counts': {'permitted_solve': 0, 'permitted_exec': 0, 'blocked_solve': 0, 'blocked_exec': 0}, 'verify_0_failures': []}, 'w139_v5_from_records': {'counts': {'permitted_solve': 0, 'permitted_exec': 0, 'blocked_solve': 0, 'blocked_exec': 0}, 'verify_0_failures': []}, 'w131_imported': {'counts': {'permitted_solve': 0, 'permitted_exec': 0, 'blocked_solve': 0, 'blocked_exec': 0}, 'verify_0_failures': []}, 'w137_ra_imported': {'counts': {'permitted_solve': 0, 'permitted_exec': 0, 'blocked_solve': 0, 'blocked_exec': 0}, 'verify_0_failures': []}, 'alpha_row_launcher': {'counts': {'permitted_solve': 0, 'permitted_exec': 0, 'blocked_solve': 0, 'blocked_exec': 0}, 'verify_0_failures': []}, 'w86_launcher': {'counts': {'permitted_solve': 0, 'permitted_exec': 0, 'blocked_solve': 0, 'blocked_exec': 0}, 'verify_0_failures': []}, 'w87': {'counts': {'permitted_solve': 0, 'permitted_exec': 0, 'blocked_solve': 0, 'blocked_exec': 0}, 'verify_0_failures': []}, 'w88': {'counts': {'permitted_solve': 0, 'permitted_exec': 0, 'blocked_solve': 0, 'blocked_exec': 0}, 'verify_0_failures': []}, 'w89_step1': {'counts': {'permitted_solve': 0, 'permitted_exec': 0, 'blocked_solve': 0, 'blocked_exec': 0}, 'verify_0_failures': []}, 'w89_3x3_launcher': {'counts': {'permitted_solve': 0, 'permitted_exec': 0, 'blocked_solve': 0, 'blocked_exec': 0}, 'verify_0_failures': []}, 'w90_3x3_parent': {'counts': {'permitted_solve': 0, 'permitted_exec': 0, 'blocked_solve': 0, 'blocked_exec': 0}, 'verify_0_failures': []}, 'w98_parent': {'counts': {'permitted_solve': 0, 'permitted_exec': 0, 'blocked_solve': 0, 'blocked_exec': 0}, 'verify_0_failures': []}, 'w101_parent': {'counts': {'permitted_solve': 0, 'permitted_exec': 0, 'blocked_solve': 0, 'blocked_exec': 0}, 'verify_0_failures': []}, 'w118_parent': {'counts': {'permitted_solve': 0, 'permitted_exec': 0, 'blocked_solve': 0, 'blocked_exec': 0}, 'verify_0_failures': []}, 'w132_parent': {'counts': {'permitted_solve': 0, 'permitted_exec': 0, 'blocked_solve': 0, 'blocked_exec': 0}, 'verify_0_failures': []}, 'w137_parent': {'counts': {'permitted_solve': 0, 'permitted_exec': 0, 'blocked_solve': 0, 'blocked_exec': 0}, 'verify_0_failures': []}, 'w139_parent': {'counts': {'permitted_solve': 0, 'permitted_exec': 0, 'blocked_solve': 0, 'blocked_exec': 0}, 'verify_0_failures': []}, 'w142_parent': {'counts': {'permitted_solve': 0, 'permitted_exec': 0, 'blocked_solve': 0, 'blocked_exec': 0}, 'verify_0_failures': []}} wall=4786s
