10:49:14 [W142-RUN-l_7db09f6c] memory preflight: available 18.045211791992188 GiB required 3.50 GiB -> PASS
10:49:14 [W142-RUN-l_7db09f6c] P5.15 Addendum 61, W142 -- v6 re-settling campaign (34 cells: the eight remaining break-even-fit D cells, claim groups 2 and 4) under the current production configuration: gated cells replayed bitwise against their original record through the first residual pass k0 (abort on the first divergence), the G cells as first C2 evaluations; the certifying regime held after the run's first residual pass (AA off, tight tail on, rho frozen); settling rule v6 (v5 -- reading gamma, window (a), certification vetoed while a NON-CLEAN cycle lies in the last W cycles the test reads, clean within 10x the tail tolerances -- with the swing noise floor tau/10: swings below it excluded from the "not growing" comparison, and a sign change closing a swing below it registering no turning point; gap clause; amended monotone branch) until it certifies or the cap; W105 captures, per-cycle t_sum and Q_cc, the IPOPT exit, final attempt tier and final metrics of every block of every cycle; cell l_7db09f6c (#29) eval_key 7f5a857b06a6083a80e945321e58b756d62be69e8d608bb66df53ed52b6c11e7; cap 292; lock {'pid': 60971, 'campaign_id': 's53_w142_resettle_v6_l_7db09f6c', 'campaign_spec_sha256': '3e276456597f96262fed9bc84d1ac1cd8acf759ed0fa239ed72d94bb72709a5d', 'started_utc': '2026-10-03T10:49:14.089161+00:00'}
10:49:14 [S44-HARNESS] launched l_7db09f6c (key 7126547f202b904c) pid=61513
10:49:14 [S44-HARNESS] heartbeat l_7db09f6c: 0s cycle=None
10:50:14 [S44-HARNESS] heartbeat l_7db09f6c: 60s cycle=None
10:51:14 [S44-HARNESS] heartbeat l_7db09f6c: 120s cycle=2
10:52:14 [S44-HARNESS] heartbeat l_7db09f6c: 180s cycle=5
10:53:14 [S44-HARNESS] heartbeat l_7db09f6c: 240s cycle=7
10:54:14 [S44-HARNESS] heartbeat l_7db09f6c: 300s cycle=9
10:55:14 [S44-HARNESS] heartbeat l_7db09f6c: 360s cycle=11
10:56:14 [S44-HARNESS] heartbeat l_7db09f6c: 420s cycle=13
10:57:14 [S44-HARNESS] heartbeat l_7db09f6c: 480s cycle=15
10:58:14 [S44-HARNESS] heartbeat l_7db09f6c: 540s cycle=18
10:59:14 [S44-HARNESS] heartbeat l_7db09f6c: 600s cycle=20
11:00:14 [S44-HARNESS] heartbeat l_7db09f6c: 660s cycle=22
11:01:14 [S44-HARNESS] heartbeat l_7db09f6c: 720s cycle=24
11:02:14 [S44-HARNESS] heartbeat l_7db09f6c: 780s cycle=27
11:03:14 [S44-HARNESS] heartbeat l_7db09f6c: 840s cycle=29
11:04:14 [S44-HARNESS] heartbeat l_7db09f6c: 900s cycle=31
11:05:14 [S44-HARNESS] heartbeat l_7db09f6c: 960s cycle=33
11:06:14 [S44-HARNESS] heartbeat l_7db09f6c: 1020s cycle=36
11:07:14 [S44-HARNESS] heartbeat l_7db09f6c: 1080s cycle=38
11:08:14 [S44-HARNESS] heartbeat l_7db09f6c: 1140s cycle=40
11:09:14 [S44-HARNESS] heartbeat l_7db09f6c: 1200s cycle=43
11:10:14 [S44-HARNESS] heartbeat l_7db09f6c: 1261s cycle=45
11:11:14 [S44-HARNESS] heartbeat l_7db09f6c: 1321s cycle=47
11:12:14 [S44-HARNESS] heartbeat l_7db09f6c: 1381s cycle=49
11:13:14 [S44-HARNESS] heartbeat l_7db09f6c: 1441s cycle=52
11:14:14 [S44-HARNESS] heartbeat l_7db09f6c: 1501s cycle=54
11:15:14 [S44-HARNESS] heartbeat l_7db09f6c: 1561s cycle=56
11:16:14 [S44-HARNESS] heartbeat l_7db09f6c: 1621s cycle=58
11:17:14 [S44-HARNESS] heartbeat l_7db09f6c: 1681s cycle=61
11:18:14 [S44-HARNESS] heartbeat l_7db09f6c: 1741s cycle=63
11:19:14 [S44-HARNESS] heartbeat l_7db09f6c: 1801s cycle=66
11:20:14 [S44-HARNESS] heartbeat l_7db09f6c: 1861s cycle=68
11:21:14 [S44-HARNESS] heartbeat l_7db09f6c: 1921s cycle=70
11:22:14 [S44-HARNESS] heartbeat l_7db09f6c: 1981s cycle=73
11:23:14 [S44-HARNESS] heartbeat l_7db09f6c: 2041s cycle=75
11:24:14 [S44-HARNESS] heartbeat l_7db09f6c: 2101s cycle=77
11:25:14 [S44-HARNESS] heartbeat l_7db09f6c: 2161s cycle=80
11:26:15 [S44-HARNESS] heartbeat l_7db09f6c: 2221s cycle=82
11:27:15 [S44-HARNESS] heartbeat l_7db09f6c: 2281s cycle=84
11:28:15 [S44-HARNESS] heartbeat l_7db09f6c: 2341s cycle=87
11:29:15 [S44-HARNESS] heartbeat l_7db09f6c: 2401s cycle=89
11:30:15 [S44-HARNESS] heartbeat l_7db09f6c: 2461s cycle=91
11:31:15 [S44-HARNESS] heartbeat l_7db09f6c: 2521s cycle=93
11:32:15 [S44-HARNESS] heartbeat l_7db09f6c: 2581s cycle=96
11:33:15 [S44-HARNESS] heartbeat l_7db09f6c: 2641s cycle=98
11:34:15 [S44-HARNESS] heartbeat l_7db09f6c: 2701s cycle=100
11:35:15 [S44-HARNESS] heartbeat l_7db09f6c: 2761s cycle=103
11:36:15 [S44-HARNESS] heartbeat l_7db09f6c: 2821s cycle=105
11:37:15 [S44-HARNESS] heartbeat l_7db09f6c: 2881s cycle=107
11:38:15 [S44-HARNESS] heartbeat l_7db09f6c: 2941s cycle=109
11:39:15 [S44-HARNESS] heartbeat l_7db09f6c: 3001s cycle=112
11:40:15 [S44-HARNESS] heartbeat l_7db09f6c: 3061s cycle=114
11:41:15 [S44-HARNESS] heartbeat l_7db09f6c: 3121s cycle=117
11:42:15 [S44-HARNESS] heartbeat l_7db09f6c: 3181s cycle=119
11:43:15 [S44-HARNESS] heartbeat l_7db09f6c: 3241s cycle=122
11:44:15 [S44-HARNESS] heartbeat l_7db09f6c: 3301s cycle=124
11:45:15 [S44-HARNESS] heartbeat l_7db09f6c: 3361s cycle=126
11:46:15 [S44-HARNESS] heartbeat l_7db09f6c: 3421s cycle=129
11:47:15 [S44-HARNESS] heartbeat l_7db09f6c: 3481s cycle=131
11:48:15 [S44-HARNESS] heartbeat l_7db09f6c: 3541s cycle=133
11:49:15 [S44-HARNESS] heartbeat l_7db09f6c: 3601s cycle=136
11:50:15 [S44-HARNESS] heartbeat l_7db09f6c: 3662s cycle=138
11:51:15 [S44-HARNESS] heartbeat l_7db09f6c: 3722s cycle=141
11:52:15 [S44-HARNESS] heartbeat l_7db09f6c: 3782s cycle=143
11:53:15 [S44-HARNESS] heartbeat l_7db09f6c: 3842s cycle=145
11:54:15 [S44-HARNESS] heartbeat l_7db09f6c: 3902s cycle=147
11:55:15 [S44-HARNESS] heartbeat l_7db09f6c: 3962s cycle=150
11:56:15 [S44-HARNESS] heartbeat l_7db09f6c: 4022s cycle=152
11:57:15 [S44-HARNESS] heartbeat l_7db09f6c: 4082s cycle=155
11:58:15 [S44-HARNESS] heartbeat l_7db09f6c: 4142s cycle=157
11:59:15 [S44-HARNESS] heartbeat l_7db09f6c: 4202s cycle=159
12:00:15 [S44-HARNESS] heartbeat l_7db09f6c: 4262s cycle=161
12:01:15 [S44-HARNESS] heartbeat l_7db09f6c: 4322s cycle=164
12:02:15 [S44-HARNESS] heartbeat l_7db09f6c: 4382s cycle=166
12:03:15 [S44-HARNESS] heartbeat l_7db09f6c: 4442s cycle=169
12:04:15 [S44-HARNESS] heartbeat l_7db09f6c: 4502s cycle=171
12:05:15 [S44-HARNESS] heartbeat l_7db09f6c: 4562s cycle=173
12:06:15 [S44-HARNESS] heartbeat l_7db09f6c: 4622s cycle=176
12:07:16 [S44-HARNESS] heartbeat l_7db09f6c: 4682s cycle=178
12:08:16 [S44-HARNESS] heartbeat l_7db09f6c: 4742s cycle=180
12:09:16 [S44-HARNESS] heartbeat l_7db09f6c: 4802s cycle=183
12:10:16 [S44-HARNESS] heartbeat l_7db09f6c: 4862s cycle=185
12:11:16 [S44-HARNESS] heartbeat l_7db09f6c: 4922s cycle=187
12:12:16 [S44-HARNESS] heartbeat l_7db09f6c: 4982s cycle=190
12:13:16 [S44-HARNESS] heartbeat l_7db09f6c: 5042s cycle=192
12:14:16 [S44-HARNESS] heartbeat l_7db09f6c: 5102s cycle=194
12:15:16 [S44-HARNESS] heartbeat l_7db09f6c: 5162s cycle=197
12:16:16 [S44-HARNESS] heartbeat l_7db09f6c: 5222s cycle=199
12:17:16 [S44-HARNESS] heartbeat l_7db09f6c: 5282s cycle=201
12:18:16 [S44-HARNESS] heartbeat l_7db09f6c: 5342s cycle=204
12:19:16 [S44-HARNESS] heartbeat l_7db09f6c: 5402s cycle=206
12:20:16 [S44-HARNESS] heartbeat l_7db09f6c: 5462s cycle=208
12:21:16 [S44-HARNESS] heartbeat l_7db09f6c: 5522s cycle=211
12:22:16 [S44-HARNESS] heartbeat l_7db09f6c: 5582s cycle=213
12:23:16 [S44-HARNESS] heartbeat l_7db09f6c: 5642s cycle=215
12:24:16 [S44-HARNESS] heartbeat l_7db09f6c: 5702s cycle=217
12:25:16 [S44-HARNESS] heartbeat l_7db09f6c: 5762s cycle=220
12:26:16 [S44-HARNESS] heartbeat l_7db09f6c: 5822s cycle=222
12:27:16 [S44-HARNESS] heartbeat l_7db09f6c: 5882s cycle=224
12:28:16 [S44-HARNESS] heartbeat l_7db09f6c: 5942s cycle=227
12:29:16 [S44-HARNESS] heartbeat l_7db09f6c: 6002s cycle=229
12:30:16 [S44-HARNESS] heartbeat l_7db09f6c: 6062s cycle=231
12:31:16 [S44-HARNESS] heartbeat l_7db09f6c: 6123s cycle=234
12:32:16 [S44-HARNESS] heartbeat l_7db09f6c: 6183s cycle=236
12:33:16 [S44-HARNESS] heartbeat l_7db09f6c: 6243s cycle=238
12:34:16 [S44-HARNESS] heartbeat l_7db09f6c: 6303s cycle=240
12:35:16 [S44-HARNESS] heartbeat l_7db09f6c: 6363s cycle=243
12:36:16 [S44-HARNESS] heartbeat l_7db09f6c: 6423s cycle=245
12:37:16 [S44-HARNESS] heartbeat l_7db09f6c: 6483s cycle=247
12:38:16 [S44-HARNESS] heartbeat l_7db09f6c: 6543s cycle=250
12:39:01 [S44-HARNESS] finished l_7db09f6c pid=61513 exit=0 status=certified wall=6588s
12:39:11 [W142-RUN-l_7db09f6c] gates {'G1_harness_clean': True, 'G2_eval_key': True, 'G3_append_reconcile': True, 'G4_tail_state_check': True, 'G5_solve_profile_reconciled_per_event': True, 'G6_v37_optimal_and_four_metrics': True, 'G7_append_sealed': True, 'G8_persistence_on_production_certificate': True, 'G9_ess_ageing_readback': True, 'G11_acceptance_cross_check': True, 'G13_holds_inert_through_first_pass_held_after': True, 'G14_all_block_capture': True, 'G15_stopping_consistent': True, 'G16_lambda_sidecar_complete': True, 'G17_rule_v6_replay_reproduces_in_cycle': True, 'G18_line_fields_every_cycle': True, 'G19_replay_bitwise_1_k0_every_field': True, 'G20_production_counters_in_per_cycle_record': True, 'G21_creep_captures_complete': True, 'G22_t_sum_in_cycle_equals_stride_and_terminal': True, 'G23_overlap_recorded': True, 'G24_exit_capture_equals_the_solve_records_and_esso_logs': True, 'G24b_clean_capture_equals_the_solve_records_and_esso_logs': True, 'G25_record_status_follows_the_settling_decision': True}
12:39:11 [W142-RUN-l_7db09f6c] settling v6: status certified k* 251 branch monotone window [192, 251] band_width 416.45191979408264 s -880.5964586734772 t_sum(end) -63.46197905267629 k0_run 183 non-clean cycles [28, 54, 70, 105] floor rejections 0 vetoes 0 cycles 251 record status certified
12:39:11 [W142] guards {'w142_checks': {'counts': {'permitted_solve': 0, 'permitted_exec': 0, 'blocked_solve': 0, 'blocked_exec': 0}, 'verify_0_failures': []}, 'w139_checks': {'counts': {'permitted_solve': 0, 'permitted_exec': 0, 'blocked_solve': 0, 'blocked_exec': 0}, 'verify_0_failures': []}, 'w137_checks': {'counts': {'permitted_solve': 0, 'permitted_exec': 0, 'blocked_solve': 0, 'blocked_exec': 0}, 'verify_0_failures': []}, 'w132_checks': {'counts': {'permitted_solve': 0, 'permitted_exec': 0, 'blocked_solve': 0, 'blocked_exec': 0}, 'verify_0_failures': []}, 'w118_checks': {'counts': {'permitted_solve': 0, 'permitted_exec': 0, 'blocked_solve': 0, 'blocked_exec': 0}, 'verify_0_failures': []}, 'w105_checks_imported': {'counts': {'permitted_solve': 0, 'permitted_exec': 0, 'blocked_solve': 0, 'blocked_exec': 0}, 'verify_0_failures': []}, 'w101_checks_imported': {'counts': {'permitted_solve': 0, 'permitted_exec': 0, 'blocked_solve': 0, 'blocked_exec': 0}, 'verify_0_failures': []}, 'w98_checks_imported': {'counts': {'permitted_solve': 0, 'permitted_exec': 0, 'blocked_solve': 0, 'blocked_exec': 0}, 'verify_0_failures': []}, 'w112_imported': {'counts': {'permitted_solve': 0, 'permitted_exec': 0, 'blocked_solve': 0, 'blocked_exec': 0}, 'verify_0_failures': []}, 'w141_swing_variants': {'counts': {'permitted_solve': 0, 'permitted_exec': 0, 'blocked_solve': 0, 'blocked_exec': 0}, 'verify_0_failures': []}, 'w139_v5_from_records': {'counts': {'permitted_solve': 0, 'permitted_exec': 0, 'blocked_solve': 0, 'blocked_exec': 0}, 'verify_0_failures': []}, 'w131_imported': {'counts': {'permitted_solve': 0, 'permitted_exec': 0, 'blocked_solve': 0, 'blocked_exec': 0}, 'verify_0_failures': []}, 'w137_ra_imported': {'counts': {'permitted_solve': 0, 'permitted_exec': 0, 'blocked_solve': 0, 'blocked_exec': 0}, 'verify_0_failures': []}, 'alpha_row_launcher': {'counts': {'permitted_solve': 0, 'permitted_exec': 0, 'blocked_solve': 0, 'blocked_exec': 0}, 'verify_0_failures': []}, 'w86_launcher': {'counts': {'permitted_solve': 0, 'permitted_exec': 0, 'blocked_solve': 0, 'blocked_exec': 0}, 'verify_0_failures': []}, 'w87': {'counts': {'permitted_solve': 0, 'permitted_exec': 0, 'blocked_solve': 0, 'blocked_exec': 0}, 'verify_0_failures': []}, 'w88': {'counts': {'permitted_solve': 0, 'permitted_exec': 0, 'blocked_solve': 0, 'blocked_exec': 0}, 'verify_0_failures': []}, 'w89_step1': {'counts': {'permitted_solve': 0, 'permitted_exec': 0, 'blocked_solve': 0, 'blocked_exec': 0}, 'verify_0_failures': []}, 'w89_3x3_launcher': {'counts': {'permitted_solve': 0, 'permitted_exec': 0, 'blocked_solve': 0, 'blocked_exec': 0}, 'verify_0_failures': []}, 'w90_3x3_parent': {'counts': {'permitted_solve': 0, 'permitted_exec': 0, 'blocked_solve': 0, 'blocked_exec': 0}, 'verify_0_failures': []}, 'w98_parent': {'counts': {'permitted_solve': 0, 'permitted_exec': 0, 'blocked_solve': 0, 'blocked_exec': 0}, 'verify_0_failures': []}, 'w101_parent': {'counts': {'permitted_solve': 0, 'permitted_exec': 0, 'blocked_solve': 0, 'blocked_exec': 0}, 'verify_0_failures': []}, 'w118_parent': {'counts': {'permitted_solve': 0, 'permitted_exec': 0, 'blocked_solve': 0, 'blocked_exec': 0}, 'verify_0_failures': []}, 'w132_parent': {'counts': {'permitted_solve': 0, 'permitted_exec': 0, 'blocked_solve': 0, 'blocked_exec': 0}, 'verify_0_failures': []}, 'w137_parent': {'counts': {'permitted_solve': 0, 'permitted_exec': 0, 'blocked_solve': 0, 'blocked_exec': 0}, 'verify_0_failures': []}, 'w139_parent': {'counts': {'permitted_solve': 0, 'permitted_exec': 0, 'blocked_solve': 0, 'blocked_exec': 0}, 'verify_0_failures': []}, 'w142_parent': {'counts': {'permitted_solve': 0, 'permitted_exec': 0, 'blocked_solve': 0, 'blocked_exec': 0}, 'verify_0_failures': []}} wall=6750s
