07:01:54 [W142-RUN-d_3632b0ae] memory preflight: available 17.9129638671875 GiB required 3.50 GiB -> PASS
07:01:54 [W142-RUN-d_3632b0ae] P5.15 Addendum 61, W142 -- v6 re-settling campaign (34 cells: the eight remaining break-even-fit D cells, claim groups 2 and 4) under the current production configuration: gated cells replayed bitwise against their original record through the first residual pass k0 (abort on the first divergence), the G cells as first C2 evaluations; the certifying regime held after the run's first residual pass (AA off, tight tail on, rho frozen); settling rule v6 (v5 -- reading gamma, window (a), certification vetoed while a NON-CLEAN cycle lies in the last W cycles the test reads, clean within 10x the tail tolerances -- with the swing noise floor tau/10: swings below it excluded from the "not growing" comparison, and a sign change closing a swing below it registering no turning point; gap clause; amended monotone branch) until it certifies or the cap; W105 captures, per-cycle t_sum and Q_cc, the IPOPT exit, final attempt tier and final metrics of every block of every cycle; cell d_3632b0ae (#2) eval_key 1fe57699ce791ef6f35f1eb38ffa8865236c0caea88c1d638775e04a9b48bf96; cap 195; lock {'pid': 2843, 'campaign_id': 's53_w142_resettle_v6_d_3632b0ae', 'campaign_spec_sha256': '01c8be5d1eee5accf9b2ce0050835eb4470eed5134fab959b92f3290512f552f', 'started_utc': '2026-10-01T07:01:54.015519+00:00'}
07:01:54 [S44-HARNESS] launched d_3632b0ae (key 11725e45371a0c7f) pid=3429
07:01:54 [S44-HARNESS] heartbeat d_3632b0ae: 0s cycle=None
07:02:54 [S44-HARNESS] heartbeat d_3632b0ae: 60s cycle=None
07:03:54 [S44-HARNESS] heartbeat d_3632b0ae: 120s cycle=3
07:04:54 [S44-HARNESS] heartbeat d_3632b0ae: 180s cycle=5
07:05:54 [S44-HARNESS] heartbeat d_3632b0ae: 240s cycle=7
07:06:54 [S44-HARNESS] heartbeat d_3632b0ae: 300s cycle=10
07:07:54 [S44-HARNESS] heartbeat d_3632b0ae: 360s cycle=12
07:08:54 [S44-HARNESS] heartbeat d_3632b0ae: 420s cycle=14
07:09:54 [S44-HARNESS] heartbeat d_3632b0ae: 480s cycle=16
07:10:54 [S44-HARNESS] heartbeat d_3632b0ae: 540s cycle=18
07:11:54 [S44-HARNESS] heartbeat d_3632b0ae: 600s cycle=21
07:12:54 [S44-HARNESS] heartbeat d_3632b0ae: 660s cycle=23
07:13:54 [S44-HARNESS] heartbeat d_3632b0ae: 720s cycle=25
07:14:54 [S44-HARNESS] heartbeat d_3632b0ae: 780s cycle=27
07:15:54 [S44-HARNESS] heartbeat d_3632b0ae: 840s cycle=29
07:16:54 [S44-HARNESS] heartbeat d_3632b0ae: 900s cycle=31
07:17:54 [S44-HARNESS] heartbeat d_3632b0ae: 960s cycle=33
07:18:54 [S44-HARNESS] heartbeat d_3632b0ae: 1020s cycle=36
07:19:54 [S44-HARNESS] heartbeat d_3632b0ae: 1080s cycle=38
07:20:54 [S44-HARNESS] heartbeat d_3632b0ae: 1140s cycle=40
07:21:54 [S44-HARNESS] heartbeat d_3632b0ae: 1200s cycle=43
07:22:54 [S44-HARNESS] heartbeat d_3632b0ae: 1260s cycle=45
07:23:54 [S44-HARNESS] heartbeat d_3632b0ae: 1320s cycle=48
07:24:54 [S44-HARNESS] heartbeat d_3632b0ae: 1380s cycle=50
07:25:54 [S44-HARNESS] heartbeat d_3632b0ae: 1440s cycle=52
07:26:54 [S44-HARNESS] heartbeat d_3632b0ae: 1500s cycle=55
07:27:54 [S44-HARNESS] heartbeat d_3632b0ae: 1560s cycle=57
07:28:54 [S44-HARNESS] heartbeat d_3632b0ae: 1620s cycle=60
07:29:54 [S44-HARNESS] heartbeat d_3632b0ae: 1681s cycle=62
07:30:54 [S44-HARNESS] heartbeat d_3632b0ae: 1741s cycle=64
07:31:54 [S44-HARNESS] heartbeat d_3632b0ae: 1801s cycle=67
07:32:54 [S44-HARNESS] heartbeat d_3632b0ae: 1861s cycle=69
07:33:54 [S44-HARNESS] heartbeat d_3632b0ae: 1921s cycle=72
07:34:54 [S44-HARNESS] heartbeat d_3632b0ae: 1981s cycle=74
07:35:54 [S44-HARNESS] heartbeat d_3632b0ae: 2041s cycle=77
07:36:54 [S44-HARNESS] heartbeat d_3632b0ae: 2101s cycle=79
07:37:54 [S44-HARNESS] heartbeat d_3632b0ae: 2161s cycle=82
07:38:54 [S44-HARNESS] heartbeat d_3632b0ae: 2221s cycle=84
07:39:54 [S44-HARNESS] heartbeat d_3632b0ae: 2281s cycle=86
07:40:54 [S44-HARNESS] heartbeat d_3632b0ae: 2341s cycle=89
07:41:54 [S44-HARNESS] heartbeat d_3632b0ae: 2401s cycle=91
07:42:54 [S44-HARNESS] heartbeat d_3632b0ae: 2461s cycle=94
07:43:54 [S44-HARNESS] heartbeat d_3632b0ae: 2521s cycle=96
07:44:54 [S44-HARNESS] heartbeat d_3632b0ae: 2581s cycle=98
07:45:54 [S44-HARNESS] heartbeat d_3632b0ae: 2641s cycle=101
07:46:54 [S44-HARNESS] heartbeat d_3632b0ae: 2701s cycle=103
07:47:54 [S44-HARNESS] heartbeat d_3632b0ae: 2761s cycle=105
07:48:54 [S44-HARNESS] heartbeat d_3632b0ae: 2821s cycle=108
07:49:55 [S44-HARNESS] heartbeat d_3632b0ae: 2881s cycle=110
07:50:55 [S44-HARNESS] heartbeat d_3632b0ae: 2941s cycle=112
07:51:55 [S44-HARNESS] heartbeat d_3632b0ae: 3001s cycle=115
07:52:55 [S44-HARNESS] heartbeat d_3632b0ae: 3061s cycle=117
07:53:55 [S44-HARNESS] heartbeat d_3632b0ae: 3121s cycle=120
07:54:55 [S44-HARNESS] heartbeat d_3632b0ae: 3181s cycle=122
07:55:55 [S44-HARNESS] heartbeat d_3632b0ae: 3241s cycle=125
07:56:55 [S44-HARNESS] heartbeat d_3632b0ae: 3301s cycle=127
07:57:55 [S44-HARNESS] heartbeat d_3632b0ae: 3361s cycle=129
07:58:55 [S44-HARNESS] heartbeat d_3632b0ae: 3421s cycle=132
07:59:55 [S44-HARNESS] heartbeat d_3632b0ae: 3481s cycle=134
08:00:55 [S44-HARNESS] heartbeat d_3632b0ae: 3541s cycle=137
08:01:55 [S44-HARNESS] heartbeat d_3632b0ae: 3601s cycle=139
08:02:55 [S44-HARNESS] heartbeat d_3632b0ae: 3661s cycle=141
08:03:55 [S44-HARNESS] heartbeat d_3632b0ae: 3721s cycle=144
08:04:55 [S44-HARNESS] heartbeat d_3632b0ae: 3781s cycle=146
08:05:55 [S44-HARNESS] heartbeat d_3632b0ae: 3841s cycle=148
08:06:55 [S44-HARNESS] heartbeat d_3632b0ae: 3901s cycle=151
08:07:55 [S44-HARNESS] heartbeat d_3632b0ae: 3961s cycle=153
08:08:00 [S44-HARNESS] finished d_3632b0ae pid=3429 exit=0 status=certified wall=3966s
08:08:06 [W142-RUN-d_3632b0ae] gates {'G1_harness_clean': True, 'G2_eval_key': True, 'G3_append_reconcile': True, 'G4_tail_state_check': True, 'G5_solve_profile_reconciled_per_event': True, 'G6_v37_optimal_and_four_metrics': True, 'G7_append_sealed': True, 'G8_persistence_on_production_certificate': True, 'G9_ess_ageing_readback': True, 'G11_acceptance_cross_check': True, 'G13_holds_inert_through_first_pass_held_after': True, 'G14_all_block_capture': True, 'G15_stopping_consistent': True, 'G16_lambda_sidecar_complete': True, 'G17_rule_v6_replay_reproduces_in_cycle': True, 'G18_line_fields_every_cycle': True, 'G19_replay_bitwise_1_k0_every_field': True, 'G20_production_counters_in_per_cycle_record': True, 'G21_creep_captures_complete': True, 'G22_t_sum_in_cycle_equals_stride_and_terminal': True, 'G23_overlap_recorded': True, 'G24_exit_capture_equals_the_solve_records_and_esso_logs': True, 'G24b_clean_capture_equals_the_solve_records_and_esso_logs': True, 'G25_record_status_follows_the_settling_decision': True, 'G27_planner_a61_d_cell_certifies_under_v6': True}
08:08:06 [W142-RUN-d_3632b0ae] settling v6: status certified k* 153 branch oscillatory window [130, 153] band_width 4523.715281248093 s 18063.196694135666 t_sum(end) 843.213326043616 k0_run 86 non-clean cycles [10, 28, 30, 48, 81] floor rejections 1 vetoes 0 cycles 153 record status certified
08:08:06 [W142] guards {'w142_checks': {'counts': {'permitted_solve': 0, 'permitted_exec': 0, 'blocked_solve': 0, 'blocked_exec': 0}, 'verify_0_failures': []}, 'w139_checks': {'counts': {'permitted_solve': 0, 'permitted_exec': 0, 'blocked_solve': 0, 'blocked_exec': 0}, 'verify_0_failures': []}, 'w137_checks': {'counts': {'permitted_solve': 0, 'permitted_exec': 0, 'blocked_solve': 0, 'blocked_exec': 0}, 'verify_0_failures': []}, 'w132_checks': {'counts': {'permitted_solve': 0, 'permitted_exec': 0, 'blocked_solve': 0, 'blocked_exec': 0}, 'verify_0_failures': []}, 'w118_checks': {'counts': {'permitted_solve': 0, 'permitted_exec': 0, 'blocked_solve': 0, 'blocked_exec': 0}, 'verify_0_failures': []}, 'w105_checks_imported': {'counts': {'permitted_solve': 0, 'permitted_exec': 0, 'blocked_solve': 0, 'blocked_exec': 0}, 'verify_0_failures': []}, 'w101_checks_imported': {'counts': {'permitted_solve': 0, 'permitted_exec': 0, 'blocked_solve': 0, 'blocked_exec': 0}, 'verify_0_failures': []}, 'w98_checks_imported': {'counts': {'permitted_solve': 0, 'permitted_exec': 0, 'blocked_solve': 0, 'blocked_exec': 0}, 'verify_0_failures': []}, 'w112_imported': {'counts': {'permitted_solve': 0, 'permitted_exec': 0, 'blocked_solve': 0, 'blocked_exec': 0}, 'verify_0_failures': []}, 'w141_swing_variants': {'counts': {'permitted_solve': 0, 'permitted_exec': 0, 'blocked_solve': 0, 'blocked_exec': 0}, 'verify_0_failures': []}, 'w139_v5_from_records': {'counts': {'permitted_solve': 0, 'permitted_exec': 0, 'blocked_solve': 0, 'blocked_exec': 0}, 'verify_0_failures': []}, 'w131_imported': {'counts': {'permitted_solve': 0, 'permitted_exec': 0, 'blocked_solve': 0, 'blocked_exec': 0}, 'verify_0_failures': []}, 'w137_ra_imported': {'counts': {'permitted_solve': 0, 'permitted_exec': 0, 'blocked_solve': 0, 'blocked_exec': 0}, 'verify_0_failures': []}, 'alpha_row_launcher': {'counts': {'permitted_solve': 0, 'permitted_exec': 0, 'blocked_solve': 0, 'blocked_exec': 0}, 'verify_0_failures': []}, 'w86_launcher': {'counts': {'permitted_solve': 0, 'permitted_exec': 0, 'blocked_solve': 0, 'blocked_exec': 0}, 'verify_0_failures': []}, 'w87': {'counts': {'permitted_solve': 0, 'permitted_exec': 0, 'blocked_solve': 0, 'blocked_exec': 0}, 'verify_0_failures': []}, 'w88': {'counts': {'permitted_solve': 0, 'permitted_exec': 0, 'blocked_solve': 0, 'blocked_exec': 0}, 'verify_0_failures': []}, 'w89_step1': {'counts': {'permitted_solve': 0, 'permitted_exec': 0, 'blocked_solve': 0, 'blocked_exec': 0}, 'verify_0_failures': []}, 'w89_3x3_launcher': {'counts': {'permitted_solve': 0, 'permitted_exec': 0, 'blocked_solve': 0, 'blocked_exec': 0}, 'verify_0_failures': []}, 'w90_3x3_parent': {'counts': {'permitted_solve': 0, 'permitted_exec': 0, 'blocked_solve': 0, 'blocked_exec': 0}, 'verify_0_failures': []}, 'w98_parent': {'counts': {'permitted_solve': 0, 'permitted_exec': 0, 'blocked_solve': 0, 'blocked_exec': 0}, 'verify_0_failures': []}, 'w101_parent': {'counts': {'permitted_solve': 0, 'permitted_exec': 0, 'blocked_solve': 0, 'blocked_exec': 0}, 'verify_0_failures': []}, 'w118_parent': {'counts': {'permitted_solve': 0, 'permitted_exec': 0, 'blocked_solve': 0, 'blocked_exec': 0}, 'verify_0_failures': []}, 'w132_parent': {'counts': {'permitted_solve': 0, 'permitted_exec': 0, 'blocked_solve': 0, 'blocked_exec': 0}, 'verify_0_failures': []}, 'w137_parent': {'counts': {'permitted_solve': 0, 'permitted_exec': 0, 'blocked_solve': 0, 'blocked_exec': 0}, 'verify_0_failures': []}, 'w139_parent': {'counts': {'permitted_solve': 0, 'permitted_exec': 0, 'blocked_solve': 0, 'blocked_exec': 0}, 'verify_0_failures': []}, 'w142_parent': {'counts': {'permitted_solve': 0, 'permitted_exec': 0, 'blocked_solve': 0, 'blocked_exec': 0}, 'verify_0_failures': []}} wall=4132s
