12:43:45 [W142-RUN-l_76c78064] memory preflight: available 18.090713500976562 GiB required 3.50 GiB -> PASS
12:43:45 [W142-RUN-l_76c78064] P5.15 Addendum 61, W142 -- v6 re-settling campaign (34 cells: the eight remaining break-even-fit D cells, claim groups 2 and 4) under the current production configuration: gated cells replayed bitwise against their original record through the first residual pass k0 (abort on the first divergence), the G cells as first C2 evaluations; the certifying regime held after the run's first residual pass (AA off, tight tail on, rho frozen); settling rule v6 (v5 -- reading gamma, window (a), certification vetoed while a NON-CLEAN cycle lies in the last W cycles the test reads, clean within 10x the tail tolerances -- with the swing noise floor tau/10: swings below it excluded from the "not growing" comparison, and a sign change closing a swing below it registering no turning point; gap clause; amended monotone branch) until it certifies or the cap; W105 captures, per-cycle t_sum and Q_cc, the IPOPT exit, final attempt tier and final metrics of every block of every cycle; cell l_76c78064 (#30) eval_key 571ed31e4139a567f60a4c0c6b33c6cd187be82e306de59c77f377c4e42f4718; cap 262; lock {'pid': 77534, 'campaign_id': 's53_w142_resettle_v6_l_76c78064', 'campaign_spec_sha256': '28c930a45ecc62a3d9ef9f79947da69cf0f0e3642cf6fd73f351c9b3ad7f0b47', 'started_utc': '2026-10-03T12:43:45.938523+00:00'}
12:43:45 [S44-HARNESS] launched l_76c78064 (key 2feadb3572bb322a) pid=78076
12:43:45 [S44-HARNESS] heartbeat l_76c78064: 0s cycle=None
12:44:45 [S44-HARNESS] heartbeat l_76c78064: 60s cycle=None
12:45:45 [S44-HARNESS] heartbeat l_76c78064: 120s cycle=2
12:46:46 [S44-HARNESS] heartbeat l_76c78064: 180s cycle=5
12:47:46 [S44-HARNESS] heartbeat l_76c78064: 240s cycle=7
12:48:46 [S44-HARNESS] heartbeat l_76c78064: 300s cycle=10
12:49:46 [S44-HARNESS] heartbeat l_76c78064: 360s cycle=12
12:50:46 [S44-HARNESS] heartbeat l_76c78064: 420s cycle=15
12:51:46 [S44-HARNESS] heartbeat l_76c78064: 480s cycle=17
12:52:46 [S44-HARNESS] heartbeat l_76c78064: 540s cycle=20
12:53:46 [S44-HARNESS] heartbeat l_76c78064: 600s cycle=22
12:54:46 [S44-HARNESS] heartbeat l_76c78064: 660s cycle=25
12:55:46 [S44-HARNESS] heartbeat l_76c78064: 720s cycle=27
12:56:46 [S44-HARNESS] heartbeat l_76c78064: 780s cycle=30
12:57:46 [S44-HARNESS] heartbeat l_76c78064: 840s cycle=32
12:58:46 [S44-HARNESS] heartbeat l_76c78064: 900s cycle=35
12:59:46 [S44-HARNESS] heartbeat l_76c78064: 960s cycle=37
13:00:46 [S44-HARNESS] heartbeat l_76c78064: 1020s cycle=39
13:01:46 [S44-HARNESS] heartbeat l_76c78064: 1080s cycle=42
13:02:46 [S44-HARNESS] heartbeat l_76c78064: 1140s cycle=45
13:03:46 [S44-HARNESS] heartbeat l_76c78064: 1200s cycle=47
13:04:46 [S44-HARNESS] heartbeat l_76c78064: 1261s cycle=50
13:05:46 [S44-HARNESS] heartbeat l_76c78064: 1321s cycle=52
13:06:46 [S44-HARNESS] heartbeat l_76c78064: 1381s cycle=55
13:07:46 [S44-HARNESS] heartbeat l_76c78064: 1441s cycle=58
13:08:46 [S44-HARNESS] heartbeat l_76c78064: 1501s cycle=60
13:09:46 [S44-HARNESS] heartbeat l_76c78064: 1561s cycle=63
13:10:46 [S44-HARNESS] heartbeat l_76c78064: 1621s cycle=65
13:11:46 [S44-HARNESS] heartbeat l_76c78064: 1681s cycle=68
13:12:46 [S44-HARNESS] heartbeat l_76c78064: 1741s cycle=70
13:13:46 [S44-HARNESS] heartbeat l_76c78064: 1801s cycle=73
13:14:46 [S44-HARNESS] heartbeat l_76c78064: 1861s cycle=75
13:15:46 [S44-HARNESS] heartbeat l_76c78064: 1921s cycle=78
13:16:46 [S44-HARNESS] heartbeat l_76c78064: 1981s cycle=80
13:17:46 [S44-HARNESS] heartbeat l_76c78064: 2041s cycle=83
13:18:46 [S44-HARNESS] heartbeat l_76c78064: 2101s cycle=86
13:19:46 [S44-HARNESS] heartbeat l_76c78064: 2161s cycle=88
13:20:46 [S44-HARNESS] heartbeat l_76c78064: 2221s cycle=91
13:21:46 [S44-HARNESS] heartbeat l_76c78064: 2281s cycle=93
13:22:46 [S44-HARNESS] heartbeat l_76c78064: 2341s cycle=95
13:23:46 [S44-HARNESS] heartbeat l_76c78064: 2401s cycle=98
13:24:46 [S44-HARNESS] heartbeat l_76c78064: 2461s cycle=101
13:25:46 [S44-HARNESS] heartbeat l_76c78064: 2521s cycle=103
13:26:46 [S44-HARNESS] heartbeat l_76c78064: 2581s cycle=106
13:27:47 [S44-HARNESS] heartbeat l_76c78064: 2641s cycle=108
13:28:47 [S44-HARNESS] heartbeat l_76c78064: 2701s cycle=111
13:29:47 [S44-HARNESS] heartbeat l_76c78064: 2761s cycle=113
13:30:47 [S44-HARNESS] heartbeat l_76c78064: 2821s cycle=116
13:31:47 [S44-HARNESS] heartbeat l_76c78064: 2881s cycle=118
13:32:47 [S44-HARNESS] heartbeat l_76c78064: 2941s cycle=121
13:33:47 [S44-HARNESS] heartbeat l_76c78064: 3001s cycle=123
13:34:47 [S44-HARNESS] heartbeat l_76c78064: 3061s cycle=126
13:35:47 [S44-HARNESS] heartbeat l_76c78064: 3121s cycle=129
13:36:47 [S44-HARNESS] heartbeat l_76c78064: 3181s cycle=131
13:37:47 [S44-HARNESS] heartbeat l_76c78064: 3241s cycle=134
13:38:47 [S44-HARNESS] heartbeat l_76c78064: 3301s cycle=136
13:39:47 [S44-HARNESS] heartbeat l_76c78064: 3361s cycle=139
13:40:47 [S44-HARNESS] heartbeat l_76c78064: 3421s cycle=141
13:41:47 [S44-HARNESS] heartbeat l_76c78064: 3481s cycle=144
13:42:47 [S44-HARNESS] heartbeat l_76c78064: 3541s cycle=147
13:43:47 [S44-HARNESS] heartbeat l_76c78064: 3601s cycle=149
13:44:47 [S44-HARNESS] heartbeat l_76c78064: 3661s cycle=152
13:45:47 [S44-HARNESS] heartbeat l_76c78064: 3722s cycle=154
13:46:47 [S44-HARNESS] heartbeat l_76c78064: 3782s cycle=157
13:47:47 [S44-HARNESS] heartbeat l_76c78064: 3842s cycle=159
13:48:47 [S44-HARNESS] heartbeat l_76c78064: 3902s cycle=162
13:49:47 [S44-HARNESS] heartbeat l_76c78064: 3962s cycle=164
13:50:47 [S44-HARNESS] heartbeat l_76c78064: 4022s cycle=167
13:51:47 [S44-HARNESS] heartbeat l_76c78064: 4082s cycle=169
13:52:47 [S44-HARNESS] heartbeat l_76c78064: 4142s cycle=171
13:53:47 [S44-HARNESS] heartbeat l_76c78064: 4202s cycle=174
13:54:47 [S44-HARNESS] heartbeat l_76c78064: 4262s cycle=176
13:55:47 [S44-HARNESS] heartbeat l_76c78064: 4322s cycle=179
13:56:47 [S44-HARNESS] heartbeat l_76c78064: 4382s cycle=181
13:57:47 [S44-HARNESS] heartbeat l_76c78064: 4442s cycle=184
13:58:47 [S44-HARNESS] heartbeat l_76c78064: 4502s cycle=186
13:59:47 [S44-HARNESS] heartbeat l_76c78064: 4562s cycle=189
14:00:47 [S44-HARNESS] heartbeat l_76c78064: 4622s cycle=191
14:01:47 [S44-HARNESS] heartbeat l_76c78064: 4682s cycle=194
14:02:47 [S44-HARNESS] heartbeat l_76c78064: 4742s cycle=196
14:03:47 [S44-HARNESS] heartbeat l_76c78064: 4802s cycle=198
14:04:47 [S44-HARNESS] heartbeat l_76c78064: 4862s cycle=201
14:05:47 [S44-HARNESS] heartbeat l_76c78064: 4922s cycle=203
14:06:47 [S44-HARNESS] heartbeat l_76c78064: 4982s cycle=206
14:07:48 [S44-HARNESS] heartbeat l_76c78064: 5042s cycle=208
14:08:48 [S44-HARNESS] heartbeat l_76c78064: 5102s cycle=211
14:09:48 [S44-HARNESS] heartbeat l_76c78064: 5162s cycle=213
14:10:48 [S44-HARNESS] heartbeat l_76c78064: 5222s cycle=215
14:11:48 [S44-HARNESS] heartbeat l_76c78064: 5282s cycle=218
14:12:48 [S44-HARNESS] heartbeat l_76c78064: 5342s cycle=220
14:13:48 [S44-HARNESS] heartbeat l_76c78064: 5402s cycle=222
14:14:48 [S44-HARNESS] heartbeat l_76c78064: 5462s cycle=225
14:15:48 [S44-HARNESS] heartbeat l_76c78064: 5522s cycle=227
14:16:43 [S44-HARNESS] finished l_76c78064 pid=78076 exit=0 status=certified wall=5577s
14:16:51 [W142-RUN-l_76c78064] gates {'G1_harness_clean': True, 'G2_eval_key': True, 'G3_append_reconcile': True, 'G4_tail_state_check': True, 'G5_solve_profile_reconciled_per_event': True, 'G6_v37_optimal_and_four_metrics': True, 'G7_append_sealed': True, 'G8_persistence_on_production_certificate': True, 'G9_ess_ageing_readback': True, 'G11_acceptance_cross_check': True, 'G13_holds_inert_through_first_pass_held_after': True, 'G14_all_block_capture': True, 'G15_stopping_consistent': True, 'G16_lambda_sidecar_complete': True, 'G17_rule_v6_replay_reproduces_in_cycle': True, 'G18_line_fields_every_cycle': True, 'G19_replay_bitwise_1_k0_every_field': True, 'G20_production_counters_in_per_cycle_record': True, 'G21_creep_captures_complete': True, 'G22_t_sum_in_cycle_equals_stride_and_terminal': True, 'G23_overlap_recorded': True, 'G24_exit_capture_equals_the_solve_records_and_esso_logs': True, 'G24b_clean_capture_equals_the_solve_records_and_esso_logs': True, 'G25_record_status_follows_the_settling_decision': True}
14:16:51 [W142-RUN-l_76c78064] settling v6: status certified k* 229 branch monotone window [170, 229] band_width 52.78480660915375 s -399.2957648038864 t_sum(end) -68.69943958350387 k0_run 153 non-clean cycles [13, 29, 39] floor rejections 0 vetoes 0 cycles 229 record status certified
14:16:51 [W142] guards {'w142_checks': {'counts': {'permitted_solve': 0, 'permitted_exec': 0, 'blocked_solve': 0, 'blocked_exec': 0}, 'verify_0_failures': []}, 'w139_checks': {'counts': {'permitted_solve': 0, 'permitted_exec': 0, 'blocked_solve': 0, 'blocked_exec': 0}, 'verify_0_failures': []}, 'w137_checks': {'counts': {'permitted_solve': 0, 'permitted_exec': 0, 'blocked_solve': 0, 'blocked_exec': 0}, 'verify_0_failures': []}, 'w132_checks': {'counts': {'permitted_solve': 0, 'permitted_exec': 0, 'blocked_solve': 0, 'blocked_exec': 0}, 'verify_0_failures': []}, 'w118_checks': {'counts': {'permitted_solve': 0, 'permitted_exec': 0, 'blocked_solve': 0, 'blocked_exec': 0}, 'verify_0_failures': []}, 'w105_checks_imported': {'counts': {'permitted_solve': 0, 'permitted_exec': 0, 'blocked_solve': 0, 'blocked_exec': 0}, 'verify_0_failures': []}, 'w101_checks_imported': {'counts': {'permitted_solve': 0, 'permitted_exec': 0, 'blocked_solve': 0, 'blocked_exec': 0}, 'verify_0_failures': []}, 'w98_checks_imported': {'counts': {'permitted_solve': 0, 'permitted_exec': 0, 'blocked_solve': 0, 'blocked_exec': 0}, 'verify_0_failures': []}, 'w112_imported': {'counts': {'permitted_solve': 0, 'permitted_exec': 0, 'blocked_solve': 0, 'blocked_exec': 0}, 'verify_0_failures': []}, 'w141_swing_variants': {'counts': {'permitted_solve': 0, 'permitted_exec': 0, 'blocked_solve': 0, 'blocked_exec': 0}, 'verify_0_failures': []}, 'w139_v5_from_records': {'counts': {'permitted_solve': 0, 'permitted_exec': 0, 'blocked_solve': 0, 'blocked_exec': 0}, 'verify_0_failures': []}, 'w131_imported': {'counts': {'permitted_solve': 0, 'permitted_exec': 0, 'blocked_solve': 0, 'blocked_exec': 0}, 'verify_0_failures': []}, 'w137_ra_imported': {'counts': {'permitted_solve': 0, 'permitted_exec': 0, 'blocked_solve': 0, 'blocked_exec': 0}, 'verify_0_failures': []}, 'alpha_row_launcher': {'counts': {'permitted_solve': 0, 'permitted_exec': 0, 'blocked_solve': 0, 'blocked_exec': 0}, 'verify_0_failures': []}, 'w86_launcher': {'counts': {'permitted_solve': 0, 'permitted_exec': 0, 'blocked_solve': 0, 'blocked_exec': 0}, 'verify_0_failures': []}, 'w87': {'counts': {'permitted_solve': 0, 'permitted_exec': 0, 'blocked_solve': 0, 'blocked_exec': 0}, 'verify_0_failures': []}, 'w88': {'counts': {'permitted_solve': 0, 'permitted_exec': 0, 'blocked_solve': 0, 'blocked_exec': 0}, 'verify_0_failures': []}, 'w89_step1': {'counts': {'permitted_solve': 0, 'permitted_exec': 0, 'blocked_solve': 0, 'blocked_exec': 0}, 'verify_0_failures': []}, 'w89_3x3_launcher': {'counts': {'permitted_solve': 0, 'permitted_exec': 0, 'blocked_solve': 0, 'blocked_exec': 0}, 'verify_0_failures': []}, 'w90_3x3_parent': {'counts': {'permitted_solve': 0, 'permitted_exec': 0, 'blocked_solve': 0, 'blocked_exec': 0}, 'verify_0_failures': []}, 'w98_parent': {'counts': {'permitted_solve': 0, 'permitted_exec': 0, 'blocked_solve': 0, 'blocked_exec': 0}, 'verify_0_failures': []}, 'w101_parent': {'counts': {'permitted_solve': 0, 'permitted_exec': 0, 'blocked_solve': 0, 'blocked_exec': 0}, 'verify_0_failures': []}, 'w118_parent': {'counts': {'permitted_solve': 0, 'permitted_exec': 0, 'blocked_solve': 0, 'blocked_exec': 0}, 'verify_0_failures': []}, 'w132_parent': {'counts': {'permitted_solve': 0, 'permitted_exec': 0, 'blocked_solve': 0, 'blocked_exec': 0}, 'verify_0_failures': []}, 'w137_parent': {'counts': {'permitted_solve': 0, 'permitted_exec': 0, 'blocked_solve': 0, 'blocked_exec': 0}, 'verify_0_failures': []}, 'w139_parent': {'counts': {'permitted_solve': 0, 'permitted_exec': 0, 'blocked_solve': 0, 'blocked_exec': 0}, 'verify_0_failures': []}, 'w142_parent': {'counts': {'permitted_solve': 0, 'permitted_exec': 0, 'blocked_solve': 0, 'blocked_exec': 0}, 'verify_0_failures': []}} wall=5739s
