01:26:06 [W142-RUN-h_50dea31c] memory preflight: available 20.865463256835938 GiB required 3.50 GiB -> PASS
01:26:06 [W142-RUN-h_50dea31c] P5.15 Addendum 61, W142 -- v6 re-settling campaign (34 cells: the eight remaining break-even-fit D cells, claim groups 2 and 4) under the current production configuration: gated cells replayed bitwise against their original record through the first residual pass k0 (abort on the first divergence), the G cells as first C2 evaluations; the certifying regime held after the run's first residual pass (AA off, tight tail on, rho frozen); settling rule v6 (v5 -- reading gamma, window (a), certification vetoed while a NON-CLEAN cycle lies in the last W cycles the test reads, clean within 10x the tail tolerances -- with the swing noise floor tau/10: swings below it excluded from the "not growing" comparison, and a sign change closing a swing below it registering no turning point; gap clause; amended monotone branch) until it certifies or the cap; W105 captures, per-cycle t_sum and Q_cc, the IPOPT exit, final attempt tier and final metrics of every block of every cycle; cell h_50dea31c (#11) eval_key 354b1bdae2b86bce8638689641c7f32fee4c8c0aa896f1d50e9be6312ebee10d; cap 234; lock {'pid': 9670, 'campaign_id': 's53_w142_resettle_v6_h_50dea31c', 'campaign_spec_sha256': '9dd35d71eea9f206e3acaa7b8e65afd0e70d3b46f01feaa62fb2bacbbc36b782', 'started_utc': '2026-10-02T01:26:06.413975+00:00'}
01:26:06 [S44-HARNESS] launched h_50dea31c (key 8435c71859ddde68) pid=10175
01:26:06 [S44-HARNESS] heartbeat h_50dea31c: 0s cycle=None
01:27:06 [S44-HARNESS] heartbeat h_50dea31c: 60s cycle=None
01:28:06 [S44-HARNESS] heartbeat h_50dea31c: 120s cycle=3
01:29:06 [S44-HARNESS] heartbeat h_50dea31c: 180s cycle=5
01:30:06 [S44-HARNESS] heartbeat h_50dea31c: 240s cycle=8
01:31:06 [S44-HARNESS] heartbeat h_50dea31c: 300s cycle=11
01:32:06 [S44-HARNESS] heartbeat h_50dea31c: 360s cycle=13
01:33:06 [S44-HARNESS] heartbeat h_50dea31c: 420s cycle=16
01:34:06 [S44-HARNESS] heartbeat h_50dea31c: 480s cycle=19
01:35:06 [S44-HARNESS] heartbeat h_50dea31c: 540s cycle=22
01:36:06 [S44-HARNESS] heartbeat h_50dea31c: 600s cycle=24
01:37:06 [S44-HARNESS] heartbeat h_50dea31c: 660s cycle=27
01:38:06 [S44-HARNESS] heartbeat h_50dea31c: 720s cycle=30
01:39:06 [S44-HARNESS] heartbeat h_50dea31c: 780s cycle=32
01:40:06 [S44-HARNESS] heartbeat h_50dea31c: 840s cycle=35
01:41:06 [S44-HARNESS] heartbeat h_50dea31c: 900s cycle=38
01:42:06 [S44-HARNESS] heartbeat h_50dea31c: 960s cycle=41
01:43:06 [S44-HARNESS] heartbeat h_50dea31c: 1020s cycle=43
01:44:06 [S44-HARNESS] heartbeat h_50dea31c: 1080s cycle=46
01:45:06 [S44-HARNESS] heartbeat h_50dea31c: 1140s cycle=49
01:46:06 [S44-HARNESS] heartbeat h_50dea31c: 1200s cycle=52
01:47:06 [S44-HARNESS] heartbeat h_50dea31c: 1261s cycle=54
01:48:06 [S44-HARNESS] heartbeat h_50dea31c: 1321s cycle=57
01:49:06 [S44-HARNESS] heartbeat h_50dea31c: 1381s cycle=60
01:50:07 [S44-HARNESS] heartbeat h_50dea31c: 1441s cycle=62
01:51:07 [S44-HARNESS] heartbeat h_50dea31c: 1501s cycle=65
01:52:07 [S44-HARNESS] heartbeat h_50dea31c: 1561s cycle=68
01:53:07 [S44-HARNESS] heartbeat h_50dea31c: 1621s cycle=71
01:54:07 [S44-HARNESS] heartbeat h_50dea31c: 1681s cycle=73
01:55:07 [S44-HARNESS] heartbeat h_50dea31c: 1741s cycle=76
01:56:07 [S44-HARNESS] heartbeat h_50dea31c: 1801s cycle=79
01:57:07 [S44-HARNESS] heartbeat h_50dea31c: 1861s cycle=82
01:58:07 [S44-HARNESS] heartbeat h_50dea31c: 1921s cycle=84
01:59:07 [S44-HARNESS] heartbeat h_50dea31c: 1981s cycle=87
02:00:07 [S44-HARNESS] heartbeat h_50dea31c: 2041s cycle=90
02:01:07 [S44-HARNESS] heartbeat h_50dea31c: 2101s cycle=92
02:02:07 [S44-HARNESS] heartbeat h_50dea31c: 2161s cycle=95
02:03:07 [S44-HARNESS] heartbeat h_50dea31c: 2221s cycle=98
02:04:07 [S44-HARNESS] heartbeat h_50dea31c: 2281s cycle=100
02:05:07 [S44-HARNESS] heartbeat h_50dea31c: 2341s cycle=103
02:06:07 [S44-HARNESS] heartbeat h_50dea31c: 2401s cycle=106
02:07:07 [S44-HARNESS] heartbeat h_50dea31c: 2461s cycle=108
02:08:07 [S44-HARNESS] heartbeat h_50dea31c: 2521s cycle=111
02:09:07 [S44-HARNESS] heartbeat h_50dea31c: 2581s cycle=113
02:10:07 [S44-HARNESS] heartbeat h_50dea31c: 2641s cycle=116
02:11:07 [S44-HARNESS] heartbeat h_50dea31c: 2701s cycle=119
02:12:07 [S44-HARNESS] heartbeat h_50dea31c: 2761s cycle=121
02:13:07 [S44-HARNESS] heartbeat h_50dea31c: 2821s cycle=124
02:14:07 [S44-HARNESS] heartbeat h_50dea31c: 2881s cycle=127
02:15:07 [S44-HARNESS] heartbeat h_50dea31c: 2941s cycle=129
02:16:07 [S44-HARNESS] heartbeat h_50dea31c: 3001s cycle=132
02:17:07 [S44-HARNESS] heartbeat h_50dea31c: 3061s cycle=134
02:18:07 [S44-HARNESS] heartbeat h_50dea31c: 3121s cycle=137
02:19:07 [S44-HARNESS] heartbeat h_50dea31c: 3181s cycle=140
02:20:07 [S44-HARNESS] heartbeat h_50dea31c: 3241s cycle=142
02:21:07 [S44-HARNESS] heartbeat h_50dea31c: 3301s cycle=145
02:21:47 [S44-HARNESS] finished h_50dea31c pid=10175 exit=0 status=certified wall=3341s
02:21:52 [W142-RUN-h_50dea31c] gates {'G1_harness_clean': True, 'G2_eval_key': True, 'G3_append_reconcile': True, 'G4_tail_state_check': True, 'G5_solve_profile_reconciled_per_event': True, 'G6_v37_optimal_and_four_metrics': True, 'G7_append_sealed': True, 'G8_persistence_on_production_certificate': True, 'G9_ess_ageing_readback': True, 'G11_acceptance_cross_check': True, 'G13_holds_inert_through_first_pass_held_after': True, 'G14_all_block_capture': True, 'G15_stopping_consistent': True, 'G16_lambda_sidecar_complete': True, 'G17_rule_v6_replay_reproduces_in_cycle': True, 'G18_line_fields_every_cycle': True, 'G19_replay_bitwise_1_k0_every_field': True, 'G20_production_counters_in_per_cycle_record': True, 'G21_creep_captures_complete': True, 'G22_t_sum_in_cycle_equals_stride_and_terminal': True, 'G23_overlap_recorded': True, 'G24_exit_capture_equals_the_solve_records_and_esso_logs': True, 'G24b_clean_capture_equals_the_solve_records_and_esso_logs': True, 'G25_record_status_follows_the_settling_decision': True}
02:21:52 [W142-RUN-h_50dea31c] settling v6: status certified k* 146 branch oscillatory window [127, 146] band_width 2194.828753232956 s -1645.5388207435608 t_sum(end) 722.2296159909189 k0_run 125 non-clean cycles [] floor rejections 0 vetoes 0 cycles 146 record status certified
02:21:52 [W142] guards {'w142_checks': {'counts': {'permitted_solve': 0, 'permitted_exec': 0, 'blocked_solve': 0, 'blocked_exec': 0}, 'verify_0_failures': []}, 'w139_checks': {'counts': {'permitted_solve': 0, 'permitted_exec': 0, 'blocked_solve': 0, 'blocked_exec': 0}, 'verify_0_failures': []}, 'w137_checks': {'counts': {'permitted_solve': 0, 'permitted_exec': 0, 'blocked_solve': 0, 'blocked_exec': 0}, 'verify_0_failures': []}, 'w132_checks': {'counts': {'permitted_solve': 0, 'permitted_exec': 0, 'blocked_solve': 0, 'blocked_exec': 0}, 'verify_0_failures': []}, 'w118_checks': {'counts': {'permitted_solve': 0, 'permitted_exec': 0, 'blocked_solve': 0, 'blocked_exec': 0}, 'verify_0_failures': []}, 'w105_checks_imported': {'counts': {'permitted_solve': 0, 'permitted_exec': 0, 'blocked_solve': 0, 'blocked_exec': 0}, 'verify_0_failures': []}, 'w101_checks_imported': {'counts': {'permitted_solve': 0, 'permitted_exec': 0, 'blocked_solve': 0, 'blocked_exec': 0}, 'verify_0_failures': []}, 'w98_checks_imported': {'counts': {'permitted_solve': 0, 'permitted_exec': 0, 'blocked_solve': 0, 'blocked_exec': 0}, 'verify_0_failures': []}, 'w112_imported': {'counts': {'permitted_solve': 0, 'permitted_exec': 0, 'blocked_solve': 0, 'blocked_exec': 0}, 'verify_0_failures': []}, 'w141_swing_variants': {'counts': {'permitted_solve': 0, 'permitted_exec': 0, 'blocked_solve': 0, 'blocked_exec': 0}, 'verify_0_failures': []}, 'w139_v5_from_records': {'counts': {'permitted_solve': 0, 'permitted_exec': 0, 'blocked_solve': 0, 'blocked_exec': 0}, 'verify_0_failures': []}, 'w131_imported': {'counts': {'permitted_solve': 0, 'permitted_exec': 0, 'blocked_solve': 0, 'blocked_exec': 0}, 'verify_0_failures': []}, 'w137_ra_imported': {'counts': {'permitted_solve': 0, 'permitted_exec': 0, 'blocked_solve': 0, 'blocked_exec': 0}, 'verify_0_failures': []}, 'alpha_row_launcher': {'counts': {'permitted_solve': 0, 'permitted_exec': 0, 'blocked_solve': 0, 'blocked_exec': 0}, 'verify_0_failures': []}, 'w86_launcher': {'counts': {'permitted_solve': 0, 'permitted_exec': 0, 'blocked_solve': 0, 'blocked_exec': 0}, 'verify_0_failures': []}, 'w87': {'counts': {'permitted_solve': 0, 'permitted_exec': 0, 'blocked_solve': 0, 'blocked_exec': 0}, 'verify_0_failures': []}, 'w88': {'counts': {'permitted_solve': 0, 'permitted_exec': 0, 'blocked_solve': 0, 'blocked_exec': 0}, 'verify_0_failures': []}, 'w89_step1': {'counts': {'permitted_solve': 0, 'permitted_exec': 0, 'blocked_solve': 0, 'blocked_exec': 0}, 'verify_0_failures': []}, 'w89_3x3_launcher': {'counts': {'permitted_solve': 0, 'permitted_exec': 0, 'blocked_solve': 0, 'blocked_exec': 0}, 'verify_0_failures': []}, 'w90_3x3_parent': {'counts': {'permitted_solve': 0, 'permitted_exec': 0, 'blocked_solve': 0, 'blocked_exec': 0}, 'verify_0_failures': []}, 'w98_parent': {'counts': {'permitted_solve': 0, 'permitted_exec': 0, 'blocked_solve': 0, 'blocked_exec': 0}, 'verify_0_failures': []}, 'w101_parent': {'counts': {'permitted_solve': 0, 'permitted_exec': 0, 'blocked_solve': 0, 'blocked_exec': 0}, 'verify_0_failures': []}, 'w118_parent': {'counts': {'permitted_solve': 0, 'permitted_exec': 0, 'blocked_solve': 0, 'blocked_exec': 0}, 'verify_0_failures': []}, 'w132_parent': {'counts': {'permitted_solve': 0, 'permitted_exec': 0, 'blocked_solve': 0, 'blocked_exec': 0}, 'verify_0_failures': []}, 'w137_parent': {'counts': {'permitted_solve': 0, 'permitted_exec': 0, 'blocked_solve': 0, 'blocked_exec': 0}, 'verify_0_failures': []}, 'w139_parent': {'counts': {'permitted_solve': 0, 'permitted_exec': 0, 'blocked_solve': 0, 'blocked_exec': 0}, 'verify_0_failures': []}, 'w142_parent': {'counts': {'permitted_solve': 0, 'permitted_exec': 0, 'blocked_solve': 0, 'blocked_exec': 0}, 'verify_0_failures': []}} wall=3498s
