14:21:27 [W142-RUN-l_45aa25a6] memory preflight: available 18.187942504882812 GiB required 3.50 GiB -> PASS
14:21:27 [W142-RUN-l_45aa25a6] P5.15 Addendum 61, W142 -- v6 re-settling campaign (34 cells: the eight remaining break-even-fit D cells, claim groups 2 and 4) under the current production configuration: gated cells replayed bitwise against their original record through the first residual pass k0 (abort on the first divergence), the G cells as first C2 evaluations; the certifying regime held after the run's first residual pass (AA off, tight tail on, rho frozen); settling rule v6 (v5 -- reading gamma, window (a), certification vetoed while a NON-CLEAN cycle lies in the last W cycles the test reads, clean within 10x the tail tolerances -- with the swing noise floor tau/10: swings below it excluded from the "not growing" comparison, and a sign change closing a swing below it registering no turning point; gap clause; amended monotone branch) until it certifies or the cap; W105 captures, per-cycle t_sum and Q_cc, the IPOPT exit, final attempt tier and final metrics of every block of every cycle; cell l_45aa25a6 (#31) eval_key 296e09ff97ac2db4511262faf0a9589e0e2371c31d2e834863f05964f0de6d56; cap 291; lock {'pid': 92422, 'campaign_id': 's53_w142_resettle_v6_l_45aa25a6', 'campaign_spec_sha256': 'c154615f887e3021a5793f9bb17661f22315cd98cef465d302b83bcf8bf1cd9b', 'started_utc': '2026-10-03T14:21:27.285259+00:00'}
14:21:27 [S44-HARNESS] launched l_45aa25a6 (key a33409d18aea5e8c) pid=92965
14:21:27 [S44-HARNESS] heartbeat l_45aa25a6: 0s cycle=None
14:22:27 [S44-HARNESS] heartbeat l_45aa25a6: 60s cycle=None
14:23:27 [S44-HARNESS] heartbeat l_45aa25a6: 120s cycle=2
14:24:27 [S44-HARNESS] heartbeat l_45aa25a6: 180s cycle=4
14:25:27 [S44-HARNESS] heartbeat l_45aa25a6: 240s cycle=7
14:26:27 [S44-HARNESS] heartbeat l_45aa25a6: 300s cycle=9
14:27:27 [S44-HARNESS] heartbeat l_45aa25a6: 360s cycle=11
14:28:27 [S44-HARNESS] heartbeat l_45aa25a6: 420s cycle=13
14:29:27 [S44-HARNESS] heartbeat l_45aa25a6: 480s cycle=16
14:30:27 [S44-HARNESS] heartbeat l_45aa25a6: 540s cycle=18
14:31:27 [S44-HARNESS] heartbeat l_45aa25a6: 600s cycle=20
14:32:27 [S44-HARNESS] heartbeat l_45aa25a6: 660s cycle=22
14:33:27 [S44-HARNESS] heartbeat l_45aa25a6: 720s cycle=24
14:34:27 [S44-HARNESS] heartbeat l_45aa25a6: 780s cycle=27
14:35:27 [S44-HARNESS] heartbeat l_45aa25a6: 840s cycle=29
14:36:27 [S44-HARNESS] heartbeat l_45aa25a6: 900s cycle=31
14:37:27 [S44-HARNESS] heartbeat l_45aa25a6: 960s cycle=34
14:38:27 [S44-HARNESS] heartbeat l_45aa25a6: 1020s cycle=36
14:39:27 [S44-HARNESS] heartbeat l_45aa25a6: 1080s cycle=38
14:40:27 [S44-HARNESS] heartbeat l_45aa25a6: 1140s cycle=40
14:41:27 [S44-HARNESS] heartbeat l_45aa25a6: 1200s cycle=43
14:42:27 [S44-HARNESS] heartbeat l_45aa25a6: 1261s cycle=45
14:43:27 [S44-HARNESS] heartbeat l_45aa25a6: 1321s cycle=47
14:44:27 [S44-HARNESS] heartbeat l_45aa25a6: 1381s cycle=50
14:45:27 [S44-HARNESS] heartbeat l_45aa25a6: 1441s cycle=52
14:46:27 [S44-HARNESS] heartbeat l_45aa25a6: 1501s cycle=54
14:47:27 [S44-HARNESS] heartbeat l_45aa25a6: 1561s cycle=57
14:48:27 [S44-HARNESS] heartbeat l_45aa25a6: 1621s cycle=59
14:49:27 [S44-HARNESS] heartbeat l_45aa25a6: 1681s cycle=62
14:50:27 [S44-HARNESS] heartbeat l_45aa25a6: 1741s cycle=64
14:51:28 [S44-HARNESS] heartbeat l_45aa25a6: 1801s cycle=66
14:52:28 [S44-HARNESS] heartbeat l_45aa25a6: 1861s cycle=69
14:53:28 [S44-HARNESS] heartbeat l_45aa25a6: 1921s cycle=71
14:54:28 [S44-HARNESS] heartbeat l_45aa25a6: 1981s cycle=73
14:55:28 [S44-HARNESS] heartbeat l_45aa25a6: 2041s cycle=76
14:56:28 [S44-HARNESS] heartbeat l_45aa25a6: 2101s cycle=78
14:57:28 [S44-HARNESS] heartbeat l_45aa25a6: 2161s cycle=81
14:58:28 [S44-HARNESS] heartbeat l_45aa25a6: 2221s cycle=83
14:59:28 [S44-HARNESS] heartbeat l_45aa25a6: 2281s cycle=85
15:00:28 [S44-HARNESS] heartbeat l_45aa25a6: 2341s cycle=88
15:01:28 [S44-HARNESS] heartbeat l_45aa25a6: 2401s cycle=90
15:02:28 [S44-HARNESS] heartbeat l_45aa25a6: 2461s cycle=93
15:03:28 [S44-HARNESS] heartbeat l_45aa25a6: 2521s cycle=95
15:04:28 [S44-HARNESS] heartbeat l_45aa25a6: 2581s cycle=98
15:05:28 [S44-HARNESS] heartbeat l_45aa25a6: 2641s cycle=100
15:06:28 [S44-HARNESS] heartbeat l_45aa25a6: 2701s cycle=102
15:07:28 [S44-HARNESS] heartbeat l_45aa25a6: 2761s cycle=105
15:08:28 [S44-HARNESS] heartbeat l_45aa25a6: 2821s cycle=107
15:09:28 [S44-HARNESS] heartbeat l_45aa25a6: 2881s cycle=110
15:10:28 [S44-HARNESS] heartbeat l_45aa25a6: 2941s cycle=112
15:11:28 [S44-HARNESS] heartbeat l_45aa25a6: 3001s cycle=114
15:12:28 [S44-HARNESS] heartbeat l_45aa25a6: 3061s cycle=117
15:13:28 [S44-HARNESS] heartbeat l_45aa25a6: 3121s cycle=119
15:14:28 [S44-HARNESS] heartbeat l_45aa25a6: 3181s cycle=121
15:15:28 [S44-HARNESS] heartbeat l_45aa25a6: 3241s cycle=124
15:16:28 [S44-HARNESS] heartbeat l_45aa25a6: 3301s cycle=126
15:17:28 [S44-HARNESS] heartbeat l_45aa25a6: 3361s cycle=129
15:18:28 [S44-HARNESS] heartbeat l_45aa25a6: 3421s cycle=131
15:19:28 [S44-HARNESS] heartbeat l_45aa25a6: 3481s cycle=133
15:20:28 [S44-HARNESS] heartbeat l_45aa25a6: 3541s cycle=136
15:21:28 [S44-HARNESS] heartbeat l_45aa25a6: 3601s cycle=138
15:22:28 [S44-HARNESS] heartbeat l_45aa25a6: 3661s cycle=140
15:23:28 [S44-HARNESS] heartbeat l_45aa25a6: 3722s cycle=143
15:24:28 [S44-HARNESS] heartbeat l_45aa25a6: 3782s cycle=145
15:25:28 [S44-HARNESS] heartbeat l_45aa25a6: 3842s cycle=147
15:26:28 [S44-HARNESS] heartbeat l_45aa25a6: 3902s cycle=149
15:27:28 [S44-HARNESS] heartbeat l_45aa25a6: 3962s cycle=152
15:28:28 [S44-HARNESS] heartbeat l_45aa25a6: 4022s cycle=154
15:29:28 [S44-HARNESS] heartbeat l_45aa25a6: 4082s cycle=156
15:30:28 [S44-HARNESS] heartbeat l_45aa25a6: 4142s cycle=159
15:31:29 [S44-HARNESS] heartbeat l_45aa25a6: 4202s cycle=161
15:32:29 [S44-HARNESS] heartbeat l_45aa25a6: 4262s cycle=163
15:33:29 [S44-HARNESS] heartbeat l_45aa25a6: 4322s cycle=166
15:34:29 [S44-HARNESS] heartbeat l_45aa25a6: 4382s cycle=168
15:35:29 [S44-HARNESS] heartbeat l_45aa25a6: 4442s cycle=171
15:36:29 [S44-HARNESS] heartbeat l_45aa25a6: 4502s cycle=173
15:37:29 [S44-HARNESS] heartbeat l_45aa25a6: 4562s cycle=175
15:38:29 [S44-HARNESS] heartbeat l_45aa25a6: 4622s cycle=178
15:39:29 [S44-HARNESS] heartbeat l_45aa25a6: 4682s cycle=180
15:40:29 [S44-HARNESS] heartbeat l_45aa25a6: 4742s cycle=182
15:41:29 [S44-HARNESS] heartbeat l_45aa25a6: 4802s cycle=185
15:42:29 [S44-HARNESS] heartbeat l_45aa25a6: 4862s cycle=187
15:43:29 [S44-HARNESS] heartbeat l_45aa25a6: 4922s cycle=189
15:44:29 [S44-HARNESS] heartbeat l_45aa25a6: 4982s cycle=191
15:45:29 [S44-HARNESS] heartbeat l_45aa25a6: 5042s cycle=193
15:46:29 [S44-HARNESS] heartbeat l_45aa25a6: 5102s cycle=196
15:47:29 [S44-HARNESS] heartbeat l_45aa25a6: 5162s cycle=198
15:48:29 [S44-HARNESS] heartbeat l_45aa25a6: 5222s cycle=200
15:49:29 [S44-HARNESS] heartbeat l_45aa25a6: 5282s cycle=202
15:50:29 [S44-HARNESS] heartbeat l_45aa25a6: 5342s cycle=204
15:51:29 [S44-HARNESS] heartbeat l_45aa25a6: 5402s cycle=207
15:52:29 [S44-HARNESS] heartbeat l_45aa25a6: 5462s cycle=209
15:53:29 [S44-HARNESS] heartbeat l_45aa25a6: 5522s cycle=211
15:54:29 [S44-HARNESS] heartbeat l_45aa25a6: 5582s cycle=213
15:55:29 [S44-HARNESS] heartbeat l_45aa25a6: 5642s cycle=216
15:56:29 [S44-HARNESS] heartbeat l_45aa25a6: 5702s cycle=218
15:57:29 [S44-HARNESS] heartbeat l_45aa25a6: 5762s cycle=220
15:58:29 [S44-HARNESS] heartbeat l_45aa25a6: 5822s cycle=222
15:59:29 [S44-HARNESS] heartbeat l_45aa25a6: 5882s cycle=225
16:00:29 [S44-HARNESS] heartbeat l_45aa25a6: 5942s cycle=227
16:01:29 [S44-HARNESS] heartbeat l_45aa25a6: 6002s cycle=229
16:02:29 [S44-HARNESS] heartbeat l_45aa25a6: 6062s cycle=231
16:03:29 [S44-HARNESS] heartbeat l_45aa25a6: 6122s cycle=234
16:04:29 [S44-HARNESS] heartbeat l_45aa25a6: 6183s cycle=236
16:05:29 [S44-HARNESS] heartbeat l_45aa25a6: 6243s cycle=238
16:06:29 [S44-HARNESS] heartbeat l_45aa25a6: 6303s cycle=240
16:07:29 [S44-HARNESS] heartbeat l_45aa25a6: 6363s cycle=243
16:08:29 [S44-HARNESS] heartbeat l_45aa25a6: 6423s cycle=245
16:09:29 [S44-HARNESS] heartbeat l_45aa25a6: 6483s cycle=247
16:10:29 [S44-HARNESS] heartbeat l_45aa25a6: 6543s cycle=249
16:11:29 [S44-HARNESS] heartbeat l_45aa25a6: 6603s cycle=252
16:12:30 [S44-HARNESS] heartbeat l_45aa25a6: 6663s cycle=254
16:13:30 [S44-HARNESS] heartbeat l_45aa25a6: 6723s cycle=256
16:14:30 [S44-HARNESS] heartbeat l_45aa25a6: 6783s cycle=258
16:15:30 [S44-HARNESS] heartbeat l_45aa25a6: 6843s cycle=260
16:16:30 [S44-HARNESS] heartbeat l_45aa25a6: 6903s cycle=263
16:17:30 [S44-HARNESS] heartbeat l_45aa25a6: 6963s cycle=265
16:18:30 [S44-HARNESS] heartbeat l_45aa25a6: 7023s cycle=267
16:19:30 [S44-HARNESS] heartbeat l_45aa25a6: 7083s cycle=269
16:20:30 [S44-HARNESS] heartbeat l_45aa25a6: 7143s cycle=271
16:21:30 [S44-HARNESS] heartbeat l_45aa25a6: 7203s cycle=273
16:22:30 [S44-HARNESS] heartbeat l_45aa25a6: 7263s cycle=276
16:23:30 [S44-HARNESS] heartbeat l_45aa25a6: 7323s cycle=278
16:24:30 [S44-HARNESS] heartbeat l_45aa25a6: 7383s cycle=280
16:25:30 [S44-HARNESS] heartbeat l_45aa25a6: 7443s cycle=282
16:26:30 [S44-HARNESS] heartbeat l_45aa25a6: 7503s cycle=285
16:27:30 [S44-HARNESS] heartbeat l_45aa25a6: 7563s cycle=287
16:28:30 [S44-HARNESS] heartbeat l_45aa25a6: 7623s cycle=289
16:29:30 [S44-HARNESS] finished l_45aa25a6 pid=92965 exit=0 status=not_certified wall=7683s
16:29:41 [W142-RUN-l_45aa25a6] gates {'G1_harness_clean': True, 'G2_eval_key': True, 'G3_append_reconcile': True, 'G4_tail_state_check': True, 'G5_solve_profile_reconciled_per_event': True, 'G6_v37_optimal_and_four_metrics': True, 'G7_append_sealed': True, 'G8_persistence_on_production_certificate': True, 'G9_ess_ageing_readback': True, 'G11_acceptance_cross_check': True, 'G13_holds_inert_through_first_pass_held_after': True, 'G14_all_block_capture': True, 'G15_stopping_consistent': True, 'G16_lambda_sidecar_complete': True, 'G17_rule_v6_replay_reproduces_in_cycle': True, 'G18_line_fields_every_cycle': True, 'G19_replay_bitwise_1_k0_every_field': True, 'G20_production_counters_in_per_cycle_record': True, 'G21_creep_captures_complete': True, 'G22_t_sum_in_cycle_equals_stride_and_terminal': True, 'G23_overlap_recorded': True, 'G24_exit_capture_equals_the_solve_records_and_esso_logs': True, 'G24b_clean_capture_equals_the_solve_records_and_esso_logs': True, 'G25_record_status_follows_the_settling_decision': True}
16:29:41 [W142-RUN-l_45aa25a6] settling v6: status uncertified k* None branch None window None band_width 691.6994242668152 s -2191.6199942827225 t_sum(end) -9197.611948085561 k0_run 182 non-clean cycles [10, 22, 30, 39] floor rejections 0 vetoes 0 cycles 291 record status not_certified
16:29:41 [W142] guards {'w142_checks': {'counts': {'permitted_solve': 0, 'permitted_exec': 0, 'blocked_solve': 0, 'blocked_exec': 0}, 'verify_0_failures': []}, 'w139_checks': {'counts': {'permitted_solve': 0, 'permitted_exec': 0, 'blocked_solve': 0, 'blocked_exec': 0}, 'verify_0_failures': []}, 'w137_checks': {'counts': {'permitted_solve': 0, 'permitted_exec': 0, 'blocked_solve': 0, 'blocked_exec': 0}, 'verify_0_failures': []}, 'w132_checks': {'counts': {'permitted_solve': 0, 'permitted_exec': 0, 'blocked_solve': 0, 'blocked_exec': 0}, 'verify_0_failures': []}, 'w118_checks': {'counts': {'permitted_solve': 0, 'permitted_exec': 0, 'blocked_solve': 0, 'blocked_exec': 0}, 'verify_0_failures': []}, 'w105_checks_imported': {'counts': {'permitted_solve': 0, 'permitted_exec': 0, 'blocked_solve': 0, 'blocked_exec': 0}, 'verify_0_failures': []}, 'w101_checks_imported': {'counts': {'permitted_solve': 0, 'permitted_exec': 0, 'blocked_solve': 0, 'blocked_exec': 0}, 'verify_0_failures': []}, 'w98_checks_imported': {'counts': {'permitted_solve': 0, 'permitted_exec': 0, 'blocked_solve': 0, 'blocked_exec': 0}, 'verify_0_failures': []}, 'w112_imported': {'counts': {'permitted_solve': 0, 'permitted_exec': 0, 'blocked_solve': 0, 'blocked_exec': 0}, 'verify_0_failures': []}, 'w141_swing_variants': {'counts': {'permitted_solve': 0, 'permitted_exec': 0, 'blocked_solve': 0, 'blocked_exec': 0}, 'verify_0_failures': []}, 'w139_v5_from_records': {'counts': {'permitted_solve': 0, 'permitted_exec': 0, 'blocked_solve': 0, 'blocked_exec': 0}, 'verify_0_failures': []}, 'w131_imported': {'counts': {'permitted_solve': 0, 'permitted_exec': 0, 'blocked_solve': 0, 'blocked_exec': 0}, 'verify_0_failures': []}, 'w137_ra_imported': {'counts': {'permitted_solve': 0, 'permitted_exec': 0, 'blocked_solve': 0, 'blocked_exec': 0}, 'verify_0_failures': []}, 'alpha_row_launcher': {'counts': {'permitted_solve': 0, 'permitted_exec': 0, 'blocked_solve': 0, 'blocked_exec': 0}, 'verify_0_failures': []}, 'w86_launcher': {'counts': {'permitted_solve': 0, 'permitted_exec': 0, 'blocked_solve': 0, 'blocked_exec': 0}, 'verify_0_failures': []}, 'w87': {'counts': {'permitted_solve': 0, 'permitted_exec': 0, 'blocked_solve': 0, 'blocked_exec': 0}, 'verify_0_failures': []}, 'w88': {'counts': {'permitted_solve': 0, 'permitted_exec': 0, 'blocked_solve': 0, 'blocked_exec': 0}, 'verify_0_failures': []}, 'w89_step1': {'counts': {'permitted_solve': 0, 'permitted_exec': 0, 'blocked_solve': 0, 'blocked_exec': 0}, 'verify_0_failures': []}, 'w89_3x3_launcher': {'counts': {'permitted_solve': 0, 'permitted_exec': 0, 'blocked_solve': 0, 'blocked_exec': 0}, 'verify_0_failures': []}, 'w90_3x3_parent': {'counts': {'permitted_solve': 0, 'permitted_exec': 0, 'blocked_solve': 0, 'blocked_exec': 0}, 'verify_0_failures': []}, 'w98_parent': {'counts': {'permitted_solve': 0, 'permitted_exec': 0, 'blocked_solve': 0, 'blocked_exec': 0}, 'verify_0_failures': []}, 'w101_parent': {'counts': {'permitted_solve': 0, 'permitted_exec': 0, 'blocked_solve': 0, 'blocked_exec': 0}, 'verify_0_failures': []}, 'w118_parent': {'counts': {'permitted_solve': 0, 'permitted_exec': 0, 'blocked_solve': 0, 'blocked_exec': 0}, 'verify_0_failures': []}, 'w132_parent': {'counts': {'permitted_solve': 0, 'permitted_exec': 0, 'blocked_solve': 0, 'blocked_exec': 0}, 'verify_0_failures': []}, 'w137_parent': {'counts': {'permitted_solve': 0, 'permitted_exec': 0, 'blocked_solve': 0, 'blocked_exec': 0}, 'verify_0_failures': []}, 'w139_parent': {'counts': {'permitted_solve': 0, 'permitted_exec': 0, 'blocked_solve': 0, 'blocked_exec': 0}, 'verify_0_failures': []}, 'w142_parent': {'counts': {'permitted_solve': 0, 'permitted_exec': 0, 'blocked_solve': 0, 'blocked_exec': 0}, 'verify_0_failures': []}} wall=7847s
