04:18:38 [W142-RUN-l_df1a5525] memory preflight: available 18.607635498046875 GiB required 3.50 GiB -> PASS
04:18:38 [W142-RUN-l_df1a5525] P5.15 Addendum 61, W142 -- v6 re-settling campaign (34 cells: the eight remaining break-even-fit D cells, claim groups 2 and 4) under the current production configuration: gated cells replayed bitwise against their original record through the first residual pass k0 (abort on the first divergence), the G cells as first C2 evaluations; the certifying regime held after the run's first residual pass (AA off, tight tail on, rho frozen); settling rule v6 (v5 -- reading gamma, window (a), certification vetoed while a NON-CLEAN cycle lies in the last W cycles the test reads, clean within 10x the tail tolerances -- with the swing noise floor tau/10: swings below it excluded from the "not growing" comparison, and a sign change closing a swing below it registering no turning point; gap clause; amended monotone branch) until it certifies or the cap; W105 captures, per-cycle t_sum and Q_cc, the IPOPT exit, final attempt tier and final metrics of every block of every cycle; cell l_df1a5525 (#26) eval_key 6c8f6353e29b204fa2aa8082a6124a68d9a8fca42ac9e00716265ef871eb9d1f; cap 277; lock {'pid': 4022, 'campaign_id': 's53_w142_resettle_v6_l_df1a5525', 'campaign_spec_sha256': '1bf01b645f216452d7e067c8f8293473a93541ad367ab0c00812baa13bba8528', 'started_utc': '2026-10-03T04:18:38.204443+00:00'}
04:18:38 [S44-HARNESS] launched l_df1a5525 (key 7b85ff448ad9d7b7) pid=4587
04:18:38 [S44-HARNESS] heartbeat l_df1a5525: 0s cycle=None
04:19:38 [S44-HARNESS] heartbeat l_df1a5525: 60s cycle=None
04:20:38 [S44-HARNESS] heartbeat l_df1a5525: 120s cycle=2
04:21:38 [S44-HARNESS] heartbeat l_df1a5525: 180s cycle=5
04:22:38 [S44-HARNESS] heartbeat l_df1a5525: 240s cycle=7
04:23:38 [S44-HARNESS] heartbeat l_df1a5525: 300s cycle=9
04:24:38 [S44-HARNESS] heartbeat l_df1a5525: 360s cycle=11
04:25:38 [S44-HARNESS] heartbeat l_df1a5525: 420s cycle=13
04:26:38 [S44-HARNESS] heartbeat l_df1a5525: 480s cycle=15
04:27:38 [S44-HARNESS] heartbeat l_df1a5525: 540s cycle=18
04:28:38 [S44-HARNESS] heartbeat l_df1a5525: 600s cycle=20
04:29:38 [S44-HARNESS] heartbeat l_df1a5525: 660s cycle=22
04:30:38 [S44-HARNESS] heartbeat l_df1a5525: 720s cycle=24
04:31:38 [S44-HARNESS] heartbeat l_df1a5525: 780s cycle=27
04:32:38 [S44-HARNESS] heartbeat l_df1a5525: 840s cycle=29
04:33:38 [S44-HARNESS] heartbeat l_df1a5525: 900s cycle=31
04:34:38 [S44-HARNESS] heartbeat l_df1a5525: 960s cycle=33
04:35:38 [S44-HARNESS] heartbeat l_df1a5525: 1020s cycle=36
04:36:38 [S44-HARNESS] heartbeat l_df1a5525: 1080s cycle=38
04:37:38 [S44-HARNESS] heartbeat l_df1a5525: 1140s cycle=40
04:38:38 [S44-HARNESS] heartbeat l_df1a5525: 1200s cycle=42
04:39:38 [S44-HARNESS] heartbeat l_df1a5525: 1261s cycle=45
04:40:38 [S44-HARNESS] heartbeat l_df1a5525: 1321s cycle=47
04:41:38 [S44-HARNESS] heartbeat l_df1a5525: 1381s cycle=49
04:42:38 [S44-HARNESS] heartbeat l_df1a5525: 1441s cycle=52
04:43:38 [S44-HARNESS] heartbeat l_df1a5525: 1501s cycle=54
04:44:38 [S44-HARNESS] heartbeat l_df1a5525: 1561s cycle=56
04:45:38 [S44-HARNESS] heartbeat l_df1a5525: 1621s cycle=59
04:46:38 [S44-HARNESS] heartbeat l_df1a5525: 1681s cycle=61
04:47:38 [S44-HARNESS] heartbeat l_df1a5525: 1741s cycle=63
04:48:38 [S44-HARNESS] heartbeat l_df1a5525: 1801s cycle=66
04:49:38 [S44-HARNESS] heartbeat l_df1a5525: 1861s cycle=68
04:50:38 [S44-HARNESS] heartbeat l_df1a5525: 1921s cycle=70
04:51:39 [S44-HARNESS] heartbeat l_df1a5525: 1981s cycle=73
04:52:39 [S44-HARNESS] heartbeat l_df1a5525: 2041s cycle=75
04:53:39 [S44-HARNESS] heartbeat l_df1a5525: 2101s cycle=77
04:54:39 [S44-HARNESS] heartbeat l_df1a5525: 2161s cycle=80
04:55:39 [S44-HARNESS] heartbeat l_df1a5525: 2221s cycle=82
04:56:39 [S44-HARNESS] heartbeat l_df1a5525: 2281s cycle=84
04:57:39 [S44-HARNESS] heartbeat l_df1a5525: 2341s cycle=87
04:58:39 [S44-HARNESS] heartbeat l_df1a5525: 2401s cycle=89
04:59:39 [S44-HARNESS] heartbeat l_df1a5525: 2461s cycle=92
05:00:39 [S44-HARNESS] heartbeat l_df1a5525: 2521s cycle=94
05:01:39 [S44-HARNESS] heartbeat l_df1a5525: 2581s cycle=96
05:02:39 [S44-HARNESS] heartbeat l_df1a5525: 2641s cycle=98
05:03:39 [S44-HARNESS] heartbeat l_df1a5525: 2701s cycle=101
05:04:39 [S44-HARNESS] heartbeat l_df1a5525: 2761s cycle=103
05:05:39 [S44-HARNESS] heartbeat l_df1a5525: 2821s cycle=105
05:06:39 [S44-HARNESS] heartbeat l_df1a5525: 2881s cycle=108
05:07:39 [S44-HARNESS] heartbeat l_df1a5525: 2941s cycle=110
05:08:39 [S44-HARNESS] heartbeat l_df1a5525: 3001s cycle=113
05:09:39 [S44-HARNESS] heartbeat l_df1a5525: 3061s cycle=115
05:10:39 [S44-HARNESS] heartbeat l_df1a5525: 3121s cycle=117
05:11:39 [S44-HARNESS] heartbeat l_df1a5525: 3181s cycle=120
05:12:39 [S44-HARNESS] heartbeat l_df1a5525: 3241s cycle=122
05:13:39 [S44-HARNESS] heartbeat l_df1a5525: 3301s cycle=124
05:14:39 [S44-HARNESS] heartbeat l_df1a5525: 3361s cycle=126
05:15:39 [S44-HARNESS] heartbeat l_df1a5525: 3421s cycle=128
05:16:39 [S44-HARNESS] heartbeat l_df1a5525: 3481s cycle=130
05:17:39 [S44-HARNESS] heartbeat l_df1a5525: 3541s cycle=133
05:18:39 [S44-HARNESS] heartbeat l_df1a5525: 3601s cycle=135
05:19:39 [S44-HARNESS] heartbeat l_df1a5525: 3661s cycle=137
05:20:39 [S44-HARNESS] heartbeat l_df1a5525: 3722s cycle=140
05:21:39 [S44-HARNESS] heartbeat l_df1a5525: 3782s cycle=142
05:22:39 [S44-HARNESS] heartbeat l_df1a5525: 3842s cycle=144
05:23:39 [S44-HARNESS] heartbeat l_df1a5525: 3902s cycle=147
05:24:39 [S44-HARNESS] heartbeat l_df1a5525: 3962s cycle=149
05:25:39 [S44-HARNESS] heartbeat l_df1a5525: 4022s cycle=151
05:26:39 [S44-HARNESS] heartbeat l_df1a5525: 4082s cycle=154
05:27:39 [S44-HARNESS] heartbeat l_df1a5525: 4142s cycle=156
05:28:39 [S44-HARNESS] heartbeat l_df1a5525: 4202s cycle=158
05:29:39 [S44-HARNESS] heartbeat l_df1a5525: 4262s cycle=160
05:30:39 [S44-HARNESS] heartbeat l_df1a5525: 4322s cycle=163
05:31:40 [S44-HARNESS] heartbeat l_df1a5525: 4382s cycle=165
05:32:40 [S44-HARNESS] heartbeat l_df1a5525: 4442s cycle=167
05:33:40 [S44-HARNESS] heartbeat l_df1a5525: 4502s cycle=169
05:34:40 [S44-HARNESS] heartbeat l_df1a5525: 4562s cycle=172
05:35:40 [S44-HARNESS] heartbeat l_df1a5525: 4622s cycle=174
05:36:40 [S44-HARNESS] heartbeat l_df1a5525: 4682s cycle=176
05:37:40 [S44-HARNESS] heartbeat l_df1a5525: 4742s cycle=179
05:38:40 [S44-HARNESS] heartbeat l_df1a5525: 4802s cycle=181
05:39:40 [S44-HARNESS] heartbeat l_df1a5525: 4862s cycle=183
05:40:40 [S44-HARNESS] heartbeat l_df1a5525: 4922s cycle=185
05:41:40 [S44-HARNESS] heartbeat l_df1a5525: 4982s cycle=187
05:42:40 [S44-HARNESS] heartbeat l_df1a5525: 5042s cycle=189
05:43:40 [S44-HARNESS] heartbeat l_df1a5525: 5102s cycle=191
05:44:40 [S44-HARNESS] heartbeat l_df1a5525: 5162s cycle=194
05:45:40 [S44-HARNESS] heartbeat l_df1a5525: 5222s cycle=196
05:46:40 [S44-HARNESS] heartbeat l_df1a5525: 5282s cycle=198
05:47:40 [S44-HARNESS] heartbeat l_df1a5525: 5342s cycle=200
05:48:40 [S44-HARNESS] heartbeat l_df1a5525: 5402s cycle=203
05:49:40 [S44-HARNESS] heartbeat l_df1a5525: 5462s cycle=205
05:50:40 [S44-HARNESS] heartbeat l_df1a5525: 5522s cycle=207
05:51:40 [S44-HARNESS] heartbeat l_df1a5525: 5582s cycle=209
05:52:40 [S44-HARNESS] heartbeat l_df1a5525: 5642s cycle=212
05:53:40 [S44-HARNESS] heartbeat l_df1a5525: 5702s cycle=214
05:54:40 [S44-HARNESS] heartbeat l_df1a5525: 5762s cycle=216
05:55:40 [S44-HARNESS] heartbeat l_df1a5525: 5822s cycle=218
05:56:40 [S44-HARNESS] heartbeat l_df1a5525: 5882s cycle=221
05:57:40 [S44-HARNESS] heartbeat l_df1a5525: 5942s cycle=223
05:58:40 [S44-HARNESS] heartbeat l_df1a5525: 6002s cycle=225
05:59:40 [S44-HARNESS] heartbeat l_df1a5525: 6062s cycle=228
06:00:40 [S44-HARNESS] heartbeat l_df1a5525: 6123s cycle=230
06:01:40 [S44-HARNESS] heartbeat l_df1a5525: 6183s cycle=232
06:02:40 [S44-HARNESS] heartbeat l_df1a5525: 6243s cycle=234
06:03:35 [S44-HARNESS] finished l_df1a5525 pid=4587 exit=0 status=certified wall=6298s
06:03:44 [W142-RUN-l_df1a5525] gates {'G1_harness_clean': True, 'G2_eval_key': True, 'G3_append_reconcile': True, 'G4_tail_state_check': True, 'G5_solve_profile_reconciled_per_event': True, 'G6_v37_optimal_and_four_metrics': True, 'G7_append_sealed': True, 'G8_persistence_on_production_certificate': True, 'G9_ess_ageing_readback': True, 'G11_acceptance_cross_check': True, 'G13_holds_inert_through_first_pass_held_after': True, 'G14_all_block_capture': True, 'G15_stopping_consistent': True, 'G16_lambda_sidecar_complete': True, 'G17_rule_v6_replay_reproduces_in_cycle': True, 'G18_line_fields_every_cycle': True, 'G19_replay_bitwise_1_k0_every_field': True, 'G20_production_counters_in_per_cycle_record': True, 'G21_creep_captures_complete': True, 'G22_t_sum_in_cycle_equals_stride_and_terminal': True, 'G23_overlap_recorded': True, 'G24_exit_capture_equals_the_solve_records_and_esso_logs': True, 'G24b_clean_capture_equals_the_solve_records_and_esso_logs': True, 'G25_record_status_follows_the_settling_decision': True}
06:03:44 [W142-RUN-l_df1a5525] settling v6: status certified k* 236 branch monotone window [177, 236] band_width 626.4882249832153 s -1126.1514304876328 t_sum(end) -73.02375514259876 k0_run 168 non-clean cycles [13, 26, 87] floor rejections 0 vetoes 0 cycles 236 record status certified
06:03:44 [W142] guards {'w142_checks': {'counts': {'permitted_solve': 0, 'permitted_exec': 0, 'blocked_solve': 0, 'blocked_exec': 0}, 'verify_0_failures': []}, 'w139_checks': {'counts': {'permitted_solve': 0, 'permitted_exec': 0, 'blocked_solve': 0, 'blocked_exec': 0}, 'verify_0_failures': []}, 'w137_checks': {'counts': {'permitted_solve': 0, 'permitted_exec': 0, 'blocked_solve': 0, 'blocked_exec': 0}, 'verify_0_failures': []}, 'w132_checks': {'counts': {'permitted_solve': 0, 'permitted_exec': 0, 'blocked_solve': 0, 'blocked_exec': 0}, 'verify_0_failures': []}, 'w118_checks': {'counts': {'permitted_solve': 0, 'permitted_exec': 0, 'blocked_solve': 0, 'blocked_exec': 0}, 'verify_0_failures': []}, 'w105_checks_imported': {'counts': {'permitted_solve': 0, 'permitted_exec': 0, 'blocked_solve': 0, 'blocked_exec': 0}, 'verify_0_failures': []}, 'w101_checks_imported': {'counts': {'permitted_solve': 0, 'permitted_exec': 0, 'blocked_solve': 0, 'blocked_exec': 0}, 'verify_0_failures': []}, 'w98_checks_imported': {'counts': {'permitted_solve': 0, 'permitted_exec': 0, 'blocked_solve': 0, 'blocked_exec': 0}, 'verify_0_failures': []}, 'w112_imported': {'counts': {'permitted_solve': 0, 'permitted_exec': 0, 'blocked_solve': 0, 'blocked_exec': 0}, 'verify_0_failures': []}, 'w141_swing_variants': {'counts': {'permitted_solve': 0, 'permitted_exec': 0, 'blocked_solve': 0, 'blocked_exec': 0}, 'verify_0_failures': []}, 'w139_v5_from_records': {'counts': {'permitted_solve': 0, 'permitted_exec': 0, 'blocked_solve': 0, 'blocked_exec': 0}, 'verify_0_failures': []}, 'w131_imported': {'counts': {'permitted_solve': 0, 'permitted_exec': 0, 'blocked_solve': 0, 'blocked_exec': 0}, 'verify_0_failures': []}, 'w137_ra_imported': {'counts': {'permitted_solve': 0, 'permitted_exec': 0, 'blocked_solve': 0, 'blocked_exec': 0}, 'verify_0_failures': []}, 'alpha_row_launcher': {'counts': {'permitted_solve': 0, 'permitted_exec': 0, 'blocked_solve': 0, 'blocked_exec': 0}, 'verify_0_failures': []}, 'w86_launcher': {'counts': {'permitted_solve': 0, 'permitted_exec': 0, 'blocked_solve': 0, 'blocked_exec': 0}, 'verify_0_failures': []}, 'w87': {'counts': {'permitted_solve': 0, 'permitted_exec': 0, 'blocked_solve': 0, 'blocked_exec': 0}, 'verify_0_failures': []}, 'w88': {'counts': {'permitted_solve': 0, 'permitted_exec': 0, 'blocked_solve': 0, 'blocked_exec': 0}, 'verify_0_failures': []}, 'w89_step1': {'counts': {'permitted_solve': 0, 'permitted_exec': 0, 'blocked_solve': 0, 'blocked_exec': 0}, 'verify_0_failures': []}, 'w89_3x3_launcher': {'counts': {'permitted_solve': 0, 'permitted_exec': 0, 'blocked_solve': 0, 'blocked_exec': 0}, 'verify_0_failures': []}, 'w90_3x3_parent': {'counts': {'permitted_solve': 0, 'permitted_exec': 0, 'blocked_solve': 0, 'blocked_exec': 0}, 'verify_0_failures': []}, 'w98_parent': {'counts': {'permitted_solve': 0, 'permitted_exec': 0, 'blocked_solve': 0, 'blocked_exec': 0}, 'verify_0_failures': []}, 'w101_parent': {'counts': {'permitted_solve': 0, 'permitted_exec': 0, 'blocked_solve': 0, 'blocked_exec': 0}, 'verify_0_failures': []}, 'w118_parent': {'counts': {'permitted_solve': 0, 'permitted_exec': 0, 'blocked_solve': 0, 'blocked_exec': 0}, 'verify_0_failures': []}, 'w132_parent': {'counts': {'permitted_solve': 0, 'permitted_exec': 0, 'blocked_solve': 0, 'blocked_exec': 0}, 'verify_0_failures': []}, 'w137_parent': {'counts': {'permitted_solve': 0, 'permitted_exec': 0, 'blocked_solve': 0, 'blocked_exec': 0}, 'verify_0_failures': []}, 'w139_parent': {'counts': {'permitted_solve': 0, 'permitted_exec': 0, 'blocked_solve': 0, 'blocked_exec': 0}, 'verify_0_failures': []}, 'w142_parent': {'counts': {'permitted_solve': 0, 'permitted_exec': 0, 'blocked_solve': 0, 'blocked_exec': 0}, 'verify_0_failures': []}} wall=6459s
