19:17:29 [W142-RUN-g_47dce43c] memory preflight: available 19.259231567382812 GiB required 3.50 GiB -> PASS
19:17:29 [W142-RUN-g_47dce43c] P5.15 Addendum 61, W142 -- v6 re-settling campaign (34 cells: the eight remaining break-even-fit D cells, claim groups 2 and 4) under the current production configuration: gated cells replayed bitwise against their original record through the first residual pass k0 (abort on the first divergence), the G cells as first C2 evaluations; the certifying regime held after the run's first residual pass (AA off, tight tail on, rho frozen); settling rule v6 (v5 -- reading gamma, window (a), certification vetoed while a NON-CLEAN cycle lies in the last W cycles the test reads, clean within 10x the tail tolerances -- with the swing noise floor tau/10: swings below it excluded from the "not growing" comparison, and a sign change closing a swing below it registering no turning point; gap clause; amended monotone branch) until it certifies or the cap; W105 captures, per-cycle t_sum and Q_cc, the IPOPT exit, final attempt tier and final metrics of every block of every cycle; cell g_47dce43c (#20) eval_key 46ff23a160a27b67ab6014c741560099c4aa9a9bbd8bcf7a5b6959a9e82dfc55; cap 300; lock {'pid': 23639, 'campaign_id': 's53_w142_resettle_v6_g_47dce43c', 'campaign_spec_sha256': 'de7424de76043fa7ab4af2cf7a78bc54d814849111ed43edd1f4c3917ae6b7d9', 'started_utc': '2026-10-02T19:17:29.746049+00:00'}
19:17:29 [S44-HARNESS] launched g_47dce43c (key 803d1a6cf8f21c55) pid=24139
19:17:29 [S44-HARNESS] heartbeat g_47dce43c: 0s cycle=None
19:18:29 [S44-HARNESS] heartbeat g_47dce43c: 60s cycle=None
19:19:29 [S44-HARNESS] heartbeat g_47dce43c: 120s cycle=3
19:20:29 [S44-HARNESS] heartbeat g_47dce43c: 180s cycle=6
19:21:29 [S44-HARNESS] heartbeat g_47dce43c: 240s cycle=8
19:22:29 [S44-HARNESS] heartbeat g_47dce43c: 300s cycle=10
19:23:29 [S44-HARNESS] heartbeat g_47dce43c: 360s cycle=13
19:24:29 [S44-HARNESS] heartbeat g_47dce43c: 420s cycle=16
19:25:29 [S44-HARNESS] heartbeat g_47dce43c: 480s cycle=18
19:26:29 [S44-HARNESS] heartbeat g_47dce43c: 540s cycle=21
19:27:29 [S44-HARNESS] heartbeat g_47dce43c: 600s cycle=23
19:28:30 [S44-HARNESS] heartbeat g_47dce43c: 660s cycle=26
19:29:30 [S44-HARNESS] heartbeat g_47dce43c: 720s cycle=28
19:30:30 [S44-HARNESS] heartbeat g_47dce43c: 780s cycle=31
19:31:30 [S44-HARNESS] heartbeat g_47dce43c: 840s cycle=33
19:32:30 [S44-HARNESS] heartbeat g_47dce43c: 900s cycle=36
19:33:30 [S44-HARNESS] heartbeat g_47dce43c: 960s cycle=38
19:34:30 [S44-HARNESS] heartbeat g_47dce43c: 1020s cycle=41
19:35:30 [S44-HARNESS] heartbeat g_47dce43c: 1080s cycle=43
19:36:30 [S44-HARNESS] heartbeat g_47dce43c: 1140s cycle=46
19:37:30 [S44-HARNESS] heartbeat g_47dce43c: 1200s cycle=48
19:38:30 [S44-HARNESS] heartbeat g_47dce43c: 1261s cycle=51
19:39:30 [S44-HARNESS] heartbeat g_47dce43c: 1321s cycle=53
19:40:30 [S44-HARNESS] heartbeat g_47dce43c: 1381s cycle=56
19:41:30 [S44-HARNESS] heartbeat g_47dce43c: 1441s cycle=59
19:42:30 [S44-HARNESS] heartbeat g_47dce43c: 1501s cycle=61
19:43:30 [S44-HARNESS] heartbeat g_47dce43c: 1561s cycle=64
19:44:30 [S44-HARNESS] heartbeat g_47dce43c: 1621s cycle=66
19:45:30 [S44-HARNESS] heartbeat g_47dce43c: 1681s cycle=69
19:46:30 [S44-HARNESS] heartbeat g_47dce43c: 1741s cycle=71
19:47:30 [S44-HARNESS] heartbeat g_47dce43c: 1801s cycle=74
19:48:30 [S44-HARNESS] heartbeat g_47dce43c: 1861s cycle=76
19:49:30 [S44-HARNESS] heartbeat g_47dce43c: 1921s cycle=79
19:50:30 [S44-HARNESS] heartbeat g_47dce43c: 1981s cycle=81
19:51:30 [S44-HARNESS] heartbeat g_47dce43c: 2041s cycle=84
19:52:30 [S44-HARNESS] heartbeat g_47dce43c: 2101s cycle=86
19:53:30 [S44-HARNESS] heartbeat g_47dce43c: 2161s cycle=89
19:54:30 [S44-HARNESS] heartbeat g_47dce43c: 2221s cycle=92
19:55:30 [S44-HARNESS] heartbeat g_47dce43c: 2281s cycle=94
19:56:30 [S44-HARNESS] heartbeat g_47dce43c: 2341s cycle=97
19:57:30 [S44-HARNESS] heartbeat g_47dce43c: 2401s cycle=99
19:58:30 [S44-HARNESS] heartbeat g_47dce43c: 2461s cycle=102
19:59:30 [S44-HARNESS] heartbeat g_47dce43c: 2521s cycle=104
20:00:30 [S44-HARNESS] heartbeat g_47dce43c: 2581s cycle=107
20:01:30 [S44-HARNESS] heartbeat g_47dce43c: 2641s cycle=109
20:02:30 [S44-HARNESS] heartbeat g_47dce43c: 2701s cycle=112
20:03:30 [S44-HARNESS] heartbeat g_47dce43c: 2761s cycle=114
20:04:30 [S44-HARNESS] heartbeat g_47dce43c: 2821s cycle=117
20:05:30 [S44-HARNESS] heartbeat g_47dce43c: 2881s cycle=119
20:06:30 [S44-HARNESS] heartbeat g_47dce43c: 2941s cycle=122
20:07:30 [S44-HARNESS] heartbeat g_47dce43c: 3001s cycle=124
20:08:31 [S44-HARNESS] heartbeat g_47dce43c: 3061s cycle=127
20:09:31 [S44-HARNESS] heartbeat g_47dce43c: 3121s cycle=129
20:10:31 [S44-HARNESS] heartbeat g_47dce43c: 3181s cycle=132
20:11:31 [S44-HARNESS] heartbeat g_47dce43c: 3241s cycle=134
20:12:31 [S44-HARNESS] heartbeat g_47dce43c: 3301s cycle=137
20:13:31 [S44-HARNESS] heartbeat g_47dce43c: 3361s cycle=139
20:14:31 [S44-HARNESS] heartbeat g_47dce43c: 3421s cycle=142
20:15:31 [S44-HARNESS] heartbeat g_47dce43c: 3481s cycle=144
20:16:31 [S44-HARNESS] heartbeat g_47dce43c: 3541s cycle=146
20:17:31 [S44-HARNESS] heartbeat g_47dce43c: 3601s cycle=149
20:18:31 [S44-HARNESS] heartbeat g_47dce43c: 3662s cycle=151
20:19:31 [S44-HARNESS] heartbeat g_47dce43c: 3722s cycle=154
20:20:31 [S44-HARNESS] heartbeat g_47dce43c: 3782s cycle=156
20:21:31 [S44-HARNESS] heartbeat g_47dce43c: 3842s cycle=159
20:22:31 [S44-HARNESS] heartbeat g_47dce43c: 3902s cycle=161
20:23:31 [S44-HARNESS] heartbeat g_47dce43c: 3962s cycle=164
20:24:31 [S44-HARNESS] heartbeat g_47dce43c: 4022s cycle=166
20:25:31 [S44-HARNESS] heartbeat g_47dce43c: 4082s cycle=168
20:26:31 [S44-HARNESS] heartbeat g_47dce43c: 4142s cycle=171
20:27:31 [S44-HARNESS] heartbeat g_47dce43c: 4202s cycle=173
20:27:51 [S44-HARNESS] finished g_47dce43c pid=24139 exit=0 status=certified wall=4222s
20:27:57 [W142-RUN-g_47dce43c] gates {'G1_harness_clean': True, 'G2_eval_key': True, 'G3_append_reconcile': True, 'G4_tail_state_check': True, 'G5_solve_profile_reconciled_per_event': True, 'G6_v37_optimal_and_four_metrics': True, 'G7_append_sealed': True, 'G8_persistence_on_production_certificate': True, 'G9_ess_ageing_readback': True, 'G11_acceptance_cross_check': True, 'G13_holds_inert_through_first_pass_held_after': True, 'G14_all_block_capture': True, 'G15_stopping_consistent': True, 'G16_lambda_sidecar_complete': True, 'G17_rule_v6_replay_reproduces_in_cycle': True, 'G18_line_fields_every_cycle': True, 'G20_production_counters_in_per_cycle_record': True, 'G21_creep_captures_complete': True, 'G22_t_sum_in_cycle_equals_stride_and_terminal': True, 'G23_overlap_recorded': True, 'G24_exit_capture_equals_the_solve_records_and_esso_logs': True, 'G24b_clean_capture_equals_the_solve_records_and_esso_logs': True, 'G25_record_status_follows_the_settling_decision': True}
20:27:57 [W142-RUN-g_47dce43c] settling v6: status certified k* 174 branch oscillatory window [144, 174] band_width 3810.7911779880524 s None t_sum(end) 353.08441552469515 k0_run 112 non-clean cycles [] floor rejections 0 vetoes 0 cycles 174 record status certified
20:27:57 [W142] guards {'w142_checks': {'counts': {'permitted_solve': 0, 'permitted_exec': 0, 'blocked_solve': 0, 'blocked_exec': 0}, 'verify_0_failures': []}, 'w139_checks': {'counts': {'permitted_solve': 0, 'permitted_exec': 0, 'blocked_solve': 0, 'blocked_exec': 0}, 'verify_0_failures': []}, 'w137_checks': {'counts': {'permitted_solve': 0, 'permitted_exec': 0, 'blocked_solve': 0, 'blocked_exec': 0}, 'verify_0_failures': []}, 'w132_checks': {'counts': {'permitted_solve': 0, 'permitted_exec': 0, 'blocked_solve': 0, 'blocked_exec': 0}, 'verify_0_failures': []}, 'w118_checks': {'counts': {'permitted_solve': 0, 'permitted_exec': 0, 'blocked_solve': 0, 'blocked_exec': 0}, 'verify_0_failures': []}, 'w105_checks_imported': {'counts': {'permitted_solve': 0, 'permitted_exec': 0, 'blocked_solve': 0, 'blocked_exec': 0}, 'verify_0_failures': []}, 'w101_checks_imported': {'counts': {'permitted_solve': 0, 'permitted_exec': 0, 'blocked_solve': 0, 'blocked_exec': 0}, 'verify_0_failures': []}, 'w98_checks_imported': {'counts': {'permitted_solve': 0, 'permitted_exec': 0, 'blocked_solve': 0, 'blocked_exec': 0}, 'verify_0_failures': []}, 'w112_imported': {'counts': {'permitted_solve': 0, 'permitted_exec': 0, 'blocked_solve': 0, 'blocked_exec': 0}, 'verify_0_failures': []}, 'w141_swing_variants': {'counts': {'permitted_solve': 0, 'permitted_exec': 0, 'blocked_solve': 0, 'blocked_exec': 0}, 'verify_0_failures': []}, 'w139_v5_from_records': {'counts': {'permitted_solve': 0, 'permitted_exec': 0, 'blocked_solve': 0, 'blocked_exec': 0}, 'verify_0_failures': []}, 'w131_imported': {'counts': {'permitted_solve': 0, 'permitted_exec': 0, 'blocked_solve': 0, 'blocked_exec': 0}, 'verify_0_failures': []}, 'w137_ra_imported': {'counts': {'permitted_solve': 0, 'permitted_exec': 0, 'blocked_solve': 0, 'blocked_exec': 0}, 'verify_0_failures': []}, 'alpha_row_launcher': {'counts': {'permitted_solve': 0, 'permitted_exec': 0, 'blocked_solve': 0, 'blocked_exec': 0}, 'verify_0_failures': []}, 'w86_launcher': {'counts': {'permitted_solve': 0, 'permitted_exec': 0, 'blocked_solve': 0, 'blocked_exec': 0}, 'verify_0_failures': []}, 'w87': {'counts': {'permitted_solve': 0, 'permitted_exec': 0, 'blocked_solve': 0, 'blocked_exec': 0}, 'verify_0_failures': []}, 'w88': {'counts': {'permitted_solve': 0, 'permitted_exec': 0, 'blocked_solve': 0, 'blocked_exec': 0}, 'verify_0_failures': []}, 'w89_step1': {'counts': {'permitted_solve': 0, 'permitted_exec': 0, 'blocked_solve': 0, 'blocked_exec': 0}, 'verify_0_failures': []}, 'w89_3x3_launcher': {'counts': {'permitted_solve': 0, 'permitted_exec': 0, 'blocked_solve': 0, 'blocked_exec': 0}, 'verify_0_failures': []}, 'w90_3x3_parent': {'counts': {'permitted_solve': 0, 'permitted_exec': 0, 'blocked_solve': 0, 'blocked_exec': 0}, 'verify_0_failures': []}, 'w98_parent': {'counts': {'permitted_solve': 0, 'permitted_exec': 0, 'blocked_solve': 0, 'blocked_exec': 0}, 'verify_0_failures': []}, 'w101_parent': {'counts': {'permitted_solve': 0, 'permitted_exec': 0, 'blocked_solve': 0, 'blocked_exec': 0}, 'verify_0_failures': []}, 'w118_parent': {'counts': {'permitted_solve': 0, 'permitted_exec': 0, 'blocked_solve': 0, 'blocked_exec': 0}, 'verify_0_failures': []}, 'w132_parent': {'counts': {'permitted_solve': 0, 'permitted_exec': 0, 'blocked_solve': 0, 'blocked_exec': 0}, 'verify_0_failures': []}, 'w137_parent': {'counts': {'permitted_solve': 0, 'permitted_exec': 0, 'blocked_solve': 0, 'blocked_exec': 0}, 'verify_0_failures': []}, 'w139_parent': {'counts': {'permitted_solve': 0, 'permitted_exec': 0, 'blocked_solve': 0, 'blocked_exec': 0}, 'verify_0_failures': []}, 'w142_parent': {'counts': {'permitted_solve': 0, 'permitted_exec': 0, 'blocked_solve': 0, 'blocked_exec': 0}, 'verify_0_failures': []}} wall=4380s
