20:32:39 [W142-RUN-g_48749148] memory preflight: available 18.511734008789062 GiB required 3.50 GiB -> PASS
20:32:39 [W142-RUN-g_48749148] P5.15 Addendum 61, W142 -- v6 re-settling campaign (34 cells: the eight remaining break-even-fit D cells, claim groups 2 and 4) under the current production configuration: gated cells replayed bitwise against their original record through the first residual pass k0 (abort on the first divergence), the G cells as first C2 evaluations; the certifying regime held after the run's first residual pass (AA off, tight tail on, rho frozen); settling rule v6 (v5 -- reading gamma, window (a), certification vetoed while a NON-CLEAN cycle lies in the last W cycles the test reads, clean within 10x the tail tolerances -- with the swing noise floor tau/10: swings below it excluded from the "not growing" comparison, and a sign change closing a swing below it registering no turning point; gap clause; amended monotone branch) until it certifies or the cap; W105 captures, per-cycle t_sum and Q_cc, the IPOPT exit, final attempt tier and final metrics of every block of every cycle; cell g_48749148 (#21) eval_key 22331aa714b8af8077359ec7e01ea72d34c748e391f340db490315cacabc3e27; cap 300; lock {'pid': 34629, 'campaign_id': 's53_w142_resettle_v6_g_48749148', 'campaign_spec_sha256': '3acc6479975e44ed9640c4afd8b0668187234bded7fb76241f045768d2d3a6bf', 'started_utc': '2026-10-02T20:32:39.573627+00:00'}
20:32:39 [S44-HARNESS] launched g_48749148 (key 76baf11ecc051621) pid=35153
20:32:39 [S44-HARNESS] heartbeat g_48749148: 0s cycle=None
20:33:39 [S44-HARNESS] heartbeat g_48749148: 60s cycle=None
20:34:39 [S44-HARNESS] heartbeat g_48749148: 120s cycle=3
20:35:39 [S44-HARNESS] heartbeat g_48749148: 180s cycle=5
20:36:39 [S44-HARNESS] heartbeat g_48749148: 240s cycle=8
20:37:39 [S44-HARNESS] heartbeat g_48749148: 300s cycle=10
20:38:39 [S44-HARNESS] heartbeat g_48749148: 360s cycle=12
20:39:39 [S44-HARNESS] heartbeat g_48749148: 420s cycle=15
20:40:39 [S44-HARNESS] heartbeat g_48749148: 480s cycle=17
20:41:39 [S44-HARNESS] heartbeat g_48749148: 540s cycle=19
20:42:39 [S44-HARNESS] heartbeat g_48749148: 600s cycle=22
20:43:39 [S44-HARNESS] heartbeat g_48749148: 660s cycle=24
20:44:39 [S44-HARNESS] heartbeat g_48749148: 720s cycle=27
20:45:39 [S44-HARNESS] heartbeat g_48749148: 780s cycle=29
20:46:39 [S44-HARNESS] heartbeat g_48749148: 840s cycle=32
20:47:39 [S44-HARNESS] heartbeat g_48749148: 900s cycle=34
20:48:39 [S44-HARNESS] heartbeat g_48749148: 960s cycle=36
20:49:39 [S44-HARNESS] heartbeat g_48749148: 1020s cycle=39
20:50:40 [S44-HARNESS] heartbeat g_48749148: 1080s cycle=41
20:51:40 [S44-HARNESS] heartbeat g_48749148: 1140s cycle=44
20:52:40 [S44-HARNESS] heartbeat g_48749148: 1200s cycle=46
20:53:40 [S44-HARNESS] heartbeat g_48749148: 1261s cycle=49
20:54:40 [S44-HARNESS] heartbeat g_48749148: 1321s cycle=51
20:55:40 [S44-HARNESS] heartbeat g_48749148: 1381s cycle=54
20:56:40 [S44-HARNESS] heartbeat g_48749148: 1441s cycle=56
20:57:40 [S44-HARNESS] heartbeat g_48749148: 1501s cycle=59
20:58:40 [S44-HARNESS] heartbeat g_48749148: 1561s cycle=61
20:59:40 [S44-HARNESS] heartbeat g_48749148: 1621s cycle=64
21:00:40 [S44-HARNESS] heartbeat g_48749148: 1681s cycle=66
21:01:40 [S44-HARNESS] heartbeat g_48749148: 1741s cycle=69
21:02:40 [S44-HARNESS] heartbeat g_48749148: 1801s cycle=71
21:03:40 [S44-HARNESS] heartbeat g_48749148: 1861s cycle=74
21:04:40 [S44-HARNESS] heartbeat g_48749148: 1921s cycle=76
21:05:40 [S44-HARNESS] heartbeat g_48749148: 1981s cycle=78
21:06:40 [S44-HARNESS] heartbeat g_48749148: 2041s cycle=81
21:07:40 [S44-HARNESS] heartbeat g_48749148: 2101s cycle=83
21:08:40 [S44-HARNESS] heartbeat g_48749148: 2161s cycle=86
21:09:40 [S44-HARNESS] heartbeat g_48749148: 2221s cycle=88
21:10:40 [S44-HARNESS] heartbeat g_48749148: 2281s cycle=91
21:11:40 [S44-HARNESS] heartbeat g_48749148: 2341s cycle=93
21:12:40 [S44-HARNESS] heartbeat g_48749148: 2401s cycle=96
21:13:40 [S44-HARNESS] heartbeat g_48749148: 2461s cycle=98
21:14:40 [S44-HARNESS] heartbeat g_48749148: 2521s cycle=101
21:15:40 [S44-HARNESS] heartbeat g_48749148: 2581s cycle=103
21:16:40 [S44-HARNESS] heartbeat g_48749148: 2641s cycle=106
21:17:40 [S44-HARNESS] heartbeat g_48749148: 2701s cycle=108
21:18:40 [S44-HARNESS] heartbeat g_48749148: 2761s cycle=111
21:19:40 [S44-HARNESS] heartbeat g_48749148: 2821s cycle=113
21:20:40 [S44-HARNESS] heartbeat g_48749148: 2881s cycle=116
21:21:40 [S44-HARNESS] heartbeat g_48749148: 2941s cycle=118
21:22:40 [S44-HARNESS] heartbeat g_48749148: 3001s cycle=120
21:23:40 [S44-HARNESS] heartbeat g_48749148: 3061s cycle=123
21:24:40 [S44-HARNESS] heartbeat g_48749148: 3121s cycle=125
21:25:40 [S44-HARNESS] heartbeat g_48749148: 3181s cycle=128
21:26:40 [S44-HARNESS] heartbeat g_48749148: 3241s cycle=130
21:27:40 [S44-HARNESS] heartbeat g_48749148: 3301s cycle=132
21:28:40 [S44-HARNESS] heartbeat g_48749148: 3361s cycle=135
21:29:40 [S44-HARNESS] heartbeat g_48749148: 3421s cycle=137
21:30:41 [S44-HARNESS] heartbeat g_48749148: 3481s cycle=140
21:31:41 [S44-HARNESS] heartbeat g_48749148: 3541s cycle=142
21:32:41 [S44-HARNESS] heartbeat g_48749148: 3601s cycle=145
21:33:41 [S44-HARNESS] heartbeat g_48749148: 3661s cycle=147
21:34:41 [S44-HARNESS] heartbeat g_48749148: 3722s cycle=149
21:35:41 [S44-HARNESS] heartbeat g_48749148: 3782s cycle=152
21:36:41 [S44-HARNESS] heartbeat g_48749148: 3842s cycle=154
21:37:41 [S44-HARNESS] heartbeat g_48749148: 3902s cycle=157
21:38:41 [S44-HARNESS] heartbeat g_48749148: 3962s cycle=159
21:39:41 [S44-HARNESS] heartbeat g_48749148: 4022s cycle=162
21:40:41 [S44-HARNESS] heartbeat g_48749148: 4082s cycle=164
21:41:41 [S44-HARNESS] heartbeat g_48749148: 4142s cycle=166
21:42:41 [S44-HARNESS] heartbeat g_48749148: 4202s cycle=169
21:43:16 [S44-HARNESS] finished g_48749148 pid=35153 exit=0 status=certified wall=4237s
21:43:22 [W142-RUN-g_48749148] gates {'G1_harness_clean': True, 'G2_eval_key': True, 'G3_append_reconcile': True, 'G4_tail_state_check': True, 'G5_solve_profile_reconciled_per_event': True, 'G6_v37_optimal_and_four_metrics': True, 'G7_append_sealed': True, 'G8_persistence_on_production_certificate': True, 'G9_ess_ageing_readback': True, 'G11_acceptance_cross_check': True, 'G13_holds_inert_through_first_pass_held_after': True, 'G14_all_block_capture': True, 'G15_stopping_consistent': True, 'G16_lambda_sidecar_complete': True, 'G17_rule_v6_replay_reproduces_in_cycle': True, 'G18_line_fields_every_cycle': True, 'G20_production_counters_in_per_cycle_record': True, 'G21_creep_captures_complete': True, 'G22_t_sum_in_cycle_equals_stride_and_terminal': True, 'G23_overlap_recorded': True, 'G24_exit_capture_equals_the_solve_records_and_esso_logs': True, 'G24b_clean_capture_equals_the_solve_records_and_esso_logs': True, 'G25_record_status_follows_the_settling_decision': True}
21:43:22 [W142-RUN-g_48749148] settling v6: status certified k* 170 branch oscillatory window [139, 170] band_width 4202.372605919838 s None t_sum(end) 1239.4292804236252 k0_run 101 non-clean cycles [] floor rejections 0 vetoes 0 cycles 170 record status certified
21:43:22 [W142] guards {'w142_checks': {'counts': {'permitted_solve': 0, 'permitted_exec': 0, 'blocked_solve': 0, 'blocked_exec': 0}, 'verify_0_failures': []}, 'w139_checks': {'counts': {'permitted_solve': 0, 'permitted_exec': 0, 'blocked_solve': 0, 'blocked_exec': 0}, 'verify_0_failures': []}, 'w137_checks': {'counts': {'permitted_solve': 0, 'permitted_exec': 0, 'blocked_solve': 0, 'blocked_exec': 0}, 'verify_0_failures': []}, 'w132_checks': {'counts': {'permitted_solve': 0, 'permitted_exec': 0, 'blocked_solve': 0, 'blocked_exec': 0}, 'verify_0_failures': []}, 'w118_checks': {'counts': {'permitted_solve': 0, 'permitted_exec': 0, 'blocked_solve': 0, 'blocked_exec': 0}, 'verify_0_failures': []}, 'w105_checks_imported': {'counts': {'permitted_solve': 0, 'permitted_exec': 0, 'blocked_solve': 0, 'blocked_exec': 0}, 'verify_0_failures': []}, 'w101_checks_imported': {'counts': {'permitted_solve': 0, 'permitted_exec': 0, 'blocked_solve': 0, 'blocked_exec': 0}, 'verify_0_failures': []}, 'w98_checks_imported': {'counts': {'permitted_solve': 0, 'permitted_exec': 0, 'blocked_solve': 0, 'blocked_exec': 0}, 'verify_0_failures': []}, 'w112_imported': {'counts': {'permitted_solve': 0, 'permitted_exec': 0, 'blocked_solve': 0, 'blocked_exec': 0}, 'verify_0_failures': []}, 'w141_swing_variants': {'counts': {'permitted_solve': 0, 'permitted_exec': 0, 'blocked_solve': 0, 'blocked_exec': 0}, 'verify_0_failures': []}, 'w139_v5_from_records': {'counts': {'permitted_solve': 0, 'permitted_exec': 0, 'blocked_solve': 0, 'blocked_exec': 0}, 'verify_0_failures': []}, 'w131_imported': {'counts': {'permitted_solve': 0, 'permitted_exec': 0, 'blocked_solve': 0, 'blocked_exec': 0}, 'verify_0_failures': []}, 'w137_ra_imported': {'counts': {'permitted_solve': 0, 'permitted_exec': 0, 'blocked_solve': 0, 'blocked_exec': 0}, 'verify_0_failures': []}, 'alpha_row_launcher': {'counts': {'permitted_solve': 0, 'permitted_exec': 0, 'blocked_solve': 0, 'blocked_exec': 0}, 'verify_0_failures': []}, 'w86_launcher': {'counts': {'permitted_solve': 0, 'permitted_exec': 0, 'blocked_solve': 0, 'blocked_exec': 0}, 'verify_0_failures': []}, 'w87': {'counts': {'permitted_solve': 0, 'permitted_exec': 0, 'blocked_solve': 0, 'blocked_exec': 0}, 'verify_0_failures': []}, 'w88': {'counts': {'permitted_solve': 0, 'permitted_exec': 0, 'blocked_solve': 0, 'blocked_exec': 0}, 'verify_0_failures': []}, 'w89_step1': {'counts': {'permitted_solve': 0, 'permitted_exec': 0, 'blocked_solve': 0, 'blocked_exec': 0}, 'verify_0_failures': []}, 'w89_3x3_launcher': {'counts': {'permitted_solve': 0, 'permitted_exec': 0, 'blocked_solve': 0, 'blocked_exec': 0}, 'verify_0_failures': []}, 'w90_3x3_parent': {'counts': {'permitted_solve': 0, 'permitted_exec': 0, 'blocked_solve': 0, 'blocked_exec': 0}, 'verify_0_failures': []}, 'w98_parent': {'counts': {'permitted_solve': 0, 'permitted_exec': 0, 'blocked_solve': 0, 'blocked_exec': 0}, 'verify_0_failures': []}, 'w101_parent': {'counts': {'permitted_solve': 0, 'permitted_exec': 0, 'blocked_solve': 0, 'blocked_exec': 0}, 'verify_0_failures': []}, 'w118_parent': {'counts': {'permitted_solve': 0, 'permitted_exec': 0, 'blocked_solve': 0, 'blocked_exec': 0}, 'verify_0_failures': []}, 'w132_parent': {'counts': {'permitted_solve': 0, 'permitted_exec': 0, 'blocked_solve': 0, 'blocked_exec': 0}, 'verify_0_failures': []}, 'w137_parent': {'counts': {'permitted_solve': 0, 'permitted_exec': 0, 'blocked_solve': 0, 'blocked_exec': 0}, 'verify_0_failures': []}, 'w139_parent': {'counts': {'permitted_solve': 0, 'permitted_exec': 0, 'blocked_solve': 0, 'blocked_exec': 0}, 'verify_0_failures': []}, 'w142_parent': {'counts': {'permitted_solve': 0, 'permitted_exec': 0, 'blocked_solve': 0, 'blocked_exec': 0}, 'verify_0_failures': []}} wall=4395s
