21:19:23 [W142-RUN-l_195156fa] memory preflight: available 17.960723876953125 GiB required 3.50 GiB -> PASS
21:19:23 [W142-RUN-l_195156fa] P5.15 Addendum 61, W142 -- v6 re-settling campaign (34 cells: the eight remaining break-even-fit D cells, claim groups 2 and 4) under the current production configuration: gated cells replayed bitwise against their original record through the first residual pass k0 (abort on the first divergence), the G cells as first C2 evaluations; the certifying regime held after the run's first residual pass (AA off, tight tail on, rho frozen); settling rule v6 (v5 -- reading gamma, window (a), certification vetoed while a NON-CLEAN cycle lies in the last W cycles the test reads, clean within 10x the tail tolerances -- with the swing noise floor tau/10: swings below it excluded from the "not growing" comparison, and a sign change closing a swing below it registering no turning point; gap clause; amended monotone branch) until it certifies or the cap; W105 captures, per-cycle t_sum and Q_cc, the IPOPT exit, final attempt tier and final metrics of every block of every cycle; cell l_195156fa (#34) eval_key 1fd23b8db2be1ba0dddc6fb947141cc1a71caf23198c18829f13caeaa2d6107c; cap 294; lock {'pid': 51999, 'campaign_id': 's53_w142_resettle_v6_l_195156fa', 'campaign_spec_sha256': '769e5fe73114798c0f56a0a2ed48cc8a5f65f25a58b6c5637856e2c28704668c', 'started_utc': '2026-10-03T21:19:23.694689+00:00'}
21:19:23 [S44-HARNESS] launched l_195156fa (key a033945d323983f9) pid=52555
21:19:23 [S44-HARNESS] heartbeat l_195156fa: 0s cycle=None
21:20:23 [S44-HARNESS] heartbeat l_195156fa: 60s cycle=None
21:21:23 [S44-HARNESS] heartbeat l_195156fa: 120s cycle=2
21:22:23 [S44-HARNESS] heartbeat l_195156fa: 180s cycle=5
21:23:23 [S44-HARNESS] heartbeat l_195156fa: 240s cycle=7
21:24:23 [S44-HARNESS] heartbeat l_195156fa: 300s cycle=9
21:25:23 [S44-HARNESS] heartbeat l_195156fa: 360s cycle=11
21:26:23 [S44-HARNESS] heartbeat l_195156fa: 420s cycle=13
21:27:23 [S44-HARNESS] heartbeat l_195156fa: 480s cycle=15
21:28:23 [S44-HARNESS] heartbeat l_195156fa: 540s cycle=18
21:29:23 [S44-HARNESS] heartbeat l_195156fa: 600s cycle=20
21:30:23 [S44-HARNESS] heartbeat l_195156fa: 660s cycle=22
21:31:23 [S44-HARNESS] heartbeat l_195156fa: 720s cycle=24
21:32:24 [S44-HARNESS] heartbeat l_195156fa: 780s cycle=27
21:33:24 [S44-HARNESS] heartbeat l_195156fa: 840s cycle=29
21:34:24 [S44-HARNESS] heartbeat l_195156fa: 900s cycle=31
21:35:24 [S44-HARNESS] heartbeat l_195156fa: 960s cycle=34
21:36:24 [S44-HARNESS] heartbeat l_195156fa: 1020s cycle=36
21:37:24 [S44-HARNESS] heartbeat l_195156fa: 1080s cycle=38
21:38:24 [S44-HARNESS] heartbeat l_195156fa: 1140s cycle=40
21:39:24 [S44-HARNESS] heartbeat l_195156fa: 1200s cycle=43
21:40:24 [S44-HARNESS] heartbeat l_195156fa: 1261s cycle=45
21:41:24 [S44-HARNESS] heartbeat l_195156fa: 1321s cycle=47
21:42:24 [S44-HARNESS] heartbeat l_195156fa: 1381s cycle=49
21:43:24 [S44-HARNESS] heartbeat l_195156fa: 1441s cycle=51
21:44:24 [S44-HARNESS] heartbeat l_195156fa: 1501s cycle=54
21:45:24 [S44-HARNESS] heartbeat l_195156fa: 1561s cycle=56
21:46:24 [S44-HARNESS] heartbeat l_195156fa: 1621s cycle=58
21:47:24 [S44-HARNESS] heartbeat l_195156fa: 1681s cycle=61
21:48:24 [S44-HARNESS] heartbeat l_195156fa: 1741s cycle=63
21:49:24 [S44-HARNESS] heartbeat l_195156fa: 1801s cycle=66
21:50:24 [S44-HARNESS] heartbeat l_195156fa: 1861s cycle=68
21:51:24 [S44-HARNESS] heartbeat l_195156fa: 1921s cycle=70
21:52:24 [S44-HARNESS] heartbeat l_195156fa: 1981s cycle=73
21:53:24 [S44-HARNESS] heartbeat l_195156fa: 2041s cycle=75
21:54:24 [S44-HARNESS] heartbeat l_195156fa: 2101s cycle=77
21:55:24 [S44-HARNESS] heartbeat l_195156fa: 2161s cycle=79
21:56:24 [S44-HARNESS] heartbeat l_195156fa: 2221s cycle=82
21:57:24 [S44-HARNESS] heartbeat l_195156fa: 2281s cycle=84
21:58:24 [S44-HARNESS] heartbeat l_195156fa: 2341s cycle=86
21:59:24 [S44-HARNESS] heartbeat l_195156fa: 2401s cycle=89
22:00:24 [S44-HARNESS] heartbeat l_195156fa: 2461s cycle=91
22:01:24 [S44-HARNESS] heartbeat l_195156fa: 2521s cycle=93
22:02:24 [S44-HARNESS] heartbeat l_195156fa: 2581s cycle=96
22:03:24 [S44-HARNESS] heartbeat l_195156fa: 2641s cycle=98
22:04:24 [S44-HARNESS] heartbeat l_195156fa: 2701s cycle=100
22:05:24 [S44-HARNESS] heartbeat l_195156fa: 2761s cycle=102
22:06:24 [S44-HARNESS] heartbeat l_195156fa: 2821s cycle=105
22:07:24 [S44-HARNESS] heartbeat l_195156fa: 2881s cycle=107
22:08:24 [S44-HARNESS] heartbeat l_195156fa: 2941s cycle=109
22:09:24 [S44-HARNESS] heartbeat l_195156fa: 3001s cycle=112
22:10:24 [S44-HARNESS] heartbeat l_195156fa: 3061s cycle=114
22:11:24 [S44-HARNESS] heartbeat l_195156fa: 3121s cycle=117
22:12:25 [S44-HARNESS] heartbeat l_195156fa: 3181s cycle=119
22:13:25 [S44-HARNESS] heartbeat l_195156fa: 3241s cycle=121
22:14:25 [S44-HARNESS] heartbeat l_195156fa: 3301s cycle=124
22:15:25 [S44-HARNESS] heartbeat l_195156fa: 3361s cycle=126
22:16:25 [S44-HARNESS] heartbeat l_195156fa: 3421s cycle=129
22:17:25 [S44-HARNESS] heartbeat l_195156fa: 3481s cycle=131
22:18:25 [S44-HARNESS] heartbeat l_195156fa: 3541s cycle=133
22:19:25 [S44-HARNESS] heartbeat l_195156fa: 3601s cycle=135
22:20:25 [S44-HARNESS] heartbeat l_195156fa: 3662s cycle=138
22:21:25 [S44-HARNESS] heartbeat l_195156fa: 3722s cycle=140
22:22:25 [S44-HARNESS] heartbeat l_195156fa: 3782s cycle=142
22:23:25 [S44-HARNESS] heartbeat l_195156fa: 3842s cycle=145
22:24:25 [S44-HARNESS] heartbeat l_195156fa: 3902s cycle=147
22:25:25 [S44-HARNESS] heartbeat l_195156fa: 3962s cycle=149
22:26:25 [S44-HARNESS] heartbeat l_195156fa: 4022s cycle=152
22:27:25 [S44-HARNESS] heartbeat l_195156fa: 4082s cycle=154
22:28:25 [S44-HARNESS] heartbeat l_195156fa: 4142s cycle=156
22:29:25 [S44-HARNESS] heartbeat l_195156fa: 4202s cycle=159
22:30:25 [S44-HARNESS] heartbeat l_195156fa: 4262s cycle=161
22:31:25 [S44-HARNESS] heartbeat l_195156fa: 4322s cycle=163
22:32:25 [S44-HARNESS] heartbeat l_195156fa: 4382s cycle=166
22:33:25 [S44-HARNESS] heartbeat l_195156fa: 4442s cycle=168
22:34:25 [S44-HARNESS] heartbeat l_195156fa: 4502s cycle=170
22:35:25 [S44-HARNESS] heartbeat l_195156fa: 4562s cycle=173
22:36:25 [S44-HARNESS] heartbeat l_195156fa: 4622s cycle=175
22:37:25 [S44-HARNESS] heartbeat l_195156fa: 4682s cycle=178
22:38:25 [S44-HARNESS] heartbeat l_195156fa: 4742s cycle=180
22:39:25 [S44-HARNESS] heartbeat l_195156fa: 4802s cycle=182
22:40:25 [S44-HARNESS] heartbeat l_195156fa: 4862s cycle=185
22:41:25 [S44-HARNESS] heartbeat l_195156fa: 4922s cycle=187
22:42:25 [S44-HARNESS] heartbeat l_195156fa: 4982s cycle=189
22:43:25 [S44-HARNESS] heartbeat l_195156fa: 5042s cycle=191
22:44:25 [S44-HARNESS] heartbeat l_195156fa: 5102s cycle=194
22:45:25 [S44-HARNESS] heartbeat l_195156fa: 5162s cycle=196
22:46:25 [S44-HARNESS] heartbeat l_195156fa: 5222s cycle=198
22:47:25 [S44-HARNESS] heartbeat l_195156fa: 5282s cycle=200
22:48:25 [S44-HARNESS] heartbeat l_195156fa: 5342s cycle=202
22:49:25 [S44-HARNESS] heartbeat l_195156fa: 5402s cycle=204
22:50:25 [S44-HARNESS] heartbeat l_195156fa: 5462s cycle=207
22:51:25 [S44-HARNESS] heartbeat l_195156fa: 5522s cycle=209
22:52:26 [S44-HARNESS] heartbeat l_195156fa: 5582s cycle=211
22:53:26 [S44-HARNESS] heartbeat l_195156fa: 5642s cycle=213
22:54:26 [S44-HARNESS] heartbeat l_195156fa: 5702s cycle=216
22:55:26 [S44-HARNESS] heartbeat l_195156fa: 5762s cycle=218
22:56:26 [S44-HARNESS] heartbeat l_195156fa: 5822s cycle=220
22:57:26 [S44-HARNESS] heartbeat l_195156fa: 5882s cycle=222
22:58:26 [S44-HARNESS] heartbeat l_195156fa: 5942s cycle=225
22:59:26 [S44-HARNESS] heartbeat l_195156fa: 6002s cycle=227
23:00:26 [S44-HARNESS] heartbeat l_195156fa: 6063s cycle=229
23:01:26 [S44-HARNESS] heartbeat l_195156fa: 6123s cycle=231
23:02:26 [S44-HARNESS] heartbeat l_195156fa: 6183s cycle=234
23:03:26 [S44-HARNESS] heartbeat l_195156fa: 6243s cycle=236
23:04:26 [S44-HARNESS] heartbeat l_195156fa: 6303s cycle=238
23:05:26 [S44-HARNESS] heartbeat l_195156fa: 6363s cycle=241
23:06:26 [S44-HARNESS] heartbeat l_195156fa: 6423s cycle=243
23:07:26 [S44-HARNESS] heartbeat l_195156fa: 6483s cycle=245
23:08:26 [S44-HARNESS] heartbeat l_195156fa: 6543s cycle=247
23:09:26 [S44-HARNESS] heartbeat l_195156fa: 6603s cycle=249
23:10:26 [S44-HARNESS] heartbeat l_195156fa: 6663s cycle=252
23:10:41 [S44-HARNESS] finished l_195156fa pid=52555 exit=0 status=certified wall=6678s
23:10:51 [W142-RUN-l_195156fa] gates {'G1_harness_clean': True, 'G2_eval_key': True, 'G3_append_reconcile': True, 'G4_tail_state_check': True, 'G5_solve_profile_reconciled_per_event': True, 'G6_v37_optimal_and_four_metrics': True, 'G7_append_sealed': True, 'G8_persistence_on_production_certificate': True, 'G9_ess_ageing_readback': True, 'G11_acceptance_cross_check': True, 'G13_holds_inert_through_first_pass_held_after': True, 'G14_all_block_capture': True, 'G15_stopping_consistent': True, 'G16_lambda_sidecar_complete': True, 'G17_rule_v6_replay_reproduces_in_cycle': True, 'G18_line_fields_every_cycle': True, 'G19_replay_bitwise_1_k0_every_field': True, 'G20_production_counters_in_per_cycle_record': True, 'G21_creep_captures_complete': True, 'G22_t_sum_in_cycle_equals_stride_and_terminal': True, 'G23_overlap_recorded': True, 'G24_exit_capture_equals_the_solve_records_and_esso_logs': True, 'G24b_clean_capture_equals_the_solve_records_and_esso_logs': True, 'G25_record_status_follows_the_settling_decision': True}
23:10:51 [W142-RUN-l_195156fa] settling v6: status certified k* 252 branch monotone window [193, 252] band_width 446.0772352218628 s -1013.164990067482 t_sum(end) -81.12464294438102 k0_run 185 non-clean cycles [31] floor rejections 0 vetoes 0 cycles 252 record status certified
23:10:51 [W142-RUN-l_195156fa] CLAIM-COMPLETION POINT after #34 l_195156fa (#38 in the v3 numbering): items ['L'] complete -- report (Addendum 58). Scorer: cd /Users/micaelsimoes/Projects/share-resource-planning-no_esso-degradation && set -o noclobber && /Users/micaelsimoes/miniconda3/envs/opf_env_py311/bin/python -u p515_s53_w142_resettle_v6_campaign.py --summarize --after-cell l_195156fa > data/SRP1/Results/P515S53/w142_resettle_v6/summarize_after_l_195156fa_launch.log 2>&1
23:10:51 [W142] guards {'w142_checks': {'counts': {'permitted_solve': 0, 'permitted_exec': 0, 'blocked_solve': 0, 'blocked_exec': 0}, 'verify_0_failures': []}, 'w139_checks': {'counts': {'permitted_solve': 0, 'permitted_exec': 0, 'blocked_solve': 0, 'blocked_exec': 0}, 'verify_0_failures': []}, 'w137_checks': {'counts': {'permitted_solve': 0, 'permitted_exec': 0, 'blocked_solve': 0, 'blocked_exec': 0}, 'verify_0_failures': []}, 'w132_checks': {'counts': {'permitted_solve': 0, 'permitted_exec': 0, 'blocked_solve': 0, 'blocked_exec': 0}, 'verify_0_failures': []}, 'w118_checks': {'counts': {'permitted_solve': 0, 'permitted_exec': 0, 'blocked_solve': 0, 'blocked_exec': 0}, 'verify_0_failures': []}, 'w105_checks_imported': {'counts': {'permitted_solve': 0, 'permitted_exec': 0, 'blocked_solve': 0, 'blocked_exec': 0}, 'verify_0_failures': []}, 'w101_checks_imported': {'counts': {'permitted_solve': 0, 'permitted_exec': 0, 'blocked_solve': 0, 'blocked_exec': 0}, 'verify_0_failures': []}, 'w98_checks_imported': {'counts': {'permitted_solve': 0, 'permitted_exec': 0, 'blocked_solve': 0, 'blocked_exec': 0}, 'verify_0_failures': []}, 'w112_imported': {'counts': {'permitted_solve': 0, 'permitted_exec': 0, 'blocked_solve': 0, 'blocked_exec': 0}, 'verify_0_failures': []}, 'w141_swing_variants': {'counts': {'permitted_solve': 0, 'permitted_exec': 0, 'blocked_solve': 0, 'blocked_exec': 0}, 'verify_0_failures': []}, 'w139_v5_from_records': {'counts': {'permitted_solve': 0, 'permitted_exec': 0, 'blocked_solve': 0, 'blocked_exec': 0}, 'verify_0_failures': []}, 'w131_imported': {'counts': {'permitted_solve': 0, 'permitted_exec': 0, 'blocked_solve': 0, 'blocked_exec': 0}, 'verify_0_failures': []}, 'w137_ra_imported': {'counts': {'permitted_solve': 0, 'permitted_exec': 0, 'blocked_solve': 0, 'blocked_exec': 0}, 'verify_0_failures': []}, 'alpha_row_launcher': {'counts': {'permitted_solve': 0, 'permitted_exec': 0, 'blocked_solve': 0, 'blocked_exec': 0}, 'verify_0_failures': []}, 'w86_launcher': {'counts': {'permitted_solve': 0, 'permitted_exec': 0, 'blocked_solve': 0, 'blocked_exec': 0}, 'verify_0_failures': []}, 'w87': {'counts': {'permitted_solve': 0, 'permitted_exec': 0, 'blocked_solve': 0, 'blocked_exec': 0}, 'verify_0_failures': []}, 'w88': {'counts': {'permitted_solve': 0, 'permitted_exec': 0, 'blocked_solve': 0, 'blocked_exec': 0}, 'verify_0_failures': []}, 'w89_step1': {'counts': {'permitted_solve': 0, 'permitted_exec': 0, 'blocked_solve': 0, 'blocked_exec': 0}, 'verify_0_failures': []}, 'w89_3x3_launcher': {'counts': {'permitted_solve': 0, 'permitted_exec': 0, 'blocked_solve': 0, 'blocked_exec': 0}, 'verify_0_failures': []}, 'w90_3x3_parent': {'counts': {'permitted_solve': 0, 'permitted_exec': 0, 'blocked_solve': 0, 'blocked_exec': 0}, 'verify_0_failures': []}, 'w98_parent': {'counts': {'permitted_solve': 0, 'permitted_exec': 0, 'blocked_solve': 0, 'blocked_exec': 0}, 'verify_0_failures': []}, 'w101_parent': {'counts': {'permitted_solve': 0, 'permitted_exec': 0, 'blocked_solve': 0, 'blocked_exec': 0}, 'verify_0_failures': []}, 'w118_parent': {'counts': {'permitted_solve': 0, 'permitted_exec': 0, 'blocked_solve': 0, 'blocked_exec': 0}, 'verify_0_failures': []}, 'w132_parent': {'counts': {'permitted_solve': 0, 'permitted_exec': 0, 'blocked_solve': 0, 'blocked_exec': 0}, 'verify_0_failures': []}, 'w137_parent': {'counts': {'permitted_solve': 0, 'permitted_exec': 0, 'blocked_solve': 0, 'blocked_exec': 0}, 'verify_0_failures': []}, 'w139_parent': {'counts': {'permitted_solve': 0, 'permitted_exec': 0, 'blocked_solve': 0, 'blocked_exec': 0}, 'verify_0_failures': []}, 'w142_parent': {'counts': {'permitted_solve': 0, 'permitted_exec': 0, 'blocked_solve': 0, 'blocked_exec': 0}, 'verify_0_failures': []}} wall=6841s
