09:09:43 [W142-RUN-l_8e4c220e] memory preflight: available 18.22930908203125 GiB required 3.50 GiB -> PASS
09:09:43 [W142-RUN-l_8e4c220e] P5.15 Addendum 61, W142 -- v6 re-settling campaign (34 cells: the eight remaining break-even-fit D cells, claim groups 2 and 4) under the current production configuration: gated cells replayed bitwise against their original record through the first residual pass k0 (abort on the first divergence), the G cells as first C2 evaluations; the certifying regime held after the run's first residual pass (AA off, tight tail on, rho frozen); settling rule v6 (v5 -- reading gamma, window (a), certification vetoed while a NON-CLEAN cycle lies in the last W cycles the test reads, clean within 10x the tail tolerances -- with the swing noise floor tau/10: swings below it excluded from the "not growing" comparison, and a sign change closing a swing below it registering no turning point; gap clause; amended monotone branch) until it certifies or the cap; W105 captures, per-cycle t_sum and Q_cc, the IPOPT exit, final attempt tier and final metrics of every block of every cycle; cell l_8e4c220e (#28) eval_key 5775a50cf6c845039a99241d7d7e28fb53d36f0221eb4099a1172697c21f9ba0; cap 280; lock {'pid': 45737, 'campaign_id': 's53_w142_resettle_v6_l_8e4c220e', 'campaign_spec_sha256': 'c09f57bcd0150a897ff4def6f09cb4aa23b9ec3cf33354abe12f0b015020890f', 'started_utc': '2026-10-03T09:09:43.018090+00:00'}
09:09:43 [S44-HARNESS] launched l_8e4c220e (key 3b77a5f6804ba4ff) pid=46302
09:09:43 [S44-HARNESS] heartbeat l_8e4c220e: 0s cycle=None
09:10:43 [S44-HARNESS] heartbeat l_8e4c220e: 60s cycle=None
09:11:43 [S44-HARNESS] heartbeat l_8e4c220e: 120s cycle=2
09:12:43 [S44-HARNESS] heartbeat l_8e4c220e: 180s cycle=5
09:13:43 [S44-HARNESS] heartbeat l_8e4c220e: 240s cycle=7
09:14:43 [S44-HARNESS] heartbeat l_8e4c220e: 300s cycle=10
09:15:43 [S44-HARNESS] heartbeat l_8e4c220e: 360s cycle=12
09:16:43 [S44-HARNESS] heartbeat l_8e4c220e: 420s cycle=15
09:17:43 [S44-HARNESS] heartbeat l_8e4c220e: 480s cycle=17
09:18:43 [S44-HARNESS] heartbeat l_8e4c220e: 540s cycle=20
09:19:43 [S44-HARNESS] heartbeat l_8e4c220e: 600s cycle=22
09:20:43 [S44-HARNESS] heartbeat l_8e4c220e: 660s cycle=25
09:21:43 [S44-HARNESS] heartbeat l_8e4c220e: 720s cycle=27
09:22:43 [S44-HARNESS] heartbeat l_8e4c220e: 780s cycle=30
09:23:43 [S44-HARNESS] heartbeat l_8e4c220e: 840s cycle=32
09:24:43 [S44-HARNESS] heartbeat l_8e4c220e: 900s cycle=35
09:25:43 [S44-HARNESS] heartbeat l_8e4c220e: 960s cycle=37
09:26:43 [S44-HARNESS] heartbeat l_8e4c220e: 1020s cycle=40
09:27:43 [S44-HARNESS] heartbeat l_8e4c220e: 1080s cycle=42
09:28:43 [S44-HARNESS] heartbeat l_8e4c220e: 1140s cycle=45
09:29:43 [S44-HARNESS] heartbeat l_8e4c220e: 1200s cycle=47
09:30:43 [S44-HARNESS] heartbeat l_8e4c220e: 1261s cycle=50
09:31:43 [S44-HARNESS] heartbeat l_8e4c220e: 1321s cycle=53
09:32:43 [S44-HARNESS] heartbeat l_8e4c220e: 1381s cycle=55
09:33:43 [S44-HARNESS] heartbeat l_8e4c220e: 1441s cycle=58
09:34:43 [S44-HARNESS] heartbeat l_8e4c220e: 1501s cycle=60
09:35:43 [S44-HARNESS] heartbeat l_8e4c220e: 1561s cycle=63
09:36:43 [S44-HARNESS] heartbeat l_8e4c220e: 1621s cycle=65
09:37:43 [S44-HARNESS] heartbeat l_8e4c220e: 1681s cycle=68
09:38:43 [S44-HARNESS] heartbeat l_8e4c220e: 1741s cycle=71
09:39:43 [S44-HARNESS] heartbeat l_8e4c220e: 1801s cycle=73
09:40:43 [S44-HARNESS] heartbeat l_8e4c220e: 1861s cycle=76
09:41:43 [S44-HARNESS] heartbeat l_8e4c220e: 1921s cycle=78
09:42:43 [S44-HARNESS] heartbeat l_8e4c220e: 1981s cycle=81
09:43:43 [S44-HARNESS] heartbeat l_8e4c220e: 2041s cycle=83
09:44:43 [S44-HARNESS] heartbeat l_8e4c220e: 2101s cycle=86
09:45:43 [S44-HARNESS] heartbeat l_8e4c220e: 2161s cycle=89
09:46:43 [S44-HARNESS] heartbeat l_8e4c220e: 2221s cycle=91
09:47:43 [S44-HARNESS] heartbeat l_8e4c220e: 2281s cycle=94
09:48:43 [S44-HARNESS] heartbeat l_8e4c220e: 2341s cycle=96
09:49:44 [S44-HARNESS] heartbeat l_8e4c220e: 2401s cycle=99
09:50:44 [S44-HARNESS] heartbeat l_8e4c220e: 2461s cycle=101
09:51:44 [S44-HARNESS] heartbeat l_8e4c220e: 2521s cycle=104
09:52:44 [S44-HARNESS] heartbeat l_8e4c220e: 2581s cycle=107
09:53:44 [S44-HARNESS] heartbeat l_8e4c220e: 2641s cycle=109
09:54:44 [S44-HARNESS] heartbeat l_8e4c220e: 2701s cycle=112
09:55:44 [S44-HARNESS] heartbeat l_8e4c220e: 2761s cycle=114
09:56:44 [S44-HARNESS] heartbeat l_8e4c220e: 2821s cycle=117
09:57:44 [S44-HARNESS] heartbeat l_8e4c220e: 2881s cycle=119
09:58:44 [S44-HARNESS] heartbeat l_8e4c220e: 2941s cycle=122
09:59:44 [S44-HARNESS] heartbeat l_8e4c220e: 3001s cycle=125
10:00:44 [S44-HARNESS] heartbeat l_8e4c220e: 3061s cycle=127
10:01:44 [S44-HARNESS] heartbeat l_8e4c220e: 3121s cycle=129
10:02:44 [S44-HARNESS] heartbeat l_8e4c220e: 3181s cycle=132
10:03:44 [S44-HARNESS] heartbeat l_8e4c220e: 3241s cycle=134
10:04:44 [S44-HARNESS] heartbeat l_8e4c220e: 3301s cycle=136
10:05:44 [S44-HARNESS] heartbeat l_8e4c220e: 3361s cycle=139
10:06:44 [S44-HARNESS] heartbeat l_8e4c220e: 3421s cycle=141
10:07:44 [S44-HARNESS] heartbeat l_8e4c220e: 3481s cycle=144
10:08:44 [S44-HARNESS] heartbeat l_8e4c220e: 3541s cycle=146
10:09:44 [S44-HARNESS] heartbeat l_8e4c220e: 3601s cycle=149
10:10:44 [S44-HARNESS] heartbeat l_8e4c220e: 3662s cycle=151
10:11:44 [S44-HARNESS] heartbeat l_8e4c220e: 3722s cycle=153
10:12:44 [S44-HARNESS] heartbeat l_8e4c220e: 3782s cycle=156
10:13:44 [S44-HARNESS] heartbeat l_8e4c220e: 3842s cycle=158
10:14:44 [S44-HARNESS] heartbeat l_8e4c220e: 3902s cycle=161
10:15:44 [S44-HARNESS] heartbeat l_8e4c220e: 3962s cycle=163
10:16:44 [S44-HARNESS] heartbeat l_8e4c220e: 4022s cycle=166
10:17:44 [S44-HARNESS] heartbeat l_8e4c220e: 4082s cycle=168
10:18:44 [S44-HARNESS] heartbeat l_8e4c220e: 4142s cycle=171
10:19:44 [S44-HARNESS] heartbeat l_8e4c220e: 4202s cycle=173
10:20:44 [S44-HARNESS] heartbeat l_8e4c220e: 4262s cycle=176
10:21:44 [S44-HARNESS] heartbeat l_8e4c220e: 4322s cycle=178
10:22:44 [S44-HARNESS] heartbeat l_8e4c220e: 4382s cycle=180
10:23:44 [S44-HARNESS] heartbeat l_8e4c220e: 4442s cycle=183
10:24:44 [S44-HARNESS] heartbeat l_8e4c220e: 4502s cycle=185
10:25:44 [S44-HARNESS] heartbeat l_8e4c220e: 4562s cycle=188
10:26:44 [S44-HARNESS] heartbeat l_8e4c220e: 4622s cycle=190
10:27:44 [S44-HARNESS] heartbeat l_8e4c220e: 4682s cycle=193
10:28:44 [S44-HARNESS] heartbeat l_8e4c220e: 4742s cycle=195
10:29:44 [S44-HARNESS] heartbeat l_8e4c220e: 4802s cycle=198
10:30:45 [S44-HARNESS] heartbeat l_8e4c220e: 4862s cycle=200
10:31:45 [S44-HARNESS] heartbeat l_8e4c220e: 4922s cycle=203
10:32:45 [S44-HARNESS] heartbeat l_8e4c220e: 4982s cycle=205
10:33:45 [S44-HARNESS] heartbeat l_8e4c220e: 5042s cycle=207
10:34:45 [S44-HARNESS] heartbeat l_8e4c220e: 5102s cycle=210
10:35:45 [S44-HARNESS] heartbeat l_8e4c220e: 5162s cycle=212
10:36:45 [S44-HARNESS] heartbeat l_8e4c220e: 5222s cycle=215
10:37:45 [S44-HARNESS] heartbeat l_8e4c220e: 5282s cycle=217
10:38:45 [S44-HARNESS] heartbeat l_8e4c220e: 5342s cycle=219
10:39:45 [S44-HARNESS] heartbeat l_8e4c220e: 5402s cycle=222
10:40:45 [S44-HARNESS] heartbeat l_8e4c220e: 5462s cycle=224
10:41:45 [S44-HARNESS] heartbeat l_8e4c220e: 5522s cycle=227
10:42:45 [S44-HARNESS] heartbeat l_8e4c220e: 5582s cycle=229
10:43:45 [S44-HARNESS] heartbeat l_8e4c220e: 5642s cycle=232
10:44:25 [S44-HARNESS] finished l_8e4c220e pid=46302 exit=0 status=certified wall=5682s
10:44:34 [W142-RUN-l_8e4c220e] gates {'G1_harness_clean': True, 'G2_eval_key': True, 'G3_append_reconcile': True, 'G4_tail_state_check': True, 'G5_solve_profile_reconciled_per_event': True, 'G6_v37_optimal_and_four_metrics': True, 'G7_append_sealed': True, 'G8_persistence_on_production_certificate': True, 'G9_ess_ageing_readback': True, 'G11_acceptance_cross_check': True, 'G13_holds_inert_through_first_pass_held_after': True, 'G14_all_block_capture': True, 'G15_stopping_consistent': True, 'G16_lambda_sidecar_complete': True, 'G17_rule_v6_replay_reproduces_in_cycle': True, 'G18_line_fields_every_cycle': True, 'G19_replay_bitwise_1_k0_every_field': True, 'G20_production_counters_in_per_cycle_record': True, 'G21_creep_captures_complete': True, 'G22_t_sum_in_cycle_equals_stride_and_terminal': True, 'G23_overlap_recorded': True, 'G24_exit_capture_equals_the_solve_records_and_esso_logs': True, 'G24b_clean_capture_equals_the_solve_records_and_esso_logs': True, 'G25_record_status_follows_the_settling_decision': True}
10:44:34 [W142-RUN-l_8e4c220e] settling v6: status certified k* 233 branch monotone window [174, 233] band_width 777.4130012989044 s -634.8725975751877 t_sum(end) -77.61208980712613 k0_run 171 non-clean cycles [] floor rejections 0 vetoes 0 cycles 233 record status certified
10:44:34 [W142] guards {'w142_checks': {'counts': {'permitted_solve': 0, 'permitted_exec': 0, 'blocked_solve': 0, 'blocked_exec': 0}, 'verify_0_failures': []}, 'w139_checks': {'counts': {'permitted_solve': 0, 'permitted_exec': 0, 'blocked_solve': 0, 'blocked_exec': 0}, 'verify_0_failures': []}, 'w137_checks': {'counts': {'permitted_solve': 0, 'permitted_exec': 0, 'blocked_solve': 0, 'blocked_exec': 0}, 'verify_0_failures': []}, 'w132_checks': {'counts': {'permitted_solve': 0, 'permitted_exec': 0, 'blocked_solve': 0, 'blocked_exec': 0}, 'verify_0_failures': []}, 'w118_checks': {'counts': {'permitted_solve': 0, 'permitted_exec': 0, 'blocked_solve': 0, 'blocked_exec': 0}, 'verify_0_failures': []}, 'w105_checks_imported': {'counts': {'permitted_solve': 0, 'permitted_exec': 0, 'blocked_solve': 0, 'blocked_exec': 0}, 'verify_0_failures': []}, 'w101_checks_imported': {'counts': {'permitted_solve': 0, 'permitted_exec': 0, 'blocked_solve': 0, 'blocked_exec': 0}, 'verify_0_failures': []}, 'w98_checks_imported': {'counts': {'permitted_solve': 0, 'permitted_exec': 0, 'blocked_solve': 0, 'blocked_exec': 0}, 'verify_0_failures': []}, 'w112_imported': {'counts': {'permitted_solve': 0, 'permitted_exec': 0, 'blocked_solve': 0, 'blocked_exec': 0}, 'verify_0_failures': []}, 'w141_swing_variants': {'counts': {'permitted_solve': 0, 'permitted_exec': 0, 'blocked_solve': 0, 'blocked_exec': 0}, 'verify_0_failures': []}, 'w139_v5_from_records': {'counts': {'permitted_solve': 0, 'permitted_exec': 0, 'blocked_solve': 0, 'blocked_exec': 0}, 'verify_0_failures': []}, 'w131_imported': {'counts': {'permitted_solve': 0, 'permitted_exec': 0, 'blocked_solve': 0, 'blocked_exec': 0}, 'verify_0_failures': []}, 'w137_ra_imported': {'counts': {'permitted_solve': 0, 'permitted_exec': 0, 'blocked_solve': 0, 'blocked_exec': 0}, 'verify_0_failures': []}, 'alpha_row_launcher': {'counts': {'permitted_solve': 0, 'permitted_exec': 0, 'blocked_solve': 0, 'blocked_exec': 0}, 'verify_0_failures': []}, 'w86_launcher': {'counts': {'permitted_solve': 0, 'permitted_exec': 0, 'blocked_solve': 0, 'blocked_exec': 0}, 'verify_0_failures': []}, 'w87': {'counts': {'permitted_solve': 0, 'permitted_exec': 0, 'blocked_solve': 0, 'blocked_exec': 0}, 'verify_0_failures': []}, 'w88': {'counts': {'permitted_solve': 0, 'permitted_exec': 0, 'blocked_solve': 0, 'blocked_exec': 0}, 'verify_0_failures': []}, 'w89_step1': {'counts': {'permitted_solve': 0, 'permitted_exec': 0, 'blocked_solve': 0, 'blocked_exec': 0}, 'verify_0_failures': []}, 'w89_3x3_launcher': {'counts': {'permitted_solve': 0, 'permitted_exec': 0, 'blocked_solve': 0, 'blocked_exec': 0}, 'verify_0_failures': []}, 'w90_3x3_parent': {'counts': {'permitted_solve': 0, 'permitted_exec': 0, 'blocked_solve': 0, 'blocked_exec': 0}, 'verify_0_failures': []}, 'w98_parent': {'counts': {'permitted_solve': 0, 'permitted_exec': 0, 'blocked_solve': 0, 'blocked_exec': 0}, 'verify_0_failures': []}, 'w101_parent': {'counts': {'permitted_solve': 0, 'permitted_exec': 0, 'blocked_solve': 0, 'blocked_exec': 0}, 'verify_0_failures': []}, 'w118_parent': {'counts': {'permitted_solve': 0, 'permitted_exec': 0, 'blocked_solve': 0, 'blocked_exec': 0}, 'verify_0_failures': []}, 'w132_parent': {'counts': {'permitted_solve': 0, 'permitted_exec': 0, 'blocked_solve': 0, 'blocked_exec': 0}, 'verify_0_failures': []}, 'w137_parent': {'counts': {'permitted_solve': 0, 'permitted_exec': 0, 'blocked_solve': 0, 'blocked_exec': 0}, 'verify_0_failures': []}, 'w139_parent': {'counts': {'permitted_solve': 0, 'permitted_exec': 0, 'blocked_solve': 0, 'blocked_exec': 0}, 'verify_0_failures': []}, 'w142_parent': {'counts': {'permitted_solve': 0, 'permitted_exec': 0, 'blocked_solve': 0, 'blocked_exec': 0}, 'verify_0_failures': []}} wall=5844s
