08:13:10 [W142-RUN-d_36686489] memory preflight: available 18.23681640625 GiB required 3.50 GiB -> PASS
08:13:10 [W142-RUN-d_36686489] P5.15 Addendum 61, W142 -- v6 re-settling campaign (34 cells: the eight remaining break-even-fit D cells, claim groups 2 and 4) under the current production configuration: gated cells replayed bitwise against their original record through the first residual pass k0 (abort on the first divergence), the G cells as first C2 evaluations; the certifying regime held after the run's first residual pass (AA off, tight tail on, rho frozen); settling rule v6 (v5 -- reading gamma, window (a), certification vetoed while a NON-CLEAN cycle lies in the last W cycles the test reads, clean within 10x the tail tolerances -- with the swing noise floor tau/10: swings below it excluded from the "not growing" comparison, and a sign change closing a swing below it registering no turning point; gap clause; amended monotone branch) until it certifies or the cap; W105 captures, per-cycle t_sum and Q_cc, the IPOPT exit, final attempt tier and final metrics of every block of every cycle; cell d_36686489 (#3) eval_key 4de61708589e6e2611aad952e124d583183b2b5f18bff1fb7e9fe1a8c7ebe53b; cap 191; lock {'pid': 12854, 'campaign_id': 's53_w142_resettle_v6_d_36686489', 'campaign_spec_sha256': '836bdffa9517016ff50ebf7229391ea68bb921b73463908b7f971adfff20a9eb', 'started_utc': '2026-10-01T08:13:10.266338+00:00'}
08:13:10 [S44-HARNESS] launched d_36686489 (key cab98853bb31f72f) pid=13370
08:13:10 [S44-HARNESS] heartbeat d_36686489: 0s cycle=None
08:14:10 [S44-HARNESS] heartbeat d_36686489: 60s cycle=None
08:15:10 [S44-HARNESS] heartbeat d_36686489: 120s cycle=3
08:16:10 [S44-HARNESS] heartbeat d_36686489: 180s cycle=5
08:17:10 [S44-HARNESS] heartbeat d_36686489: 240s cycle=7
08:18:10 [S44-HARNESS] heartbeat d_36686489: 300s cycle=10
08:19:10 [S44-HARNESS] heartbeat d_36686489: 360s cycle=12
08:20:10 [S44-HARNESS] heartbeat d_36686489: 420s cycle=14
08:21:10 [S44-HARNESS] heartbeat d_36686489: 480s cycle=17
08:22:10 [S44-HARNESS] heartbeat d_36686489: 540s cycle=19
08:23:10 [S44-HARNESS] heartbeat d_36686489: 600s cycle=21
08:24:10 [S44-HARNESS] heartbeat d_36686489: 660s cycle=23
08:25:10 [S44-HARNESS] heartbeat d_36686489: 720s cycle=26
08:26:10 [S44-HARNESS] heartbeat d_36686489: 780s cycle=28
08:27:10 [S44-HARNESS] heartbeat d_36686489: 840s cycle=30
08:28:10 [S44-HARNESS] heartbeat d_36686489: 900s cycle=33
08:29:10 [S44-HARNESS] heartbeat d_36686489: 960s cycle=35
08:30:10 [S44-HARNESS] heartbeat d_36686489: 1020s cycle=38
08:31:10 [S44-HARNESS] heartbeat d_36686489: 1080s cycle=40
08:32:10 [S44-HARNESS] heartbeat d_36686489: 1140s cycle=42
08:33:10 [S44-HARNESS] heartbeat d_36686489: 1200s cycle=45
08:34:10 [S44-HARNESS] heartbeat d_36686489: 1260s cycle=47
08:35:10 [S44-HARNESS] heartbeat d_36686489: 1321s cycle=50
08:36:10 [S44-HARNESS] heartbeat d_36686489: 1381s cycle=52
08:37:10 [S44-HARNESS] heartbeat d_36686489: 1441s cycle=55
08:38:10 [S44-HARNESS] heartbeat d_36686489: 1501s cycle=57
08:39:10 [S44-HARNESS] heartbeat d_36686489: 1561s cycle=59
08:40:10 [S44-HARNESS] heartbeat d_36686489: 1621s cycle=62
08:41:10 [S44-HARNESS] heartbeat d_36686489: 1681s cycle=64
08:42:10 [S44-HARNESS] heartbeat d_36686489: 1741s cycle=67
08:43:10 [S44-HARNESS] heartbeat d_36686489: 1801s cycle=69
08:44:10 [S44-HARNESS] heartbeat d_36686489: 1861s cycle=72
08:45:10 [S44-HARNESS] heartbeat d_36686489: 1921s cycle=74
08:46:11 [S44-HARNESS] heartbeat d_36686489: 1981s cycle=76
08:47:11 [S44-HARNESS] heartbeat d_36686489: 2041s cycle=78
08:48:11 [S44-HARNESS] heartbeat d_36686489: 2101s cycle=81
08:49:11 [S44-HARNESS] heartbeat d_36686489: 2161s cycle=83
08:50:11 [S44-HARNESS] heartbeat d_36686489: 2221s cycle=86
08:51:11 [S44-HARNESS] heartbeat d_36686489: 2281s cycle=88
08:52:11 [S44-HARNESS] heartbeat d_36686489: 2341s cycle=90
08:53:11 [S44-HARNESS] heartbeat d_36686489: 2401s cycle=93
08:54:11 [S44-HARNESS] heartbeat d_36686489: 2461s cycle=95
08:55:11 [S44-HARNESS] heartbeat d_36686489: 2521s cycle=98
08:56:11 [S44-HARNESS] heartbeat d_36686489: 2581s cycle=100
08:57:11 [S44-HARNESS] heartbeat d_36686489: 2641s cycle=102
08:58:11 [S44-HARNESS] heartbeat d_36686489: 2701s cycle=105
08:59:11 [S44-HARNESS] heartbeat d_36686489: 2761s cycle=107
09:00:11 [S44-HARNESS] heartbeat d_36686489: 2821s cycle=110
09:01:11 [S44-HARNESS] heartbeat d_36686489: 2881s cycle=112
09:02:11 [S44-HARNESS] heartbeat d_36686489: 2941s cycle=114
09:03:11 [S44-HARNESS] heartbeat d_36686489: 3001s cycle=117
09:04:11 [S44-HARNESS] heartbeat d_36686489: 3061s cycle=119
09:05:11 [S44-HARNESS] heartbeat d_36686489: 3121s cycle=121
09:06:11 [S44-HARNESS] heartbeat d_36686489: 3181s cycle=124
09:07:11 [S44-HARNESS] heartbeat d_36686489: 3241s cycle=126
09:08:11 [S44-HARNESS] heartbeat d_36686489: 3301s cycle=128
09:09:11 [S44-HARNESS] heartbeat d_36686489: 3361s cycle=131
09:10:11 [S44-HARNESS] heartbeat d_36686489: 3421s cycle=133
09:11:11 [S44-HARNESS] heartbeat d_36686489: 3481s cycle=136
09:12:11 [S44-HARNESS] heartbeat d_36686489: 3541s cycle=138
09:13:11 [S44-HARNESS] heartbeat d_36686489: 3601s cycle=141
09:14:11 [S44-HARNESS] heartbeat d_36686489: 3661s cycle=143
09:15:11 [S44-HARNESS] heartbeat d_36686489: 3721s cycle=145
09:16:11 [S44-HARNESS] heartbeat d_36686489: 3781s cycle=148
09:17:11 [S44-HARNESS] heartbeat d_36686489: 3841s cycle=150
09:18:11 [S44-HARNESS] heartbeat d_36686489: 3901s cycle=153
09:19:11 [S44-HARNESS] heartbeat d_36686489: 3961s cycle=155
09:20:11 [S44-HARNESS] heartbeat d_36686489: 4021s cycle=157
09:21:11 [S44-HARNESS] heartbeat d_36686489: 4082s cycle=160
09:22:11 [S44-HARNESS] heartbeat d_36686489: 4142s cycle=162
09:23:11 [S44-HARNESS] heartbeat d_36686489: 4202s cycle=164
09:24:11 [S44-HARNESS] heartbeat d_36686489: 4262s cycle=167
09:25:11 [S44-HARNESS] heartbeat d_36686489: 4322s cycle=169
09:26:11 [S44-HARNESS] heartbeat d_36686489: 4382s cycle=172
09:27:11 [S44-HARNESS] heartbeat d_36686489: 4442s cycle=174
09:28:11 [S44-HARNESS] heartbeat d_36686489: 4502s cycle=176
09:29:11 [S44-HARNESS] heartbeat d_36686489: 4562s cycle=179
09:30:12 [S44-HARNESS] heartbeat d_36686489: 4622s cycle=181
09:31:12 [S44-HARNESS] heartbeat d_36686489: 4682s cycle=184
09:32:12 [S44-HARNESS] heartbeat d_36686489: 4742s cycle=186
09:33:12 [S44-HARNESS] heartbeat d_36686489: 4802s cycle=188
09:34:12 [S44-HARNESS] heartbeat d_36686489: 4862s cycle=191
09:34:27 [S44-HARNESS] finished d_36686489 pid=13370 exit=0 status=not_certified wall=4877s
09:34:34 [W142-RUN-d_36686489] gates {'G1_harness_clean': True, 'G2_eval_key': True, 'G3_append_reconcile': True, 'G4_tail_state_check': True, 'G5_solve_profile_reconciled_per_event': True, 'G6_v37_optimal_and_four_metrics': True, 'G7_append_sealed': True, 'G8_persistence_on_production_certificate': True, 'G9_ess_ageing_readback': True, 'G11_acceptance_cross_check': True, 'G13_holds_inert_through_first_pass_held_after': True, 'G14_all_block_capture': True, 'G15_stopping_consistent': True, 'G16_lambda_sidecar_complete': True, 'G17_rule_v6_replay_reproduces_in_cycle': True, 'G18_line_fields_every_cycle': True, 'G19_replay_bitwise_1_k0_every_field': True, 'G20_production_counters_in_per_cycle_record': True, 'G21_creep_captures_complete': True, 'G22_t_sum_in_cycle_equals_stride_and_terminal': True, 'G23_overlap_recorded': True, 'G24_exit_capture_equals_the_solve_records_and_esso_logs': True, 'G24b_clean_capture_equals_the_solve_records_and_esso_logs': True, 'G25_record_status_follows_the_settling_decision': True, 'G27_planner_a61_d_cell_certifies_under_v6': False}
09:34:34 [W142-RUN-d_36686489] settling v6: status uncertified k* None branch None window None band_width 6076.278797388077 s 7973.221109390259 t_sum(end) 1082.2324382210093 k0_run 82 non-clean cycles [2, 8, 13, 28, 31, 32, 40, 42, 45, 67, 73, 94, 113, 119, 164, 176] floor rejections 2 vetoes 0 cycles 191 record status not_certified
09:34:34 [W142-RUN-d_36686489] RECORDED PREDICTION FAILED: ['G27_planner_a61_d_cell_certifies_under_v6'] {'parts': {'decision_is_version_6': True, 'certified': False}, 'status': 'uncertified', 'k_star': None, 'reasons': ['swings_growing', 'range_above_tau', 'monotone_window_not_reached'], 'cell': 'd_36686489'} -- STOP FOR THE PLANNER
09:34:34 [W142] guards {'w142_checks': {'counts': {'permitted_solve': 0, 'permitted_exec': 0, 'blocked_solve': 0, 'blocked_exec': 0}, 'verify_0_failures': []}, 'w139_checks': {'counts': {'permitted_solve': 0, 'permitted_exec': 0, 'blocked_solve': 0, 'blocked_exec': 0}, 'verify_0_failures': []}, 'w137_checks': {'counts': {'permitted_solve': 0, 'permitted_exec': 0, 'blocked_solve': 0, 'blocked_exec': 0}, 'verify_0_failures': []}, 'w132_checks': {'counts': {'permitted_solve': 0, 'permitted_exec': 0, 'blocked_solve': 0, 'blocked_exec': 0}, 'verify_0_failures': []}, 'w118_checks': {'counts': {'permitted_solve': 0, 'permitted_exec': 0, 'blocked_solve': 0, 'blocked_exec': 0}, 'verify_0_failures': []}, 'w105_checks_imported': {'counts': {'permitted_solve': 0, 'permitted_exec': 0, 'blocked_solve': 0, 'blocked_exec': 0}, 'verify_0_failures': []}, 'w101_checks_imported': {'counts': {'permitted_solve': 0, 'permitted_exec': 0, 'blocked_solve': 0, 'blocked_exec': 0}, 'verify_0_failures': []}, 'w98_checks_imported': {'counts': {'permitted_solve': 0, 'permitted_exec': 0, 'blocked_solve': 0, 'blocked_exec': 0}, 'verify_0_failures': []}, 'w112_imported': {'counts': {'permitted_solve': 0, 'permitted_exec': 0, 'blocked_solve': 0, 'blocked_exec': 0}, 'verify_0_failures': []}, 'w141_swing_variants': {'counts': {'permitted_solve': 0, 'permitted_exec': 0, 'blocked_solve': 0, 'blocked_exec': 0}, 'verify_0_failures': []}, 'w139_v5_from_records': {'counts': {'permitted_solve': 0, 'permitted_exec': 0, 'blocked_solve': 0, 'blocked_exec': 0}, 'verify_0_failures': []}, 'w131_imported': {'counts': {'permitted_solve': 0, 'permitted_exec': 0, 'blocked_solve': 0, 'blocked_exec': 0}, 'verify_0_failures': []}, 'w137_ra_imported': {'counts': {'permitted_solve': 0, 'permitted_exec': 0, 'blocked_solve': 0, 'blocked_exec': 0}, 'verify_0_failures': []}, 'alpha_row_launcher': {'counts': {'permitted_solve': 0, 'permitted_exec': 0, 'blocked_solve': 0, 'blocked_exec': 0}, 'verify_0_failures': []}, 'w86_launcher': {'counts': {'permitted_solve': 0, 'permitted_exec': 0, 'blocked_solve': 0, 'blocked_exec': 0}, 'verify_0_failures': []}, 'w87': {'counts': {'permitted_solve': 0, 'permitted_exec': 0, 'blocked_solve': 0, 'blocked_exec': 0}, 'verify_0_failures': []}, 'w88': {'counts': {'permitted_solve': 0, 'permitted_exec': 0, 'blocked_solve': 0, 'blocked_exec': 0}, 'verify_0_failures': []}, 'w89_step1': {'counts': {'permitted_solve': 0, 'permitted_exec': 0, 'blocked_solve': 0, 'blocked_exec': 0}, 'verify_0_failures': []}, 'w89_3x3_launcher': {'counts': {'permitted_solve': 0, 'permitted_exec': 0, 'blocked_solve': 0, 'blocked_exec': 0}, 'verify_0_failures': []}, 'w90_3x3_parent': {'counts': {'permitted_solve': 0, 'permitted_exec': 0, 'blocked_solve': 0, 'blocked_exec': 0}, 'verify_0_failures': []}, 'w98_parent': {'counts': {'permitted_solve': 0, 'permitted_exec': 0, 'blocked_solve': 0, 'blocked_exec': 0}, 'verify_0_failures': []}, 'w101_parent': {'counts': {'permitted_solve': 0, 'permitted_exec': 0, 'blocked_solve': 0, 'blocked_exec': 0}, 'verify_0_failures': []}, 'w118_parent': {'counts': {'permitted_solve': 0, 'permitted_exec': 0, 'blocked_solve': 0, 'blocked_exec': 0}, 'verify_0_failures': []}, 'w132_parent': {'counts': {'permitted_solve': 0, 'permitted_exec': 0, 'blocked_solve': 0, 'blocked_exec': 0}, 'verify_0_failures': []}, 'w137_parent': {'counts': {'permitted_solve': 0, 'permitted_exec': 0, 'blocked_solve': 0, 'blocked_exec': 0}, 'verify_0_failures': []}, 'w139_parent': {'counts': {'permitted_solve': 0, 'permitted_exec': 0, 'blocked_solve': 0, 'blocked_exec': 0}, 'verify_0_failures': []}, 'w142_parent': {'counts': {'permitted_solve': 0, 'permitted_exec': 0, 'blocked_solve': 0, 'blocked_exec': 0}, 'verify_0_failures': []}} wall=5035s
