21:25:50 [W142-RUN-d_4a82a64a] memory preflight: available 18.584915161132812 GiB required 3.50 GiB -> PASS
21:25:50 [W142-RUN-d_4a82a64a] P5.15 Addendum 61, W142 -- v6 re-settling campaign (34 cells: the eight remaining break-even-fit D cells, claim groups 2 and 4) under the current production configuration: gated cells replayed bitwise against their original record through the first residual pass k0 (abort on the first divergence), the G cells as first C2 evaluations; the certifying regime held after the run's first residual pass (AA off, tight tail on, rho frozen); settling rule v6 (v5 -- reading gamma, window (a), certification vetoed while a NON-CLEAN cycle lies in the last W cycles the test reads, clean within 10x the tail tolerances -- with the swing noise floor tau/10: swings below it excluded from the "not growing" comparison, and a sign change closing a swing below it registering no turning point; gap clause; amended monotone branch) until it certifies or the cap; W105 captures, per-cycle t_sum and Q_cc, the IPOPT exit, final attempt tier and final metrics of every block of every cycle; cell d_4a82a64a (#1) eval_key 14b00a04ffbcfd3335e199ecda1fb32241fefe2822273cc43a76525b8ec368c2; cap 197; lock {'pid': 89944, 'campaign_id': 's53_w142_resettle_v6_d_4a82a64a', 'campaign_spec_sha256': 'b8e324d1f461b19a341ad0ddeddc8af6d05d2acba3e0044baa49ece0b007e027', 'started_utc': '2026-09-30T21:25:50.586320+00:00'}
21:25:50 [S44-HARNESS] launched d_4a82a64a (key fb21d822e145ba68) pid=90561
21:25:50 [S44-HARNESS] heartbeat d_4a82a64a: 0s cycle=None
21:26:50 [S44-HARNESS] heartbeat d_4a82a64a: 60s cycle=None
21:27:50 [S44-HARNESS] heartbeat d_4a82a64a: 120s cycle=3
21:28:50 [S44-HARNESS] heartbeat d_4a82a64a: 180s cycle=5
21:29:50 [S44-HARNESS] heartbeat d_4a82a64a: 240s cycle=7
21:30:50 [S44-HARNESS] heartbeat d_4a82a64a: 300s cycle=9
21:31:50 [S44-HARNESS] heartbeat d_4a82a64a: 360s cycle=11
21:32:50 [S44-HARNESS] heartbeat d_4a82a64a: 420s cycle=13
21:33:50 [S44-HARNESS] heartbeat d_4a82a64a: 480s cycle=16
21:34:50 [S44-HARNESS] heartbeat d_4a82a64a: 540s cycle=18
21:35:50 [S44-HARNESS] heartbeat d_4a82a64a: 600s cycle=20
21:36:50 [S44-HARNESS] heartbeat d_4a82a64a: 660s cycle=23
21:37:50 [S44-HARNESS] heartbeat d_4a82a64a: 720s cycle=25
21:38:50 [S44-HARNESS] heartbeat d_4a82a64a: 780s cycle=27
21:39:50 [S44-HARNESS] heartbeat d_4a82a64a: 840s cycle=30
21:40:50 [S44-HARNESS] heartbeat d_4a82a64a: 900s cycle=32
21:41:50 [S44-HARNESS] heartbeat d_4a82a64a: 960s cycle=35
21:42:50 [S44-HARNESS] heartbeat d_4a82a64a: 1020s cycle=37
21:43:51 [S44-HARNESS] heartbeat d_4a82a64a: 1080s cycle=39
21:44:51 [S44-HARNESS] heartbeat d_4a82a64a: 1140s cycle=42
21:45:51 [S44-HARNESS] heartbeat d_4a82a64a: 1200s cycle=44
21:46:51 [S44-HARNESS] heartbeat d_4a82a64a: 1260s cycle=47
21:47:51 [S44-HARNESS] heartbeat d_4a82a64a: 1321s cycle=49
21:48:51 [S44-HARNESS] heartbeat d_4a82a64a: 1381s cycle=52
21:49:51 [S44-HARNESS] heartbeat d_4a82a64a: 1441s cycle=54
21:50:51 [S44-HARNESS] heartbeat d_4a82a64a: 1501s cycle=57
21:51:51 [S44-HARNESS] heartbeat d_4a82a64a: 1561s cycle=59
21:52:51 [S44-HARNESS] heartbeat d_4a82a64a: 1621s cycle=61
21:53:51 [S44-HARNESS] heartbeat d_4a82a64a: 1681s cycle=64
21:54:51 [S44-HARNESS] heartbeat d_4a82a64a: 1741s cycle=66
21:55:51 [S44-HARNESS] heartbeat d_4a82a64a: 1801s cycle=68
21:56:51 [S44-HARNESS] heartbeat d_4a82a64a: 1861s cycle=70
21:57:51 [S44-HARNESS] heartbeat d_4a82a64a: 1921s cycle=73
21:58:51 [S44-HARNESS] heartbeat d_4a82a64a: 1981s cycle=75
21:59:51 [S44-HARNESS] heartbeat d_4a82a64a: 2041s cycle=78
22:00:51 [S44-HARNESS] heartbeat d_4a82a64a: 2101s cycle=80
22:01:51 [S44-HARNESS] heartbeat d_4a82a64a: 2161s cycle=83
22:02:51 [S44-HARNESS] heartbeat d_4a82a64a: 2221s cycle=85
22:03:51 [S44-HARNESS] heartbeat d_4a82a64a: 2281s cycle=87
22:04:51 [S44-HARNESS] heartbeat d_4a82a64a: 2341s cycle=90
22:05:51 [S44-HARNESS] heartbeat d_4a82a64a: 2401s cycle=92
22:06:51 [S44-HARNESS] heartbeat d_4a82a64a: 2461s cycle=95
22:07:51 [S44-HARNESS] heartbeat d_4a82a64a: 2521s cycle=97
22:08:51 [S44-HARNESS] heartbeat d_4a82a64a: 2581s cycle=99
22:09:51 [S44-HARNESS] heartbeat d_4a82a64a: 2641s cycle=102
22:10:51 [S44-HARNESS] heartbeat d_4a82a64a: 2701s cycle=104
22:11:51 [S44-HARNESS] heartbeat d_4a82a64a: 2761s cycle=107
22:12:51 [S44-HARNESS] heartbeat d_4a82a64a: 2821s cycle=109
22:13:51 [S44-HARNESS] heartbeat d_4a82a64a: 2881s cycle=111
22:14:51 [S44-HARNESS] heartbeat d_4a82a64a: 2941s cycle=114
22:15:51 [S44-HARNESS] heartbeat d_4a82a64a: 3001s cycle=116
22:16:51 [S44-HARNESS] heartbeat d_4a82a64a: 3061s cycle=118
22:17:51 [S44-HARNESS] heartbeat d_4a82a64a: 3121s cycle=121
22:18:51 [S44-HARNESS] heartbeat d_4a82a64a: 3181s cycle=123
22:19:51 [S44-HARNESS] heartbeat d_4a82a64a: 3241s cycle=126
22:20:51 [S44-HARNESS] heartbeat d_4a82a64a: 3301s cycle=128
22:21:51 [S44-HARNESS] heartbeat d_4a82a64a: 3361s cycle=130
22:22:51 [S44-HARNESS] heartbeat d_4a82a64a: 3421s cycle=133
22:23:51 [S44-HARNESS] heartbeat d_4a82a64a: 3481s cycle=135
22:24:51 [S44-HARNESS] heartbeat d_4a82a64a: 3541s cycle=138
22:25:52 [S44-HARNESS] heartbeat d_4a82a64a: 3601s cycle=140
22:26:42 [S44-HARNESS] finished d_4a82a64a pid=90561 exit=0 status=certified wall=3651s
22:26:47 [W142-RUN-d_4a82a64a] gates {'G1_harness_clean': True, 'G2_eval_key': True, 'G3_append_reconcile': True, 'G4_tail_state_check': True, 'G5_solve_profile_reconciled_per_event': True, 'G6_v37_optimal_and_four_metrics': True, 'G7_append_sealed': True, 'G8_persistence_on_production_certificate': True, 'G9_ess_ageing_readback': True, 'G11_acceptance_cross_check': True, 'G13_holds_inert_through_first_pass_held_after': True, 'G14_all_block_capture': True, 'G15_stopping_consistent': True, 'G16_lambda_sidecar_complete': True, 'G17_rule_v6_replay_reproduces_in_cycle': True, 'G18_line_fields_every_cycle': True, 'G19_replay_bitwise_1_k0_every_field': True, 'G20_production_counters_in_per_cycle_record': True, 'G21_creep_captures_complete': True, 'G22_t_sum_in_cycle_equals_stride_and_terminal': True, 'G23_overlap_recorded': True, 'G24_exit_capture_equals_the_solve_records_and_esso_logs': True, 'G24b_clean_capture_equals_the_solve_records_and_esso_logs': True, 'G25_record_status_follows_the_settling_decision': True, 'G27_planner_a61_d_cell_certifies_under_v6': True}
22:26:47 [W142-RUN-d_4a82a64a] settling v6: status certified k* 142 branch oscillatory window [116, 142] band_width 3277.3021116256714 s 23581.311049580574 t_sum(end) 1000.4384009988056 k0_run 88 non-clean cycles [21, 58, 59, 75, 76, 108] floor rejections 0 vetoes 0 cycles 142 record status certified
22:26:47 [W142] guards {'w142_checks': {'counts': {'permitted_solve': 0, 'permitted_exec': 0, 'blocked_solve': 0, 'blocked_exec': 0}, 'verify_0_failures': []}, 'w139_checks': {'counts': {'permitted_solve': 0, 'permitted_exec': 0, 'blocked_solve': 0, 'blocked_exec': 0}, 'verify_0_failures': []}, 'w137_checks': {'counts': {'permitted_solve': 0, 'permitted_exec': 0, 'blocked_solve': 0, 'blocked_exec': 0}, 'verify_0_failures': []}, 'w132_checks': {'counts': {'permitted_solve': 0, 'permitted_exec': 0, 'blocked_solve': 0, 'blocked_exec': 0}, 'verify_0_failures': []}, 'w118_checks': {'counts': {'permitted_solve': 0, 'permitted_exec': 0, 'blocked_solve': 0, 'blocked_exec': 0}, 'verify_0_failures': []}, 'w105_checks_imported': {'counts': {'permitted_solve': 0, 'permitted_exec': 0, 'blocked_solve': 0, 'blocked_exec': 0}, 'verify_0_failures': []}, 'w101_checks_imported': {'counts': {'permitted_solve': 0, 'permitted_exec': 0, 'blocked_solve': 0, 'blocked_exec': 0}, 'verify_0_failures': []}, 'w98_checks_imported': {'counts': {'permitted_solve': 0, 'permitted_exec': 0, 'blocked_solve': 0, 'blocked_exec': 0}, 'verify_0_failures': []}, 'w112_imported': {'counts': {'permitted_solve': 0, 'permitted_exec': 0, 'blocked_solve': 0, 'blocked_exec': 0}, 'verify_0_failures': []}, 'w141_swing_variants': {'counts': {'permitted_solve': 0, 'permitted_exec': 0, 'blocked_solve': 0, 'blocked_exec': 0}, 'verify_0_failures': []}, 'w139_v5_from_records': {'counts': {'permitted_solve': 0, 'permitted_exec': 0, 'blocked_solve': 0, 'blocked_exec': 0}, 'verify_0_failures': []}, 'w131_imported': {'counts': {'permitted_solve': 0, 'permitted_exec': 0, 'blocked_solve': 0, 'blocked_exec': 0}, 'verify_0_failures': []}, 'w137_ra_imported': {'counts': {'permitted_solve': 0, 'permitted_exec': 0, 'blocked_solve': 0, 'blocked_exec': 0}, 'verify_0_failures': []}, 'alpha_row_launcher': {'counts': {'permitted_solve': 0, 'permitted_exec': 0, 'blocked_solve': 0, 'blocked_exec': 0}, 'verify_0_failures': []}, 'w86_launcher': {'counts': {'permitted_solve': 0, 'permitted_exec': 0, 'blocked_solve': 0, 'blocked_exec': 0}, 'verify_0_failures': []}, 'w87': {'counts': {'permitted_solve': 0, 'permitted_exec': 0, 'blocked_solve': 0, 'blocked_exec': 0}, 'verify_0_failures': []}, 'w88': {'counts': {'permitted_solve': 0, 'permitted_exec': 0, 'blocked_solve': 0, 'blocked_exec': 0}, 'verify_0_failures': []}, 'w89_step1': {'counts': {'permitted_solve': 0, 'permitted_exec': 0, 'blocked_solve': 0, 'blocked_exec': 0}, 'verify_0_failures': []}, 'w89_3x3_launcher': {'counts': {'permitted_solve': 0, 'permitted_exec': 0, 'blocked_solve': 0, 'blocked_exec': 0}, 'verify_0_failures': []}, 'w90_3x3_parent': {'counts': {'permitted_solve': 0, 'permitted_exec': 0, 'blocked_solve': 0, 'blocked_exec': 0}, 'verify_0_failures': []}, 'w98_parent': {'counts': {'permitted_solve': 0, 'permitted_exec': 0, 'blocked_solve': 0, 'blocked_exec': 0}, 'verify_0_failures': []}, 'w101_parent': {'counts': {'permitted_solve': 0, 'permitted_exec': 0, 'blocked_solve': 0, 'blocked_exec': 0}, 'verify_0_failures': []}, 'w118_parent': {'counts': {'permitted_solve': 0, 'permitted_exec': 0, 'blocked_solve': 0, 'blocked_exec': 0}, 'verify_0_failures': []}, 'w132_parent': {'counts': {'permitted_solve': 0, 'permitted_exec': 0, 'blocked_solve': 0, 'blocked_exec': 0}, 'verify_0_failures': []}, 'w137_parent': {'counts': {'permitted_solve': 0, 'permitted_exec': 0, 'blocked_solve': 0, 'blocked_exec': 0}, 'verify_0_failures': []}, 'w139_parent': {'counts': {'permitted_solve': 0, 'permitted_exec': 0, 'blocked_solve': 0, 'blocked_exec': 0}, 'verify_0_failures': []}, 'w142_parent': {'counts': {'permitted_solve': 0, 'permitted_exec': 0, 'blocked_solve': 0, 'blocked_exec': 0}, 'verify_0_failures': []}} wall=3818s
