16:25:24 [W142-RUN-c_6597a79d] memory preflight: available 19.413238525390625 GiB required 3.50 GiB -> PASS
16:25:24 [W142-RUN-c_6597a79d] P5.15 Addendum 61, W142 -- v6 re-settling campaign (34 cells: the eight remaining break-even-fit D cells, claim groups 2 and 4) under the current production configuration: gated cells replayed bitwise against their original record through the first residual pass k0 (abort on the first divergence), the G cells as first C2 evaluations; the certifying regime held after the run's first residual pass (AA off, tight tail on, rho frozen); settling rule v6 (v5 -- reading gamma, window (a), certification vetoed while a NON-CLEAN cycle lies in the last W cycles the test reads, clean within 10x the tail tolerances -- with the swing noise floor tau/10: swings below it excluded from the "not growing" comparison, and a sign change closing a swing below it registering no turning point; gap clause; amended monotone branch) until it certifies or the cap; W105 captures, per-cycle t_sum and Q_cc, the IPOPT exit, final attempt tier and final metrics of every block of every cycle; cell c_6597a79d (#18) eval_key 3a0d03e88a16f174d6283f583a116422b6c573491ce20a50e28266d92da2f097; cap 240; lock {'pid': 98907, 'campaign_id': 's53_w142_resettle_v6_c_6597a79d', 'campaign_spec_sha256': '5b811e220b220ecd4c57f3873d4da34c61680c1b2a512716ac8cbbebe98c8bff', 'started_utc': '2026-10-02T16:25:24.079047+00:00'}
16:25:24 [S44-HARNESS] launched c_6597a79d (key a5bb68bf2bd1e2bf) pid=99407
16:25:24 [S44-HARNESS] heartbeat c_6597a79d: 0s cycle=None
16:26:24 [S44-HARNESS] heartbeat c_6597a79d: 60s cycle=None
16:27:24 [S44-HARNESS] heartbeat c_6597a79d: 120s cycle=3
16:28:24 [S44-HARNESS] heartbeat c_6597a79d: 180s cycle=5
16:29:24 [S44-HARNESS] heartbeat c_6597a79d: 240s cycle=7
16:30:24 [S44-HARNESS] heartbeat c_6597a79d: 300s cycle=9
16:31:24 [S44-HARNESS] heartbeat c_6597a79d: 360s cycle=11
16:32:24 [S44-HARNESS] heartbeat c_6597a79d: 420s cycle=14
16:33:24 [S44-HARNESS] heartbeat c_6597a79d: 480s cycle=16
16:34:24 [S44-HARNESS] heartbeat c_6597a79d: 540s cycle=18
16:35:24 [S44-HARNESS] heartbeat c_6597a79d: 600s cycle=21
16:36:24 [S44-HARNESS] heartbeat c_6597a79d: 660s cycle=23
16:37:24 [S44-HARNESS] heartbeat c_6597a79d: 720s cycle=25
16:38:24 [S44-HARNESS] heartbeat c_6597a79d: 780s cycle=28
16:39:24 [S44-HARNESS] heartbeat c_6597a79d: 840s cycle=30
16:40:24 [S44-HARNESS] heartbeat c_6597a79d: 900s cycle=32
16:41:24 [S44-HARNESS] heartbeat c_6597a79d: 960s cycle=34
16:42:24 [S44-HARNESS] heartbeat c_6597a79d: 1020s cycle=37
16:43:24 [S44-HARNESS] heartbeat c_6597a79d: 1080s cycle=39
16:44:24 [S44-HARNESS] heartbeat c_6597a79d: 1140s cycle=41
16:45:24 [S44-HARNESS] heartbeat c_6597a79d: 1200s cycle=44
16:46:24 [S44-HARNESS] heartbeat c_6597a79d: 1261s cycle=46
16:47:24 [S44-HARNESS] heartbeat c_6597a79d: 1321s cycle=48
16:48:24 [S44-HARNESS] heartbeat c_6597a79d: 1381s cycle=51
16:49:24 [S44-HARNESS] heartbeat c_6597a79d: 1441s cycle=53
16:50:24 [S44-HARNESS] heartbeat c_6597a79d: 1501s cycle=55
16:51:24 [S44-HARNESS] heartbeat c_6597a79d: 1561s cycle=58
16:52:24 [S44-HARNESS] heartbeat c_6597a79d: 1621s cycle=60
16:53:24 [S44-HARNESS] heartbeat c_6597a79d: 1681s cycle=63
16:54:24 [S44-HARNESS] heartbeat c_6597a79d: 1741s cycle=65
16:55:24 [S44-HARNESS] heartbeat c_6597a79d: 1801s cycle=67
16:56:24 [S44-HARNESS] heartbeat c_6597a79d: 1861s cycle=70
16:57:24 [S44-HARNESS] heartbeat c_6597a79d: 1921s cycle=72
16:58:24 [S44-HARNESS] heartbeat c_6597a79d: 1981s cycle=74
16:59:24 [S44-HARNESS] heartbeat c_6597a79d: 2041s cycle=77
17:00:24 [S44-HARNESS] heartbeat c_6597a79d: 2101s cycle=79
17:01:24 [S44-HARNESS] heartbeat c_6597a79d: 2161s cycle=81
17:02:24 [S44-HARNESS] heartbeat c_6597a79d: 2221s cycle=84
17:03:25 [S44-HARNESS] heartbeat c_6597a79d: 2281s cycle=86
17:04:25 [S44-HARNESS] heartbeat c_6597a79d: 2341s cycle=88
17:05:25 [S44-HARNESS] heartbeat c_6597a79d: 2401s cycle=91
17:06:25 [S44-HARNESS] heartbeat c_6597a79d: 2461s cycle=93
17:07:25 [S44-HARNESS] heartbeat c_6597a79d: 2521s cycle=95
17:08:25 [S44-HARNESS] heartbeat c_6597a79d: 2581s cycle=98
17:09:25 [S44-HARNESS] heartbeat c_6597a79d: 2641s cycle=100
17:10:25 [S44-HARNESS] heartbeat c_6597a79d: 2701s cycle=102
17:11:25 [S44-HARNESS] heartbeat c_6597a79d: 2761s cycle=105
17:12:25 [S44-HARNESS] heartbeat c_6597a79d: 2821s cycle=107
17:13:25 [S44-HARNESS] heartbeat c_6597a79d: 2881s cycle=109
17:14:25 [S44-HARNESS] heartbeat c_6597a79d: 2941s cycle=112
17:15:25 [S44-HARNESS] heartbeat c_6597a79d: 3001s cycle=114
17:16:25 [S44-HARNESS] heartbeat c_6597a79d: 3061s cycle=116
17:17:25 [S44-HARNESS] heartbeat c_6597a79d: 3121s cycle=119
17:18:25 [S44-HARNESS] heartbeat c_6597a79d: 3181s cycle=121
17:19:25 [S44-HARNESS] heartbeat c_6597a79d: 3241s cycle=123
17:20:25 [S44-HARNESS] heartbeat c_6597a79d: 3301s cycle=126
17:21:25 [S44-HARNESS] heartbeat c_6597a79d: 3361s cycle=128
17:22:25 [S44-HARNESS] heartbeat c_6597a79d: 3421s cycle=131
17:23:25 [S44-HARNESS] heartbeat c_6597a79d: 3481s cycle=133
17:24:25 [S44-HARNESS] heartbeat c_6597a79d: 3541s cycle=135
17:25:25 [S44-HARNESS] heartbeat c_6597a79d: 3601s cycle=137
17:26:25 [S44-HARNESS] heartbeat c_6597a79d: 3661s cycle=140
17:27:25 [S44-HARNESS] heartbeat c_6597a79d: 3722s cycle=142
17:28:25 [S44-HARNESS] heartbeat c_6597a79d: 3782s cycle=144
17:29:25 [S44-HARNESS] heartbeat c_6597a79d: 3842s cycle=146
17:30:25 [S44-HARNESS] heartbeat c_6597a79d: 3902s cycle=148
17:31:25 [S44-HARNESS] heartbeat c_6597a79d: 3962s cycle=151
17:32:25 [S44-HARNESS] heartbeat c_6597a79d: 4022s cycle=153
17:33:25 [S44-HARNESS] heartbeat c_6597a79d: 4082s cycle=155
17:34:25 [S44-HARNESS] heartbeat c_6597a79d: 4142s cycle=158
17:35:25 [S44-HARNESS] heartbeat c_6597a79d: 4202s cycle=160
17:36:25 [S44-HARNESS] heartbeat c_6597a79d: 4262s cycle=162
17:37:25 [S44-HARNESS] heartbeat c_6597a79d: 4322s cycle=164
17:38:25 [S44-HARNESS] heartbeat c_6597a79d: 4382s cycle=167
17:39:25 [S44-HARNESS] heartbeat c_6597a79d: 4442s cycle=169
17:40:25 [S44-HARNESS] heartbeat c_6597a79d: 4502s cycle=171
17:41:25 [S44-HARNESS] heartbeat c_6597a79d: 4562s cycle=173
17:42:25 [S44-HARNESS] heartbeat c_6597a79d: 4622s cycle=176
17:43:25 [S44-HARNESS] heartbeat c_6597a79d: 4682s cycle=178
17:44:26 [S44-HARNESS] heartbeat c_6597a79d: 4742s cycle=180
17:45:26 [S44-HARNESS] heartbeat c_6597a79d: 4802s cycle=182
17:46:26 [S44-HARNESS] heartbeat c_6597a79d: 4862s cycle=185
17:47:26 [S44-HARNESS] heartbeat c_6597a79d: 4922s cycle=187
17:48:26 [S44-HARNESS] heartbeat c_6597a79d: 4982s cycle=189
17:49:26 [S44-HARNESS] heartbeat c_6597a79d: 5042s cycle=192
17:50:06 [S44-HARNESS] finished c_6597a79d pid=99407 exit=0 status=certified wall=5082s
17:50:13 [W142-RUN-c_6597a79d] gates {'G1_harness_clean': True, 'G2_eval_key': True, 'G3_append_reconcile': True, 'G4_tail_state_check': True, 'G5_solve_profile_reconciled_per_event': True, 'G6_v37_optimal_and_four_metrics': True, 'G7_append_sealed': True, 'G8_persistence_on_production_certificate': True, 'G9_ess_ageing_readback': True, 'G11_acceptance_cross_check': True, 'G13_holds_inert_through_first_pass_held_after': True, 'G14_all_block_capture': True, 'G15_stopping_consistent': True, 'G16_lambda_sidecar_complete': True, 'G17_rule_v6_replay_reproduces_in_cycle': True, 'G18_line_fields_every_cycle': True, 'G19_replay_bitwise_1_k0_every_field': True, 'G20_production_counters_in_per_cycle_record': True, 'G21_creep_captures_complete': True, 'G22_t_sum_in_cycle_equals_stride_and_terminal': True, 'G23_overlap_recorded': True, 'G24_exit_capture_equals_the_solve_records_and_esso_logs': True, 'G24b_clean_capture_equals_the_solve_records_and_esso_logs': True, 'G25_record_status_follows_the_settling_decision': True}
17:50:13 [W142-RUN-c_6597a79d] settling v6: status certified k* 193 branch oscillatory window [161, 193] band_width 4468.614638328552 s -22520.021800875664 t_sum(end) -58.59295609040658 k0_run 131 non-clean cycles [] floor rejections 0 vetoes 0 cycles 193 record status certified
17:50:13 [W142-RUN-c_6597a79d] CLAIM-COMPLETION POINT after #18 c_6597a79d (#22 in the v3 numbering): items ['C'] complete -- report (Addendum 58). Scorer: cd /Users/micaelsimoes/Projects/share-resource-planning-no_esso-degradation && set -o noclobber && /Users/micaelsimoes/miniconda3/envs/opf_env_py311/bin/python -u p515_s53_w142_resettle_v6_campaign.py --summarize --after-cell c_6597a79d > data/SRP1/Results/P515S53/w142_resettle_v6/summarize_after_c_6597a79d_launch.log 2>&1
17:50:13 [W142] guards {'w142_checks': {'counts': {'permitted_solve': 0, 'permitted_exec': 0, 'blocked_solve': 0, 'blocked_exec': 0}, 'verify_0_failures': []}, 'w139_checks': {'counts': {'permitted_solve': 0, 'permitted_exec': 0, 'blocked_solve': 0, 'blocked_exec': 0}, 'verify_0_failures': []}, 'w137_checks': {'counts': {'permitted_solve': 0, 'permitted_exec': 0, 'blocked_solve': 0, 'blocked_exec': 0}, 'verify_0_failures': []}, 'w132_checks': {'counts': {'permitted_solve': 0, 'permitted_exec': 0, 'blocked_solve': 0, 'blocked_exec': 0}, 'verify_0_failures': []}, 'w118_checks': {'counts': {'permitted_solve': 0, 'permitted_exec': 0, 'blocked_solve': 0, 'blocked_exec': 0}, 'verify_0_failures': []}, 'w105_checks_imported': {'counts': {'permitted_solve': 0, 'permitted_exec': 0, 'blocked_solve': 0, 'blocked_exec': 0}, 'verify_0_failures': []}, 'w101_checks_imported': {'counts': {'permitted_solve': 0, 'permitted_exec': 0, 'blocked_solve': 0, 'blocked_exec': 0}, 'verify_0_failures': []}, 'w98_checks_imported': {'counts': {'permitted_solve': 0, 'permitted_exec': 0, 'blocked_solve': 0, 'blocked_exec': 0}, 'verify_0_failures': []}, 'w112_imported': {'counts': {'permitted_solve': 0, 'permitted_exec': 0, 'blocked_solve': 0, 'blocked_exec': 0}, 'verify_0_failures': []}, 'w141_swing_variants': {'counts': {'permitted_solve': 0, 'permitted_exec': 0, 'blocked_solve': 0, 'blocked_exec': 0}, 'verify_0_failures': []}, 'w139_v5_from_records': {'counts': {'permitted_solve': 0, 'permitted_exec': 0, 'blocked_solve': 0, 'blocked_exec': 0}, 'verify_0_failures': []}, 'w131_imported': {'counts': {'permitted_solve': 0, 'permitted_exec': 0, 'blocked_solve': 0, 'blocked_exec': 0}, 'verify_0_failures': []}, 'w137_ra_imported': {'counts': {'permitted_solve': 0, 'permitted_exec': 0, 'blocked_solve': 0, 'blocked_exec': 0}, 'verify_0_failures': []}, 'alpha_row_launcher': {'counts': {'permitted_solve': 0, 'permitted_exec': 0, 'blocked_solve': 0, 'blocked_exec': 0}, 'verify_0_failures': []}, 'w86_launcher': {'counts': {'permitted_solve': 0, 'permitted_exec': 0, 'blocked_solve': 0, 'blocked_exec': 0}, 'verify_0_failures': []}, 'w87': {'counts': {'permitted_solve': 0, 'permitted_exec': 0, 'blocked_solve': 0, 'blocked_exec': 0}, 'verify_0_failures': []}, 'w88': {'counts': {'permitted_solve': 0, 'permitted_exec': 0, 'blocked_solve': 0, 'blocked_exec': 0}, 'verify_0_failures': []}, 'w89_step1': {'counts': {'permitted_solve': 0, 'permitted_exec': 0, 'blocked_solve': 0, 'blocked_exec': 0}, 'verify_0_failures': []}, 'w89_3x3_launcher': {'counts': {'permitted_solve': 0, 'permitted_exec': 0, 'blocked_solve': 0, 'blocked_exec': 0}, 'verify_0_failures': []}, 'w90_3x3_parent': {'counts': {'permitted_solve': 0, 'permitted_exec': 0, 'blocked_solve': 0, 'blocked_exec': 0}, 'verify_0_failures': []}, 'w98_parent': {'counts': {'permitted_solve': 0, 'permitted_exec': 0, 'blocked_solve': 0, 'blocked_exec': 0}, 'verify_0_failures': []}, 'w101_parent': {'counts': {'permitted_solve': 0, 'permitted_exec': 0, 'blocked_solve': 0, 'blocked_exec': 0}, 'verify_0_failures': []}, 'w118_parent': {'counts': {'permitted_solve': 0, 'permitted_exec': 0, 'blocked_solve': 0, 'blocked_exec': 0}, 'verify_0_failures': []}, 'w132_parent': {'counts': {'permitted_solve': 0, 'permitted_exec': 0, 'blocked_solve': 0, 'blocked_exec': 0}, 'verify_0_failures': []}, 'w137_parent': {'counts': {'permitted_solve': 0, 'permitted_exec': 0, 'blocked_solve': 0, 'blocked_exec': 0}, 'verify_0_failures': []}, 'w139_parent': {'counts': {'permitted_solve': 0, 'permitted_exec': 0, 'blocked_solve': 0, 'blocked_exec': 0}, 'verify_0_failures': []}, 'w142_parent': {'counts': {'permitted_solve': 0, 'permitted_exec': 0, 'blocked_solve': 0, 'blocked_exec': 0}, 'verify_0_failures': []}} wall=5240s
