22:54:36 [W142-RUN-h_aa8a76d7] memory preflight: available 21.483108520507812 GiB required 3.50 GiB -> PASS
22:54:36 [W142-RUN-h_aa8a76d7] P5.15 Addendum 61, W142 -- v6 re-settling campaign (34 cells: the eight remaining break-even-fit D cells, claim groups 2 and 4) under the current production configuration: gated cells replayed bitwise against their original record through the first residual pass k0 (abort on the first divergence), the G cells as first C2 evaluations; the certifying regime held after the run's first residual pass (AA off, tight tail on, rho frozen); settling rule v6 (v5 -- reading gamma, window (a), certification vetoed while a NON-CLEAN cycle lies in the last W cycles the test reads, clean within 10x the tail tolerances -- with the swing noise floor tau/10: swings below it excluded from the "not growing" comparison, and a sign change closing a swing below it registering no turning point; gap clause; amended monotone branch) until it certifies or the cap; W105 captures, per-cycle t_sum and Q_cc, the IPOPT exit, final attempt tier and final metrics of every block of every cycle; cell h_aa8a76d7 (#9) eval_key 22dd5ef8a9223f56b2a91af4c26acf596c4785fee3d568baebcc6eb2ebb77112; cap 202; lock {'pid': 86878, 'campaign_id': 's53_w142_resettle_v6_h_aa8a76d7', 'campaign_spec_sha256': '3cd712746f16ec85a4894ab77c8c399c01d50389770b60f54c27fce6da5a0b10', 'started_utc': '2026-10-01T22:54:36.660500+00:00'}
22:54:36 [S44-HARNESS] launched h_aa8a76d7 (key 8435c71859ddde68) pid=87510
22:54:36 [S44-HARNESS] heartbeat h_aa8a76d7: 0s cycle=None
22:55:36 [S44-HARNESS] heartbeat h_aa8a76d7: 60s cycle=None
22:56:36 [S44-HARNESS] heartbeat h_aa8a76d7: 120s cycle=3
22:57:36 [S44-HARNESS] heartbeat h_aa8a76d7: 180s cycle=5
22:58:36 [S44-HARNESS] heartbeat h_aa8a76d7: 240s cycle=8
22:59:36 [S44-HARNESS] heartbeat h_aa8a76d7: 300s cycle=11
23:00:36 [S44-HARNESS] heartbeat h_aa8a76d7: 360s cycle=13
23:01:36 [S44-HARNESS] heartbeat h_aa8a76d7: 420s cycle=16
23:02:36 [S44-HARNESS] heartbeat h_aa8a76d7: 480s cycle=19
23:03:36 [S44-HARNESS] heartbeat h_aa8a76d7: 540s cycle=21
23:04:36 [S44-HARNESS] heartbeat h_aa8a76d7: 600s cycle=24
23:05:36 [S44-HARNESS] heartbeat h_aa8a76d7: 660s cycle=27
23:06:36 [S44-HARNESS] heartbeat h_aa8a76d7: 720s cycle=29
23:07:36 [S44-HARNESS] heartbeat h_aa8a76d7: 780s cycle=32
23:08:37 [S44-HARNESS] heartbeat h_aa8a76d7: 840s cycle=35
23:09:37 [S44-HARNESS] heartbeat h_aa8a76d7: 900s cycle=37
23:10:37 [S44-HARNESS] heartbeat h_aa8a76d7: 960s cycle=40
23:11:37 [S44-HARNESS] heartbeat h_aa8a76d7: 1020s cycle=43
23:12:37 [S44-HARNESS] heartbeat h_aa8a76d7: 1080s cycle=46
23:13:37 [S44-HARNESS] heartbeat h_aa8a76d7: 1140s cycle=48
23:14:37 [S44-HARNESS] heartbeat h_aa8a76d7: 1200s cycle=51
23:15:37 [S44-HARNESS] heartbeat h_aa8a76d7: 1261s cycle=54
23:16:37 [S44-HARNESS] heartbeat h_aa8a76d7: 1321s cycle=56
23:17:37 [S44-HARNESS] heartbeat h_aa8a76d7: 1381s cycle=59
23:18:37 [S44-HARNESS] heartbeat h_aa8a76d7: 1441s cycle=62
23:19:37 [S44-HARNESS] heartbeat h_aa8a76d7: 1501s cycle=65
23:20:37 [S44-HARNESS] heartbeat h_aa8a76d7: 1561s cycle=67
23:21:37 [S44-HARNESS] heartbeat h_aa8a76d7: 1621s cycle=70
23:22:37 [S44-HARNESS] heartbeat h_aa8a76d7: 1681s cycle=73
23:23:37 [S44-HARNESS] heartbeat h_aa8a76d7: 1741s cycle=75
23:24:37 [S44-HARNESS] heartbeat h_aa8a76d7: 1801s cycle=78
23:25:37 [S44-HARNESS] heartbeat h_aa8a76d7: 1861s cycle=81
23:26:37 [S44-HARNESS] heartbeat h_aa8a76d7: 1921s cycle=83
23:27:37 [S44-HARNESS] heartbeat h_aa8a76d7: 1981s cycle=86
23:28:37 [S44-HARNESS] heartbeat h_aa8a76d7: 2041s cycle=89
23:29:37 [S44-HARNESS] heartbeat h_aa8a76d7: 2101s cycle=91
23:30:37 [S44-HARNESS] heartbeat h_aa8a76d7: 2161s cycle=94
23:31:37 [S44-HARNESS] heartbeat h_aa8a76d7: 2221s cycle=97
23:32:37 [S44-HARNESS] heartbeat h_aa8a76d7: 2281s cycle=99
23:33:37 [S44-HARNESS] heartbeat h_aa8a76d7: 2341s cycle=102
23:34:37 [S44-HARNESS] heartbeat h_aa8a76d7: 2401s cycle=104
23:35:37 [S44-HARNESS] heartbeat h_aa8a76d7: 2461s cycle=107
23:36:37 [S44-HARNESS] heartbeat h_aa8a76d7: 2521s cycle=109
23:37:37 [S44-HARNESS] heartbeat h_aa8a76d7: 2581s cycle=112
23:38:37 [S44-HARNESS] heartbeat h_aa8a76d7: 2641s cycle=115
23:39:37 [S44-HARNESS] heartbeat h_aa8a76d7: 2701s cycle=117
23:40:37 [S44-HARNESS] heartbeat h_aa8a76d7: 2761s cycle=120
23:41:37 [S44-HARNESS] heartbeat h_aa8a76d7: 2821s cycle=122
23:42:37 [S44-HARNESS] heartbeat h_aa8a76d7: 2881s cycle=125
23:43:37 [S44-HARNESS] heartbeat h_aa8a76d7: 2941s cycle=127
23:44:37 [S44-HARNESS] heartbeat h_aa8a76d7: 3001s cycle=130
23:45:37 [S44-HARNESS] heartbeat h_aa8a76d7: 3061s cycle=132
23:46:37 [S44-HARNESS] heartbeat h_aa8a76d7: 3121s cycle=135
23:47:37 [S44-HARNESS] heartbeat h_aa8a76d7: 3181s cycle=138
23:48:37 [S44-HARNESS] heartbeat h_aa8a76d7: 3241s cycle=140
23:49:38 [S44-HARNESS] heartbeat h_aa8a76d7: 3301s cycle=143
23:50:38 [S44-HARNESS] heartbeat h_aa8a76d7: 3361s cycle=145
23:51:38 [S44-HARNESS] heartbeat h_aa8a76d7: 3421s cycle=148
23:52:38 [S44-HARNESS] heartbeat h_aa8a76d7: 3481s cycle=150
23:53:38 [S44-HARNESS] heartbeat h_aa8a76d7: 3541s cycle=153
23:53:48 [S44-HARNESS] finished h_aa8a76d7 pid=87510 exit=0 status=certified wall=3551s
23:53:53 [W142-RUN-h_aa8a76d7] gates {'G1_harness_clean': True, 'G2_eval_key': True, 'G3_append_reconcile': True, 'G4_tail_state_check': True, 'G5_solve_profile_reconciled_per_event': True, 'G6_v37_optimal_and_four_metrics': True, 'G7_append_sealed': True, 'G8_persistence_on_production_certificate': True, 'G9_ess_ageing_readback': True, 'G11_acceptance_cross_check': True, 'G13_holds_inert_through_first_pass_held_after': True, 'G14_all_block_capture': True, 'G15_stopping_consistent': True, 'G16_lambda_sidecar_complete': True, 'G17_rule_v6_replay_reproduces_in_cycle': True, 'G18_line_fields_every_cycle': True, 'G19_replay_bitwise_1_k0_every_field': True, 'G20_production_counters_in_per_cycle_record': True, 'G21_creep_captures_complete': True, 'G22_t_sum_in_cycle_equals_stride_and_terminal': True, 'G23_overlap_recorded': True, 'G24_exit_capture_equals_the_solve_records_and_esso_logs': True, 'G24b_clean_capture_equals_the_solve_records_and_esso_logs': True, 'G25_record_status_follows_the_settling_decision': True}
23:53:53 [W142-RUN-h_aa8a76d7] settling v6: status certified k* 153 branch oscillatory window [112, 153] band_width 4130.844262480736 s 10374.552689671516 t_sum(end) -551.8788127717025 k0_run 93 non-clean cycles [] floor rejections 0 vetoes 0 cycles 153 record status certified
23:53:53 [W142] guards {'w142_checks': {'counts': {'permitted_solve': 0, 'permitted_exec': 0, 'blocked_solve': 0, 'blocked_exec': 0}, 'verify_0_failures': []}, 'w139_checks': {'counts': {'permitted_solve': 0, 'permitted_exec': 0, 'blocked_solve': 0, 'blocked_exec': 0}, 'verify_0_failures': []}, 'w137_checks': {'counts': {'permitted_solve': 0, 'permitted_exec': 0, 'blocked_solve': 0, 'blocked_exec': 0}, 'verify_0_failures': []}, 'w132_checks': {'counts': {'permitted_solve': 0, 'permitted_exec': 0, 'blocked_solve': 0, 'blocked_exec': 0}, 'verify_0_failures': []}, 'w118_checks': {'counts': {'permitted_solve': 0, 'permitted_exec': 0, 'blocked_solve': 0, 'blocked_exec': 0}, 'verify_0_failures': []}, 'w105_checks_imported': {'counts': {'permitted_solve': 0, 'permitted_exec': 0, 'blocked_solve': 0, 'blocked_exec': 0}, 'verify_0_failures': []}, 'w101_checks_imported': {'counts': {'permitted_solve': 0, 'permitted_exec': 0, 'blocked_solve': 0, 'blocked_exec': 0}, 'verify_0_failures': []}, 'w98_checks_imported': {'counts': {'permitted_solve': 0, 'permitted_exec': 0, 'blocked_solve': 0, 'blocked_exec': 0}, 'verify_0_failures': []}, 'w112_imported': {'counts': {'permitted_solve': 0, 'permitted_exec': 0, 'blocked_solve': 0, 'blocked_exec': 0}, 'verify_0_failures': []}, 'w141_swing_variants': {'counts': {'permitted_solve': 0, 'permitted_exec': 0, 'blocked_solve': 0, 'blocked_exec': 0}, 'verify_0_failures': []}, 'w139_v5_from_records': {'counts': {'permitted_solve': 0, 'permitted_exec': 0, 'blocked_solve': 0, 'blocked_exec': 0}, 'verify_0_failures': []}, 'w131_imported': {'counts': {'permitted_solve': 0, 'permitted_exec': 0, 'blocked_solve': 0, 'blocked_exec': 0}, 'verify_0_failures': []}, 'w137_ra_imported': {'counts': {'permitted_solve': 0, 'permitted_exec': 0, 'blocked_solve': 0, 'blocked_exec': 0}, 'verify_0_failures': []}, 'alpha_row_launcher': {'counts': {'permitted_solve': 0, 'permitted_exec': 0, 'blocked_solve': 0, 'blocked_exec': 0}, 'verify_0_failures': []}, 'w86_launcher': {'counts': {'permitted_solve': 0, 'permitted_exec': 0, 'blocked_solve': 0, 'blocked_exec': 0}, 'verify_0_failures': []}, 'w87': {'counts': {'permitted_solve': 0, 'permitted_exec': 0, 'blocked_solve': 0, 'blocked_exec': 0}, 'verify_0_failures': []}, 'w88': {'counts': {'permitted_solve': 0, 'permitted_exec': 0, 'blocked_solve': 0, 'blocked_exec': 0}, 'verify_0_failures': []}, 'w89_step1': {'counts': {'permitted_solve': 0, 'permitted_exec': 0, 'blocked_solve': 0, 'blocked_exec': 0}, 'verify_0_failures': []}, 'w89_3x3_launcher': {'counts': {'permitted_solve': 0, 'permitted_exec': 0, 'blocked_solve': 0, 'blocked_exec': 0}, 'verify_0_failures': []}, 'w90_3x3_parent': {'counts': {'permitted_solve': 0, 'permitted_exec': 0, 'blocked_solve': 0, 'blocked_exec': 0}, 'verify_0_failures': []}, 'w98_parent': {'counts': {'permitted_solve': 0, 'permitted_exec': 0, 'blocked_solve': 0, 'blocked_exec': 0}, 'verify_0_failures': []}, 'w101_parent': {'counts': {'permitted_solve': 0, 'permitted_exec': 0, 'blocked_solve': 0, 'blocked_exec': 0}, 'verify_0_failures': []}, 'w118_parent': {'counts': {'permitted_solve': 0, 'permitted_exec': 0, 'blocked_solve': 0, 'blocked_exec': 0}, 'verify_0_failures': []}, 'w132_parent': {'counts': {'permitted_solve': 0, 'permitted_exec': 0, 'blocked_solve': 0, 'blocked_exec': 0}, 'verify_0_failures': []}, 'w137_parent': {'counts': {'permitted_solve': 0, 'permitted_exec': 0, 'blocked_solve': 0, 'blocked_exec': 0}, 'verify_0_failures': []}, 'w139_parent': {'counts': {'permitted_solve': 0, 'permitted_exec': 0, 'blocked_solve': 0, 'blocked_exec': 0}, 'verify_0_failures': []}, 'w142_parent': {'counts': {'permitted_solve': 0, 'permitted_exec': 0, 'blocked_solve': 0, 'blocked_exec': 0}, 'verify_0_failures': []}} wall=3708s
