14:54:09 [W142-RUN-c_156ce2d1] memory preflight: available 19.206680297851562 GiB required 3.50 GiB -> PASS
14:54:09 [W142-RUN-c_156ce2d1] P5.15 Addendum 61, W142 -- v6 re-settling campaign (34 cells: the eight remaining break-even-fit D cells, claim groups 2 and 4) under the current production configuration: gated cells replayed bitwise against their original record through the first residual pass k0 (abort on the first divergence), the G cells as first C2 evaluations; the certifying regime held after the run's first residual pass (AA off, tight tail on, rho frozen); settling rule v6 (v5 -- reading gamma, window (a), certification vetoed while a NON-CLEAN cycle lies in the last W cycles the test reads, clean within 10x the tail tolerances -- with the swing noise floor tau/10: swings below it excluded from the "not growing" comparison, and a sign change closing a swing below it registering no turning point; gap clause; amended monotone branch) until it certifies or the cap; W105 captures, per-cycle t_sum and Q_cc, the IPOPT exit, final attempt tier and final metrics of every block of every cycle; cell c_156ce2d1 (#17) eval_key 3a4c10c859114e2039c87f11304a2afcfd01dfdf18f632cb425a56d4ff3db3ab; cap 214; lock {'pid': 87401, 'campaign_id': 's53_w142_resettle_v6_c_156ce2d1', 'campaign_spec_sha256': '193329dfeded5f9d2c79751c0dcfce6155fde9d6547587ed26d8dc6dac3a6af1', 'started_utc': '2026-10-02T14:54:09.650266+00:00'}
14:54:09 [S44-HARNESS] launched c_156ce2d1 (key ba670a65868a486d) pid=87934
14:54:09 [S44-HARNESS] heartbeat c_156ce2d1: 0s cycle=None
14:55:09 [S44-HARNESS] heartbeat c_156ce2d1: 60s cycle=None
14:56:09 [S44-HARNESS] heartbeat c_156ce2d1: 120s cycle=2
14:57:09 [S44-HARNESS] heartbeat c_156ce2d1: 180s cycle=4
14:58:09 [S44-HARNESS] heartbeat c_156ce2d1: 240s cycle=6
14:59:09 [S44-HARNESS] heartbeat c_156ce2d1: 300s cycle=7
15:00:09 [S44-HARNESS] heartbeat c_156ce2d1: 360s cycle=9
15:01:09 [S44-HARNESS] heartbeat c_156ce2d1: 420s cycle=11
15:02:09 [S44-HARNESS] heartbeat c_156ce2d1: 480s cycle=13
15:03:09 [S44-HARNESS] heartbeat c_156ce2d1: 540s cycle=15
15:04:09 [S44-HARNESS] heartbeat c_156ce2d1: 600s cycle=17
15:05:09 [S44-HARNESS] heartbeat c_156ce2d1: 660s cycle=19
15:06:09 [S44-HARNESS] heartbeat c_156ce2d1: 720s cycle=21
15:07:09 [S44-HARNESS] heartbeat c_156ce2d1: 780s cycle=23
15:08:09 [S44-HARNESS] heartbeat c_156ce2d1: 840s cycle=25
15:09:09 [S44-HARNESS] heartbeat c_156ce2d1: 900s cycle=27
15:10:09 [S44-HARNESS] heartbeat c_156ce2d1: 960s cycle=30
15:11:09 [S44-HARNESS] heartbeat c_156ce2d1: 1020s cycle=32
15:12:09 [S44-HARNESS] heartbeat c_156ce2d1: 1080s cycle=34
15:13:09 [S44-HARNESS] heartbeat c_156ce2d1: 1140s cycle=36
15:14:09 [S44-HARNESS] heartbeat c_156ce2d1: 1200s cycle=38
15:15:09 [S44-HARNESS] heartbeat c_156ce2d1: 1260s cycle=40
15:16:09 [S44-HARNESS] heartbeat c_156ce2d1: 1320s cycle=42
15:17:10 [S44-HARNESS] heartbeat c_156ce2d1: 1380s cycle=44
15:18:10 [S44-HARNESS] heartbeat c_156ce2d1: 1440s cycle=46
15:19:10 [S44-HARNESS] heartbeat c_156ce2d1: 1500s cycle=48
15:20:10 [S44-HARNESS] heartbeat c_156ce2d1: 1560s cycle=50
15:21:10 [S44-HARNESS] heartbeat c_156ce2d1: 1620s cycle=53
15:22:10 [S44-HARNESS] heartbeat c_156ce2d1: 1680s cycle=55
15:23:10 [S44-HARNESS] heartbeat c_156ce2d1: 1740s cycle=57
15:24:10 [S44-HARNESS] heartbeat c_156ce2d1: 1800s cycle=59
15:25:10 [S44-HARNESS] heartbeat c_156ce2d1: 1860s cycle=61
15:26:10 [S44-HARNESS] heartbeat c_156ce2d1: 1920s cycle=63
15:27:10 [S44-HARNESS] heartbeat c_156ce2d1: 1980s cycle=65
15:28:10 [S44-HARNESS] heartbeat c_156ce2d1: 2040s cycle=67
15:29:10 [S44-HARNESS] heartbeat c_156ce2d1: 2101s cycle=69
15:30:10 [S44-HARNESS] heartbeat c_156ce2d1: 2161s cycle=71
15:31:10 [S44-HARNESS] heartbeat c_156ce2d1: 2221s cycle=74
15:32:10 [S44-HARNESS] heartbeat c_156ce2d1: 2281s cycle=75
15:33:10 [S44-HARNESS] heartbeat c_156ce2d1: 2341s cycle=78
15:34:10 [S44-HARNESS] heartbeat c_156ce2d1: 2401s cycle=80
15:35:10 [S44-HARNESS] heartbeat c_156ce2d1: 2461s cycle=82
15:36:10 [S44-HARNESS] heartbeat c_156ce2d1: 2521s cycle=84
15:37:10 [S44-HARNESS] heartbeat c_156ce2d1: 2581s cycle=86
15:38:10 [S44-HARNESS] heartbeat c_156ce2d1: 2641s cycle=88
15:39:10 [S44-HARNESS] heartbeat c_156ce2d1: 2701s cycle=90
15:40:10 [S44-HARNESS] heartbeat c_156ce2d1: 2761s cycle=92
15:41:10 [S44-HARNESS] heartbeat c_156ce2d1: 2821s cycle=94
15:42:10 [S44-HARNESS] heartbeat c_156ce2d1: 2881s cycle=96
15:43:10 [S44-HARNESS] heartbeat c_156ce2d1: 2941s cycle=98
15:44:10 [S44-HARNESS] heartbeat c_156ce2d1: 3001s cycle=100
15:45:10 [S44-HARNESS] heartbeat c_156ce2d1: 3061s cycle=102
15:46:10 [S44-HARNESS] heartbeat c_156ce2d1: 3121s cycle=104
15:47:10 [S44-HARNESS] heartbeat c_156ce2d1: 3181s cycle=106
15:48:10 [S44-HARNESS] heartbeat c_156ce2d1: 3241s cycle=108
15:49:10 [S44-HARNESS] heartbeat c_156ce2d1: 3301s cycle=110
15:50:10 [S44-HARNESS] heartbeat c_156ce2d1: 3361s cycle=112
15:51:10 [S44-HARNESS] heartbeat c_156ce2d1: 3421s cycle=115
15:52:10 [S44-HARNESS] heartbeat c_156ce2d1: 3481s cycle=117
15:53:10 [S44-HARNESS] heartbeat c_156ce2d1: 3541s cycle=119
15:54:10 [S44-HARNESS] heartbeat c_156ce2d1: 3601s cycle=121
15:55:10 [S44-HARNESS] heartbeat c_156ce2d1: 3661s cycle=123
15:56:10 [S44-HARNESS] heartbeat c_156ce2d1: 3721s cycle=125
15:57:10 [S44-HARNESS] heartbeat c_156ce2d1: 3781s cycle=127
15:58:10 [S44-HARNESS] heartbeat c_156ce2d1: 3841s cycle=129
15:59:10 [S44-HARNESS] heartbeat c_156ce2d1: 3901s cycle=131
16:00:10 [S44-HARNESS] heartbeat c_156ce2d1: 3961s cycle=133
16:01:10 [S44-HARNESS] heartbeat c_156ce2d1: 4021s cycle=136
16:02:10 [S44-HARNESS] heartbeat c_156ce2d1: 4081s cycle=138
16:03:10 [S44-HARNESS] heartbeat c_156ce2d1: 4141s cycle=140
16:04:10 [S44-HARNESS] heartbeat c_156ce2d1: 4201s cycle=142
16:05:10 [S44-HARNESS] heartbeat c_156ce2d1: 4261s cycle=144
16:06:10 [S44-HARNESS] heartbeat c_156ce2d1: 4321s cycle=146
16:07:10 [S44-HARNESS] heartbeat c_156ce2d1: 4381s cycle=149
16:08:10 [S44-HARNESS] heartbeat c_156ce2d1: 4441s cycle=151
16:09:10 [S44-HARNESS] heartbeat c_156ce2d1: 4501s cycle=153
16:10:10 [S44-HARNESS] heartbeat c_156ce2d1: 4561s cycle=155
16:11:10 [S44-HARNESS] heartbeat c_156ce2d1: 4621s cycle=158
16:12:10 [S44-HARNESS] heartbeat c_156ce2d1: 4681s cycle=160
16:13:10 [S44-HARNESS] heartbeat c_156ce2d1: 4741s cycle=162
16:14:10 [S44-HARNESS] heartbeat c_156ce2d1: 4801s cycle=164
16:15:10 [S44-HARNESS] heartbeat c_156ce2d1: 4861s cycle=167
16:16:10 [S44-HARNESS] heartbeat c_156ce2d1: 4921s cycle=169
16:17:10 [S44-HARNESS] heartbeat c_156ce2d1: 4981s cycle=171
16:18:11 [S44-HARNESS] heartbeat c_156ce2d1: 5041s cycle=173
16:19:11 [S44-HARNESS] heartbeat c_156ce2d1: 5101s cycle=176
16:19:31 [S44-HARNESS] finished c_156ce2d1 pid=87934 exit=0 status=certified wall=5121s
16:19:38 [W142-RUN-c_156ce2d1] gates {'G1_harness_clean': True, 'G2_eval_key': True, 'G3_append_reconcile': True, 'G4_tail_state_check': True, 'G5_solve_profile_reconciled_per_event': True, 'G6_v37_optimal_and_four_metrics': True, 'G7_append_sealed': True, 'G8_persistence_on_production_certificate': True, 'G9_ess_ageing_readback': True, 'G11_acceptance_cross_check': True, 'G13_holds_inert_through_first_pass_held_after': True, 'G14_all_block_capture': True, 'G15_stopping_consistent': True, 'G16_lambda_sidecar_complete': True, 'G17_rule_v6_replay_reproduces_in_cycle': True, 'G18_line_fields_every_cycle': True, 'G19_replay_bitwise_1_k0_every_field': True, 'G20_production_counters_in_per_cycle_record': True, 'G21_creep_captures_complete': True, 'G22_t_sum_in_cycle_equals_stride_and_terminal': True, 'G23_overlap_recorded': True, 'G24_exit_capture_equals_the_solve_records_and_esso_logs': True, 'G24b_clean_capture_equals_the_solve_records_and_esso_logs': True, 'G25_record_status_follows_the_settling_decision': True}
16:19:38 [W142-RUN-c_156ce2d1] settling v6: status certified k* 176 branch oscillatory window [144, 176] band_width 3894.246554374695 s 19265.928280591965 t_sum(end) 717.7060726955575 k0_run 105 non-clean cycles [] floor rejections 0 vetoes 0 cycles 176 record status certified
16:19:38 [W142] guards {'w142_checks': {'counts': {'permitted_solve': 0, 'permitted_exec': 0, 'blocked_solve': 0, 'blocked_exec': 0}, 'verify_0_failures': []}, 'w139_checks': {'counts': {'permitted_solve': 0, 'permitted_exec': 0, 'blocked_solve': 0, 'blocked_exec': 0}, 'verify_0_failures': []}, 'w137_checks': {'counts': {'permitted_solve': 0, 'permitted_exec': 0, 'blocked_solve': 0, 'blocked_exec': 0}, 'verify_0_failures': []}, 'w132_checks': {'counts': {'permitted_solve': 0, 'permitted_exec': 0, 'blocked_solve': 0, 'blocked_exec': 0}, 'verify_0_failures': []}, 'w118_checks': {'counts': {'permitted_solve': 0, 'permitted_exec': 0, 'blocked_solve': 0, 'blocked_exec': 0}, 'verify_0_failures': []}, 'w105_checks_imported': {'counts': {'permitted_solve': 0, 'permitted_exec': 0, 'blocked_solve': 0, 'blocked_exec': 0}, 'verify_0_failures': []}, 'w101_checks_imported': {'counts': {'permitted_solve': 0, 'permitted_exec': 0, 'blocked_solve': 0, 'blocked_exec': 0}, 'verify_0_failures': []}, 'w98_checks_imported': {'counts': {'permitted_solve': 0, 'permitted_exec': 0, 'blocked_solve': 0, 'blocked_exec': 0}, 'verify_0_failures': []}, 'w112_imported': {'counts': {'permitted_solve': 0, 'permitted_exec': 0, 'blocked_solve': 0, 'blocked_exec': 0}, 'verify_0_failures': []}, 'w141_swing_variants': {'counts': {'permitted_solve': 0, 'permitted_exec': 0, 'blocked_solve': 0, 'blocked_exec': 0}, 'verify_0_failures': []}, 'w139_v5_from_records': {'counts': {'permitted_solve': 0, 'permitted_exec': 0, 'blocked_solve': 0, 'blocked_exec': 0}, 'verify_0_failures': []}, 'w131_imported': {'counts': {'permitted_solve': 0, 'permitted_exec': 0, 'blocked_solve': 0, 'blocked_exec': 0}, 'verify_0_failures': []}, 'w137_ra_imported': {'counts': {'permitted_solve': 0, 'permitted_exec': 0, 'blocked_solve': 0, 'blocked_exec': 0}, 'verify_0_failures': []}, 'alpha_row_launcher': {'counts': {'permitted_solve': 0, 'permitted_exec': 0, 'blocked_solve': 0, 'blocked_exec': 0}, 'verify_0_failures': []}, 'w86_launcher': {'counts': {'permitted_solve': 0, 'permitted_exec': 0, 'blocked_solve': 0, 'blocked_exec': 0}, 'verify_0_failures': []}, 'w87': {'counts': {'permitted_solve': 0, 'permitted_exec': 0, 'blocked_solve': 0, 'blocked_exec': 0}, 'verify_0_failures': []}, 'w88': {'counts': {'permitted_solve': 0, 'permitted_exec': 0, 'blocked_solve': 0, 'blocked_exec': 0}, 'verify_0_failures': []}, 'w89_step1': {'counts': {'permitted_solve': 0, 'permitted_exec': 0, 'blocked_solve': 0, 'blocked_exec': 0}, 'verify_0_failures': []}, 'w89_3x3_launcher': {'counts': {'permitted_solve': 0, 'permitted_exec': 0, 'blocked_solve': 0, 'blocked_exec': 0}, 'verify_0_failures': []}, 'w90_3x3_parent': {'counts': {'permitted_solve': 0, 'permitted_exec': 0, 'blocked_solve': 0, 'blocked_exec': 0}, 'verify_0_failures': []}, 'w98_parent': {'counts': {'permitted_solve': 0, 'permitted_exec': 0, 'blocked_solve': 0, 'blocked_exec': 0}, 'verify_0_failures': []}, 'w101_parent': {'counts': {'permitted_solve': 0, 'permitted_exec': 0, 'blocked_solve': 0, 'blocked_exec': 0}, 'verify_0_failures': []}, 'w118_parent': {'counts': {'permitted_solve': 0, 'permitted_exec': 0, 'blocked_solve': 0, 'blocked_exec': 0}, 'verify_0_failures': []}, 'w132_parent': {'counts': {'permitted_solve': 0, 'permitted_exec': 0, 'blocked_solve': 0, 'blocked_exec': 0}, 'verify_0_failures': []}, 'w137_parent': {'counts': {'permitted_solve': 0, 'permitted_exec': 0, 'blocked_solve': 0, 'blocked_exec': 0}, 'verify_0_failures': []}, 'w139_parent': {'counts': {'permitted_solve': 0, 'permitted_exec': 0, 'blocked_solve': 0, 'blocked_exec': 0}, 'verify_0_failures': []}, 'w142_parent': {'counts': {'permitted_solve': 0, 'permitted_exec': 0, 'blocked_solve': 0, 'blocked_exec': 0}, 'verify_0_failures': []}} wall=5297s
