08:45:31 [W142-RUN-j_f3aa335e] memory preflight: available 19.848098754882812 GiB required 3.50 GiB -> PASS
08:45:31 [W142-RUN-j_f3aa335e] P5.15 Addendum 61, W142 -- v6 re-settling campaign (34 cells: the eight remaining break-even-fit D cells, claim groups 2 and 4) under the current production configuration: gated cells replayed bitwise against their original record through the first residual pass k0 (abort on the first divergence), the G cells as first C2 evaluations; the certifying regime held after the run's first residual pass (AA off, tight tail on, rho frozen); settling rule v6 (v5 -- reading gamma, window (a), certification vetoed while a NON-CLEAN cycle lies in the last W cycles the test reads, clean within 10x the tail tolerances -- with the swing noise floor tau/10: swings below it excluded from the "not growing" comparison, and a sign change closing a swing below it registering no turning point; gap clause; amended monotone branch) until it certifies or the cap; W105 captures, per-cycle t_sum and Q_cc, the IPOPT exit, final attempt tier and final metrics of every block of every cycle; cell j_f3aa335e (#14) eval_key af066d6bc9fdb74da003a2d1fb37c960b0e0084cdb358c476cfe261db9cb5e65; cap 260; lock {'pid': 44660, 'campaign_id': 's53_w142_resettle_v6_j_f3aa335e', 'campaign_spec_sha256': 'f7579eac3e3eec2672591137a071064eb16c07a327eca4a2fb73bbfb1867f40f', 'started_utc': '2026-10-02T08:45:31.030718+00:00'}
08:45:31 [S44-HARNESS] launched j_f3aa335e (key fb21d822e145ba68) pid=45233
08:45:31 [S44-HARNESS] heartbeat j_f3aa335e: 0s cycle=None
08:46:31 [S44-HARNESS] heartbeat j_f3aa335e: 60s cycle=None
08:47:31 [S44-HARNESS] heartbeat j_f3aa335e: 120s cycle=2
08:48:31 [S44-HARNESS] heartbeat j_f3aa335e: 180s cycle=4
08:49:31 [S44-HARNESS] heartbeat j_f3aa335e: 240s cycle=6
08:50:31 [S44-HARNESS] heartbeat j_f3aa335e: 300s cycle=8
08:51:31 [S44-HARNESS] heartbeat j_f3aa335e: 360s cycle=10
08:52:31 [S44-HARNESS] heartbeat j_f3aa335e: 420s cycle=12
08:53:31 [S44-HARNESS] heartbeat j_f3aa335e: 480s cycle=14
08:54:31 [S44-HARNESS] heartbeat j_f3aa335e: 540s cycle=17
08:55:31 [S44-HARNESS] heartbeat j_f3aa335e: 600s cycle=19
08:56:31 [S44-HARNESS] heartbeat j_f3aa335e: 660s cycle=21
08:57:31 [S44-HARNESS] heartbeat j_f3aa335e: 720s cycle=23
08:58:31 [S44-HARNESS] heartbeat j_f3aa335e: 780s cycle=25
08:59:31 [S44-HARNESS] heartbeat j_f3aa335e: 840s cycle=28
09:00:31 [S44-HARNESS] heartbeat j_f3aa335e: 900s cycle=30
09:01:31 [S44-HARNESS] heartbeat j_f3aa335e: 960s cycle=32
09:02:31 [S44-HARNESS] heartbeat j_f3aa335e: 1020s cycle=34
09:03:31 [S44-HARNESS] heartbeat j_f3aa335e: 1080s cycle=37
09:04:31 [S44-HARNESS] heartbeat j_f3aa335e: 1140s cycle=39
09:05:31 [S44-HARNESS] heartbeat j_f3aa335e: 1200s cycle=41
09:06:31 [S44-HARNESS] heartbeat j_f3aa335e: 1260s cycle=43
09:07:31 [S44-HARNESS] heartbeat j_f3aa335e: 1320s cycle=46
09:08:31 [S44-HARNESS] heartbeat j_f3aa335e: 1380s cycle=48
09:09:31 [S44-HARNESS] heartbeat j_f3aa335e: 1440s cycle=50
09:10:31 [S44-HARNESS] heartbeat j_f3aa335e: 1500s cycle=52
09:11:31 [S44-HARNESS] heartbeat j_f3aa335e: 1561s cycle=54
09:12:31 [S44-HARNESS] heartbeat j_f3aa335e: 1621s cycle=56
09:13:31 [S44-HARNESS] heartbeat j_f3aa335e: 1681s cycle=58
09:14:31 [S44-HARNESS] heartbeat j_f3aa335e: 1741s cycle=61
09:15:31 [S44-HARNESS] heartbeat j_f3aa335e: 1801s cycle=63
09:16:31 [S44-HARNESS] heartbeat j_f3aa335e: 1861s cycle=65
09:17:31 [S44-HARNESS] heartbeat j_f3aa335e: 1921s cycle=68
09:18:31 [S44-HARNESS] heartbeat j_f3aa335e: 1981s cycle=70
09:19:31 [S44-HARNESS] heartbeat j_f3aa335e: 2041s cycle=72
09:20:31 [S44-HARNESS] heartbeat j_f3aa335e: 2101s cycle=75
09:21:31 [S44-HARNESS] heartbeat j_f3aa335e: 2161s cycle=77
09:22:31 [S44-HARNESS] heartbeat j_f3aa335e: 2221s cycle=80
09:23:31 [S44-HARNESS] heartbeat j_f3aa335e: 2281s cycle=82
09:24:31 [S44-HARNESS] heartbeat j_f3aa335e: 2341s cycle=85
09:25:31 [S44-HARNESS] heartbeat j_f3aa335e: 2401s cycle=87
09:26:31 [S44-HARNESS] heartbeat j_f3aa335e: 2461s cycle=89
09:27:31 [S44-HARNESS] heartbeat j_f3aa335e: 2521s cycle=92
09:28:31 [S44-HARNESS] heartbeat j_f3aa335e: 2581s cycle=94
09:29:31 [S44-HARNESS] heartbeat j_f3aa335e: 2641s cycle=96
09:30:31 [S44-HARNESS] heartbeat j_f3aa335e: 2701s cycle=99
09:31:31 [S44-HARNESS] heartbeat j_f3aa335e: 2761s cycle=101
09:32:31 [S44-HARNESS] heartbeat j_f3aa335e: 2821s cycle=103
09:33:31 [S44-HARNESS] heartbeat j_f3aa335e: 2881s cycle=106
09:34:31 [S44-HARNESS] heartbeat j_f3aa335e: 2941s cycle=108
09:35:32 [S44-HARNESS] heartbeat j_f3aa335e: 3001s cycle=110
09:36:32 [S44-HARNESS] heartbeat j_f3aa335e: 3061s cycle=113
09:37:32 [S44-HARNESS] heartbeat j_f3aa335e: 3121s cycle=115
09:38:32 [S44-HARNESS] heartbeat j_f3aa335e: 3181s cycle=118
09:39:32 [S44-HARNESS] heartbeat j_f3aa335e: 3241s cycle=120
09:40:32 [S44-HARNESS] heartbeat j_f3aa335e: 3301s cycle=123
09:41:32 [S44-HARNESS] heartbeat j_f3aa335e: 3361s cycle=125
09:42:32 [S44-HARNESS] heartbeat j_f3aa335e: 3421s cycle=128
09:43:32 [S44-HARNESS] heartbeat j_f3aa335e: 3481s cycle=130
09:44:32 [S44-HARNESS] heartbeat j_f3aa335e: 3541s cycle=133
09:45:32 [S44-HARNESS] heartbeat j_f3aa335e: 3601s cycle=135
09:46:32 [S44-HARNESS] heartbeat j_f3aa335e: 3661s cycle=137
09:47:32 [S44-HARNESS] heartbeat j_f3aa335e: 3721s cycle=140
09:48:32 [S44-HARNESS] heartbeat j_f3aa335e: 3781s cycle=142
09:49:32 [S44-HARNESS] heartbeat j_f3aa335e: 3841s cycle=145
09:50:32 [S44-HARNESS] heartbeat j_f3aa335e: 3901s cycle=147
09:51:32 [S44-HARNESS] heartbeat j_f3aa335e: 3961s cycle=150
09:52:32 [S44-HARNESS] heartbeat j_f3aa335e: 4021s cycle=152
09:53:32 [S44-HARNESS] heartbeat j_f3aa335e: 4081s cycle=154
09:54:32 [S44-HARNESS] heartbeat j_f3aa335e: 4141s cycle=157
09:55:32 [S44-HARNESS] heartbeat j_f3aa335e: 4201s cycle=159
09:56:32 [S44-HARNESS] heartbeat j_f3aa335e: 4261s cycle=161
09:57:32 [S44-HARNESS] heartbeat j_f3aa335e: 4322s cycle=164
09:58:32 [S44-HARNESS] heartbeat j_f3aa335e: 4382s cycle=166
09:59:32 [S44-HARNESS] heartbeat j_f3aa335e: 4442s cycle=168
10:00:32 [S44-HARNESS] heartbeat j_f3aa335e: 4502s cycle=171
10:01:32 [S44-HARNESS] heartbeat j_f3aa335e: 4562s cycle=173
10:02:32 [S44-HARNESS] heartbeat j_f3aa335e: 4622s cycle=175
10:03:32 [S44-HARNESS] heartbeat j_f3aa335e: 4682s cycle=178
10:04:32 [S44-HARNESS] heartbeat j_f3aa335e: 4742s cycle=180
10:05:32 [S44-HARNESS] heartbeat j_f3aa335e: 4802s cycle=182
10:06:32 [S44-HARNESS] heartbeat j_f3aa335e: 4862s cycle=184
10:07:32 [S44-HARNESS] heartbeat j_f3aa335e: 4922s cycle=187
10:08:32 [S44-HARNESS] heartbeat j_f3aa335e: 4982s cycle=189
10:09:32 [S44-HARNESS] heartbeat j_f3aa335e: 5042s cycle=191
10:10:32 [S44-HARNESS] heartbeat j_f3aa335e: 5102s cycle=194
10:11:32 [S44-HARNESS] heartbeat j_f3aa335e: 5162s cycle=196
10:12:32 [S44-HARNESS] heartbeat j_f3aa335e: 5222s cycle=198
10:13:32 [S44-HARNESS] heartbeat j_f3aa335e: 5282s cycle=200
10:14:32 [S44-HARNESS] heartbeat j_f3aa335e: 5342s cycle=203
10:15:32 [S44-HARNESS] heartbeat j_f3aa335e: 5402s cycle=205
10:16:32 [S44-HARNESS] heartbeat j_f3aa335e: 5462s cycle=207
10:17:32 [S44-HARNESS] heartbeat j_f3aa335e: 5522s cycle=209
10:18:32 [S44-HARNESS] heartbeat j_f3aa335e: 5582s cycle=211
10:19:32 [S44-HARNESS] heartbeat j_f3aa335e: 5642s cycle=214
10:20:32 [S44-HARNESS] heartbeat j_f3aa335e: 5702s cycle=216
10:21:32 [S44-HARNESS] heartbeat j_f3aa335e: 5762s cycle=218
10:22:32 [S44-HARNESS] heartbeat j_f3aa335e: 5822s cycle=221
10:23:32 [S44-HARNESS] heartbeat j_f3aa335e: 5882s cycle=223
10:24:32 [S44-HARNESS] heartbeat j_f3aa335e: 5942s cycle=225
10:25:33 [S44-HARNESS] heartbeat j_f3aa335e: 6002s cycle=228
10:26:33 [S44-HARNESS] heartbeat j_f3aa335e: 6062s cycle=230
10:27:33 [S44-HARNESS] heartbeat j_f3aa335e: 6122s cycle=232
10:28:33 [S44-HARNESS] heartbeat j_f3aa335e: 6182s cycle=235
10:29:33 [S44-HARNESS] heartbeat j_f3aa335e: 6242s cycle=237
10:30:33 [S44-HARNESS] heartbeat j_f3aa335e: 6302s cycle=240
10:31:33 [S44-HARNESS] heartbeat j_f3aa335e: 6362s cycle=242
10:32:33 [S44-HARNESS] heartbeat j_f3aa335e: 6422s cycle=244
10:33:33 [S44-HARNESS] heartbeat j_f3aa335e: 6482s cycle=247
10:34:33 [S44-HARNESS] heartbeat j_f3aa335e: 6542s cycle=249
10:35:33 [S44-HARNESS] heartbeat j_f3aa335e: 6602s cycle=251
10:36:33 [S44-HARNESS] heartbeat j_f3aa335e: 6662s cycle=254
10:37:33 [S44-HARNESS] heartbeat j_f3aa335e: 6722s cycle=256
10:38:33 [S44-HARNESS] heartbeat j_f3aa335e: 6782s cycle=258
10:39:18 [S44-HARNESS] finished j_f3aa335e pid=45233 exit=0 status=not_certified wall=6827s
10:39:28 [W142-RUN-j_f3aa335e] gates {'G1_harness_clean': True, 'G2_eval_key': True, 'G3_append_reconcile': True, 'G4_tail_state_check': True, 'G5_solve_profile_reconciled_per_event': True, 'G6_v37_optimal_and_four_metrics': True, 'G7_append_sealed': True, 'G8_persistence_on_production_certificate': True, 'G9_ess_ageing_readback': True, 'G11_acceptance_cross_check': True, 'G13_holds_inert_through_first_pass_held_after': True, 'G14_all_block_capture': True, 'G15_stopping_consistent': True, 'G16_lambda_sidecar_complete': True, 'G17_rule_v6_replay_reproduces_in_cycle': True, 'G18_line_fields_every_cycle': True, 'G19_replay_bitwise_1_k0_every_field': True, 'G20_production_counters_in_per_cycle_record': True, 'G21_creep_captures_complete': True, 'G22_t_sum_in_cycle_equals_stride_and_terminal': True, 'G23_overlap_recorded': True, 'G24_exit_capture_equals_the_solve_records_and_esso_logs': True, 'G24b_clean_capture_equals_the_solve_records_and_esso_logs': True, 'G25_record_status_follows_the_settling_decision': True}
10:39:28 [W142-RUN-j_f3aa335e] settling v6: status uncertified k* None branch None window None band_width 4578.2086082696915 s -9231.494222283363 t_sum(end) 251.5527598418244 k0_run 151 non-clean cycles [12, 21, 24, 26, 39, 48, 58, 145, 178] floor rejections 0 vetoes 0 cycles 260 record status not_certified
10:39:28 [W142] guards {'w142_checks': {'counts': {'permitted_solve': 0, 'permitted_exec': 0, 'blocked_solve': 0, 'blocked_exec': 0}, 'verify_0_failures': []}, 'w139_checks': {'counts': {'permitted_solve': 0, 'permitted_exec': 0, 'blocked_solve': 0, 'blocked_exec': 0}, 'verify_0_failures': []}, 'w137_checks': {'counts': {'permitted_solve': 0, 'permitted_exec': 0, 'blocked_solve': 0, 'blocked_exec': 0}, 'verify_0_failures': []}, 'w132_checks': {'counts': {'permitted_solve': 0, 'permitted_exec': 0, 'blocked_solve': 0, 'blocked_exec': 0}, 'verify_0_failures': []}, 'w118_checks': {'counts': {'permitted_solve': 0, 'permitted_exec': 0, 'blocked_solve': 0, 'blocked_exec': 0}, 'verify_0_failures': []}, 'w105_checks_imported': {'counts': {'permitted_solve': 0, 'permitted_exec': 0, 'blocked_solve': 0, 'blocked_exec': 0}, 'verify_0_failures': []}, 'w101_checks_imported': {'counts': {'permitted_solve': 0, 'permitted_exec': 0, 'blocked_solve': 0, 'blocked_exec': 0}, 'verify_0_failures': []}, 'w98_checks_imported': {'counts': {'permitted_solve': 0, 'permitted_exec': 0, 'blocked_solve': 0, 'blocked_exec': 0}, 'verify_0_failures': []}, 'w112_imported': {'counts': {'permitted_solve': 0, 'permitted_exec': 0, 'blocked_solve': 0, 'blocked_exec': 0}, 'verify_0_failures': []}, 'w141_swing_variants': {'counts': {'permitted_solve': 0, 'permitted_exec': 0, 'blocked_solve': 0, 'blocked_exec': 0}, 'verify_0_failures': []}, 'w139_v5_from_records': {'counts': {'permitted_solve': 0, 'permitted_exec': 0, 'blocked_solve': 0, 'blocked_exec': 0}, 'verify_0_failures': []}, 'w131_imported': {'counts': {'permitted_solve': 0, 'permitted_exec': 0, 'blocked_solve': 0, 'blocked_exec': 0}, 'verify_0_failures': []}, 'w137_ra_imported': {'counts': {'permitted_solve': 0, 'permitted_exec': 0, 'blocked_solve': 0, 'blocked_exec': 0}, 'verify_0_failures': []}, 'alpha_row_launcher': {'counts': {'permitted_solve': 0, 'permitted_exec': 0, 'blocked_solve': 0, 'blocked_exec': 0}, 'verify_0_failures': []}, 'w86_launcher': {'counts': {'permitted_solve': 0, 'permitted_exec': 0, 'blocked_solve': 0, 'blocked_exec': 0}, 'verify_0_failures': []}, 'w87': {'counts': {'permitted_solve': 0, 'permitted_exec': 0, 'blocked_solve': 0, 'blocked_exec': 0}, 'verify_0_failures': []}, 'w88': {'counts': {'permitted_solve': 0, 'permitted_exec': 0, 'blocked_solve': 0, 'blocked_exec': 0}, 'verify_0_failures': []}, 'w89_step1': {'counts': {'permitted_solve': 0, 'permitted_exec': 0, 'blocked_solve': 0, 'blocked_exec': 0}, 'verify_0_failures': []}, 'w89_3x3_launcher': {'counts': {'permitted_solve': 0, 'permitted_exec': 0, 'blocked_solve': 0, 'blocked_exec': 0}, 'verify_0_failures': []}, 'w90_3x3_parent': {'counts': {'permitted_solve': 0, 'permitted_exec': 0, 'blocked_solve': 0, 'blocked_exec': 0}, 'verify_0_failures': []}, 'w98_parent': {'counts': {'permitted_solve': 0, 'permitted_exec': 0, 'blocked_solve': 0, 'blocked_exec': 0}, 'verify_0_failures': []}, 'w101_parent': {'counts': {'permitted_solve': 0, 'permitted_exec': 0, 'blocked_solve': 0, 'blocked_exec': 0}, 'verify_0_failures': []}, 'w118_parent': {'counts': {'permitted_solve': 0, 'permitted_exec': 0, 'blocked_solve': 0, 'blocked_exec': 0}, 'verify_0_failures': []}, 'w132_parent': {'counts': {'permitted_solve': 0, 'permitted_exec': 0, 'blocked_solve': 0, 'blocked_exec': 0}, 'verify_0_failures': []}, 'w137_parent': {'counts': {'permitted_solve': 0, 'permitted_exec': 0, 'blocked_solve': 0, 'blocked_exec': 0}, 'verify_0_failures': []}, 'w139_parent': {'counts': {'permitted_solve': 0, 'permitted_exec': 0, 'blocked_solve': 0, 'blocked_exec': 0}, 'verify_0_failures': []}, 'w142_parent': {'counts': {'permitted_solve': 0, 'permitted_exec': 0, 'blocked_solve': 0, 'blocked_exec': 0}, 'verify_0_failures': []}} wall=7007s
