10:44:31 [W142-RUN-j_a11d7966] memory preflight: available 19.933792114257812 GiB required 3.50 GiB -> PASS
10:44:31 [W142-RUN-j_a11d7966] P5.15 Addendum 61, W142 -- v6 re-settling campaign (34 cells: the eight remaining break-even-fit D cells, claim groups 2 and 4) under the current production configuration: gated cells replayed bitwise against their original record through the first residual pass k0 (abort on the first divergence), the G cells as first C2 evaluations; the certifying regime held after the run's first residual pass (AA off, tight tail on, rho frozen); settling rule v6 (v5 -- reading gamma, window (a), certification vetoed while a NON-CLEAN cycle lies in the last W cycles the test reads, clean within 10x the tail tolerances -- with the swing noise floor tau/10: swings below it excluded from the "not growing" comparison, and a sign change closing a swing below it registering no turning point; gap clause; amended monotone branch) until it certifies or the cap; W105 captures, per-cycle t_sum and Q_cc, the IPOPT exit, final attempt tier and final metrics of every block of every cycle; cell j_a11d7966 (#15) eval_key 87efbc3d23566c2922f2d9f315901a441ee922e5dd3670885f38aef265b6f5ca; cap 236; lock {'pid': 60940, 'campaign_id': 's53_w142_resettle_v6_j_a11d7966', 'campaign_spec_sha256': '1b7173a85c9227707b1dcad796fec72e62d070be4a5b9ed8984e803d66ed8a22', 'started_utc': '2026-10-02T10:44:31.363106+00:00'}
10:44:31 [S44-HARNESS] launched j_a11d7966 (key 11725e45371a0c7f) pid=61525
10:44:31 [S44-HARNESS] heartbeat j_a11d7966: 0s cycle=None
10:45:31 [S44-HARNESS] heartbeat j_a11d7966: 60s cycle=None
10:46:31 [S44-HARNESS] heartbeat j_a11d7966: 120s cycle=2
10:47:31 [S44-HARNESS] heartbeat j_a11d7966: 180s cycle=5
10:48:31 [S44-HARNESS] heartbeat j_a11d7966: 240s cycle=7
10:49:31 [S44-HARNESS] heartbeat j_a11d7966: 300s cycle=9
10:50:31 [S44-HARNESS] heartbeat j_a11d7966: 360s cycle=11
10:51:31 [S44-HARNESS] heartbeat j_a11d7966: 420s cycle=13
10:52:31 [S44-HARNESS] heartbeat j_a11d7966: 480s cycle=15
10:53:31 [S44-HARNESS] heartbeat j_a11d7966: 540s cycle=18
10:54:31 [S44-HARNESS] heartbeat j_a11d7966: 600s cycle=20
10:55:31 [S44-HARNESS] heartbeat j_a11d7966: 660s cycle=23
10:56:31 [S44-HARNESS] heartbeat j_a11d7966: 720s cycle=25
10:57:31 [S44-HARNESS] heartbeat j_a11d7966: 780s cycle=27
10:58:31 [S44-HARNESS] heartbeat j_a11d7966: 840s cycle=30
10:59:31 [S44-HARNESS] heartbeat j_a11d7966: 900s cycle=32
11:00:31 [S44-HARNESS] heartbeat j_a11d7966: 960s cycle=34
11:01:31 [S44-HARNESS] heartbeat j_a11d7966: 1020s cycle=37
11:02:31 [S44-HARNESS] heartbeat j_a11d7966: 1080s cycle=39
11:03:31 [S44-HARNESS] heartbeat j_a11d7966: 1140s cycle=42
11:04:31 [S44-HARNESS] heartbeat j_a11d7966: 1200s cycle=44
11:05:31 [S44-HARNESS] heartbeat j_a11d7966: 1261s cycle=46
11:06:31 [S44-HARNESS] heartbeat j_a11d7966: 1321s cycle=49
11:07:31 [S44-HARNESS] heartbeat j_a11d7966: 1381s cycle=51
11:08:31 [S44-HARNESS] heartbeat j_a11d7966: 1441s cycle=54
11:09:31 [S44-HARNESS] heartbeat j_a11d7966: 1501s cycle=56
11:10:32 [S44-HARNESS] heartbeat j_a11d7966: 1561s cycle=58
11:11:32 [S44-HARNESS] heartbeat j_a11d7966: 1621s cycle=61
11:12:32 [S44-HARNESS] heartbeat j_a11d7966: 1681s cycle=63
11:13:32 [S44-HARNESS] heartbeat j_a11d7966: 1741s cycle=66
11:14:32 [S44-HARNESS] heartbeat j_a11d7966: 1801s cycle=68
11:15:32 [S44-HARNESS] heartbeat j_a11d7966: 1861s cycle=71
11:16:32 [S44-HARNESS] heartbeat j_a11d7966: 1921s cycle=73
11:17:32 [S44-HARNESS] heartbeat j_a11d7966: 1981s cycle=76
11:18:32 [S44-HARNESS] heartbeat j_a11d7966: 2041s cycle=78
11:19:32 [S44-HARNESS] heartbeat j_a11d7966: 2101s cycle=81
11:20:32 [S44-HARNESS] heartbeat j_a11d7966: 2161s cycle=83
11:21:32 [S44-HARNESS] heartbeat j_a11d7966: 2221s cycle=85
11:22:32 [S44-HARNESS] heartbeat j_a11d7966: 2281s cycle=88
11:23:32 [S44-HARNESS] heartbeat j_a11d7966: 2341s cycle=90
11:24:32 [S44-HARNESS] heartbeat j_a11d7966: 2401s cycle=93
11:25:32 [S44-HARNESS] heartbeat j_a11d7966: 2461s cycle=95
11:26:32 [S44-HARNESS] heartbeat j_a11d7966: 2521s cycle=98
11:27:32 [S44-HARNESS] heartbeat j_a11d7966: 2581s cycle=100
11:28:32 [S44-HARNESS] heartbeat j_a11d7966: 2641s cycle=103
11:29:32 [S44-HARNESS] heartbeat j_a11d7966: 2701s cycle=105
11:30:32 [S44-HARNESS] heartbeat j_a11d7966: 2761s cycle=108
11:31:32 [S44-HARNESS] heartbeat j_a11d7966: 2821s cycle=110
11:32:32 [S44-HARNESS] heartbeat j_a11d7966: 2881s cycle=113
11:33:32 [S44-HARNESS] heartbeat j_a11d7966: 2941s cycle=115
11:34:32 [S44-HARNESS] heartbeat j_a11d7966: 3001s cycle=117
11:35:32 [S44-HARNESS] heartbeat j_a11d7966: 3061s cycle=119
11:36:32 [S44-HARNESS] heartbeat j_a11d7966: 3121s cycle=122
11:37:32 [S44-HARNESS] heartbeat j_a11d7966: 3181s cycle=124
11:38:32 [S44-HARNESS] heartbeat j_a11d7966: 3241s cycle=127
11:39:32 [S44-HARNESS] heartbeat j_a11d7966: 3301s cycle=129
11:40:32 [S44-HARNESS] heartbeat j_a11d7966: 3361s cycle=131
11:41:32 [S44-HARNESS] heartbeat j_a11d7966: 3421s cycle=134
11:42:32 [S44-HARNESS] heartbeat j_a11d7966: 3481s cycle=136
11:43:32 [S44-HARNESS] heartbeat j_a11d7966: 3541s cycle=138
11:44:32 [S44-HARNESS] heartbeat j_a11d7966: 3601s cycle=141
11:45:32 [S44-HARNESS] heartbeat j_a11d7966: 3661s cycle=143
11:46:32 [S44-HARNESS] heartbeat j_a11d7966: 3722s cycle=145
11:47:32 [S44-HARNESS] heartbeat j_a11d7966: 3782s cycle=148
11:48:32 [S44-HARNESS] heartbeat j_a11d7966: 3842s cycle=150
11:49:32 [S44-HARNESS] heartbeat j_a11d7966: 3902s cycle=153
11:50:32 [S44-HARNESS] heartbeat j_a11d7966: 3962s cycle=155
11:51:33 [S44-HARNESS] heartbeat j_a11d7966: 4022s cycle=157
11:51:53 [S44-HARNESS] finished j_a11d7966 pid=61525 exit=0 status=certified wall=4042s
11:51:58 [W142-RUN-j_a11d7966] gates {'G1_harness_clean': True, 'G2_eval_key': True, 'G3_append_reconcile': True, 'G4_tail_state_check': True, 'G5_solve_profile_reconciled_per_event': True, 'G6_v37_optimal_and_four_metrics': True, 'G7_append_sealed': True, 'G8_persistence_on_production_certificate': True, 'G9_ess_ageing_readback': True, 'G11_acceptance_cross_check': True, 'G13_holds_inert_through_first_pass_held_after': True, 'G14_all_block_capture': True, 'G15_stopping_consistent': True, 'G16_lambda_sidecar_complete': True, 'G17_rule_v6_replay_reproduces_in_cycle': True, 'G18_line_fields_every_cycle': True, 'G19_replay_bitwise_1_k0_every_field': True, 'G20_production_counters_in_per_cycle_record': True, 'G21_creep_captures_complete': True, 'G22_t_sum_in_cycle_equals_stride_and_terminal': True, 'G23_overlap_recorded': True, 'G24_exit_capture_equals_the_solve_records_and_esso_logs': True, 'G24b_clean_capture_equals_the_solve_records_and_esso_logs': True, 'G25_record_status_follows_the_settling_decision': True}
11:51:58 [W142-RUN-j_a11d7966] settling v6: status certified k* 158 branch oscillatory window [139, 158] band_width 3244.907689332962 s -5293.1949689388275 t_sum(end) 641.6120913832902 k0_run 127 non-clean cycles [1, 12, 14, 30, 47, 76, 138] floor rejections 1 vetoes 0 cycles 158 record status certified
11:51:58 [W142] guards {'w142_checks': {'counts': {'permitted_solve': 0, 'permitted_exec': 0, 'blocked_solve': 0, 'blocked_exec': 0}, 'verify_0_failures': []}, 'w139_checks': {'counts': {'permitted_solve': 0, 'permitted_exec': 0, 'blocked_solve': 0, 'blocked_exec': 0}, 'verify_0_failures': []}, 'w137_checks': {'counts': {'permitted_solve': 0, 'permitted_exec': 0, 'blocked_solve': 0, 'blocked_exec': 0}, 'verify_0_failures': []}, 'w132_checks': {'counts': {'permitted_solve': 0, 'permitted_exec': 0, 'blocked_solve': 0, 'blocked_exec': 0}, 'verify_0_failures': []}, 'w118_checks': {'counts': {'permitted_solve': 0, 'permitted_exec': 0, 'blocked_solve': 0, 'blocked_exec': 0}, 'verify_0_failures': []}, 'w105_checks_imported': {'counts': {'permitted_solve': 0, 'permitted_exec': 0, 'blocked_solve': 0, 'blocked_exec': 0}, 'verify_0_failures': []}, 'w101_checks_imported': {'counts': {'permitted_solve': 0, 'permitted_exec': 0, 'blocked_solve': 0, 'blocked_exec': 0}, 'verify_0_failures': []}, 'w98_checks_imported': {'counts': {'permitted_solve': 0, 'permitted_exec': 0, 'blocked_solve': 0, 'blocked_exec': 0}, 'verify_0_failures': []}, 'w112_imported': {'counts': {'permitted_solve': 0, 'permitted_exec': 0, 'blocked_solve': 0, 'blocked_exec': 0}, 'verify_0_failures': []}, 'w141_swing_variants': {'counts': {'permitted_solve': 0, 'permitted_exec': 0, 'blocked_solve': 0, 'blocked_exec': 0}, 'verify_0_failures': []}, 'w139_v5_from_records': {'counts': {'permitted_solve': 0, 'permitted_exec': 0, 'blocked_solve': 0, 'blocked_exec': 0}, 'verify_0_failures': []}, 'w131_imported': {'counts': {'permitted_solve': 0, 'permitted_exec': 0, 'blocked_solve': 0, 'blocked_exec': 0}, 'verify_0_failures': []}, 'w137_ra_imported': {'counts': {'permitted_solve': 0, 'permitted_exec': 0, 'blocked_solve': 0, 'blocked_exec': 0}, 'verify_0_failures': []}, 'alpha_row_launcher': {'counts': {'permitted_solve': 0, 'permitted_exec': 0, 'blocked_solve': 0, 'blocked_exec': 0}, 'verify_0_failures': []}, 'w86_launcher': {'counts': {'permitted_solve': 0, 'permitted_exec': 0, 'blocked_solve': 0, 'blocked_exec': 0}, 'verify_0_failures': []}, 'w87': {'counts': {'permitted_solve': 0, 'permitted_exec': 0, 'blocked_solve': 0, 'blocked_exec': 0}, 'verify_0_failures': []}, 'w88': {'counts': {'permitted_solve': 0, 'permitted_exec': 0, 'blocked_solve': 0, 'blocked_exec': 0}, 'verify_0_failures': []}, 'w89_step1': {'counts': {'permitted_solve': 0, 'permitted_exec': 0, 'blocked_solve': 0, 'blocked_exec': 0}, 'verify_0_failures': []}, 'w89_3x3_launcher': {'counts': {'permitted_solve': 0, 'permitted_exec': 0, 'blocked_solve': 0, 'blocked_exec': 0}, 'verify_0_failures': []}, 'w90_3x3_parent': {'counts': {'permitted_solve': 0, 'permitted_exec': 0, 'blocked_solve': 0, 'blocked_exec': 0}, 'verify_0_failures': []}, 'w98_parent': {'counts': {'permitted_solve': 0, 'permitted_exec': 0, 'blocked_solve': 0, 'blocked_exec': 0}, 'verify_0_failures': []}, 'w101_parent': {'counts': {'permitted_solve': 0, 'permitted_exec': 0, 'blocked_solve': 0, 'blocked_exec': 0}, 'verify_0_failures': []}, 'w118_parent': {'counts': {'permitted_solve': 0, 'permitted_exec': 0, 'blocked_solve': 0, 'blocked_exec': 0}, 'verify_0_failures': []}, 'w132_parent': {'counts': {'permitted_solve': 0, 'permitted_exec': 0, 'blocked_solve': 0, 'blocked_exec': 0}, 'verify_0_failures': []}, 'w137_parent': {'counts': {'permitted_solve': 0, 'permitted_exec': 0, 'blocked_solve': 0, 'blocked_exec': 0}, 'verify_0_failures': []}, 'w139_parent': {'counts': {'permitted_solve': 0, 'permitted_exec': 0, 'blocked_solve': 0, 'blocked_exec': 0}, 'verify_0_failures': []}, 'w142_parent': {'counts': {'permitted_solve': 0, 'permitted_exec': 0, 'blocked_solve': 0, 'blocked_exec': 0}, 'verify_0_failures': []}} wall=4200s
