23:58:58 [W142-RUN-h_f9eae48f] memory preflight: available 20.960311889648438 GiB required 3.50 GiB -> PASS
23:58:58 [W142-RUN-h_f9eae48f] P5.15 Addendum 61, W142 -- v6 re-settling campaign (34 cells: the eight remaining break-even-fit D cells, claim groups 2 and 4) under the current production configuration: gated cells replayed bitwise against their original record through the first residual pass k0 (abort on the first divergence), the G cells as first C2 evaluations; the certifying regime held after the run's first residual pass (AA off, tight tail on, rho frozen); settling rule v6 (v5 -- reading gamma, window (a), certification vetoed while a NON-CLEAN cycle lies in the last W cycles the test reads, clean within 10x the tail tolerances -- with the swing noise floor tau/10: swings below it excluded from the "not growing" comparison, and a sign change closing a swing below it registering no turning point; gap clause; amended monotone branch) until it certifies or the cap; W105 captures, per-cycle t_sum and Q_cc, the IPOPT exit, final attempt tier and final metrics of every block of every cycle; cell h_f9eae48f (#10) eval_key aed2d618a19ca4838729b94554283a6b7f7bda230ac73bc40aab423ba66df1a3; cap 194; lock {'pid': 96692, 'campaign_id': 's53_w142_resettle_v6_h_f9eae48f', 'campaign_spec_sha256': '606c5556fbdf72192205d60c43a3083647ccf83572bdfdd4ac34014abb87f218', 'started_utc': '2026-10-01T23:58:58.547093+00:00'}
23:58:58 [S44-HARNESS] launched h_f9eae48f (key db77e1549af855bc) pid=97197
23:58:58 [S44-HARNESS] heartbeat h_f9eae48f: 0s cycle=None
23:59:58 [S44-HARNESS] heartbeat h_f9eae48f: 60s cycle=None
00:00:58 [S44-HARNESS] heartbeat h_f9eae48f: 120s cycle=2
00:01:58 [S44-HARNESS] heartbeat h_f9eae48f: 180s cycle=5
00:02:58 [S44-HARNESS] heartbeat h_f9eae48f: 240s cycle=7
00:03:58 [S44-HARNESS] heartbeat h_f9eae48f: 300s cycle=9
00:04:58 [S44-HARNESS] heartbeat h_f9eae48f: 360s cycle=11
00:05:58 [S44-HARNESS] heartbeat h_f9eae48f: 420s cycle=14
00:06:58 [S44-HARNESS] heartbeat h_f9eae48f: 480s cycle=16
00:07:58 [S44-HARNESS] heartbeat h_f9eae48f: 540s cycle=18
00:08:58 [S44-HARNESS] heartbeat h_f9eae48f: 600s cycle=21
00:09:58 [S44-HARNESS] heartbeat h_f9eae48f: 660s cycle=23
00:10:58 [S44-HARNESS] heartbeat h_f9eae48f: 720s cycle=26
00:11:58 [S44-HARNESS] heartbeat h_f9eae48f: 780s cycle=28
00:12:58 [S44-HARNESS] heartbeat h_f9eae48f: 840s cycle=30
00:13:58 [S44-HARNESS] heartbeat h_f9eae48f: 900s cycle=33
00:14:58 [S44-HARNESS] heartbeat h_f9eae48f: 960s cycle=35
00:15:58 [S44-HARNESS] heartbeat h_f9eae48f: 1020s cycle=38
00:16:59 [S44-HARNESS] heartbeat h_f9eae48f: 1080s cycle=40
00:17:59 [S44-HARNESS] heartbeat h_f9eae48f: 1140s cycle=43
00:18:59 [S44-HARNESS] heartbeat h_f9eae48f: 1200s cycle=45
00:19:59 [S44-HARNESS] heartbeat h_f9eae48f: 1261s cycle=47
00:20:59 [S44-HARNESS] heartbeat h_f9eae48f: 1321s cycle=50
00:21:59 [S44-HARNESS] heartbeat h_f9eae48f: 1381s cycle=52
00:22:59 [S44-HARNESS] heartbeat h_f9eae48f: 1441s cycle=55
00:23:59 [S44-HARNESS] heartbeat h_f9eae48f: 1501s cycle=57
00:24:59 [S44-HARNESS] heartbeat h_f9eae48f: 1561s cycle=60
00:25:59 [S44-HARNESS] heartbeat h_f9eae48f: 1621s cycle=62
00:26:59 [S44-HARNESS] heartbeat h_f9eae48f: 1681s cycle=65
00:27:59 [S44-HARNESS] heartbeat h_f9eae48f: 1741s cycle=67
00:28:59 [S44-HARNESS] heartbeat h_f9eae48f: 1801s cycle=70
00:29:59 [S44-HARNESS] heartbeat h_f9eae48f: 1861s cycle=72
00:30:59 [S44-HARNESS] heartbeat h_f9eae48f: 1921s cycle=75
00:31:59 [S44-HARNESS] heartbeat h_f9eae48f: 1981s cycle=77
00:32:59 [S44-HARNESS] heartbeat h_f9eae48f: 2041s cycle=80
00:33:59 [S44-HARNESS] heartbeat h_f9eae48f: 2101s cycle=82
00:34:59 [S44-HARNESS] heartbeat h_f9eae48f: 2161s cycle=85
00:35:59 [S44-HARNESS] heartbeat h_f9eae48f: 2221s cycle=87
00:36:59 [S44-HARNESS] heartbeat h_f9eae48f: 2281s cycle=89
00:37:59 [S44-HARNESS] heartbeat h_f9eae48f: 2341s cycle=92
00:38:59 [S44-HARNESS] heartbeat h_f9eae48f: 2401s cycle=94
00:39:59 [S44-HARNESS] heartbeat h_f9eae48f: 2461s cycle=96
00:40:59 [S44-HARNESS] heartbeat h_f9eae48f: 2521s cycle=99
00:41:59 [S44-HARNESS] heartbeat h_f9eae48f: 2581s cycle=101
00:42:59 [S44-HARNESS] heartbeat h_f9eae48f: 2641s cycle=104
00:43:59 [S44-HARNESS] heartbeat h_f9eae48f: 2701s cycle=106
00:44:59 [S44-HARNESS] heartbeat h_f9eae48f: 2761s cycle=108
00:45:59 [S44-HARNESS] heartbeat h_f9eae48f: 2821s cycle=111
00:46:59 [S44-HARNESS] heartbeat h_f9eae48f: 2881s cycle=113
00:47:59 [S44-HARNESS] heartbeat h_f9eae48f: 2941s cycle=116
00:48:59 [S44-HARNESS] heartbeat h_f9eae48f: 3001s cycle=118
00:49:59 [S44-HARNESS] heartbeat h_f9eae48f: 3061s cycle=120
00:50:59 [S44-HARNESS] heartbeat h_f9eae48f: 3121s cycle=123
00:51:59 [S44-HARNESS] heartbeat h_f9eae48f: 3181s cycle=125
00:52:59 [S44-HARNESS] heartbeat h_f9eae48f: 3241s cycle=127
00:53:59 [S44-HARNESS] heartbeat h_f9eae48f: 3301s cycle=130
00:54:59 [S44-HARNESS] heartbeat h_f9eae48f: 3361s cycle=132
00:55:59 [S44-HARNESS] heartbeat h_f9eae48f: 3421s cycle=135
00:56:59 [S44-HARNESS] heartbeat h_f9eae48f: 3481s cycle=137
00:58:00 [S44-HARNESS] heartbeat h_f9eae48f: 3541s cycle=139
00:59:00 [S44-HARNESS] heartbeat h_f9eae48f: 3601s cycle=142
01:00:00 [S44-HARNESS] heartbeat h_f9eae48f: 3662s cycle=144
01:01:00 [S44-HARNESS] heartbeat h_f9eae48f: 3722s cycle=147
01:02:00 [S44-HARNESS] heartbeat h_f9eae48f: 3782s cycle=149
01:03:00 [S44-HARNESS] heartbeat h_f9eae48f: 3842s cycle=151
01:04:00 [S44-HARNESS] heartbeat h_f9eae48f: 3902s cycle=154
01:05:00 [S44-HARNESS] heartbeat h_f9eae48f: 3962s cycle=156
01:06:00 [S44-HARNESS] heartbeat h_f9eae48f: 4022s cycle=159
01:07:00 [S44-HARNESS] heartbeat h_f9eae48f: 4082s cycle=161
01:08:00 [S44-HARNESS] heartbeat h_f9eae48f: 4142s cycle=163
01:09:00 [S44-HARNESS] heartbeat h_f9eae48f: 4202s cycle=166
01:10:00 [S44-HARNESS] heartbeat h_f9eae48f: 4262s cycle=168
01:11:00 [S44-HARNESS] heartbeat h_f9eae48f: 4322s cycle=170
01:12:00 [S44-HARNESS] heartbeat h_f9eae48f: 4382s cycle=173
01:13:00 [S44-HARNESS] heartbeat h_f9eae48f: 4442s cycle=175
01:14:00 [S44-HARNESS] heartbeat h_f9eae48f: 4502s cycle=178
01:15:00 [S44-HARNESS] heartbeat h_f9eae48f: 4562s cycle=180
01:16:00 [S44-HARNESS] heartbeat h_f9eae48f: 4622s cycle=182
01:17:00 [S44-HARNESS] heartbeat h_f9eae48f: 4682s cycle=185
01:18:00 [S44-HARNESS] heartbeat h_f9eae48f: 4742s cycle=187
01:19:00 [S44-HARNESS] heartbeat h_f9eae48f: 4802s cycle=189
01:20:00 [S44-HARNESS] heartbeat h_f9eae48f: 4862s cycle=192
01:21:00 [S44-HARNESS] finished h_f9eae48f pid=97197 exit=0 status=not_certified wall=4922s
01:21:07 [W142-RUN-h_f9eae48f] gates {'G1_harness_clean': True, 'G2_eval_key': True, 'G3_append_reconcile': True, 'G4_tail_state_check': True, 'G5_solve_profile_reconciled_per_event': True, 'G6_v37_optimal_and_four_metrics': True, 'G7_append_sealed': True, 'G8_persistence_on_production_certificate': True, 'G9_ess_ageing_readback': True, 'G11_acceptance_cross_check': True, 'G13_holds_inert_through_first_pass_held_after': True, 'G14_all_block_capture': True, 'G15_stopping_consistent': True, 'G16_lambda_sidecar_complete': True, 'G17_rule_v6_replay_reproduces_in_cycle': True, 'G18_line_fields_every_cycle': True, 'G19_replay_bitwise_1_k0_every_field': True, 'G20_production_counters_in_per_cycle_record': True, 'G21_creep_captures_complete': True, 'G22_t_sum_in_cycle_equals_stride_and_terminal': True, 'G23_overlap_recorded': True, 'G24_exit_capture_equals_the_solve_records_and_esso_logs': True, 'G24b_clean_capture_equals_the_solve_records_and_esso_logs': True, 'G25_record_status_follows_the_settling_decision': True}
01:21:07 [W142-RUN-h_f9eae48f] settling v6: status uncertified k* None branch None window None band_width 1011.3662360906601 s -6250.360646247864 t_sum(end) -2481.7491127348894 k0_run 85 non-clean cycles [] floor rejections 0 vetoes 0 cycles 194 record status not_certified
01:21:07 [W142] guards {'w142_checks': {'counts': {'permitted_solve': 0, 'permitted_exec': 0, 'blocked_solve': 0, 'blocked_exec': 0}, 'verify_0_failures': []}, 'w139_checks': {'counts': {'permitted_solve': 0, 'permitted_exec': 0, 'blocked_solve': 0, 'blocked_exec': 0}, 'verify_0_failures': []}, 'w137_checks': {'counts': {'permitted_solve': 0, 'permitted_exec': 0, 'blocked_solve': 0, 'blocked_exec': 0}, 'verify_0_failures': []}, 'w132_checks': {'counts': {'permitted_solve': 0, 'permitted_exec': 0, 'blocked_solve': 0, 'blocked_exec': 0}, 'verify_0_failures': []}, 'w118_checks': {'counts': {'permitted_solve': 0, 'permitted_exec': 0, 'blocked_solve': 0, 'blocked_exec': 0}, 'verify_0_failures': []}, 'w105_checks_imported': {'counts': {'permitted_solve': 0, 'permitted_exec': 0, 'blocked_solve': 0, 'blocked_exec': 0}, 'verify_0_failures': []}, 'w101_checks_imported': {'counts': {'permitted_solve': 0, 'permitted_exec': 0, 'blocked_solve': 0, 'blocked_exec': 0}, 'verify_0_failures': []}, 'w98_checks_imported': {'counts': {'permitted_solve': 0, 'permitted_exec': 0, 'blocked_solve': 0, 'blocked_exec': 0}, 'verify_0_failures': []}, 'w112_imported': {'counts': {'permitted_solve': 0, 'permitted_exec': 0, 'blocked_solve': 0, 'blocked_exec': 0}, 'verify_0_failures': []}, 'w141_swing_variants': {'counts': {'permitted_solve': 0, 'permitted_exec': 0, 'blocked_solve': 0, 'blocked_exec': 0}, 'verify_0_failures': []}, 'w139_v5_from_records': {'counts': {'permitted_solve': 0, 'permitted_exec': 0, 'blocked_solve': 0, 'blocked_exec': 0}, 'verify_0_failures': []}, 'w131_imported': {'counts': {'permitted_solve': 0, 'permitted_exec': 0, 'blocked_solve': 0, 'blocked_exec': 0}, 'verify_0_failures': []}, 'w137_ra_imported': {'counts': {'permitted_solve': 0, 'permitted_exec': 0, 'blocked_solve': 0, 'blocked_exec': 0}, 'verify_0_failures': []}, 'alpha_row_launcher': {'counts': {'permitted_solve': 0, 'permitted_exec': 0, 'blocked_solve': 0, 'blocked_exec': 0}, 'verify_0_failures': []}, 'w86_launcher': {'counts': {'permitted_solve': 0, 'permitted_exec': 0, 'blocked_solve': 0, 'blocked_exec': 0}, 'verify_0_failures': []}, 'w87': {'counts': {'permitted_solve': 0, 'permitted_exec': 0, 'blocked_solve': 0, 'blocked_exec': 0}, 'verify_0_failures': []}, 'w88': {'counts': {'permitted_solve': 0, 'permitted_exec': 0, 'blocked_solve': 0, 'blocked_exec': 0}, 'verify_0_failures': []}, 'w89_step1': {'counts': {'permitted_solve': 0, 'permitted_exec': 0, 'blocked_solve': 0, 'blocked_exec': 0}, 'verify_0_failures': []}, 'w89_3x3_launcher': {'counts': {'permitted_solve': 0, 'permitted_exec': 0, 'blocked_solve': 0, 'blocked_exec': 0}, 'verify_0_failures': []}, 'w90_3x3_parent': {'counts': {'permitted_solve': 0, 'permitted_exec': 0, 'blocked_solve': 0, 'blocked_exec': 0}, 'verify_0_failures': []}, 'w98_parent': {'counts': {'permitted_solve': 0, 'permitted_exec': 0, 'blocked_solve': 0, 'blocked_exec': 0}, 'verify_0_failures': []}, 'w101_parent': {'counts': {'permitted_solve': 0, 'permitted_exec': 0, 'blocked_solve': 0, 'blocked_exec': 0}, 'verify_0_failures': []}, 'w118_parent': {'counts': {'permitted_solve': 0, 'permitted_exec': 0, 'blocked_solve': 0, 'blocked_exec': 0}, 'verify_0_failures': []}, 'w132_parent': {'counts': {'permitted_solve': 0, 'permitted_exec': 0, 'blocked_solve': 0, 'blocked_exec': 0}, 'verify_0_failures': []}, 'w137_parent': {'counts': {'permitted_solve': 0, 'permitted_exec': 0, 'blocked_solve': 0, 'blocked_exec': 0}, 'verify_0_failures': []}, 'w139_parent': {'counts': {'permitted_solve': 0, 'permitted_exec': 0, 'blocked_solve': 0, 'blocked_exec': 0}, 'verify_0_failures': []}, 'w142_parent': {'counts': {'permitted_solve': 0, 'permitted_exec': 0, 'blocked_solve': 0, 'blocked_exec': 0}, 'verify_0_failures': []}} wall=5081s
