17:56:45 [W142-RUN-g_37b5c499] memory preflight: available 19.36676025390625 GiB required 3.50 GiB -> PASS
17:56:45 [W142-RUN-g_37b5c499] P5.15 Addendum 61, W142 -- v6 re-settling campaign (34 cells: the eight remaining break-even-fit D cells, claim groups 2 and 4) under the current production configuration: gated cells replayed bitwise against their original record through the first residual pass k0 (abort on the first divergence), the G cells as first C2 evaluations; the certifying regime held after the run's first residual pass (AA off, tight tail on, rho frozen); settling rule v6 (v5 -- reading gamma, window (a), certification vetoed while a NON-CLEAN cycle lies in the last W cycles the test reads, clean within 10x the tail tolerances -- with the swing noise floor tau/10: swings below it excluded from the "not growing" comparison, and a sign change closing a swing below it registering no turning point; gap clause; amended monotone branch) until it certifies or the cap; W105 captures, per-cycle t_sum and Q_cc, the IPOPT exit, final attempt tier and final metrics of every block of every cycle; cell g_37b5c499 (#19) eval_key bf2d8348d3a4b730be6d78471821d0dbaea69e34b6f5df9485904830565ca892; cap 300; lock {'pid': 12030, 'campaign_id': 's53_w142_resettle_v6_g_37b5c499', 'campaign_spec_sha256': '84bbd3009934f595ff8b34ada013f3acc47945cd576409f2db0982ae45aee42c', 'started_utc': '2026-10-02T17:56:45.584022+00:00'}
17:56:45 [S44-HARNESS] launched g_37b5c499 (key e7c94efae91d7646) pid=12501
17:56:45 [S44-HARNESS] heartbeat g_37b5c499: 0s cycle=None
17:57:45 [S44-HARNESS] heartbeat g_37b5c499: 60s cycle=None
17:58:45 [S44-HARNESS] heartbeat g_37b5c499: 120s cycle=3
17:59:45 [S44-HARNESS] heartbeat g_37b5c499: 180s cycle=5
18:00:45 [S44-HARNESS] heartbeat g_37b5c499: 240s cycle=8
18:01:45 [S44-HARNESS] heartbeat g_37b5c499: 300s cycle=10
18:02:45 [S44-HARNESS] heartbeat g_37b5c499: 360s cycle=12
18:03:45 [S44-HARNESS] heartbeat g_37b5c499: 420s cycle=15
18:04:45 [S44-HARNESS] heartbeat g_37b5c499: 480s cycle=17
18:05:45 [S44-HARNESS] heartbeat g_37b5c499: 540s cycle=20
18:06:45 [S44-HARNESS] heartbeat g_37b5c499: 600s cycle=22
18:07:45 [S44-HARNESS] heartbeat g_37b5c499: 660s cycle=25
18:08:45 [S44-HARNESS] heartbeat g_37b5c499: 720s cycle=27
18:09:45 [S44-HARNESS] heartbeat g_37b5c499: 780s cycle=30
18:10:45 [S44-HARNESS] heartbeat g_37b5c499: 840s cycle=32
18:11:45 [S44-HARNESS] heartbeat g_37b5c499: 900s cycle=35
18:12:45 [S44-HARNESS] heartbeat g_37b5c499: 960s cycle=37
18:13:46 [S44-HARNESS] heartbeat g_37b5c499: 1020s cycle=40
18:14:46 [S44-HARNESS] heartbeat g_37b5c499: 1080s cycle=42
18:15:46 [S44-HARNESS] heartbeat g_37b5c499: 1140s cycle=44
18:16:46 [S44-HARNESS] heartbeat g_37b5c499: 1200s cycle=47
18:17:46 [S44-HARNESS] heartbeat g_37b5c499: 1261s cycle=49
18:18:46 [S44-HARNESS] heartbeat g_37b5c499: 1321s cycle=52
18:19:46 [S44-HARNESS] heartbeat g_37b5c499: 1381s cycle=54
18:20:46 [S44-HARNESS] heartbeat g_37b5c499: 1441s cycle=57
18:21:46 [S44-HARNESS] heartbeat g_37b5c499: 1501s cycle=59
18:22:46 [S44-HARNESS] heartbeat g_37b5c499: 1561s cycle=62
18:23:46 [S44-HARNESS] heartbeat g_37b5c499: 1621s cycle=64
18:24:46 [S44-HARNESS] heartbeat g_37b5c499: 1681s cycle=67
18:25:46 [S44-HARNESS] heartbeat g_37b5c499: 1741s cycle=69
18:26:46 [S44-HARNESS] heartbeat g_37b5c499: 1801s cycle=72
18:27:46 [S44-HARNESS] heartbeat g_37b5c499: 1861s cycle=74
18:28:46 [S44-HARNESS] heartbeat g_37b5c499: 1921s cycle=77
18:29:46 [S44-HARNESS] heartbeat g_37b5c499: 1981s cycle=79
18:30:46 [S44-HARNESS] heartbeat g_37b5c499: 2041s cycle=82
18:31:46 [S44-HARNESS] heartbeat g_37b5c499: 2101s cycle=84
18:32:46 [S44-HARNESS] heartbeat g_37b5c499: 2161s cycle=87
18:33:46 [S44-HARNESS] heartbeat g_37b5c499: 2221s cycle=89
18:34:46 [S44-HARNESS] heartbeat g_37b5c499: 2281s cycle=92
18:35:46 [S44-HARNESS] heartbeat g_37b5c499: 2341s cycle=94
18:36:46 [S44-HARNESS] heartbeat g_37b5c499: 2401s cycle=97
18:37:46 [S44-HARNESS] heartbeat g_37b5c499: 2461s cycle=99
18:38:46 [S44-HARNESS] heartbeat g_37b5c499: 2521s cycle=102
18:39:46 [S44-HARNESS] heartbeat g_37b5c499: 2581s cycle=104
18:40:46 [S44-HARNESS] heartbeat g_37b5c499: 2641s cycle=107
18:41:46 [S44-HARNESS] heartbeat g_37b5c499: 2701s cycle=109
18:42:46 [S44-HARNESS] heartbeat g_37b5c499: 2761s cycle=112
18:43:46 [S44-HARNESS] heartbeat g_37b5c499: 2821s cycle=114
18:44:46 [S44-HARNESS] heartbeat g_37b5c499: 2881s cycle=117
18:45:46 [S44-HARNESS] heartbeat g_37b5c499: 2941s cycle=119
18:46:46 [S44-HARNESS] heartbeat g_37b5c499: 3001s cycle=122
18:47:46 [S44-HARNESS] heartbeat g_37b5c499: 3061s cycle=124
18:48:46 [S44-HARNESS] heartbeat g_37b5c499: 3121s cycle=127
18:49:46 [S44-HARNESS] heartbeat g_37b5c499: 3181s cycle=129
18:50:46 [S44-HARNESS] heartbeat g_37b5c499: 3241s cycle=131
18:51:46 [S44-HARNESS] heartbeat g_37b5c499: 3301s cycle=134
18:52:46 [S44-HARNESS] heartbeat g_37b5c499: 3361s cycle=136
18:53:46 [S44-HARNESS] heartbeat g_37b5c499: 3421s cycle=139
18:54:47 [S44-HARNESS] heartbeat g_37b5c499: 3481s cycle=141
18:55:47 [S44-HARNESS] heartbeat g_37b5c499: 3541s cycle=144
18:56:47 [S44-HARNESS] heartbeat g_37b5c499: 3601s cycle=146
18:57:47 [S44-HARNESS] heartbeat g_37b5c499: 3661s cycle=149
18:58:47 [S44-HARNESS] heartbeat g_37b5c499: 3722s cycle=151
18:59:47 [S44-HARNESS] heartbeat g_37b5c499: 3782s cycle=154
19:00:47 [S44-HARNESS] heartbeat g_37b5c499: 3842s cycle=156
19:01:47 [S44-HARNESS] heartbeat g_37b5c499: 3902s cycle=158
19:02:47 [S44-HARNESS] heartbeat g_37b5c499: 3962s cycle=161
19:03:47 [S44-HARNESS] heartbeat g_37b5c499: 4022s cycle=163
19:04:47 [S44-HARNESS] heartbeat g_37b5c499: 4082s cycle=166
19:05:47 [S44-HARNESS] heartbeat g_37b5c499: 4142s cycle=168
19:06:47 [S44-HARNESS] heartbeat g_37b5c499: 4202s cycle=171
19:07:47 [S44-HARNESS] heartbeat g_37b5c499: 4262s cycle=173
19:08:47 [S44-HARNESS] heartbeat g_37b5c499: 4322s cycle=176
19:09:47 [S44-HARNESS] heartbeat g_37b5c499: 4382s cycle=178
19:10:47 [S44-HARNESS] heartbeat g_37b5c499: 4442s cycle=180
19:11:47 [S44-HARNESS] heartbeat g_37b5c499: 4502s cycle=183
19:12:47 [S44-HARNESS] finished g_37b5c499 pid=12501 exit=0 status=certified wall=4562s
19:12:54 [W142-RUN-g_37b5c499] gates {'G1_harness_clean': True, 'G2_eval_key': True, 'G3_append_reconcile': True, 'G4_tail_state_check': True, 'G5_solve_profile_reconciled_per_event': True, 'G6_v37_optimal_and_four_metrics': True, 'G7_append_sealed': True, 'G8_persistence_on_production_certificate': True, 'G9_ess_ageing_readback': True, 'G11_acceptance_cross_check': True, 'G13_holds_inert_through_first_pass_held_after': True, 'G14_all_block_capture': True, 'G15_stopping_consistent': True, 'G16_lambda_sidecar_complete': True, 'G17_rule_v6_replay_reproduces_in_cycle': True, 'G18_line_fields_every_cycle': True, 'G20_production_counters_in_per_cycle_record': True, 'G21_creep_captures_complete': True, 'G22_t_sum_in_cycle_equals_stride_and_terminal': True, 'G23_overlap_recorded': True, 'G24_exit_capture_equals_the_solve_records_and_esso_logs': True, 'G24b_clean_capture_equals_the_solve_records_and_esso_logs': True, 'G25_record_status_follows_the_settling_decision': True}
19:12:54 [W142-RUN-g_37b5c499] settling v6: status certified k* 185 branch oscillatory window [154, 185] band_width 4272.943516612053 s None t_sum(end) 1105.560452811314 k0_run 114 non-clean cycles [84] floor rejections 0 vetoes 0 cycles 185 record status certified
19:12:54 [W142] guards {'w142_checks': {'counts': {'permitted_solve': 0, 'permitted_exec': 0, 'blocked_solve': 0, 'blocked_exec': 0}, 'verify_0_failures': []}, 'w139_checks': {'counts': {'permitted_solve': 0, 'permitted_exec': 0, 'blocked_solve': 0, 'blocked_exec': 0}, 'verify_0_failures': []}, 'w137_checks': {'counts': {'permitted_solve': 0, 'permitted_exec': 0, 'blocked_solve': 0, 'blocked_exec': 0}, 'verify_0_failures': []}, 'w132_checks': {'counts': {'permitted_solve': 0, 'permitted_exec': 0, 'blocked_solve': 0, 'blocked_exec': 0}, 'verify_0_failures': []}, 'w118_checks': {'counts': {'permitted_solve': 0, 'permitted_exec': 0, 'blocked_solve': 0, 'blocked_exec': 0}, 'verify_0_failures': []}, 'w105_checks_imported': {'counts': {'permitted_solve': 0, 'permitted_exec': 0, 'blocked_solve': 0, 'blocked_exec': 0}, 'verify_0_failures': []}, 'w101_checks_imported': {'counts': {'permitted_solve': 0, 'permitted_exec': 0, 'blocked_solve': 0, 'blocked_exec': 0}, 'verify_0_failures': []}, 'w98_checks_imported': {'counts': {'permitted_solve': 0, 'permitted_exec': 0, 'blocked_solve': 0, 'blocked_exec': 0}, 'verify_0_failures': []}, 'w112_imported': {'counts': {'permitted_solve': 0, 'permitted_exec': 0, 'blocked_solve': 0, 'blocked_exec': 0}, 'verify_0_failures': []}, 'w141_swing_variants': {'counts': {'permitted_solve': 0, 'permitted_exec': 0, 'blocked_solve': 0, 'blocked_exec': 0}, 'verify_0_failures': []}, 'w139_v5_from_records': {'counts': {'permitted_solve': 0, 'permitted_exec': 0, 'blocked_solve': 0, 'blocked_exec': 0}, 'verify_0_failures': []}, 'w131_imported': {'counts': {'permitted_solve': 0, 'permitted_exec': 0, 'blocked_solve': 0, 'blocked_exec': 0}, 'verify_0_failures': []}, 'w137_ra_imported': {'counts': {'permitted_solve': 0, 'permitted_exec': 0, 'blocked_solve': 0, 'blocked_exec': 0}, 'verify_0_failures': []}, 'alpha_row_launcher': {'counts': {'permitted_solve': 0, 'permitted_exec': 0, 'blocked_solve': 0, 'blocked_exec': 0}, 'verify_0_failures': []}, 'w86_launcher': {'counts': {'permitted_solve': 0, 'permitted_exec': 0, 'blocked_solve': 0, 'blocked_exec': 0}, 'verify_0_failures': []}, 'w87': {'counts': {'permitted_solve': 0, 'permitted_exec': 0, 'blocked_solve': 0, 'blocked_exec': 0}, 'verify_0_failures': []}, 'w88': {'counts': {'permitted_solve': 0, 'permitted_exec': 0, 'blocked_solve': 0, 'blocked_exec': 0}, 'verify_0_failures': []}, 'w89_step1': {'counts': {'permitted_solve': 0, 'permitted_exec': 0, 'blocked_solve': 0, 'blocked_exec': 0}, 'verify_0_failures': []}, 'w89_3x3_launcher': {'counts': {'permitted_solve': 0, 'permitted_exec': 0, 'blocked_solve': 0, 'blocked_exec': 0}, 'verify_0_failures': []}, 'w90_3x3_parent': {'counts': {'permitted_solve': 0, 'permitted_exec': 0, 'blocked_solve': 0, 'blocked_exec': 0}, 'verify_0_failures': []}, 'w98_parent': {'counts': {'permitted_solve': 0, 'permitted_exec': 0, 'blocked_solve': 0, 'blocked_exec': 0}, 'verify_0_failures': []}, 'w101_parent': {'counts': {'permitted_solve': 0, 'permitted_exec': 0, 'blocked_solve': 0, 'blocked_exec': 0}, 'verify_0_failures': []}, 'w118_parent': {'counts': {'permitted_solve': 0, 'permitted_exec': 0, 'blocked_solve': 0, 'blocked_exec': 0}, 'verify_0_failures': []}, 'w132_parent': {'counts': {'permitted_solve': 0, 'permitted_exec': 0, 'blocked_solve': 0, 'blocked_exec': 0}, 'verify_0_failures': []}, 'w137_parent': {'counts': {'permitted_solve': 0, 'permitted_exec': 0, 'blocked_solve': 0, 'blocked_exec': 0}, 'verify_0_failures': []}, 'w139_parent': {'counts': {'permitted_solve': 0, 'permitted_exec': 0, 'blocked_solve': 0, 'blocked_exec': 0}, 'verify_0_failures': []}, 'w142_parent': {'counts': {'permitted_solve': 0, 'permitted_exec': 0, 'blocked_solve': 0, 'blocked_exec': 0}, 'verify_0_failures': []}} wall=4720s
