23:07:08 [W142-RUN-l_7b199ef9] memory preflight: available 18.653030395507812 GiB required 3.50 GiB -> PASS
23:07:08 [W142-RUN-l_7b199ef9] P5.15 Addendum 61, W142 -- v6 re-settling campaign (34 cells: the eight remaining break-even-fit D cells, claim groups 2 and 4) under the current production configuration: gated cells replayed bitwise against their original record through the first residual pass k0 (abort on the first divergence), the G cells as first C2 evaluations; the certifying regime held after the run's first residual pass (AA off, tight tail on, rho frozen); settling rule v6 (v5 -- reading gamma, window (a), certification vetoed while a NON-CLEAN cycle lies in the last W cycles the test reads, clean within 10x the tail tolerances -- with the swing noise floor tau/10: swings below it excluded from the "not growing" comparison, and a sign change closing a swing below it registering no turning point; gap clause; amended monotone branch) until it certifies or the cap; W105 captures, per-cycle t_sum and Q_cc, the IPOPT exit, final attempt tier and final metrics of every block of every cycle; cell l_7b199ef9 (#23) eval_key 331e76c7c613b64e63b0c015b685a883e296e9f2e8fc20f0524797de4ebd0753; cap 275; lock {'pid': 56698, 'campaign_id': 's53_w142_resettle_v6_l_7b199ef9', 'campaign_spec_sha256': 'd352224d7fc92271706cea6c5e1ead2dc688f555540ffb87b52ce7f88a582cc9', 'started_utc': '2026-10-02T23:07:08.949666+00:00'}
23:07:08 [S44-HARNESS] launched l_7b199ef9 (key 0025f3453f364ed2) pid=57372
23:07:08 [S44-HARNESS] heartbeat l_7b199ef9: 0s cycle=None
23:08:08 [S44-HARNESS] heartbeat l_7b199ef9: 60s cycle=None
23:09:09 [S44-HARNESS] heartbeat l_7b199ef9: 120s cycle=2
23:10:09 [S44-HARNESS] heartbeat l_7b199ef9: 180s cycle=5
23:11:09 [S44-HARNESS] heartbeat l_7b199ef9: 240s cycle=7
23:12:09 [S44-HARNESS] heartbeat l_7b199ef9: 300s cycle=10
23:13:09 [S44-HARNESS] heartbeat l_7b199ef9: 360s cycle=12
23:14:09 [S44-HARNESS] heartbeat l_7b199ef9: 420s cycle=14
23:15:09 [S44-HARNESS] heartbeat l_7b199ef9: 480s cycle=17
23:16:09 [S44-HARNESS] heartbeat l_7b199ef9: 540s cycle=19
23:17:09 [S44-HARNESS] heartbeat l_7b199ef9: 600s cycle=21
23:18:09 [S44-HARNESS] heartbeat l_7b199ef9: 660s cycle=24
23:19:09 [S44-HARNESS] heartbeat l_7b199ef9: 720s cycle=26
23:20:09 [S44-HARNESS] heartbeat l_7b199ef9: 780s cycle=29
23:21:09 [S44-HARNESS] heartbeat l_7b199ef9: 840s cycle=31
23:22:09 [S44-HARNESS] heartbeat l_7b199ef9: 900s cycle=34
23:23:09 [S44-HARNESS] heartbeat l_7b199ef9: 960s cycle=36
23:24:09 [S44-HARNESS] heartbeat l_7b199ef9: 1020s cycle=39
23:25:09 [S44-HARNESS] heartbeat l_7b199ef9: 1080s cycle=42
23:26:09 [S44-HARNESS] heartbeat l_7b199ef9: 1140s cycle=44
23:27:09 [S44-HARNESS] heartbeat l_7b199ef9: 1200s cycle=46
23:28:09 [S44-HARNESS] heartbeat l_7b199ef9: 1261s cycle=49
23:29:09 [S44-HARNESS] heartbeat l_7b199ef9: 1321s cycle=52
23:30:09 [S44-HARNESS] heartbeat l_7b199ef9: 1381s cycle=54
23:31:09 [S44-HARNESS] heartbeat l_7b199ef9: 1441s cycle=57
23:32:09 [S44-HARNESS] heartbeat l_7b199ef9: 1501s cycle=59
23:33:09 [S44-HARNESS] heartbeat l_7b199ef9: 1561s cycle=62
23:34:09 [S44-HARNESS] heartbeat l_7b199ef9: 1621s cycle=64
23:35:09 [S44-HARNESS] heartbeat l_7b199ef9: 1681s cycle=67
23:36:09 [S44-HARNESS] heartbeat l_7b199ef9: 1741s cycle=70
23:37:09 [S44-HARNESS] heartbeat l_7b199ef9: 1801s cycle=72
23:38:09 [S44-HARNESS] heartbeat l_7b199ef9: 1861s cycle=75
23:39:09 [S44-HARNESS] heartbeat l_7b199ef9: 1921s cycle=77
23:40:09 [S44-HARNESS] heartbeat l_7b199ef9: 1981s cycle=80
23:41:09 [S44-HARNESS] heartbeat l_7b199ef9: 2041s cycle=82
23:42:09 [S44-HARNESS] heartbeat l_7b199ef9: 2101s cycle=85
23:43:09 [S44-HARNESS] heartbeat l_7b199ef9: 2161s cycle=87
23:44:09 [S44-HARNESS] heartbeat l_7b199ef9: 2221s cycle=90
23:45:09 [S44-HARNESS] heartbeat l_7b199ef9: 2281s cycle=92
23:46:09 [S44-HARNESS] heartbeat l_7b199ef9: 2341s cycle=95
23:47:09 [S44-HARNESS] heartbeat l_7b199ef9: 2401s cycle=97
23:48:09 [S44-HARNESS] heartbeat l_7b199ef9: 2461s cycle=100
23:49:09 [S44-HARNESS] heartbeat l_7b199ef9: 2521s cycle=102
23:50:10 [S44-HARNESS] heartbeat l_7b199ef9: 2581s cycle=105
23:51:10 [S44-HARNESS] heartbeat l_7b199ef9: 2641s cycle=107
23:52:10 [S44-HARNESS] heartbeat l_7b199ef9: 2701s cycle=110
23:53:10 [S44-HARNESS] heartbeat l_7b199ef9: 2761s cycle=113
23:54:10 [S44-HARNESS] heartbeat l_7b199ef9: 2821s cycle=115
23:55:10 [S44-HARNESS] heartbeat l_7b199ef9: 2881s cycle=118
23:56:10 [S44-HARNESS] heartbeat l_7b199ef9: 2941s cycle=120
23:57:10 [S44-HARNESS] heartbeat l_7b199ef9: 3001s cycle=123
23:58:10 [S44-HARNESS] heartbeat l_7b199ef9: 3061s cycle=125
23:59:10 [S44-HARNESS] heartbeat l_7b199ef9: 3121s cycle=128
00:00:10 [S44-HARNESS] heartbeat l_7b199ef9: 3181s cycle=130
00:01:10 [S44-HARNESS] heartbeat l_7b199ef9: 3241s cycle=133
00:02:10 [S44-HARNESS] heartbeat l_7b199ef9: 3301s cycle=135
00:03:10 [S44-HARNESS] heartbeat l_7b199ef9: 3361s cycle=138
00:04:10 [S44-HARNESS] heartbeat l_7b199ef9: 3421s cycle=141
00:05:10 [S44-HARNESS] heartbeat l_7b199ef9: 3481s cycle=143
00:06:10 [S44-HARNESS] heartbeat l_7b199ef9: 3541s cycle=146
00:07:10 [S44-HARNESS] heartbeat l_7b199ef9: 3601s cycle=148
00:08:10 [S44-HARNESS] heartbeat l_7b199ef9: 3662s cycle=151
00:09:10 [S44-HARNESS] heartbeat l_7b199ef9: 3722s cycle=153
00:10:10 [S44-HARNESS] heartbeat l_7b199ef9: 3782s cycle=156
00:11:10 [S44-HARNESS] heartbeat l_7b199ef9: 3842s cycle=158
00:12:10 [S44-HARNESS] heartbeat l_7b199ef9: 3902s cycle=161
00:13:10 [S44-HARNESS] heartbeat l_7b199ef9: 3962s cycle=163
00:14:10 [S44-HARNESS] heartbeat l_7b199ef9: 4022s cycle=166
00:15:10 [S44-HARNESS] heartbeat l_7b199ef9: 4082s cycle=168
00:16:10 [S44-HARNESS] heartbeat l_7b199ef9: 4142s cycle=171
00:17:10 [S44-HARNESS] heartbeat l_7b199ef9: 4202s cycle=173
00:18:10 [S44-HARNESS] heartbeat l_7b199ef9: 4262s cycle=175
00:19:10 [S44-HARNESS] heartbeat l_7b199ef9: 4322s cycle=178
00:20:10 [S44-HARNESS] heartbeat l_7b199ef9: 4382s cycle=180
00:21:10 [S44-HARNESS] heartbeat l_7b199ef9: 4442s cycle=183
00:22:10 [S44-HARNESS] heartbeat l_7b199ef9: 4502s cycle=185
00:23:10 [S44-HARNESS] heartbeat l_7b199ef9: 4562s cycle=188
00:23:20 [S44-HARNESS] finished l_7b199ef9 pid=57372 exit=0 status=certified wall=4572s
00:23:27 [W142-RUN-l_7b199ef9] gates {'G1_harness_clean': True, 'G2_eval_key': True, 'G3_append_reconcile': True, 'G4_tail_state_check': True, 'G5_solve_profile_reconciled_per_event': True, 'G6_v37_optimal_and_four_metrics': True, 'G7_append_sealed': True, 'G8_persistence_on_production_certificate': True, 'G9_ess_ageing_readback': True, 'G11_acceptance_cross_check': True, 'G13_holds_inert_through_first_pass_held_after': True, 'G14_all_block_capture': True, 'G15_stopping_consistent': True, 'G16_lambda_sidecar_complete': True, 'G17_rule_v6_replay_reproduces_in_cycle': True, 'G18_line_fields_every_cycle': True, 'G19_replay_bitwise_1_k0_every_field': True, 'G20_production_counters_in_per_cycle_record': True, 'G21_creep_captures_complete': True, 'G22_t_sum_in_cycle_equals_stride_and_terminal': True, 'G23_overlap_recorded': True, 'G24_exit_capture_equals_the_solve_records_and_esso_logs': True, 'G24b_clean_capture_equals_the_solve_records_and_esso_logs': True, 'G25_record_status_follows_the_settling_decision': True}
00:23:27 [W142-RUN-l_7b199ef9] settling v6: status certified k* 188 branch oscillatory window [169, 188] band_width 1418.3900265693665 s -1415.8396207094193 t_sum(end) 266.82364927371697 k0_run 166 non-clean cycles [1, 49, 60, 61, 85, 99] floor rejections 0 vetoes 0 cycles 188 record status certified
00:23:27 [W142] guards {'w142_checks': {'counts': {'permitted_solve': 0, 'permitted_exec': 0, 'blocked_solve': 0, 'blocked_exec': 0}, 'verify_0_failures': []}, 'w139_checks': {'counts': {'permitted_solve': 0, 'permitted_exec': 0, 'blocked_solve': 0, 'blocked_exec': 0}, 'verify_0_failures': []}, 'w137_checks': {'counts': {'permitted_solve': 0, 'permitted_exec': 0, 'blocked_solve': 0, 'blocked_exec': 0}, 'verify_0_failures': []}, 'w132_checks': {'counts': {'permitted_solve': 0, 'permitted_exec': 0, 'blocked_solve': 0, 'blocked_exec': 0}, 'verify_0_failures': []}, 'w118_checks': {'counts': {'permitted_solve': 0, 'permitted_exec': 0, 'blocked_solve': 0, 'blocked_exec': 0}, 'verify_0_failures': []}, 'w105_checks_imported': {'counts': {'permitted_solve': 0, 'permitted_exec': 0, 'blocked_solve': 0, 'blocked_exec': 0}, 'verify_0_failures': []}, 'w101_checks_imported': {'counts': {'permitted_solve': 0, 'permitted_exec': 0, 'blocked_solve': 0, 'blocked_exec': 0}, 'verify_0_failures': []}, 'w98_checks_imported': {'counts': {'permitted_solve': 0, 'permitted_exec': 0, 'blocked_solve': 0, 'blocked_exec': 0}, 'verify_0_failures': []}, 'w112_imported': {'counts': {'permitted_solve': 0, 'permitted_exec': 0, 'blocked_solve': 0, 'blocked_exec': 0}, 'verify_0_failures': []}, 'w141_swing_variants': {'counts': {'permitted_solve': 0, 'permitted_exec': 0, 'blocked_solve': 0, 'blocked_exec': 0}, 'verify_0_failures': []}, 'w139_v5_from_records': {'counts': {'permitted_solve': 0, 'permitted_exec': 0, 'blocked_solve': 0, 'blocked_exec': 0}, 'verify_0_failures': []}, 'w131_imported': {'counts': {'permitted_solve': 0, 'permitted_exec': 0, 'blocked_solve': 0, 'blocked_exec': 0}, 'verify_0_failures': []}, 'w137_ra_imported': {'counts': {'permitted_solve': 0, 'permitted_exec': 0, 'blocked_solve': 0, 'blocked_exec': 0}, 'verify_0_failures': []}, 'alpha_row_launcher': {'counts': {'permitted_solve': 0, 'permitted_exec': 0, 'blocked_solve': 0, 'blocked_exec': 0}, 'verify_0_failures': []}, 'w86_launcher': {'counts': {'permitted_solve': 0, 'permitted_exec': 0, 'blocked_solve': 0, 'blocked_exec': 0}, 'verify_0_failures': []}, 'w87': {'counts': {'permitted_solve': 0, 'permitted_exec': 0, 'blocked_solve': 0, 'blocked_exec': 0}, 'verify_0_failures': []}, 'w88': {'counts': {'permitted_solve': 0, 'permitted_exec': 0, 'blocked_solve': 0, 'blocked_exec': 0}, 'verify_0_failures': []}, 'w89_step1': {'counts': {'permitted_solve': 0, 'permitted_exec': 0, 'blocked_solve': 0, 'blocked_exec': 0}, 'verify_0_failures': []}, 'w89_3x3_launcher': {'counts': {'permitted_solve': 0, 'permitted_exec': 0, 'blocked_solve': 0, 'blocked_exec': 0}, 'verify_0_failures': []}, 'w90_3x3_parent': {'counts': {'permitted_solve': 0, 'permitted_exec': 0, 'blocked_solve': 0, 'blocked_exec': 0}, 'verify_0_failures': []}, 'w98_parent': {'counts': {'permitted_solve': 0, 'permitted_exec': 0, 'blocked_solve': 0, 'blocked_exec': 0}, 'verify_0_failures': []}, 'w101_parent': {'counts': {'permitted_solve': 0, 'permitted_exec': 0, 'blocked_solve': 0, 'blocked_exec': 0}, 'verify_0_failures': []}, 'w118_parent': {'counts': {'permitted_solve': 0, 'permitted_exec': 0, 'blocked_solve': 0, 'blocked_exec': 0}, 'verify_0_failures': []}, 'w132_parent': {'counts': {'permitted_solve': 0, 'permitted_exec': 0, 'blocked_solve': 0, 'blocked_exec': 0}, 'verify_0_failures': []}, 'w137_parent': {'counts': {'permitted_solve': 0, 'permitted_exec': 0, 'blocked_solve': 0, 'blocked_exec': 0}, 'verify_0_failures': []}, 'w139_parent': {'counts': {'permitted_solve': 0, 'permitted_exec': 0, 'blocked_solve': 0, 'blocked_exec': 0}, 'verify_0_failures': []}, 'w142_parent': {'counts': {'permitted_solve': 0, 'permitted_exec': 0, 'blocked_solve': 0, 'blocked_exec': 0}, 'verify_0_failures': []}} wall=4732s
