12:22:19 [W142-RUN-j_5f3cccb4] memory preflight: available 19.498992919921875 GiB required 3.50 GiB -> PASS
12:22:19 [W142-RUN-j_5f3cccb4] P5.15 Addendum 61, W142 -- v6 re-settling campaign (34 cells: the eight remaining break-even-fit D cells, claim groups 2 and 4) under the current production configuration: gated cells replayed bitwise against their original record through the first residual pass k0 (abort on the first divergence), the G cells as first C2 evaluations; the certifying regime held after the run's first residual pass (AA off, tight tail on, rho frozen); settling rule v6 (v5 -- reading gamma, window (a), certification vetoed while a NON-CLEAN cycle lies in the last W cycles the test reads, clean within 10x the tail tolerances -- with the swing noise floor tau/10: swings below it excluded from the "not growing" comparison, and a sign change closing a swing below it registering no turning point; gap clause; amended monotone branch) until it certifies or the cap; W105 captures, per-cycle t_sum and Q_cc, the IPOPT exit, final attempt tier and final metrics of every block of every cycle; cell j_5f3cccb4 (#16) eval_key cc7f005909db6741a3fd02538e14f1d839c46a0df0b1e4031caceafc444f9bc6; cap 270; lock {'pid': 71348, 'campaign_id': 's53_w142_resettle_v6_j_5f3cccb4', 'campaign_spec_sha256': '749b6c358120e178eb5f963f6988bf5dc1fda471f5cd46d47908f6e981834498', 'started_utc': '2026-10-02T12:22:19.176531+00:00'}
12:22:19 [S44-HARNESS] launched j_5f3cccb4 (key cab98853bb31f72f) pid=71809
12:22:19 [S44-HARNESS] heartbeat j_5f3cccb4: 0s cycle=None
12:23:19 [S44-HARNESS] heartbeat j_5f3cccb4: 60s cycle=None
12:24:19 [S44-HARNESS] heartbeat j_5f3cccb4: 120s cycle=2
12:25:19 [S44-HARNESS] heartbeat j_5f3cccb4: 180s cycle=5
12:26:19 [S44-HARNESS] heartbeat j_5f3cccb4: 240s cycle=7
12:27:19 [S44-HARNESS] heartbeat j_5f3cccb4: 300s cycle=9
12:28:19 [S44-HARNESS] heartbeat j_5f3cccb4: 360s cycle=11
12:29:19 [S44-HARNESS] heartbeat j_5f3cccb4: 420s cycle=13
12:30:19 [S44-HARNESS] heartbeat j_5f3cccb4: 480s cycle=16
12:31:19 [S44-HARNESS] heartbeat j_5f3cccb4: 540s cycle=18
12:32:19 [S44-HARNESS] heartbeat j_5f3cccb4: 600s cycle=20
12:33:19 [S44-HARNESS] heartbeat j_5f3cccb4: 660s cycle=23
12:34:19 [S44-HARNESS] heartbeat j_5f3cccb4: 720s cycle=25
12:35:19 [S44-HARNESS] heartbeat j_5f3cccb4: 780s cycle=27
12:36:19 [S44-HARNESS] heartbeat j_5f3cccb4: 840s cycle=30
12:37:19 [S44-HARNESS] heartbeat j_5f3cccb4: 900s cycle=32
12:38:19 [S44-HARNESS] heartbeat j_5f3cccb4: 960s cycle=35
12:39:19 [S44-HARNESS] heartbeat j_5f3cccb4: 1020s cycle=37
12:40:19 [S44-HARNESS] heartbeat j_5f3cccb4: 1080s cycle=40
12:41:19 [S44-HARNESS] heartbeat j_5f3cccb4: 1140s cycle=42
12:42:19 [S44-HARNESS] heartbeat j_5f3cccb4: 1200s cycle=45
12:43:19 [S44-HARNESS] heartbeat j_5f3cccb4: 1260s cycle=47
12:44:19 [S44-HARNESS] heartbeat j_5f3cccb4: 1320s cycle=49
12:45:19 [S44-HARNESS] heartbeat j_5f3cccb4: 1380s cycle=52
12:46:19 [S44-HARNESS] heartbeat j_5f3cccb4: 1440s cycle=54
12:47:19 [S44-HARNESS] heartbeat j_5f3cccb4: 1500s cycle=56
12:48:19 [S44-HARNESS] heartbeat j_5f3cccb4: 1560s cycle=59
12:49:19 [S44-HARNESS] heartbeat j_5f3cccb4: 1620s cycle=61
12:50:19 [S44-HARNESS] heartbeat j_5f3cccb4: 1680s cycle=64
12:51:19 [S44-HARNESS] heartbeat j_5f3cccb4: 1740s cycle=66
12:52:19 [S44-HARNESS] heartbeat j_5f3cccb4: 1800s cycle=69
12:53:19 [S44-HARNESS] heartbeat j_5f3cccb4: 1860s cycle=71
12:54:19 [S44-HARNESS] heartbeat j_5f3cccb4: 1920s cycle=73
12:55:19 [S44-HARNESS] heartbeat j_5f3cccb4: 1980s cycle=76
12:56:19 [S44-HARNESS] heartbeat j_5f3cccb4: 2040s cycle=78
12:57:19 [S44-HARNESS] heartbeat j_5f3cccb4: 2100s cycle=80
12:58:19 [S44-HARNESS] heartbeat j_5f3cccb4: 2160s cycle=83
12:59:19 [S44-HARNESS] heartbeat j_5f3cccb4: 2220s cycle=85
13:00:19 [S44-HARNESS] heartbeat j_5f3cccb4: 2281s cycle=87
13:01:19 [S44-HARNESS] heartbeat j_5f3cccb4: 2341s cycle=89
13:02:19 [S44-HARNESS] heartbeat j_5f3cccb4: 2401s cycle=92
13:03:19 [S44-HARNESS] heartbeat j_5f3cccb4: 2461s cycle=94
13:04:19 [S44-HARNESS] heartbeat j_5f3cccb4: 2521s cycle=97
13:05:19 [S44-HARNESS] heartbeat j_5f3cccb4: 2581s cycle=99
13:06:19 [S44-HARNESS] heartbeat j_5f3cccb4: 2641s cycle=102
13:07:19 [S44-HARNESS] heartbeat j_5f3cccb4: 2701s cycle=104
13:08:19 [S44-HARNESS] heartbeat j_5f3cccb4: 2761s cycle=107
13:09:19 [S44-HARNESS] heartbeat j_5f3cccb4: 2821s cycle=109
13:10:19 [S44-HARNESS] heartbeat j_5f3cccb4: 2881s cycle=112
13:11:19 [S44-HARNESS] heartbeat j_5f3cccb4: 2941s cycle=114
13:12:19 [S44-HARNESS] heartbeat j_5f3cccb4: 3001s cycle=116
13:13:19 [S44-HARNESS] heartbeat j_5f3cccb4: 3061s cycle=119
13:14:19 [S44-HARNESS] heartbeat j_5f3cccb4: 3121s cycle=121
13:15:19 [S44-HARNESS] heartbeat j_5f3cccb4: 3181s cycle=124
13:16:19 [S44-HARNESS] heartbeat j_5f3cccb4: 3241s cycle=126
13:17:19 [S44-HARNESS] heartbeat j_5f3cccb4: 3301s cycle=129
13:18:19 [S44-HARNESS] heartbeat j_5f3cccb4: 3361s cycle=131
13:19:19 [S44-HARNESS] heartbeat j_5f3cccb4: 3421s cycle=134
13:20:19 [S44-HARNESS] heartbeat j_5f3cccb4: 3481s cycle=136
13:21:19 [S44-HARNESS] heartbeat j_5f3cccb4: 3541s cycle=138
13:22:20 [S44-HARNESS] heartbeat j_5f3cccb4: 3601s cycle=141
13:23:20 [S44-HARNESS] heartbeat j_5f3cccb4: 3661s cycle=143
13:24:20 [S44-HARNESS] heartbeat j_5f3cccb4: 3721s cycle=146
13:25:20 [S44-HARNESS] heartbeat j_5f3cccb4: 3781s cycle=148
13:26:20 [S44-HARNESS] heartbeat j_5f3cccb4: 3841s cycle=151
13:27:20 [S44-HARNESS] heartbeat j_5f3cccb4: 3901s cycle=153
13:28:20 [S44-HARNESS] heartbeat j_5f3cccb4: 3961s cycle=156
13:29:20 [S44-HARNESS] heartbeat j_5f3cccb4: 4021s cycle=158
13:30:20 [S44-HARNESS] heartbeat j_5f3cccb4: 4081s cycle=161
13:31:20 [S44-HARNESS] heartbeat j_5f3cccb4: 4141s cycle=163
13:32:20 [S44-HARNESS] heartbeat j_5f3cccb4: 4201s cycle=166
13:33:20 [S44-HARNESS] heartbeat j_5f3cccb4: 4261s cycle=168
13:34:20 [S44-HARNESS] heartbeat j_5f3cccb4: 4321s cycle=170
13:35:20 [S44-HARNESS] heartbeat j_5f3cccb4: 4381s cycle=173
13:36:20 [S44-HARNESS] heartbeat j_5f3cccb4: 4441s cycle=175
13:37:20 [S44-HARNESS] heartbeat j_5f3cccb4: 4501s cycle=178
13:38:20 [S44-HARNESS] heartbeat j_5f3cccb4: 4561s cycle=180
13:39:20 [S44-HARNESS] heartbeat j_5f3cccb4: 4621s cycle=183
13:40:20 [S44-HARNESS] heartbeat j_5f3cccb4: 4681s cycle=185
13:41:20 [S44-HARNESS] heartbeat j_5f3cccb4: 4741s cycle=187
13:42:20 [S44-HARNESS] heartbeat j_5f3cccb4: 4801s cycle=190
13:43:20 [S44-HARNESS] heartbeat j_5f3cccb4: 4861s cycle=192
13:44:20 [S44-HARNESS] heartbeat j_5f3cccb4: 4921s cycle=195
13:45:20 [S44-HARNESS] heartbeat j_5f3cccb4: 4981s cycle=197
13:46:20 [S44-HARNESS] heartbeat j_5f3cccb4: 5041s cycle=199
13:47:20 [S44-HARNESS] heartbeat j_5f3cccb4: 5101s cycle=202
13:48:20 [S44-HARNESS] heartbeat j_5f3cccb4: 5161s cycle=204
13:49:20 [S44-HARNESS] heartbeat j_5f3cccb4: 5221s cycle=206
13:50:20 [S44-HARNESS] heartbeat j_5f3cccb4: 5281s cycle=209
13:51:20 [S44-HARNESS] heartbeat j_5f3cccb4: 5341s cycle=211
13:52:20 [S44-HARNESS] heartbeat j_5f3cccb4: 5401s cycle=213
13:53:20 [S44-HARNESS] heartbeat j_5f3cccb4: 5461s cycle=216
13:54:20 [S44-HARNESS] heartbeat j_5f3cccb4: 5521s cycle=218
13:55:20 [S44-HARNESS] heartbeat j_5f3cccb4: 5581s cycle=221
13:56:20 [S44-HARNESS] heartbeat j_5f3cccb4: 5641s cycle=223
13:57:20 [S44-HARNESS] heartbeat j_5f3cccb4: 5701s cycle=225
13:58:20 [S44-HARNESS] heartbeat j_5f3cccb4: 5761s cycle=228
13:59:20 [S44-HARNESS] heartbeat j_5f3cccb4: 5821s cycle=230
14:00:20 [S44-HARNESS] heartbeat j_5f3cccb4: 5881s cycle=232
14:01:20 [S44-HARNESS] heartbeat j_5f3cccb4: 5942s cycle=235
14:02:20 [S44-HARNESS] heartbeat j_5f3cccb4: 6002s cycle=237
14:03:20 [S44-HARNESS] heartbeat j_5f3cccb4: 6062s cycle=239
14:04:20 [S44-HARNESS] heartbeat j_5f3cccb4: 6122s cycle=242
14:05:20 [S44-HARNESS] heartbeat j_5f3cccb4: 6182s cycle=244
14:06:20 [S44-HARNESS] heartbeat j_5f3cccb4: 6242s cycle=247
14:07:20 [S44-HARNESS] heartbeat j_5f3cccb4: 6302s cycle=249
14:08:20 [S44-HARNESS] heartbeat j_5f3cccb4: 6362s cycle=251
14:09:20 [S44-HARNESS] heartbeat j_5f3cccb4: 6422s cycle=253
14:10:20 [S44-HARNESS] heartbeat j_5f3cccb4: 6482s cycle=256
14:11:20 [S44-HARNESS] heartbeat j_5f3cccb4: 6542s cycle=258
14:12:20 [S44-HARNESS] heartbeat j_5f3cccb4: 6602s cycle=261
14:13:20 [S44-HARNESS] heartbeat j_5f3cccb4: 6662s cycle=263
14:14:20 [S44-HARNESS] heartbeat j_5f3cccb4: 6722s cycle=265
14:15:20 [S44-HARNESS] heartbeat j_5f3cccb4: 6782s cycle=268
14:16:20 [S44-HARNESS] heartbeat j_5f3cccb4: 6842s cycle=270
14:16:30 [S44-HARNESS] finished j_5f3cccb4 pid=71809 exit=0 status=not_certified wall=6852s
14:16:41 [W142-RUN-j_5f3cccb4] gates {'G1_harness_clean': True, 'G2_eval_key': True, 'G3_append_reconcile': True, 'G4_tail_state_check': True, 'G5_solve_profile_reconciled_per_event': True, 'G6_v37_optimal_and_four_metrics': True, 'G7_append_sealed': True, 'G8_persistence_on_production_certificate': True, 'G9_ess_ageing_readback': True, 'G11_acceptance_cross_check': True, 'G13_holds_inert_through_first_pass_held_after': True, 'G14_all_block_capture': True, 'G15_stopping_consistent': True, 'G16_lambda_sidecar_complete': True, 'G17_rule_v6_replay_reproduces_in_cycle': True, 'G18_line_fields_every_cycle': True, 'G19_replay_bitwise_1_k0_every_field': True, 'G20_production_counters_in_per_cycle_record': True, 'G21_creep_captures_complete': True, 'G22_t_sum_in_cycle_equals_stride_and_terminal': True, 'G23_overlap_recorded': True, 'G24_exit_capture_equals_the_solve_records_and_esso_logs': True, 'G24b_clean_capture_equals_the_solve_records_and_esso_logs': True, 'G25_record_status_follows_the_settling_decision': True}
14:16:41 [W142-RUN-j_5f3cccb4] settling v6: status uncertified k* None branch None window None band_width 2763.2224053144455 s -6190.5195055007935 t_sum(end) -8847.90049460264 k0_run 159 non-clean cycles [18, 21, 57, 59, 72, 81, 86, 87, 101, 136, 157, 249] floor rejections 1 vetoes 0 cycles 270 record status not_certified
14:16:41 [W142-RUN-j_5f3cccb4] CLAIM-COMPLETION POINT after #16 j_5f3cccb4 (#20 in the v3 numbering): items ['J'] complete -- report (Addendum 58). Scorer: cd /Users/micaelsimoes/Projects/share-resource-planning-no_esso-degradation && set -o noclobber && /Users/micaelsimoes/miniconda3/envs/opf_env_py311/bin/python -u p515_s53_w142_resettle_v6_campaign.py --summarize --after-cell j_5f3cccb4 > data/SRP1/Results/P515S53/w142_resettle_v6/summarize_after_j_5f3cccb4_launch.log 2>&1
14:16:41 [W142] guards {'w142_checks': {'counts': {'permitted_solve': 0, 'permitted_exec': 0, 'blocked_solve': 0, 'blocked_exec': 0}, 'verify_0_failures': []}, 'w139_checks': {'counts': {'permitted_solve': 0, 'permitted_exec': 0, 'blocked_solve': 0, 'blocked_exec': 0}, 'verify_0_failures': []}, 'w137_checks': {'counts': {'permitted_solve': 0, 'permitted_exec': 0, 'blocked_solve': 0, 'blocked_exec': 0}, 'verify_0_failures': []}, 'w132_checks': {'counts': {'permitted_solve': 0, 'permitted_exec': 0, 'blocked_solve': 0, 'blocked_exec': 0}, 'verify_0_failures': []}, 'w118_checks': {'counts': {'permitted_solve': 0, 'permitted_exec': 0, 'blocked_solve': 0, 'blocked_exec': 0}, 'verify_0_failures': []}, 'w105_checks_imported': {'counts': {'permitted_solve': 0, 'permitted_exec': 0, 'blocked_solve': 0, 'blocked_exec': 0}, 'verify_0_failures': []}, 'w101_checks_imported': {'counts': {'permitted_solve': 0, 'permitted_exec': 0, 'blocked_solve': 0, 'blocked_exec': 0}, 'verify_0_failures': []}, 'w98_checks_imported': {'counts': {'permitted_solve': 0, 'permitted_exec': 0, 'blocked_solve': 0, 'blocked_exec': 0}, 'verify_0_failures': []}, 'w112_imported': {'counts': {'permitted_solve': 0, 'permitted_exec': 0, 'blocked_solve': 0, 'blocked_exec': 0}, 'verify_0_failures': []}, 'w141_swing_variants': {'counts': {'permitted_solve': 0, 'permitted_exec': 0, 'blocked_solve': 0, 'blocked_exec': 0}, 'verify_0_failures': []}, 'w139_v5_from_records': {'counts': {'permitted_solve': 0, 'permitted_exec': 0, 'blocked_solve': 0, 'blocked_exec': 0}, 'verify_0_failures': []}, 'w131_imported': {'counts': {'permitted_solve': 0, 'permitted_exec': 0, 'blocked_solve': 0, 'blocked_exec': 0}, 'verify_0_failures': []}, 'w137_ra_imported': {'counts': {'permitted_solve': 0, 'permitted_exec': 0, 'blocked_solve': 0, 'blocked_exec': 0}, 'verify_0_failures': []}, 'alpha_row_launcher': {'counts': {'permitted_solve': 0, 'permitted_exec': 0, 'blocked_solve': 0, 'blocked_exec': 0}, 'verify_0_failures': []}, 'w86_launcher': {'counts': {'permitted_solve': 0, 'permitted_exec': 0, 'blocked_solve': 0, 'blocked_exec': 0}, 'verify_0_failures': []}, 'w87': {'counts': {'permitted_solve': 0, 'permitted_exec': 0, 'blocked_solve': 0, 'blocked_exec': 0}, 'verify_0_failures': []}, 'w88': {'counts': {'permitted_solve': 0, 'permitted_exec': 0, 'blocked_solve': 0, 'blocked_exec': 0}, 'verify_0_failures': []}, 'w89_step1': {'counts': {'permitted_solve': 0, 'permitted_exec': 0, 'blocked_solve': 0, 'blocked_exec': 0}, 'verify_0_failures': []}, 'w89_3x3_launcher': {'counts': {'permitted_solve': 0, 'permitted_exec': 0, 'blocked_solve': 0, 'blocked_exec': 0}, 'verify_0_failures': []}, 'w90_3x3_parent': {'counts': {'permitted_solve': 0, 'permitted_exec': 0, 'blocked_solve': 0, 'blocked_exec': 0}, 'verify_0_failures': []}, 'w98_parent': {'counts': {'permitted_solve': 0, 'permitted_exec': 0, 'blocked_solve': 0, 'blocked_exec': 0}, 'verify_0_failures': []}, 'w101_parent': {'counts': {'permitted_solve': 0, 'permitted_exec': 0, 'blocked_solve': 0, 'blocked_exec': 0}, 'verify_0_failures': []}, 'w118_parent': {'counts': {'permitted_solve': 0, 'permitted_exec': 0, 'blocked_solve': 0, 'blocked_exec': 0}, 'verify_0_failures': []}, 'w132_parent': {'counts': {'permitted_solve': 0, 'permitted_exec': 0, 'blocked_solve': 0, 'blocked_exec': 0}, 'verify_0_failures': []}, 'w137_parent': {'counts': {'permitted_solve': 0, 'permitted_exec': 0, 'blocked_solve': 0, 'blocked_exec': 0}, 'verify_0_failures': []}, 'w139_parent': {'counts': {'permitted_solve': 0, 'permitted_exec': 0, 'blocked_solve': 0, 'blocked_exec': 0}, 'verify_0_failures': []}, 'w142_parent': {'counts': {'permitted_solve': 0, 'permitted_exec': 0, 'blocked_solve': 0, 'blocked_exec': 0}, 'verify_0_failures': []}} wall=7012s
