16:48:53 [W142-RUN-d_c7fee8be] memory preflight: available 17.640045166015625 GiB required 3.50 GiB -> PASS
16:48:53 [W142-RUN-d_c7fee8be] P5.15 Addendum 61, W142 -- v6 re-settling campaign (34 cells: the eight remaining break-even-fit D cells, claim groups 2 and 4) under the current production configuration: gated cells replayed bitwise against their original record through the first residual pass k0 (abort on the first divergence), the G cells as first C2 evaluations; the certifying regime held after the run's first residual pass (AA off, tight tail on, rho frozen); settling rule v6 (v5 -- reading gamma, window (a), certification vetoed while a NON-CLEAN cycle lies in the last W cycles the test reads, clean within 10x the tail tolerances -- with the swing noise floor tau/10: swings below it excluded from the "not growing" comparison, and a sign change closing a swing below it registering no turning point; gap clause; amended monotone branch) until it certifies or the cap; W105 captures, per-cycle t_sum and Q_cc, the IPOPT exit, final attempt tier and final metrics of every block of every cycle; cell d_c7fee8be (#7) eval_key aa0b99f57c75682afb1ff37f46fb430e38ff30f21d0b674ba4a1348c164fe8bf; cap 192; lock {'pid': 65667, 'campaign_id': 's53_w142_resettle_v6_d_c7fee8be', 'campaign_spec_sha256': '6c5903b7558f9fc4ea81acb6ee58d3efd8f9e64720e62d5c63fec6ccfdac1b4d', 'started_utc': '2026-10-01T16:48:53.518149+00:00'}
16:48:53 [S44-HARNESS] launched d_c7fee8be (key 7048a00e13045688) pid=66215
16:48:53 [S44-HARNESS] heartbeat d_c7fee8be: 0s cycle=None
16:49:53 [S44-HARNESS] heartbeat d_c7fee8be: 60s cycle=None
16:50:53 [S44-HARNESS] heartbeat d_c7fee8be: 120s cycle=3
16:51:53 [S44-HARNESS] heartbeat d_c7fee8be: 180s cycle=5
16:52:53 [S44-HARNESS] heartbeat d_c7fee8be: 240s cycle=7
16:53:53 [S44-HARNESS] heartbeat d_c7fee8be: 300s cycle=9
16:54:53 [S44-HARNESS] heartbeat d_c7fee8be: 360s cycle=11
16:55:53 [S44-HARNESS] heartbeat d_c7fee8be: 420s cycle=14
16:56:53 [S44-HARNESS] heartbeat d_c7fee8be: 480s cycle=16
16:57:53 [S44-HARNESS] heartbeat d_c7fee8be: 540s cycle=18
16:58:53 [S44-HARNESS] heartbeat d_c7fee8be: 600s cycle=20
16:59:53 [S44-HARNESS] heartbeat d_c7fee8be: 660s cycle=22
17:00:53 [S44-HARNESS] heartbeat d_c7fee8be: 720s cycle=24
17:01:53 [S44-HARNESS] heartbeat d_c7fee8be: 780s cycle=26
17:02:53 [S44-HARNESS] heartbeat d_c7fee8be: 840s cycle=28
17:03:53 [S44-HARNESS] heartbeat d_c7fee8be: 900s cycle=31
17:04:53 [S44-HARNESS] heartbeat d_c7fee8be: 960s cycle=33
17:05:53 [S44-HARNESS] heartbeat d_c7fee8be: 1020s cycle=36
17:06:53 [S44-HARNESS] heartbeat d_c7fee8be: 1080s cycle=38
17:07:53 [S44-HARNESS] heartbeat d_c7fee8be: 1140s cycle=41
17:08:54 [S44-HARNESS] heartbeat d_c7fee8be: 1200s cycle=43
17:09:54 [S44-HARNESS] heartbeat d_c7fee8be: 1261s cycle=46
17:10:54 [S44-HARNESS] heartbeat d_c7fee8be: 1321s cycle=48
17:11:54 [S44-HARNESS] heartbeat d_c7fee8be: 1381s cycle=50
17:12:54 [S44-HARNESS] heartbeat d_c7fee8be: 1441s cycle=53
17:13:54 [S44-HARNESS] heartbeat d_c7fee8be: 1501s cycle=55
17:14:54 [S44-HARNESS] heartbeat d_c7fee8be: 1561s cycle=58
17:15:54 [S44-HARNESS] heartbeat d_c7fee8be: 1621s cycle=60
17:16:54 [S44-HARNESS] heartbeat d_c7fee8be: 1681s cycle=63
17:17:54 [S44-HARNESS] heartbeat d_c7fee8be: 1741s cycle=65
17:18:54 [S44-HARNESS] heartbeat d_c7fee8be: 1801s cycle=68
17:19:54 [S44-HARNESS] heartbeat d_c7fee8be: 1861s cycle=70
17:20:54 [S44-HARNESS] heartbeat d_c7fee8be: 1921s cycle=73
17:21:54 [S44-HARNESS] heartbeat d_c7fee8be: 1981s cycle=75
17:22:54 [S44-HARNESS] heartbeat d_c7fee8be: 2041s cycle=78
17:23:54 [S44-HARNESS] heartbeat d_c7fee8be: 2101s cycle=80
17:24:54 [S44-HARNESS] heartbeat d_c7fee8be: 2161s cycle=83
17:25:54 [S44-HARNESS] heartbeat d_c7fee8be: 2221s cycle=85
17:26:54 [S44-HARNESS] heartbeat d_c7fee8be: 2281s cycle=87
17:27:54 [S44-HARNESS] heartbeat d_c7fee8be: 2341s cycle=90
17:28:54 [S44-HARNESS] heartbeat d_c7fee8be: 2401s cycle=92
17:29:54 [S44-HARNESS] heartbeat d_c7fee8be: 2461s cycle=95
17:30:54 [S44-HARNESS] heartbeat d_c7fee8be: 2521s cycle=97
17:31:54 [S44-HARNESS] heartbeat d_c7fee8be: 2581s cycle=100
17:32:54 [S44-HARNESS] heartbeat d_c7fee8be: 2641s cycle=102
17:33:54 [S44-HARNESS] heartbeat d_c7fee8be: 2701s cycle=105
17:34:54 [S44-HARNESS] heartbeat d_c7fee8be: 2761s cycle=107
17:35:54 [S44-HARNESS] heartbeat d_c7fee8be: 2821s cycle=110
17:36:54 [S44-HARNESS] heartbeat d_c7fee8be: 2881s cycle=112
17:37:54 [S44-HARNESS] heartbeat d_c7fee8be: 2941s cycle=114
17:38:54 [S44-HARNESS] heartbeat d_c7fee8be: 3001s cycle=117
17:39:54 [S44-HARNESS] heartbeat d_c7fee8be: 3061s cycle=119
17:40:54 [S44-HARNESS] heartbeat d_c7fee8be: 3121s cycle=122
17:41:54 [S44-HARNESS] heartbeat d_c7fee8be: 3181s cycle=124
17:42:54 [S44-HARNESS] heartbeat d_c7fee8be: 3241s cycle=127
17:43:54 [S44-HARNESS] heartbeat d_c7fee8be: 3301s cycle=129
17:44:54 [S44-HARNESS] heartbeat d_c7fee8be: 3361s cycle=131
17:45:54 [S44-HARNESS] heartbeat d_c7fee8be: 3421s cycle=134
17:46:54 [S44-HARNESS] heartbeat d_c7fee8be: 3481s cycle=136
17:47:54 [S44-HARNESS] heartbeat d_c7fee8be: 3541s cycle=139
17:48:55 [S44-HARNESS] heartbeat d_c7fee8be: 3601s cycle=141
17:49:55 [S44-HARNESS] heartbeat d_c7fee8be: 3662s cycle=143
17:50:40 [S44-HARNESS] finished d_c7fee8be pid=66215 exit=0 status=certified wall=3707s
17:50:46 [W142-RUN-d_c7fee8be] gates {'G1_harness_clean': True, 'G2_eval_key': True, 'G3_append_reconcile': True, 'G4_tail_state_check': True, 'G5_solve_profile_reconciled_per_event': True, 'G6_v37_optimal_and_four_metrics': True, 'G7_append_sealed': True, 'G8_persistence_on_production_certificate': True, 'G9_ess_ageing_readback': True, 'G11_acceptance_cross_check': True, 'G13_holds_inert_through_first_pass_held_after': True, 'G14_all_block_capture': True, 'G15_stopping_consistent': True, 'G16_lambda_sidecar_complete': True, 'G17_rule_v6_replay_reproduces_in_cycle': True, 'G18_line_fields_every_cycle': True, 'G19_replay_bitwise_1_k0_every_field': True, 'G20_production_counters_in_per_cycle_record': True, 'G21_creep_captures_complete': True, 'G22_t_sum_in_cycle_equals_stride_and_terminal': True, 'G23_overlap_recorded': True, 'G24_exit_capture_equals_the_solve_records_and_esso_logs': True, 'G24b_clean_capture_equals_the_solve_records_and_esso_logs': True, 'G25_record_status_follows_the_settling_decision': True, 'G27_planner_a61_d_cell_certifies_under_v6': True}
17:50:46 [W142-RUN-d_c7fee8be] settling v6: status certified k* 145 branch oscillatory window [119, 145] band_width 4465.541307926178 s 37054.07769525051 t_sum(end) 2101.2995527307917 k0_run 83 non-clean cycles [6, 11, 18, 25, 26, 34, 59, 71] floor rejections 0 vetoes 0 cycles 145 record status certified
17:50:46 [W142] guards {'w142_checks': {'counts': {'permitted_solve': 0, 'permitted_exec': 0, 'blocked_solve': 0, 'blocked_exec': 0}, 'verify_0_failures': []}, 'w139_checks': {'counts': {'permitted_solve': 0, 'permitted_exec': 0, 'blocked_solve': 0, 'blocked_exec': 0}, 'verify_0_failures': []}, 'w137_checks': {'counts': {'permitted_solve': 0, 'permitted_exec': 0, 'blocked_solve': 0, 'blocked_exec': 0}, 'verify_0_failures': []}, 'w132_checks': {'counts': {'permitted_solve': 0, 'permitted_exec': 0, 'blocked_solve': 0, 'blocked_exec': 0}, 'verify_0_failures': []}, 'w118_checks': {'counts': {'permitted_solve': 0, 'permitted_exec': 0, 'blocked_solve': 0, 'blocked_exec': 0}, 'verify_0_failures': []}, 'w105_checks_imported': {'counts': {'permitted_solve': 0, 'permitted_exec': 0, 'blocked_solve': 0, 'blocked_exec': 0}, 'verify_0_failures': []}, 'w101_checks_imported': {'counts': {'permitted_solve': 0, 'permitted_exec': 0, 'blocked_solve': 0, 'blocked_exec': 0}, 'verify_0_failures': []}, 'w98_checks_imported': {'counts': {'permitted_solve': 0, 'permitted_exec': 0, 'blocked_solve': 0, 'blocked_exec': 0}, 'verify_0_failures': []}, 'w112_imported': {'counts': {'permitted_solve': 0, 'permitted_exec': 0, 'blocked_solve': 0, 'blocked_exec': 0}, 'verify_0_failures': []}, 'w141_swing_variants': {'counts': {'permitted_solve': 0, 'permitted_exec': 0, 'blocked_solve': 0, 'blocked_exec': 0}, 'verify_0_failures': []}, 'w139_v5_from_records': {'counts': {'permitted_solve': 0, 'permitted_exec': 0, 'blocked_solve': 0, 'blocked_exec': 0}, 'verify_0_failures': []}, 'w131_imported': {'counts': {'permitted_solve': 0, 'permitted_exec': 0, 'blocked_solve': 0, 'blocked_exec': 0}, 'verify_0_failures': []}, 'w137_ra_imported': {'counts': {'permitted_solve': 0, 'permitted_exec': 0, 'blocked_solve': 0, 'blocked_exec': 0}, 'verify_0_failures': []}, 'alpha_row_launcher': {'counts': {'permitted_solve': 0, 'permitted_exec': 0, 'blocked_solve': 0, 'blocked_exec': 0}, 'verify_0_failures': []}, 'w86_launcher': {'counts': {'permitted_solve': 0, 'permitted_exec': 0, 'blocked_solve': 0, 'blocked_exec': 0}, 'verify_0_failures': []}, 'w87': {'counts': {'permitted_solve': 0, 'permitted_exec': 0, 'blocked_solve': 0, 'blocked_exec': 0}, 'verify_0_failures': []}, 'w88': {'counts': {'permitted_solve': 0, 'permitted_exec': 0, 'blocked_solve': 0, 'blocked_exec': 0}, 'verify_0_failures': []}, 'w89_step1': {'counts': {'permitted_solve': 0, 'permitted_exec': 0, 'blocked_solve': 0, 'blocked_exec': 0}, 'verify_0_failures': []}, 'w89_3x3_launcher': {'counts': {'permitted_solve': 0, 'permitted_exec': 0, 'blocked_solve': 0, 'blocked_exec': 0}, 'verify_0_failures': []}, 'w90_3x3_parent': {'counts': {'permitted_solve': 0, 'permitted_exec': 0, 'blocked_solve': 0, 'blocked_exec': 0}, 'verify_0_failures': []}, 'w98_parent': {'counts': {'permitted_solve': 0, 'permitted_exec': 0, 'blocked_solve': 0, 'blocked_exec': 0}, 'verify_0_failures': []}, 'w101_parent': {'counts': {'permitted_solve': 0, 'permitted_exec': 0, 'blocked_solve': 0, 'blocked_exec': 0}, 'verify_0_failures': []}, 'w118_parent': {'counts': {'permitted_solve': 0, 'permitted_exec': 0, 'blocked_solve': 0, 'blocked_exec': 0}, 'verify_0_failures': []}, 'w132_parent': {'counts': {'permitted_solve': 0, 'permitted_exec': 0, 'blocked_solve': 0, 'blocked_exec': 0}, 'verify_0_failures': []}, 'w137_parent': {'counts': {'permitted_solve': 0, 'permitted_exec': 0, 'blocked_solve': 0, 'blocked_exec': 0}, 'verify_0_failures': []}, 'w139_parent': {'counts': {'permitted_solve': 0, 'permitted_exec': 0, 'blocked_solve': 0, 'blocked_exec': 0}, 'verify_0_failures': []}, 'w142_parent': {'counts': {'permitted_solve': 0, 'permitted_exec': 0, 'blocked_solve': 0, 'blocked_exec': 0}, 'verify_0_failures': []}} wall=3866s
