02:08:45 [W142-RUN-l_0ee93aca] memory preflight: available 18.67413330078125 GiB required 3.50 GiB -> PASS
02:08:45 [W142-RUN-l_0ee93aca] P5.15 Addendum 61, W142 -- v6 re-settling campaign (34 cells: the eight remaining break-even-fit D cells, claim groups 2 and 4) under the current production configuration: gated cells replayed bitwise against their original record through the first residual pass k0 (abort on the first divergence), the G cells as first C2 evaluations; the certifying regime held after the run's first residual pass (AA off, tight tail on, rho frozen); settling rule v6 (v5 -- reading gamma, window (a), certification vetoed while a NON-CLEAN cycle lies in the last W cycles the test reads, clean within 10x the tail tolerances -- with the swing noise floor tau/10: swings below it excluded from the "not growing" comparison, and a sign change closing a swing below it registering no turning point; gap clause; amended monotone branch) until it certifies or the cap; W105 captures, per-cycle t_sum and Q_cc, the IPOPT exit, final attempt tier and final metrics of every block of every cycle; cell l_0ee93aca (#25) eval_key 86d27f42e98503cacc298a01e098451647bfb1ad1652ceaed4552f26ae418e06; cap 284; lock {'pid': 84623, 'campaign_id': 's53_w142_resettle_v6_l_0ee93aca', 'campaign_spec_sha256': 'ff3f6a032bf7f700909295d305bd9f489d57ddf226b8f24ff6db7e6e480648ae', 'started_utc': '2026-10-03T02:08:45.428974+00:00'}
02:08:45 [S44-HARNESS] launched l_0ee93aca (key 3579af957420d34f) pid=85169
02:08:45 [S44-HARNESS] heartbeat l_0ee93aca: 0s cycle=None
02:09:45 [S44-HARNESS] heartbeat l_0ee93aca: 60s cycle=None
02:10:45 [S44-HARNESS] heartbeat l_0ee93aca: 120s cycle=2
02:11:45 [S44-HARNESS] heartbeat l_0ee93aca: 180s cycle=5
02:12:45 [S44-HARNESS] heartbeat l_0ee93aca: 240s cycle=7
02:13:45 [S44-HARNESS] heartbeat l_0ee93aca: 300s cycle=9
02:14:45 [S44-HARNESS] heartbeat l_0ee93aca: 360s cycle=11
02:15:45 [S44-HARNESS] heartbeat l_0ee93aca: 420s cycle=13
02:16:45 [S44-HARNESS] heartbeat l_0ee93aca: 480s cycle=16
02:17:45 [S44-HARNESS] heartbeat l_0ee93aca: 540s cycle=18
02:18:45 [S44-HARNESS] heartbeat l_0ee93aca: 600s cycle=20
02:19:45 [S44-HARNESS] heartbeat l_0ee93aca: 660s cycle=22
02:20:45 [S44-HARNESS] heartbeat l_0ee93aca: 720s cycle=25
02:21:45 [S44-HARNESS] heartbeat l_0ee93aca: 780s cycle=27
02:22:45 [S44-HARNESS] heartbeat l_0ee93aca: 840s cycle=29
02:23:45 [S44-HARNESS] heartbeat l_0ee93aca: 900s cycle=32
02:24:45 [S44-HARNESS] heartbeat l_0ee93aca: 960s cycle=34
02:25:45 [S44-HARNESS] heartbeat l_0ee93aca: 1020s cycle=36
02:26:45 [S44-HARNESS] heartbeat l_0ee93aca: 1080s cycle=39
02:27:45 [S44-HARNESS] heartbeat l_0ee93aca: 1140s cycle=41
02:28:45 [S44-HARNESS] heartbeat l_0ee93aca: 1200s cycle=43
02:29:45 [S44-HARNESS] heartbeat l_0ee93aca: 1261s cycle=45
02:30:45 [S44-HARNESS] heartbeat l_0ee93aca: 1321s cycle=48
02:31:46 [S44-HARNESS] heartbeat l_0ee93aca: 1381s cycle=50
02:32:46 [S44-HARNESS] heartbeat l_0ee93aca: 1441s cycle=52
02:33:46 [S44-HARNESS] heartbeat l_0ee93aca: 1501s cycle=55
02:34:46 [S44-HARNESS] heartbeat l_0ee93aca: 1561s cycle=57
02:35:46 [S44-HARNESS] heartbeat l_0ee93aca: 1621s cycle=59
02:36:46 [S44-HARNESS] heartbeat l_0ee93aca: 1681s cycle=62
02:37:46 [S44-HARNESS] heartbeat l_0ee93aca: 1741s cycle=64
02:38:46 [S44-HARNESS] heartbeat l_0ee93aca: 1801s cycle=66
02:39:46 [S44-HARNESS] heartbeat l_0ee93aca: 1861s cycle=69
02:40:46 [S44-HARNESS] heartbeat l_0ee93aca: 1921s cycle=71
02:41:46 [S44-HARNESS] heartbeat l_0ee93aca: 1981s cycle=74
02:42:46 [S44-HARNESS] heartbeat l_0ee93aca: 2041s cycle=76
02:43:46 [S44-HARNESS] heartbeat l_0ee93aca: 2101s cycle=78
02:44:46 [S44-HARNESS] heartbeat l_0ee93aca: 2161s cycle=81
02:45:46 [S44-HARNESS] heartbeat l_0ee93aca: 2221s cycle=83
02:46:46 [S44-HARNESS] heartbeat l_0ee93aca: 2281s cycle=86
02:47:46 [S44-HARNESS] heartbeat l_0ee93aca: 2341s cycle=88
02:48:46 [S44-HARNESS] heartbeat l_0ee93aca: 2401s cycle=90
02:49:46 [S44-HARNESS] heartbeat l_0ee93aca: 2461s cycle=93
02:50:46 [S44-HARNESS] heartbeat l_0ee93aca: 2521s cycle=95
02:51:46 [S44-HARNESS] heartbeat l_0ee93aca: 2581s cycle=97
02:52:46 [S44-HARNESS] heartbeat l_0ee93aca: 2641s cycle=100
02:53:46 [S44-HARNESS] heartbeat l_0ee93aca: 2701s cycle=102
02:54:46 [S44-HARNESS] heartbeat l_0ee93aca: 2761s cycle=104
02:55:46 [S44-HARNESS] heartbeat l_0ee93aca: 2821s cycle=107
02:56:46 [S44-HARNESS] heartbeat l_0ee93aca: 2881s cycle=109
02:57:46 [S44-HARNESS] heartbeat l_0ee93aca: 2941s cycle=111
02:58:46 [S44-HARNESS] heartbeat l_0ee93aca: 3001s cycle=114
02:59:46 [S44-HARNESS] heartbeat l_0ee93aca: 3061s cycle=116
03:00:46 [S44-HARNESS] heartbeat l_0ee93aca: 3121s cycle=119
03:01:46 [S44-HARNESS] heartbeat l_0ee93aca: 3181s cycle=121
03:02:46 [S44-HARNESS] heartbeat l_0ee93aca: 3241s cycle=123
03:03:46 [S44-HARNESS] heartbeat l_0ee93aca: 3301s cycle=126
03:04:46 [S44-HARNESS] heartbeat l_0ee93aca: 3361s cycle=128
03:05:46 [S44-HARNESS] heartbeat l_0ee93aca: 3421s cycle=131
03:06:46 [S44-HARNESS] heartbeat l_0ee93aca: 3481s cycle=133
03:07:46 [S44-HARNESS] heartbeat l_0ee93aca: 3541s cycle=135
03:08:46 [S44-HARNESS] heartbeat l_0ee93aca: 3601s cycle=138
03:09:46 [S44-HARNESS] heartbeat l_0ee93aca: 3662s cycle=140
03:10:46 [S44-HARNESS] heartbeat l_0ee93aca: 3722s cycle=143
03:11:46 [S44-HARNESS] heartbeat l_0ee93aca: 3782s cycle=145
03:12:47 [S44-HARNESS] heartbeat l_0ee93aca: 3842s cycle=147
03:13:47 [S44-HARNESS] heartbeat l_0ee93aca: 3902s cycle=150
03:14:47 [S44-HARNESS] heartbeat l_0ee93aca: 3962s cycle=152
03:15:47 [S44-HARNESS] heartbeat l_0ee93aca: 4022s cycle=154
03:16:47 [S44-HARNESS] heartbeat l_0ee93aca: 4082s cycle=157
03:17:47 [S44-HARNESS] heartbeat l_0ee93aca: 4142s cycle=159
03:18:47 [S44-HARNESS] heartbeat l_0ee93aca: 4202s cycle=161
03:19:47 [S44-HARNESS] heartbeat l_0ee93aca: 4262s cycle=164
03:20:47 [S44-HARNESS] heartbeat l_0ee93aca: 4322s cycle=166
03:21:47 [S44-HARNESS] heartbeat l_0ee93aca: 4382s cycle=169
03:22:47 [S44-HARNESS] heartbeat l_0ee93aca: 4442s cycle=171
03:23:47 [S44-HARNESS] heartbeat l_0ee93aca: 4502s cycle=173
03:24:47 [S44-HARNESS] heartbeat l_0ee93aca: 4562s cycle=176
03:25:47 [S44-HARNESS] heartbeat l_0ee93aca: 4622s cycle=178
03:26:47 [S44-HARNESS] heartbeat l_0ee93aca: 4682s cycle=180
03:27:47 [S44-HARNESS] heartbeat l_0ee93aca: 4742s cycle=182
03:28:47 [S44-HARNESS] heartbeat l_0ee93aca: 4802s cycle=185
03:29:47 [S44-HARNESS] heartbeat l_0ee93aca: 4862s cycle=187
03:30:47 [S44-HARNESS] heartbeat l_0ee93aca: 4922s cycle=189
03:31:47 [S44-HARNESS] heartbeat l_0ee93aca: 4982s cycle=191
03:32:47 [S44-HARNESS] heartbeat l_0ee93aca: 5042s cycle=194
03:33:47 [S44-HARNESS] heartbeat l_0ee93aca: 5102s cycle=196
03:34:47 [S44-HARNESS] heartbeat l_0ee93aca: 5162s cycle=198
03:35:47 [S44-HARNESS] heartbeat l_0ee93aca: 5222s cycle=201
03:36:47 [S44-HARNESS] heartbeat l_0ee93aca: 5282s cycle=203
03:37:47 [S44-HARNESS] heartbeat l_0ee93aca: 5342s cycle=205
03:38:47 [S44-HARNESS] heartbeat l_0ee93aca: 5402s cycle=207
03:39:47 [S44-HARNESS] heartbeat l_0ee93aca: 5462s cycle=209
03:40:47 [S44-HARNESS] heartbeat l_0ee93aca: 5522s cycle=212
03:41:47 [S44-HARNESS] heartbeat l_0ee93aca: 5582s cycle=214
03:42:47 [S44-HARNESS] heartbeat l_0ee93aca: 5642s cycle=216
03:43:47 [S44-HARNESS] heartbeat l_0ee93aca: 5702s cycle=218
03:44:47 [S44-HARNESS] heartbeat l_0ee93aca: 5762s cycle=221
03:45:47 [S44-HARNESS] heartbeat l_0ee93aca: 5822s cycle=223
03:46:47 [S44-HARNESS] heartbeat l_0ee93aca: 5882s cycle=225
03:47:47 [S44-HARNESS] heartbeat l_0ee93aca: 5942s cycle=227
03:48:47 [S44-HARNESS] heartbeat l_0ee93aca: 6002s cycle=230
03:49:47 [S44-HARNESS] heartbeat l_0ee93aca: 6062s cycle=232
03:50:47 [S44-HARNESS] heartbeat l_0ee93aca: 6123s cycle=234
03:51:47 [S44-HARNESS] heartbeat l_0ee93aca: 6183s cycle=236
03:52:48 [S44-HARNESS] heartbeat l_0ee93aca: 6243s cycle=239
03:53:48 [S44-HARNESS] heartbeat l_0ee93aca: 6303s cycle=241
03:54:48 [S44-HARNESS] heartbeat l_0ee93aca: 6363s cycle=243
03:55:48 [S44-HARNESS] heartbeat l_0ee93aca: 6423s cycle=245
03:56:48 [S44-HARNESS] heartbeat l_0ee93aca: 6483s cycle=247
03:57:48 [S44-HARNESS] heartbeat l_0ee93aca: 6543s cycle=249
03:58:48 [S44-HARNESS] heartbeat l_0ee93aca: 6603s cycle=252
03:59:48 [S44-HARNESS] heartbeat l_0ee93aca: 6663s cycle=254
04:00:48 [S44-HARNESS] heartbeat l_0ee93aca: 6723s cycle=256
04:01:48 [S44-HARNESS] heartbeat l_0ee93aca: 6783s cycle=258
04:02:48 [S44-HARNESS] heartbeat l_0ee93aca: 6843s cycle=261
04:03:48 [S44-HARNESS] heartbeat l_0ee93aca: 6903s cycle=263
04:04:48 [S44-HARNESS] heartbeat l_0ee93aca: 6963s cycle=265
04:05:48 [S44-HARNESS] heartbeat l_0ee93aca: 7023s cycle=267
04:06:48 [S44-HARNESS] heartbeat l_0ee93aca: 7083s cycle=269
04:07:48 [S44-HARNESS] heartbeat l_0ee93aca: 7143s cycle=271
04:08:48 [S44-HARNESS] heartbeat l_0ee93aca: 7203s cycle=274
04:09:48 [S44-HARNESS] heartbeat l_0ee93aca: 7263s cycle=276
04:10:48 [S44-HARNESS] heartbeat l_0ee93aca: 7323s cycle=278
04:11:48 [S44-HARNESS] heartbeat l_0ee93aca: 7383s cycle=280
04:12:48 [S44-HARNESS] heartbeat l_0ee93aca: 7443s cycle=283
04:13:33 [S44-HARNESS] finished l_0ee93aca pid=85169 exit=0 status=not_certified wall=7488s
04:13:44 [W142-RUN-l_0ee93aca] gates {'G1_harness_clean': True, 'G2_eval_key': True, 'G3_append_reconcile': True, 'G4_tail_state_check': True, 'G5_solve_profile_reconciled_per_event': True, 'G6_v37_optimal_and_four_metrics': True, 'G7_append_sealed': True, 'G8_persistence_on_production_certificate': True, 'G9_ess_ageing_readback': True, 'G11_acceptance_cross_check': True, 'G13_holds_inert_through_first_pass_held_after': True, 'G14_all_block_capture': True, 'G15_stopping_consistent': True, 'G16_lambda_sidecar_complete': True, 'G17_rule_v6_replay_reproduces_in_cycle': True, 'G18_line_fields_every_cycle': True, 'G19_replay_bitwise_1_k0_every_field': True, 'G20_production_counters_in_per_cycle_record': True, 'G21_creep_captures_complete': True, 'G22_t_sum_in_cycle_equals_stride_and_terminal': True, 'G23_overlap_recorded': True, 'G24_exit_capture_equals_the_solve_records_and_esso_logs': True, 'G24b_clean_capture_equals_the_solve_records_and_esso_logs': True, 'G25_record_status_follows_the_settling_decision': True}
04:13:44 [W142-RUN-l_0ee93aca] settling v6: status uncertified k* None branch None window None band_width 249.92211174964905 s -1472.4118458032608 t_sum(end) -9300.088408286441 k0_run 175 non-clean cycles [10, 11, 20, 27, 30, 47, 99, 218, 222] floor rejections 0 vetoes 0 cycles 284 record status not_certified
04:13:44 [W142] guards {'w142_checks': {'counts': {'permitted_solve': 0, 'permitted_exec': 0, 'blocked_solve': 0, 'blocked_exec': 0}, 'verify_0_failures': []}, 'w139_checks': {'counts': {'permitted_solve': 0, 'permitted_exec': 0, 'blocked_solve': 0, 'blocked_exec': 0}, 'verify_0_failures': []}, 'w137_checks': {'counts': {'permitted_solve': 0, 'permitted_exec': 0, 'blocked_solve': 0, 'blocked_exec': 0}, 'verify_0_failures': []}, 'w132_checks': {'counts': {'permitted_solve': 0, 'permitted_exec': 0, 'blocked_solve': 0, 'blocked_exec': 0}, 'verify_0_failures': []}, 'w118_checks': {'counts': {'permitted_solve': 0, 'permitted_exec': 0, 'blocked_solve': 0, 'blocked_exec': 0}, 'verify_0_failures': []}, 'w105_checks_imported': {'counts': {'permitted_solve': 0, 'permitted_exec': 0, 'blocked_solve': 0, 'blocked_exec': 0}, 'verify_0_failures': []}, 'w101_checks_imported': {'counts': {'permitted_solve': 0, 'permitted_exec': 0, 'blocked_solve': 0, 'blocked_exec': 0}, 'verify_0_failures': []}, 'w98_checks_imported': {'counts': {'permitted_solve': 0, 'permitted_exec': 0, 'blocked_solve': 0, 'blocked_exec': 0}, 'verify_0_failures': []}, 'w112_imported': {'counts': {'permitted_solve': 0, 'permitted_exec': 0, 'blocked_solve': 0, 'blocked_exec': 0}, 'verify_0_failures': []}, 'w141_swing_variants': {'counts': {'permitted_solve': 0, 'permitted_exec': 0, 'blocked_solve': 0, 'blocked_exec': 0}, 'verify_0_failures': []}, 'w139_v5_from_records': {'counts': {'permitted_solve': 0, 'permitted_exec': 0, 'blocked_solve': 0, 'blocked_exec': 0}, 'verify_0_failures': []}, 'w131_imported': {'counts': {'permitted_solve': 0, 'permitted_exec': 0, 'blocked_solve': 0, 'blocked_exec': 0}, 'verify_0_failures': []}, 'w137_ra_imported': {'counts': {'permitted_solve': 0, 'permitted_exec': 0, 'blocked_solve': 0, 'blocked_exec': 0}, 'verify_0_failures': []}, 'alpha_row_launcher': {'counts': {'permitted_solve': 0, 'permitted_exec': 0, 'blocked_solve': 0, 'blocked_exec': 0}, 'verify_0_failures': []}, 'w86_launcher': {'counts': {'permitted_solve': 0, 'permitted_exec': 0, 'blocked_solve': 0, 'blocked_exec': 0}, 'verify_0_failures': []}, 'w87': {'counts': {'permitted_solve': 0, 'permitted_exec': 0, 'blocked_solve': 0, 'blocked_exec': 0}, 'verify_0_failures': []}, 'w88': {'counts': {'permitted_solve': 0, 'permitted_exec': 0, 'blocked_solve': 0, 'blocked_exec': 0}, 'verify_0_failures': []}, 'w89_step1': {'counts': {'permitted_solve': 0, 'permitted_exec': 0, 'blocked_solve': 0, 'blocked_exec': 0}, 'verify_0_failures': []}, 'w89_3x3_launcher': {'counts': {'permitted_solve': 0, 'permitted_exec': 0, 'blocked_solve': 0, 'blocked_exec': 0}, 'verify_0_failures': []}, 'w90_3x3_parent': {'counts': {'permitted_solve': 0, 'permitted_exec': 0, 'blocked_solve': 0, 'blocked_exec': 0}, 'verify_0_failures': []}, 'w98_parent': {'counts': {'permitted_solve': 0, 'permitted_exec': 0, 'blocked_solve': 0, 'blocked_exec': 0}, 'verify_0_failures': []}, 'w101_parent': {'counts': {'permitted_solve': 0, 'permitted_exec': 0, 'blocked_solve': 0, 'blocked_exec': 0}, 'verify_0_failures': []}, 'w118_parent': {'counts': {'permitted_solve': 0, 'permitted_exec': 0, 'blocked_solve': 0, 'blocked_exec': 0}, 'verify_0_failures': []}, 'w132_parent': {'counts': {'permitted_solve': 0, 'permitted_exec': 0, 'blocked_solve': 0, 'blocked_exec': 0}, 'verify_0_failures': []}, 'w137_parent': {'counts': {'permitted_solve': 0, 'permitted_exec': 0, 'blocked_solve': 0, 'blocked_exec': 0}, 'verify_0_failures': []}, 'w139_parent': {'counts': {'permitted_solve': 0, 'permitted_exec': 0, 'blocked_solve': 0, 'blocked_exec': 0}, 'verify_0_failures': []}, 'w142_parent': {'counts': {'permitted_solve': 0, 'permitted_exec': 0, 'blocked_solve': 0, 'blocked_exec': 0}, 'verify_0_failures': []}} wall=7651s
