16:34:27 [W142-RUN-l_7c455554] memory preflight: available 18.193923950195312 GiB required 3.50 GiB -> PASS
16:34:27 [W142-RUN-l_7c455554] P5.15 Addendum 61, W142 -- v6 re-settling campaign (34 cells: the eight remaining break-even-fit D cells, claim groups 2 and 4) under the current production configuration: gated cells replayed bitwise against their original record through the first residual pass k0 (abort on the first divergence), the G cells as first C2 evaluations; the certifying regime held after the run's first residual pass (AA off, tight tail on, rho frozen); settling rule v6 (v5 -- reading gamma, window (a), certification vetoed while a NON-CLEAN cycle lies in the last W cycles the test reads, clean within 10x the tail tolerances -- with the swing noise floor tau/10: swings below it excluded from the "not growing" comparison, and a sign change closing a swing below it registering no turning point; gap clause; amended monotone branch) until it certifies or the cap; W105 captures, per-cycle t_sum and Q_cc, the IPOPT exit, final attempt tier and final metrics of every block of every cycle; cell l_7c455554 (#32) eval_key 9906389c1cd682a93a74588f32554f653e167ed6316f09d6c8326d6ce218299e; cap 282; lock {'pid': 12214, 'campaign_id': 's53_w142_resettle_v6_l_7c455554', 'campaign_spec_sha256': '777579154b867c937120255e7cc76f33e746d6cfc0df7b42d541f7510ac1af8a', 'started_utc': '2026-10-03T16:34:27.927078+00:00'}
16:34:27 [S44-HARNESS] launched l_7c455554 (key e9e995e19d19bf1d) pid=12803
16:34:27 [S44-HARNESS] heartbeat l_7c455554: 0s cycle=None
16:35:27 [S44-HARNESS] heartbeat l_7c455554: 60s cycle=None
16:36:27 [S44-HARNESS] heartbeat l_7c455554: 120s cycle=2
16:37:28 [S44-HARNESS] heartbeat l_7c455554: 180s cycle=4
16:38:28 [S44-HARNESS] heartbeat l_7c455554: 240s cycle=7
16:39:28 [S44-HARNESS] heartbeat l_7c455554: 300s cycle=9
16:40:28 [S44-HARNESS] heartbeat l_7c455554: 360s cycle=11
16:41:28 [S44-HARNESS] heartbeat l_7c455554: 420s cycle=13
16:42:28 [S44-HARNESS] heartbeat l_7c455554: 480s cycle=15
16:43:28 [S44-HARNESS] heartbeat l_7c455554: 540s cycle=17
16:44:28 [S44-HARNESS] heartbeat l_7c455554: 600s cycle=20
16:45:28 [S44-HARNESS] heartbeat l_7c455554: 660s cycle=22
16:46:28 [S44-HARNESS] heartbeat l_7c455554: 720s cycle=24
16:47:28 [S44-HARNESS] heartbeat l_7c455554: 780s cycle=26
16:48:28 [S44-HARNESS] heartbeat l_7c455554: 840s cycle=29
16:49:28 [S44-HARNESS] heartbeat l_7c455554: 900s cycle=31
16:50:28 [S44-HARNESS] heartbeat l_7c455554: 960s cycle=33
16:51:28 [S44-HARNESS] heartbeat l_7c455554: 1020s cycle=36
16:52:28 [S44-HARNESS] heartbeat l_7c455554: 1080s cycle=38
16:53:28 [S44-HARNESS] heartbeat l_7c455554: 1140s cycle=40
16:54:28 [S44-HARNESS] heartbeat l_7c455554: 1200s cycle=43
16:55:28 [S44-HARNESS] heartbeat l_7c455554: 1261s cycle=45
16:56:28 [S44-HARNESS] heartbeat l_7c455554: 1321s cycle=48
16:57:28 [S44-HARNESS] heartbeat l_7c455554: 1381s cycle=50
16:58:28 [S44-HARNESS] heartbeat l_7c455554: 1441s cycle=52
16:59:28 [S44-HARNESS] heartbeat l_7c455554: 1501s cycle=54
17:00:28 [S44-HARNESS] heartbeat l_7c455554: 1561s cycle=57
17:01:28 [S44-HARNESS] heartbeat l_7c455554: 1621s cycle=59
17:02:28 [S44-HARNESS] heartbeat l_7c455554: 1681s cycle=61
17:03:28 [S44-HARNESS] heartbeat l_7c455554: 1741s cycle=64
17:04:28 [S44-HARNESS] heartbeat l_7c455554: 1801s cycle=66
17:05:28 [S44-HARNESS] heartbeat l_7c455554: 1861s cycle=68
17:06:28 [S44-HARNESS] heartbeat l_7c455554: 1921s cycle=71
17:07:28 [S44-HARNESS] heartbeat l_7c455554: 1981s cycle=73
17:08:28 [S44-HARNESS] heartbeat l_7c455554: 2041s cycle=75
17:09:28 [S44-HARNESS] heartbeat l_7c455554: 2101s cycle=78
17:10:28 [S44-HARNESS] heartbeat l_7c455554: 2161s cycle=80
17:11:28 [S44-HARNESS] heartbeat l_7c455554: 2221s cycle=82
17:12:28 [S44-HARNESS] heartbeat l_7c455554: 2281s cycle=85
17:13:28 [S44-HARNESS] heartbeat l_7c455554: 2341s cycle=87
17:14:28 [S44-HARNESS] heartbeat l_7c455554: 2401s cycle=89
17:15:28 [S44-HARNESS] heartbeat l_7c455554: 2461s cycle=92
17:16:28 [S44-HARNESS] heartbeat l_7c455554: 2521s cycle=94
17:17:28 [S44-HARNESS] heartbeat l_7c455554: 2581s cycle=97
17:18:29 [S44-HARNESS] heartbeat l_7c455554: 2641s cycle=99
17:19:29 [S44-HARNESS] heartbeat l_7c455554: 2701s cycle=101
17:20:29 [S44-HARNESS] heartbeat l_7c455554: 2761s cycle=104
17:21:29 [S44-HARNESS] heartbeat l_7c455554: 2821s cycle=106
17:22:29 [S44-HARNESS] heartbeat l_7c455554: 2881s cycle=108
17:23:29 [S44-HARNESS] heartbeat l_7c455554: 2941s cycle=111
17:24:29 [S44-HARNESS] heartbeat l_7c455554: 3001s cycle=113
17:25:29 [S44-HARNESS] heartbeat l_7c455554: 3061s cycle=115
17:26:29 [S44-HARNESS] heartbeat l_7c455554: 3121s cycle=118
17:27:29 [S44-HARNESS] heartbeat l_7c455554: 3181s cycle=120
17:28:29 [S44-HARNESS] heartbeat l_7c455554: 3241s cycle=123
17:29:29 [S44-HARNESS] heartbeat l_7c455554: 3301s cycle=125
17:30:29 [S44-HARNESS] heartbeat l_7c455554: 3361s cycle=127
17:31:29 [S44-HARNESS] heartbeat l_7c455554: 3421s cycle=130
17:32:29 [S44-HARNESS] heartbeat l_7c455554: 3481s cycle=132
17:33:29 [S44-HARNESS] heartbeat l_7c455554: 3541s cycle=134
17:34:29 [S44-HARNESS] heartbeat l_7c455554: 3601s cycle=137
17:35:29 [S44-HARNESS] heartbeat l_7c455554: 3661s cycle=139
17:36:29 [S44-HARNESS] heartbeat l_7c455554: 3722s cycle=142
17:37:29 [S44-HARNESS] heartbeat l_7c455554: 3782s cycle=144
17:38:29 [S44-HARNESS] heartbeat l_7c455554: 3842s cycle=146
17:39:29 [S44-HARNESS] heartbeat l_7c455554: 3902s cycle=149
17:40:29 [S44-HARNESS] heartbeat l_7c455554: 3962s cycle=151
17:41:29 [S44-HARNESS] heartbeat l_7c455554: 4022s cycle=153
17:42:29 [S44-HARNESS] heartbeat l_7c455554: 4082s cycle=156
17:43:29 [S44-HARNESS] heartbeat l_7c455554: 4142s cycle=158
17:44:29 [S44-HARNESS] heartbeat l_7c455554: 4202s cycle=161
17:45:29 [S44-HARNESS] heartbeat l_7c455554: 4262s cycle=163
17:46:29 [S44-HARNESS] heartbeat l_7c455554: 4322s cycle=166
17:47:29 [S44-HARNESS] heartbeat l_7c455554: 4382s cycle=168
17:48:29 [S44-HARNESS] heartbeat l_7c455554: 4442s cycle=170
17:49:29 [S44-HARNESS] heartbeat l_7c455554: 4502s cycle=173
17:50:29 [S44-HARNESS] heartbeat l_7c455554: 4562s cycle=175
17:51:29 [S44-HARNESS] heartbeat l_7c455554: 4622s cycle=177
17:52:29 [S44-HARNESS] heartbeat l_7c455554: 4682s cycle=179
17:53:29 [S44-HARNESS] heartbeat l_7c455554: 4742s cycle=182
17:54:29 [S44-HARNESS] heartbeat l_7c455554: 4802s cycle=184
17:55:29 [S44-HARNESS] heartbeat l_7c455554: 4862s cycle=186
17:56:29 [S44-HARNESS] heartbeat l_7c455554: 4922s cycle=188
17:57:29 [S44-HARNESS] heartbeat l_7c455554: 4982s cycle=191
17:58:29 [S44-HARNESS] heartbeat l_7c455554: 5042s cycle=193
17:59:30 [S44-HARNESS] heartbeat l_7c455554: 5102s cycle=195
18:00:30 [S44-HARNESS] heartbeat l_7c455554: 5162s cycle=197
18:01:30 [S44-HARNESS] heartbeat l_7c455554: 5222s cycle=199
18:02:30 [S44-HARNESS] heartbeat l_7c455554: 5282s cycle=202
18:03:30 [S44-HARNESS] heartbeat l_7c455554: 5342s cycle=204
18:04:30 [S44-HARNESS] heartbeat l_7c455554: 5402s cycle=206
18:05:30 [S44-HARNESS] heartbeat l_7c455554: 5462s cycle=209
18:06:30 [S44-HARNESS] heartbeat l_7c455554: 5522s cycle=211
18:07:30 [S44-HARNESS] heartbeat l_7c455554: 5582s cycle=213
18:08:30 [S44-HARNESS] heartbeat l_7c455554: 5642s cycle=215
18:09:30 [S44-HARNESS] heartbeat l_7c455554: 5702s cycle=217
18:10:30 [S44-HARNESS] heartbeat l_7c455554: 5762s cycle=220
18:11:30 [S44-HARNESS] heartbeat l_7c455554: 5822s cycle=222
18:12:30 [S44-HARNESS] heartbeat l_7c455554: 5882s cycle=224
18:13:30 [S44-HARNESS] heartbeat l_7c455554: 5942s cycle=226
18:14:30 [S44-HARNESS] heartbeat l_7c455554: 6002s cycle=229
18:15:30 [S44-HARNESS] heartbeat l_7c455554: 6062s cycle=231
18:16:30 [S44-HARNESS] heartbeat l_7c455554: 6122s cycle=233
18:17:30 [S44-HARNESS] heartbeat l_7c455554: 6183s cycle=235
18:18:30 [S44-HARNESS] heartbeat l_7c455554: 6243s cycle=238
18:19:30 [S44-HARNESS] heartbeat l_7c455554: 6303s cycle=240
18:20:30 [S44-HARNESS] heartbeat l_7c455554: 6363s cycle=242
18:21:30 [S44-HARNESS] heartbeat l_7c455554: 6423s cycle=244
18:22:30 [S44-HARNESS] heartbeat l_7c455554: 6483s cycle=247
18:23:30 [S44-HARNESS] heartbeat l_7c455554: 6543s cycle=249
18:24:30 [S44-HARNESS] heartbeat l_7c455554: 6603s cycle=251
18:25:30 [S44-HARNESS] heartbeat l_7c455554: 6663s cycle=253
18:26:30 [S44-HARNESS] heartbeat l_7c455554: 6723s cycle=255
18:27:30 [S44-HARNESS] heartbeat l_7c455554: 6783s cycle=257
18:28:30 [S44-HARNESS] heartbeat l_7c455554: 6843s cycle=260
18:29:30 [S44-HARNESS] heartbeat l_7c455554: 6903s cycle=262
18:30:30 [S44-HARNESS] heartbeat l_7c455554: 6963s cycle=264
18:31:30 [S44-HARNESS] heartbeat l_7c455554: 7023s cycle=266
18:32:30 [S44-HARNESS] heartbeat l_7c455554: 7083s cycle=269
18:33:30 [S44-HARNESS] heartbeat l_7c455554: 7143s cycle=271
18:34:30 [S44-HARNESS] heartbeat l_7c455554: 7203s cycle=273
18:35:30 [S44-HARNESS] heartbeat l_7c455554: 7263s cycle=275
18:36:30 [S44-HARNESS] heartbeat l_7c455554: 7323s cycle=278
18:37:30 [S44-HARNESS] heartbeat l_7c455554: 7383s cycle=280
18:38:30 [S44-HARNESS] heartbeat l_7c455554: 7443s cycle=282
18:38:35 [S44-HARNESS] finished l_7c455554 pid=12803 exit=0 status=not_certified wall=7448s
18:38:46 [W142-RUN-l_7c455554] gates {'G1_harness_clean': True, 'G2_eval_key': True, 'G3_append_reconcile': True, 'G4_tail_state_check': True, 'G5_solve_profile_reconciled_per_event': True, 'G6_v37_optimal_and_four_metrics': True, 'G7_append_sealed': True, 'G8_persistence_on_production_certificate': True, 'G9_ess_ageing_readback': True, 'G11_acceptance_cross_check': True, 'G13_holds_inert_through_first_pass_held_after': True, 'G14_all_block_capture': True, 'G15_stopping_consistent': True, 'G16_lambda_sidecar_complete': True, 'G17_rule_v6_replay_reproduces_in_cycle': True, 'G18_line_fields_every_cycle': True, 'G19_replay_bitwise_1_k0_every_field': True, 'G20_production_counters_in_per_cycle_record': True, 'G21_creep_captures_complete': True, 'G22_t_sum_in_cycle_equals_stride_and_terminal': True, 'G23_overlap_recorded': True, 'G24_exit_capture_equals_the_solve_records_and_esso_logs': True, 'G24b_clean_capture_equals_the_solve_records_and_esso_logs': True, 'G25_record_status_follows_the_settling_decision': True}
18:38:46 [W142-RUN-l_7c455554] settling v6: status uncertified k* None branch None window None band_width 602.2822692394257 s -1468.8069834709167 t_sum(end) -9247.759614913151 k0_run 173 non-clean cycles [7, 19, 39, 49, 56, 58, 60, 62, 63, 72, 87] floor rejections 0 vetoes 0 cycles 282 record status not_certified
18:38:46 [W142] guards {'w142_checks': {'counts': {'permitted_solve': 0, 'permitted_exec': 0, 'blocked_solve': 0, 'blocked_exec': 0}, 'verify_0_failures': []}, 'w139_checks': {'counts': {'permitted_solve': 0, 'permitted_exec': 0, 'blocked_solve': 0, 'blocked_exec': 0}, 'verify_0_failures': []}, 'w137_checks': {'counts': {'permitted_solve': 0, 'permitted_exec': 0, 'blocked_solve': 0, 'blocked_exec': 0}, 'verify_0_failures': []}, 'w132_checks': {'counts': {'permitted_solve': 0, 'permitted_exec': 0, 'blocked_solve': 0, 'blocked_exec': 0}, 'verify_0_failures': []}, 'w118_checks': {'counts': {'permitted_solve': 0, 'permitted_exec': 0, 'blocked_solve': 0, 'blocked_exec': 0}, 'verify_0_failures': []}, 'w105_checks_imported': {'counts': {'permitted_solve': 0, 'permitted_exec': 0, 'blocked_solve': 0, 'blocked_exec': 0}, 'verify_0_failures': []}, 'w101_checks_imported': {'counts': {'permitted_solve': 0, 'permitted_exec': 0, 'blocked_solve': 0, 'blocked_exec': 0}, 'verify_0_failures': []}, 'w98_checks_imported': {'counts': {'permitted_solve': 0, 'permitted_exec': 0, 'blocked_solve': 0, 'blocked_exec': 0}, 'verify_0_failures': []}, 'w112_imported': {'counts': {'permitted_solve': 0, 'permitted_exec': 0, 'blocked_solve': 0, 'blocked_exec': 0}, 'verify_0_failures': []}, 'w141_swing_variants': {'counts': {'permitted_solve': 0, 'permitted_exec': 0, 'blocked_solve': 0, 'blocked_exec': 0}, 'verify_0_failures': []}, 'w139_v5_from_records': {'counts': {'permitted_solve': 0, 'permitted_exec': 0, 'blocked_solve': 0, 'blocked_exec': 0}, 'verify_0_failures': []}, 'w131_imported': {'counts': {'permitted_solve': 0, 'permitted_exec': 0, 'blocked_solve': 0, 'blocked_exec': 0}, 'verify_0_failures': []}, 'w137_ra_imported': {'counts': {'permitted_solve': 0, 'permitted_exec': 0, 'blocked_solve': 0, 'blocked_exec': 0}, 'verify_0_failures': []}, 'alpha_row_launcher': {'counts': {'permitted_solve': 0, 'permitted_exec': 0, 'blocked_solve': 0, 'blocked_exec': 0}, 'verify_0_failures': []}, 'w86_launcher': {'counts': {'permitted_solve': 0, 'permitted_exec': 0, 'blocked_solve': 0, 'blocked_exec': 0}, 'verify_0_failures': []}, 'w87': {'counts': {'permitted_solve': 0, 'permitted_exec': 0, 'blocked_solve': 0, 'blocked_exec': 0}, 'verify_0_failures': []}, 'w88': {'counts': {'permitted_solve': 0, 'permitted_exec': 0, 'blocked_solve': 0, 'blocked_exec': 0}, 'verify_0_failures': []}, 'w89_step1': {'counts': {'permitted_solve': 0, 'permitted_exec': 0, 'blocked_solve': 0, 'blocked_exec': 0}, 'verify_0_failures': []}, 'w89_3x3_launcher': {'counts': {'permitted_solve': 0, 'permitted_exec': 0, 'blocked_solve': 0, 'blocked_exec': 0}, 'verify_0_failures': []}, 'w90_3x3_parent': {'counts': {'permitted_solve': 0, 'permitted_exec': 0, 'blocked_solve': 0, 'blocked_exec': 0}, 'verify_0_failures': []}, 'w98_parent': {'counts': {'permitted_solve': 0, 'permitted_exec': 0, 'blocked_solve': 0, 'blocked_exec': 0}, 'verify_0_failures': []}, 'w101_parent': {'counts': {'permitted_solve': 0, 'permitted_exec': 0, 'blocked_solve': 0, 'blocked_exec': 0}, 'verify_0_failures': []}, 'w118_parent': {'counts': {'permitted_solve': 0, 'permitted_exec': 0, 'blocked_solve': 0, 'blocked_exec': 0}, 'verify_0_failures': []}, 'w132_parent': {'counts': {'permitted_solve': 0, 'permitted_exec': 0, 'blocked_solve': 0, 'blocked_exec': 0}, 'verify_0_failures': []}, 'w137_parent': {'counts': {'permitted_solve': 0, 'permitted_exec': 0, 'blocked_solve': 0, 'blocked_exec': 0}, 'verify_0_failures': []}, 'w139_parent': {'counts': {'permitted_solve': 0, 'permitted_exec': 0, 'blocked_solve': 0, 'blocked_exec': 0}, 'verify_0_failures': []}, 'w142_parent': {'counts': {'permitted_solve': 0, 'permitted_exec': 0, 'blocked_solve': 0, 'blocked_exec': 0}, 'verify_0_failures': []}} wall=7612s
