18:43:28 [W142-RUN-l_b2251bc5] memory preflight: available 18.193984985351562 GiB required 3.50 GiB -> PASS
18:43:28 [W142-RUN-l_b2251bc5] P5.15 Addendum 61, W142 -- v6 re-settling campaign (34 cells: the eight remaining break-even-fit D cells, claim groups 2 and 4) under the current production configuration: gated cells replayed bitwise against their original record through the first residual pass k0 (abort on the first divergence), the G cells as first C2 evaluations; the certifying regime held after the run's first residual pass (AA off, tight tail on, rho frozen); settling rule v6 (v5 -- reading gamma, window (a), certification vetoed while a NON-CLEAN cycle lies in the last W cycles the test reads, clean within 10x the tail tolerances -- with the swing noise floor tau/10: swings below it excluded from the "not growing" comparison, and a sign change closing a swing below it registering no turning point; gap clause; amended monotone branch) until it certifies or the cap; W105 captures, per-cycle t_sum and Q_cc, the IPOPT exit, final attempt tier and final metrics of every block of every cycle; cell l_b2251bc5 (#33) eval_key abf4ac0af85dcb5e45d25291570824e42f45814d32b7ea3f51340041aca845fd; cap 320; lock {'pid': 30802, 'campaign_id': 's53_w142_resettle_v6_l_b2251bc5', 'campaign_spec_sha256': '4abd76ab9d45feeecf5f35598b70bb9386ae3f61a5ae08a0597b170112758ff3', 'started_utc': '2026-10-03T18:43:28.602636+00:00'}
18:43:28 [S44-HARNESS] launched l_b2251bc5 (key c29e38c3813f2e52) pid=31346
18:43:28 [S44-HARNESS] heartbeat l_b2251bc5: 0s cycle=None
18:44:28 [S44-HARNESS] heartbeat l_b2251bc5: 60s cycle=None
18:45:28 [S44-HARNESS] heartbeat l_b2251bc5: 120s cycle=2
18:46:28 [S44-HARNESS] heartbeat l_b2251bc5: 180s cycle=4
18:47:28 [S44-HARNESS] heartbeat l_b2251bc5: 240s cycle=6
18:48:28 [S44-HARNESS] heartbeat l_b2251bc5: 300s cycle=8
18:49:28 [S44-HARNESS] heartbeat l_b2251bc5: 360s cycle=10
18:50:28 [S44-HARNESS] heartbeat l_b2251bc5: 420s cycle=12
18:51:28 [S44-HARNESS] heartbeat l_b2251bc5: 480s cycle=14
18:52:28 [S44-HARNESS] heartbeat l_b2251bc5: 540s cycle=16
18:53:28 [S44-HARNESS] heartbeat l_b2251bc5: 600s cycle=18
18:54:28 [S44-HARNESS] heartbeat l_b2251bc5: 660s cycle=20
18:55:28 [S44-HARNESS] heartbeat l_b2251bc5: 720s cycle=23
18:56:28 [S44-HARNESS] heartbeat l_b2251bc5: 780s cycle=25
18:57:28 [S44-HARNESS] heartbeat l_b2251bc5: 840s cycle=27
18:58:28 [S44-HARNESS] heartbeat l_b2251bc5: 900s cycle=29
18:59:28 [S44-HARNESS] heartbeat l_b2251bc5: 960s cycle=31
19:00:29 [S44-HARNESS] heartbeat l_b2251bc5: 1020s cycle=33
19:01:29 [S44-HARNESS] heartbeat l_b2251bc5: 1080s cycle=35
19:02:29 [S44-HARNESS] heartbeat l_b2251bc5: 1140s cycle=38
19:03:29 [S44-HARNESS] heartbeat l_b2251bc5: 1200s cycle=40
19:04:29 [S44-HARNESS] heartbeat l_b2251bc5: 1261s cycle=41
19:05:29 [S44-HARNESS] heartbeat l_b2251bc5: 1321s cycle=44
19:06:29 [S44-HARNESS] heartbeat l_b2251bc5: 1381s cycle=46
19:07:29 [S44-HARNESS] heartbeat l_b2251bc5: 1441s cycle=48
19:08:29 [S44-HARNESS] heartbeat l_b2251bc5: 1501s cycle=50
19:09:29 [S44-HARNESS] heartbeat l_b2251bc5: 1561s cycle=52
19:10:29 [S44-HARNESS] heartbeat l_b2251bc5: 1621s cycle=54
19:11:29 [S44-HARNESS] heartbeat l_b2251bc5: 1681s cycle=57
19:12:29 [S44-HARNESS] heartbeat l_b2251bc5: 1741s cycle=59
19:13:29 [S44-HARNESS] heartbeat l_b2251bc5: 1801s cycle=61
19:14:29 [S44-HARNESS] heartbeat l_b2251bc5: 1861s cycle=63
19:15:29 [S44-HARNESS] heartbeat l_b2251bc5: 1921s cycle=65
19:16:29 [S44-HARNESS] heartbeat l_b2251bc5: 1981s cycle=68
19:17:29 [S44-HARNESS] heartbeat l_b2251bc5: 2041s cycle=70
19:18:29 [S44-HARNESS] heartbeat l_b2251bc5: 2101s cycle=72
19:19:29 [S44-HARNESS] heartbeat l_b2251bc5: 2161s cycle=74
19:20:29 [S44-HARNESS] heartbeat l_b2251bc5: 2221s cycle=76
19:21:29 [S44-HARNESS] heartbeat l_b2251bc5: 2281s cycle=78
19:22:29 [S44-HARNESS] heartbeat l_b2251bc5: 2341s cycle=80
19:23:29 [S44-HARNESS] heartbeat l_b2251bc5: 2401s cycle=83
19:24:29 [S44-HARNESS] heartbeat l_b2251bc5: 2461s cycle=85
19:25:29 [S44-HARNESS] heartbeat l_b2251bc5: 2521s cycle=87
19:26:29 [S44-HARNESS] heartbeat l_b2251bc5: 2581s cycle=89
19:27:29 [S44-HARNESS] heartbeat l_b2251bc5: 2641s cycle=91
19:28:29 [S44-HARNESS] heartbeat l_b2251bc5: 2701s cycle=94
19:29:29 [S44-HARNESS] heartbeat l_b2251bc5: 2761s cycle=96
19:30:29 [S44-HARNESS] heartbeat l_b2251bc5: 2821s cycle=98
19:31:29 [S44-HARNESS] heartbeat l_b2251bc5: 2881s cycle=100
19:32:29 [S44-HARNESS] heartbeat l_b2251bc5: 2941s cycle=103
19:33:29 [S44-HARNESS] heartbeat l_b2251bc5: 3001s cycle=105
19:34:29 [S44-HARNESS] heartbeat l_b2251bc5: 3061s cycle=107
19:35:29 [S44-HARNESS] heartbeat l_b2251bc5: 3121s cycle=109
19:36:29 [S44-HARNESS] heartbeat l_b2251bc5: 3181s cycle=111
19:37:29 [S44-HARNESS] heartbeat l_b2251bc5: 3241s cycle=113
19:38:29 [S44-HARNESS] heartbeat l_b2251bc5: 3301s cycle=116
19:39:29 [S44-HARNESS] heartbeat l_b2251bc5: 3361s cycle=118
19:40:30 [S44-HARNESS] heartbeat l_b2251bc5: 3421s cycle=120
19:41:30 [S44-HARNESS] heartbeat l_b2251bc5: 3481s cycle=122
19:42:30 [S44-HARNESS] heartbeat l_b2251bc5: 3541s cycle=124
19:43:30 [S44-HARNESS] heartbeat l_b2251bc5: 3601s cycle=126
19:44:30 [S44-HARNESS] heartbeat l_b2251bc5: 3661s cycle=129
19:45:30 [S44-HARNESS] heartbeat l_b2251bc5: 3722s cycle=131
19:46:30 [S44-HARNESS] heartbeat l_b2251bc5: 3782s cycle=133
19:47:30 [S44-HARNESS] heartbeat l_b2251bc5: 3842s cycle=135
19:48:30 [S44-HARNESS] heartbeat l_b2251bc5: 3902s cycle=138
19:49:30 [S44-HARNESS] heartbeat l_b2251bc5: 3962s cycle=140
19:50:30 [S44-HARNESS] heartbeat l_b2251bc5: 4022s cycle=142
19:51:30 [S44-HARNESS] heartbeat l_b2251bc5: 4082s cycle=144
19:52:30 [S44-HARNESS] heartbeat l_b2251bc5: 4142s cycle=147
19:53:30 [S44-HARNESS] heartbeat l_b2251bc5: 4202s cycle=149
19:54:30 [S44-HARNESS] heartbeat l_b2251bc5: 4262s cycle=151
19:55:30 [S44-HARNESS] heartbeat l_b2251bc5: 4322s cycle=153
19:56:30 [S44-HARNESS] heartbeat l_b2251bc5: 4382s cycle=155
19:57:30 [S44-HARNESS] heartbeat l_b2251bc5: 4442s cycle=158
19:58:30 [S44-HARNESS] heartbeat l_b2251bc5: 4502s cycle=160
19:59:30 [S44-HARNESS] heartbeat l_b2251bc5: 4562s cycle=162
20:00:30 [S44-HARNESS] heartbeat l_b2251bc5: 4622s cycle=165
20:01:30 [S44-HARNESS] heartbeat l_b2251bc5: 4682s cycle=167
20:02:30 [S44-HARNESS] heartbeat l_b2251bc5: 4742s cycle=169
20:03:30 [S44-HARNESS] heartbeat l_b2251bc5: 4802s cycle=171
20:04:30 [S44-HARNESS] heartbeat l_b2251bc5: 4862s cycle=173
20:05:30 [S44-HARNESS] heartbeat l_b2251bc5: 4922s cycle=176
20:06:30 [S44-HARNESS] heartbeat l_b2251bc5: 4982s cycle=178
20:07:30 [S44-HARNESS] heartbeat l_b2251bc5: 5042s cycle=180
20:08:30 [S44-HARNESS] heartbeat l_b2251bc5: 5102s cycle=182
20:09:30 [S44-HARNESS] heartbeat l_b2251bc5: 5162s cycle=184
20:10:30 [S44-HARNESS] heartbeat l_b2251bc5: 5222s cycle=187
20:11:30 [S44-HARNESS] heartbeat l_b2251bc5: 5282s cycle=189
20:12:30 [S44-HARNESS] heartbeat l_b2251bc5: 5342s cycle=191
20:13:30 [S44-HARNESS] heartbeat l_b2251bc5: 5402s cycle=194
20:14:30 [S44-HARNESS] heartbeat l_b2251bc5: 5462s cycle=196
20:15:30 [S44-HARNESS] heartbeat l_b2251bc5: 5522s cycle=198
20:16:30 [S44-HARNESS] heartbeat l_b2251bc5: 5582s cycle=201
20:17:30 [S44-HARNESS] heartbeat l_b2251bc5: 5642s cycle=203
20:18:30 [S44-HARNESS] heartbeat l_b2251bc5: 5702s cycle=205
20:19:30 [S44-HARNESS] heartbeat l_b2251bc5: 5762s cycle=207
20:20:30 [S44-HARNESS] heartbeat l_b2251bc5: 5822s cycle=210
20:21:31 [S44-HARNESS] heartbeat l_b2251bc5: 5882s cycle=212
20:22:31 [S44-HARNESS] heartbeat l_b2251bc5: 5942s cycle=214
20:23:31 [S44-HARNESS] heartbeat l_b2251bc5: 6002s cycle=216
20:24:31 [S44-HARNESS] heartbeat l_b2251bc5: 6062s cycle=218
20:25:31 [S44-HARNESS] heartbeat l_b2251bc5: 6123s cycle=220
20:26:31 [S44-HARNESS] heartbeat l_b2251bc5: 6183s cycle=222
20:27:31 [S44-HARNESS] heartbeat l_b2251bc5: 6243s cycle=224
20:28:31 [S44-HARNESS] heartbeat l_b2251bc5: 6303s cycle=227
20:29:31 [S44-HARNESS] heartbeat l_b2251bc5: 6363s cycle=229
20:30:31 [S44-HARNESS] heartbeat l_b2251bc5: 6423s cycle=231
20:31:31 [S44-HARNESS] heartbeat l_b2251bc5: 6483s cycle=233
20:32:31 [S44-HARNESS] heartbeat l_b2251bc5: 6543s cycle=235
20:33:31 [S44-HARNESS] heartbeat l_b2251bc5: 6603s cycle=237
20:34:31 [S44-HARNESS] heartbeat l_b2251bc5: 6663s cycle=239
20:35:31 [S44-HARNESS] heartbeat l_b2251bc5: 6723s cycle=242
20:36:31 [S44-HARNESS] heartbeat l_b2251bc5: 6783s cycle=244
20:37:31 [S44-HARNESS] heartbeat l_b2251bc5: 6843s cycle=246
20:38:31 [S44-HARNESS] heartbeat l_b2251bc5: 6903s cycle=248
20:39:31 [S44-HARNESS] heartbeat l_b2251bc5: 6963s cycle=250
20:40:31 [S44-HARNESS] heartbeat l_b2251bc5: 7023s cycle=252
20:41:31 [S44-HARNESS] heartbeat l_b2251bc5: 7083s cycle=254
20:42:31 [S44-HARNESS] heartbeat l_b2251bc5: 7143s cycle=256
20:43:31 [S44-HARNESS] heartbeat l_b2251bc5: 7203s cycle=258
20:44:31 [S44-HARNESS] heartbeat l_b2251bc5: 7263s cycle=260
20:45:31 [S44-HARNESS] heartbeat l_b2251bc5: 7323s cycle=263
20:46:31 [S44-HARNESS] heartbeat l_b2251bc5: 7383s cycle=265
20:47:31 [S44-HARNESS] heartbeat l_b2251bc5: 7443s cycle=267
20:48:31 [S44-HARNESS] heartbeat l_b2251bc5: 7503s cycle=269
20:49:31 [S44-HARNESS] heartbeat l_b2251bc5: 7563s cycle=271
20:50:31 [S44-HARNESS] heartbeat l_b2251bc5: 7623s cycle=273
20:51:31 [S44-HARNESS] heartbeat l_b2251bc5: 7683s cycle=275
20:52:31 [S44-HARNESS] heartbeat l_b2251bc5: 7743s cycle=277
20:53:31 [S44-HARNESS] heartbeat l_b2251bc5: 7803s cycle=279
20:54:31 [S44-HARNESS] heartbeat l_b2251bc5: 7863s cycle=281
20:55:31 [S44-HARNESS] heartbeat l_b2251bc5: 7923s cycle=283
20:56:31 [S44-HARNESS] heartbeat l_b2251bc5: 7983s cycle=285
20:57:31 [S44-HARNESS] heartbeat l_b2251bc5: 8043s cycle=287
20:58:31 [S44-HARNESS] heartbeat l_b2251bc5: 8103s cycle=289
20:59:31 [S44-HARNESS] heartbeat l_b2251bc5: 8163s cycle=291
21:00:31 [S44-HARNESS] heartbeat l_b2251bc5: 8223s cycle=293
21:01:32 [S44-HARNESS] heartbeat l_b2251bc5: 8283s cycle=295
21:02:32 [S44-HARNESS] heartbeat l_b2251bc5: 8343s cycle=297
21:03:32 [S44-HARNESS] heartbeat l_b2251bc5: 8403s cycle=299
21:04:32 [S44-HARNESS] heartbeat l_b2251bc5: 8463s cycle=300
21:05:32 [S44-HARNESS] heartbeat l_b2251bc5: 8524s cycle=302
21:06:32 [S44-HARNESS] heartbeat l_b2251bc5: 8584s cycle=304
21:07:32 [S44-HARNESS] heartbeat l_b2251bc5: 8644s cycle=306
21:08:32 [S44-HARNESS] heartbeat l_b2251bc5: 8704s cycle=308
21:09:32 [S44-HARNESS] heartbeat l_b2251bc5: 8764s cycle=310
21:10:32 [S44-HARNESS] heartbeat l_b2251bc5: 8824s cycle=312
21:11:32 [S44-HARNESS] heartbeat l_b2251bc5: 8884s cycle=314
21:12:32 [S44-HARNESS] heartbeat l_b2251bc5: 8944s cycle=316
21:13:32 [S44-HARNESS] heartbeat l_b2251bc5: 9004s cycle=318
21:14:27 [S44-HARNESS] finished l_b2251bc5 pid=31346 exit=0 status=not_certified wall=9059s
21:14:40 [W142-RUN-l_b2251bc5] gates {'G1_harness_clean': True, 'G2_eval_key': True, 'G3_append_reconcile': True, 'G4_tail_state_check': True, 'G5_solve_profile_reconciled_per_event': True, 'G6_v37_optimal_and_four_metrics': True, 'G7_append_sealed': True, 'G8_persistence_on_production_certificate': True, 'G9_ess_ageing_readback': True, 'G11_acceptance_cross_check': True, 'G13_holds_inert_through_first_pass_held_after': True, 'G14_all_block_capture': True, 'G15_stopping_consistent': True, 'G16_lambda_sidecar_complete': True, 'G17_rule_v6_replay_reproduces_in_cycle': True, 'G18_line_fields_every_cycle': True, 'G19_replay_bitwise_1_k0_every_field': True, 'G20_production_counters_in_per_cycle_record': True, 'G21_creep_captures_complete': True, 'G22_t_sum_in_cycle_equals_stride_and_terminal': True, 'G23_overlap_recorded': True, 'G24_exit_capture_equals_the_solve_records_and_esso_logs': True, 'G24b_clean_capture_equals_the_solve_records_and_esso_logs': True, 'G25_record_status_follows_the_settling_decision': True}
21:14:40 [W142-RUN-l_b2251bc5] settling v6: status uncertified k* None branch None window None band_width 731.3315114974976 s -2335.0076694488525 t_sum(end) -9401.855473722539 k0_run 211 non-clean cycles [31, 33, 110] floor rejections 0 vetoes 0 cycles 320 record status not_certified
21:14:40 [W142] guards {'w142_checks': {'counts': {'permitted_solve': 0, 'permitted_exec': 0, 'blocked_solve': 0, 'blocked_exec': 0}, 'verify_0_failures': []}, 'w139_checks': {'counts': {'permitted_solve': 0, 'permitted_exec': 0, 'blocked_solve': 0, 'blocked_exec': 0}, 'verify_0_failures': []}, 'w137_checks': {'counts': {'permitted_solve': 0, 'permitted_exec': 0, 'blocked_solve': 0, 'blocked_exec': 0}, 'verify_0_failures': []}, 'w132_checks': {'counts': {'permitted_solve': 0, 'permitted_exec': 0, 'blocked_solve': 0, 'blocked_exec': 0}, 'verify_0_failures': []}, 'w118_checks': {'counts': {'permitted_solve': 0, 'permitted_exec': 0, 'blocked_solve': 0, 'blocked_exec': 0}, 'verify_0_failures': []}, 'w105_checks_imported': {'counts': {'permitted_solve': 0, 'permitted_exec': 0, 'blocked_solve': 0, 'blocked_exec': 0}, 'verify_0_failures': []}, 'w101_checks_imported': {'counts': {'permitted_solve': 0, 'permitted_exec': 0, 'blocked_solve': 0, 'blocked_exec': 0}, 'verify_0_failures': []}, 'w98_checks_imported': {'counts': {'permitted_solve': 0, 'permitted_exec': 0, 'blocked_solve': 0, 'blocked_exec': 0}, 'verify_0_failures': []}, 'w112_imported': {'counts': {'permitted_solve': 0, 'permitted_exec': 0, 'blocked_solve': 0, 'blocked_exec': 0}, 'verify_0_failures': []}, 'w141_swing_variants': {'counts': {'permitted_solve': 0, 'permitted_exec': 0, 'blocked_solve': 0, 'blocked_exec': 0}, 'verify_0_failures': []}, 'w139_v5_from_records': {'counts': {'permitted_solve': 0, 'permitted_exec': 0, 'blocked_solve': 0, 'blocked_exec': 0}, 'verify_0_failures': []}, 'w131_imported': {'counts': {'permitted_solve': 0, 'permitted_exec': 0, 'blocked_solve': 0, 'blocked_exec': 0}, 'verify_0_failures': []}, 'w137_ra_imported': {'counts': {'permitted_solve': 0, 'permitted_exec': 0, 'blocked_solve': 0, 'blocked_exec': 0}, 'verify_0_failures': []}, 'alpha_row_launcher': {'counts': {'permitted_solve': 0, 'permitted_exec': 0, 'blocked_solve': 0, 'blocked_exec': 0}, 'verify_0_failures': []}, 'w86_launcher': {'counts': {'permitted_solve': 0, 'permitted_exec': 0, 'blocked_solve': 0, 'blocked_exec': 0}, 'verify_0_failures': []}, 'w87': {'counts': {'permitted_solve': 0, 'permitted_exec': 0, 'blocked_solve': 0, 'blocked_exec': 0}, 'verify_0_failures': []}, 'w88': {'counts': {'permitted_solve': 0, 'permitted_exec': 0, 'blocked_solve': 0, 'blocked_exec': 0}, 'verify_0_failures': []}, 'w89_step1': {'counts': {'permitted_solve': 0, 'permitted_exec': 0, 'blocked_solve': 0, 'blocked_exec': 0}, 'verify_0_failures': []}, 'w89_3x3_launcher': {'counts': {'permitted_solve': 0, 'permitted_exec': 0, 'blocked_solve': 0, 'blocked_exec': 0}, 'verify_0_failures': []}, 'w90_3x3_parent': {'counts': {'permitted_solve': 0, 'permitted_exec': 0, 'blocked_solve': 0, 'blocked_exec': 0}, 'verify_0_failures': []}, 'w98_parent': {'counts': {'permitted_solve': 0, 'permitted_exec': 0, 'blocked_solve': 0, 'blocked_exec': 0}, 'verify_0_failures': []}, 'w101_parent': {'counts': {'permitted_solve': 0, 'permitted_exec': 0, 'blocked_solve': 0, 'blocked_exec': 0}, 'verify_0_failures': []}, 'w118_parent': {'counts': {'permitted_solve': 0, 'permitted_exec': 0, 'blocked_solve': 0, 'blocked_exec': 0}, 'verify_0_failures': []}, 'w132_parent': {'counts': {'permitted_solve': 0, 'permitted_exec': 0, 'blocked_solve': 0, 'blocked_exec': 0}, 'verify_0_failures': []}, 'w137_parent': {'counts': {'permitted_solve': 0, 'permitted_exec': 0, 'blocked_solve': 0, 'blocked_exec': 0}, 'verify_0_failures': []}, 'w139_parent': {'counts': {'permitted_solve': 0, 'permitted_exec': 0, 'blocked_solve': 0, 'blocked_exec': 0}, 'verify_0_failures': []}, 'w142_parent': {'counts': {'permitted_solve': 0, 'permitted_exec': 0, 'blocked_solve': 0, 'blocked_exec': 0}, 'verify_0_failures': []}} wall=9224s
