12:33:48 [W142-RUN-d_a12d95a2] memory preflight: available 16.925125122070312 GiB required 3.50 GiB -> PASS
12:33:48 [W142-RUN-d_a12d95a2] P5.15 Addendum 61, W142 -- v6 re-settling campaign (34 cells: the eight remaining break-even-fit D cells, claim groups 2 and 4) under the current production configuration: gated cells replayed bitwise against their original record through the first residual pass k0 (abort on the first divergence), the G cells as first C2 evaluations; the certifying regime held after the run's first residual pass (AA off, tight tail on, rho frozen); settling rule v6 (v5 -- reading gamma, window (a), certification vetoed while a NON-CLEAN cycle lies in the last W cycles the test reads, clean within 10x the tail tolerances -- with the swing noise floor tau/10: swings below it excluded from the "not growing" comparison, and a sign change closing a swing below it registering no turning point; gap clause; amended monotone branch) until it certifies or the cap; W105 captures, per-cycle t_sum and Q_cc, the IPOPT exit, final attempt tier and final metrics of every block of every cycle; cell d_a12d95a2 (#5) eval_key 9bc66d9ed4863f397b51c787e7be6ffaeb5c3456610570bc41cfb3335ae9f417; cap 203; lock {'pid': 38944, 'campaign_id': 's53_w142_resettle_v6_d_a12d95a2', 'campaign_spec_sha256': '2e36394219121598d48a028cb5dd7bcefb1c4b6c976f9f24271444747ba36617', 'started_utc': '2026-10-01T12:33:48.253129+00:00'}
12:33:48 [S44-HARNESS] launched d_a12d95a2 (key 423e5a7f623eb106) pid=39507
12:33:48 [S44-HARNESS] heartbeat d_a12d95a2: 0s cycle=None
12:34:48 [S44-HARNESS] heartbeat d_a12d95a2: 60s cycle=None
12:35:48 [S44-HARNESS] heartbeat d_a12d95a2: 120s cycle=3
12:36:48 [S44-HARNESS] heartbeat d_a12d95a2: 180s cycle=5
12:37:48 [S44-HARNESS] heartbeat d_a12d95a2: 240s cycle=7
12:38:48 [S44-HARNESS] heartbeat d_a12d95a2: 300s cycle=9
12:39:48 [S44-HARNESS] heartbeat d_a12d95a2: 360s cycle=12
12:40:48 [S44-HARNESS] heartbeat d_a12d95a2: 420s cycle=14
12:41:48 [S44-HARNESS] heartbeat d_a12d95a2: 480s cycle=16
12:42:48 [S44-HARNESS] heartbeat d_a12d95a2: 540s cycle=19
12:43:48 [S44-HARNESS] heartbeat d_a12d95a2: 600s cycle=21
12:44:48 [S44-HARNESS] heartbeat d_a12d95a2: 660s cycle=23
12:45:48 [S44-HARNESS] heartbeat d_a12d95a2: 720s cycle=26
12:46:48 [S44-HARNESS] heartbeat d_a12d95a2: 780s cycle=28
12:47:48 [S44-HARNESS] heartbeat d_a12d95a2: 840s cycle=30
12:48:48 [S44-HARNESS] heartbeat d_a12d95a2: 900s cycle=33
12:49:48 [S44-HARNESS] heartbeat d_a12d95a2: 960s cycle=35
12:50:48 [S44-HARNESS] heartbeat d_a12d95a2: 1020s cycle=37
12:51:48 [S44-HARNESS] heartbeat d_a12d95a2: 1080s cycle=39
12:52:48 [S44-HARNESS] heartbeat d_a12d95a2: 1140s cycle=42
12:53:48 [S44-HARNESS] heartbeat d_a12d95a2: 1200s cycle=44
12:54:48 [S44-HARNESS] heartbeat d_a12d95a2: 1261s cycle=46
12:55:48 [S44-HARNESS] heartbeat d_a12d95a2: 1321s cycle=49
12:56:48 [S44-HARNESS] heartbeat d_a12d95a2: 1381s cycle=51
12:57:48 [S44-HARNESS] heartbeat d_a12d95a2: 1441s cycle=54
12:58:48 [S44-HARNESS] heartbeat d_a12d95a2: 1501s cycle=56
12:59:48 [S44-HARNESS] heartbeat d_a12d95a2: 1561s cycle=58
13:00:48 [S44-HARNESS] heartbeat d_a12d95a2: 1621s cycle=60
13:01:48 [S44-HARNESS] heartbeat d_a12d95a2: 1681s cycle=63
13:02:48 [S44-HARNESS] heartbeat d_a12d95a2: 1741s cycle=65
13:03:48 [S44-HARNESS] heartbeat d_a12d95a2: 1801s cycle=67
13:04:48 [S44-HARNESS] heartbeat d_a12d95a2: 1861s cycle=69
13:05:48 [S44-HARNESS] heartbeat d_a12d95a2: 1921s cycle=71
13:06:48 [S44-HARNESS] heartbeat d_a12d95a2: 1981s cycle=74
13:07:49 [S44-HARNESS] heartbeat d_a12d95a2: 2041s cycle=76
13:08:49 [S44-HARNESS] heartbeat d_a12d95a2: 2101s cycle=79
13:09:49 [S44-HARNESS] heartbeat d_a12d95a2: 2161s cycle=81
13:10:49 [S44-HARNESS] heartbeat d_a12d95a2: 2221s cycle=84
13:11:49 [S44-HARNESS] heartbeat d_a12d95a2: 2281s cycle=86
13:12:49 [S44-HARNESS] heartbeat d_a12d95a2: 2341s cycle=88
13:13:49 [S44-HARNESS] heartbeat d_a12d95a2: 2401s cycle=91
13:14:49 [S44-HARNESS] heartbeat d_a12d95a2: 2461s cycle=93
13:15:49 [S44-HARNESS] heartbeat d_a12d95a2: 2521s cycle=96
13:16:49 [S44-HARNESS] heartbeat d_a12d95a2: 2581s cycle=98
13:17:49 [S44-HARNESS] heartbeat d_a12d95a2: 2641s cycle=100
13:18:49 [S44-HARNESS] heartbeat d_a12d95a2: 2701s cycle=103
13:19:49 [S44-HARNESS] heartbeat d_a12d95a2: 2761s cycle=105
13:20:49 [S44-HARNESS] heartbeat d_a12d95a2: 2821s cycle=108
13:21:49 [S44-HARNESS] heartbeat d_a12d95a2: 2881s cycle=110
13:22:49 [S44-HARNESS] heartbeat d_a12d95a2: 2941s cycle=112
13:23:49 [S44-HARNESS] heartbeat d_a12d95a2: 3001s cycle=115
13:24:49 [S44-HARNESS] heartbeat d_a12d95a2: 3061s cycle=117
13:25:49 [S44-HARNESS] heartbeat d_a12d95a2: 3121s cycle=120
13:26:49 [S44-HARNESS] heartbeat d_a12d95a2: 3181s cycle=122
13:27:49 [S44-HARNESS] heartbeat d_a12d95a2: 3241s cycle=125
13:28:49 [S44-HARNESS] heartbeat d_a12d95a2: 3301s cycle=127
13:29:49 [S44-HARNESS] heartbeat d_a12d95a2: 3361s cycle=129
13:30:49 [S44-HARNESS] heartbeat d_a12d95a2: 3421s cycle=131
13:31:49 [S44-HARNESS] heartbeat d_a12d95a2: 3481s cycle=134
13:32:49 [S44-HARNESS] heartbeat d_a12d95a2: 3541s cycle=136
13:33:49 [S44-HARNESS] heartbeat d_a12d95a2: 3601s cycle=138
13:34:49 [S44-HARNESS] heartbeat d_a12d95a2: 3661s cycle=141
13:35:49 [S44-HARNESS] heartbeat d_a12d95a2: 3721s cycle=143
13:36:49 [S44-HARNESS] heartbeat d_a12d95a2: 3781s cycle=145
13:37:49 [S44-HARNESS] heartbeat d_a12d95a2: 3841s cycle=147
13:38:49 [S44-HARNESS] heartbeat d_a12d95a2: 3901s cycle=150
13:39:49 [S44-HARNESS] heartbeat d_a12d95a2: 3961s cycle=152
13:40:49 [S44-HARNESS] heartbeat d_a12d95a2: 4021s cycle=154
13:41:49 [S44-HARNESS] heartbeat d_a12d95a2: 4082s cycle=156
13:42:49 [S44-HARNESS] heartbeat d_a12d95a2: 4142s cycle=159
13:43:49 [S44-HARNESS] heartbeat d_a12d95a2: 4202s cycle=161
13:44:49 [S44-HARNESS] heartbeat d_a12d95a2: 4262s cycle=163
13:45:49 [S44-HARNESS] heartbeat d_a12d95a2: 4322s cycle=165
13:46:49 [S44-HARNESS] heartbeat d_a12d95a2: 4382s cycle=168
13:47:49 [S44-HARNESS] heartbeat d_a12d95a2: 4442s cycle=170
13:48:49 [S44-HARNESS] heartbeat d_a12d95a2: 4502s cycle=172
13:49:49 [S44-HARNESS] heartbeat d_a12d95a2: 4562s cycle=174
13:50:49 [S44-HARNESS] heartbeat d_a12d95a2: 4622s cycle=177
13:51:49 [S44-HARNESS] heartbeat d_a12d95a2: 4682s cycle=179
13:52:49 [S44-HARNESS] heartbeat d_a12d95a2: 4742s cycle=181
13:53:49 [S44-HARNESS] heartbeat d_a12d95a2: 4802s cycle=184
13:54:50 [S44-HARNESS] heartbeat d_a12d95a2: 4862s cycle=186
13:55:50 [S44-HARNESS] heartbeat d_a12d95a2: 4922s cycle=188
13:56:50 [S44-HARNESS] heartbeat d_a12d95a2: 4982s cycle=191
13:57:50 [S44-HARNESS] heartbeat d_a12d95a2: 5042s cycle=193
13:58:50 [S44-HARNESS] heartbeat d_a12d95a2: 5102s cycle=195
13:59:50 [S44-HARNESS] heartbeat d_a12d95a2: 5162s cycle=198
14:00:50 [S44-HARNESS] heartbeat d_a12d95a2: 5222s cycle=200
14:01:50 [S44-HARNESS] heartbeat d_a12d95a2: 5282s cycle=203
14:02:05 [S44-HARNESS] finished d_a12d95a2 pid=39507 exit=0 status=not_certified wall=5297s
14:02:13 [W142-RUN-d_a12d95a2] gates {'G1_harness_clean': True, 'G2_eval_key': True, 'G3_append_reconcile': True, 'G4_tail_state_check': True, 'G5_solve_profile_reconciled_per_event': True, 'G6_v37_optimal_and_four_metrics': True, 'G7_append_sealed': True, 'G8_persistence_on_production_certificate': True, 'G9_ess_ageing_readback': True, 'G11_acceptance_cross_check': True, 'G13_holds_inert_through_first_pass_held_after': True, 'G14_all_block_capture': True, 'G15_stopping_consistent': True, 'G16_lambda_sidecar_complete': True, 'G17_rule_v6_replay_reproduces_in_cycle': True, 'G18_line_fields_every_cycle': True, 'G19_replay_bitwise_1_k0_every_field': True, 'G20_production_counters_in_per_cycle_record': True, 'G21_creep_captures_complete': True, 'G22_t_sum_in_cycle_equals_stride_and_terminal': True, 'G23_overlap_recorded': True, 'G24_exit_capture_equals_the_solve_records_and_esso_logs': True, 'G24b_clean_capture_equals_the_solve_records_and_esso_logs': True, 'G25_record_status_follows_the_settling_decision': True, 'G27_planner_a61_d_cell_certifies_under_v6': False}
14:02:13 [W142-RUN-d_a12d95a2] settling v6: status uncertified k* None branch None window None band_width 5316.470354437828 s 8078.616846084595 t_sum(end) 462.9013525260397 k0_run 94 non-clean cycles [11, 22, 25, 41, 51, 87, 107, 127] floor rejections 0 vetoes 0 cycles 203 record status not_certified
14:02:13 [W142-RUN-d_a12d95a2] RECORDED PREDICTION FAILED: ['G27_planner_a61_d_cell_certifies_under_v6'] {'parts': {'decision_is_version_6': True, 'certified': False}, 'status': 'uncertified', 'k_star': None, 'reasons': ['insufficient_turning_points', 'monotone_window_not_reached'], 'cell': 'd_a12d95a2'} -- STOP FOR THE PLANNER
14:02:13 [W142] guards {'w142_checks': {'counts': {'permitted_solve': 0, 'permitted_exec': 0, 'blocked_solve': 0, 'blocked_exec': 0}, 'verify_0_failures': []}, 'w139_checks': {'counts': {'permitted_solve': 0, 'permitted_exec': 0, 'blocked_solve': 0, 'blocked_exec': 0}, 'verify_0_failures': []}, 'w137_checks': {'counts': {'permitted_solve': 0, 'permitted_exec': 0, 'blocked_solve': 0, 'blocked_exec': 0}, 'verify_0_failures': []}, 'w132_checks': {'counts': {'permitted_solve': 0, 'permitted_exec': 0, 'blocked_solve': 0, 'blocked_exec': 0}, 'verify_0_failures': []}, 'w118_checks': {'counts': {'permitted_solve': 0, 'permitted_exec': 0, 'blocked_solve': 0, 'blocked_exec': 0}, 'verify_0_failures': []}, 'w105_checks_imported': {'counts': {'permitted_solve': 0, 'permitted_exec': 0, 'blocked_solve': 0, 'blocked_exec': 0}, 'verify_0_failures': []}, 'w101_checks_imported': {'counts': {'permitted_solve': 0, 'permitted_exec': 0, 'blocked_solve': 0, 'blocked_exec': 0}, 'verify_0_failures': []}, 'w98_checks_imported': {'counts': {'permitted_solve': 0, 'permitted_exec': 0, 'blocked_solve': 0, 'blocked_exec': 0}, 'verify_0_failures': []}, 'w112_imported': {'counts': {'permitted_solve': 0, 'permitted_exec': 0, 'blocked_solve': 0, 'blocked_exec': 0}, 'verify_0_failures': []}, 'w141_swing_variants': {'counts': {'permitted_solve': 0, 'permitted_exec': 0, 'blocked_solve': 0, 'blocked_exec': 0}, 'verify_0_failures': []}, 'w139_v5_from_records': {'counts': {'permitted_solve': 0, 'permitted_exec': 0, 'blocked_solve': 0, 'blocked_exec': 0}, 'verify_0_failures': []}, 'w131_imported': {'counts': {'permitted_solve': 0, 'permitted_exec': 0, 'blocked_solve': 0, 'blocked_exec': 0}, 'verify_0_failures': []}, 'w137_ra_imported': {'counts': {'permitted_solve': 0, 'permitted_exec': 0, 'blocked_solve': 0, 'blocked_exec': 0}, 'verify_0_failures': []}, 'alpha_row_launcher': {'counts': {'permitted_solve': 0, 'permitted_exec': 0, 'blocked_solve': 0, 'blocked_exec': 0}, 'verify_0_failures': []}, 'w86_launcher': {'counts': {'permitted_solve': 0, 'permitted_exec': 0, 'blocked_solve': 0, 'blocked_exec': 0}, 'verify_0_failures': []}, 'w87': {'counts': {'permitted_solve': 0, 'permitted_exec': 0, 'blocked_solve': 0, 'blocked_exec': 0}, 'verify_0_failures': []}, 'w88': {'counts': {'permitted_solve': 0, 'permitted_exec': 0, 'blocked_solve': 0, 'blocked_exec': 0}, 'verify_0_failures': []}, 'w89_step1': {'counts': {'permitted_solve': 0, 'permitted_exec': 0, 'blocked_solve': 0, 'blocked_exec': 0}, 'verify_0_failures': []}, 'w89_3x3_launcher': {'counts': {'permitted_solve': 0, 'permitted_exec': 0, 'blocked_solve': 0, 'blocked_exec': 0}, 'verify_0_failures': []}, 'w90_3x3_parent': {'counts': {'permitted_solve': 0, 'permitted_exec': 0, 'blocked_solve': 0, 'blocked_exec': 0}, 'verify_0_failures': []}, 'w98_parent': {'counts': {'permitted_solve': 0, 'permitted_exec': 0, 'blocked_solve': 0, 'blocked_exec': 0}, 'verify_0_failures': []}, 'w101_parent': {'counts': {'permitted_solve': 0, 'permitted_exec': 0, 'blocked_solve': 0, 'blocked_exec': 0}, 'verify_0_failures': []}, 'w118_parent': {'counts': {'permitted_solve': 0, 'permitted_exec': 0, 'blocked_solve': 0, 'blocked_exec': 0}, 'verify_0_failures': []}, 'w132_parent': {'counts': {'permitted_solve': 0, 'permitted_exec': 0, 'blocked_solve': 0, 'blocked_exec': 0}, 'verify_0_failures': []}, 'w137_parent': {'counts': {'permitted_solve': 0, 'permitted_exec': 0, 'blocked_solve': 0, 'blocked_exec': 0}, 'verify_0_failures': []}, 'w139_parent': {'counts': {'permitted_solve': 0, 'permitted_exec': 0, 'blocked_solve': 0, 'blocked_exec': 0}, 'verify_0_failures': []}, 'w142_parent': {'counts': {'permitted_solve': 0, 'permitted_exec': 0, 'blocked_solve': 0, 'blocked_exec': 0}, 'verify_0_failures': []}} wall=5468s
