15:08:19 [W142-RUN-d_f759dd48] memory preflight: available 16.51092529296875 GiB required 3.50 GiB -> PASS
15:08:19 [W142-RUN-d_f759dd48] P5.15 Addendum 61, W142 -- v6 re-settling campaign (34 cells: the eight remaining break-even-fit D cells, claim groups 2 and 4) under the current production configuration: gated cells replayed bitwise against their original record through the first residual pass k0 (abort on the first divergence), the G cells as first C2 evaluations; the certifying regime held after the run's first residual pass (AA off, tight tail on, rho frozen); settling rule v6 (v5 -- reading gamma, window (a), certification vetoed while a NON-CLEAN cycle lies in the last W cycles the test reads, clean within 10x the tail tolerances -- with the swing noise floor tau/10: swings below it excluded from the "not growing" comparison, and a sign change closing a swing below it registering no turning point; gap clause; amended monotone branch) until it certifies or the cap; W105 captures, per-cycle t_sum and Q_cc, the IPOPT exit, final attempt tier and final metrics of every block of every cycle; cell d_f759dd48 (#6) eval_key 5f1b1aa621d3450a16635264b853efdc367345f28fca00a5ce275352d71b4033; cap 198; lock {'pid': 52635, 'campaign_id': 's53_w142_resettle_v6_d_f759dd48', 'campaign_spec_sha256': 'ced7ebbd14d38edce519321d226776e36672ccb266bcaa66df31445e926c0adc', 'started_utc': '2026-10-01T15:08:19.522634+00:00'}
15:08:19 [S44-HARNESS] launched d_f759dd48 (key 2cd1de8249cfca8d) pid=53173
15:08:19 [S44-HARNESS] heartbeat d_f759dd48: 0s cycle=None
15:09:19 [S44-HARNESS] heartbeat d_f759dd48: 60s cycle=None
15:10:19 [S44-HARNESS] heartbeat d_f759dd48: 120s cycle=3
15:11:19 [S44-HARNESS] heartbeat d_f759dd48: 180s cycle=5
15:12:19 [S44-HARNESS] heartbeat d_f759dd48: 240s cycle=7
15:13:19 [S44-HARNESS] heartbeat d_f759dd48: 300s cycle=9
15:14:19 [S44-HARNESS] heartbeat d_f759dd48: 360s cycle=11
15:15:19 [S44-HARNESS] heartbeat d_f759dd48: 420s cycle=13
15:16:19 [S44-HARNESS] heartbeat d_f759dd48: 480s cycle=15
15:17:19 [S44-HARNESS] heartbeat d_f759dd48: 540s cycle=17
15:18:19 [S44-HARNESS] heartbeat d_f759dd48: 600s cycle=19
15:19:19 [S44-HARNESS] heartbeat d_f759dd48: 660s cycle=22
15:20:19 [S44-HARNESS] heartbeat d_f759dd48: 720s cycle=24
15:21:19 [S44-HARNESS] heartbeat d_f759dd48: 780s cycle=26
15:22:19 [S44-HARNESS] heartbeat d_f759dd48: 840s cycle=29
15:23:19 [S44-HARNESS] heartbeat d_f759dd48: 900s cycle=31
15:24:19 [S44-HARNESS] heartbeat d_f759dd48: 960s cycle=33
15:25:19 [S44-HARNESS] heartbeat d_f759dd48: 1020s cycle=36
15:26:19 [S44-HARNESS] heartbeat d_f759dd48: 1080s cycle=38
15:27:19 [S44-HARNESS] heartbeat d_f759dd48: 1140s cycle=41
15:28:20 [S44-HARNESS] heartbeat d_f759dd48: 1200s cycle=43
15:29:20 [S44-HARNESS] heartbeat d_f759dd48: 1261s cycle=45
15:30:20 [S44-HARNESS] heartbeat d_f759dd48: 1321s cycle=48
15:31:20 [S44-HARNESS] heartbeat d_f759dd48: 1381s cycle=50
15:32:20 [S44-HARNESS] heartbeat d_f759dd48: 1441s cycle=53
15:33:20 [S44-HARNESS] heartbeat d_f759dd48: 1501s cycle=55
15:34:20 [S44-HARNESS] heartbeat d_f759dd48: 1561s cycle=57
15:35:20 [S44-HARNESS] heartbeat d_f759dd48: 1621s cycle=60
15:36:20 [S44-HARNESS] heartbeat d_f759dd48: 1681s cycle=62
15:37:20 [S44-HARNESS] heartbeat d_f759dd48: 1741s cycle=65
15:38:20 [S44-HARNESS] heartbeat d_f759dd48: 1801s cycle=67
15:39:20 [S44-HARNESS] heartbeat d_f759dd48: 1861s cycle=70
15:40:20 [S44-HARNESS] heartbeat d_f759dd48: 1921s cycle=72
15:41:20 [S44-HARNESS] heartbeat d_f759dd48: 1981s cycle=74
15:42:20 [S44-HARNESS] heartbeat d_f759dd48: 2041s cycle=77
15:43:20 [S44-HARNESS] heartbeat d_f759dd48: 2101s cycle=79
15:44:20 [S44-HARNESS] heartbeat d_f759dd48: 2161s cycle=81
15:45:20 [S44-HARNESS] heartbeat d_f759dd48: 2221s cycle=83
15:46:20 [S44-HARNESS] heartbeat d_f759dd48: 2281s cycle=85
15:47:20 [S44-HARNESS] heartbeat d_f759dd48: 2341s cycle=88
15:48:20 [S44-HARNESS] heartbeat d_f759dd48: 2401s cycle=90
15:49:20 [S44-HARNESS] heartbeat d_f759dd48: 2461s cycle=92
15:50:20 [S44-HARNESS] heartbeat d_f759dd48: 2521s cycle=94
15:51:20 [S44-HARNESS] heartbeat d_f759dd48: 2581s cycle=97
15:52:20 [S44-HARNESS] heartbeat d_f759dd48: 2641s cycle=99
15:53:20 [S44-HARNESS] heartbeat d_f759dd48: 2701s cycle=101
15:54:20 [S44-HARNESS] heartbeat d_f759dd48: 2761s cycle=103
15:55:20 [S44-HARNESS] heartbeat d_f759dd48: 2821s cycle=105
15:56:20 [S44-HARNESS] heartbeat d_f759dd48: 2881s cycle=107
15:57:20 [S44-HARNESS] heartbeat d_f759dd48: 2941s cycle=110
15:58:20 [S44-HARNESS] heartbeat d_f759dd48: 3001s cycle=112
15:59:20 [S44-HARNESS] heartbeat d_f759dd48: 3061s cycle=114
16:00:20 [S44-HARNESS] heartbeat d_f759dd48: 3121s cycle=116
16:01:20 [S44-HARNESS] heartbeat d_f759dd48: 3181s cycle=118
16:02:20 [S44-HARNESS] heartbeat d_f759dd48: 3241s cycle=120
16:03:20 [S44-HARNESS] heartbeat d_f759dd48: 3301s cycle=122
16:04:20 [S44-HARNESS] heartbeat d_f759dd48: 3361s cycle=124
16:05:20 [S44-HARNESS] heartbeat d_f759dd48: 3421s cycle=127
16:06:20 [S44-HARNESS] heartbeat d_f759dd48: 3481s cycle=129
16:07:20 [S44-HARNESS] heartbeat d_f759dd48: 3541s cycle=131
16:08:20 [S44-HARNESS] heartbeat d_f759dd48: 3601s cycle=133
16:09:20 [S44-HARNESS] heartbeat d_f759dd48: 3661s cycle=135
16:10:20 [S44-HARNESS] heartbeat d_f759dd48: 3721s cycle=137
16:11:20 [S44-HARNESS] heartbeat d_f759dd48: 3781s cycle=139
16:12:20 [S44-HARNESS] heartbeat d_f759dd48: 3841s cycle=141
16:13:20 [S44-HARNESS] heartbeat d_f759dd48: 3901s cycle=144
16:14:20 [S44-HARNESS] heartbeat d_f759dd48: 3961s cycle=146
16:15:20 [S44-HARNESS] heartbeat d_f759dd48: 4021s cycle=148
16:16:20 [S44-HARNESS] heartbeat d_f759dd48: 4081s cycle=150
16:17:20 [S44-HARNESS] heartbeat d_f759dd48: 4141s cycle=152
16:18:20 [S44-HARNESS] heartbeat d_f759dd48: 4201s cycle=154
16:19:20 [S44-HARNESS] heartbeat d_f759dd48: 4261s cycle=156
16:20:20 [S44-HARNESS] heartbeat d_f759dd48: 4321s cycle=159
16:21:20 [S44-HARNESS] heartbeat d_f759dd48: 4381s cycle=161
16:22:20 [S44-HARNESS] heartbeat d_f759dd48: 4441s cycle=163
16:23:20 [S44-HARNESS] heartbeat d_f759dd48: 4501s cycle=165
16:24:20 [S44-HARNESS] heartbeat d_f759dd48: 4561s cycle=168
16:25:20 [S44-HARNESS] heartbeat d_f759dd48: 4621s cycle=170
16:26:21 [S44-HARNESS] heartbeat d_f759dd48: 4681s cycle=172
16:27:21 [S44-HARNESS] heartbeat d_f759dd48: 4741s cycle=174
16:28:21 [S44-HARNESS] heartbeat d_f759dd48: 4802s cycle=176
16:29:21 [S44-HARNESS] heartbeat d_f759dd48: 4862s cycle=179
16:30:21 [S44-HARNESS] heartbeat d_f759dd48: 4922s cycle=181
16:31:21 [S44-HARNESS] heartbeat d_f759dd48: 4982s cycle=183
16:32:21 [S44-HARNESS] heartbeat d_f759dd48: 5042s cycle=185
16:33:21 [S44-HARNESS] heartbeat d_f759dd48: 5102s cycle=187
16:34:21 [S44-HARNESS] heartbeat d_f759dd48: 5162s cycle=190
16:35:21 [S44-HARNESS] heartbeat d_f759dd48: 5222s cycle=192
16:36:21 [S44-HARNESS] heartbeat d_f759dd48: 5282s cycle=194
16:37:21 [S44-HARNESS] heartbeat d_f759dd48: 5342s cycle=196
16:38:11 [S44-HARNESS] finished d_f759dd48 pid=53173 exit=0 status=not_certified wall=5392s
16:38:20 [W142-RUN-d_f759dd48] gates {'G1_harness_clean': True, 'G2_eval_key': True, 'G3_append_reconcile': True, 'G4_tail_state_check': True, 'G5_solve_profile_reconciled_per_event': True, 'G6_v37_optimal_and_four_metrics': False, 'G7_append_sealed': True, 'G8_persistence_on_production_certificate': True, 'G9_ess_ageing_readback': True, 'G11_acceptance_cross_check': True, 'G13_holds_inert_through_first_pass_held_after': True, 'G14_all_block_capture': True, 'G15_stopping_consistent': True, 'G16_lambda_sidecar_complete': True, 'G17_rule_v6_replay_reproduces_in_cycle': True, 'G18_line_fields_every_cycle': True, 'G19_replay_bitwise_1_k0_every_field': True, 'G20_production_counters_in_per_cycle_record': True, 'G21_creep_captures_complete': True, 'G22_t_sum_in_cycle_equals_stride_and_terminal': True, 'G23_overlap_recorded': True, 'G24_exit_capture_equals_the_solve_records_and_esso_logs': True, 'G24b_clean_capture_equals_the_solve_records_and_esso_logs': True, 'G25_record_status_follows_the_settling_decision': True, 'G27_planner_a61_d_cell_certifies_under_v6': False}
16:38:20 [W142-RUN-d_f759dd48] settling v6: status uncertified k* None branch None window None band_width 6802.544095993042 s 13793.420052528381 t_sum(end) 766.4546254186604 k0_run 89 non-clean cycles [12, 35, 40, 58, 59, 96, 110, 141, 144, 170, 179] floor rejections 4 vetoes 17 cycles 198 record status not_certified
16:38:20 [W142-RUN-d_f759dd48] RECORDED PREDICTION FAILED: ['G27_planner_a61_d_cell_certifies_under_v6'] {'parts': {'decision_is_version_6': True, 'certified': False}, 'status': 'uncertified', 'k_star': None, 'reasons': ['swings_growing', 'range_above_tau', 'monotone_window_not_reached'], 'cell': 'd_f759dd48'} -- STOP FOR THE PLANNER
16:38:20 [W142] guards {'w142_checks': {'counts': {'permitted_solve': 0, 'permitted_exec': 0, 'blocked_solve': 0, 'blocked_exec': 0}, 'verify_0_failures': []}, 'w139_checks': {'counts': {'permitted_solve': 0, 'permitted_exec': 0, 'blocked_solve': 0, 'blocked_exec': 0}, 'verify_0_failures': []}, 'w137_checks': {'counts': {'permitted_solve': 0, 'permitted_exec': 0, 'blocked_solve': 0, 'blocked_exec': 0}, 'verify_0_failures': []}, 'w132_checks': {'counts': {'permitted_solve': 0, 'permitted_exec': 0, 'blocked_solve': 0, 'blocked_exec': 0}, 'verify_0_failures': []}, 'w118_checks': {'counts': {'permitted_solve': 0, 'permitted_exec': 0, 'blocked_solve': 0, 'blocked_exec': 0}, 'verify_0_failures': []}, 'w105_checks_imported': {'counts': {'permitted_solve': 0, 'permitted_exec': 0, 'blocked_solve': 0, 'blocked_exec': 0}, 'verify_0_failures': []}, 'w101_checks_imported': {'counts': {'permitted_solve': 0, 'permitted_exec': 0, 'blocked_solve': 0, 'blocked_exec': 0}, 'verify_0_failures': []}, 'w98_checks_imported': {'counts': {'permitted_solve': 0, 'permitted_exec': 0, 'blocked_solve': 0, 'blocked_exec': 0}, 'verify_0_failures': []}, 'w112_imported': {'counts': {'permitted_solve': 0, 'permitted_exec': 0, 'blocked_solve': 0, 'blocked_exec': 0}, 'verify_0_failures': []}, 'w141_swing_variants': {'counts': {'permitted_solve': 0, 'permitted_exec': 0, 'blocked_solve': 0, 'blocked_exec': 0}, 'verify_0_failures': []}, 'w139_v5_from_records': {'counts': {'permitted_solve': 0, 'permitted_exec': 0, 'blocked_solve': 0, 'blocked_exec': 0}, 'verify_0_failures': []}, 'w131_imported': {'counts': {'permitted_solve': 0, 'permitted_exec': 0, 'blocked_solve': 0, 'blocked_exec': 0}, 'verify_0_failures': []}, 'w137_ra_imported': {'counts': {'permitted_solve': 0, 'permitted_exec': 0, 'blocked_solve': 0, 'blocked_exec': 0}, 'verify_0_failures': []}, 'alpha_row_launcher': {'counts': {'permitted_solve': 0, 'permitted_exec': 0, 'blocked_solve': 0, 'blocked_exec': 0}, 'verify_0_failures': []}, 'w86_launcher': {'counts': {'permitted_solve': 0, 'permitted_exec': 0, 'blocked_solve': 0, 'blocked_exec': 0}, 'verify_0_failures': []}, 'w87': {'counts': {'permitted_solve': 0, 'permitted_exec': 0, 'blocked_solve': 0, 'blocked_exec': 0}, 'verify_0_failures': []}, 'w88': {'counts': {'permitted_solve': 0, 'permitted_exec': 0, 'blocked_solve': 0, 'blocked_exec': 0}, 'verify_0_failures': []}, 'w89_step1': {'counts': {'permitted_solve': 0, 'permitted_exec': 0, 'blocked_solve': 0, 'blocked_exec': 0}, 'verify_0_failures': []}, 'w89_3x3_launcher': {'counts': {'permitted_solve': 0, 'permitted_exec': 0, 'blocked_solve': 0, 'blocked_exec': 0}, 'verify_0_failures': []}, 'w90_3x3_parent': {'counts': {'permitted_solve': 0, 'permitted_exec': 0, 'blocked_solve': 0, 'blocked_exec': 0}, 'verify_0_failures': []}, 'w98_parent': {'counts': {'permitted_solve': 0, 'permitted_exec': 0, 'blocked_solve': 0, 'blocked_exec': 0}, 'verify_0_failures': []}, 'w101_parent': {'counts': {'permitted_solve': 0, 'permitted_exec': 0, 'blocked_solve': 0, 'blocked_exec': 0}, 'verify_0_failures': []}, 'w118_parent': {'counts': {'permitted_solve': 0, 'permitted_exec': 0, 'blocked_solve': 0, 'blocked_exec': 0}, 'verify_0_failures': []}, 'w132_parent': {'counts': {'permitted_solve': 0, 'permitted_exec': 0, 'blocked_solve': 0, 'blocked_exec': 0}, 'verify_0_failures': []}, 'w137_parent': {'counts': {'permitted_solve': 0, 'permitted_exec': 0, 'blocked_solve': 0, 'blocked_exec': 0}, 'verify_0_failures': []}, 'w139_parent': {'counts': {'permitted_solve': 0, 'permitted_exec': 0, 'blocked_solve': 0, 'blocked_exec': 0}, 'verify_0_failures': []}, 'w142_parent': {'counts': {'permitted_solve': 0, 'permitted_exec': 0, 'blocked_solve': 0, 'blocked_exec': 0}, 'verify_0_failures': []}} wall=5563s
