21:44:22 [W142-RUN-d_9246ed01] memory preflight: available 17.195556640625 GiB required 3.50 GiB -> PASS
21:44:22 [W142-RUN-d_9246ed01] P5.15 Addendum 61, W142 -- v6 re-settling campaign (34 cells: the eight remaining break-even-fit D cells, claim groups 2 and 4) under the current production configuration: gated cells replayed bitwise against their original record through the first residual pass k0 (abort on the first divergence), the G cells as first C2 evaluations; the certifying regime held after the run's first residual pass (AA off, tight tail on, rho frozen); settling rule v6 (v5 -- reading gamma, window (a), certification vetoed while a NON-CLEAN cycle lies in the last W cycles the test reads, clean within 10x the tail tolerances -- with the swing noise floor tau/10: swings below it excluded from the "not growing" comparison, and a sign change closing a swing below it registering no turning point; gap clause; amended monotone branch) until it certifies or the cap; W105 captures, per-cycle t_sum and Q_cc, the IPOPT exit, final attempt tier and final metrics of every block of every cycle; cell d_9246ed01 (#8) eval_key 579a1370d1e916a745fd8816dafdab2835c6a1753a194e954f78714fdf53f097; cap 192; lock {'pid': 76578, 'campaign_id': 's53_w142_resettle_v6_d_9246ed01', 'campaign_spec_sha256': '2872a1a73dc90d4ea4b2a591b36965161dcbf5758363e9026e3f19d8b6a96556', 'started_utc': '2026-10-01T21:44:22.212550+00:00'}
21:44:22 [S44-HARNESS] launched d_9246ed01 (key 354b38814b9c1147) pid=77131
21:44:22 [S44-HARNESS] heartbeat d_9246ed01: 0s cycle=None
21:45:22 [S44-HARNESS] heartbeat d_9246ed01: 60s cycle=None
21:46:22 [S44-HARNESS] heartbeat d_9246ed01: 120s cycle=3
21:47:22 [S44-HARNESS] heartbeat d_9246ed01: 180s cycle=5
21:48:22 [S44-HARNESS] heartbeat d_9246ed01: 240s cycle=6
21:49:22 [S44-HARNESS] heartbeat d_9246ed01: 300s cycle=8
21:50:22 [S44-HARNESS] heartbeat d_9246ed01: 360s cycle=10
21:51:22 [S44-HARNESS] heartbeat d_9246ed01: 420s cycle=12
21:52:22 [S44-HARNESS] heartbeat d_9246ed01: 480s cycle=15
21:53:22 [S44-HARNESS] heartbeat d_9246ed01: 540s cycle=16
21:54:22 [S44-HARNESS] heartbeat d_9246ed01: 600s cycle=18
21:55:22 [S44-HARNESS] heartbeat d_9246ed01: 660s cycle=20
21:56:22 [S44-HARNESS] heartbeat d_9246ed01: 720s cycle=22
21:57:22 [S44-HARNESS] heartbeat d_9246ed01: 780s cycle=24
21:58:22 [S44-HARNESS] heartbeat d_9246ed01: 840s cycle=27
21:59:22 [S44-HARNESS] heartbeat d_9246ed01: 900s cycle=29
22:00:22 [S44-HARNESS] heartbeat d_9246ed01: 960s cycle=31
22:01:22 [S44-HARNESS] heartbeat d_9246ed01: 1020s cycle=34
22:02:22 [S44-HARNESS] heartbeat d_9246ed01: 1080s cycle=36
22:03:22 [S44-HARNESS] heartbeat d_9246ed01: 1140s cycle=38
22:04:22 [S44-HARNESS] heartbeat d_9246ed01: 1200s cycle=41
22:05:22 [S44-HARNESS] heartbeat d_9246ed01: 1260s cycle=44
22:06:22 [S44-HARNESS] heartbeat d_9246ed01: 1320s cycle=46
22:07:22 [S44-HARNESS] heartbeat d_9246ed01: 1380s cycle=48
22:08:22 [S44-HARNESS] heartbeat d_9246ed01: 1440s cycle=51
22:09:22 [S44-HARNESS] heartbeat d_9246ed01: 1500s cycle=53
22:10:22 [S44-HARNESS] heartbeat d_9246ed01: 1560s cycle=56
22:11:22 [S44-HARNESS] heartbeat d_9246ed01: 1621s cycle=58
22:12:22 [S44-HARNESS] heartbeat d_9246ed01: 1681s cycle=61
22:13:22 [S44-HARNESS] heartbeat d_9246ed01: 1741s cycle=64
22:14:22 [S44-HARNESS] heartbeat d_9246ed01: 1801s cycle=66
22:15:22 [S44-HARNESS] heartbeat d_9246ed01: 1861s cycle=69
22:16:22 [S44-HARNESS] heartbeat d_9246ed01: 1921s cycle=71
22:17:22 [S44-HARNESS] heartbeat d_9246ed01: 1981s cycle=73
22:18:22 [S44-HARNESS] heartbeat d_9246ed01: 2041s cycle=76
22:19:22 [S44-HARNESS] heartbeat d_9246ed01: 2101s cycle=78
22:20:22 [S44-HARNESS] heartbeat d_9246ed01: 2161s cycle=81
22:21:22 [S44-HARNESS] heartbeat d_9246ed01: 2221s cycle=83
22:22:23 [S44-HARNESS] heartbeat d_9246ed01: 2281s cycle=86
22:23:23 [S44-HARNESS] heartbeat d_9246ed01: 2341s cycle=88
22:24:23 [S44-HARNESS] heartbeat d_9246ed01: 2401s cycle=91
22:25:23 [S44-HARNESS] heartbeat d_9246ed01: 2461s cycle=93
22:26:23 [S44-HARNESS] heartbeat d_9246ed01: 2521s cycle=96
22:27:23 [S44-HARNESS] heartbeat d_9246ed01: 2581s cycle=98
22:28:23 [S44-HARNESS] heartbeat d_9246ed01: 2641s cycle=101
22:29:23 [S44-HARNESS] heartbeat d_9246ed01: 2701s cycle=103
22:30:23 [S44-HARNESS] heartbeat d_9246ed01: 2761s cycle=105
22:31:23 [S44-HARNESS] heartbeat d_9246ed01: 2821s cycle=108
22:32:23 [S44-HARNESS] heartbeat d_9246ed01: 2881s cycle=110
22:33:23 [S44-HARNESS] heartbeat d_9246ed01: 2941s cycle=113
22:34:23 [S44-HARNESS] heartbeat d_9246ed01: 3001s cycle=115
22:35:23 [S44-HARNESS] heartbeat d_9246ed01: 3061s cycle=118
22:36:23 [S44-HARNESS] heartbeat d_9246ed01: 3121s cycle=120
22:37:23 [S44-HARNESS] heartbeat d_9246ed01: 3181s cycle=122
22:38:23 [S44-HARNESS] heartbeat d_9246ed01: 3241s cycle=125
22:39:23 [S44-HARNESS] heartbeat d_9246ed01: 3301s cycle=127
22:40:23 [S44-HARNESS] heartbeat d_9246ed01: 3361s cycle=130
22:41:23 [S44-HARNESS] heartbeat d_9246ed01: 3421s cycle=132
22:42:23 [S44-HARNESS] heartbeat d_9246ed01: 3481s cycle=134
22:43:23 [S44-HARNESS] heartbeat d_9246ed01: 3541s cycle=137
22:44:03 [S44-HARNESS] finished d_9246ed01 pid=77131 exit=0 status=certified wall=3581s
22:44:08 [W142-RUN-d_9246ed01] gates {'G1_harness_clean': True, 'G2_eval_key': True, 'G3_append_reconcile': True, 'G4_tail_state_check': True, 'G5_solve_profile_reconciled_per_event': True, 'G6_v37_optimal_and_four_metrics': True, 'G7_append_sealed': True, 'G8_persistence_on_production_certificate': True, 'G9_ess_ageing_readback': True, 'G11_acceptance_cross_check': True, 'G13_holds_inert_through_first_pass_held_after': True, 'G14_all_block_capture': True, 'G15_stopping_consistent': True, 'G16_lambda_sidecar_complete': True, 'G17_rule_v6_replay_reproduces_in_cycle': True, 'G18_line_fields_every_cycle': True, 'G19_replay_bitwise_1_k0_every_field': True, 'G20_production_counters_in_per_cycle_record': True, 'G21_creep_captures_complete': True, 'G22_t_sum_in_cycle_equals_stride_and_terminal': True, 'G23_overlap_recorded': True, 'G24_exit_capture_equals_the_solve_records_and_esso_logs': True, 'G24b_clean_capture_equals_the_solve_records_and_esso_logs': True, 'G25_record_status_follows_the_settling_decision': True, 'G27_planner_a61_d_cell_certifies_under_v6': True}
22:44:08 [W142-RUN-d_9246ed01] settling v6: status certified k* 138 branch oscillatory window [114, 138] band_width 4473.180083036423 s 25709.944323420525 t_sum(end) 847.3566878695777 k0_run 83 non-clean cycles [5, 10, 14, 15, 17, 27, 39, 40, 53, 73, 81] floor rejections 0 vetoes 0 cycles 138 record status certified
22:44:08 [W142-RUN-d_9246ed01] CLAIM-COMPLETION POINT after #8 d_9246ed01 (#12 in the v3 numbering): items ['B', 'D'] complete -- report (Addendum 58). Scorer: cd /Users/micaelsimoes/Projects/share-resource-planning-no_esso-degradation && set -o noclobber && /Users/micaelsimoes/miniconda3/envs/opf_env_py311/bin/python -u p515_s53_w142_resettle_v6_campaign.py --summarize --after-cell d_9246ed01 > data/SRP1/Results/P515S53/w142_resettle_v6/summarize_after_d_9246ed01_launch.log 2>&1
22:44:08 [W142] guards {'w142_checks': {'counts': {'permitted_solve': 0, 'permitted_exec': 0, 'blocked_solve': 0, 'blocked_exec': 0}, 'verify_0_failures': []}, 'w139_checks': {'counts': {'permitted_solve': 0, 'permitted_exec': 0, 'blocked_solve': 0, 'blocked_exec': 0}, 'verify_0_failures': []}, 'w137_checks': {'counts': {'permitted_solve': 0, 'permitted_exec': 0, 'blocked_solve': 0, 'blocked_exec': 0}, 'verify_0_failures': []}, 'w132_checks': {'counts': {'permitted_solve': 0, 'permitted_exec': 0, 'blocked_solve': 0, 'blocked_exec': 0}, 'verify_0_failures': []}, 'w118_checks': {'counts': {'permitted_solve': 0, 'permitted_exec': 0, 'blocked_solve': 0, 'blocked_exec': 0}, 'verify_0_failures': []}, 'w105_checks_imported': {'counts': {'permitted_solve': 0, 'permitted_exec': 0, 'blocked_solve': 0, 'blocked_exec': 0}, 'verify_0_failures': []}, 'w101_checks_imported': {'counts': {'permitted_solve': 0, 'permitted_exec': 0, 'blocked_solve': 0, 'blocked_exec': 0}, 'verify_0_failures': []}, 'w98_checks_imported': {'counts': {'permitted_solve': 0, 'permitted_exec': 0, 'blocked_solve': 0, 'blocked_exec': 0}, 'verify_0_failures': []}, 'w112_imported': {'counts': {'permitted_solve': 0, 'permitted_exec': 0, 'blocked_solve': 0, 'blocked_exec': 0}, 'verify_0_failures': []}, 'w141_swing_variants': {'counts': {'permitted_solve': 0, 'permitted_exec': 0, 'blocked_solve': 0, 'blocked_exec': 0}, 'verify_0_failures': []}, 'w139_v5_from_records': {'counts': {'permitted_solve': 0, 'permitted_exec': 0, 'blocked_solve': 0, 'blocked_exec': 0}, 'verify_0_failures': []}, 'w131_imported': {'counts': {'permitted_solve': 0, 'permitted_exec': 0, 'blocked_solve': 0, 'blocked_exec': 0}, 'verify_0_failures': []}, 'w137_ra_imported': {'counts': {'permitted_solve': 0, 'permitted_exec': 0, 'blocked_solve': 0, 'blocked_exec': 0}, 'verify_0_failures': []}, 'alpha_row_launcher': {'counts': {'permitted_solve': 0, 'permitted_exec': 0, 'blocked_solve': 0, 'blocked_exec': 0}, 'verify_0_failures': []}, 'w86_launcher': {'counts': {'permitted_solve': 0, 'permitted_exec': 0, 'blocked_solve': 0, 'blocked_exec': 0}, 'verify_0_failures': []}, 'w87': {'counts': {'permitted_solve': 0, 'permitted_exec': 0, 'blocked_solve': 0, 'blocked_exec': 0}, 'verify_0_failures': []}, 'w88': {'counts': {'permitted_solve': 0, 'permitted_exec': 0, 'blocked_solve': 0, 'blocked_exec': 0}, 'verify_0_failures': []}, 'w89_step1': {'counts': {'permitted_solve': 0, 'permitted_exec': 0, 'blocked_solve': 0, 'blocked_exec': 0}, 'verify_0_failures': []}, 'w89_3x3_launcher': {'counts': {'permitted_solve': 0, 'permitted_exec': 0, 'blocked_solve': 0, 'blocked_exec': 0}, 'verify_0_failures': []}, 'w90_3x3_parent': {'counts': {'permitted_solve': 0, 'permitted_exec': 0, 'blocked_solve': 0, 'blocked_exec': 0}, 'verify_0_failures': []}, 'w98_parent': {'counts': {'permitted_solve': 0, 'permitted_exec': 0, 'blocked_solve': 0, 'blocked_exec': 0}, 'verify_0_failures': []}, 'w101_parent': {'counts': {'permitted_solve': 0, 'permitted_exec': 0, 'blocked_solve': 0, 'blocked_exec': 0}, 'verify_0_failures': []}, 'w118_parent': {'counts': {'permitted_solve': 0, 'permitted_exec': 0, 'blocked_solve': 0, 'blocked_exec': 0}, 'verify_0_failures': []}, 'w132_parent': {'counts': {'permitted_solve': 0, 'permitted_exec': 0, 'blocked_solve': 0, 'blocked_exec': 0}, 'verify_0_failures': []}, 'w137_parent': {'counts': {'permitted_solve': 0, 'permitted_exec': 0, 'blocked_solve': 0, 'blocked_exec': 0}, 'verify_0_failures': []}, 'w139_parent': {'counts': {'permitted_solve': 0, 'permitted_exec': 0, 'blocked_solve': 0, 'blocked_exec': 0}, 'verify_0_failures': []}, 'w142_parent': {'counts': {'permitted_solve': 0, 'permitted_exec': 0, 'blocked_solve': 0, 'blocked_exec': 0}, 'verify_0_failures': []}} wall=3747s
