08:07:31 [W159] script p515_s53_w159_closing_reads.py sha256 1eacbc238dca99b5819584c08f27406f6a620ecf9161dce87aefd3bd167a0f3e committed clean True
08:07:31 [W159] (a) certifying spec and as-run configuration
08:07:36 [W159] (a) 61 evaluations, 0 unresolved, old-configuration items 1
08:07:36 [W159] (b) T6 arms
08:07:36 [W159] (b) both arms Q and band in T6: True; fields missing from the T6 Markdown 11
08:07:36 [W159] (c)1 threading
08:07:36 [W159] (c)2 banners
08:07:40 [W159] (c)3 versions
08:07:40 [W159] (c)4 HSL_MA97
08:07:43 [W159] check a_every_table_eval_key_resolved_to_one_committed_run_record: True
08:07:43 [W159] check a_every_run_record_committed_clean: True
08:07:43 [W159] check a_0_50_era_records_match_the_ageing_mechanism_pins: True
08:07:43 [W159] check a_stage_by_directory_agrees_with_T2_certifying_spec: True
08:07:43 [W159] check a_campaign_spec_sha256_matches_every_record: True
08:07:43 [W159] check c2_sample_logs_exist_and_match_their_launch_manifest: True
08:07:43 [W159] check c2_every_d_4a82a64a_manifest_log_present_and_hash_matching: True
08:07:43 [W159] check inputs_committed_clean: True
08:07:43 [W159] check inputs_with_manifest_match: True
08:07:43 [W159] check w157_tables_json_matches_its_manifest: True
08:07:43 [W159] check zero_solve_guard_verified_0: True
08:07:43 [W159] check pickle_load_and_loads_0: True
08:07:43 [W159] guard {'counts': {'permitted_solve': 0, 'permitted_exec': 0, 'blocked_solve': 0, 'blocked_exec': 0}, 'verify_0_failures': []}; pickle {'load': 0, 'loads': 0}; wrote data/SRP1/Results/P515S53/w159_closing_reads/w159_closing_reads.json, data/SRP1/Results/P515S53/w159_closing_reads/w159_closing_reads.md, data/SRP1/Results/P515S53/w159_closing_reads/manifest_sha256.json; exit 0; wall 12.0 s
