14:11:10 [W164] script p515_s53_w164_manuscript_number_check.py sha256 1f24276c5a24d4b33b4d55f649a4de6a976ff5dfd009adbf0ad79134b2d3eccf committed clean True; 29 inputs committed clean; frozen JSON 590088fe, W163 JSON 34f53a2c, paragraphs_v5 b8665706 verified; manuscript manuscript/6a67305f25e8348fb71380c3 HEAD 6191c6cc805cffd27122986d885a8714ef0540e4 (declared 6191c6c); files cover_letter.tex 363ad821, highlights.tex d568f329, main.tex 3cedbb6e, response_to_reviewers_draft.tex 8df94963
14:11:11 [W164] cover_letter.tex: tokens 5 (excluded 3, in scope 2 body + 0 comment) -- match 2 (declared 2, rule 0, auto unique 0, auto ambiguous 0), MISMATCH 0, approximate 0, no table counterpart 0, submitted-version 0, unchecked 0, unassigned 0
14:11:11 [W164] highlights.tex: tokens 2 (excluded 2, in scope 0 body + 0 comment) -- match 0 (declared 0, rule 0, auto unique 0, auto ambiguous 0), MISMATCH 0, approximate 0, no table counterpart 0, submitted-version 0, unchecked 0, unassigned 0
14:11:11 [W164] main.tex: tokens 2057 (excluded 219, in scope 1809 body + 29 comment) -- match 105 (declared 22, rule 83, auto unique 0, auto ambiguous 0), MISMATCH 0, approximate 0, no table counterpart 2, submitted-version 610, unchecked 1121, unassigned 0
14:11:11 [W164] response_to_reviewers_draft.tex: tokens 299 (excluded 10, in scope 287 body + 2 comment) -- match 86 (declared 86, rule 0, auto unique 0, auto ambiguous 0), MISMATCH 1, approximate 0, no table counterpart 1, submitted-version 0, unchecked 201, unassigned 0
14:11:11 [W164]   response_to_reviewers_draft.tex:256:48 MISMATCH: written 'one' -> '2' [L33] T1 tables.claims (gross_verdict != net verdict) and T4 tables.year_ladder (gross_v6.verdict != net_v6.verdict): the comparisons whose verdict depends on the convention
14:11:11 [W164]   response_to_reviewers_draft.tex:360:40 no table counterpart: written 'single' -> None [L52] None
14:11:11 [W164]   main.tex:1058:246 no table counterpart: written '60' [M13] the frozen tables carry minimum SoH 0.70 (T8) and 0.50 (T10 soh050 row) only; no 0.60 / 0.80 evaluation exists in them. This red note (main.tex l. 1058) is not cited by the revision map
14:11:11 [W164]   main.tex:1058:255 no table counterpart: written '80' [M13] the frozen tables carry minimum SoH 0.70 (T8) and 0.50 (T10 soh050 row) only; no 0.60 / 0.80 evaluation exists in them. This red note (main.tex l. 1058) is not cited by the revision map
14:11:11 [W164] main.tex submitted-version figures by section: {'Front matter': 3, '3 Case Study': 77, '4 Results': 245, '5 Conclusions': 2, 'E Results': 283}
14:11:11 [W164] auto index: 4025 numeric leaves; overridden by precedence (status: n) {'match': 143, 'unchecked': 729, 'submitted-version figure': 129, 'no table counterpart': 2}
14:11:11 [W164]   letter finding F1 (l. 254-256, wording against a table): "one verdict (a Phase~B neighbour becomes determinate in the certificate's favour)": the one T1 claim whose verdict changes gross -> net is L:y2030__n5_p0.25_e0.5__n7_p1_e3 (family L: "F2 certificate: F(y2030__n5_p0.25_e0.5__n7_p1_e3) - F(incumbent) (positive = worse than th..."), an F2-certificate 
14:11:11 [W164]   letter finding F2 (l. 256, claim against a table): "The investment-year comparison is the one result that depends on the convention": T4 2035 - 2030 (gross determinate, net within resolution) is one; T1 carries a second, L:y2030__n5_p0.25_e0.5__n7_p1_e3 (gross within the uncertified bar, net determinate), which the preceding sentence itself counts. 
14:11:11 [W164]   letter finding F3 (l. 327-328, claim about a table): "Table [T8] gives, per calibration, the year in which the end-of-life floor binds and the terminal available-energy fraction, together with the equivalent full cycles per day": T8 carries "floor binds (0.70)", "AE (PV-weighted)" and "EFC/day (PV-weighted)" -- the AE column is present-value-weighted,
14:11:11 [W164]   letter finding F4 (l. 212-216, internal contradiction): "The three references were added to the literature review" against the bracketed status in the same response: 10.1109/ISGTEUROPE62998.2024.10863557 and 10.1016/j.apenergy.2022.120569 "not yet added" (author placeholder).
14:11:11 [W164]   letter finding F5 (l. 320-322, wording against a table): "harsher calibrations -73.7 and -45.2 k EUR": C4 (-45.2) loses less than the baseline C2_calfade (-64.4); it is harsher than C2 (cycling only, -31.6), not than the baseline. T8's sixth arm C3_midblock (-65.9 k EUR, determinate) is not named. Every named value matches T8.
14:11:11 [W164]   letter finding F6 (l. 158-160, wording against a record): "one local problem per network block (three representative years x four representative days x four agents ..., 48 blocks)": 3 x 4 x (1 TSO + 3 DSO) = 48 network blocks matches SRP1.json; the storage-operator (ESSO) problems solved in the same cycle are not counted (TASKS.md W132 / W133 lines: 51 exi
14:11:11 [W164]   letter finding F7 (l. 127-132, not verifiable here): "Figure 2" (R1.5) is answered as the framework figure. In main.tex at this commit the framework figure is the first figure environment (line 387, blue caption) and the second is the network diagram (line 924); the numbering of the submitted PDF the reviewer read cannot be re-derived from this file.
14:11:11 [W164]   letter finding F8 (l. 24, 99-100, internal inconsistency): the title block says "revision 1" while R1.2 says "we respectfully maintain the position of our first reply"; one of the two is wrong unless an earlier reply exists.
14:11:11 [W164]   letter finding F9 (l. 360, no record): "single machine": no committed record states it (W163 listed "one machine" as NO SOURCE FOUND).
14:11:11 [W164]   letter finding K1 (l. 195-197, claim checked, consistent): "the limitations section explains the mechanism behind most of them (a set-valued interface dual ...)": 6 of the 10 uncertified SRP1 evaluations are T9 dead-zone entries (gap-refused or by signature: ['h_f9eae48f', 'j_5f3cccb4', 'l_0ee93aca', 'l_45aa25a6', 'l_7c455554', 'l_b2251bc5']); the others ['
14:11:11 [W164]   letter finding K2 (l. 253-255, claim checked, consistent): "It changes no sign in the 60 reported comparisons": sign changes gross -> net in T1: 0.
14:11:11 [W164] check clone_head_is_declared_commit: True
14:11:11 [W164] check file_set_equals_declared: True
14:11:11 [W164] check every_sha_equals_declared: True
14:11:11 [W164] check every_file_equals_its_blob_at_commit: True
14:11:11 [W164] check no_tex_modified_or_untracked_in_clone: True
14:11:11 [W164] check frozen_json_unchanged: True
14:11:11 [W164] check every_declaration_found_and_evaluated: True
14:11:11 [W164] check no_token_claimed_twice: True
14:11:11 [W164] check every_token_assigned: True
14:11:11 [W164] check every_map_citation_found_once: True
14:11:11 [W164] check statuses_in_vocabulary: True
14:11:11 [W164] check main_line_rules_pinned_to_this_main: True
14:11:11 [W164] wrote data/SRP1/Results/P515S53/w164_manuscript_check/overleaf_6191c6c/w164_manuscript_number_check.json 092c4a2f, data/SRP1/Results/P515S53/w164_manuscript_check/overleaf_6191c6c/w164_manuscript_number_check.md 8a76872d, data/SRP1/Results/P515S53/w164_manuscript_check/overleaf_6191c6c/manifest_sha256.json 29f1cd02
14:11:11 [W164] guards [('w164_manuscript_number_check', 0, 0, []), ('w163_paragraphs_v4_check', 0, 0, []), ('w162_paragraphs_v3_check', 0, 0, []), ('w161_paragraphs_v2', 0, 0, []), ('w160_step6_freeze_export', 0, 0, []), ('w157_step6_tables', 0, 0, []), ('w145_banded_fit', 0, 0, []), ('w142_checks', 0, 0, []), ('w139_checks', 0, 0, []), ('w137_checks', 0, 0, []), ('w132_checks', 0, 0, []), ('w118_checks', 0, 0, []), ('w105_checks_imported', 0, 0, []), ('w101_checks_imported', 0, 0, []), ('w98_checks_imported', 0, 0, []), ('w112_imported', 0, 0, []), ('w141_swing_variants', 0, 0, []), ('w139_v5_from_records', 0, 0, []), ('w131_imported', 0, 0, []), ('w137_ra_imported', 0, 0, []), ('alpha_row_launcher', 0, 0, []), ('w86_launcher', 0, 0, []), ('w87', 0, 0, []), ('w88', 0, 0, []), ('w89_step1', 0, 0, []), ('w89_3x3_launcher', 0, 0, []), ('w90_3x3_parent', 0, 0, []), ('w98_parent', 0, 0, []), ('w101_parent', 0, 0, []), ('w118_parent', 0, 0, []), ('w132_parent', 0, 0, []), ('w137_parent', 0, 0, []), ('w139_parent', 0, 0, []), ('w142_parent', 0, 0, [])]; pickle ok True; exit 0; wall 4.1 s
