wrote data/SRP1/Results/P515S53/w97_diagnostics/w97_consolidated_diagnostics.json and data/SRP1/Results/P515S53/w97_diagnostics/manifest_sha256.json; 22 inputs hashed; peak RSS 144.0 MiB
[W97] guard counts {'permitted_solve': 0, 'permitted_exec': 0, 'blocked_solve': 0, 'blocked_exec': 0} verify(0) -> []
        0.97 real         0.91 user         0.05 sys
           150962176  maximum resident set size
                   0  average shared memory size
                   0  average unshared data size
                   0  average unshared stack size
               12735  page reclaims
                   0  page faults
                   0  swaps
                   0  block input operations
                   0  block output operations
                   0  messages sent
                   0  messages received
                   0  signals received
                   0  voluntary context switches
                 171  involuntary context switches
         14845947436  instructions retired
          3377372406  cycles elapsed
           129811056  peak memory footprint
