08:33:12 [W160] script p515_s53_w160_step6_freeze_export.py sha256 234d2a0bf27acec79c5b6122bb8a4703cde6dbeeadbf4446b03c62063c67480f committed clean True; out data/SRP1/Results/P515S53/w160_step6_frozen
08:33:14 [W160] inputs: 13 W160 + 14 W157, all committed clean; W157 rebuild equals the predecessor: True
08:33:14 [W160] frozen data/SRP1/Results/P515S53/w160_step6_frozen/frozen_step6_tables_v1_590088fe.json sha256 590088fe6b364c265c97998c5491edea7ca70baad0dbe2ba5150273656d9b6f4; md frozen_step6_tables_v1_590088fe.md; export 24 files
08:33:14 [W160] >= 0.95 tau counted: 10 ['b_2a0ba8b2', 'b_4649234b', 'c_6597a79d', 'd_3632b0ae', 'd_9246ed01', 'd_c52e1670', 'd_c7fee8be', 'pb_y2025_n7', 'pb_y2030_n7', 'ref:bd504ecf']; equals the Addendum 65 ten: True; twins evidence True
08:33:14 [W160] paragraph figure check: 158 checks, 153 match, 3 MISMATCH ['C13', 'L5b', 'L16'], 1 no table counterpart, 1 approximate; fragments all found True
08:33:14 [W160]   S2a no table counterpart: written '+0.18', table None (T10 carries EFC/day at 0.50 only; the 0.70 per-year EFC/day (W153) is not in T1-T10)
08:33:14 [W160]   C13 MISMATCH: written '63.5', table '65.0' (T2: median of k* − k0, where T2 k0 = k0_run = the first residual pass N) -- W153 (input, not a table) gives 63.5 for k* − k0 AT DECISION (k0 reset by lapses on e_c3_midblock and e_no_ageing) = 63.5; measured from the first residual pass N, as the sentence says, the median is 65.0 (W153 k_star_minus_N median 65.0)
08:33:14 [W160]   L5b MISMATCH: written '6', table '5' (T9: m = 2 cells with a per-node record) -- T9 carries j_5f3cccb4, l_45aa25a6, l_7c455554, l_b2251bc5, l_0ee93aca
08:33:14 [W160]   L11 approximate: not every arm rounds to 0.6: written '0.6', table 'C2 0.60, C4 0.41, C2_calfade 0.68, C3_midblock 0.13, no_ageing 0.62' (T8 ε_AE (0.50, superseded) column, per arm)
08:33:14 [W160]   L16 MISMATCH: written '55/14/31', table '55/15/31' (T9 h_f9eae48f shares n5/n7/n9, integer %) -- the m = 2 split is 55/14/31; h_f9eae48f's node-7 share is 14.500 %, which rounds to 15
08:33:14 [W160] check predecessor_sha_matches_expected_and_manifest: True
08:33:14 [W160] check every_input_committed_clean: True
08:33:14 [W160] check every_input_manifest_matches: True
08:33:14 [W160] check w157_rebuild_equals_predecessor_all_tables: True
08:33:14 [W160] check package_blob_equals_working_copy: True
08:33:14 [W160] check count_at_or_above_0_95_tau_equals_10: True
08:33:14 [W160] check counted_set_equals_addendum65_ten: True
08:33:14 [W160] check column_true_on_exactly_ten_rows: True
08:33:14 [W160] check twins_bitwise_evidence_holds: True
08:33:14 [W160] check d_36686489_growth_test_with_five_non_clean: True
08:33:14 [W160] check t6_passive_derived_equals_recorded_decomposition: True
08:33:14 [W160] check t11_R_rounds_to_0909_0934: True
08:33:14 [W160] check paragraph_fragments_all_found_verbatim: True
08:33:14 [W160] export T1: structural ok True; rows 60; LaTeX cols 16
08:33:14 [W160] export T2: structural ok True; rows 61; LaTeX cols 20
08:33:14 [W160] export T3: structural ok True; rows 2; LaTeX cols 15
08:33:14 [W160] export T4: structural ok True; rows 3; LaTeX cols 11
08:33:14 [W160] export T5: structural ok True; rows 7; LaTeX cols 13
08:33:14 [W160] export T6: structural ok True; rows 10; LaTeX cols 16
08:33:14 [W160] export T7: structural ok True; rows 4; LaTeX cols 7
08:33:14 [W160] export T8: structural ok True; rows 6; LaTeX cols 15
08:33:14 [W160] export T9: structural ok True; rows 9; LaTeX cols 9
08:33:14 [W160] export T10: structural ok True; rows 4; LaTeX cols 14
08:33:14 [W160] export T11: structural ok True; rows 11; LaTeX cols 4
08:33:14 [W160] guards [('w160_step6_freeze_export', 0, 0, []), ('w157_step6_tables', 0, 0, []), ('w145_banded_fit', 0, 0, []), ('w142_checks', 0, 0, []), ('w139_checks', 0, 0, []), ('w137_checks', 0, 0, []), ('w132_checks', 0, 0, []), ('w118_checks', 0, 0, []), ('w105_checks_imported', 0, 0, []), ('w101_checks_imported', 0, 0, []), ('w98_checks_imported', 0, 0, []), ('w112_imported', 0, 0, []), ('w141_swing_variants', 0, 0, []), ('w139_v5_from_records', 0, 0, []), ('w131_imported', 0, 0, []), ('w137_ra_imported', 0, 0, []), ('alpha_row_launcher', 0, 0, []), ('w86_launcher', 0, 0, []), ('w87', 0, 0, []), ('w88', 0, 0, []), ('w89_step1', 0, 0, []), ('w89_3x3_launcher', 0, 0, []), ('w90_3x3_parent', 0, 0, []), ('w98_parent', 0, 0, []), ('w101_parent', 0, 0, []), ('w118_parent', 0, 0, []), ('w132_parent', 0, 0, []), ('w137_parent', 0, 0, []), ('w139_parent', 0, 0, []), ('w142_parent', 0, 0, [])]; pickle {'counts': {'w145': {'load': 0, 'loads': 0}, 'w141_imported': {'load': 0, 'loads': 0}, 'w157': {'load': 0, 'loads': 0}, 'w160': {'load': 0, 'loads': 0}}, 'pickle_load_and_loads_blocked': True, 'ok': True}; exit 0; wall 2.0 s
