W176a: clone 8b76423 main.tex 7aa9e105 lines 2156 letter b7a269d5; last commit ['main.tex | 2 +-', ' 1 file changed, 1 insertion(+), 1 deletion(-)']
  item 1a: new_present=True lines=[[445, 445]] old_absent=True old_lines=[]
  item 1b: new_present=True lines=[[445, 445]] old_absent=True old_lines=[]
  item 2: new_present=True lines=[[639, 639]] old_absent=True old_lines=[]
  item 3: new_present=True lines=[[671, 671], [1066, 1066]] old_absent=True old_lines=[]
  item 4a (l. 748): new_present=True lines=[[748, 748]] old_absent=True old_lines=[]
  item 4b (l. 858): new_present=True lines=[[858, 858]] old_absent=True old_lines=[]
  item 5: new_present=True lines=[[833, 833]] old_absent=True old_lines=[]
  item 6a (sec. 3.5): new_present=True lines=[[1062, 1062]] old_absent=True old_lines=[]
  item 6b (letter R1.2(iv)): new_present=True lines=[[76, 76]] old_absent=True old_lines=[]
  item 6c (abstract): new_present=True lines=[[143, 143]] old_absent=None old_lines=None
  item 7a (row): new_present=True lines=[[1083, 1083]] old_absent=None old_lines=None
  item 7b (caption): new_present=True lines=[[1073, 1073]] old_absent=None old_lines=None
  item 8: new_present=True lines=[[1095, 1095]] old_absent=True old_lines=[]
  item 9: new_present=True lines=[[1120, 1120]] old_absent=True old_lines=[]
  item 10: new_present=True lines=[[1471, 1471]] old_absent=True old_lines=[]
  item 11: new_present=True lines=[[1488, 1488]] old_absent=True old_lines=[]
  item 12: new_present=True lines=[[1595, 1595]] old_absent=True old_lines=[]
  item 13a: new_present=True lines=[[1601, 1601]] old_absent=True old_lines=[]
  item 13b: new_present=True lines=[[1605, 1605]] old_absent=True old_lines=[]
  item 14a: new_present=True lines=[[1632, 1632]] old_absent=True old_lines=[]
  item 14b: new_present=True lines=[[1655, 1655]] old_absent=None old_lines=None
  item 9 extra: {'opening_clause_lines': [[1120, 1120]], 'old_sentence_after_opening_absent': True, 'paragraph_lines': [1119, 1121], 'numbers_printed_in_paragraph': ['4.4', '1'], 'consistency_pass_magnitudes_printed': False}
  item 14 k+1: {"lines": [1655], "placement": [{"line": 1655, "three_lines_before": ["\\If{the stopping rule in force is met (production: ten consecutive passing cycles; single-scenario tables: the certification rule, with its holds)}{", "\\textbf{exit}\\;", "}"], "line_after": "}", "after_exit_block": true, "before_while_close": true}], "while_lines": [1636]}
(c) section ranges: {"1": {"first_line": 268, "last_line": 314, "heading": "\\section{Introduction}"}, "2": {"first_line": 315, "last_line": 904, "heading": "\\section{Shared ESS Planning Framework}"}, "3": {"first_line": 905, "last_line": 1125, "heading": "\\section{Case Study}"}, "4": {"first_line": 1126, "last_line": 1448, "heading": "\\section{Results}"}, "5": {"first_line": 1449, "last_line": 1460, "heading": "\\section{Conclusions}"}}
(c) literal section-4 refs in sec. 2-3: 8
    l. 377 sec 2 [Section~4] comment=False ::  after the evaluation from the terminal state of health and the remaining calendar life of each installation (Section~4).}
    l. 415 sec 2 [Section~4] comment=False ::     the budget as the sensitivity study of Section~4, and their combinations); 
    l. 445 sec 2 [Section~4.7] comment=False :: tification}, and the comparisons use its determinacy threshold; the resolution the search used is reported in Section~4.7. What the search certifies is the scope of its final unit p
    l. 631 sec 2 [Section~4.5] comment=False ::  evaluation was continued past that exit to measure the remaining movement of the objective, and the ratio of Section~4.5 is reported as a band that allows for it.
    l. 635 sec 2 [Section~4.7] comment=False :: n use stop within 5\,\% of $\tau$, and evaluations continued past certification moved by at most $0.9\,\tau$ (Section~4.7).
    l. 671 sec 2 [Section~4] comment=False :: lth at the end of the block --- a conservative convention; the mid-block evaluation point is a sensitivity in Section~4 ($\forall e$, $y^\text{Inv}$, $y$ as above):}
    l. 1066 sec 3 [Section~4.3] comment=False :: without cycling); the end-of-life floor is $SoH^{\text{Min}} = 0.70$. The other rows are the sensitivities of Section~4.3: the same count without calendar fade; the same count read 
    l. 1119 sec 3 [Section~4.4] comment=False ::     The value of coordination (Section~4.4) is measured against two static arrangements of the same sy
(c) comment counts: {"main.tex": {"[CONFIRM": 0, "[AUTHOR]": 0, "[AUTHOR:": 0, "lines_matching_bracket_confirm_any_case": [], "lines_matching_bracket_author_any_case": [{"line": 25, "text": "%% \\documentclass[authoryear,preprint,review,12pt]{elsarticle}"}]}, "response_to_reviewers_draft.tex": {"[CONFIRM": 0, "[AUTHOR]": 0, "[AUTHOR:": 1, "lines_matching_bracket_confirm_any_case": [], "lines_matching_bracket_author_any_case": [{"line": 174, "text": "cuts nor a bilevel structure. [AUTHOR: one clause per reference saying what it contributes and where it is"}]}, "cover_letter.tex": {"[CONFIRM": 0, "[AUTHOR]": 0, "[AUTHOR:": 0, "lines_matching_bracket_confirm_any_case": [], "lines_matching_bracket_author_any_case": []}, "highlights.tex": {"[CONFIRM": 0, "[AUTHOR]": 0, "[AUTHOR:": 0, "lines_matching_bracket_confirm_any_case": [], "lines_matching_bracket_author_any_case": []}, "section2_expert_draft.tex (not compiled)": {"[CONFIRM": 11, "[AUTHOR]": 1, "[AUTHOR:": 0, "lines_matching_bracket_confirm_any_case": [{"line": 16, "text": "% [CONFIRM] are points the Planner's equation-vs-code audit must settle before the text is final; they"}, {"line": 99, "text": "% [CONFIRM \u2014 Planner, against p56a_oracle and the campaign launcher]"}, {"line": 123, "text": "% [CONFIRM] bibliography keys: add to bibliography.bib \u2014"}, {"line": 216, "text": "% [CONFIRM] discount convention against shared_resources_planning.py (block weight Y_y at the representative"}, {"line": 271, "text": "% [CONFIRM] (a) the settling slack definition as the scorer computes it (movement from the old certificate, or"}, {"line": 317, "text": "% [CONFIRM] which SoH enters year y's available energy in the baseline: the start-of-block value SoH_{y-1}"}, {"line": 396, "text": "% [CONFIRM] against sess_soc_rule and the network ESS block: (a) the closure form (fixed initial value SoC^0,"}, {"line": 419, "text": "% [CONFIRM] H3 rule: the code allocates pnet_agg pro rata and lets the agent's own pch/pdch realize it; written"}, {"line": 492, "text": "% [CONFIRM] (a) the row D*(2*cl_eff*E_rated) == 365*num_years*avg_ch_dch and the exp(-D)*phi^num_years chain"}, {"line": 531, "text": "% [CONFIRM] (a) the value of EPS_ESSO_THROUGHPUT and its normalization (same units as the AL terms, which are"}, {"line": 577, "text": "% [CONFIRM] (a) alpha = 0.50 in the 3x3 campaign; (b) the expectation \\bar P is a variable of the DSO block"}], "lines_matching_bracket_author_any_case": [{"line": 162, "text": "% [AUTHOR] 2.1, eq. (1) and the red salvage equation: make the sign a credit and state that it is reported,"}]}}
search s47: mesh_local_optimum_unit_poll_failed certificate_null=False new 14/20 admissible per poll [(0, 0, 'failure'), (1, 0, 'failure'), (2, 0, 'failure_at_unit_poll_size')] threshold min/max 18449.663947025518/47205.25432550907
search s51: STOP_FOR_REVIEW_completion_cap certificate_null=True new 20/20 admissible per poll [(0, 0, 'failure'), (1, 0, 'failure'), (2, 0, 'success'), (3, 0, 'failure'), (4, 1, 'stopped_for_review_completion_cap')] threshold min/max 18449.663947025518/18449.663947025518
search s53: poll_failure_at_unit_mesh certificate_null=False new 7/60 admissible per poll [(4, 1, 'failure_at_unit_mesh')] threshold min/max 18449.663947025518/18449.663947025518
thresholds: 3tau 13617.20; certified-pair claims 37 [9734.723067998886, 13571.145843744278]; uncertified-form 23 [18751.08193874359, 41380.260157585144]; L claims 14 [27703.27326627694, 28205.566421167616]; search min 18449.663947025518; coarser than certified True, than uncertified False
config identity: certified cells 49, code==HEAD 49, tail on 49, AA 49; roots ['data/SRP1/Results/P515S53/w101_srp1_continuation', 'data/SRP1/Results/P515S53/w118_resettle', 'data/SRP1/Results/P515S53/w137_resettle_v4', 'data/SRP1/Results/P515S53/w139_resettle_v5', 'data/SRP1/Results/P515S53/w142_resettle_ext_v6', 'data/SRP1/Results/P515S53/w142_resettle_v6', 'data/SRP1/Results/P515S53/w155_a64_cells']; control {'head': '353e094b', 'last_line': ' 5 files changed, 1507 insertions(+), 84 deletions(-)'}; search {"s47": {"git_head_at_run": "353e094b55e2575340e8279a3faa0fde5c4daeaa", "code_vs_HEAD": " 5 files changed, 1507 insertions(+), 84 deletions(-)", "spec_configuration_declares_tail": false, "tail_code_occurrences_at_head": {"shared_resources_planning.py": 0, "admm_parameters.py": 0, "p515_s44_campaign_harness.py": 0}}, "s51": {"git_head_at_run": "c39c483641e312f97b347278e53fbb58dddef546", "code_vs_HEAD": " 4 files changed, 1376 insertions(+), 81 deletions(-)", "spec_configuration_declares_tail": false, "tail_code_occurrences_at_head": {"shared_resources_planning.py": 0, "admm_parameters.py": 0, "p515_s44_campaign_harness.py": 0}}, "s53": {"git_head_at_run": "e1f98be8360697125fbd9c71e54f6483dd5e3f81", "code_vs_HEAD": " 3 files changed, 504 insertions(+)", "spec_configuration_declares_tail": false, "tail_code_occurrences_at_head": {"shared_resources_planning.py": 0, "admm_parameters.py": 0, "p515_s44_campaign_harness.py": 0}}}
C4: {"entered_triple": [10000, 0.8, 0.7], "product_entered": 8000.0, "product_table_row": 8000.0, "k_entered": 22429.38601645703, "k_table_row_triple": 22429.38601645703, "k_closed_form_spec": 22429.38601645703, "k_equal": true, "k_printed": 22429, "k_rounds_to_printed": true}
benchmark: instance x0 SRP1; every DN block triggered True; every value after pass True
chemistry: {"data/SRP1/SharedESS/SRP1_ESS.xlsx": [{"sheet": "Cost breakdown NREL", "cell": "A2", "value": "Li-Ion Battery cabinet"}], "data/SRP1/SharedESS/SRP1_ESS_Params.json": [], "data/SRP1/SRP1.json": [], "data/SRP1/SRP1_params.json": [], "bibliography nrel_ess_costs": "@misc{nrel_ess_costs,\n  author       = {{NREL}},\n  title        = {Utility-Scale Battery Storage, 2024},\n  year         = {2024},\n  note         = {Accessed: December 31, 2025}\n}"}
pyomo sol: [["if (objno[1] >= 0) and (objno[1] <= 99):", "objno_message = \"OPTIMAL SOLUTION FOUND!\"", "res.solver.termination_condition = TerminationCondition.optimal", "res.solver.status = SolverStatus.ok", "soln_status = SolutionStatus.optimal"], ["elif (objno[1] >= 100) and (objno[1] <= 199):", "objno_message = \"Optimal solution indicated, but ERROR LIKELY!\"", "res.solver.termination_condition = TerminationCondition.optimal", "res.solver.status = SolverStatus.warning", "soln_status = SolutionStatus.optimal"]]
anchors: {"search_acceptance": [519], "s47_delta0": [194], "budget_refusal": [666], "soh_available_end_row": [628], "soh_available_mid_row": [625], "k_formula": [91], "cl_nom_default": [134], "settlement_weight_dso": [5340], "settlement_weight_tso": [5050, 5340], "row18_with_settlement": [5343], "prepare_then_convert_dso": [2925], "convert_dso": [2931], "esso_al_scale": [5486, 5515, 5516, 5517, 5518], "local_solves_succeeded": [7734], "solver_result_succeeded": [74], "accepted_terminations": [79], "aa_off_all_pass": [477], "hold_after_first_pass": [526], "aa_forced_off_in_hold": [722], "tail_default_off": [331], "bench_single_scenario": [264], "bench_global_trigger": [1605], "bench_reeval_every_block": [1580], "bench_solve_all_dso": [1043], "harness_pass_trigger": [637], "harness_pass_all_dso": [641], "harness_cost_after_pass": [666]}
guards: {'solve_profile_guard': {'label': 'P5.15 W176a round-4 line checks (never solves)', 'counts': {'permitted_solve': 0, 'permitted_exec': 0, 'blocked_solve': 0, 'blocked_exec': 0}, 'verify_0_failures': []}, 'pickle_counts': {'load': 0, 'loads': 0}, 'production_modules_imported': []}
output data/SRP1/Results/P515S53/w176a_round4_lines/w176a_checks.json sha256 7f01c3b69e8de707026e635ee80ff6e810e8b9f508df7071c4887edf5168887f
