{
 "R_r2_reproduced": 0.933141801512231,
 "R_u_reproduced": 0.9317134866483382,
 "readings": {
  "total_block_weight_undiscounted": {
   "3x3": 5475,
   "SRP1": 5475,
   "ratio_3x3_over_SRP1": 1.0
  },
  "total_block_weight_model_r2": {
   "3x3": 4878.818663215367,
   "SRP1": 4975.0943752117555,
   "ratio_3x3_over_SRP1": 0.9806484651877
  },
  "ratio_of_weighted_totals_r2": 0.9150840754554548,
  "ratio_of_weighted_totals_u": 0.9317134866483383,
  "per_year_spread_u_3x3_subset_123": {
   "2025": 80.05858482184591,
   "2028": 81.9046542978149,
   "2031": 91.41494109758484,
   "2034": 99.37040433294523,
   "2037": 103.7484464524685
  },
  "per_year_spread_u_SRP1": {
   "2025": 83.21675130578895,
   "2030": 98.01183260261246,
   "2035": 112.7439972837978
  },
  "same_year_2025_ratio_u": 0.9620489092113437,
  "R_gn_recorded": 0.9111032979671895,
  "decomposition_r2": {
   "R_r2": 0.933141801512231,
   "mean_year_weighted_r2_3x3": 2030.6440967010897,
   "mean_year_weighted_r2_SRP1": 2029.6704943383966
  }
 },
 "checks": {
  "input_sha256_selection_3x3": true,
  "input_sha256_z4": true,
  "input_sha256_instance_record_3x3": true,
  "input_sha256_case_3x3": true,
  "input_sha256_campaign_3x3": true,
  "input_sha256_frozen_tables": true,
  "input_sha256_case_srp1": true,
  "input_sha256_w52_script": true,
  "input_sha256_w22_script": true,
  "subset_123_found_once": true,
  "per_block_spread_covers_all_20_blocks": true,
  "z4_weights_equal_formula": true,
  "z4_years_equal_srp1_case": true,
  "num_r2_reproduces_recorded": true,
  "num_u_reproduces_recorded": true,
  "den_r2_reproduces_Z4": true,
  "den_u_reproduces_Z4": true,
  "R_r2_reproduces_recorded": true,
  "R_u_reproduces_recorded": true,
  "R_r2_rounds_to_0.9331": true,
  "campaign_R_prefix_recorded_is_0.9331": true,
  "T11_row_is_0.9331": true,
  "case_3x3_years_equal_numerator_years": true,
  "case_3x3_days_equal_numerator_days": true,
  "case_3x3_discount_equals_rate": true,
  "3x3_realized_market_subset_is_123": true,
  "3x3_prefix_holds_bitwise_0_mismatches": true,
  "3x3_probabilities_one_third": true,
  "numerator_pm_renormalized_one_third": true,
  "solve_guard_verify_0": true,
  "pickle_blocked_and_unused": true
 }
}
ok = True
