[INFO] Running OPERATIONAL PLANNING (DISTRIBUTED)...
[INFO]	 - Initializing...
[INFO] 		 - Distribution Network node 5...
[INFO] 			 - Running SMOPF, Network case33_1, 2025, Spring...
[INFO] 			 - Running SMOPF, Network case33_1, 2025, Summer...
[INFO] 			 - Running SMOPF, Network case33_1, 2025, Autumn...
[INFO] 			 - Running SMOPF, Network case33_1, 2025, Winter...
[INFO] 			 - Running SMOPF, Network case33_1, 2030, Spring...
[INFO] 			 - Running SMOPF, Network case33_1, 2030, Summer...
[INFO] 			 - Running SMOPF, Network case33_1, 2030, Autumn...
[INFO] 			 - Running SMOPF, Network case33_1, 2030, Winter...
[INFO] 			 - Running SMOPF, Network case33_1, 2035, Spring...
[INFO] 			 - Running SMOPF, Network case33_1, 2035, Summer...
[INFO] 			 - Running SMOPF, Network case33_1, 2035, Autumn...
[INFO] 			 - Running SMOPF, Network case33_1, 2035, Winter...
[INFO] 		 - Distribution Network node 7...
[INFO] 			 - Running SMOPF, Network case33_2, 2025, Spring...
[INFO] 			 - Running SMOPF, Network case33_2, 2025, Summer...
[INFO] 			 - Running SMOPF, Network case33_2, 2025, Autumn...
[INFO] 			 - Running SMOPF, Network case33_2, 2025, Winter...
[INFO] 			 - Running SMOPF, Network case33_2, 2030, Spring...
[INFO] 			 - Running SMOPF, Network case33_2, 2030, Summer...
[INFO] 			 - Running SMOPF, Network case33_2, 2030, Autumn...
[INFO] 			 - Running SMOPF, Network case33_2, 2030, Winter...
[INFO] 			 - Running SMOPF, Network case33_2, 2035, Spring...
[INFO] 			 - Running SMOPF, Network case33_2, 2035, Summer...
[INFO] 			 - Running SMOPF, Network case33_2, 2035, Autumn...
[INFO] 			 - Running SMOPF, Network case33_2, 2035, Winter...
[INFO] 		 - Distribution Network node 9...
[INFO] 			 - Running SMOPF, Network case33_3, 2025, Spring...
[INFO] 			 - Running SMOPF, Network case33_3, 2025, Summer...
[INFO] 			 - Running SMOPF, Network case33_3, 2025, Autumn...
[INFO] 			 - Running SMOPF, Network case33_3, 2025, Winter...
[INFO] 			 - Running SMOPF, Network case33_3, 2030, Spring...
[INFO] 			 - Running SMOPF, Network case33_3, 2030, Summer...
[INFO] 			 - Running SMOPF, Network case33_3, 2030, Autumn...
[INFO] 			 - Running SMOPF, Network case33_3, 2030, Winter...
[INFO] 			 - Running SMOPF, Network case33_3, 2035, Spring...
[INFO] 			 - Running SMOPF, Network case33_3, 2035, Summer...
[INFO] 			 - Running SMOPF, Network case33_3, 2035, Autumn...
[INFO] 			 - Running SMOPF, Network case33_3, 2035, Winter...
[INFO] 		 - Transmission Network...
[INFO] 			 - Running SMOPF, Network case9, 2025, Spring...
[INFO] 			 - Running SMOPF, Network case9, 2025, Summer...
[INFO] 			 - Running SMOPF, Network case9, 2025, Autumn...
[INFO] 			 - Running SMOPF, Network case9, 2025, Winter...
[INFO] 			 - Running SMOPF, Network case9, 2030, Spring...
[INFO] 			 - Running SMOPF, Network case9, 2030, Summer...
[INFO] 			 - Running SMOPF, Network case9, 2030, Autumn...
[INFO] 			 - Running SMOPF, Network case9, 2030, Winter...
[INFO] 			 - Running SMOPF, Network case9, 2035, Spring...
[INFO] 			 - Running SMOPF, Network case9, 2035, Summer...
[INFO] 			 - Running SMOPF, Network case9, 2035, Autumn...
[INFO] 			 - Running SMOPF, Network case9, 2035, Winter...
[INFO] 		 - Running Shared ESS optimization (subproblem)...
[INFO] 			 - Node 5...
[INFO] Shared ESS complementarity diagnostics for ESS node=5: ratio_max=9.178102e-06 n_periods=288 mu_final=1.119743e-11 s_obj=1.000000e-01 eps=1.000000e-05 bound=3.224860e-03 measured=2.727792e-03
[INFO] 			 - Node 7...
[INFO] Shared ESS complementarity diagnostics for ESS node=7: ratio_max=9.356071e-06 n_periods=288 mu_final=1.122361e-11 s_obj=1.000000e-01 eps=1.000000e-05 bound=3.232400e-03 measured=2.730933e-03
[INFO] 			 - Node 9...
[INFO] Shared ESS complementarity diagnostics for ESS node=9: ratio_max=9.177966e-06 n_periods=288 mu_final=1.116416e-11 s_obj=1.000000e-01 eps=1.000000e-05 bound=3.215278e-03 measured=2.731432e-03
[ADMM OF SCALE] n=48 | min=3.467801e+02 | median=4.060637e+02 | max=4.311165e+07 | selected=4.311165e+07
[ADMM OF SCALE] Largest weighted objectives:
  TSO node=None year=2025 day=Summer | base=4.311165e+07 | scenario=0.000000e+00 | total=4.311165e+07
  TSO node=None year=2025 day=Spring | base=4.093292e+07 | scenario=0.000000e+00 | total=4.093292e+07
  TSO node=None year=2035 day=Summer | base=4.070938e+07 | scenario=0.000000e+00 | total=4.070938e+07
  TSO node=None year=2025 day=Autumn | base=4.014921e+07 | scenario=0.000000e+00 | total=4.014921e+07
  TSO node=None year=2030 day=Summer | base=3.436840e+07 | scenario=0.000000e+00 | total=3.436840e+07
  TSO node=None year=2035 day=Spring | base=3.371213e+07 | scenario=0.000000e+00 | total=3.371213e+07
  TSO node=None year=2030 day=Spring | base=3.256124e+07 | scenario=0.000000e+00 | total=3.256124e+07
  TSO node=None year=2025 day=Winter | base=2.637352e+07 | scenario=0.000000e+00 | total=2.637352e+07
  TSO node=None year=2035 day=Autumn | base=2.371081e+07 | scenario=0.000000e+00 | total=2.371081e+07
  TSO node=None year=2030 day=Autumn | base=1.372060e+07 | scenario=0.000000e+00 | total=1.372060e+07
[INFO] 	 - ADMM Iteration 1
[INFO] 		 - Updating distribution networks:
[INFO] 			 - Running SMOPF, Network case33_1, 2025, Spring...
[INFO] 			 - Running SMOPF, Network case33_1, 2025, Summer...
[INFO] 			 - Running SMOPF, Network case33_1, 2025, Autumn...
[INFO] 			 - Running SMOPF, Network case33_1, 2025, Winter...
[INFO] 			 - Running SMOPF, Network case33_1, 2030, Spring...
[INFO] 			 - Running SMOPF, Network case33_1, 2030, Summer...
[INFO] 			 - Running SMOPF, Network case33_1, 2030, Autumn...
[INFO] 			 - Running SMOPF, Network case33_1, 2030, Winter...
[INFO] 			 - Running SMOPF, Network case33_1, 2035, Spring...
[INFO] 			 - Running SMOPF, Network case33_1, 2035, Summer...
[INFO] 			 - Running SMOPF, Network case33_1, 2035, Autumn...
[INFO] 			 - Running SMOPF, Network case33_1, 2035, Winter...
[INFO] 			 - Running SMOPF, Network case33_2, 2025, Spring...
[INFO] 			 - Running SMOPF, Network case33_2, 2025, Summer...
[INFO] 			 - Running SMOPF, Network case33_2, 2025, Autumn...
[INFO] 			 - Running SMOPF, Network case33_2, 2025, Winter...
[INFO] 			 - Running SMOPF, Network case33_2, 2030, Spring...
[INFO] 			 - Running SMOPF, Network case33_2, 2030, Summer...
[INFO] 			 - Running SMOPF, Network case33_2, 2030, Autumn...
[INFO] 			 - Running SMOPF, Network case33_2, 2030, Winter...
[INFO] 			 - Running SMOPF, Network case33_2, 2035, Spring...
[INFO] 			 - Running SMOPF, Network case33_2, 2035, Summer...
[INFO] 			 - Running SMOPF, Network case33_2, 2035, Autumn...
[INFO] 			 - Running SMOPF, Network case33_2, 2035, Winter...
[INFO] 			 - Running SMOPF, Network case33_3, 2025, Spring...
[INFO] 			 - Running SMOPF, Network case33_3, 2025, Summer...
[INFO] 			 - Running SMOPF, Network case33_3, 2025, Autumn...
[INFO] 			 - Running SMOPF, Network case33_3, 2025, Winter...
[INFO] 			 - Running SMOPF, Network case33_3, 2030, Spring...
[INFO] 			 - Running SMOPF, Network case33_3, 2030, Summer...
[INFO] 			 - Running SMOPF, Network case33_3, 2030, Autumn...
[INFO] 			 - Running SMOPF, Network case33_3, 2030, Winter...
[INFO] 			 - Running SMOPF, Network case33_3, 2035, Spring...
[INFO] 			 - Running SMOPF, Network case33_3, 2035, Summer...
[INFO] 			 - Running SMOPF, Network case33_3, 2035, Autumn...
[INFO] 			 - Running SMOPF, Network case33_3, 2035, Winter...
[INFO] 		 - Updating transmission network...
[INFO] 			 - Running SMOPF, Network case9, 2025, Spring...
[INFO] 			 - Running SMOPF, Network case9, 2025, Summer...
[INFO] 			 - Running SMOPF, Network case9, 2025, Autumn...
[INFO] 			 - Running SMOPF, Network case9, 2025, Winter...
[INFO] 			 - Running SMOPF, Network case9, 2030, Spring...
[INFO] 			 - Running SMOPF, Network case9, 2030, Summer...
[INFO] 			 - Running SMOPF, Network case9, 2030, Autumn...
[INFO] 			 - Running SMOPF, Network case9, 2030, Winter...
[INFO] 			 - Running SMOPF, Network case9, 2035, Spring...
[INFO] 			 - Running SMOPF, Network case9, 2035, Summer...
[INFO] 			 - Running SMOPF, Network case9, 2035, Autumn...
[INFO] 			 - Running SMOPF, Network case9, 2035, Winter...
[TSO PROX] cycle=1 | updated_blocks=12 | held_failed_blocks=0 | V max=0.065165 | PF max=0.629491 | ESS max=0.240264
[TSO PROX][V MAX] node=9, year=2035, day=Spring, period=2 | dV=22.482018 kV | normalized=0.065165
[TSO PROX][PF MAX] node=7, year=2030, day=Autumn, period=4, type=Q | delta=62.949058 MVAr | normalized=0.629491
[TSO PROX][ESS MAX] node=9, year=2035, day=Summer, period=19, type=P | delta=0.465512 MW | normalized=0.240264
[INFO] 		 - Updating SharedESS...
[INFO] 		 - Running Shared ESS optimization (subproblem)...
[INFO] 			 - Node 5...
[INFO] Shared ESS complementarity diagnostics for ESS node=5: ratio_max=9.321677e-06 n_periods=288 mu_final=9.916999e-12 s_obj=1.000000e-01 eps=1.000000e-05 bound=2.856096e-03 measured=3.010927e-03
[INFO] 			 - Node 7...
[INFO] Shared ESS complementarity diagnostics for ESS node=7: ratio_max=9.336728e-06 n_periods=288 mu_final=9.622555e-12 s_obj=1.000000e-01 eps=1.000000e-05 bound=2.771296e-03 measured=2.978635e-03
[INFO] 			 - Node 9...
[INFO] Shared ESS complementarity diagnostics for ESS node=9: ratio_max=9.289875e-06 n_periods=288 mu_final=9.898445e-12 s_obj=1.000000e-01 eps=1.000000e-05 bound=2.850752e-03 measured=2.973929e-03
[DIAG][V MAX] node=9, year=2035, day=Winter, period=2 | TSO=356.105548 kV, DSO=379.500001 kV, diff=23.394453 kV, base=345.000000 kV, normalized=0.067810, rho(TSO/DSO)=1.500000/1.500000
[DIAG][PF MAX] node=7, year=2030, day=Autumn, period=5, type=Q | TSO=-25.336304 MVAr, DSO=19.824339 MVAr, diff=45.160643 MVAr, rating=100.000000 MVA, normalized=0.451606, rho(TSO/DSO)=300.000000/300.000000
[DIAG][ESS MAX] agent=TSO, node=9, year=2035, day=Summer, period=3, type=P | x=0.868718 MW, z=0.648392 MW, diff=0.220326 MW, norm_rating=0.968750 MVA, normalized=0.113717, rho=1.000000, rho(TSO/DSO/ESSO)=1.000000/1.000000/1.000000
[DIAG][ESS COMP] TSO | Sch=0.868721 MVA, Sdch=0.000003 MVA, net=0.868718 MVA, product=2.289114e-06 MVA^2, simultaneous=0.000003 MVA, base=100.000000 MVA
[DIAG][ESS COMP] DSO | Sch=0.675813 MVA, Sdch=0.000000 MVA, net=0.675813 MVA, product=1.308746e-07 MVA^2, simultaneous=0.000000 MVA, base=100.000000 MVA
[DIAG][ESS COMP] ESSO | Sch=0.645756 MVA, Sdch=0.000005 MVA, net=0.645752 MVA, product=2.928765e-06 MVA^2, simultaneous=0.000005 MVA
[INFO]		 - interface Vmag max primal residual failed. 0.067810 > 0.010000
[INFO]		 - interface Vmag mean primal residual failed. 0.051846 > 0.001000
[INFO]		 - interface PF max primal residual failed. 0.451606 > 0.010000
[INFO]		 - interface PF mean primal residual failed. 0.178049 > 0.001000
[INFO]		 - shared ESS max primal residual failed. 0.113717 > 0.100000
[INFO]		 - interface Vmag mean dual residual failed. 0.101737 > 0.010000
[INFO]		 - interface PF mean dual residual failed. 65.428028 > 0.010000
[INFO]		 - Recourse stationarity requires one previous successful cycle.
[ADMM RHO] V | primal max ratio=6.781 | primal mean ratio=51.846 | primal selected=51.846 | dual mean ratio=10.174 | increase threshold=5.0 | decrease threshold=5.0 | action=increased
[ADMM RHO] PF | primal max ratio=45.161 | primal mean ratio=178.049 | primal selected=178.049 | dual mean ratio=6542.803 | increase threshold=5.0 | decrease threshold=3.0 | action=decreased
[ADMM RHO] ESS | primal max ratio=1.137 | primal mean ratio=0.815 | primal selected=1.137 | dual mean ratio=0.263 | increase threshold=5.0 | decrease threshold=5.0 | action=held
[INFO]		 - ADMM cycle 1 | Primal (V max/mean | PF max/mean | ESS max/mean) = 0.067810/0.051846 | 0.451606/0.178049 | 0.113717/0.008148 | Dual (V max/mean | PF max/mean | ESS max/mean) = 0.150000/0.101737 | 218.209264/65.428028 | 0.029402/0.002634 | Recourse change = N/A (tol. N/A) | Stable cycles = 0/1 | Penalty actions (V/PF/ESS) = increased/decreased/held
[INFO] 	 - Iteration 1: 45.38 s
[WARNING] 	 - ADMM did NOT converge in 1 iterations!
[INFO] 	 - Execution time: 72.82 s
[P5.15-G preflight] recourse=2808928723.5812864 cycles=1 solves=102 local_failures=0 wall=84s
   EFC/day max across nodes: 1.0144152613839161 (threshold 1.4612)
   detector grouping clean: True (observed 6 / expected 6)
   network failures: {'n_blocks': 0, 'classes': {'recovered_tier1': 0, 'recovered_tier2': 0, 'unrecovered': 0, 'not_attempted': 0, 'indeterminate': 0, 'recovered': 0}, 'n_frozen_snapshots': 0, 'n_esso_recovery_events': 0, 'path': 'data/SRP1/Results/P515G1B_preflight/network_failures_preflight.jsonl'}
PREFLIGHT_SUMMARY {"wall_s": 84.23414826393127, "cycles_run": 1, "esso_solves": 6, "lg_mu": [-11.0], "detector": [9.177966007034158e-06, 9.356070521617752e-06], "parse_reasons": ["None"], "network_failures": {"n_blocks": 0, "classes": {"recovered_tier1": 0, "recovered_tier2": 0, "unrecovered": 0, "not_attempted": 0, "indeterminate": 0, "recovered": 0}, "n_frozen_snapshots": 0, "n_esso_recovery_events": 0, "path": "data/SRP1/Results/P515G1B_preflight/network_failures_preflight.jsonl"}, "local_solve_failures": 0, "solve_profile": {"observed": {"permitted_solve": 102, "permitted_exec": 102, "blocked_solve": 0, "blocked_exec": 0}, "identity_holds": true}}
