[INFO] Running OPERATIONAL PLANNING (DISTRIBUTED)...
[INFO]	 - Initializing...
[INFO] 		 - Distribution Network node 5...
[INFO] 			 - Running SMOPF, Network case33_1, 2025, Spring...
[INFO] 			 - Running SMOPF, Network case33_1, 2025, Summer...
[INFO] 			 - Running SMOPF, Network case33_1, 2025, Autumn...
[INFO] 			 - Running SMOPF, Network case33_1, 2025, Winter...
[INFO] 			 - Running SMOPF, Network case33_1, 2030, Spring...
[INFO] 			 - Running SMOPF, Network case33_1, 2030, Summer...
[INFO] 			 - Running SMOPF, Network case33_1, 2030, Autumn...
[INFO] 			 - Running SMOPF, Network case33_1, 2030, Winter...
[INFO] 			 - Running SMOPF, Network case33_1, 2035, Spring...
[INFO] 			 - Running SMOPF, Network case33_1, 2035, Summer...
[INFO] 			 - Running SMOPF, Network case33_1, 2035, Autumn...
[INFO] 			 - Running SMOPF, Network case33_1, 2035, Winter...
[INFO] 		 - Distribution Network node 7...
[INFO] 			 - Running SMOPF, Network case33_2, 2025, Spring...
[INFO] 			 - Running SMOPF, Network case33_2, 2025, Summer...
[INFO] 			 - Running SMOPF, Network case33_2, 2025, Autumn...
[INFO] 			 - Running SMOPF, Network case33_2, 2025, Winter...
[INFO] 			 - Running SMOPF, Network case33_2, 2030, Spring...
[INFO] 			 - Running SMOPF, Network case33_2, 2030, Summer...
[INFO] 			 - Running SMOPF, Network case33_2, 2030, Autumn...
[INFO] 			 - Running SMOPF, Network case33_2, 2030, Winter...
[INFO] 			 - Running SMOPF, Network case33_2, 2035, Spring...
[INFO] 			 - Running SMOPF, Network case33_2, 2035, Summer...
[INFO] 			 - Running SMOPF, Network case33_2, 2035, Autumn...
[INFO] 			 - Running SMOPF, Network case33_2, 2035, Winter...
[INFO] 		 - Distribution Network node 9...
[INFO] 			 - Running SMOPF, Network case33_3, 2025, Spring...
[INFO] 			 - Running SMOPF, Network case33_3, 2025, Summer...
[INFO] 			 - Running SMOPF, Network case33_3, 2025, Autumn...
[INFO] 			 - Running SMOPF, Network case33_3, 2025, Winter...
[INFO] 			 - Running SMOPF, Network case33_3, 2030, Spring...
[INFO] 			 - Running SMOPF, Network case33_3, 2030, Summer...
[INFO] 			 - Running SMOPF, Network case33_3, 2030, Autumn...
[INFO] 			 - Running SMOPF, Network case33_3, 2030, Winter...
[INFO] 			 - Running SMOPF, Network case33_3, 2035, Spring...
[INFO] 			 - Running SMOPF, Network case33_3, 2035, Summer...
[INFO] 			 - Running SMOPF, Network case33_3, 2035, Autumn...
[INFO] 			 - Running SMOPF, Network case33_3, 2035, Winter...
[INFO] 		 - Transmission Network...
[INFO] 			 - Running SMOPF, Network case9, 2025, Spring...
[INFO] 			 - Running SMOPF, Network case9, 2025, Summer...
[INFO] 			 - Running SMOPF, Network case9, 2025, Autumn...
[INFO] 			 - Running SMOPF, Network case9, 2025, Winter...
[INFO] 			 - Running SMOPF, Network case9, 2030, Spring...
[INFO] 			 - Running SMOPF, Network case9, 2030, Summer...
[INFO] 			 - Running SMOPF, Network case9, 2030, Autumn...
[INFO] 			 - Running SMOPF, Network case9, 2030, Winter...
[INFO] 			 - Running SMOPF, Network case9, 2035, Spring...
[INFO] 			 - Running SMOPF, Network case9, 2035, Summer...
[INFO] 			 - Running SMOPF, Network case9, 2035, Autumn...
[INFO] 			 - Running SMOPF, Network case9, 2035, Winter...
[INFO] 		 - Running Shared ESS optimization (subproblem)...
[INFO] 			 - Node 5...
[INFO] Shared ESS complementarity diagnostics for ESS node=5: ratio_max=0.000000e+00 n_periods=0 mu_final=2.505904e-09 s_obj=1.000000e-01 eps=1.000000e-03 bound=0.000000e+00 measured=0.000000e+00
[INFO] 			 - Node 7...
[INFO] Shared ESS complementarity diagnostics for ESS node=7: ratio_max=0.000000e+00 n_periods=288 mu_final=2.705958e-09 s_obj=1.000000e-01 eps=1.000000e-03 bound=7.793158e-03 measured=-5.752542e-06
[INFO] 			 - Node 9...
[INFO] Shared ESS complementarity diagnostics for ESS node=9: ratio_max=0.000000e+00 n_periods=0 mu_final=2.505904e-09 s_obj=1.000000e-01 eps=1.000000e-03 bound=0.000000e+00 measured=0.000000e+00
Traceback (most recent call last):
  File "/Users/micaelsimoes/Projects/share-resource-planning-no_esso-degradation/p515_g_g1_g4_admm_gates.py", line 1268, in <module>
    run_admm_arm('g3_full_node7', OUT_G3F, k_override=None, investment_map=investment_map,
  File "/Users/micaelsimoes/Projects/share-resource-planning-no_esso-degradation/p515_g_g1_g4_admm_gates.py", line 1084, in run_admm_arm
    _c, _results, models, _s, _p, state = planning.run_operational_planning(
                                          ^^^^^^^^^^^^^^^^^^^^^^^^^^^^^^^^^^
  File "/Users/micaelsimoes/Projects/share-resource-planning-no_esso-degradation/shared_resources_planning.py", line 88, in run_operational_planning
    convergence, results, models, sensitivities, primal_evolution, execution_time, state = _run_operational_planning(self, candidate_solution, initial_state=initial_state, debug_flag=debug_flag)
                                                                                           ^^^^^^^^^^^^^^^^^^^^^^^^^^^^^^^^^^^^^^^^^^^^^^^^^^^^^^^^^^^^^^^^^^^^^^^^^^^^^^^^^^^^^^^^^^^^^^^^^^^^^^^
  File "/Users/micaelsimoes/Projects/share-resource-planning-no_esso-degradation/shared_resources_planning.py", line 2146, in _run_operational_planning
    esso_model, results['esso'] = create_shared_energy_storage_model(
                                  ^^^^^^^^^^^^^^^^^^^^^^^^^^^^^^^^^^^
  File "/Users/micaelsimoes/Projects/share-resource-planning-no_esso-degradation/p515_g_g1_g4_admm_gates.py", line 803, in patched_create
    _after_round(esso_model, 'init')
  File "/Users/micaelsimoes/Projects/share-resource-planning-no_esso-degradation/p515_g_g1_g4_admm_gates.py", line 785, in _after_round
    leak_records = _capture_esso_solve(
                   ^^^^^^^^^^^^^^^^^^^^
  File "/Users/micaelsimoes/Projects/share-resource-planning-no_esso-degradation/p515_g_g1_g4_admm_gates.py", line 368, in _capture_esso_solve
    raise RuntimeError(
RuntimeError: STOP (Addendum 6 item 4 pre-check): model.ipopt_zL_out has no entries for es_pch_per_unit after the first ESSO solve (node=5, log=/Users/micaelsimoes/Projects/share-resource-planning-no_esso-degradation/data/SRP1/Results/P56A/evals/p515g3f_node7/logs/optim_log_esso_node5_init.txt). IPOPT did not return bound multipliers for this variable; not substituting anything.
