[INFO] Running OPERATIONAL PLANNING (DISTRIBUTED)...
[INFO]	 - Initializing...
[INFO] 		 - Distribution Network node 5...
[INFO] 			 - Running SMOPF, Network case33_1, 2025, Spring...
[INFO] 			 - Running SMOPF, Network case33_1, 2025, Summer...
[INFO] 			 - Running SMOPF, Network case33_1, 2025, Autumn...
[INFO] 			 - Running SMOPF, Network case33_1, 2025, Winter...
[INFO] 			 - Running SMOPF, Network case33_1, 2030, Spring...
[INFO] 			 - Running SMOPF, Network case33_1, 2030, Summer...
[INFO] 			 - Running SMOPF, Network case33_1, 2030, Autumn...
[INFO] 			 - Running SMOPF, Network case33_1, 2030, Winter...
[INFO] 			 - Running SMOPF, Network case33_1, 2035, Spring...
[INFO] 			 - Running SMOPF, Network case33_1, 2035, Summer...
[INFO] 			 - Running SMOPF, Network case33_1, 2035, Autumn...
[INFO] 			 - Running SMOPF, Network case33_1, 2035, Winter...
[INFO] 		 - Distribution Network node 7...
[INFO] 			 - Running SMOPF, Network case33_2, 2025, Spring...
[INFO] 			 - Running SMOPF, Network case33_2, 2025, Summer...
[INFO] 			 - Running SMOPF, Network case33_2, 2025, Autumn...
[INFO] 			 - Running SMOPF, Network case33_2, 2025, Winter...
[INFO] 			 - Running SMOPF, Network case33_2, 2030, Spring...
[INFO] 			 - Running SMOPF, Network case33_2, 2030, Summer...
[INFO] 			 - Running SMOPF, Network case33_2, 2030, Autumn...
[INFO] 			 - Running SMOPF, Network case33_2, 2030, Winter...
[INFO] 			 - Running SMOPF, Network case33_2, 2035, Spring...
[INFO] 			 - Running SMOPF, Network case33_2, 2035, Summer...
[INFO] 			 - Running SMOPF, Network case33_2, 2035, Autumn...
[INFO] 			 - Running SMOPF, Network case33_2, 2035, Winter...
[INFO] 		 - Distribution Network node 9...
[INFO] 			 - Running SMOPF, Network case33_3, 2025, Spring...
[INFO] 			 - Running SMOPF, Network case33_3, 2025, Summer...
[INFO] 			 - Running SMOPF, Network case33_3, 2025, Autumn...
[INFO] 			 - Running SMOPF, Network case33_3, 2025, Winter...
[INFO] 			 - Running SMOPF, Network case33_3, 2030, Spring...
[INFO] 			 - Running SMOPF, Network case33_3, 2030, Summer...
[INFO] 			 - Running SMOPF, Network case33_3, 2030, Autumn...
[INFO] 			 - Running SMOPF, Network case33_3, 2030, Winter...
[INFO] 			 - Running SMOPF, Network case33_3, 2035, Spring...
[INFO] 			 - Running SMOPF, Network case33_3, 2035, Summer...
[INFO] 			 - Running SMOPF, Network case33_3, 2035, Autumn...
[INFO] 			 - Running SMOPF, Network case33_3, 2035, Winter...
[INFO] 		 - Transmission Network...
[INFO] 			 - Running SMOPF, Network case9, 2025, Spring...
[INFO] 			 - Running SMOPF, Network case9, 2025, Summer...
[INFO] 			 - Running SMOPF, Network case9, 2025, Autumn...
[INFO] 			 - Running SMOPF, Network case9, 2025, Winter...
[INFO] 			 - Running SMOPF, Network case9, 2030, Spring...
[INFO] 			 - Running SMOPF, Network case9, 2030, Summer...
[INFO] 			 - Running SMOPF, Network case9, 2030, Autumn...
[INFO] 			 - Running SMOPF, Network case9, 2030, Winter...
[INFO] 			 - Running SMOPF, Network case9, 2035, Spring...
[INFO] 			 - Running SMOPF, Network case9, 2035, Summer...
[INFO] 			 - Running SMOPF, Network case9, 2035, Autumn...
[INFO] 			 - Running SMOPF, Network case9, 2035, Winter...
[INFO] 		 - Running Shared ESS optimization (subproblem)...
[INFO] 			 - Node 5...
[INFO] Shared ESS complementarity diagnostics for ESS node=5: ratio_max=8.663330e-06 n_periods=288 mu_final=1.497458e-11 s_obj=1.000000e-01 eps=1.000000e-05 bound=4.312679e-03 measured=2.312858e-03
[INFO] 			 - Node 7...
[INFO] Shared ESS complementarity diagnostics for ESS node=7: ratio_max=8.664933e-06 n_periods=288 mu_final=1.499878e-11 s_obj=1.000000e-01 eps=1.000000e-05 bound=4.319650e-03 measured=2.305958e-03
[INFO] 			 - Node 9...
[INFO] Shared ESS complementarity diagnostics for ESS node=9: ratio_max=8.662105e-06 n_periods=288 mu_final=1.497387e-11 s_obj=1.000000e-01 eps=1.000000e-05 bound=4.312474e-03 measured=2.313052e-03
[ADMM OF SCALE] n=48 | min=2.430192e+07 | median=4.563872e+07 | max=9.363536e+07 | selected=9.363536e+07
[ADMM OF SCALE] Largest weighted objectives:
  TSO node=None year=2035 day=Winter | base=-9.363536e+07 | scenario=0.000000e+00 | total=-9.363536e+07
  TSO node=None year=2030 day=Autumn | base=-8.831557e+07 | scenario=0.000000e+00 | total=-8.831557e+07
  TSO node=None year=2030 day=Winter | base=-7.463930e+07 | scenario=0.000000e+00 | total=-7.463930e+07
  TSO node=None year=2035 day=Spring | base=-6.233022e+07 | scenario=0.000000e+00 | total=-6.233022e+07
  TSO node=None year=2035 day=Summer | base=-5.846825e+07 | scenario=0.000000e+00 | total=-5.846825e+07
  TSO node=None year=2035 day=Autumn | base=-5.808004e+07 | scenario=0.000000e+00 | total=-5.808004e+07
  TSO node=None year=2030 day=Summer | base=-5.747069e+07 | scenario=0.000000e+00 | total=-5.747069e+07
  DSO node=7 year=2035 day=Spring | base=5.722320e+07 | scenario=0.000000e+00 | total=5.722320e+07
  DSO node=9 year=2025 day=Winter | base=5.578761e+07 | scenario=0.000000e+00 | total=5.578761e+07
  DSO node=5 year=2035 day=Spring | base=5.561607e+07 | scenario=0.000000e+00 | total=5.561607e+07
[ADMM OF SCALE] Fixed sigma in force sigma_fixed=9.363536e+07 | sigma_computed=9.363536e+07 | ratio=1.000000e+00 | assert_factor=3.000
[ADMM ESSO AL SCALE] mode=sigma_over_median_block_weight | sigma=9.363536e+07 | median_block_weight=4.121075e+02 | al_scale_esso=2.272110e+05
[INFO] 	 - ADMM Iteration 1
[INFO] 		 - Updating distribution networks:
[INFO] 			 - Running SMOPF, Network case33_1, 2025, Spring...
[INFO] 			 - Running SMOPF, Network case33_1, 2025, Summer...
[INFO] 			 - Running SMOPF, Network case33_1, 2025, Autumn...
[INFO] 			 - Running SMOPF, Network case33_1, 2025, Winter...
[INFO] 			 - Running SMOPF, Network case33_1, 2030, Spring...
[INFO] 			 - Running SMOPF, Network case33_1, 2030, Summer...
[INFO] 			 - Running SMOPF, Network case33_1, 2030, Autumn...
[INFO] 			 - Running SMOPF, Network case33_1, 2030, Winter...
[INFO] 			 - Running SMOPF, Network case33_1, 2035, Spring...
[INFO] 			 - Running SMOPF, Network case33_1, 2035, Summer...
[INFO] 			 - Running SMOPF, Network case33_1, 2035, Autumn...
[INFO] 			 - Running SMOPF, Network case33_1, 2035, Winter...
[INFO] 			 - Running SMOPF, Network case33_2, 2025, Spring...
[INFO] 			 - Running SMOPF, Network case33_2, 2025, Summer...
[INFO] 			 - Running SMOPF, Network case33_2, 2025, Autumn...
[INFO] 			 - Running SMOPF, Network case33_2, 2025, Winter...
[INFO] 			 - Running SMOPF, Network case33_2, 2030, Spring...
[INFO] 			 - Running SMOPF, Network case33_2, 2030, Summer...
[INFO] 			 - Running SMOPF, Network case33_2, 2030, Autumn...
[INFO] 			 - Running SMOPF, Network case33_2, 2030, Winter...
[INFO] 			 - Running SMOPF, Network case33_2, 2035, Spring...
[INFO] 			 - Running SMOPF, Network case33_2, 2035, Summer...
[INFO] 			 - Running SMOPF, Network case33_2, 2035, Autumn...
[INFO] 			 - Running SMOPF, Network case33_2, 2035, Winter...
[INFO] 			 - Running SMOPF, Network case33_3, 2025, Spring...
[INFO] 			 - Running SMOPF, Network case33_3, 2025, Summer...
[INFO] 			 - Running SMOPF, Network case33_3, 2025, Autumn...
[INFO] 			 - Running SMOPF, Network case33_3, 2025, Winter...
[INFO] 			 - Running SMOPF, Network case33_3, 2030, Spring...
[INFO] 			 - Running SMOPF, Network case33_3, 2030, Summer...
[INFO] 			 - Running SMOPF, Network case33_3, 2030, Autumn...
[INFO] 			 - Running SMOPF, Network case33_3, 2030, Winter...
[INFO] 			 - Running SMOPF, Network case33_3, 2035, Spring...
[INFO] 			 - Running SMOPF, Network case33_3, 2035, Summer...
[INFO] 			 - Running SMOPF, Network case33_3, 2035, Autumn...
[INFO] 			 - Running SMOPF, Network case33_3, 2035, Winter...
[INFO] 		 - Updating transmission network...
[INFO] 			 - Running SMOPF, Network case9, 2025, Spring...
[INFO] 			 - Running SMOPF, Network case9, 2025, Summer...
[INFO] 			 - Running SMOPF, Network case9, 2025, Autumn...
[INFO] 			 - Running SMOPF, Network case9, 2025, Winter...
[INFO] 			 - Running SMOPF, Network case9, 2030, Spring...
[INFO] 			 - Running SMOPF, Network case9, 2030, Summer...
[INFO] 			 - Running SMOPF, Network case9, 2030, Autumn...
[INFO] 			 - Running SMOPF, Network case9, 2030, Winter...
[INFO] 			 - Running SMOPF, Network case9, 2035, Spring...
[INFO] 			 - Running SMOPF, Network case9, 2035, Summer...
[INFO] 			 - Running SMOPF, Network case9, 2035, Autumn...
[INFO] 			 - Running SMOPF, Network case9, 2035, Winter...
[TSO PROX] cycle=1 | updated_blocks=12 | held_failed_blocks=0 | V max=0.016173 | PF max=0.275997 | ESS max=0.022539
[TSO PROX][V MAX] node=9, year=2035, day=Summer, period=20 | dV=5.579774 kV | normalized=0.016173
[TSO PROX][PF MAX] node=5, year=2025, day=Spring, period=9, type=P | delta=55.199499 MW | normalized=0.275997
[TSO PROX][ESS MAX] node=5, year=2035, day=Spring, period=15, type=P | delta=0.112695 MW | normalized=0.022539
[INFO] 		 - Updating SharedESS...
[INFO] 		 - Running Shared ESS optimization (subproblem)...
[INFO] 			 - Node 5...
[INFO] Shared ESS complementarity diagnostics for ESS node=5: ratio_max=9.338717e-06 n_periods=288 mu_final=1.197496e-11 s_obj=1.000000e-01 eps=1.000000e-05 bound=3.448789e-03 measured=2.999821e-03
[INFO] 			 - Node 7...
[INFO] Shared ESS complementarity diagnostics for ESS node=7: ratio_max=9.392493e-06 n_periods=288 mu_final=1.091296e-11 s_obj=1.000000e-01 eps=1.000000e-05 bound=3.142933e-03 measured=3.164025e-03
[INFO] 			 - Node 9...
[INFO] Shared ESS complementarity diagnostics for ESS node=9: ratio_max=9.373227e-06 n_periods=288 mu_final=1.126506e-11 s_obj=1.000000e-01 eps=1.000000e-05 bound=3.244336e-03 measured=3.282724e-03
[DIAG][V MAX] node=5, year=2035, day=Winter, period=4 | TSO=349.497860 kV, DSO=343.197461 kV, diff=6.300399 kV, base=345.000000 kV, normalized=0.018262, rho(TSO/DSO)=0.007700/0.007700
[DIAG][PF MAX] node=7, year=2035, day=Spring, period=14, type=P | TSO=51.795926 MW, DSO=84.359938 MW, diff=32.564012 MW, rating=100.000000 MVA, normalized=0.325640, rho(TSO/DSO)=0.198000/0.198000
[INFO]		 - interface Vmag max primal residual failed. 0.018262 > 0.010000
[INFO]		 - interface Vmag mean primal residual failed. 0.007267 > 0.001000
[INFO]		 - interface PF max primal residual failed. 0.325640 > 0.010000
[INFO]		 - interface PF mean primal residual failed. 0.061826 > 0.001000
[INFO]		 - interface PF mean dual residual failed. 0.023562 > 0.010000
[INFO]		 - Recourse stationarity requires one previous successful cycle.
[ADMM RHO] V | primal max ratio=1.826 | primal mean ratio=7.267 | primal selected=7.267 | dual mean ratio=0.004 | increase threshold=5.0 | decrease threshold=5.0 | action=increased
[ADMM RHO BOYD] V | r=2.476410e-01 | s=2.001295e-03 | eps_pri=3.241882e-03 | eps_dual=2.940803e-04 | primal_ratio=7.638806e+01 | dual_ratio=6.805267e+00 | dual_ratio_balance=4.812051e+00 | rho_before=7.700000e-03 | rho_after=1.155000e-02 | gamma_before=7.700000e-03 | gamma_after=1.155000e-02 | action=increased
[ADMM RHO] PF | primal max ratio=32.564 | primal mean ratio=61.826 | primal selected=61.826 | dual mean ratio=2.356 | increase threshold=5.0 | decrease threshold=3.0 | action=held
[ADMM RHO BOYD] PF | r=3.486759e+00 | s=1.444610e+00 | eps_pri=1.386918e-03 | eps_dual=5.195665e-04 | primal_ratio=2.514033e+03 | dual_ratio=2.780413e+03 | dual_ratio_balance=1.966049e+03 | rho_before=1.980000e-01 | rho_after=1.980000e-01 | gamma_before=1.980000e-01 | gamma_after=1.980000e-01 | action=held
[ADMM RHO] ESS | primal max ratio=0.150 | primal mean ratio=0.144 | primal selected=0.150 | dual mean ratio=0.005 | increase threshold=5.0 | decrease threshold=5.0 | action=increased
[ADMM RHO BOYD] ESS | r=1.977302e-01 | s=1.398212e-02 | eps_pri=7.442388e-04 | eps_dual=7.209887e-04 | primal_ratio=2.656811e+02 | dual_ratio=1.939298e+01 | dual_ratio_balance=9.698380e+00 | rho_before=5.000000e-02 | rho_after=7.500000e-02 | gamma_before=5.000000e-02 | gamma_after=7.500000e-02 | action=increased
[INFO]		 - ADMM cycle 1 | Primal (V max/mean | PF max/mean | ESS max/mean) = 0.018262/0.007267 | 0.325640/0.061826 | 0.015014/0.001444 | Dual (V max/mean | PF max/mean | ESS max/mean) = 0.000126/0.000039 | 0.128943/0.023562 | 0.000376/0.000054 | Recourse change = N/A (tol. N/A) | Stable cycles = 0/3 | Penalty actions (V/PF/ESS) = increased/held/increased
[INFO] 	 - Iteration 1: 30.74 s
[INFO] 	 - ADMM Iteration 2
[INFO] 		 - Updating distribution networks:
[INFO] 			 - Running SMOPF, Network case33_1, 2025, Spring...
[INFO] 			 - Running SMOPF, Network case33_1, 2025, Summer...
[INFO] 			 - Running SMOPF, Network case33_1, 2025, Autumn...
[INFO] 			 - Running SMOPF, Network case33_1, 2025, Winter...
[INFO] 			 - Running SMOPF, Network case33_1, 2030, Spring...
[INFO] 			 - Running SMOPF, Network case33_1, 2030, Summer...
[INFO] 			 - Running SMOPF, Network case33_1, 2030, Autumn...
[INFO] 			 - Running SMOPF, Network case33_1, 2030, Winter...
[INFO] 			 - Running SMOPF, Network case33_1, 2035, Spring...
[INFO] 			 - Running SMOPF, Network case33_1, 2035, Summer...
[INFO] 			 - Running SMOPF, Network case33_1, 2035, Autumn...
[INFO] 			 - Running SMOPF, Network case33_1, 2035, Winter...
[INFO] 			 - Running SMOPF, Network case33_2, 2025, Spring...
[INFO] 			 - Running SMOPF, Network case33_2, 2025, Summer...
[INFO] 			 - Running SMOPF, Network case33_2, 2025, Autumn...
[INFO] 			 - Running SMOPF, Network case33_2, 2025, Winter...
[INFO] 			 - Running SMOPF, Network case33_2, 2030, Spring...
[INFO] 			 - Running SMOPF, Network case33_2, 2030, Summer...
[INFO] 			 - Running SMOPF, Network case33_2, 2030, Autumn...
[INFO] 			 - Running SMOPF, Network case33_2, 2030, Winter...
[INFO] 			 - Running SMOPF, Network case33_2, 2035, Spring...
[INFO] 			 - Running SMOPF, Network case33_2, 2035, Summer...
[INFO] 			 - Running SMOPF, Network case33_2, 2035, Autumn...
[INFO] 			 - Running SMOPF, Network case33_2, 2035, Winter...
[INFO] 			 - Running SMOPF, Network case33_3, 2025, Spring...
[INFO] 			 - Running SMOPF, Network case33_3, 2025, Summer...
[INFO] 			 - Running SMOPF, Network case33_3, 2025, Autumn...
[INFO] 			 - Running SMOPF, Network case33_3, 2025, Winter...
[INFO] 			 - Running SMOPF, Network case33_3, 2030, Spring...
[INFO] 			 - Running SMOPF, Network case33_3, 2030, Summer...
[INFO] 			 - Running SMOPF, Network case33_3, 2030, Autumn...
[INFO] 			 - Running SMOPF, Network case33_3, 2030, Winter...
[INFO] 			 - Running SMOPF, Network case33_3, 2035, Spring...
[INFO] 			 - Running SMOPF, Network case33_3, 2035, Summer...
[INFO] 			 - Running SMOPF, Network case33_3, 2035, Autumn...
[INFO] 			 - Running SMOPF, Network case33_3, 2035, Winter...
[INFO] 		 - Updating transmission network...
[INFO] 			 - Running SMOPF, Network case9, 2025, Spring...
[INFO] 			 - Running SMOPF, Network case9, 2025, Summer...
[INFO] 			 - Running SMOPF, Network case9, 2025, Autumn...
[INFO] 			 - Running SMOPF, Network case9, 2025, Winter...
[INFO] 			 - Running SMOPF, Network case9, 2030, Spring...
[INFO] 			 - Running SMOPF, Network case9, 2030, Summer...
[INFO] 			 - Running SMOPF, Network case9, 2030, Autumn...
[INFO] 			 - Running SMOPF, Network case9, 2030, Winter...
[INFO] 			 - Running SMOPF, Network case9, 2035, Spring...
[INFO] 			 - Running SMOPF, Network case9, 2035, Summer...
[INFO] 			 - Running SMOPF, Network case9, 2035, Autumn...
[INFO] 			 - Running SMOPF, Network case9, 2035, Winter...
[TSO PROX] cycle=2 | updated_blocks=12 | held_failed_blocks=0 | V max=0.015352 | PF max=0.193088 | ESS max=0.002534
[TSO PROX][V MAX] node=5, year=2025, day=Winter, period=22 | dV=5.296468 kV | normalized=0.015352
[TSO PROX][PF MAX] node=5, year=2025, day=Spring, period=12, type=P | delta=38.617668 MW | normalized=0.193088
[TSO PROX][ESS MAX] node=5, year=2035, day=Spring, period=15, type=P | delta=0.012670 MW | normalized=0.002534
[INFO] 		 - Updating SharedESS...
[INFO] 		 - Running Shared ESS optimization (subproblem)...
[INFO] 			 - Node 5...
[INFO] Shared ESS complementarity diagnostics for ESS node=5: ratio_max=5.669654e-06 n_periods=288 mu_final=1.371191e-11 s_obj=1.000000e-01 eps=1.000000e-05 bound=3.949030e-03 measured=2.636688e-03
[INFO] 			 - Node 7...
[INFO] Shared ESS complementarity diagnostics for ESS node=7: ratio_max=5.663976e-06 n_periods=288 mu_final=1.445279e-11 s_obj=1.000000e-01 eps=1.000000e-05 bound=4.162403e-03 measured=2.636969e-03
[INFO] 			 - Node 9...
[INFO] Shared ESS complementarity diagnostics for ESS node=9: ratio_max=5.668229e-06 n_periods=288 mu_final=1.350150e-11 s_obj=1.000000e-01 eps=1.000000e-05 bound=3.888433e-03 measured=2.637124e-03
[DIAG][PF MAX] node=5, year=2035, day=Summer, period=22, type=P | TSO=67.837258 MW, DSO=32.140524 MW, diff=35.696735 MW, rating=200.000000 MVA, normalized=0.178484, rho(TSO/DSO)=0.198000/0.198000
[INFO]		 - interface Vmag mean primal residual failed. 0.002836 > 0.001000
[INFO]		 - interface PF max primal residual failed. 0.178484 > 0.010000
[INFO]		 - interface PF mean primal residual failed. 0.061376 > 0.001000
[INFO]		 - Dual residuals ok!
[RECOURSE JUMP] cycle=2 | abs_change=2.171668e+08 | tol=1.124884e+05 | signed_change=+2.171668e+08
[RECOURSE JUMP] Reconciliation | previous=9.077167e+08 | current=1.124884e+09 | block_delta=+2.171668e+08 | mismatch=+2.384186e-07
[RECOURSE JUMP] Aggregate signed changes:
  TSO | delta=+2.835092e+08
  DSO node=9 | delta=-2.669002e+07
  DSO node=5 | delta=-2.007487e+07
  DSO node=7 | delta=-1.957750e+07
  SALVAGE | delta=-7.247318e-35
[RECOURSE JUMP] Largest 10 block changes:
  TSO node=None year=2025 day=Winter | previous=8.433184e+07 | current=1.261616e+08 | delta=+4.182972e+07 | abs_delta=4.182972e+07
    [RECOURSE JUMP][TSO PROX] year=2025 day=Winter | V max=0.015352 | PF max=0.113869 | ESS max=0.000897
    [RECOURSE COMPONENTS] gen=+4.182972e+07 | flex=+0.000000e+00 | load_curt=+0.000000e+00 | res_curt=+0.000000e+00 | ess_usage=+0.000000e+00 | slacks=+1.101683e-07 | ess_comp=+3.235019e-06
    [SLACK COMPONENTS] voltage=+1.101683e-07 | node_P=+0.000000e+00 | node_Q=+0.000000e+00 | branch_ij=+0.000000e+00 | branch_ji=+0.000000e+00 | flex_P=+0.000000e+00 | flex_Q=+0.000000e+00
    [SLACK COMPONENT CHECK] classified_delta=+1.101683e-07 | objective_slack_delta=+1.101683e-07 | mismatch=+0.000000e+00
    [RECOURSE COMPONENT CHECK] classified_delta=+4.182972e+07 | block_delta=+4.182972e+07 | mismatch=-7.450581e-09
  TSO node=None year=2025 day=Autumn | previous=7.690149e+07 | current=1.153264e+08 | delta=+3.842490e+07 | abs_delta=3.842490e+07
    [RECOURSE JUMP][TSO PROX] year=2025 day=Autumn | V max=0.014730 | PF max=0.117667 | ESS max=0.001454
    [RECOURSE COMPONENTS] gen=+3.842490e+07 | flex=+0.000000e+00 | load_curt=+0.000000e+00 | res_curt=+0.000000e+00 | ess_usage=+0.000000e+00 | slacks=-1.195417e-10 | ess_comp=+3.452285e-06
    [SLACK COMPONENTS] voltage=-1.195417e-10 | node_P=+0.000000e+00 | node_Q=+0.000000e+00 | branch_ij=+0.000000e+00 | branch_ji=+0.000000e+00 | flex_P=+0.000000e+00 | flex_Q=+0.000000e+00
    [SLACK COMPONENT CHECK] classified_delta=-1.195417e-10 | objective_slack_delta=-1.195417e-10 | mismatch=+0.000000e+00
    [RECOURSE COMPONENT CHECK] classified_delta=+3.842490e+07 | block_delta=+3.842490e+07 | mismatch=-7.450581e-09
  TSO node=None year=2025 day=Summer | previous=7.989406e+07 | current=1.155836e+08 | delta=+3.568951e+07 | abs_delta=3.568951e+07
    [RECOURSE JUMP][TSO PROX] year=2025 day=Summer | V max=0.012248 | PF max=0.141727 | ESS max=0.001507
    [RECOURSE COMPONENTS] gen=+3.568951e+07 | flex=+0.000000e+00 | load_curt=+0.000000e+00 | res_curt=+0.000000e+00 | ess_usage=+0.000000e+00 | slacks=+8.966204e-09 | ess_comp=+2.590087e-06
    [SLACK COMPONENTS] voltage=+8.966204e-09 | node_P=+0.000000e+00 | node_Q=+0.000000e+00 | branch_ij=+0.000000e+00 | branch_ji=+0.000000e+00 | flex_P=+0.000000e+00 | flex_Q=+0.000000e+00
    [SLACK COMPONENT CHECK] classified_delta=+8.966204e-09 | objective_slack_delta=+8.966204e-09 | mismatch=+0.000000e+00
    [RECOURSE COMPONENT CHECK] classified_delta=+3.568951e+07 | block_delta=+3.568951e+07 | mismatch=+7.450581e-09
  TSO node=None year=2025 day=Spring | previous=7.624293e+07 | current=1.061246e+08 | delta=+2.988164e+07 | abs_delta=2.988164e+07
    [RECOURSE JUMP][TSO PROX] year=2025 day=Spring | V max=0.011892 | PF max=0.193088 | ESS max=0.002211
    [RECOURSE COMPONENTS] gen=+2.988164e+07 | flex=+0.000000e+00 | load_curt=+0.000000e+00 | res_curt=+0.000000e+00 | ess_usage=+0.000000e+00 | slacks=+3.340452e-08 | ess_comp=+1.258096e-06
    [SLACK COMPONENTS] voltage=+3.340452e-08 | node_P=+0.000000e+00 | node_Q=+0.000000e+00 | branch_ij=+0.000000e+00 | branch_ji=+0.000000e+00 | flex_P=+0.000000e+00 | flex_Q=+0.000000e+00
    [SLACK COMPONENT CHECK] classified_delta=+3.340452e-08 | objective_slack_delta=+3.340452e-08 | mismatch=+0.000000e+00
    [RECOURSE COMPONENT CHECK] classified_delta=+2.988164e+07 | block_delta=+2.988164e+07 | mismatch=-3.725290e-09
  TSO node=None year=2030 day=Summer | previous=5.799100e+07 | current=8.074737e+07 | delta=+2.275637e+07 | abs_delta=2.275637e+07
    [RECOURSE JUMP][TSO PROX] year=2030 day=Summer | V max=0.009116 | PF max=0.100014 | ESS max=0.001640
    [RECOURSE COMPONENTS] gen=+2.275637e+07 | flex=+0.000000e+00 | load_curt=+0.000000e+00 | res_curt=+0.000000e+00 | ess_usage=+0.000000e+00 | slacks=+2.559639e-08 | ess_comp=+1.479271e-06
    [SLACK COMPONENTS] voltage=+2.559639e-08 | node_P=+0.000000e+00 | node_Q=+0.000000e+00 | branch_ij=+0.000000e+00 | branch_ji=+0.000000e+00 | flex_P=+0.000000e+00 | flex_Q=+0.000000e+00
    [SLACK COMPONENT CHECK] classified_delta=+2.559639e-08 | objective_slack_delta=+2.559639e-08 | mismatch=+0.000000e+00
    [RECOURSE COMPONENT CHECK] classified_delta=+2.275637e+07 | block_delta=+2.275637e+07 | mismatch=+0.000000e+00
  TSO node=None year=2030 day=Winter | previous=4.123478e+07 | current=6.060590e+07 | delta=+1.937112e+07 | abs_delta=1.937112e+07
    [RECOURSE JUMP][TSO PROX] year=2030 day=Winter | V max=0.012619 | PF max=0.092128 | ESS max=0.001016
    [RECOURSE COMPONENTS] gen=+1.937112e+07 | flex=+0.000000e+00 | load_curt=+0.000000e+00 | res_curt=+0.000000e+00 | ess_usage=+0.000000e+00 | slacks=+9.449235e-08 | ess_comp=+3.105374e-06
    [SLACK COMPONENTS] voltage=+9.449235e-08 | node_P=+0.000000e+00 | node_Q=+0.000000e+00 | branch_ij=+0.000000e+00 | branch_ji=+0.000000e+00 | flex_P=+0.000000e+00 | flex_Q=+0.000000e+00
    [SLACK COMPONENT CHECK] classified_delta=+9.449235e-08 | objective_slack_delta=+9.449235e-08 | mismatch=+0.000000e+00
    [RECOURSE COMPONENT CHECK] classified_delta=+1.937112e+07 | block_delta=+1.937112e+07 | mismatch=+3.725290e-09
  TSO node=None year=2030 day=Spring | previous=5.604914e+07 | current=7.444288e+07 | delta=+1.839373e+07 | abs_delta=1.839373e+07
    [RECOURSE JUMP][TSO PROX] year=2030 day=Spring | V max=0.009812 | PF max=0.176865 | ESS max=0.002248
    [RECOURSE COMPONENTS] gen=+1.839373e+07 | flex=+0.000000e+00 | load_curt=+0.000000e+00 | res_curt=+0.000000e+00 | ess_usage=+0.000000e+00 | slacks=-1.263390e-07 | ess_comp=-6.177868e-07
    [SLACK COMPONENTS] voltage=-1.263390e-07 | node_P=+0.000000e+00 | node_Q=+0.000000e+00 | branch_ij=+0.000000e+00 | branch_ji=+0.000000e+00 | flex_P=+0.000000e+00 | flex_Q=+0.000000e+00
    [SLACK COMPONENT CHECK] classified_delta=-1.263390e-07 | objective_slack_delta=-1.263390e-07 | mismatch=+0.000000e+00
    [RECOURSE COMPONENT CHECK] classified_delta=+1.839373e+07 | block_delta=+1.839373e+07 | mismatch=+0.000000e+00
  TSO node=None year=2035 day=Winter | previous=3.733304e+07 | current=5.515057e+07 | delta=+1.781753e+07 | abs_delta=1.781753e+07
    [RECOURSE JUMP][TSO PROX] year=2035 day=Winter | V max=0.013031 | PF max=0.093376 | ESS max=0.000638
    [RECOURSE COMPONENTS] gen=+1.781753e+07 | flex=+0.000000e+00 | load_curt=+0.000000e+00 | res_curt=+0.000000e+00 | ess_usage=+0.000000e+00 | slacks=+3.024752e-08 | ess_comp=+2.956291e-06
    [SLACK COMPONENTS] voltage=+3.024752e-08 | node_P=+0.000000e+00 | node_Q=+0.000000e+00 | branch_ij=+0.000000e+00 | branch_ji=+0.000000e+00 | flex_P=+0.000000e+00 | flex_Q=+0.000000e+00
    [SLACK COMPONENT CHECK] classified_delta=+3.024752e-08 | objective_slack_delta=+3.024752e-08 | mismatch=+0.000000e+00
    [RECOURSE COMPONENT CHECK] classified_delta=+1.781753e+07 | block_delta=+1.781753e+07 | mismatch=+7.450581e-09
  TSO node=None year=2035 day=Summer | previous=5.537299e+07 | current=7.176172e+07 | delta=+1.638873e+07 | abs_delta=1.638873e+07
    [RECOURSE JUMP][TSO PROX] year=2035 day=Summer | V max=0.014380 | PF max=0.098422 | ESS max=0.001449
    [RECOURSE COMPONENTS] gen=+1.638873e+07 | flex=+0.000000e+00 | load_curt=+0.000000e+00 | res_curt=-0.000000e+00 | ess_usage=+0.000000e+00 | slacks=+7.315748e-11 | ess_comp=+8.299874e-05
    [SLACK COMPONENTS] voltage=+7.315748e-11 | node_P=+0.000000e+00 | node_Q=+0.000000e+00 | branch_ij=+0.000000e+00 | branch_ji=+0.000000e+00 | flex_P=+0.000000e+00 | flex_Q=+0.000000e+00
    [SLACK COMPONENT CHECK] classified_delta=+7.315748e-11 | objective_slack_delta=+7.315748e-11 | mismatch=+0.000000e+00
    [RECOURSE COMPONENT CHECK] classified_delta=+1.638873e+07 | block_delta=+1.638873e+07 | mismatch=+7.450581e-09
  TSO node=None year=2035 day=Spring | previous=6.192946e+07 | current=7.772307e+07 | delta=+1.579361e+07 | abs_delta=1.579361e+07
    [RECOURSE JUMP][TSO PROX] year=2035 day=Spring | V max=0.011979 | PF max=0.156989 | ESS max=0.002534
    [RECOURSE COMPONENTS] gen=+1.579361e+07 | flex=+0.000000e+00 | load_curt=+0.000000e+00 | res_curt=+0.000000e+00 | ess_usage=+0.000000e+00 | slacks=-7.261413e-09 | ess_comp=+8.820035e-07
    [SLACK COMPONENTS] voltage=-7.261413e-09 | node_P=+0.000000e+00 | node_Q=+0.000000e+00 | branch_ij=+0.000000e+00 | branch_ji=+0.000000e+00 | flex_P=+0.000000e+00 | flex_Q=+0.000000e+00
    [SLACK COMPONENT CHECK] classified_delta=-7.261413e-09 | objective_slack_delta=-7.261413e-09 | mismatch=+0.000000e+00
    [RECOURSE COMPONENT CHECK] classified_delta=+1.579361e+07 | block_delta=+1.579361e+07 | mismatch=+1.862645e-08
[INFO]		 - Recourse stationarity failed. 217166798.689157 > 112488.351436
[ADMM RHO] V | primal max ratio=0.844 | primal mean ratio=2.836 | primal selected=2.836 | dual mean ratio=0.010 | increase threshold=5.0 | decrease threshold=5.0 | action=held
[ADMM RHO BOYD] V | r=9.863873e-02 | s=3.208577e-03 | eps_pri=3.259250e-03 | eps_dual=2.941656e-04 | primal_ratio=3.026424e+01 | dual_ratio=1.090738e+01 | dual_ratio_balance=7.712685e+00 | rho_before=1.155000e-02 | rho_after=1.155000e-02 | gamma_before=1.155000e-02 | gamma_after=1.155000e-02 | action=held
[ADMM RHO] PF | primal max ratio=17.848 | primal mean ratio=61.376 | primal selected=61.376 | dual mean ratio=0.987 | increase threshold=5.0 | decrease threshold=3.0 | action=held
[ADMM RHO BOYD] PF | r=2.815635e+00 | s=7.135658e-01 | eps_pri=1.421831e-03 | eps_dual=4.682979e-04 | primal_ratio=1.980288e+03 | dual_ratio=1.523743e+03 | dual_ratio_balance=1.077449e+03 | rho_before=1.980000e-01 | rho_after=1.980000e-01 | gamma_before=1.980000e-01 | gamma_after=1.980000e-01 | action=held
[ADMM RHO] ESS | primal max ratio=0.084 | primal mean ratio=0.079 | primal selected=0.084 | dual mean ratio=0.010 | increase threshold=5.0 | decrease threshold=5.0 | action=increased
[ADMM RHO BOYD] ESS | r=1.083600e-01 | s=1.288036e-02 | eps_pri=7.528206e-04 | eps_dual=7.218007e-04 | primal_ratio=1.439387e+02 | dual_ratio=1.784476e+01 | dual_ratio_balance=1.763999e+01 | rho_before=7.500000e-02 | rho_after=1.125000e-01 | gamma_before=7.500000e-02 | gamma_after=1.125000e-01 | action=increased
[INFO]		 - ADMM cycle 2 | Primal (V max/mean | PF max/mean | ESS max/mean) = 0.008435/0.002836 | 0.178484/0.061376 | 0.008355/0.000793 | Dual (V max/mean | PF max/mean | ESS max/mean) = 0.000331/0.000095 | 0.063754/0.009871 | 0.000689/0.000099 | Recourse change = 217166798.689157 (tol. 112488.351436) | Stable cycles = 0/3 | Penalty actions (V/PF/ESS) = held/held/increased
[INFO] 	 - Iteration 2: 30.70 s
[WARNING] 	 - ADMM did NOT converge in 2 iterations!
[INFO] 	 - Execution time: 86.87 s
