18:50:41 [S45-A0] memory preflight: available (memsize - wired - anonymous - compressor-occupied) = 20.74 GiB [wired 1.96, anonymous 7.54, compressor-occupied 1.75, memsize 32.00]; free+inactive = 17.38 GiB (recorded only); required 19.25 GiB (hw.memsize - (wired + anonymous + compressor-occupied) x page size >= 7 x 2.75 GiB) -> PASS; vm_stat pages {'pages_free': 241241, 'pages_active': 634128, 'pages_inactive': 897935, 'pages_speculative': 31359, 'pages_wired_down': 128620, 'pages_purgeable': 18117, 'file_backed_pages': 1069256, 'anonymous_pages': 494166, 'pages_stored_in_compressor': 272711, 'pages_occupied_by_compressor': 115004}
18:50:41 [S45-A0] preconditions passed; spec data/SRP1/Results/P515S45/campaign_s45_a0_c7/campaign_spec_s45_a0_c7_9d08ad2f.json sha256=9d08ad2f144b67ea97dae8dc25d91288fc86a77dd52c7f53276a52c5f00f8b34; git HEAD 99b81181bf51261eabb2b393d74955b16a43b1c5 (spec frozen at 8bd0102c6cc4b4a9e2773839ebc7aa72783b718a)
18:50:41 [S45-A0] campaign lock acquired: {'pid': 25385, 'campaign_id': 's45_a0_c7', 'campaign_spec_sha256': '9d08ad2f144b67ea97dae8dc25d91288fc86a77dd52c7f53276a52c5f00f8b34', 'started_utc': '2026-09-19T18:50:41.999819+00:00'}
18:50:41 [S45-A0] launching batch 1: ['x0', 'n5_p0.25_e0.5', 'n5_p0.25_e1.0', 'n7_p0.25_e0.5', 'n7_p0.25_e1.0', 'n9_p0.25_e0.5', 'n9_p0.25_e1.0'] (concurrency 7)
18:50:42 [S44-HARNESS] launched x0 (key 8435c71859ddde68) pid=25396
18:50:42 [S44-HARNESS] launched n5_p0.25_e0.5 (key 33031c083b68c655) pid=25397
18:50:42 [S44-HARNESS] launched n5_p0.25_e1.0 (key 1821665996ec6edb) pid=25398
18:50:42 [S44-HARNESS] launched n7_p0.25_e0.5 (key 56b9730bfb7b78c7) pid=25399
18:50:42 [S44-HARNESS] launched n7_p0.25_e1.0 (key db77e1549af855bc) pid=25400
18:50:42 [S44-HARNESS] launched n9_p0.25_e0.5 (key c50a0e021a232e7d) pid=25401
18:50:42 [S44-HARNESS] launched n9_p0.25_e1.0 (key a361ac9321459482) pid=25402
18:50:42 [S44-HARNESS] heartbeat x0: 0s cycle=None; n5_p0.25_e0.5: 0s cycle=None; n5_p0.25_e1.0: 0s cycle=None; n7_p0.25_e0.5: 0s cycle=None; n7_p0.25_e1.0: 0s cycle=None; n9_p0.25_e0.5: 0s cycle=None; n9_p0.25_e1.0: 0s cycle=None
18:51:42 [S44-HARNESS] heartbeat x0: 60s cycle=None; n5_p0.25_e0.5: 60s cycle=None; n5_p0.25_e1.0: 60s cycle=None; n7_p0.25_e0.5: 60s cycle=None; n7_p0.25_e1.0: 60s cycle=None; n9_p0.25_e0.5: 60s cycle=None; n9_p0.25_e1.0: 60s cycle=None
18:52:42 [S44-HARNESS] heartbeat x0: 120s cycle=2; n5_p0.25_e0.5: 120s cycle=1; n5_p0.25_e1.0: 120s cycle=1; n7_p0.25_e0.5: 120s cycle=2; n7_p0.25_e1.0: 120s cycle=1; n9_p0.25_e0.5: 120s cycle=1; n9_p0.25_e1.0: 120s cycle=1
18:53:42 [S44-HARNESS] heartbeat x0: 180s cycle=4; n5_p0.25_e0.5: 180s cycle=3; n5_p0.25_e1.0: 180s cycle=3; n7_p0.25_e0.5: 180s cycle=3; n7_p0.25_e1.0: 180s cycle=3; n9_p0.25_e0.5: 180s cycle=3; n9_p0.25_e1.0: 180s cycle=3
18:54:42 [S44-HARNESS] heartbeat x0: 240s cycle=6; n5_p0.25_e0.5: 240s cycle=5; n5_p0.25_e1.0: 240s cycle=5; n7_p0.25_e0.5: 240s cycle=5; n7_p0.25_e1.0: 240s cycle=5; n9_p0.25_e0.5: 240s cycle=5; n9_p0.25_e1.0: 240s cycle=5
18:55:42 [S44-HARNESS] heartbeat x0: 300s cycle=8; n5_p0.25_e0.5: 300s cycle=6; n5_p0.25_e1.0: 300s cycle=7; n7_p0.25_e0.5: 300s cycle=7; n7_p0.25_e1.0: 300s cycle=7; n9_p0.25_e0.5: 300s cycle=7; n9_p0.25_e1.0: 300s cycle=6
18:56:42 [S44-HARNESS] heartbeat x0: 360s cycle=10; n5_p0.25_e0.5: 360s cycle=8; n5_p0.25_e1.0: 360s cycle=8; n7_p0.25_e0.5: 360s cycle=8; n7_p0.25_e1.0: 360s cycle=8; n9_p0.25_e0.5: 360s cycle=8; n9_p0.25_e1.0: 360s cycle=8
18:57:42 [S44-HARNESS] heartbeat x0: 421s cycle=12; n5_p0.25_e0.5: 421s cycle=10; n5_p0.25_e1.0: 421s cycle=10; n7_p0.25_e0.5: 421s cycle=10; n7_p0.25_e1.0: 421s cycle=10; n9_p0.25_e0.5: 421s cycle=10; n9_p0.25_e1.0: 421s cycle=10
18:58:42 [S44-HARNESS] heartbeat x0: 481s cycle=14; n5_p0.25_e0.5: 481s cycle=11; n5_p0.25_e1.0: 481s cycle=12; n7_p0.25_e0.5: 481s cycle=12; n7_p0.25_e1.0: 481s cycle=12; n9_p0.25_e0.5: 481s cycle=12; n9_p0.25_e1.0: 481s cycle=12
18:59:42 [S44-HARNESS] heartbeat x0: 541s cycle=16; n5_p0.25_e0.5: 541s cycle=13; n5_p0.25_e1.0: 541s cycle=13; n7_p0.25_e0.5: 541s cycle=14; n7_p0.25_e1.0: 541s cycle=13; n9_p0.25_e0.5: 541s cycle=13; n9_p0.25_e1.0: 541s cycle=13
19:00:42 [S44-HARNESS] heartbeat x0: 601s cycle=18; n5_p0.25_e0.5: 601s cycle=15; n5_p0.25_e1.0: 601s cycle=15; n7_p0.25_e0.5: 601s cycle=15; n7_p0.25_e1.0: 601s cycle=15; n9_p0.25_e0.5: 601s cycle=15; n9_p0.25_e1.0: 601s cycle=15
19:01:43 [S44-HARNESS] heartbeat x0: 661s cycle=20; n5_p0.25_e0.5: 661s cycle=17; n5_p0.25_e1.0: 661s cycle=17; n7_p0.25_e0.5: 661s cycle=17; n7_p0.25_e1.0: 661s cycle=17; n9_p0.25_e0.5: 661s cycle=17; n9_p0.25_e1.0: 661s cycle=17
19:02:43 [S44-HARNESS] heartbeat x0: 721s cycle=22; n5_p0.25_e0.5: 721s cycle=18; n5_p0.25_e1.0: 721s cycle=19; n7_p0.25_e0.5: 721s cycle=19; n7_p0.25_e1.0: 721s cycle=19; n9_p0.25_e0.5: 721s cycle=19; n9_p0.25_e1.0: 721s cycle=19
19:03:43 [S44-HARNESS] heartbeat x0: 781s cycle=24; n5_p0.25_e0.5: 781s cycle=20; n5_p0.25_e1.0: 781s cycle=20; n7_p0.25_e0.5: 781s cycle=21; n7_p0.25_e1.0: 781s cycle=21; n9_p0.25_e0.5: 781s cycle=21; n9_p0.25_e1.0: 781s cycle=20
19:04:43 [S44-HARNESS] heartbeat x0: 841s cycle=26; n5_p0.25_e0.5: 841s cycle=22; n5_p0.25_e1.0: 841s cycle=22; n7_p0.25_e0.5: 841s cycle=23; n7_p0.25_e1.0: 841s cycle=22; n9_p0.25_e0.5: 841s cycle=23; n9_p0.25_e1.0: 841s cycle=22
19:05:43 [S44-HARNESS] heartbeat x0: 901s cycle=28; n5_p0.25_e0.5: 901s cycle=24; n5_p0.25_e1.0: 901s cycle=24; n7_p0.25_e0.5: 901s cycle=25; n7_p0.25_e1.0: 901s cycle=24; n9_p0.25_e0.5: 901s cycle=24; n9_p0.25_e1.0: 901s cycle=24
19:06:43 [S44-HARNESS] heartbeat x0: 962s cycle=30; n5_p0.25_e0.5: 962s cycle=26; n5_p0.25_e1.0: 961s cycle=26; n7_p0.25_e0.5: 961s cycle=26; n7_p0.25_e1.0: 961s cycle=26; n9_p0.25_e0.5: 961s cycle=26; n9_p0.25_e1.0: 961s cycle=26
19:07:43 [S44-HARNESS] heartbeat x0: 1022s cycle=32; n5_p0.25_e0.5: 1022s cycle=28; n5_p0.25_e1.0: 1022s cycle=28; n7_p0.25_e0.5: 1022s cycle=28; n7_p0.25_e1.0: 1022s cycle=28; n9_p0.25_e0.5: 1022s cycle=28; n9_p0.25_e1.0: 1022s cycle=28
19:08:43 [S44-HARNESS] heartbeat x0: 1082s cycle=34; n5_p0.25_e0.5: 1082s cycle=29; n5_p0.25_e1.0: 1082s cycle=29; n7_p0.25_e0.5: 1082s cycle=30; n7_p0.25_e1.0: 1082s cycle=30; n9_p0.25_e0.5: 1082s cycle=30; n9_p0.25_e1.0: 1082s cycle=29
19:09:43 [S44-HARNESS] heartbeat x0: 1142s cycle=36; n5_p0.25_e0.5: 1142s cycle=31; n5_p0.25_e1.0: 1142s cycle=31; n7_p0.25_e0.5: 1142s cycle=32; n7_p0.25_e1.0: 1142s cycle=32; n9_p0.25_e0.5: 1142s cycle=32; n9_p0.25_e1.0: 1142s cycle=31
19:10:43 [S44-HARNESS] heartbeat x0: 1202s cycle=38; n5_p0.25_e0.5: 1202s cycle=33; n5_p0.25_e1.0: 1202s cycle=33; n7_p0.25_e0.5: 1202s cycle=34; n7_p0.25_e1.0: 1202s cycle=33; n9_p0.25_e0.5: 1202s cycle=33; n9_p0.25_e1.0: 1202s cycle=33
19:11:44 [S44-HARNESS] heartbeat x0: 1262s cycle=40; n5_p0.25_e0.5: 1262s cycle=35; n5_p0.25_e1.0: 1262s cycle=35; n7_p0.25_e0.5: 1262s cycle=36; n7_p0.25_e1.0: 1262s cycle=35; n9_p0.25_e0.5: 1262s cycle=35; n9_p0.25_e1.0: 1262s cycle=35
19:12:44 [S44-HARNESS] heartbeat x0: 1322s cycle=42; n5_p0.25_e0.5: 1322s cycle=37; n5_p0.25_e1.0: 1322s cycle=37; n7_p0.25_e0.5: 1322s cycle=38; n7_p0.25_e1.0: 1322s cycle=37; n9_p0.25_e0.5: 1322s cycle=37; n9_p0.25_e1.0: 1322s cycle=37
19:13:44 [S44-HARNESS] heartbeat x0: 1382s cycle=44; n5_p0.25_e0.5: 1382s cycle=38; n5_p0.25_e1.0: 1382s cycle=39; n7_p0.25_e0.5: 1382s cycle=39; n7_p0.25_e1.0: 1382s cycle=39; n9_p0.25_e0.5: 1382s cycle=39; n9_p0.25_e1.0: 1382s cycle=39
19:14:44 [S44-HARNESS] heartbeat x0: 1442s cycle=46; n5_p0.25_e0.5: 1442s cycle=40; n5_p0.25_e1.0: 1442s cycle=40; n7_p0.25_e0.5: 1442s cycle=41; n7_p0.25_e1.0: 1442s cycle=41; n9_p0.25_e0.5: 1442s cycle=41; n9_p0.25_e1.0: 1442s cycle=40
19:15:44 [S44-HARNESS] heartbeat x0: 1502s cycle=48; n5_p0.25_e0.5: 1502s cycle=42; n5_p0.25_e1.0: 1502s cycle=42; n7_p0.25_e0.5: 1502s cycle=43; n7_p0.25_e1.0: 1502s cycle=42; n9_p0.25_e0.5: 1502s cycle=42; n9_p0.25_e1.0: 1502s cycle=42
19:16:44 [S44-HARNESS] heartbeat x0: 1563s cycle=50; n5_p0.25_e0.5: 1563s cycle=44; n5_p0.25_e1.0: 1563s cycle=44; n7_p0.25_e0.5: 1563s cycle=45; n7_p0.25_e1.0: 1563s cycle=44; n9_p0.25_e0.5: 1563s cycle=44; n9_p0.25_e1.0: 1563s cycle=44
19:17:44 [S44-HARNESS] heartbeat x0: 1623s cycle=52; n5_p0.25_e0.5: 1623s cycle=46; n5_p0.25_e1.0: 1623s cycle=46; n7_p0.25_e0.5: 1623s cycle=47; n7_p0.25_e1.0: 1623s cycle=46; n9_p0.25_e0.5: 1623s cycle=46; n9_p0.25_e1.0: 1623s cycle=46
19:18:44 [S44-HARNESS] heartbeat x0: 1683s cycle=54; n5_p0.25_e0.5: 1683s cycle=48; n5_p0.25_e1.0: 1683s cycle=48; n7_p0.25_e0.5: 1683s cycle=49; n7_p0.25_e1.0: 1683s cycle=48; n9_p0.25_e0.5: 1683s cycle=48; n9_p0.25_e1.0: 1683s cycle=48
19:19:44 [S44-HARNESS] heartbeat x0: 1743s cycle=56; n5_p0.25_e0.5: 1743s cycle=49; n5_p0.25_e1.0: 1743s cycle=49; n7_p0.25_e0.5: 1743s cycle=50; n7_p0.25_e1.0: 1743s cycle=50; n9_p0.25_e0.5: 1743s cycle=50; n9_p0.25_e1.0: 1743s cycle=49
19:20:44 [S44-HARNESS] heartbeat x0: 1803s cycle=58; n5_p0.25_e0.5: 1803s cycle=51; n5_p0.25_e1.0: 1803s cycle=51; n7_p0.25_e0.5: 1803s cycle=52; n7_p0.25_e1.0: 1803s cycle=52; n9_p0.25_e0.5: 1803s cycle=52; n9_p0.25_e1.0: 1803s cycle=51
19:21:45 [S44-HARNESS] heartbeat x0: 1863s cycle=60; n5_p0.25_e0.5: 1863s cycle=53; n5_p0.25_e1.0: 1863s cycle=53; n7_p0.25_e0.5: 1863s cycle=54; n7_p0.25_e1.0: 1863s cycle=53; n9_p0.25_e0.5: 1863s cycle=53; n9_p0.25_e1.0: 1863s cycle=53
19:22:45 [S44-HARNESS] heartbeat x0: 1923s cycle=62; n5_p0.25_e0.5: 1923s cycle=55; n5_p0.25_e1.0: 1923s cycle=55; n7_p0.25_e0.5: 1923s cycle=56; n7_p0.25_e1.0: 1923s cycle=55; n9_p0.25_e0.5: 1923s cycle=55; n9_p0.25_e1.0: 1923s cycle=55
19:23:45 [S44-HARNESS] heartbeat x0: 1983s cycle=64; n5_p0.25_e0.5: 1983s cycle=57; n5_p0.25_e1.0: 1983s cycle=57; n7_p0.25_e0.5: 1983s cycle=58; n7_p0.25_e1.0: 1983s cycle=57; n9_p0.25_e0.5: 1983s cycle=57; n9_p0.25_e1.0: 1983s cycle=57
19:24:45 [S44-HARNESS] heartbeat x0: 2043s cycle=66; n5_p0.25_e0.5: 2043s cycle=59; n5_p0.25_e1.0: 2043s cycle=59; n7_p0.25_e0.5: 2043s cycle=59; n7_p0.25_e1.0: 2043s cycle=59; n9_p0.25_e0.5: 2043s cycle=59; n9_p0.25_e1.0: 2043s cycle=58
19:25:45 [S44-HARNESS] heartbeat x0: 2103s cycle=68; n5_p0.25_e0.5: 2103s cycle=60; n5_p0.25_e1.0: 2103s cycle=61; n7_p0.25_e0.5: 2103s cycle=61; n7_p0.25_e1.0: 2103s cycle=61; n9_p0.25_e0.5: 2103s cycle=61; n9_p0.25_e1.0: 2103s cycle=60
19:26:45 [S44-HARNESS] heartbeat x0: 2164s cycle=70; n5_p0.25_e0.5: 2164s cycle=62; n5_p0.25_e1.0: 2164s cycle=62; n7_p0.25_e0.5: 2164s cycle=63; n7_p0.25_e1.0: 2164s cycle=63; n9_p0.25_e0.5: 2164s cycle=62; n9_p0.25_e1.0: 2164s cycle=62
19:27:45 [S44-HARNESS] heartbeat x0: 2224s cycle=72; n5_p0.25_e0.5: 2224s cycle=64; n5_p0.25_e1.0: 2224s cycle=64; n7_p0.25_e0.5: 2224s cycle=65; n7_p0.25_e1.0: 2224s cycle=65; n9_p0.25_e0.5: 2224s cycle=64; n9_p0.25_e1.0: 2224s cycle=64
19:28:45 [S44-HARNESS] heartbeat x0: 2284s cycle=74; n5_p0.25_e0.5: 2284s cycle=66; n5_p0.25_e1.0: 2284s cycle=66; n7_p0.25_e0.5: 2284s cycle=67; n7_p0.25_e1.0: 2284s cycle=66; n9_p0.25_e0.5: 2284s cycle=66; n9_p0.25_e1.0: 2284s cycle=66
19:29:45 [S44-HARNESS] heartbeat x0: 2344s cycle=77; n5_p0.25_e0.5: 2344s cycle=68; n5_p0.25_e1.0: 2344s cycle=68; n7_p0.25_e0.5: 2344s cycle=69; n7_p0.25_e1.0: 2344s cycle=68; n9_p0.25_e0.5: 2344s cycle=68; n9_p0.25_e1.0: 2344s cycle=68
19:30:45 [S44-HARNESS] heartbeat x0: 2404s cycle=79; n5_p0.25_e0.5: 2404s cycle=70; n5_p0.25_e1.0: 2404s cycle=70; n7_p0.25_e0.5: 2404s cycle=71; n7_p0.25_e1.0: 2404s cycle=70; n9_p0.25_e0.5: 2404s cycle=70; n9_p0.25_e1.0: 2404s cycle=69
19:31:46 [S44-HARNESS] heartbeat x0: 2464s cycle=81; n5_p0.25_e0.5: 2464s cycle=71; n5_p0.25_e1.0: 2464s cycle=72; n7_p0.25_e0.5: 2464s cycle=72; n7_p0.25_e1.0: 2464s cycle=72; n9_p0.25_e0.5: 2464s cycle=72; n9_p0.25_e1.0: 2464s cycle=71
19:32:46 [S44-HARNESS] heartbeat x0: 2524s cycle=83; n5_p0.25_e0.5: 2524s cycle=73; n5_p0.25_e1.0: 2524s cycle=74; n7_p0.25_e0.5: 2524s cycle=74; n7_p0.25_e1.0: 2524s cycle=74; n9_p0.25_e0.5: 2524s cycle=73; n9_p0.25_e1.0: 2524s cycle=73
19:33:46 [S44-HARNESS] heartbeat x0: 2584s cycle=85; n5_p0.25_e0.5: 2584s cycle=75; n5_p0.25_e1.0: 2584s cycle=75; n7_p0.25_e0.5: 2584s cycle=76; n7_p0.25_e1.0: 2584s cycle=76; n9_p0.25_e0.5: 2584s cycle=75; n9_p0.25_e1.0: 2584s cycle=75
19:34:46 [S44-HARNESS] heartbeat x0: 2644s cycle=87; n5_p0.25_e0.5: 2644s cycle=77; n5_p0.25_e1.0: 2644s cycle=77; n7_p0.25_e0.5: 2644s cycle=78; n7_p0.25_e1.0: 2644s cycle=78; n9_p0.25_e0.5: 2644s cycle=77; n9_p0.25_e1.0: 2644s cycle=77
19:35:46 [S44-HARNESS] heartbeat x0: 2705s cycle=89; n5_p0.25_e0.5: 2705s cycle=79; n5_p0.25_e1.0: 2704s cycle=79; n7_p0.25_e0.5: 2704s cycle=80; n7_p0.25_e1.0: 2704s cycle=79; n9_p0.25_e0.5: 2704s cycle=79; n9_p0.25_e1.0: 2704s cycle=79
19:36:46 [S44-HARNESS] heartbeat x0: 2765s cycle=91; n5_p0.25_e0.5: 2765s cycle=81; n5_p0.25_e1.0: 2765s cycle=81; n7_p0.25_e0.5: 2765s cycle=82; n7_p0.25_e1.0: 2765s cycle=81; n9_p0.25_e0.5: 2765s cycle=81; n9_p0.25_e1.0: 2765s cycle=81
19:37:46 [S44-HARNESS] heartbeat x0: 2825s cycle=93; n5_p0.25_e0.5: 2825s cycle=82; n5_p0.25_e1.0: 2825s cycle=83; n7_p0.25_e0.5: 2825s cycle=83; n7_p0.25_e1.0: 2825s cycle=83; n9_p0.25_e0.5: 2825s cycle=82; n9_p0.25_e1.0: 2825s cycle=82
19:38:46 [S44-HARNESS] heartbeat x0: 2885s cycle=95; n5_p0.25_e0.5: 2885s cycle=84; n5_p0.25_e1.0: 2885s cycle=85; n7_p0.25_e0.5: 2885s cycle=85; n7_p0.25_e1.0: 2885s cycle=85; n9_p0.25_e0.5: 2885s cycle=84; n9_p0.25_e1.0: 2885s cycle=84
19:39:46 [S44-HARNESS] heartbeat x0: 2945s cycle=97; n5_p0.25_e0.5: 2945s cycle=86; n5_p0.25_e1.0: 2945s cycle=86; n7_p0.25_e0.5: 2945s cycle=87; n7_p0.25_e1.0: 2945s cycle=87; n9_p0.25_e0.5: 2945s cycle=86; n9_p0.25_e1.0: 2945s cycle=86
19:40:47 [S44-HARNESS] heartbeat x0: 3005s cycle=99; n5_p0.25_e0.5: 3005s cycle=88; n5_p0.25_e1.0: 3005s cycle=88; n7_p0.25_e0.5: 3005s cycle=89; n7_p0.25_e1.0: 3005s cycle=89; n9_p0.25_e0.5: 3005s cycle=88; n9_p0.25_e1.0: 3005s cycle=88
19:41:47 [S44-HARNESS] heartbeat x0: 3065s cycle=101; n5_p0.25_e0.5: 3065s cycle=90; n5_p0.25_e1.0: 3065s cycle=90; n7_p0.25_e0.5: 3065s cycle=91; n7_p0.25_e1.0: 3065s cycle=91; n9_p0.25_e0.5: 3065s cycle=89; n9_p0.25_e1.0: 3065s cycle=90
19:42:47 [S44-HARNESS] heartbeat x0: 3125s cycle=103; n5_p0.25_e0.5: 3125s cycle=92; n5_p0.25_e1.0: 3125s cycle=92; n7_p0.25_e0.5: 3125s cycle=93; n7_p0.25_e1.0: 3125s cycle=92; n9_p0.25_e0.5: 3125s cycle=91; n9_p0.25_e1.0: 3125s cycle=92
19:43:47 [S44-HARNESS] heartbeat x0: 3185s cycle=105; n5_p0.25_e0.5: 3185s cycle=93; n5_p0.25_e1.0: 3185s cycle=94; n7_p0.25_e0.5: 3185s cycle=95; n7_p0.25_e1.0: 3185s cycle=94; n9_p0.25_e0.5: 3185s cycle=93; n9_p0.25_e1.0: 3185s cycle=94
19:44:47 [S44-HARNESS] heartbeat x0: 3245s cycle=107; n5_p0.25_e0.5: 3245s cycle=95; n5_p0.25_e1.0: 3245s cycle=96; n7_p0.25_e0.5: 3245s cycle=96; n7_p0.25_e1.0: 3245s cycle=96; n9_p0.25_e0.5: 3245s cycle=94; n9_p0.25_e1.0: 3245s cycle=95
19:45:47 [S44-HARNESS] heartbeat x0: 3306s cycle=109; n5_p0.25_e0.5: 3306s cycle=97; n5_p0.25_e1.0: 3306s cycle=97; n7_p0.25_e0.5: 3306s cycle=98; n7_p0.25_e1.0: 3306s cycle=98; n9_p0.25_e0.5: 3306s cycle=96; n9_p0.25_e1.0: 3306s cycle=97
19:46:47 [S44-HARNESS] heartbeat x0: 3366s cycle=111; n5_p0.25_e0.5: 3366s cycle=99; n5_p0.25_e1.0: 3366s cycle=99; n7_p0.25_e0.5: 3366s cycle=100; n7_p0.25_e1.0: 3366s cycle=100; n9_p0.25_e0.5: 3366s cycle=98; n9_p0.25_e1.0: 3366s cycle=99
19:47:47 [S44-HARNESS] heartbeat x0: 3426s cycle=113; n5_p0.25_e0.5: 3426s cycle=101; n5_p0.25_e1.0: 3426s cycle=101; n7_p0.25_e0.5: 3426s cycle=102; n7_p0.25_e1.0: 3426s cycle=102; n9_p0.25_e0.5: 3426s cycle=100; n9_p0.25_e1.0: 3426s cycle=101
19:48:47 [S44-HARNESS] heartbeat x0: 3486s cycle=115; n5_p0.25_e0.5: 3486s cycle=103; n5_p0.25_e1.0: 3486s cycle=103; n7_p0.25_e0.5: 3486s cycle=104; n7_p0.25_e1.0: 3486s cycle=104; n9_p0.25_e0.5: 3486s cycle=102; n9_p0.25_e1.0: 3486s cycle=102
19:49:47 [S44-HARNESS] heartbeat x0: 3546s cycle=117; n5_p0.25_e0.5: 3546s cycle=104; n5_p0.25_e1.0: 3546s cycle=105; n7_p0.25_e0.5: 3546s cycle=106; n7_p0.25_e1.0: 3546s cycle=105; n9_p0.25_e0.5: 3546s cycle=103; n9_p0.25_e1.0: 3546s cycle=104
19:50:48 [S44-HARNESS] heartbeat x0: 3606s cycle=119; n5_p0.25_e0.5: 3606s cycle=106; n5_p0.25_e1.0: 3606s cycle=107; n7_p0.25_e0.5: 3606s cycle=107; n7_p0.25_e1.0: 3606s cycle=107; n9_p0.25_e0.5: 3606s cycle=105; n9_p0.25_e1.0: 3606s cycle=106
19:51:48 [S44-HARNESS] heartbeat x0: 3666s cycle=121; n5_p0.25_e0.5: 3666s cycle=108; n5_p0.25_e1.0: 3666s cycle=109; n7_p0.25_e0.5: 3666s cycle=109; n7_p0.25_e1.0: 3666s cycle=109; n9_p0.25_e0.5: 3666s cycle=107; n9_p0.25_e1.0: 3666s cycle=108
19:52:48 [S44-HARNESS] heartbeat x0: 3726s cycle=123; n5_p0.25_e0.5: 3726s cycle=110; n5_p0.25_e1.0: 3726s cycle=111; n7_p0.25_e0.5: 3726s cycle=111; n7_p0.25_e1.0: 3726s cycle=111; n9_p0.25_e0.5: 3726s cycle=109; n9_p0.25_e1.0: 3726s cycle=110
19:53:48 [S44-HARNESS] heartbeat x0: 3786s cycle=125; n5_p0.25_e0.5: 3786s cycle=112; n5_p0.25_e1.0: 3786s cycle=112; n7_p0.25_e0.5: 3786s cycle=113; n7_p0.25_e1.0: 3786s cycle=113; n9_p0.25_e0.5: 3786s cycle=111; n9_p0.25_e1.0: 3786s cycle=112
19:54:48 [S44-HARNESS] heartbeat x0: 3846s cycle=127; n5_p0.25_e0.5: 3846s cycle=114; n5_p0.25_e1.0: 3846s cycle=114; n7_p0.25_e0.5: 3846s cycle=115; n7_p0.25_e1.0: 3846s cycle=115; n9_p0.25_e0.5: 3846s cycle=113; n9_p0.25_e1.0: 3846s cycle=113
19:55:48 [S44-HARNESS] heartbeat x0: 3907s cycle=129; n5_p0.25_e0.5: 3907s cycle=115; n5_p0.25_e1.0: 3907s cycle=116; n7_p0.25_e0.5: 3907s cycle=117; n7_p0.25_e1.0: 3907s cycle=117; n9_p0.25_e0.5: 3907s cycle=114; n9_p0.25_e1.0: 3907s cycle=115
19:56:48 [S44-HARNESS] heartbeat x0: 3967s cycle=131; n5_p0.25_e0.5: 3967s cycle=117; n5_p0.25_e1.0: 3967s cycle=118; n7_p0.25_e0.5: 3967s cycle=118; n7_p0.25_e1.0: 3967s cycle=119; n9_p0.25_e0.5: 3967s cycle=116; n9_p0.25_e1.0: 3967s cycle=117
19:57:03 [S44-HARNESS] finished x0 pid=25396 exit=0 status=certified wall=3982s
19:57:48 [S44-HARNESS] heartbeat n5_p0.25_e0.5: 4027s cycle=119; n5_p0.25_e1.0: 4027s cycle=120; n7_p0.25_e0.5: 4027s cycle=120; n7_p0.25_e1.0: 4027s cycle=121; n9_p0.25_e0.5: 4027s cycle=118; n9_p0.25_e1.0: 4027s cycle=119
19:58:48 [S44-HARNESS] heartbeat n5_p0.25_e0.5: 4087s cycle=121; n5_p0.25_e1.0: 4087s cycle=122; n7_p0.25_e0.5: 4087s cycle=122; n7_p0.25_e1.0: 4087s cycle=123; n9_p0.25_e0.5: 4087s cycle=120; n9_p0.25_e1.0: 4087s cycle=121
19:59:49 [S44-HARNESS] heartbeat n5_p0.25_e0.5: 4147s cycle=123; n5_p0.25_e1.0: 4147s cycle=124; n7_p0.25_e0.5: 4147s cycle=124; n7_p0.25_e1.0: 4147s cycle=124; n9_p0.25_e0.5: 4147s cycle=122; n9_p0.25_e1.0: 4147s cycle=123
20:00:04 [S44-HARNESS] finished n7_p0.25_e1.0 pid=25400 exit=0 status=certified wall=4162s
20:00:49 [S44-HARNESS] finished n9_p0.25_e1.0 pid=25402 exit=0 status=certified wall=4207s
20:00:49 [S44-HARNESS] heartbeat n5_p0.25_e0.5: 4207s cycle=125; n5_p0.25_e1.0: 4207s cycle=126; n7_p0.25_e0.5: 4207s cycle=126; n9_p0.25_e0.5: 4207s cycle=124
20:01:49 [S44-HARNESS] finished n5_p0.25_e1.0 pid=25398 exit=0 status=certified wall=4267s
20:01:49 [S44-HARNESS] heartbeat n5_p0.25_e0.5: 4267s cycle=127; n7_p0.25_e0.5: 4267s cycle=128; n9_p0.25_e0.5: 4267s cycle=126
20:02:49 [S44-HARNESS] heartbeat n5_p0.25_e0.5: 4327s cycle=129; n7_p0.25_e0.5: 4327s cycle=130; n9_p0.25_e0.5: 4327s cycle=128
20:03:49 [S44-HARNESS] heartbeat n5_p0.25_e0.5: 4387s cycle=131; n7_p0.25_e0.5: 4387s cycle=133; n9_p0.25_e0.5: 4387s cycle=130
20:04:49 [S44-HARNESS] heartbeat n5_p0.25_e0.5: 4448s cycle=133; n7_p0.25_e0.5: 4448s cycle=135; n9_p0.25_e0.5: 4448s cycle=132
20:05:04 [S44-HARNESS] finished n5_p0.25_e0.5 pid=25397 exit=0 status=certified wall=4463s
20:05:49 [S44-HARNESS] heartbeat n7_p0.25_e0.5: 4508s cycle=137; n9_p0.25_e0.5: 4508s cycle=134
20:06:44 [S44-HARNESS] finished n7_p0.25_e0.5 pid=25399 exit=0 status=certified wall=4563s
20:06:49 [S44-HARNESS] heartbeat n9_p0.25_e0.5: 4568s cycle=136
20:07:49 [S44-HARNESS] heartbeat n9_p0.25_e0.5: 4628s cycle=139
20:08:19 [S44-HARNESS] finished n9_p0.25_e0.5 pid=25401 exit=0 status=certified wall=4658s
20:08:19 [S45-A0] launching batch 2: ['lattice_plan_n7_p1.5_e3.0'] (concurrency 7)
20:08:19 [S44-HARNESS] launched lattice_plan_n7_p1.5_e3.0 (key 2cd1de8249cfca8d) pid=76564
20:08:19 [S44-HARNESS] heartbeat lattice_plan_n7_p1.5_e3.0: 0s cycle=None
20:09:20 [S44-HARNESS] heartbeat lattice_plan_n7_p1.5_e3.0: 60s cycle=None
20:10:20 [S44-HARNESS] heartbeat lattice_plan_n7_p1.5_e3.0: 120s cycle=3
20:11:20 [S44-HARNESS] heartbeat lattice_plan_n7_p1.5_e3.0: 180s cycle=5
20:12:20 [S44-HARNESS] heartbeat lattice_plan_n7_p1.5_e3.0: 240s cycle=7
20:13:20 [S44-HARNESS] heartbeat lattice_plan_n7_p1.5_e3.0: 301s cycle=9
20:14:20 [S44-HARNESS] heartbeat lattice_plan_n7_p1.5_e3.0: 361s cycle=11
20:15:20 [S44-HARNESS] heartbeat lattice_plan_n7_p1.5_e3.0: 421s cycle=14
20:16:20 [S44-HARNESS] heartbeat lattice_plan_n7_p1.5_e3.0: 481s cycle=15
20:17:20 [S44-HARNESS] heartbeat lattice_plan_n7_p1.5_e3.0: 541s cycle=17
20:18:21 [S44-HARNESS] heartbeat lattice_plan_n7_p1.5_e3.0: 601s cycle=19
20:19:21 [S44-HARNESS] heartbeat lattice_plan_n7_p1.5_e3.0: 661s cycle=21
20:20:21 [S44-HARNESS] heartbeat lattice_plan_n7_p1.5_e3.0: 721s cycle=24
20:21:21 [S44-HARNESS] heartbeat lattice_plan_n7_p1.5_e3.0: 781s cycle=26
20:22:21 [S44-HARNESS] heartbeat lattice_plan_n7_p1.5_e3.0: 841s cycle=28
20:23:21 [S44-HARNESS] heartbeat lattice_plan_n7_p1.5_e3.0: 901s cycle=30
20:24:21 [S44-HARNESS] heartbeat lattice_plan_n7_p1.5_e3.0: 962s cycle=32
20:25:21 [S44-HARNESS] heartbeat lattice_plan_n7_p1.5_e3.0: 1022s cycle=34
20:26:21 [S44-HARNESS] heartbeat lattice_plan_n7_p1.5_e3.0: 1082s cycle=36
20:27:21 [S44-HARNESS] heartbeat lattice_plan_n7_p1.5_e3.0: 1142s cycle=39
20:28:21 [S44-HARNESS] heartbeat lattice_plan_n7_p1.5_e3.0: 1202s cycle=41
20:29:22 [S44-HARNESS] heartbeat lattice_plan_n7_p1.5_e3.0: 1262s cycle=43
20:30:22 [S44-HARNESS] heartbeat lattice_plan_n7_p1.5_e3.0: 1322s cycle=45
20:31:22 [S44-HARNESS] heartbeat lattice_plan_n7_p1.5_e3.0: 1382s cycle=47
20:32:22 [S44-HARNESS] heartbeat lattice_plan_n7_p1.5_e3.0: 1442s cycle=50
20:33:22 [S44-HARNESS] heartbeat lattice_plan_n7_p1.5_e3.0: 1502s cycle=52
20:34:22 [S44-HARNESS] heartbeat lattice_plan_n7_p1.5_e3.0: 1563s cycle=54
20:35:22 [S44-HARNESS] heartbeat lattice_plan_n7_p1.5_e3.0: 1623s cycle=57
20:36:22 [S44-HARNESS] heartbeat lattice_plan_n7_p1.5_e3.0: 1683s cycle=59
20:37:22 [S44-HARNESS] heartbeat lattice_plan_n7_p1.5_e3.0: 1743s cycle=61
20:38:22 [S44-HARNESS] heartbeat lattice_plan_n7_p1.5_e3.0: 1803s cycle=63
20:39:23 [S44-HARNESS] heartbeat lattice_plan_n7_p1.5_e3.0: 1863s cycle=65
20:40:23 [S44-HARNESS] heartbeat lattice_plan_n7_p1.5_e3.0: 1923s cycle=68
20:41:23 [S44-HARNESS] heartbeat lattice_plan_n7_p1.5_e3.0: 1983s cycle=70
20:42:23 [S44-HARNESS] heartbeat lattice_plan_n7_p1.5_e3.0: 2043s cycle=73
20:43:23 [S44-HARNESS] heartbeat lattice_plan_n7_p1.5_e3.0: 2104s cycle=75
20:44:23 [S44-HARNESS] heartbeat lattice_plan_n7_p1.5_e3.0: 2164s cycle=78
20:45:23 [S44-HARNESS] heartbeat lattice_plan_n7_p1.5_e3.0: 2224s cycle=80
20:46:23 [S44-HARNESS] heartbeat lattice_plan_n7_p1.5_e3.0: 2284s cycle=83
20:47:24 [S44-HARNESS] heartbeat lattice_plan_n7_p1.5_e3.0: 2344s cycle=85
20:48:24 [S44-HARNESS] heartbeat lattice_plan_n7_p1.5_e3.0: 2404s cycle=87
20:49:24 [S44-HARNESS] heartbeat lattice_plan_n7_p1.5_e3.0: 2464s cycle=90
20:50:24 [S44-HARNESS] heartbeat lattice_plan_n7_p1.5_e3.0: 2524s cycle=92
20:51:24 [S44-HARNESS] heartbeat lattice_plan_n7_p1.5_e3.0: 2584s cycle=94
20:52:24 [S44-HARNESS] heartbeat lattice_plan_n7_p1.5_e3.0: 2645s cycle=97
20:53:24 [S44-HARNESS] heartbeat lattice_plan_n7_p1.5_e3.0: 2705s cycle=99
20:54:24 [S44-HARNESS] heartbeat lattice_plan_n7_p1.5_e3.0: 2765s cycle=102
20:55:24 [S44-HARNESS] heartbeat lattice_plan_n7_p1.5_e3.0: 2825s cycle=104
20:56:25 [S44-HARNESS] heartbeat lattice_plan_n7_p1.5_e3.0: 2885s cycle=107
20:57:25 [S44-HARNESS] heartbeat lattice_plan_n7_p1.5_e3.0: 2945s cycle=109
20:58:25 [S44-HARNESS] heartbeat lattice_plan_n7_p1.5_e3.0: 3005s cycle=112
20:58:30 [S44-HARNESS] finished lattice_plan_n7_p1.5_e3.0 pid=76564 exit=0 status=certified wall=3010s
20:58:30 [S45-A0] campaign lock released
20:58:31 [S45-A0] x0: status=certified cycles=132 cert=132 Q=653859461.2279255 I=0.0 F=653859461.2279255 bar=9629.97833788395 rule10=0.003362677294765486 aa={'insufficient memory (m_k=0)': 18, 'accepted': 46, 'rejected (safeguard; memory retained)': 58, 'off (all channels within Boyd tolerance)': 10}
20:58:31 [S45-A0] n5_p0.25_e0.5: status=certified cycles=134 cert=134 Q=653721243.9831696 I=191018.169784262 F=653912262.1529539 bar=5749.462867021561 rule10=0.0017520169762156323 aa={'insufficient memory (m_k=0)': 8, 'accepted': 56, 'rejected (safeguard; memory retained)': 60, 'off (all channels within Boyd tolerance)': 10}
20:58:31 [S45-A0] n5_p0.25_e1.0: status=certified cycles=128 cert=128 Q=653614718.0344155 I=317957.0085035586 F=653932675.042919 bar=3815.9751472473145 rule10=0.01542449857140726 aa={'insufficient memory (m_k=0)': 8, 'accepted': 52, 'rejected (safeguard; memory retained)': 58, 'off (all channels within Boyd tolerance)': 10}
20:58:31 [S45-A0] n7_p0.25_e0.5: status=certified cycles=139 cert=139 Q=653736823.9682486 I=191018.169784262 F=653927842.1380329 bar=8289.580840706825 rule10=0.019135132167572986 aa={'insufficient memory (m_k=0)': 8, 'accepted': 56, 'rejected (safeguard; memory retained)': 65, 'off (all channels within Boyd tolerance)': 10}
20:58:31 [S45-A0] n7_p0.25_e1.0: status=certified cycles=125 cert=125 Q=653597653.7234993 I=317957.0085035586 F=653915610.7320029 bar=11340.31878066063 rule10=0.0184910152248915 aa={'insufficient memory (m_k=0)': 8, 'accepted': 49, 'rejected (safeguard; memory retained)': 58, 'off (all channels within Boyd tolerance)': 10}
20:58:31 [S45-A0] n9_p0.25_e0.5: status=certified cycles=140 cert=140 Q=653755659.4040782 I=191018.169784262 F=653946677.5738626 bar=19052.450551986694 rule10=0.038859773891295225 aa={'insufficient memory (m_k=0)': 9, 'accepted': 55, 'rejected (safeguard; memory retained)': 65, 'off (all channels within Boyd tolerance)': 11}
20:58:31 [S45-A0] n9_p0.25_e1.0: status=certified cycles=125 cert=125 Q=653602441.5951662 I=317957.0085035586 F=653920398.6036698 bar=11766.427225589752 rule10=0.020790867029484676 aa={'insufficient memory (m_k=0)': 8, 'accepted': 54, 'rejected (safeguard; memory retained)': 53, 'off (all channels within Boyd tolerance)': 10}
20:58:31 [S45-A0] lattice_plan_n7_p1.5_e3.0: status=certified cycles=112 cert=112 Q=653099300.5928335 I=1146109.018705572 F=654245409.6115391 bar=2690.204809784889 rule10=0.03789392734083575 aa={'insufficient memory (m_k=0)': 6, 'accepted': 56, 'rejected (safeguard; memory retained)': 36, 'off (all channels within Boyd tolerance)': 14}
20:58:31 [S45-A0] parent guard {'permitted_solve': 0, 'permitted_exec': 0, 'blocked_solve': 0, 'blocked_exec': 0} verify0_failures=[]
20:58:31 [S45-A0] OK: all 8 A0 points certified
