11:49:16 [S45-A1A] frozen campaign spec: data/SRP1/Results/P515S45/campaign_s45_a1a/campaign_spec_s45_a1a_c71f52ee.json sha256=c71f52ee535aff607927f83f52783993198b90a8ff44f5426f92e66dc160b851
11:49:16 [S45-A1A]   n5_2h_e1: year=2025 nodes={'5': [0.5, 1.0], '7': [0.0, 0.0], '9': [0.0, 0.0]} key=2a1302016f89621c eval_key=80f2490bcb48991e eval_dir=80f2490bcb48991e_n5_2h_e1 I(x)=382036.339568524 budget_slack=617963.6604314761
11:49:16 [S45-A1A]   n5_4h_e1: year=2025 nodes={'5': [0.25, 1.0], '7': [0.0, 0.0], '9': [0.0, 0.0]} key=1821665996ec6edb eval_key=b58dfe3fb3e562fd eval_dir=b58dfe3fb3e562fd_n5_4h_e1 I(x)=317957.0085035586 budget_slack=682042.9914964414
11:49:16 [S45-A1A]   n5_2h_e2: year=2025 nodes={'5': [1.0, 2.0], '7': [0.0, 0.0], '9': [0.0, 0.0]} key=5097b0c6b14ee8d5 eval_key=e09ea9b6571a4848 eval_dir=e09ea9b6571a4848_n5_2h_e2 I(x)=764072.679137048 budget_slack=235927.32086295204
11:49:16 [S45-A1A]   n5_4h_e2: year=2025 nodes={'5': [0.5, 2.0], '7': [0.0, 0.0], '9': [0.0, 0.0]} key=3eed1a1ec1a77fe3 eval_key=9b77039f5ee42cec eval_dir=9b77039f5ee42cec_n5_4h_e2 I(x)=635914.0170071172 budget_slack=364085.98299288284
11:49:16 [S45-A1A]   n5_2h_e3: year=2025 nodes={'5': [1.5, 3.0], '7': [0.0, 0.0], '9': [0.0, 0.0]} key=bb375de471aaf4b7 eval_key=c7fc0dc56ab4951f eval_dir=c7fc0dc56ab4951f_n5_2h_e3 I(x)=1146109.018705572 budget_slack=-146109.018705572
11:49:16 [S45-A1A]   n5_4h_e3: year=2025 nodes={'5': [0.75, 3.0], '7': [0.0, 0.0], '9': [0.0, 0.0]} key=32acd70c1b795e34 eval_key=e3acbedf92088337 eval_dir=e3acbedf92088337_n5_4h_e3 I(x)=953871.0255106756 budget_slack=46128.97448932438
11:49:16 [S45-A1A]   n5_2h_e4: year=2025 nodes={'5': [2.0, 4.0], '7': [0.0, 0.0], '9': [0.0, 0.0]} key=f20fb813dfef7d63 eval_key=5f530b6bf49fe137 eval_dir=5f530b6bf49fe137_n5_2h_e4 I(x)=1528145.358274096 budget_slack=-528145.3582740959
11:49:16 [S45-A1A]   n5_4h_e4: year=2025 nodes={'5': [1.0, 4.0], '7': [0.0, 0.0], '9': [0.0, 0.0]} key=f92d165248fe348b eval_key=a90fc9344ad0eb7c eval_dir=a90fc9344ad0eb7c_n5_4h_e4 I(x)=1271828.0340142343 budget_slack=-271828.0340142343
11:49:16 [S45-A1A]   n5_2h_e5: year=2025 nodes={'5': [2.5, 5.0], '7': [0.0, 0.0], '9': [0.0, 0.0]} key=302735fb198422fe eval_key=7c66ddb648ce86a1 eval_dir=7c66ddb648ce86a1_n5_2h_e5 I(x)=1910181.6978426196 budget_slack=-910181.6978426196
11:49:16 [S45-A1A]   n5_4h_e5: year=2025 nodes={'5': [1.25, 5.0], '7': [0.0, 0.0], '9': [0.0, 0.0]} key=f0bfdf1c8adb7c39 eval_key=47f0ff739d3ddbea eval_dir=47f0ff739d3ddbea_n5_4h_e5 I(x)=1589785.0425177924 budget_slack=-589785.0425177924
11:49:16 [S45-A1A]   n7_2h_e1: year=2025 nodes={'5': [0.0, 0.0], '7': [0.5, 1.0], '9': [0.0, 0.0]} key=3993aebc641d4dad eval_key=7c7afed64d16ff89 eval_dir=7c7afed64d16ff89_n7_2h_e1 I(x)=382036.339568524 budget_slack=617963.6604314761
11:49:16 [S45-A1A]   n7_4h_e1: year=2025 nodes={'5': [0.0, 0.0], '7': [0.25, 1.0], '9': [0.0, 0.0]} key=db77e1549af855bc eval_key=7eb1ce62c2509f54 eval_dir=7eb1ce62c2509f54_n7_4h_e1 I(x)=317957.0085035586 budget_slack=682042.9914964414
11:49:16 [S45-A1A]   n7_2h_e2: year=2025 nodes={'5': [0.0, 0.0], '7': [1.0, 2.0], '9': [0.0, 0.0]} key=423e5a7f623eb106 eval_key=311ccaa39ed5ded3 eval_dir=311ccaa39ed5ded3_n7_2h_e2 I(x)=764072.679137048 budget_slack=235927.32086295204
11:49:16 [S45-A1A]   n7_4h_e2: year=2025 nodes={'5': [0.0, 0.0], '7': [0.5, 2.0], '9': [0.0, 0.0]} key=cc4eb5df385852e6 eval_key=7bf551efdebeeec1 eval_dir=7bf551efdebeeec1_n7_4h_e2 I(x)=635914.0170071172 budget_slack=364085.98299288284
11:49:16 [S45-A1A]   n7_2h_e3: year=2025 nodes={'5': [0.0, 0.0], '7': [1.5, 3.0], '9': [0.0, 0.0]} key=2cd1de8249cfca8d eval_key=d0963078cb50c989 eval_dir=d0963078cb50c989_n7_2h_e3 I(x)=1146109.018705572 budget_slack=-146109.018705572
11:49:16 [S45-A1A]   n7_4h_e3: year=2025 nodes={'5': [0.0, 0.0], '7': [0.75, 3.0], '9': [0.0, 0.0]} key=fb21d822e145ba68 eval_key=c83860658163d970 eval_dir=c83860658163d970_n7_4h_e3 I(x)=953871.0255106756 budget_slack=46128.97448932438
11:49:16 [S45-A1A]   n7_2h_e4: year=2025 nodes={'5': [0.0, 0.0], '7': [2.0, 4.0], '9': [0.0, 0.0]} key=7048a00e13045688 eval_key=a719e99b6208078e eval_dir=a719e99b6208078e_n7_2h_e4 I(x)=1528145.358274096 budget_slack=-528145.3582740959
11:49:16 [S45-A1A]   n7_4h_e4: year=2025 nodes={'5': [0.0, 0.0], '7': [1.0, 4.0], '9': [0.0, 0.0]} key=11725e45371a0c7f eval_key=04ad31d9a00099a2 eval_dir=04ad31d9a00099a2_n7_4h_e4 I(x)=1271828.0340142343 budget_slack=-271828.0340142343
11:49:16 [S45-A1A]   n7_2h_e5: year=2025 nodes={'5': [0.0, 0.0], '7': [2.5, 5.0], '9': [0.0, 0.0]} key=354b38814b9c1147 eval_key=17abdd0fa401951f eval_dir=17abdd0fa401951f_n7_2h_e5 I(x)=1910181.6978426196 budget_slack=-910181.6978426196
11:49:16 [S45-A1A]   n7_4h_e5: year=2025 nodes={'5': [0.0, 0.0], '7': [1.25, 5.0], '9': [0.0, 0.0]} key=cab98853bb31f72f eval_key=80cf840cf4f80d0b eval_dir=80cf840cf4f80d0b_n7_4h_e5 I(x)=1589785.0425177924 budget_slack=-589785.0425177924
11:49:16 [S45-A1A]   n9_2h_e1: year=2025 nodes={'5': [0.0, 0.0], '7': [0.0, 0.0], '9': [0.5, 1.0]} key=75271798795beebe eval_key=8b07a41303810662 eval_dir=8b07a41303810662_n9_2h_e1 I(x)=382036.339568524 budget_slack=617963.6604314761
11:49:16 [S45-A1A]   n9_4h_e1: year=2025 nodes={'5': [0.0, 0.0], '7': [0.0, 0.0], '9': [0.25, 1.0]} key=a361ac9321459482 eval_key=3be858940664d29a eval_dir=3be858940664d29a_n9_4h_e1 I(x)=317957.0085035586 budget_slack=682042.9914964414
11:49:16 [S45-A1A]   n9_2h_e2: year=2025 nodes={'5': [0.0, 0.0], '7': [0.0, 0.0], '9': [1.0, 2.0]} key=46628fb108a5ab88 eval_key=ec4ae6c80301fd19 eval_dir=ec4ae6c80301fd19_n9_2h_e2 I(x)=764072.679137048 budget_slack=235927.32086295204
11:49:16 [S45-A1A]   n9_4h_e2: year=2025 nodes={'5': [0.0, 0.0], '7': [0.0, 0.0], '9': [0.5, 2.0]} key=6ed97c64f357dbdc eval_key=87282a2536866085 eval_dir=87282a2536866085_n9_4h_e2 I(x)=635914.0170071172 budget_slack=364085.98299288284
11:49:16 [S45-A1A]   n9_2h_e3: year=2025 nodes={'5': [0.0, 0.0], '7': [0.0, 0.0], '9': [1.5, 3.0]} key=dd970259278dd742 eval_key=aa43b799f64cbd9d eval_dir=aa43b799f64cbd9d_n9_2h_e3 I(x)=1146109.018705572 budget_slack=-146109.018705572
11:49:16 [S45-A1A]   n9_4h_e3: year=2025 nodes={'5': [0.0, 0.0], '7': [0.0, 0.0], '9': [0.75, 3.0]} key=ace7403b9b2710a9 eval_key=0dffd41717e21056 eval_dir=0dffd41717e21056_n9_4h_e3 I(x)=953871.0255106756 budget_slack=46128.97448932438
11:49:16 [S45-A1A]   n9_2h_e4: year=2025 nodes={'5': [0.0, 0.0], '7': [0.0, 0.0], '9': [2.0, 4.0]} key=30d0f10d376bc8ec eval_key=6ad3641937f6a637 eval_dir=6ad3641937f6a637_n9_2h_e4 I(x)=1528145.358274096 budget_slack=-528145.3582740959
11:49:16 [S45-A1A]   n9_4h_e4: year=2025 nodes={'5': [0.0, 0.0], '7': [0.0, 0.0], '9': [1.0, 4.0]} key=466fb2a6c3b18620 eval_key=baeb374612983211 eval_dir=baeb374612983211_n9_4h_e4 I(x)=1271828.0340142343 budget_slack=-271828.0340142343
11:49:16 [S45-A1A]   n9_2h_e5: year=2025 nodes={'5': [0.0, 0.0], '7': [0.0, 0.0], '9': [2.5, 5.0]} key=a2a2bd2b7e9d2437 eval_key=fef8869bfce3b416 eval_dir=fef8869bfce3b416_n9_2h_e5 I(x)=1910181.6978426196 budget_slack=-910181.6978426196
11:49:16 [S45-A1A]   n9_4h_e5: year=2025 nodes={'5': [0.0, 0.0], '7': [0.0, 0.0], '9': [1.25, 5.0]} key=b2e9d339a0f7cd25 eval_key=71c0860a9f5f53a5 eval_dir=71c0860a9f5f53a5_n9_4h_e5 I(x)=1589785.0425177924 budget_slack=-589785.0425177924
11:49:16 [S45-A1A] spec checks: all=True failing=[]
11:49:16 [S45-A1A] case file AA (production loader): {'loaded': {'enabled': True, 'memory': 5, 'regularization': 1e-10, 'reject_policy': 'keep_memory'}, 'equals_declaration': True}
11:49:16 [S45-A1A] pinned files: {'spec_v15': {'path': 'data/SRP1/Results/P515S45/frozen_s45_phaseA_spec_v15_5feefd7b.json', 'sha256_pinned': '5feefd7b642fc3d480156ad5e52ed6e1cf9d6698cfd40dbb33389bab6e6229fe', 'sha256_on_disk': '5feefd7b642fc3d480156ad5e52ed6e1cf9d6698cfd40dbb33389bab6e6229fe', 'match': True}, 'cost_file': {'path': 'data/SRP1/SharedESS/SRP1_ESS.xlsx', 'sha256_pinned': 'e17bd5887e1d0738005ae17c3144593527081c9a0776e19cfaa50aafefe39cd6', 'sha256_on_disk': 'e17bd5887e1d0738005ae17c3144593527081c9a0776e19cfaa50aafefe39cd6', 'match': True}, 'investment_cost_results': {'path': 'data/SRP1/Results/P515S45/investment_cost/investment_cost_results.json', 'sha256_pinned': '28152120f5c7acc57655d40871f764a5e797b93428f5a9f87b7eed55fbe4790b', 'sha256_on_disk': '28152120f5c7acc57655d40871f764a5e797b93428f5a9f87b7eed55fbe4790b', 'match': True}, 'a0_spec': {'path': 'data/SRP1/Results/P515S45/campaign_s45_a0_c7/campaign_spec_s45_a0_c7_9d08ad2f.json', 'sha256_pinned': '9d08ad2f144b67ea97dae8dc25d91288fc86a77dd52c7f53276a52c5f00f8b34', 'sha256_on_disk': '9d08ad2f144b67ea97dae8dc25d91288fc86a77dd52c7f53276a52c5f00f8b34', 'match': True}}
11:49:16 [S45-A1A] memory rule vs A0 spec: {'a0_spec_present': True, 'a0_rule': 'hw.memsize - (wired + anonymous + compressor-occupied) x page size >= 7 x 2.75 GiB', 'rule': 'hw.memsize - (wired + anonymous + compressor-occupied) x page size >= 7 x 2.75 GiB', 'a0_rationale_matches': True, 'match': True}
11:49:16 [S45-A1A] points provenance: {"rule": "spec v15 A1.ladders_2025 (fixed; checked point by point against the spec)", "points_vs_spec_v15": {"equal_to_spec_v15_A1_ladders_2025_in_order": true, "spec_n": 30, "n_points": 30, "n_matches_spec_n": true, "spec_note": "each node alone, others zero; E in {1..5} MWh at 2 h (P = E/2) and 4 h (P = E/4); budget not applied", "all_points_year_2025": true}}
11:49:16 [S45-A1A] prior results pinned: []
11:49:16 [S45-A1A] rule eleven: {'status': True, 'certification_cycle': True, 'certified_cost_gross': True, 'bar_gross_step': True, 'bar_net_reported': True, 'rule_ten': True, 'terminal_salvage_value_in_recourse_components': True, 'net_operational_recourse': True, 'investment_year_in_canonical': True, 'I_x_and_budget_slack_frozen_in_spec': True, 'wall_time': True, 'peak_rss': True, 'aa_action_counts': True, 'per_cycle_trajectory_written': True, 'per_cycle_fields': True, 'error_records_same_schema': True, 'stop_rule_inputs': True}
11:49:16 [S45-A1A] stop rule: spec v15 execution.barrier: "non-certified evaluations recorded with cause; in A1-A3 a run of barrier points in a region stops for review". Operational form frozen by Planner task W15: after every wave, STOP (launch no further wave) if (a) 2 or more non-certified points fall in ONE region (node+duration ladder, see _region_key) or (b) 3 or more non-certified points occur overall. A single isolated non-certified point does NOT stop the campaign: it is recorded as a barrier point with its cause. Points already running always finish; unlaunched points are recorded as not_launched_stop_rule and campaign_results.json carries STOP_FOR_REVIEW true (exit 3).
11:49:16 [S45-A1A] objective convention: F uses gross; salvage reported separately. Q(x) = certified_cost = gross_operational_cost (settlement-excluded); F(x) = I(x) + Q(x); terminal_salvage_value and net_operational_recourse = gross - salvage are reported, excluded from F (Addendum 27 item 3).
11:49:16 [S45-A1A] budget convention: budget_slack_eur = B - I(x) at B = 1e+06 EUR, REPORTED only; the budget is NOT applied in Phase A (spec v15 master_constraints.budget: "applied from Phase B only; A1 runs without it by construction")
11:49:16 [S45-A1A] memory at freeze (non-gating): available (memsize - wired - anonymous - compressor-occupied) = 22.83 GiB [wired 2.16, anonymous 5.90, compressor-occupied 1.11, memsize 32.00]; free+inactive = 18.05 GiB (recorded only); required 19.25 GiB (hw.memsize - (wired + anonymous + compressor-occupied) x page size >= 7 x 2.75 GiB) -> would PASS now; vm_stat pages {'pages_free': 20578, 'pages_active': 648984, 'pages_inactive': 1162292, 'pages_speculative': 2019, 'pages_wired_down': 141873, 'pages_purgeable': 5840, 'file_backed_pages': 1426527, 'anonymous_pages': 386768, 'pages_stored_in_compressor': 162949, 'pages_occupied_by_compressor': 72541}
11:49:16 [S45-A1A] parent guard {'permitted_solve': 0, 'permitted_exec': 0, 'blocked_solve': 0, 'blocked_exec': 0} verify0_failures=[] wall=1.3s
11:49:16 [S45-A1A] freeze OK
11:49:16 [S45-A1A] run with: --stage a1a --run --spec-sha256 c71f52ee535aff607927f83f52783993198b90a8ff44f5426f92e66dc160b851
