21:38:33 [S45-A2] memory preflight: available (memsize - wired - anonymous - compressor-occupied) = 23.78 GiB [wired 2.11, anonymous 4.55, compressor-occupied 1.55, memsize 32.00]; free+inactive = 17.04 GiB (recorded only); required 19.25 GiB (hw.memsize - (wired + anonymous + compressor-occupied) x page size >= 7 x 2.75 GiB) -> PASS; vm_stat pages {'pages_free': 103725, 'pages_active': 641033, 'pages_inactive': 1012896, 'pages_speculative': 50474, 'pages_wired_down': 138538, 'pages_purgeable': 6471, 'file_backed_pages': 1405975, 'anonymous_pages': 298428, 'pages_stored_in_compressor': 206192, 'pages_occupied_by_compressor': 101620}
21:38:33 [S45-A2] preconditions passed; spec data/SRP1/Results/P515S45/campaign_s45_a2/campaign_spec_s45_a2_d5b52f30.json sha256=d5b52f302e7610345445ad12d86a6d015cd00690d85299a805afffc295d67b29; git HEAD aea5182ecc11e70f08d13e3a7207ebadcf7a8c23 (spec frozen at 43eb2c0f1fc0eb3efc8a50cb1909e618ac73e67f)
21:38:33 [S45-A2] 5 points, waves of 7; stop rule: spec v15 execution.barrier: "non-certified evaluations recorded with cause; in A1-A3 a run of barrier points in a region stops for review". Operational form frozen by Planner task W15: after every wave, STOP (launch no further wave) if (a) 2 or more non-certified points fall in ONE region (node+duration ladder, see _region_key) or (b) 3 or more non-certified points occur overall. A single isolated non-certified point does NOT stop the campaign: it is recorded as a barrier point with its cause. Points already running always finish; unlaunched points are recorded as not_launched_stop_rule and campaign_results.json carries STOP_FOR_REVIEW true (exit 3).
21:38:33 [S45-A2] campaign lock acquired: {'pid': 5314, 'campaign_id': 's45_a2', 'campaign_spec_sha256': 'd5b52f302e7610345445ad12d86a6d015cd00690d85299a805afffc295d67b29', 'started_utc': '2026-09-20T21:38:33.922384+00:00'}
21:38:33 [S45-A2] launching wave 1/1: ['presence_n5_n7', 'presence_n5_n9', 'presence_n7_n9', 'presence_n5_n7_n9', 'lattice_c_star_p1.0_e4.0'] (concurrency 7)
21:38:33 [S44-HARNESS] launched presence_n5_n7 (key 00b96fd5cdf5545c) pid=5329
21:38:33 [S44-HARNESS] launched presence_n5_n9 (key f9689a4b1d27fda8) pid=5330
21:38:33 [S44-HARNESS] launched presence_n7_n9 (key 85d6d95a8ef8876b) pid=5331
21:38:33 [S44-HARNESS] launched presence_n5_n7_n9 (key 6fbf40202169d482) pid=5332
21:38:33 [S44-HARNESS] launched lattice_c_star_p1.0_e4.0 (key a002e3ab10e2d7bb) pid=5333
21:38:33 [S44-HARNESS] heartbeat presence_n5_n7: 0s cycle=None; presence_n5_n9: 0s cycle=None; presence_n7_n9: 0s cycle=None; presence_n5_n7_n9: 0s cycle=None; lattice_c_star_p1.0_e4.0: 0s cycle=None
21:39:33 [S44-HARNESS] heartbeat presence_n5_n7: 60s cycle=None; presence_n5_n9: 60s cycle=None; presence_n7_n9: 60s cycle=None; presence_n5_n7_n9: 60s cycle=None; lattice_c_star_p1.0_e4.0: 60s cycle=None
21:40:34 [S44-HARNESS] heartbeat presence_n5_n7: 120s cycle=2; presence_n5_n9: 120s cycle=1; presence_n7_n9: 120s cycle=1; presence_n5_n7_n9: 120s cycle=1; lattice_c_star_p1.0_e4.0: 120s cycle=1
21:41:34 [S44-HARNESS] heartbeat presence_n5_n7: 180s cycle=3; presence_n5_n9: 180s cycle=3; presence_n7_n9: 180s cycle=3; presence_n5_n7_n9: 180s cycle=3; lattice_c_star_p1.0_e4.0: 180s cycle=3
21:42:34 [S44-HARNESS] heartbeat presence_n5_n7: 240s cycle=5; presence_n5_n9: 240s cycle=5; presence_n7_n9: 240s cycle=5; presence_n5_n7_n9: 240s cycle=4; lattice_c_star_p1.0_e4.0: 240s cycle=4
21:43:34 [S44-HARNESS] heartbeat presence_n5_n7: 300s cycle=6; presence_n5_n9: 300s cycle=6; presence_n7_n9: 300s cycle=6; presence_n5_n7_n9: 300s cycle=6; lattice_c_star_p1.0_e4.0: 300s cycle=6
21:44:34 [S44-HARNESS] heartbeat presence_n5_n7: 360s cycle=8; presence_n5_n9: 360s cycle=8; presence_n7_n9: 360s cycle=8; presence_n5_n7_n9: 360s cycle=7; lattice_c_star_p1.0_e4.0: 360s cycle=7
21:45:34 [S44-HARNESS] heartbeat presence_n5_n7: 421s cycle=10; presence_n5_n9: 421s cycle=9; presence_n7_n9: 421s cycle=10; presence_n5_n7_n9: 421s cycle=8; lattice_c_star_p1.0_e4.0: 421s cycle=8
21:46:34 [S44-HARNESS] heartbeat presence_n5_n7: 481s cycle=11; presence_n5_n9: 481s cycle=11; presence_n7_n9: 481s cycle=11; presence_n5_n7_n9: 481s cycle=10; lattice_c_star_p1.0_e4.0: 481s cycle=10
21:47:34 [S44-HARNESS] heartbeat presence_n5_n7: 541s cycle=13; presence_n5_n9: 541s cycle=13; presence_n7_n9: 541s cycle=13; presence_n5_n7_n9: 541s cycle=11; lattice_c_star_p1.0_e4.0: 541s cycle=11
21:48:34 [S44-HARNESS] heartbeat presence_n5_n7: 601s cycle=15; presence_n5_n9: 601s cycle=14; presence_n7_n9: 601s cycle=14; presence_n5_n7_n9: 601s cycle=12; lattice_c_star_p1.0_e4.0: 601s cycle=13
21:49:34 [S44-HARNESS] heartbeat presence_n5_n7: 661s cycle=16; presence_n5_n9: 661s cycle=16; presence_n7_n9: 661s cycle=16; presence_n5_n7_n9: 661s cycle=14; lattice_c_star_p1.0_e4.0: 661s cycle=14
21:50:35 [S44-HARNESS] heartbeat presence_n5_n7: 721s cycle=18; presence_n5_n9: 721s cycle=18; presence_n7_n9: 721s cycle=18; presence_n5_n7_n9: 721s cycle=15; lattice_c_star_p1.0_e4.0: 721s cycle=16
21:51:35 [S44-HARNESS] heartbeat presence_n5_n7: 781s cycle=19; presence_n5_n9: 781s cycle=19; presence_n7_n9: 781s cycle=19; presence_n5_n7_n9: 781s cycle=17; lattice_c_star_p1.0_e4.0: 781s cycle=17
21:52:35 [S44-HARNESS] heartbeat presence_n5_n7: 841s cycle=21; presence_n5_n9: 841s cycle=21; presence_n7_n9: 841s cycle=21; presence_n5_n7_n9: 841s cycle=19; lattice_c_star_p1.0_e4.0: 841s cycle=19
21:53:35 [S44-HARNESS] heartbeat presence_n5_n7: 901s cycle=23; presence_n5_n9: 901s cycle=23; presence_n7_n9: 901s cycle=23; presence_n5_n7_n9: 901s cycle=20; lattice_c_star_p1.0_e4.0: 901s cycle=20
21:54:35 [S44-HARNESS] heartbeat presence_n5_n7: 962s cycle=25; presence_n5_n9: 962s cycle=24; presence_n7_n9: 962s cycle=25; presence_n5_n7_n9: 962s cycle=22; lattice_c_star_p1.0_e4.0: 962s cycle=22
21:55:35 [S44-HARNESS] heartbeat presence_n5_n7: 1022s cycle=27; presence_n5_n9: 1022s cycle=26; presence_n7_n9: 1022s cycle=26; presence_n5_n7_n9: 1022s cycle=23; lattice_c_star_p1.0_e4.0: 1022s cycle=23
21:56:35 [S44-HARNESS] heartbeat presence_n5_n7: 1082s cycle=28; presence_n5_n9: 1082s cycle=28; presence_n7_n9: 1082s cycle=28; presence_n5_n7_n9: 1082s cycle=25; lattice_c_star_p1.0_e4.0: 1082s cycle=25
21:57:35 [S44-HARNESS] heartbeat presence_n5_n7: 1142s cycle=30; presence_n5_n9: 1142s cycle=30; presence_n7_n9: 1142s cycle=30; presence_n5_n7_n9: 1142s cycle=27; lattice_c_star_p1.0_e4.0: 1142s cycle=26
21:58:35 [S44-HARNESS] heartbeat presence_n5_n7: 1202s cycle=32; presence_n5_n9: 1202s cycle=31; presence_n7_n9: 1202s cycle=32; presence_n5_n7_n9: 1202s cycle=28; lattice_c_star_p1.0_e4.0: 1202s cycle=28
21:59:35 [S44-HARNESS] heartbeat presence_n5_n7: 1262s cycle=34; presence_n5_n9: 1262s cycle=33; presence_n7_n9: 1262s cycle=33; presence_n5_n7_n9: 1262s cycle=30; lattice_c_star_p1.0_e4.0: 1262s cycle=29
22:00:36 [S44-HARNESS] heartbeat presence_n5_n7: 1322s cycle=35; presence_n5_n9: 1322s cycle=35; presence_n7_n9: 1322s cycle=35; presence_n5_n7_n9: 1322s cycle=32; lattice_c_star_p1.0_e4.0: 1322s cycle=31
22:01:36 [S44-HARNESS] heartbeat presence_n5_n7: 1382s cycle=37; presence_n5_n9: 1382s cycle=37; presence_n7_n9: 1382s cycle=37; presence_n5_n7_n9: 1382s cycle=33; lattice_c_star_p1.0_e4.0: 1382s cycle=33
22:02:36 [S44-HARNESS] heartbeat presence_n5_n7: 1442s cycle=39; presence_n5_n9: 1442s cycle=38; presence_n7_n9: 1442s cycle=39; presence_n5_n7_n9: 1442s cycle=35; lattice_c_star_p1.0_e4.0: 1442s cycle=34
22:03:36 [S44-HARNESS] heartbeat presence_n5_n7: 1502s cycle=41; presence_n5_n9: 1502s cycle=40; presence_n7_n9: 1502s cycle=40; presence_n5_n7_n9: 1502s cycle=37; lattice_c_star_p1.0_e4.0: 1502s cycle=36
22:04:36 [S44-HARNESS] heartbeat presence_n5_n7: 1563s cycle=42; presence_n5_n9: 1563s cycle=42; presence_n7_n9: 1563s cycle=42; presence_n5_n7_n9: 1563s cycle=38; lattice_c_star_p1.0_e4.0: 1563s cycle=38
22:05:36 [S44-HARNESS] heartbeat presence_n5_n7: 1623s cycle=44; presence_n5_n9: 1623s cycle=44; presence_n7_n9: 1623s cycle=44; presence_n5_n7_n9: 1623s cycle=40; lattice_c_star_p1.0_e4.0: 1623s cycle=39
22:06:36 [S44-HARNESS] heartbeat presence_n5_n7: 1683s cycle=46; presence_n5_n9: 1683s cycle=45; presence_n7_n9: 1683s cycle=46; presence_n5_n7_n9: 1683s cycle=42; lattice_c_star_p1.0_e4.0: 1683s cycle=41
22:07:36 [S44-HARNESS] heartbeat presence_n5_n7: 1743s cycle=48; presence_n5_n9: 1743s cycle=47; presence_n7_n9: 1743s cycle=48; presence_n5_n7_n9: 1743s cycle=43; lattice_c_star_p1.0_e4.0: 1743s cycle=43
22:08:36 [S44-HARNESS] heartbeat presence_n5_n7: 1803s cycle=49; presence_n5_n9: 1803s cycle=49; presence_n7_n9: 1803s cycle=49; presence_n5_n7_n9: 1803s cycle=45; lattice_c_star_p1.0_e4.0: 1803s cycle=45
22:09:37 [S44-HARNESS] heartbeat presence_n5_n7: 1863s cycle=51; presence_n5_n9: 1863s cycle=51; presence_n7_n9: 1863s cycle=51; presence_n5_n7_n9: 1863s cycle=47; lattice_c_star_p1.0_e4.0: 1863s cycle=46
22:10:37 [S44-HARNESS] heartbeat presence_n5_n7: 1923s cycle=53; presence_n5_n9: 1923s cycle=53; presence_n7_n9: 1923s cycle=53; presence_n5_n7_n9: 1923s cycle=48; lattice_c_star_p1.0_e4.0: 1923s cycle=48
22:11:37 [S44-HARNESS] heartbeat presence_n5_n7: 1983s cycle=55; presence_n5_n9: 1983s cycle=54; presence_n7_n9: 1983s cycle=55; presence_n5_n7_n9: 1983s cycle=50; lattice_c_star_p1.0_e4.0: 1983s cycle=50
22:12:37 [S44-HARNESS] heartbeat presence_n5_n7: 2043s cycle=57; presence_n5_n9: 2043s cycle=56; presence_n7_n9: 2043s cycle=57; presence_n5_n7_n9: 2043s cycle=52; lattice_c_star_p1.0_e4.0: 2043s cycle=51
22:13:37 [S44-HARNESS] heartbeat presence_n5_n7: 2104s cycle=58; presence_n5_n9: 2103s cycle=58; presence_n7_n9: 2103s cycle=58; presence_n5_n7_n9: 2103s cycle=53; lattice_c_star_p1.0_e4.0: 2103s cycle=53
22:14:37 [S44-HARNESS] heartbeat presence_n5_n7: 2164s cycle=60; presence_n5_n9: 2164s cycle=60; presence_n7_n9: 2164s cycle=60; presence_n5_n7_n9: 2164s cycle=55; lattice_c_star_p1.0_e4.0: 2164s cycle=55
22:15:37 [S44-HARNESS] heartbeat presence_n5_n7: 2224s cycle=62; presence_n5_n9: 2224s cycle=61; presence_n7_n9: 2224s cycle=62; presence_n5_n7_n9: 2224s cycle=56; lattice_c_star_p1.0_e4.0: 2224s cycle=57
22:16:37 [S44-HARNESS] heartbeat presence_n5_n7: 2284s cycle=64; presence_n5_n9: 2284s cycle=63; presence_n7_n9: 2284s cycle=64; presence_n5_n7_n9: 2284s cycle=58; lattice_c_star_p1.0_e4.0: 2284s cycle=59
22:17:37 [S44-HARNESS] heartbeat presence_n5_n7: 2344s cycle=66; presence_n5_n9: 2344s cycle=65; presence_n7_n9: 2344s cycle=66; presence_n5_n7_n9: 2344s cycle=60; lattice_c_star_p1.0_e4.0: 2344s cycle=61
22:18:37 [S44-HARNESS] heartbeat presence_n5_n7: 2404s cycle=67; presence_n5_n9: 2404s cycle=67; presence_n7_n9: 2404s cycle=68; presence_n5_n7_n9: 2404s cycle=61; lattice_c_star_p1.0_e4.0: 2404s cycle=62
22:19:38 [S44-HARNESS] heartbeat presence_n5_n7: 2464s cycle=69; presence_n5_n9: 2464s cycle=68; presence_n7_n9: 2464s cycle=69; presence_n5_n7_n9: 2464s cycle=63; lattice_c_star_p1.0_e4.0: 2464s cycle=64
22:20:38 [S44-HARNESS] heartbeat presence_n5_n7: 2524s cycle=71; presence_n5_n9: 2524s cycle=70; presence_n7_n9: 2524s cycle=71; presence_n5_n7_n9: 2524s cycle=65; lattice_c_star_p1.0_e4.0: 2524s cycle=66
22:21:38 [S44-HARNESS] heartbeat presence_n5_n7: 2584s cycle=73; presence_n5_n9: 2584s cycle=72; presence_n7_n9: 2584s cycle=73; presence_n5_n7_n9: 2584s cycle=66; lattice_c_star_p1.0_e4.0: 2584s cycle=68
22:22:38 [S44-HARNESS] heartbeat presence_n5_n7: 2644s cycle=75; presence_n5_n9: 2644s cycle=74; presence_n7_n9: 2644s cycle=75; presence_n5_n7_n9: 2644s cycle=68; lattice_c_star_p1.0_e4.0: 2644s cycle=69
22:23:38 [S44-HARNESS] heartbeat presence_n5_n7: 2705s cycle=77; presence_n5_n9: 2705s cycle=76; presence_n7_n9: 2705s cycle=77; presence_n5_n7_n9: 2705s cycle=70; lattice_c_star_p1.0_e4.0: 2705s cycle=71
22:24:38 [S44-HARNESS] heartbeat presence_n5_n7: 2765s cycle=78; presence_n5_n9: 2765s cycle=77; presence_n7_n9: 2765s cycle=79; presence_n5_n7_n9: 2765s cycle=71; lattice_c_star_p1.0_e4.0: 2765s cycle=73
22:25:38 [S44-HARNESS] heartbeat presence_n5_n7: 2825s cycle=80; presence_n5_n9: 2825s cycle=79; presence_n7_n9: 2825s cycle=80; presence_n5_n7_n9: 2825s cycle=73; lattice_c_star_p1.0_e4.0: 2825s cycle=75
22:26:38 [S44-HARNESS] heartbeat presence_n5_n7: 2885s cycle=82; presence_n5_n9: 2885s cycle=81; presence_n7_n9: 2885s cycle=82; presence_n5_n7_n9: 2885s cycle=75; lattice_c_star_p1.0_e4.0: 2885s cycle=77
22:27:38 [S44-HARNESS] heartbeat presence_n5_n7: 2945s cycle=84; presence_n5_n9: 2945s cycle=83; presence_n7_n9: 2945s cycle=84; presence_n5_n7_n9: 2945s cycle=76; lattice_c_star_p1.0_e4.0: 2945s cycle=78
22:28:39 [S44-HARNESS] heartbeat presence_n5_n7: 3005s cycle=86; presence_n5_n9: 3005s cycle=84; presence_n7_n9: 3005s cycle=86; presence_n5_n7_n9: 3005s cycle=78; lattice_c_star_p1.0_e4.0: 3005s cycle=80
22:29:39 [S44-HARNESS] heartbeat presence_n5_n7: 3065s cycle=87; presence_n5_n9: 3065s cycle=86; presence_n7_n9: 3065s cycle=88; presence_n5_n7_n9: 3065s cycle=80; lattice_c_star_p1.0_e4.0: 3065s cycle=82
22:30:39 [S44-HARNESS] heartbeat presence_n5_n7: 3125s cycle=89; presence_n5_n9: 3125s cycle=88; presence_n7_n9: 3125s cycle=89; presence_n5_n7_n9: 3125s cycle=81; lattice_c_star_p1.0_e4.0: 3125s cycle=83
22:31:39 [S44-HARNESS] heartbeat presence_n5_n7: 3185s cycle=91; presence_n5_n9: 3185s cycle=90; presence_n7_n9: 3185s cycle=91; presence_n5_n7_n9: 3185s cycle=83; lattice_c_star_p1.0_e4.0: 3185s cycle=85
22:32:39 [S44-HARNESS] heartbeat presence_n5_n7: 3246s cycle=93; presence_n5_n9: 3246s cycle=91; presence_n7_n9: 3246s cycle=93; presence_n5_n7_n9: 3246s cycle=85; lattice_c_star_p1.0_e4.0: 3246s cycle=87
22:33:39 [S44-HARNESS] heartbeat presence_n5_n7: 3306s cycle=95; presence_n5_n9: 3306s cycle=93; presence_n7_n9: 3306s cycle=95; presence_n5_n7_n9: 3306s cycle=86; lattice_c_star_p1.0_e4.0: 3306s cycle=88
22:34:39 [S44-HARNESS] heartbeat presence_n5_n7: 3366s cycle=96; presence_n5_n9: 3366s cycle=95; presence_n7_n9: 3366s cycle=97; presence_n5_n7_n9: 3366s cycle=88; lattice_c_star_p1.0_e4.0: 3366s cycle=90
22:35:39 [S44-HARNESS] heartbeat presence_n5_n7: 3426s cycle=98; presence_n5_n9: 3426s cycle=96; presence_n7_n9: 3426s cycle=99; presence_n5_n7_n9: 3426s cycle=90; lattice_c_star_p1.0_e4.0: 3426s cycle=92
22:36:39 [S44-HARNESS] heartbeat presence_n5_n7: 3486s cycle=100; presence_n5_n9: 3486s cycle=98; presence_n7_n9: 3486s cycle=101; presence_n5_n7_n9: 3486s cycle=91; lattice_c_star_p1.0_e4.0: 3486s cycle=94
22:37:39 [S44-HARNESS] heartbeat presence_n5_n7: 3546s cycle=101; presence_n5_n9: 3546s cycle=100; presence_n7_n9: 3546s cycle=102; presence_n5_n7_n9: 3546s cycle=93; lattice_c_star_p1.0_e4.0: 3546s cycle=96
22:38:40 [S44-HARNESS] heartbeat presence_n5_n7: 3606s cycle=103; presence_n5_n9: 3606s cycle=102; presence_n7_n9: 3606s cycle=104; presence_n5_n7_n9: 3606s cycle=95; lattice_c_star_p1.0_e4.0: 3606s cycle=97
22:39:40 [S44-HARNESS] heartbeat presence_n5_n7: 3666s cycle=105; presence_n5_n9: 3666s cycle=103; presence_n7_n9: 3666s cycle=106; presence_n5_n7_n9: 3666s cycle=96; lattice_c_star_p1.0_e4.0: 3666s cycle=99
22:40:40 [S44-HARNESS] heartbeat presence_n5_n7: 3726s cycle=107; presence_n5_n9: 3726s cycle=105; presence_n7_n9: 3726s cycle=108; presence_n5_n7_n9: 3726s cycle=98; lattice_c_star_p1.0_e4.0: 3726s cycle=101
22:41:40 [S44-HARNESS] heartbeat presence_n5_n7: 3786s cycle=109; presence_n5_n9: 3786s cycle=107; presence_n7_n9: 3786s cycle=109; presence_n5_n7_n9: 3786s cycle=99; lattice_c_star_p1.0_e4.0: 3786s cycle=103
22:42:40 [S44-HARNESS] heartbeat presence_n5_n7: 3847s cycle=110; presence_n5_n9: 3847s cycle=109; presence_n7_n9: 3847s cycle=111; presence_n5_n7_n9: 3847s cycle=101; lattice_c_star_p1.0_e4.0: 3847s cycle=104
22:43:40 [S44-HARNESS] heartbeat presence_n5_n7: 3907s cycle=112; presence_n5_n9: 3907s cycle=111; presence_n7_n9: 3907s cycle=113; presence_n5_n7_n9: 3907s cycle=103; lattice_c_star_p1.0_e4.0: 3907s cycle=106
22:44:40 [S44-HARNESS] heartbeat presence_n5_n7: 3967s cycle=114; presence_n5_n9: 3967s cycle=112; presence_n7_n9: 3967s cycle=115; presence_n5_n7_n9: 3967s cycle=104; lattice_c_star_p1.0_e4.0: 3967s cycle=108
22:44:45 [S44-HARNESS] finished presence_n7_n9 pid=5331 exit=0 status=certified wall=3972s
22:45:00 [S44-HARNESS] finished lattice_c_star_p1.0_e4.0 pid=5333 exit=0 status=certified wall=3987s
22:45:40 [S44-HARNESS] heartbeat presence_n5_n7: 4027s cycle=116; presence_n5_n9: 4027s cycle=114; presence_n5_n7_n9: 4027s cycle=106
22:46:35 [S44-HARNESS] finished presence_n5_n7 pid=5329 exit=0 status=certified wall=4082s
22:46:40 [S44-HARNESS] heartbeat presence_n5_n9: 4087s cycle=116; presence_n5_n7_n9: 4087s cycle=108
22:47:16 [S44-HARNESS] finished presence_n5_n7_n9 pid=5332 exit=0 status=certified wall=4122s
22:47:41 [S44-HARNESS] heartbeat presence_n5_n9: 4147s cycle=118
22:48:01 [S44-HARNESS] finished presence_n5_n9 pid=5330 exit=0 status=certified wall=4167s
22:48:01 [S45-A2] campaign lock released
22:48:01 [S45-A2] presence_n5_n7: status=certified cycles=118 cert=118 Q=653363180.63376 I=635914.017007117 F=653999094.6507671 slack=364085.98299288296 bar=9594.031482696533 rule10=0.008384942254244876 salvage=-5.996002616013219e-51 net=653363180.63376 aa={'insufficient memory (m_k=0)': 7, 'accepted': 50, 'rejected (safeguard; memory retained)': 51, 'off (all channels within Boyd tolerance)': 10}
22:48:01 [S45-A2] presence_n5_n9: status=certified cycles=119 cert=119 Q=653352696.8649101 I=635914.017007117 F=653988610.8819172 slack=364085.98299288296 bar=5807.156970739365 rule10=0.004655269900017213 salvage=1.4990006540033047e-51 net=653352696.8649101 aa={'insufficient memory (m_k=0)': 7, 'accepted': 50, 'rejected (safeguard; memory retained)': 52, 'off (all channels within Boyd tolerance)': 10}
22:48:01 [S45-A2] presence_n7_n9: status=certified cycles=115 cert=115 Q=653374248.723366 I=635914.017007117 F=654010162.7403731 slack=364085.98299288296 bar=20579.141656041145 rule10=0.04635748920191707 salvage=-4.2159393393842945e-52 net=653374248.723366 aa={'insufficient memory (m_k=0)': 8, 'accepted': 52, 'rejected (safeguard; memory retained)': 45, 'off (all channels within Boyd tolerance)': 10}
22:48:01 [S45-A2] presence_n5_n7_n9: status=certified cycles=109 cert=109 Q=653095878.3463824 I=953871.0255106755 F=654049749.371893 slack=46128.97448932449 bar=19572.26866519451 rule10=0.029778112485167898 salvage=-7.495003270016524e-52 net=653095878.3463824 aa={'insufficient memory (m_k=0)': 8, 'accepted': 49, 'rejected (safeguard; memory retained)': 42, 'off (all channels within Boyd tolerance)': 10}
22:48:01 [S45-A2] lattice_c_star_p1.0_e4.0: status=certified cycles=109 cert=109 Q=650893053.3783746 I=3815484.102042702 F=654708537.4804173 slack=-2815484.102042702 bar=7607.651202440262 rule10=0.011243685094653332 salvage=-2.9980013080066094e-51 net=650893053.3783746 aa={'insufficient memory (m_k=0)': 6, 'accepted': 49, 'rejected (safeguard; memory retained)': 44, 'off (all channels within Boyd tolerance)': 10}
22:48:01 [S45-A2] objective convention: F uses gross; salvage reported separately. Q(x) = certified_cost = gross_operational_cost (settlement-excluded); F(x) = I(x) + Q(x); terminal_salvage_value and net_operational_recourse = gross - salvage are reported, excluded from F (Addendum 27 item 3).
22:48:01 [S45-A2] parent guard {'permitted_solve': 0, 'permitted_exec': 0, 'blocked_solve': 0, 'blocked_exec': 0} verify0_failures=[]
22:48:01 [S45-A2] OK: all 5 points certified
