17:50:54 [S45-A1B] memory preflight: available (memsize - wired - anonymous - compressor-occupied) = 23.35 GiB [wired 2.00, anonymous 5.25, compressor-occupied 1.40, memsize 32.00]; free+inactive = 19.12 GiB (recorded only); required 19.25 GiB (hw.memsize - (wired + anonymous + compressor-occupied) x page size >= 7 x 2.75 GiB) -> PASS; vm_stat pages {'pages_free': 250469, 'pages_active': 553313, 'pages_inactive': 1002461, 'pages_speculative': 19416, 'pages_wired_down': 131171, 'pages_purgeable': 14522, 'file_backed_pages': 1230847, 'anonymous_pages': 344343, 'pages_stored_in_compressor': 185899, 'pages_occupied_by_compressor': 91457}
17:50:54 [S45-A1B] preconditions passed; spec data/SRP1/Results/P515S45/campaign_s45_a1b/campaign_spec_s45_a1b_bd3040a9.json sha256=bd3040a9e3ac51fd8fa305e2e1bccaf8eb08811d57b4e499e1a12c0dfa8fd789; git HEAD ccd248b4b6bebca76ee7cb507c4fd1dc7a4f1222 (spec frozen at d0dbd1866a5d161845f5943f52be5129c21b4e98)
17:50:54 [S45-A1B] 20 points, waves of 7; stop rule: spec v15 execution.barrier: "non-certified evaluations recorded with cause; in A1-A3 a run of barrier points in a region stops for review". Operational form frozen by Planner task W15: after every wave, STOP (launch no further wave) if (a) 2 or more non-certified points fall in ONE region (node+duration ladder, see _region_key) or (b) 3 or more non-certified points occur overall. A single isolated non-certified point does NOT stop the campaign: it is recorded as a barrier point with its cause. Points already running always finish; unlaunched points are recorded as not_launched_stop_rule and campaign_results.json carries STOP_FOR_REVIEW true (exit 3).
17:50:54 [S45-A1B] campaign lock acquired: {'pid': 86602, 'campaign_id': 's45_a1b', 'campaign_spec_sha256': 'bd3040a9e3ac51fd8fa305e2e1bccaf8eb08811d57b4e499e1a12c0dfa8fd789', 'started_utc': '2026-09-20T17:50:54.861476+00:00'}
17:50:54 [S45-A1B] launching wave 1/3: ['n7_2h_e1_y2030', 'n7_4h_e1_y2030', 'n7_2h_e2_y2030', 'n7_4h_e2_y2030', 'n7_2h_e3_y2030', 'n7_4h_e3_y2030', 'n7_2h_e4_y2030'] (concurrency 7)
17:50:54 [S44-HARNESS] launched n7_2h_e1_y2030 (key e7c94efae91d7646) pid=86615
17:50:54 [S44-HARNESS] launched n7_4h_e1_y2030 (key c408836ee5888f63) pid=86616
17:50:54 [S44-HARNESS] launched n7_2h_e2_y2030 (key 44cfc7e5b0635b79) pid=86617
17:50:54 [S44-HARNESS] launched n7_4h_e2_y2030 (key 76baf11ecc051621) pid=86618
17:50:54 [S44-HARNESS] launched n7_2h_e3_y2030 (key 0226e5e772996139) pid=86619
17:50:54 [S44-HARNESS] launched n7_4h_e3_y2030 (key 3b77a5f6804ba4ff) pid=86620
17:50:54 [S44-HARNESS] launched n7_2h_e4_y2030 (key 6d0daf8d44ff609b) pid=86621
17:50:54 [S44-HARNESS] heartbeat n7_2h_e1_y2030: 0s cycle=None; n7_4h_e1_y2030: 0s cycle=None; n7_2h_e2_y2030: 0s cycle=None; n7_4h_e2_y2030: 0s cycle=None; n7_2h_e3_y2030: 0s cycle=None; n7_4h_e3_y2030: 0s cycle=None; n7_2h_e4_y2030: 0s cycle=None
17:51:54 [S44-HARNESS] heartbeat n7_2h_e1_y2030: 60s cycle=None; n7_4h_e1_y2030: 60s cycle=None; n7_2h_e2_y2030: 60s cycle=None; n7_4h_e2_y2030: 60s cycle=None; n7_2h_e3_y2030: 60s cycle=None; n7_4h_e3_y2030: 60s cycle=None; n7_2h_e4_y2030: 60s cycle=None
17:52:54 [S44-HARNESS] heartbeat n7_2h_e1_y2030: 120s cycle=2; n7_4h_e1_y2030: 120s cycle=2; n7_2h_e2_y2030: 120s cycle=2; n7_4h_e2_y2030: 120s cycle=2; n7_2h_e3_y2030: 120s cycle=2; n7_4h_e3_y2030: 120s cycle=2; n7_2h_e4_y2030: 120s cycle=2
17:53:55 [S44-HARNESS] heartbeat n7_2h_e1_y2030: 180s cycle=3; n7_4h_e1_y2030: 180s cycle=3; n7_2h_e2_y2030: 180s cycle=3; n7_4h_e2_y2030: 180s cycle=3; n7_2h_e3_y2030: 180s cycle=3; n7_4h_e3_y2030: 180s cycle=3; n7_2h_e4_y2030: 180s cycle=3
17:54:55 [S44-HARNESS] heartbeat n7_2h_e1_y2030: 240s cycle=5; n7_4h_e1_y2030: 240s cycle=5; n7_2h_e2_y2030: 240s cycle=5; n7_4h_e2_y2030: 240s cycle=5; n7_2h_e3_y2030: 240s cycle=5; n7_4h_e3_y2030: 240s cycle=5; n7_2h_e4_y2030: 240s cycle=5
17:55:55 [S44-HARNESS] heartbeat n7_2h_e1_y2030: 300s cycle=7; n7_4h_e1_y2030: 300s cycle=7; n7_2h_e2_y2030: 300s cycle=7; n7_4h_e2_y2030: 300s cycle=7; n7_2h_e3_y2030: 300s cycle=7; n7_4h_e3_y2030: 300s cycle=7; n7_2h_e4_y2030: 300s cycle=7
17:56:55 [S44-HARNESS] heartbeat n7_2h_e1_y2030: 360s cycle=9; n7_4h_e1_y2030: 360s cycle=9; n7_2h_e2_y2030: 360s cycle=9; n7_4h_e2_y2030: 360s cycle=9; n7_2h_e3_y2030: 360s cycle=9; n7_4h_e3_y2030: 360s cycle=9; n7_2h_e4_y2030: 360s cycle=9
17:57:55 [S44-HARNESS] heartbeat n7_2h_e1_y2030: 420s cycle=10; n7_4h_e1_y2030: 420s cycle=10; n7_2h_e2_y2030: 420s cycle=10; n7_4h_e2_y2030: 420s cycle=11; n7_2h_e3_y2030: 420s cycle=11; n7_4h_e3_y2030: 420s cycle=10; n7_2h_e4_y2030: 420s cycle=10
17:58:55 [S44-HARNESS] heartbeat n7_2h_e1_y2030: 480s cycle=12; n7_4h_e1_y2030: 480s cycle=12; n7_2h_e2_y2030: 480s cycle=12; n7_4h_e2_y2030: 480s cycle=12; n7_2h_e3_y2030: 480s cycle=12; n7_4h_e3_y2030: 480s cycle=12; n7_2h_e4_y2030: 480s cycle=12
17:59:55 [S44-HARNESS] heartbeat n7_2h_e1_y2030: 541s cycle=14; n7_4h_e1_y2030: 540s cycle=14; n7_2h_e2_y2030: 540s cycle=14; n7_4h_e2_y2030: 540s cycle=14; n7_2h_e3_y2030: 540s cycle=14; n7_4h_e3_y2030: 540s cycle=14; n7_2h_e4_y2030: 540s cycle=14
18:00:55 [S44-HARNESS] heartbeat n7_2h_e1_y2030: 601s cycle=16; n7_4h_e1_y2030: 601s cycle=16; n7_2h_e2_y2030: 601s cycle=16; n7_4h_e2_y2030: 601s cycle=16; n7_2h_e3_y2030: 601s cycle=16; n7_4h_e3_y2030: 601s cycle=15; n7_2h_e4_y2030: 601s cycle=15
18:01:55 [S44-HARNESS] heartbeat n7_2h_e1_y2030: 661s cycle=18; n7_4h_e1_y2030: 661s cycle=18; n7_2h_e2_y2030: 661s cycle=18; n7_4h_e2_y2030: 661s cycle=18; n7_2h_e3_y2030: 661s cycle=17; n7_4h_e3_y2030: 661s cycle=17; n7_2h_e4_y2030: 661s cycle=17
18:02:55 [S44-HARNESS] heartbeat n7_2h_e1_y2030: 721s cycle=19; n7_4h_e1_y2030: 721s cycle=20; n7_2h_e2_y2030: 721s cycle=19; n7_4h_e2_y2030: 721s cycle=19; n7_2h_e3_y2030: 721s cycle=19; n7_4h_e3_y2030: 721s cycle=19; n7_2h_e4_y2030: 721s cycle=18
18:03:55 [S44-HARNESS] heartbeat n7_2h_e1_y2030: 781s cycle=21; n7_4h_e1_y2030: 781s cycle=21; n7_2h_e2_y2030: 781s cycle=21; n7_4h_e2_y2030: 781s cycle=21; n7_2h_e3_y2030: 781s cycle=21; n7_4h_e3_y2030: 781s cycle=20; n7_2h_e4_y2030: 781s cycle=20
18:04:55 [S44-HARNESS] heartbeat n7_2h_e1_y2030: 841s cycle=23; n7_4h_e1_y2030: 841s cycle=23; n7_2h_e2_y2030: 841s cycle=23; n7_4h_e2_y2030: 841s cycle=23; n7_2h_e3_y2030: 841s cycle=22; n7_4h_e3_y2030: 841s cycle=22; n7_2h_e4_y2030: 841s cycle=22
18:05:55 [S44-HARNESS] heartbeat n7_2h_e1_y2030: 901s cycle=25; n7_4h_e1_y2030: 901s cycle=25; n7_2h_e2_y2030: 901s cycle=25; n7_4h_e2_y2030: 901s cycle=25; n7_2h_e3_y2030: 901s cycle=24; n7_4h_e3_y2030: 901s cycle=24; n7_2h_e4_y2030: 901s cycle=23
18:06:55 [S44-HARNESS] heartbeat n7_2h_e1_y2030: 961s cycle=27; n7_4h_e1_y2030: 961s cycle=27; n7_2h_e2_y2030: 961s cycle=26; n7_4h_e2_y2030: 961s cycle=26; n7_2h_e3_y2030: 961s cycle=26; n7_4h_e3_y2030: 961s cycle=26; n7_2h_e4_y2030: 961s cycle=25
18:07:55 [S44-HARNESS] heartbeat n7_2h_e1_y2030: 1021s cycle=28; n7_4h_e1_y2030: 1021s cycle=29; n7_2h_e2_y2030: 1021s cycle=28; n7_4h_e2_y2030: 1021s cycle=28; n7_2h_e3_y2030: 1021s cycle=28; n7_4h_e3_y2030: 1021s cycle=28; n7_2h_e4_y2030: 1021s cycle=27
18:08:55 [S44-HARNESS] heartbeat n7_2h_e1_y2030: 1081s cycle=30; n7_4h_e1_y2030: 1081s cycle=31; n7_2h_e2_y2030: 1081s cycle=30; n7_4h_e2_y2030: 1081s cycle=30; n7_2h_e3_y2030: 1081s cycle=30; n7_4h_e3_y2030: 1081s cycle=30; n7_2h_e4_y2030: 1081s cycle=29
18:09:56 [S44-HARNESS] heartbeat n7_2h_e1_y2030: 1141s cycle=32; n7_4h_e1_y2030: 1141s cycle=32; n7_2h_e2_y2030: 1141s cycle=32; n7_4h_e2_y2030: 1141s cycle=32; n7_2h_e3_y2030: 1141s cycle=32; n7_4h_e3_y2030: 1141s cycle=31; n7_2h_e4_y2030: 1141s cycle=30
18:10:56 [S44-HARNESS] heartbeat n7_2h_e1_y2030: 1201s cycle=34; n7_4h_e1_y2030: 1201s cycle=34; n7_2h_e2_y2030: 1201s cycle=34; n7_4h_e2_y2030: 1201s cycle=34; n7_2h_e3_y2030: 1201s cycle=33; n7_4h_e3_y2030: 1201s cycle=33; n7_2h_e4_y2030: 1201s cycle=32
18:11:56 [S44-HARNESS] heartbeat n7_2h_e1_y2030: 1261s cycle=36; n7_4h_e1_y2030: 1261s cycle=36; n7_2h_e2_y2030: 1261s cycle=35; n7_4h_e2_y2030: 1261s cycle=36; n7_2h_e3_y2030: 1261s cycle=35; n7_4h_e3_y2030: 1261s cycle=35; n7_2h_e4_y2030: 1261s cycle=34
18:12:56 [S44-HARNESS] heartbeat n7_2h_e1_y2030: 1321s cycle=38; n7_4h_e1_y2030: 1321s cycle=38; n7_2h_e2_y2030: 1321s cycle=37; n7_4h_e2_y2030: 1321s cycle=38; n7_2h_e3_y2030: 1321s cycle=37; n7_4h_e3_y2030: 1321s cycle=37; n7_2h_e4_y2030: 1321s cycle=36
18:13:56 [S44-HARNESS] heartbeat n7_2h_e1_y2030: 1382s cycle=40; n7_4h_e1_y2030: 1382s cycle=40; n7_2h_e2_y2030: 1382s cycle=39; n7_4h_e2_y2030: 1382s cycle=39; n7_2h_e3_y2030: 1382s cycle=39; n7_4h_e3_y2030: 1382s cycle=39; n7_2h_e4_y2030: 1382s cycle=38
18:14:56 [S44-HARNESS] heartbeat n7_2h_e1_y2030: 1442s cycle=42; n7_4h_e1_y2030: 1442s cycle=42; n7_2h_e2_y2030: 1442s cycle=41; n7_4h_e2_y2030: 1442s cycle=41; n7_2h_e3_y2030: 1442s cycle=41; n7_4h_e3_y2030: 1442s cycle=41; n7_2h_e4_y2030: 1442s cycle=40
18:15:56 [S44-HARNESS] heartbeat n7_2h_e1_y2030: 1502s cycle=44; n7_4h_e1_y2030: 1502s cycle=44; n7_2h_e2_y2030: 1502s cycle=43; n7_4h_e2_y2030: 1502s cycle=43; n7_2h_e3_y2030: 1502s cycle=43; n7_4h_e3_y2030: 1502s cycle=43; n7_2h_e4_y2030: 1502s cycle=42
18:16:56 [S44-HARNESS] heartbeat n7_2h_e1_y2030: 1562s cycle=46; n7_4h_e1_y2030: 1562s cycle=46; n7_2h_e2_y2030: 1562s cycle=45; n7_4h_e2_y2030: 1562s cycle=45; n7_2h_e3_y2030: 1562s cycle=44; n7_4h_e3_y2030: 1562s cycle=45; n7_2h_e4_y2030: 1562s cycle=44
18:17:56 [S44-HARNESS] heartbeat n7_2h_e1_y2030: 1622s cycle=48; n7_4h_e1_y2030: 1622s cycle=48; n7_2h_e2_y2030: 1622s cycle=46; n7_4h_e2_y2030: 1622s cycle=47; n7_2h_e3_y2030: 1622s cycle=46; n7_4h_e3_y2030: 1622s cycle=47; n7_2h_e4_y2030: 1622s cycle=45
18:18:56 [S44-HARNESS] heartbeat n7_2h_e1_y2030: 1682s cycle=50; n7_4h_e1_y2030: 1682s cycle=50; n7_2h_e2_y2030: 1682s cycle=48; n7_4h_e2_y2030: 1682s cycle=49; n7_2h_e3_y2030: 1682s cycle=48; n7_4h_e3_y2030: 1682s cycle=48; n7_2h_e4_y2030: 1682s cycle=47
18:19:57 [S44-HARNESS] heartbeat n7_2h_e1_y2030: 1742s cycle=51; n7_4h_e1_y2030: 1742s cycle=51; n7_2h_e2_y2030: 1742s cycle=50; n7_4h_e2_y2030: 1742s cycle=51; n7_2h_e3_y2030: 1742s cycle=50; n7_4h_e3_y2030: 1742s cycle=50; n7_2h_e4_y2030: 1742s cycle=49
18:20:57 [S44-HARNESS] heartbeat n7_2h_e1_y2030: 1802s cycle=53; n7_4h_e1_y2030: 1802s cycle=53; n7_2h_e2_y2030: 1802s cycle=52; n7_4h_e2_y2030: 1802s cycle=52; n7_2h_e3_y2030: 1802s cycle=52; n7_4h_e3_y2030: 1802s cycle=52; n7_2h_e4_y2030: 1802s cycle=51
18:21:57 [S44-HARNESS] heartbeat n7_2h_e1_y2030: 1862s cycle=55; n7_4h_e1_y2030: 1862s cycle=55; n7_2h_e2_y2030: 1862s cycle=54; n7_4h_e2_y2030: 1862s cycle=54; n7_2h_e3_y2030: 1862s cycle=54; n7_4h_e3_y2030: 1862s cycle=54; n7_2h_e4_y2030: 1862s cycle=53
18:22:57 [S44-HARNESS] heartbeat n7_2h_e1_y2030: 1923s cycle=57; n7_4h_e1_y2030: 1922s cycle=57; n7_2h_e2_y2030: 1922s cycle=56; n7_4h_e2_y2030: 1922s cycle=56; n7_2h_e3_y2030: 1922s cycle=56; n7_4h_e3_y2030: 1922s cycle=56; n7_2h_e4_y2030: 1922s cycle=55
18:23:57 [S44-HARNESS] heartbeat n7_2h_e1_y2030: 1983s cycle=59; n7_4h_e1_y2030: 1983s cycle=59; n7_2h_e2_y2030: 1983s cycle=58; n7_4h_e2_y2030: 1983s cycle=58; n7_2h_e3_y2030: 1983s cycle=58; n7_4h_e3_y2030: 1983s cycle=58; n7_2h_e4_y2030: 1983s cycle=57
18:24:57 [S44-HARNESS] heartbeat n7_2h_e1_y2030: 2043s cycle=61; n7_4h_e1_y2030: 2043s cycle=61; n7_2h_e2_y2030: 2043s cycle=60; n7_4h_e2_y2030: 2043s cycle=60; n7_2h_e3_y2030: 2043s cycle=60; n7_4h_e3_y2030: 2043s cycle=60; n7_2h_e4_y2030: 2043s cycle=59
18:25:57 [S44-HARNESS] heartbeat n7_2h_e1_y2030: 2103s cycle=63; n7_4h_e1_y2030: 2103s cycle=63; n7_2h_e2_y2030: 2103s cycle=62; n7_4h_e2_y2030: 2103s cycle=62; n7_2h_e3_y2030: 2103s cycle=62; n7_4h_e3_y2030: 2103s cycle=62; n7_2h_e4_y2030: 2103s cycle=61
18:26:57 [S44-HARNESS] heartbeat n7_2h_e1_y2030: 2163s cycle=64; n7_4h_e1_y2030: 2163s cycle=65; n7_2h_e2_y2030: 2163s cycle=63; n7_4h_e2_y2030: 2163s cycle=64; n7_2h_e3_y2030: 2163s cycle=64; n7_4h_e3_y2030: 2163s cycle=64; n7_2h_e4_y2030: 2163s cycle=63
18:27:57 [S44-HARNESS] heartbeat n7_2h_e1_y2030: 2223s cycle=66; n7_4h_e1_y2030: 2223s cycle=66; n7_2h_e2_y2030: 2223s cycle=65; n7_4h_e2_y2030: 2223s cycle=66; n7_2h_e3_y2030: 2223s cycle=66; n7_4h_e3_y2030: 2223s cycle=66; n7_2h_e4_y2030: 2223s cycle=65
18:28:57 [S44-HARNESS] heartbeat n7_2h_e1_y2030: 2283s cycle=68; n7_4h_e1_y2030: 2283s cycle=68; n7_2h_e2_y2030: 2283s cycle=67; n7_4h_e2_y2030: 2283s cycle=68; n7_2h_e3_y2030: 2283s cycle=68; n7_4h_e3_y2030: 2283s cycle=68; n7_2h_e4_y2030: 2283s cycle=67
18:29:58 [S44-HARNESS] heartbeat n7_2h_e1_y2030: 2343s cycle=70; n7_4h_e1_y2030: 2343s cycle=70; n7_2h_e2_y2030: 2343s cycle=69; n7_4h_e2_y2030: 2343s cycle=70; n7_2h_e3_y2030: 2343s cycle=70; n7_4h_e3_y2030: 2343s cycle=70; n7_2h_e4_y2030: 2343s cycle=68
18:30:58 [S44-HARNESS] heartbeat n7_2h_e1_y2030: 2403s cycle=72; n7_4h_e1_y2030: 2403s cycle=72; n7_2h_e2_y2030: 2403s cycle=71; n7_4h_e2_y2030: 2403s cycle=72; n7_2h_e3_y2030: 2403s cycle=72; n7_4h_e3_y2030: 2403s cycle=72; n7_2h_e4_y2030: 2403s cycle=70
18:31:58 [S44-HARNESS] heartbeat n7_2h_e1_y2030: 2463s cycle=74; n7_4h_e1_y2030: 2463s cycle=74; n7_2h_e2_y2030: 2463s cycle=73; n7_4h_e2_y2030: 2463s cycle=73; n7_2h_e3_y2030: 2463s cycle=74; n7_4h_e3_y2030: 2463s cycle=74; n7_2h_e4_y2030: 2463s cycle=72
18:32:58 [S44-HARNESS] heartbeat n7_2h_e1_y2030: 2524s cycle=76; n7_4h_e1_y2030: 2524s cycle=76; n7_2h_e2_y2030: 2524s cycle=75; n7_4h_e2_y2030: 2524s cycle=75; n7_2h_e3_y2030: 2524s cycle=76; n7_4h_e3_y2030: 2524s cycle=76; n7_2h_e4_y2030: 2524s cycle=74
18:33:58 [S44-HARNESS] heartbeat n7_2h_e1_y2030: 2584s cycle=78; n7_4h_e1_y2030: 2584s cycle=78; n7_2h_e2_y2030: 2584s cycle=76; n7_4h_e2_y2030: 2584s cycle=77; n7_2h_e3_y2030: 2584s cycle=78; n7_4h_e3_y2030: 2584s cycle=78; n7_2h_e4_y2030: 2584s cycle=76
18:34:58 [S44-HARNESS] heartbeat n7_2h_e1_y2030: 2644s cycle=80; n7_4h_e1_y2030: 2644s cycle=80; n7_2h_e2_y2030: 2644s cycle=78; n7_4h_e2_y2030: 2644s cycle=79; n7_2h_e3_y2030: 2644s cycle=79; n7_4h_e3_y2030: 2644s cycle=80; n7_2h_e4_y2030: 2644s cycle=78
18:35:58 [S44-HARNESS] heartbeat n7_2h_e1_y2030: 2704s cycle=82; n7_4h_e1_y2030: 2704s cycle=82; n7_2h_e2_y2030: 2704s cycle=80; n7_4h_e2_y2030: 2704s cycle=81; n7_2h_e3_y2030: 2704s cycle=81; n7_4h_e3_y2030: 2704s cycle=82; n7_2h_e4_y2030: 2704s cycle=80
18:36:58 [S44-HARNESS] heartbeat n7_2h_e1_y2030: 2764s cycle=84; n7_4h_e1_y2030: 2764s cycle=83; n7_2h_e2_y2030: 2764s cycle=82; n7_4h_e2_y2030: 2764s cycle=83; n7_2h_e3_y2030: 2764s cycle=83; n7_4h_e3_y2030: 2764s cycle=84; n7_2h_e4_y2030: 2764s cycle=82
18:37:58 [S44-HARNESS] heartbeat n7_2h_e1_y2030: 2824s cycle=86; n7_4h_e1_y2030: 2824s cycle=85; n7_2h_e2_y2030: 2824s cycle=84; n7_4h_e2_y2030: 2824s cycle=85; n7_2h_e3_y2030: 2824s cycle=85; n7_4h_e3_y2030: 2824s cycle=86; n7_2h_e4_y2030: 2824s cycle=84
18:38:59 [S44-HARNESS] heartbeat n7_2h_e1_y2030: 2884s cycle=87; n7_4h_e1_y2030: 2884s cycle=87; n7_2h_e2_y2030: 2884s cycle=86; n7_4h_e2_y2030: 2884s cycle=87; n7_2h_e3_y2030: 2884s cycle=87; n7_4h_e3_y2030: 2884s cycle=87; n7_2h_e4_y2030: 2884s cycle=86
18:39:59 [S44-HARNESS] heartbeat n7_2h_e1_y2030: 2944s cycle=89; n7_4h_e1_y2030: 2944s cycle=89; n7_2h_e2_y2030: 2944s cycle=88; n7_4h_e2_y2030: 2944s cycle=89; n7_2h_e3_y2030: 2944s cycle=89; n7_4h_e3_y2030: 2944s cycle=89; n7_2h_e4_y2030: 2944s cycle=88
18:40:59 [S44-HARNESS] heartbeat n7_2h_e1_y2030: 3004s cycle=91; n7_4h_e1_y2030: 3004s cycle=91; n7_2h_e2_y2030: 3004s cycle=90; n7_4h_e2_y2030: 3004s cycle=90; n7_2h_e3_y2030: 3004s cycle=91; n7_4h_e3_y2030: 3004s cycle=91; n7_2h_e4_y2030: 3004s cycle=90
18:41:59 [S44-HARNESS] heartbeat n7_2h_e1_y2030: 3064s cycle=93; n7_4h_e1_y2030: 3064s cycle=93; n7_2h_e2_y2030: 3064s cycle=92; n7_4h_e2_y2030: 3064s cycle=92; n7_2h_e3_y2030: 3064s cycle=93; n7_4h_e3_y2030: 3064s cycle=93; n7_2h_e4_y2030: 3064s cycle=92
18:42:59 [S44-HARNESS] heartbeat n7_2h_e1_y2030: 3125s cycle=95; n7_4h_e1_y2030: 3125s cycle=95; n7_2h_e2_y2030: 3125s cycle=94; n7_4h_e2_y2030: 3125s cycle=94; n7_2h_e3_y2030: 3125s cycle=95; n7_4h_e3_y2030: 3125s cycle=95; n7_2h_e4_y2030: 3125s cycle=94
18:43:59 [S44-HARNESS] heartbeat n7_2h_e1_y2030: 3185s cycle=97; n7_4h_e1_y2030: 3185s cycle=97; n7_2h_e2_y2030: 3185s cycle=96; n7_4h_e2_y2030: 3185s cycle=96; n7_2h_e3_y2030: 3185s cycle=96; n7_4h_e3_y2030: 3185s cycle=97; n7_2h_e4_y2030: 3185s cycle=96
18:44:59 [S44-HARNESS] heartbeat n7_2h_e1_y2030: 3245s cycle=99; n7_4h_e1_y2030: 3245s cycle=98; n7_2h_e2_y2030: 3245s cycle=98; n7_4h_e2_y2030: 3245s cycle=98; n7_2h_e3_y2030: 3245s cycle=98; n7_4h_e3_y2030: 3245s cycle=99; n7_2h_e4_y2030: 3245s cycle=98
18:45:59 [S44-HARNESS] heartbeat n7_2h_e1_y2030: 3305s cycle=101; n7_4h_e1_y2030: 3305s cycle=100; n7_2h_e2_y2030: 3305s cycle=100; n7_4h_e2_y2030: 3305s cycle=100; n7_2h_e3_y2030: 3305s cycle=101; n7_4h_e3_y2030: 3305s cycle=101; n7_2h_e4_y2030: 3305s cycle=100
18:46:04 [S44-HARNESS] finished n7_2h_e4_y2030 pid=86621 exit=0 status=certified wall=3310s
18:46:59 [S44-HARNESS] heartbeat n7_2h_e1_y2030: 3365s cycle=103; n7_4h_e1_y2030: 3365s cycle=102; n7_2h_e2_y2030: 3365s cycle=102; n7_4h_e2_y2030: 3365s cycle=102; n7_2h_e3_y2030: 3365s cycle=103; n7_4h_e3_y2030: 3365s cycle=103
18:47:34 [S44-HARNESS] finished n7_2h_e3_y2030 pid=86619 exit=0 status=certified wall=3400s
18:48:00 [S44-HARNESS] heartbeat n7_2h_e1_y2030: 3425s cycle=105; n7_4h_e1_y2030: 3425s cycle=104; n7_2h_e2_y2030: 3425s cycle=104; n7_4h_e2_y2030: 3425s cycle=104; n7_4h_e3_y2030: 3425s cycle=105
18:48:15 [S44-HARNESS] finished n7_4h_e3_y2030 pid=86620 exit=0 status=certified wall=3440s
18:49:00 [S44-HARNESS] heartbeat n7_2h_e1_y2030: 3485s cycle=107; n7_4h_e1_y2030: 3485s cycle=107; n7_2h_e2_y2030: 3485s cycle=106; n7_4h_e2_y2030: 3485s cycle=106
18:50:00 [S44-HARNESS] heartbeat n7_2h_e1_y2030: 3545s cycle=109; n7_4h_e1_y2030: 3545s cycle=109; n7_2h_e2_y2030: 3545s cycle=108; n7_4h_e2_y2030: 3545s cycle=108
18:51:00 [S44-HARNESS] heartbeat n7_2h_e1_y2030: 3605s cycle=111; n7_4h_e1_y2030: 3605s cycle=111; n7_2h_e2_y2030: 3605s cycle=110; n7_4h_e2_y2030: 3605s cycle=110
18:51:20 [S44-HARNESS] finished n7_4h_e2_y2030 pid=86618 exit=0 status=certified wall=3625s
18:52:00 [S44-HARNESS] heartbeat n7_2h_e1_y2030: 3666s cycle=113; n7_4h_e1_y2030: 3666s cycle=113; n7_2h_e2_y2030: 3666s cycle=112
18:53:00 [S44-HARNESS] heartbeat n7_2h_e1_y2030: 3726s cycle=116; n7_4h_e1_y2030: 3726s cycle=115; n7_2h_e2_y2030: 3726s cycle=115
18:54:00 [S44-HARNESS] heartbeat n7_2h_e1_y2030: 3786s cycle=118; n7_4h_e1_y2030: 3786s cycle=117; n7_2h_e2_y2030: 3786s cycle=117
18:54:40 [S44-HARNESS] finished n7_4h_e1_y2030 pid=86616 exit=0 status=certified wall=3826s
18:55:00 [S44-HARNESS] heartbeat n7_2h_e1_y2030: 3846s cycle=120; n7_2h_e2_y2030: 3846s cycle=119
18:56:00 [S44-HARNESS] heartbeat n7_2h_e1_y2030: 3906s cycle=122; n7_2h_e2_y2030: 3906s cycle=121
18:57:00 [S44-HARNESS] heartbeat n7_2h_e1_y2030: 3966s cycle=124; n7_2h_e2_y2030: 3966s cycle=124
18:58:01 [S44-HARNESS] heartbeat n7_2h_e1_y2030: 4026s cycle=127; n7_2h_e2_y2030: 4026s cycle=126
18:58:31 [S44-HARNESS] finished n7_2h_e2_y2030 pid=86617 exit=0 status=certified wall=4056s
18:59:01 [S44-HARNESS] heartbeat n7_2h_e1_y2030: 4086s cycle=129
18:59:51 [S44-HARNESS] finished n7_2h_e1_y2030 pid=86615 exit=0 status=certified wall=4136s
18:59:51 [S45-A1B] launching wave 2/3: ['n7_4h_e4_y2030', 'n7_2h_e5_y2030', 'n7_4h_e5_y2030', 'n7_2h_e1_y2035', 'n7_4h_e1_y2035', 'n7_2h_e2_y2035', 'n7_4h_e2_y2035'] (concurrency 7)
18:59:51 [S44-HARNESS] launched n7_4h_e4_y2030 (key 0025f3453f364ed2) pid=29343
18:59:51 [S44-HARNESS] launched n7_2h_e5_y2030 (key b1d7831dfc0dac60) pid=29344
18:59:51 [S44-HARNESS] launched n7_4h_e5_y2030 (key b1429b9d9a4a2546) pid=29345
18:59:51 [S44-HARNESS] launched n7_2h_e1_y2035 (key 803d1a6cf8f21c55) pid=29346
18:59:51 [S44-HARNESS] launched n7_4h_e1_y2035 (key 7fca7670b9b79fef) pid=29347
18:59:51 [S44-HARNESS] launched n7_2h_e2_y2035 (key 389e6e079d673a11) pid=29348
18:59:51 [S44-HARNESS] launched n7_4h_e2_y2035 (key ca1b7bac4ba57a9e) pid=29349
18:59:51 [S44-HARNESS] heartbeat n7_4h_e4_y2030: 0s cycle=None; n7_2h_e5_y2030: 0s cycle=None; n7_4h_e5_y2030: 0s cycle=None; n7_2h_e1_y2035: 0s cycle=None; n7_4h_e1_y2035: 0s cycle=None; n7_2h_e2_y2035: 0s cycle=None; n7_4h_e2_y2035: 0s cycle=None
19:00:51 [S44-HARNESS] heartbeat n7_4h_e4_y2030: 60s cycle=None; n7_2h_e5_y2030: 60s cycle=None; n7_4h_e5_y2030: 60s cycle=None; n7_2h_e1_y2035: 60s cycle=None; n7_4h_e1_y2035: 60s cycle=None; n7_2h_e2_y2035: 60s cycle=None; n7_4h_e2_y2035: 60s cycle=None
19:01:51 [S44-HARNESS] heartbeat n7_4h_e4_y2030: 120s cycle=2; n7_2h_e5_y2030: 120s cycle=2; n7_4h_e5_y2030: 120s cycle=2; n7_2h_e1_y2035: 120s cycle=2; n7_4h_e1_y2035: 120s cycle=2; n7_2h_e2_y2035: 120s cycle=2; n7_4h_e2_y2035: 120s cycle=2
19:02:51 [S44-HARNESS] heartbeat n7_4h_e4_y2030: 180s cycle=4; n7_2h_e5_y2030: 180s cycle=4; n7_4h_e5_y2030: 180s cycle=4; n7_2h_e1_y2035: 180s cycle=4; n7_4h_e1_y2035: 180s cycle=4; n7_2h_e2_y2035: 180s cycle=4; n7_4h_e2_y2035: 180s cycle=4
19:03:51 [S44-HARNESS] heartbeat n7_4h_e4_y2030: 240s cycle=6; n7_2h_e5_y2030: 240s cycle=5; n7_4h_e5_y2030: 240s cycle=6; n7_2h_e1_y2035: 240s cycle=6; n7_4h_e1_y2035: 240s cycle=6; n7_2h_e2_y2035: 240s cycle=6; n7_4h_e2_y2035: 240s cycle=6
19:04:51 [S44-HARNESS] heartbeat n7_4h_e4_y2030: 301s cycle=7; n7_2h_e5_y2030: 301s cycle=7; n7_4h_e5_y2030: 301s cycle=7; n7_2h_e1_y2035: 301s cycle=8; n7_4h_e1_y2035: 301s cycle=8; n7_2h_e2_y2035: 301s cycle=8; n7_4h_e2_y2035: 301s cycle=8
19:05:51 [S44-HARNESS] heartbeat n7_4h_e4_y2030: 361s cycle=9; n7_2h_e5_y2030: 361s cycle=9; n7_4h_e5_y2030: 361s cycle=9; n7_2h_e1_y2035: 361s cycle=10; n7_4h_e1_y2035: 361s cycle=9; n7_2h_e2_y2035: 361s cycle=9; n7_4h_e2_y2035: 361s cycle=10
19:06:52 [S44-HARNESS] heartbeat n7_4h_e4_y2030: 421s cycle=11; n7_2h_e5_y2030: 421s cycle=11; n7_4h_e5_y2030: 421s cycle=11; n7_2h_e1_y2035: 421s cycle=11; n7_4h_e1_y2035: 421s cycle=11; n7_2h_e2_y2035: 421s cycle=11; n7_4h_e2_y2035: 421s cycle=11
19:07:52 [S44-HARNESS] heartbeat n7_4h_e4_y2030: 481s cycle=13; n7_2h_e5_y2030: 481s cycle=12; n7_4h_e5_y2030: 481s cycle=13; n7_2h_e1_y2035: 481s cycle=13; n7_4h_e1_y2035: 481s cycle=13; n7_2h_e2_y2035: 481s cycle=13; n7_4h_e2_y2035: 481s cycle=13
19:08:52 [S44-HARNESS] heartbeat n7_4h_e4_y2030: 541s cycle=15; n7_2h_e5_y2030: 541s cycle=14; n7_4h_e5_y2030: 541s cycle=15; n7_2h_e1_y2035: 541s cycle=15; n7_4h_e1_y2035: 541s cycle=15; n7_2h_e2_y2035: 541s cycle=15; n7_4h_e2_y2035: 541s cycle=15
19:09:52 [S44-HARNESS] heartbeat n7_4h_e4_y2030: 601s cycle=17; n7_2h_e5_y2030: 601s cycle=16; n7_4h_e5_y2030: 601s cycle=17; n7_2h_e1_y2035: 601s cycle=17; n7_4h_e1_y2035: 601s cycle=17; n7_2h_e2_y2035: 601s cycle=16; n7_4h_e2_y2035: 601s cycle=17
19:10:52 [S44-HARNESS] heartbeat n7_4h_e4_y2030: 661s cycle=19; n7_2h_e5_y2030: 661s cycle=18; n7_4h_e5_y2030: 661s cycle=19; n7_2h_e1_y2035: 661s cycle=19; n7_4h_e1_y2035: 661s cycle=19; n7_2h_e2_y2035: 661s cycle=18; n7_4h_e2_y2035: 661s cycle=19
19:11:52 [S44-HARNESS] heartbeat n7_4h_e4_y2030: 721s cycle=20; n7_2h_e5_y2030: 721s cycle=19; n7_4h_e5_y2030: 721s cycle=20; n7_2h_e1_y2035: 721s cycle=21; n7_4h_e1_y2035: 721s cycle=21; n7_2h_e2_y2035: 721s cycle=20; n7_4h_e2_y2035: 721s cycle=21
19:12:52 [S44-HARNESS] heartbeat n7_4h_e4_y2030: 781s cycle=22; n7_2h_e5_y2030: 781s cycle=21; n7_4h_e5_y2030: 781s cycle=22; n7_2h_e1_y2035: 781s cycle=23; n7_4h_e1_y2035: 781s cycle=23; n7_2h_e2_y2035: 781s cycle=22; n7_4h_e2_y2035: 781s cycle=23
19:13:52 [S44-HARNESS] heartbeat n7_4h_e4_y2030: 841s cycle=24; n7_2h_e5_y2030: 841s cycle=22; n7_4h_e5_y2030: 841s cycle=24; n7_2h_e1_y2035: 841s cycle=25; n7_4h_e1_y2035: 841s cycle=25; n7_2h_e2_y2035: 841s cycle=24; n7_4h_e2_y2035: 841s cycle=25
19:14:52 [S44-HARNESS] heartbeat n7_4h_e4_y2030: 901s cycle=26; n7_2h_e5_y2030: 901s cycle=24; n7_4h_e5_y2030: 901s cycle=26; n7_2h_e1_y2035: 901s cycle=27; n7_4h_e1_y2035: 901s cycle=27; n7_2h_e2_y2035: 901s cycle=26; n7_4h_e2_y2035: 901s cycle=27
19:15:52 [S44-HARNESS] heartbeat n7_4h_e4_y2030: 961s cycle=28; n7_2h_e5_y2030: 961s cycle=26; n7_4h_e5_y2030: 961s cycle=28; n7_2h_e1_y2035: 961s cycle=28; n7_4h_e1_y2035: 961s cycle=29; n7_2h_e2_y2035: 961s cycle=28; n7_4h_e2_y2035: 961s cycle=29
19:16:52 [S44-HARNESS] heartbeat n7_4h_e4_y2030: 1022s cycle=30; n7_2h_e5_y2030: 1022s cycle=28; n7_4h_e5_y2030: 1022s cycle=30; n7_2h_e1_y2035: 1022s cycle=30; n7_4h_e1_y2035: 1022s cycle=31; n7_2h_e2_y2035: 1022s cycle=30; n7_4h_e2_y2035: 1022s cycle=31
19:17:52 [S44-HARNESS] heartbeat n7_4h_e4_y2030: 1082s cycle=31; n7_2h_e5_y2030: 1082s cycle=30; n7_4h_e5_y2030: 1082s cycle=31; n7_2h_e1_y2035: 1082s cycle=32; n7_4h_e1_y2035: 1082s cycle=33; n7_2h_e2_y2035: 1082s cycle=32; n7_4h_e2_y2035: 1082s cycle=33
19:18:53 [S44-HARNESS] heartbeat n7_4h_e4_y2030: 1142s cycle=33; n7_2h_e5_y2030: 1142s cycle=32; n7_4h_e5_y2030: 1142s cycle=33; n7_2h_e1_y2035: 1142s cycle=34; n7_4h_e1_y2035: 1142s cycle=35; n7_2h_e2_y2035: 1142s cycle=34; n7_4h_e2_y2035: 1142s cycle=35
19:19:53 [S44-HARNESS] heartbeat n7_4h_e4_y2030: 1202s cycle=35; n7_2h_e5_y2030: 1202s cycle=34; n7_4h_e5_y2030: 1202s cycle=35; n7_2h_e1_y2035: 1202s cycle=36; n7_4h_e1_y2035: 1202s cycle=37; n7_2h_e2_y2035: 1202s cycle=36; n7_4h_e2_y2035: 1202s cycle=37
19:20:53 [S44-HARNESS] heartbeat n7_4h_e4_y2030: 1262s cycle=37; n7_2h_e5_y2030: 1262s cycle=36; n7_4h_e5_y2030: 1262s cycle=37; n7_2h_e1_y2035: 1262s cycle=38; n7_4h_e1_y2035: 1262s cycle=39; n7_2h_e2_y2035: 1262s cycle=38; n7_4h_e2_y2035: 1262s cycle=39
19:21:53 [S44-HARNESS] heartbeat n7_4h_e4_y2030: 1322s cycle=39; n7_2h_e5_y2030: 1322s cycle=38; n7_4h_e5_y2030: 1322s cycle=39; n7_2h_e1_y2035: 1322s cycle=40; n7_4h_e1_y2035: 1322s cycle=41; n7_2h_e2_y2035: 1322s cycle=39; n7_4h_e2_y2035: 1322s cycle=41
19:22:53 [S44-HARNESS] heartbeat n7_4h_e4_y2030: 1382s cycle=41; n7_2h_e5_y2030: 1382s cycle=39; n7_4h_e5_y2030: 1382s cycle=41; n7_2h_e1_y2035: 1382s cycle=42; n7_4h_e1_y2035: 1382s cycle=43; n7_2h_e2_y2035: 1382s cycle=41; n7_4h_e2_y2035: 1382s cycle=43
19:23:53 [S44-HARNESS] heartbeat n7_4h_e4_y2030: 1442s cycle=43; n7_2h_e5_y2030: 1442s cycle=41; n7_4h_e5_y2030: 1442s cycle=42; n7_2h_e1_y2035: 1442s cycle=44; n7_4h_e1_y2035: 1442s cycle=45; n7_2h_e2_y2035: 1442s cycle=43; n7_4h_e2_y2035: 1442s cycle=45
19:24:53 [S44-HARNESS] heartbeat n7_4h_e4_y2030: 1502s cycle=45; n7_2h_e5_y2030: 1502s cycle=43; n7_4h_e5_y2030: 1502s cycle=44; n7_2h_e1_y2035: 1502s cycle=45; n7_4h_e1_y2035: 1502s cycle=47; n7_2h_e2_y2035: 1502s cycle=45; n7_4h_e2_y2035: 1502s cycle=47
19:25:53 [S44-HARNESS] heartbeat n7_4h_e4_y2030: 1563s cycle=46; n7_2h_e5_y2030: 1563s cycle=45; n7_4h_e5_y2030: 1563s cycle=46; n7_2h_e1_y2035: 1563s cycle=47; n7_4h_e1_y2035: 1563s cycle=49; n7_2h_e2_y2035: 1563s cycle=47; n7_4h_e2_y2035: 1563s cycle=48
19:26:53 [S44-HARNESS] heartbeat n7_4h_e4_y2030: 1623s cycle=48; n7_2h_e5_y2030: 1623s cycle=47; n7_4h_e5_y2030: 1623s cycle=48; n7_2h_e1_y2035: 1623s cycle=49; n7_4h_e1_y2035: 1623s cycle=51; n7_2h_e2_y2035: 1623s cycle=49; n7_4h_e2_y2035: 1623s cycle=50
19:27:54 [S44-HARNESS] heartbeat n7_4h_e4_y2030: 1683s cycle=50; n7_2h_e5_y2030: 1683s cycle=49; n7_4h_e5_y2030: 1683s cycle=50; n7_2h_e1_y2035: 1683s cycle=51; n7_4h_e1_y2035: 1683s cycle=53; n7_2h_e2_y2035: 1683s cycle=51; n7_4h_e2_y2035: 1683s cycle=52
19:28:54 [S44-HARNESS] heartbeat n7_4h_e4_y2030: 1743s cycle=52; n7_2h_e5_y2030: 1743s cycle=51; n7_4h_e5_y2030: 1743s cycle=52; n7_2h_e1_y2035: 1743s cycle=53; n7_4h_e1_y2035: 1743s cycle=55; n7_2h_e2_y2035: 1743s cycle=53; n7_4h_e2_y2035: 1743s cycle=54
19:29:54 [S44-HARNESS] heartbeat n7_4h_e4_y2030: 1803s cycle=54; n7_2h_e5_y2030: 1803s cycle=53; n7_4h_e5_y2030: 1803s cycle=53; n7_2h_e1_y2035: 1803s cycle=55; n7_4h_e1_y2035: 1803s cycle=57; n7_2h_e2_y2035: 1803s cycle=55; n7_4h_e2_y2035: 1803s cycle=56
19:30:54 [S44-HARNESS] heartbeat n7_4h_e4_y2030: 1863s cycle=56; n7_2h_e5_y2030: 1863s cycle=55; n7_4h_e5_y2030: 1863s cycle=55; n7_2h_e1_y2035: 1863s cycle=57; n7_4h_e1_y2035: 1863s cycle=59; n7_2h_e2_y2035: 1863s cycle=57; n7_4h_e2_y2035: 1863s cycle=58
19:31:54 [S44-HARNESS] heartbeat n7_4h_e4_y2030: 1923s cycle=57; n7_2h_e5_y2030: 1923s cycle=56; n7_4h_e5_y2030: 1923s cycle=57; n7_2h_e1_y2035: 1923s cycle=59; n7_4h_e1_y2035: 1923s cycle=61; n7_2h_e2_y2035: 1923s cycle=59; n7_4h_e2_y2035: 1923s cycle=60
19:32:54 [S44-HARNESS] heartbeat n7_4h_e4_y2030: 1983s cycle=59; n7_2h_e5_y2030: 1983s cycle=58; n7_4h_e5_y2030: 1983s cycle=59; n7_2h_e1_y2035: 1983s cycle=61; n7_4h_e1_y2035: 1983s cycle=63; n7_2h_e2_y2035: 1983s cycle=61; n7_4h_e2_y2035: 1983s cycle=62
19:33:54 [S44-HARNESS] heartbeat n7_4h_e4_y2030: 2043s cycle=61; n7_2h_e5_y2030: 2043s cycle=60; n7_4h_e5_y2030: 2043s cycle=60; n7_2h_e1_y2035: 2043s cycle=63; n7_4h_e1_y2035: 2043s cycle=65; n7_2h_e2_y2035: 2043s cycle=63; n7_4h_e2_y2035: 2043s cycle=64
19:34:54 [S44-HARNESS] heartbeat n7_4h_e4_y2030: 2104s cycle=63; n7_2h_e5_y2030: 2104s cycle=62; n7_4h_e5_y2030: 2104s cycle=62; n7_2h_e1_y2035: 2104s cycle=65; n7_4h_e1_y2035: 2104s cycle=66; n7_2h_e2_y2035: 2104s cycle=65; n7_4h_e2_y2035: 2104s cycle=66
19:35:54 [S44-HARNESS] heartbeat n7_4h_e4_y2030: 2164s cycle=65; n7_2h_e5_y2030: 2164s cycle=64; n7_4h_e5_y2030: 2164s cycle=64; n7_2h_e1_y2035: 2164s cycle=67; n7_4h_e1_y2035: 2164s cycle=68; n7_2h_e2_y2035: 2164s cycle=67; n7_4h_e2_y2035: 2164s cycle=68
19:36:55 [S44-HARNESS] heartbeat n7_4h_e4_y2030: 2224s cycle=67; n7_2h_e5_y2030: 2224s cycle=65; n7_4h_e5_y2030: 2224s cycle=66; n7_2h_e1_y2035: 2224s cycle=69; n7_4h_e1_y2035: 2224s cycle=70; n7_2h_e2_y2035: 2224s cycle=69; n7_4h_e2_y2035: 2224s cycle=70
19:37:55 [S44-HARNESS] heartbeat n7_4h_e4_y2030: 2284s cycle=69; n7_2h_e5_y2030: 2284s cycle=67; n7_4h_e5_y2030: 2284s cycle=68; n7_2h_e1_y2035: 2284s cycle=70; n7_4h_e1_y2035: 2284s cycle=72; n7_2h_e2_y2035: 2284s cycle=71; n7_4h_e2_y2035: 2284s cycle=72
19:38:55 [S44-HARNESS] heartbeat n7_4h_e4_y2030: 2344s cycle=71; n7_2h_e5_y2030: 2344s cycle=69; n7_4h_e5_y2030: 2344s cycle=70; n7_2h_e1_y2035: 2344s cycle=72; n7_4h_e1_y2035: 2344s cycle=74; n7_2h_e2_y2035: 2344s cycle=72; n7_4h_e2_y2035: 2344s cycle=74
19:39:55 [S44-HARNESS] heartbeat n7_4h_e4_y2030: 2404s cycle=73; n7_2h_e5_y2030: 2404s cycle=71; n7_4h_e5_y2030: 2404s cycle=72; n7_2h_e1_y2035: 2404s cycle=74; n7_4h_e1_y2035: 2404s cycle=76; n7_2h_e2_y2035: 2404s cycle=74; n7_4h_e2_y2035: 2404s cycle=76
19:40:55 [S44-HARNESS] heartbeat n7_4h_e4_y2030: 2464s cycle=75; n7_2h_e5_y2030: 2464s cycle=73; n7_4h_e5_y2030: 2464s cycle=74; n7_2h_e1_y2035: 2464s cycle=76; n7_4h_e1_y2035: 2464s cycle=78; n7_2h_e2_y2035: 2464s cycle=76; n7_4h_e2_y2035: 2464s cycle=78
19:41:55 [S44-HARNESS] heartbeat n7_4h_e4_y2030: 2524s cycle=77; n7_2h_e5_y2030: 2524s cycle=75; n7_4h_e5_y2030: 2524s cycle=76; n7_2h_e1_y2035: 2524s cycle=78; n7_4h_e1_y2035: 2524s cycle=80; n7_2h_e2_y2035: 2524s cycle=78; n7_4h_e2_y2035: 2524s cycle=80
19:42:55 [S44-HARNESS] heartbeat n7_4h_e4_y2030: 2584s cycle=79; n7_2h_e5_y2030: 2584s cycle=77; n7_4h_e5_y2030: 2584s cycle=78; n7_2h_e1_y2035: 2584s cycle=80; n7_4h_e1_y2035: 2584s cycle=82; n7_2h_e2_y2035: 2584s cycle=80; n7_4h_e2_y2035: 2584s cycle=82
19:43:55 [S44-HARNESS] heartbeat n7_4h_e4_y2030: 2644s cycle=80; n7_2h_e5_y2030: 2644s cycle=79; n7_4h_e5_y2030: 2644s cycle=80; n7_2h_e1_y2035: 2644s cycle=82; n7_4h_e1_y2035: 2644s cycle=84; n7_2h_e2_y2035: 2644s cycle=82; n7_4h_e2_y2035: 2644s cycle=84
19:44:55 [S44-HARNESS] heartbeat n7_4h_e4_y2030: 2705s cycle=82; n7_2h_e5_y2030: 2705s cycle=81; n7_4h_e5_y2030: 2705s cycle=82; n7_2h_e1_y2035: 2705s cycle=84; n7_4h_e1_y2035: 2705s cycle=86; n7_2h_e2_y2035: 2705s cycle=84; n7_4h_e2_y2035: 2705s cycle=86
19:45:55 [S44-HARNESS] heartbeat n7_4h_e4_y2030: 2765s cycle=84; n7_2h_e5_y2030: 2765s cycle=83; n7_4h_e5_y2030: 2765s cycle=84; n7_2h_e1_y2035: 2765s cycle=86; n7_4h_e1_y2035: 2765s cycle=88; n7_2h_e2_y2035: 2765s cycle=86; n7_4h_e2_y2035: 2765s cycle=88
19:46:56 [S44-HARNESS] heartbeat n7_4h_e4_y2030: 2825s cycle=86; n7_2h_e5_y2030: 2825s cycle=85; n7_4h_e5_y2030: 2825s cycle=85; n7_2h_e1_y2035: 2825s cycle=88; n7_4h_e1_y2035: 2825s cycle=90; n7_2h_e2_y2035: 2825s cycle=88; n7_4h_e2_y2035: 2825s cycle=90
19:47:56 [S44-HARNESS] heartbeat n7_4h_e4_y2030: 2885s cycle=88; n7_2h_e5_y2030: 2885s cycle=87; n7_4h_e5_y2030: 2885s cycle=87; n7_2h_e1_y2035: 2885s cycle=90; n7_4h_e1_y2035: 2885s cycle=92; n7_2h_e2_y2035: 2885s cycle=90; n7_4h_e2_y2035: 2885s cycle=92
19:48:56 [S44-HARNESS] heartbeat n7_4h_e4_y2030: 2945s cycle=90; n7_2h_e5_y2030: 2945s cycle=89; n7_4h_e5_y2030: 2945s cycle=89; n7_2h_e1_y2035: 2945s cycle=92; n7_4h_e1_y2035: 2945s cycle=94; n7_2h_e2_y2035: 2945s cycle=92; n7_4h_e2_y2035: 2945s cycle=94
19:49:56 [S44-HARNESS] heartbeat n7_4h_e4_y2030: 3005s cycle=92; n7_2h_e5_y2030: 3005s cycle=91; n7_4h_e5_y2030: 3005s cycle=91; n7_2h_e1_y2035: 3005s cycle=94; n7_4h_e1_y2035: 3005s cycle=96; n7_2h_e2_y2035: 3005s cycle=94; n7_4h_e2_y2035: 3005s cycle=96
19:50:56 [S44-HARNESS] heartbeat n7_4h_e4_y2030: 3065s cycle=94; n7_2h_e5_y2030: 3065s cycle=93; n7_4h_e5_y2030: 3065s cycle=93; n7_2h_e1_y2035: 3065s cycle=96; n7_4h_e1_y2035: 3065s cycle=98; n7_2h_e2_y2035: 3065s cycle=96; n7_4h_e2_y2035: 3065s cycle=98
19:51:56 [S44-HARNESS] heartbeat n7_4h_e4_y2030: 3125s cycle=96; n7_2h_e5_y2030: 3125s cycle=95; n7_4h_e5_y2030: 3125s cycle=95; n7_2h_e1_y2035: 3125s cycle=98; n7_4h_e1_y2035: 3125s cycle=100; n7_2h_e2_y2035: 3125s cycle=98; n7_4h_e2_y2035: 3125s cycle=100
19:52:26 [S44-HARNESS] finished n7_2h_e5_y2030 pid=29344 exit=0 status=certified wall=3155s
19:52:56 [S44-HARNESS] heartbeat n7_4h_e4_y2030: 3185s cycle=98; n7_4h_e5_y2030: 3185s cycle=97; n7_2h_e1_y2035: 3185s cycle=100; n7_4h_e1_y2035: 3185s cycle=102; n7_2h_e2_y2035: 3185s cycle=100; n7_4h_e2_y2035: 3185s cycle=102
19:53:56 [S44-HARNESS] heartbeat n7_4h_e4_y2030: 3245s cycle=100; n7_4h_e5_y2030: 3245s cycle=99; n7_2h_e1_y2035: 3245s cycle=102; n7_4h_e1_y2035: 3245s cycle=104; n7_2h_e2_y2035: 3245s cycle=102; n7_4h_e2_y2035: 3245s cycle=104
19:54:56 [S44-HARNESS] finished n7_4h_e4_y2030 pid=29343 exit=0 status=certified wall=3305s
19:54:56 [S44-HARNESS] heartbeat n7_4h_e5_y2030: 3305s cycle=101; n7_2h_e1_y2035: 3305s cycle=104; n7_4h_e1_y2035: 3305s cycle=106; n7_2h_e2_y2035: 3305s cycle=104; n7_4h_e2_y2035: 3305s cycle=106
19:55:06 [S44-HARNESS] finished n7_4h_e5_y2030 pid=29345 exit=0 status=certified wall=3316s
19:55:16 [S44-HARNESS] finished n7_4h_e2_y2035 pid=29349 exit=0 status=certified wall=3326s
19:55:56 [S44-HARNESS] heartbeat n7_2h_e1_y2035: 3366s cycle=106; n7_4h_e1_y2035: 3366s cycle=109; n7_2h_e2_y2035: 3366s cycle=106
19:56:56 [S44-HARNESS] heartbeat n7_2h_e1_y2035: 3426s cycle=108; n7_4h_e1_y2035: 3426s cycle=111; n7_2h_e2_y2035: 3426s cycle=108
19:57:57 [S44-HARNESS] heartbeat n7_2h_e1_y2035: 3486s cycle=110; n7_4h_e1_y2035: 3486s cycle=113; n7_2h_e2_y2035: 3486s cycle=110
19:58:57 [S44-HARNESS] heartbeat n7_2h_e1_y2035: 3546s cycle=112; n7_4h_e1_y2035: 3546s cycle=115; n7_2h_e2_y2035: 3546s cycle=112
19:59:57 [S44-HARNESS] heartbeat n7_2h_e1_y2035: 3606s cycle=114; n7_4h_e1_y2035: 3606s cycle=117; n7_2h_e2_y2035: 3606s cycle=115
20:00:27 [S44-HARNESS] finished n7_2h_e2_y2035 pid=29348 exit=0 status=certified wall=3636s
20:00:37 [S44-HARNESS] finished n7_4h_e1_y2035 pid=29347 exit=0 status=certified wall=3646s
20:00:57 [S44-HARNESS] heartbeat n7_2h_e1_y2035: 3666s cycle=117
20:01:57 [S44-HARNESS] heartbeat n7_2h_e1_y2035: 3726s cycle=119
20:02:57 [S44-HARNESS] heartbeat n7_2h_e1_y2035: 3786s cycle=122
20:03:57 [S44-HARNESS] heartbeat n7_2h_e1_y2035: 3846s cycle=124
20:04:57 [S44-HARNESS] heartbeat n7_2h_e1_y2035: 3907s cycle=127
20:05:57 [S44-HARNESS] heartbeat n7_2h_e1_y2035: 3967s cycle=129
20:06:58 [S44-HARNESS] heartbeat n7_2h_e1_y2035: 4027s cycle=132
20:07:58 [S44-HARNESS] heartbeat n7_2h_e1_y2035: 4087s cycle=134
20:08:58 [S44-HARNESS] heartbeat n7_2h_e1_y2035: 4147s cycle=137
20:09:48 [S44-HARNESS] finished n7_2h_e1_y2035 pid=29346 exit=0 status=certified wall=4197s
20:09:48 [S45-A1B] launching wave 3/3: ['n7_2h_e3_y2035', 'n7_4h_e3_y2035', 'n7_2h_e4_y2035', 'n7_4h_e4_y2035', 'n7_2h_e5_y2035', 'n7_4h_e5_y2035'] (concurrency 7)
20:09:48 [S44-HARNESS] launched n7_2h_e3_y2035 (key f90159726c7da46d) pid=70552
20:09:48 [S44-HARNESS] launched n7_4h_e3_y2035 (key 1435efacb664af00) pid=70553
20:09:48 [S44-HARNESS] launched n7_2h_e4_y2035 (key 930e7a1528ddef7e) pid=70554
20:09:48 [S44-HARNESS] launched n7_4h_e4_y2035 (key ab6edede03e3501f) pid=70555
20:09:48 [S44-HARNESS] launched n7_2h_e5_y2035 (key 947de89b21ebd4ac) pid=70556
20:09:48 [S44-HARNESS] launched n7_4h_e5_y2035 (key ed8c36fd40c6c85f) pid=70557
20:09:48 [S44-HARNESS] heartbeat n7_2h_e3_y2035: 0s cycle=None; n7_4h_e3_y2035: 0s cycle=None; n7_2h_e4_y2035: 0s cycle=None; n7_4h_e4_y2035: 0s cycle=None; n7_2h_e5_y2035: 0s cycle=None; n7_4h_e5_y2035: 0s cycle=None
20:10:48 [S44-HARNESS] heartbeat n7_2h_e3_y2035: 60s cycle=None; n7_4h_e3_y2035: 60s cycle=None; n7_2h_e4_y2035: 60s cycle=None; n7_4h_e4_y2035: 60s cycle=None; n7_2h_e5_y2035: 60s cycle=None; n7_4h_e5_y2035: 60s cycle=None
20:11:48 [S44-HARNESS] heartbeat n7_2h_e3_y2035: 120s cycle=2; n7_4h_e3_y2035: 120s cycle=2; n7_2h_e4_y2035: 120s cycle=2; n7_4h_e4_y2035: 120s cycle=2; n7_2h_e5_y2035: 120s cycle=2; n7_4h_e5_y2035: 120s cycle=2
20:12:48 [S44-HARNESS] heartbeat n7_2h_e3_y2035: 180s cycle=4; n7_4h_e3_y2035: 180s cycle=4; n7_2h_e4_y2035: 180s cycle=4; n7_4h_e4_y2035: 180s cycle=4; n7_2h_e5_y2035: 180s cycle=4; n7_4h_e5_y2035: 180s cycle=4
20:13:48 [S44-HARNESS] heartbeat n7_2h_e3_y2035: 240s cycle=6; n7_4h_e3_y2035: 240s cycle=6; n7_2h_e4_y2035: 240s cycle=6; n7_4h_e4_y2035: 240s cycle=6; n7_2h_e5_y2035: 240s cycle=6; n7_4h_e5_y2035: 240s cycle=6
20:14:48 [S44-HARNESS] heartbeat n7_2h_e3_y2035: 301s cycle=8; n7_4h_e3_y2035: 301s cycle=8; n7_2h_e4_y2035: 301s cycle=8; n7_4h_e4_y2035: 300s cycle=8; n7_2h_e5_y2035: 300s cycle=8; n7_4h_e5_y2035: 300s cycle=8
20:15:49 [S44-HARNESS] heartbeat n7_2h_e3_y2035: 361s cycle=10; n7_4h_e3_y2035: 361s cycle=10; n7_2h_e4_y2035: 361s cycle=9; n7_4h_e4_y2035: 361s cycle=10; n7_2h_e5_y2035: 361s cycle=10; n7_4h_e5_y2035: 361s cycle=10
20:16:49 [S44-HARNESS] heartbeat n7_2h_e3_y2035: 421s cycle=11; n7_4h_e3_y2035: 421s cycle=12; n7_2h_e4_y2035: 421s cycle=11; n7_4h_e4_y2035: 421s cycle=12; n7_2h_e5_y2035: 421s cycle=12; n7_4h_e5_y2035: 421s cycle=12
20:17:49 [S44-HARNESS] heartbeat n7_2h_e3_y2035: 481s cycle=13; n7_4h_e3_y2035: 481s cycle=14; n7_2h_e4_y2035: 481s cycle=13; n7_4h_e4_y2035: 481s cycle=14; n7_2h_e5_y2035: 481s cycle=14; n7_4h_e5_y2035: 481s cycle=14
20:18:49 [S44-HARNESS] heartbeat n7_2h_e3_y2035: 541s cycle=15; n7_4h_e3_y2035: 541s cycle=16; n7_2h_e4_y2035: 541s cycle=15; n7_4h_e4_y2035: 541s cycle=16; n7_2h_e5_y2035: 541s cycle=16; n7_4h_e5_y2035: 541s cycle=16
20:19:49 [S44-HARNESS] heartbeat n7_2h_e3_y2035: 601s cycle=17; n7_4h_e3_y2035: 601s cycle=18; n7_2h_e4_y2035: 601s cycle=17; n7_4h_e4_y2035: 601s cycle=18; n7_2h_e5_y2035: 601s cycle=18; n7_4h_e5_y2035: 601s cycle=18
20:20:49 [S44-HARNESS] heartbeat n7_2h_e3_y2035: 661s cycle=19; n7_4h_e3_y2035: 661s cycle=20; n7_2h_e4_y2035: 661s cycle=19; n7_4h_e4_y2035: 661s cycle=20; n7_2h_e5_y2035: 661s cycle=20; n7_4h_e5_y2035: 661s cycle=20
20:21:49 [S44-HARNESS] heartbeat n7_2h_e3_y2035: 721s cycle=21; n7_4h_e3_y2035: 721s cycle=22; n7_2h_e4_y2035: 721s cycle=21; n7_4h_e4_y2035: 721s cycle=22; n7_2h_e5_y2035: 721s cycle=22; n7_4h_e5_y2035: 721s cycle=22
20:22:49 [S44-HARNESS] heartbeat n7_2h_e3_y2035: 781s cycle=23; n7_4h_e3_y2035: 781s cycle=24; n7_2h_e4_y2035: 781s cycle=23; n7_4h_e4_y2035: 781s cycle=24; n7_2h_e5_y2035: 781s cycle=24; n7_4h_e5_y2035: 781s cycle=24
20:23:49 [S44-HARNESS] heartbeat n7_2h_e3_y2035: 841s cycle=26; n7_4h_e3_y2035: 841s cycle=26; n7_2h_e4_y2035: 841s cycle=25; n7_4h_e4_y2035: 841s cycle=26; n7_2h_e5_y2035: 841s cycle=26; n7_4h_e5_y2035: 841s cycle=26
20:24:49 [S44-HARNESS] heartbeat n7_2h_e3_y2035: 901s cycle=28; n7_4h_e3_y2035: 901s cycle=28; n7_2h_e4_y2035: 901s cycle=27; n7_4h_e4_y2035: 901s cycle=28; n7_2h_e5_y2035: 901s cycle=28; n7_4h_e5_y2035: 901s cycle=28
20:25:49 [S44-HARNESS] heartbeat n7_2h_e3_y2035: 962s cycle=30; n7_4h_e3_y2035: 962s cycle=30; n7_2h_e4_y2035: 962s cycle=29; n7_4h_e4_y2035: 962s cycle=31; n7_2h_e5_y2035: 962s cycle=30; n7_4h_e5_y2035: 962s cycle=30
20:26:50 [S44-HARNESS] heartbeat n7_2h_e3_y2035: 1022s cycle=32; n7_4h_e3_y2035: 1022s cycle=32; n7_2h_e4_y2035: 1022s cycle=31; n7_4h_e4_y2035: 1022s cycle=33; n7_2h_e5_y2035: 1022s cycle=32; n7_4h_e5_y2035: 1022s cycle=32
20:27:50 [S44-HARNESS] heartbeat n7_2h_e3_y2035: 1082s cycle=34; n7_4h_e3_y2035: 1082s cycle=34; n7_2h_e4_y2035: 1082s cycle=33; n7_4h_e4_y2035: 1082s cycle=35; n7_2h_e5_y2035: 1082s cycle=34; n7_4h_e5_y2035: 1082s cycle=34
20:28:50 [S44-HARNESS] heartbeat n7_2h_e3_y2035: 1142s cycle=36; n7_4h_e3_y2035: 1142s cycle=37; n7_2h_e4_y2035: 1142s cycle=35; n7_4h_e4_y2035: 1142s cycle=37; n7_2h_e5_y2035: 1142s cycle=36; n7_4h_e5_y2035: 1142s cycle=36
20:29:50 [S44-HARNESS] heartbeat n7_2h_e3_y2035: 1202s cycle=38; n7_4h_e3_y2035: 1202s cycle=39; n7_2h_e4_y2035: 1202s cycle=37; n7_4h_e4_y2035: 1202s cycle=39; n7_2h_e5_y2035: 1202s cycle=38; n7_4h_e5_y2035: 1202s cycle=38
20:30:50 [S44-HARNESS] heartbeat n7_2h_e3_y2035: 1262s cycle=40; n7_4h_e3_y2035: 1262s cycle=41; n7_2h_e4_y2035: 1262s cycle=39; n7_4h_e4_y2035: 1262s cycle=41; n7_2h_e5_y2035: 1262s cycle=40; n7_4h_e5_y2035: 1262s cycle=40
20:31:50 [S44-HARNESS] heartbeat n7_2h_e3_y2035: 1322s cycle=42; n7_4h_e3_y2035: 1322s cycle=43; n7_2h_e4_y2035: 1322s cycle=41; n7_4h_e4_y2035: 1322s cycle=43; n7_2h_e5_y2035: 1322s cycle=42; n7_4h_e5_y2035: 1322s cycle=42
20:32:50 [S44-HARNESS] heartbeat n7_2h_e3_y2035: 1382s cycle=44; n7_4h_e3_y2035: 1382s cycle=45; n7_2h_e4_y2035: 1382s cycle=43; n7_4h_e4_y2035: 1382s cycle=45; n7_2h_e5_y2035: 1382s cycle=44; n7_4h_e5_y2035: 1382s cycle=44
20:33:50 [S44-HARNESS] heartbeat n7_2h_e3_y2035: 1442s cycle=46; n7_4h_e3_y2035: 1442s cycle=47; n7_2h_e4_y2035: 1442s cycle=45; n7_4h_e4_y2035: 1442s cycle=47; n7_2h_e5_y2035: 1442s cycle=46; n7_4h_e5_y2035: 1442s cycle=47
20:34:50 [S44-HARNESS] heartbeat n7_2h_e3_y2035: 1502s cycle=48; n7_4h_e3_y2035: 1502s cycle=49; n7_2h_e4_y2035: 1502s cycle=47; n7_4h_e4_y2035: 1502s cycle=49; n7_2h_e5_y2035: 1502s cycle=48; n7_4h_e5_y2035: 1502s cycle=49
20:35:50 [S44-HARNESS] heartbeat n7_2h_e3_y2035: 1563s cycle=50; n7_4h_e3_y2035: 1563s cycle=51; n7_2h_e4_y2035: 1563s cycle=49; n7_4h_e4_y2035: 1563s cycle=51; n7_2h_e5_y2035: 1563s cycle=50; n7_4h_e5_y2035: 1563s cycle=50
20:36:51 [S44-HARNESS] heartbeat n7_2h_e3_y2035: 1623s cycle=52; n7_4h_e3_y2035: 1623s cycle=53; n7_2h_e4_y2035: 1623s cycle=51; n7_4h_e4_y2035: 1623s cycle=53; n7_2h_e5_y2035: 1623s cycle=52; n7_4h_e5_y2035: 1623s cycle=53
20:37:51 [S44-HARNESS] heartbeat n7_2h_e3_y2035: 1683s cycle=54; n7_4h_e3_y2035: 1683s cycle=55; n7_2h_e4_y2035: 1683s cycle=53; n7_4h_e4_y2035: 1683s cycle=55; n7_2h_e5_y2035: 1683s cycle=54; n7_4h_e5_y2035: 1683s cycle=54
20:38:51 [S44-HARNESS] heartbeat n7_2h_e3_y2035: 1743s cycle=56; n7_4h_e3_y2035: 1743s cycle=57; n7_2h_e4_y2035: 1743s cycle=56; n7_4h_e4_y2035: 1743s cycle=57; n7_2h_e5_y2035: 1743s cycle=56; n7_4h_e5_y2035: 1743s cycle=56
20:39:51 [S44-HARNESS] heartbeat n7_2h_e3_y2035: 1803s cycle=58; n7_4h_e3_y2035: 1803s cycle=59; n7_2h_e4_y2035: 1803s cycle=57; n7_4h_e4_y2035: 1803s cycle=59; n7_2h_e5_y2035: 1803s cycle=58; n7_4h_e5_y2035: 1803s cycle=58
20:40:51 [S44-HARNESS] heartbeat n7_2h_e3_y2035: 1863s cycle=60; n7_4h_e3_y2035: 1863s cycle=61; n7_2h_e4_y2035: 1863s cycle=60; n7_4h_e4_y2035: 1863s cycle=61; n7_2h_e5_y2035: 1863s cycle=60; n7_4h_e5_y2035: 1863s cycle=60
20:41:51 [S44-HARNESS] heartbeat n7_2h_e3_y2035: 1923s cycle=62; n7_4h_e3_y2035: 1923s cycle=64; n7_2h_e4_y2035: 1923s cycle=61; n7_4h_e4_y2035: 1923s cycle=63; n7_2h_e5_y2035: 1923s cycle=62; n7_4h_e5_y2035: 1923s cycle=63
20:42:51 [S44-HARNESS] heartbeat n7_2h_e3_y2035: 1983s cycle=64; n7_4h_e3_y2035: 1983s cycle=66; n7_2h_e4_y2035: 1983s cycle=64; n7_4h_e4_y2035: 1983s cycle=65; n7_2h_e5_y2035: 1983s cycle=64; n7_4h_e5_y2035: 1983s cycle=65
20:43:51 [S44-HARNESS] heartbeat n7_2h_e3_y2035: 2043s cycle=66; n7_4h_e3_y2035: 2043s cycle=68; n7_2h_e4_y2035: 2043s cycle=66; n7_4h_e4_y2035: 2043s cycle=67; n7_2h_e5_y2035: 2043s cycle=66; n7_4h_e5_y2035: 2043s cycle=67
20:44:51 [S44-HARNESS] heartbeat n7_2h_e3_y2035: 2104s cycle=68; n7_4h_e3_y2035: 2104s cycle=70; n7_2h_e4_y2035: 2104s cycle=68; n7_4h_e4_y2035: 2104s cycle=69; n7_2h_e5_y2035: 2103s cycle=69; n7_4h_e5_y2035: 2103s cycle=69
20:45:52 [S44-HARNESS] heartbeat n7_2h_e3_y2035: 2164s cycle=71; n7_4h_e3_y2035: 2164s cycle=72; n7_2h_e4_y2035: 2164s cycle=69; n7_4h_e4_y2035: 2164s cycle=71; n7_2h_e5_y2035: 2164s cycle=71; n7_4h_e5_y2035: 2164s cycle=71
20:46:52 [S44-HARNESS] heartbeat n7_2h_e3_y2035: 2224s cycle=73; n7_4h_e3_y2035: 2224s cycle=74; n7_2h_e4_y2035: 2224s cycle=71; n7_4h_e4_y2035: 2224s cycle=73; n7_2h_e5_y2035: 2224s cycle=73; n7_4h_e5_y2035: 2224s cycle=73
20:47:52 [S44-HARNESS] heartbeat n7_2h_e3_y2035: 2284s cycle=74; n7_4h_e3_y2035: 2284s cycle=76; n7_2h_e4_y2035: 2284s cycle=73; n7_4h_e4_y2035: 2284s cycle=75; n7_2h_e5_y2035: 2284s cycle=75; n7_4h_e5_y2035: 2284s cycle=75
20:48:52 [S44-HARNESS] heartbeat n7_2h_e3_y2035: 2344s cycle=76; n7_4h_e3_y2035: 2344s cycle=78; n7_2h_e4_y2035: 2344s cycle=75; n7_4h_e4_y2035: 2344s cycle=77; n7_2h_e5_y2035: 2344s cycle=77; n7_4h_e5_y2035: 2344s cycle=77
20:49:52 [S44-HARNESS] heartbeat n7_2h_e3_y2035: 2404s cycle=78; n7_4h_e3_y2035: 2404s cycle=80; n7_2h_e4_y2035: 2404s cycle=77; n7_4h_e4_y2035: 2404s cycle=80; n7_2h_e5_y2035: 2404s cycle=79; n7_4h_e5_y2035: 2404s cycle=79
20:50:52 [S44-HARNESS] heartbeat n7_2h_e3_y2035: 2464s cycle=80; n7_4h_e3_y2035: 2464s cycle=82; n7_2h_e4_y2035: 2464s cycle=79; n7_4h_e4_y2035: 2464s cycle=82; n7_2h_e5_y2035: 2464s cycle=81; n7_4h_e5_y2035: 2464s cycle=81
20:51:52 [S44-HARNESS] heartbeat n7_2h_e3_y2035: 2524s cycle=83; n7_4h_e3_y2035: 2524s cycle=84; n7_2h_e4_y2035: 2524s cycle=81; n7_4h_e4_y2035: 2524s cycle=84; n7_2h_e5_y2035: 2524s cycle=83; n7_4h_e5_y2035: 2524s cycle=83
20:52:52 [S44-HARNESS] heartbeat n7_2h_e3_y2035: 2584s cycle=84; n7_4h_e3_y2035: 2584s cycle=86; n7_2h_e4_y2035: 2584s cycle=83; n7_4h_e4_y2035: 2584s cycle=86; n7_2h_e5_y2035: 2584s cycle=85; n7_4h_e5_y2035: 2584s cycle=85
20:53:52 [S44-HARNESS] heartbeat n7_2h_e3_y2035: 2644s cycle=87; n7_4h_e3_y2035: 2644s cycle=88; n7_2h_e4_y2035: 2644s cycle=85; n7_4h_e4_y2035: 2644s cycle=88; n7_2h_e5_y2035: 2644s cycle=87; n7_4h_e5_y2035: 2644s cycle=87
20:54:52 [S44-HARNESS] heartbeat n7_2h_e3_y2035: 2704s cycle=88; n7_4h_e3_y2035: 2704s cycle=91; n7_2h_e4_y2035: 2704s cycle=87; n7_4h_e4_y2035: 2704s cycle=90; n7_2h_e5_y2035: 2704s cycle=89; n7_4h_e5_y2035: 2704s cycle=90
20:55:12 [S44-HARNESS] finished n7_4h_e4_y2035 pid=70555 exit=0 status=certified wall=2724s
20:55:52 [S44-HARNESS] heartbeat n7_2h_e3_y2035: 2764s cycle=91; n7_4h_e3_y2035: 2764s cycle=93; n7_2h_e4_y2035: 2764s cycle=89; n7_2h_e5_y2035: 2764s cycle=92; n7_4h_e5_y2035: 2764s cycle=92
20:56:22 [S44-HARNESS] finished n7_4h_e5_y2035 pid=70557 exit=0 status=certified wall=2795s
20:56:52 [S44-HARNESS] heartbeat n7_2h_e3_y2035: 2825s cycle=93; n7_4h_e3_y2035: 2825s cycle=95; n7_2h_e4_y2035: 2825s cycle=91; n7_2h_e5_y2035: 2825s cycle=94
20:57:53 [S44-HARNESS] heartbeat n7_2h_e3_y2035: 2885s cycle=95; n7_4h_e3_y2035: 2885s cycle=97; n7_2h_e4_y2035: 2885s cycle=93; n7_2h_e5_y2035: 2885s cycle=96
20:58:53 [S44-HARNESS] heartbeat n7_2h_e3_y2035: 2945s cycle=97; n7_4h_e3_y2035: 2945s cycle=99; n7_2h_e4_y2035: 2945s cycle=96; n7_2h_e5_y2035: 2945s cycle=98
20:59:33 [S44-HARNESS] finished n7_4h_e3_y2035 pid=70553 exit=0 status=certified wall=2985s
20:59:53 [S44-HARNESS] heartbeat n7_2h_e3_y2035: 3005s cycle=99; n7_2h_e4_y2035: 3005s cycle=98; n7_2h_e5_y2035: 3005s cycle=100
21:00:53 [S44-HARNESS] heartbeat n7_2h_e3_y2035: 3065s cycle=102; n7_2h_e4_y2035: 3065s cycle=100; n7_2h_e5_y2035: 3065s cycle=103
21:01:53 [S44-HARNESS] heartbeat n7_2h_e3_y2035: 3125s cycle=104; n7_2h_e4_y2035: 3125s cycle=102; n7_2h_e5_y2035: 3125s cycle=105
21:02:53 [S44-HARNESS] heartbeat n7_2h_e3_y2035: 3185s cycle=106; n7_2h_e4_y2035: 3185s cycle=105; n7_2h_e5_y2035: 3185s cycle=107
21:03:53 [S44-HARNESS] finished n7_2h_e4_y2035 pid=70554 exit=0 status=certified wall=3245s
21:03:53 [S44-HARNESS] heartbeat n7_2h_e3_y2035: 3245s cycle=109; n7_2h_e5_y2035: 3245s cycle=109
21:04:28 [S44-HARNESS] finished n7_2h_e3_y2035 pid=70552 exit=0 status=certified wall=3280s
21:04:53 [S44-HARNESS] heartbeat n7_2h_e5_y2035: 3305s cycle=112
21:05:53 [S44-HARNESS] heartbeat n7_2h_e5_y2035: 3366s cycle=114
21:06:29 [S44-HARNESS] finished n7_2h_e5_y2035 pid=70556 exit=0 status=certified wall=3401s
21:06:29 [S45-A1B] campaign lock released
21:06:31 [S45-A1B] n7_2h_e1_y2030: status=certified cycles=131 cert=131 Q=653669414.3018088 I=283764.04372699186 F=653953178.3455359 slack=716235.9562730081 bar=8669.735781431198 rule10=0.003926769174799068 salvage=21378.12885708637 net=653648036.1729517 aa={'insufficient memory (m_k=0)': 8, 'accepted': 58, 'rejected (safeguard; memory retained)': 55, 'off (all channels within Boyd tolerance)': 10}
21:06:31 [S45-A1B] n7_4h_e1_y2030: status=certified cycles=119 cert=119 Q=653689107.4598882 I=236168.02151912605 F=653925275.4814074 slack=763831.978480874 bar=10181.317537546158 rule10=0.03713919088972406 salvage=22604.717859908735 net=653666502.7420284 aa={'insufficient memory (m_k=0)': 8, 'accepted': 47, 'rejected (safeguard; memory retained)': 54, 'off (all channels within Boyd tolerance)': 10}
21:06:31 [S45-A1B] n7_2h_e2_y2030: status=certified cycles=127 cert=127 Q=653513161.0401447 I=567528.0874539837 F=654080689.1275986 slack=432471.9125460163 bar=14690.284644246101 rule10=0.05091194507961807 salvage=44533.39019322219 net=653468627.6499515 aa={'insufficient memory (m_k=0)': 7, 'accepted': 64, 'rejected (safeguard; memory retained)': 46, 'off (all channels within Boyd tolerance)': 10}
21:06:31 [S45-A1B] n7_4h_e2_y2030: status=certified cycles=111 cert=111 Q=653527588.9164999 I=472336.0430382521 F=653999924.9595381 slack=527663.956961748 bar=35239.50065612793 rule10=0.01651271218108952 salvage=46921.912288657455 net=653480667.0042112 aa={'insufficient memory (m_k=0)': 7, 'accepted': 45, 'rejected (safeguard; memory retained)': 49, 'off (all channels within Boyd tolerance)': 10}
21:06:31 [S45-A1B] n7_2h_e3_y2030: status=certified cycles=104 cert=104 Q=653355838.7064495 I=851292.1311809756 F=654207130.8376305 slack=148707.8688190244 bar=15352.63029062748 rule10=0.058465804495502996 salvage=72553.4618133372 net=653283285.2446362 aa={'insufficient memory (m_k=0)': 8, 'accepted': 50, 'rejected (safeguard; memory retained)': 36, 'off (all channels within Boyd tolerance)': 10}
21:06:31 [S45-A1B] n7_4h_e3_y2030: status=certified cycles=106 cert=106 Q=653381538.3082225 I=708504.0645573782 F=654090042.37278 slack=291495.9354426218 bar=7732.135379076004 rule10=0.04731605142733714 salvage=72536.85908829638 net=653309001.4491342 aa={'insufficient memory (m_k=0)': 7, 'accepted': 53, 'rejected (safeguard; memory retained)': 36, 'off (all channels within Boyd tolerance)': 10}
21:06:31 [S45-A1B] n7_2h_e4_y2030: status=certified cycles=100 cert=100 Q=653173091.654324 I=1135056.1749079674 F=654308147.829232 slack=-135056.17490796745 bar=15674.05398619175 rule10=0.05930423552187997 salvage=95581.27937735846 net=653077510.3749467 aa={'insufficient memory (m_k=0)': 7, 'accepted': 50, 'rejected (safeguard; memory retained)': 33, 'off (all channels within Boyd tolerance)': 10}
21:06:31 [S45-A1B] n7_4h_e4_y2030: status=certified cycles=102 cert=102 Q=653221518.5204217 I=944672.0860765042 F=654166190.6064982 slack=55327.9139234958 bar=35469.37648844719 rule10=0.062295292068641886 salvage=99374.61287988951 net=653122143.9075419 aa={'insufficient memory (m_k=0)': 7, 'accepted': 54, 'rejected (safeguard; memory retained)': 31, 'off (all channels within Boyd tolerance)': 10}
21:06:31 [S45-A1B] n7_2h_e5_y2030: status=certified cycles=96 cert=96 Q=653004397.4294119 I=1418820.2186349595 F=654423217.6480469 slack=-418820.21863495954 bar=10830.739538550377 rule10=0.011582339065828572 salvage=124459.78392260363 net=652879937.6454893 aa={'insufficient memory (m_k=0)': 8, 'accepted': 49, 'rejected (safeguard; memory retained)': 29, 'off (all channels within Boyd tolerance)': 10}
21:06:31 [S45-A1B] n7_4h_e5_y2030: status=certified cycles=102 cert=102 Q=653064055.9820656 I=1180840.1075956305 F=654244896.0896612 slack=-180840.10759563046 bar=11104.009491443634 rule10=0.10784844979071644 salvage=125318.6352601013 net=652938737.3468055 aa={'insufficient memory (m_k=0)': 7, 'accepted': 48, 'rejected (safeguard; memory retained)': 34, 'off (all channels within Boyd tolerance)': 13}
21:06:31 [S45-A1B] n7_2h_e1_y2035: status=certified cycles=139 cert=139 Q=653790388.2279301 I=237891.24848356392 F=654028279.4764136 slack=762108.7515164361 bar=14682.46416091919 rule10=0.039167834509839516 salvage=63691.690894400126 net=653726696.5370357 aa={'insufficient memory (m_k=0)': 7, 'accepted': 58, 'rejected (safeguard; memory retained)': 64, 'off (all channels within Boyd tolerance)': 10}
21:06:31 [S45-A1B] n7_4h_e1_y2035: status=certified cycles=119 cert=119 Q=653776244.6982625 I=197989.5153493472 F=653974234.2136118 slack=802010.4846506529 bar=4662.933325886726 rule10=0.014632170262101655 salvage=66749.72462468714 net=653709494.9736378 aa={'insufficient memory (m_k=0)': 8, 'accepted': 50, 'rejected (safeguard; memory retained)': 51, 'off (all channels within Boyd tolerance)': 10}
21:06:31 [S45-A1B] n7_2h_e2_y2035: status=certified cycles=116 cert=116 Q=653701282.9331598 I=475782.49696712784 F=654177065.4301269 slack=524217.50303287216 bar=8271.436918020248 rule10=0.012765058775719394 salvage=132712.5320028993 net=653568570.4011569 aa={'insufficient memory (m_k=0)': 8, 'accepted': 58, 'rejected (safeguard; memory retained)': 31, 'off (all channels within Boyd tolerance)': 19}
21:06:31 [S45-A1B] n7_4h_e2_y2035: status=certified cycles=107 cert=107 Q=653677237.8866626 I=395979.0306986944 F=654073216.9173613 slack=604020.9693013056 bar=22999.198988318443 rule10=0.009583376648930383 salvage=136015.71971767096 net=653541222.166945 aa={'insufficient memory (m_k=0)': 7, 'accepted': 52, 'rejected (safeguard; memory retained)': 38, 'off (all channels within Boyd tolerance)': 10}
21:06:31 [S45-A1B] n7_2h_e3_y2035: status=certified cycles=110 cert=110 Q=653582342.1280053 I=713673.7454506918 F=654296015.873456 slack=286326.2545493082 bar=6423.544390797615 rule10=0.034932404423361714 salvage=200726.54494427974 net=653381615.583061 aa={'insufficient memory (m_k=0)': 7, 'accepted': 61, 'rejected (safeguard; memory retained)': 29, 'off (all channels within Boyd tolerance)': 13}
21:06:31 [S45-A1B] n7_4h_e3_y2035: status=certified cycles=101 cert=101 Q=653610370.3623502 I=593968.5460480414 F=654204338.9083983 slack=406031.45395195857 bar=5366.455287456512 rule10=0.0002490344172784487 salvage=205631.10170566337 net=653404739.2606446 aa={'insufficient memory (m_k=0)': 6, 'accepted': 50, 'rejected (safeguard; memory retained)': 35, 'off (all channels within Boyd tolerance)': 10}
21:06:31 [S45-A1B] n7_2h_e4_y2035: status=certified cycles=107 cert=107 Q=653515395.0680953 I=951564.9939342557 F=654466960.0620296 slack=48435.006065744325 bar=6622.534716725349 rule10=0.029656582026540545 salvage=268723.9466878893 net=653246671.1214074 aa={'insufficient memory (m_k=0)': 6, 'accepted': 60, 'rejected (safeguard; memory retained)': 29, 'off (all channels within Boyd tolerance)': 12}
21:06:31 [S45-A1B] n7_4h_e4_y2035: status=certified cycles=91 cert=91 Q=653510195.8090053 I=791958.0613973888 F=654302153.8704027 slack=208041.9386026112 bar=14376.99841594696 rule10=0.034517498119863876 salvage=280836.9748556448 net=653229358.8341496 aa={'insufficient memory (m_k=0)': 7, 'accepted': 46, 'rejected (safeguard; memory retained)': 28, 'off (all channels within Boyd tolerance)': 10}
21:06:31 [S45-A1B] n7_2h_e5_y2035: status=certified cycles=116 cert=116 Q=653413139.4719769 I=1189456.2424178196 F=654602595.7143947 slack=-189456.24241781957 bar=830.5430274009705 rule10=0.007933727678956514 salvage=337745.6189297599 net=653075393.8530471 aa={'insufficient memory (m_k=0)': 6, 'accepted': 57, 'rejected (safeguard; memory retained)': 34, 'off (all channels within Boyd tolerance)': 19}
21:06:31 [S45-A1B] n7_4h_e5_y2035: status=certified cycles=93 cert=93 Q=653425375.5727756 I=989947.576746736 F=654415323.1495223 slack=10052.423253264045 bar=34988.684945106506 rule10=0.005054699240648293 salvage=350751.7411966646 net=653074623.831579 aa={'insufficient memory (m_k=0)': 6, 'accepted': 51, 'rejected (safeguard; memory retained)': 26, 'off (all channels within Boyd tolerance)': 10}
21:06:31 [S45-A1B] objective convention: F uses gross; salvage reported separately. Q(x) = certified_cost = gross_operational_cost (settlement-excluded); F(x) = I(x) + Q(x); terminal_salvage_value and net_operational_recourse = gross - salvage are reported, excluded from F (Addendum 27 item 3).
21:06:31 [S45-A1B] parent guard {'permitted_solve': 0, 'permitted_exec': 0, 'blocked_solve': 0, 'blocked_exec': 0} verify0_failures=[]
21:06:31 [S45-A1B] OK: all 20 points certified
