04:11:47 [S45-A3] memory preflight: available (memsize - wired - anonymous - compressor-occupied) = 22.05 GiB [wired 2.04, anonymous 6.68, compressor-occupied 1.23, memsize 32.00]; free+inactive = 16.79 GiB (recorded only); required 19.25 GiB (hw.memsize - (wired + anonymous + compressor-occupied) x page size >= 7 x 2.75 GiB) -> PASS; vm_stat pages {'pages_free': 338624, 'pages_active': 679742, 'pages_inactive': 761907, 'pages_speculative': 53826, 'pages_wired_down': 133595, 'pages_purgeable': 15517, 'file_backed_pages': 1057742, 'anonymous_pages': 437733, 'pages_stored_in_compressor': 155258, 'pages_occupied_by_compressor': 80593}
04:11:47 [S45-A3] preconditions passed; spec data/SRP1/Results/P515S45/campaign_s45_a3/campaign_spec_s45_a3_4f733b9d.json sha256=4f733b9de200584ac0403f4bebaf4feab0a86995a65e77014d90e1fc21d59004; git HEAD 8f3f20991a4efbb1d27a42d53c94be1f44e50065 (spec frozen at 43eb2c0f1fc0eb3efc8a50cb1909e618ac73e67f)
04:11:47 [S45-A3] 5 points, waves of 7; stop rule: spec v15 execution.barrier: "non-certified evaluations recorded with cause; in A1-A3 a run of barrier points in a region stops for review". Operational form frozen by Planner task W15: after every wave, STOP (launch no further wave) if (a) 2 or more non-certified points fall in ONE region (node+duration ladder, see _region_key) or (b) 3 or more non-certified points occur overall. A single isolated non-certified point does NOT stop the campaign: it is recorded as a barrier point with its cause. Points already running always finish; unlaunched points are recorded as not_launched_stop_rule and campaign_results.json carries STOP_FOR_REVIEW true (exit 3).
04:11:47 [S45-A3] campaign lock acquired: {'pid': 38202, 'campaign_id': 's45_a3', 'campaign_spec_sha256': '4f733b9de200584ac0403f4bebaf4feab0a86995a65e77014d90e1fc21d59004', 'started_utc': '2026-09-21T04:11:47.478605+00:00'}
04:11:47 [S45-A3] launching wave 1/1: ['res_n7_p0.5_e1.5_y2025', 'res_n7_p0.75_e1.5_y2025', 'res_n7_p0.75_e2.5_y2025', 'res_n7_p1_e2.5_y2025', 'res_n7_p1.25_e2.5_y2025'] (concurrency 7)
04:11:47 [S44-HARNESS] launched res_n7_p0.5_e1.5_y2025 (key 062178ab2f3a87ff) pid=38236
04:11:47 [S44-HARNESS] launched res_n7_p0.75_e1.5_y2025 (key 4f135d7a623cac5f) pid=38237
04:11:47 [S44-HARNESS] launched res_n7_p0.75_e2.5_y2025 (key 222e4f71cc132c96) pid=38238
04:11:47 [S44-HARNESS] launched res_n7_p1_e2.5_y2025 (key 3e15cb08487bf947) pid=38239
04:11:47 [S44-HARNESS] launched res_n7_p1.25_e2.5_y2025 (key fdfe88cd4342f81a) pid=38240
04:11:47 [S44-HARNESS] heartbeat res_n7_p0.5_e1.5_y2025: 0s cycle=None; res_n7_p0.75_e1.5_y2025: 0s cycle=None; res_n7_p0.75_e2.5_y2025: 0s cycle=None; res_n7_p1_e2.5_y2025: 0s cycle=None; res_n7_p1.25_e2.5_y2025: 0s cycle=None
04:12:47 [S44-HARNESS] heartbeat res_n7_p0.5_e1.5_y2025: 60s cycle=None; res_n7_p0.75_e1.5_y2025: 60s cycle=None; res_n7_p0.75_e2.5_y2025: 60s cycle=None; res_n7_p1_e2.5_y2025: 60s cycle=None; res_n7_p1.25_e2.5_y2025: 60s cycle=None
04:13:47 [S44-HARNESS] heartbeat res_n7_p0.5_e1.5_y2025: 120s cycle=2; res_n7_p0.75_e1.5_y2025: 120s cycle=2; res_n7_p0.75_e2.5_y2025: 120s cycle=2; res_n7_p1_e2.5_y2025: 120s cycle=2; res_n7_p1.25_e2.5_y2025: 120s cycle=2
04:14:47 [S44-HARNESS] heartbeat res_n7_p0.5_e1.5_y2025: 180s cycle=4; res_n7_p0.75_e1.5_y2025: 180s cycle=4; res_n7_p0.75_e2.5_y2025: 180s cycle=4; res_n7_p1_e2.5_y2025: 180s cycle=4; res_n7_p1.25_e2.5_y2025: 180s cycle=4
04:15:47 [S44-HARNESS] heartbeat res_n7_p0.5_e1.5_y2025: 240s cycle=5; res_n7_p0.75_e1.5_y2025: 240s cycle=5; res_n7_p0.75_e2.5_y2025: 240s cycle=5; res_n7_p1_e2.5_y2025: 240s cycle=6; res_n7_p1.25_e2.5_y2025: 240s cycle=6
04:16:47 [S44-HARNESS] heartbeat res_n7_p0.5_e1.5_y2025: 300s cycle=7; res_n7_p0.75_e1.5_y2025: 300s cycle=7; res_n7_p0.75_e2.5_y2025: 300s cycle=7; res_n7_p1_e2.5_y2025: 300s cycle=7; res_n7_p1.25_e2.5_y2025: 300s cycle=7
04:17:47 [S44-HARNESS] heartbeat res_n7_p0.5_e1.5_y2025: 360s cycle=9; res_n7_p0.75_e1.5_y2025: 360s cycle=9; res_n7_p0.75_e2.5_y2025: 360s cycle=9; res_n7_p1_e2.5_y2025: 360s cycle=9; res_n7_p1.25_e2.5_y2025: 360s cycle=9
04:18:47 [S44-HARNESS] heartbeat res_n7_p0.5_e1.5_y2025: 420s cycle=11; res_n7_p0.75_e1.5_y2025: 420s cycle=11; res_n7_p0.75_e2.5_y2025: 420s cycle=11; res_n7_p1_e2.5_y2025: 420s cycle=11; res_n7_p1.25_e2.5_y2025: 420s cycle=11
04:19:48 [S44-HARNESS] heartbeat res_n7_p0.5_e1.5_y2025: 481s cycle=13; res_n7_p0.75_e1.5_y2025: 481s cycle=13; res_n7_p0.75_e2.5_y2025: 481s cycle=12; res_n7_p1_e2.5_y2025: 481s cycle=13; res_n7_p1.25_e2.5_y2025: 481s cycle=13
04:20:48 [S44-HARNESS] heartbeat res_n7_p0.5_e1.5_y2025: 541s cycle=15; res_n7_p0.75_e1.5_y2025: 541s cycle=15; res_n7_p0.75_e2.5_y2025: 541s cycle=14; res_n7_p1_e2.5_y2025: 541s cycle=15; res_n7_p1.25_e2.5_y2025: 541s cycle=15
04:21:48 [S44-HARNESS] heartbeat res_n7_p0.5_e1.5_y2025: 601s cycle=17; res_n7_p0.75_e1.5_y2025: 601s cycle=16; res_n7_p0.75_e2.5_y2025: 601s cycle=16; res_n7_p1_e2.5_y2025: 601s cycle=17; res_n7_p1.25_e2.5_y2025: 601s cycle=17
04:22:48 [S44-HARNESS] heartbeat res_n7_p0.5_e1.5_y2025: 661s cycle=19; res_n7_p0.75_e1.5_y2025: 661s cycle=18; res_n7_p0.75_e2.5_y2025: 661s cycle=18; res_n7_p1_e2.5_y2025: 661s cycle=18; res_n7_p1.25_e2.5_y2025: 661s cycle=18
04:23:48 [S44-HARNESS] heartbeat res_n7_p0.5_e1.5_y2025: 721s cycle=20; res_n7_p0.75_e1.5_y2025: 721s cycle=20; res_n7_p0.75_e2.5_y2025: 721s cycle=20; res_n7_p1_e2.5_y2025: 721s cycle=20; res_n7_p1.25_e2.5_y2025: 721s cycle=20
04:24:48 [S44-HARNESS] heartbeat res_n7_p0.5_e1.5_y2025: 781s cycle=22; res_n7_p0.75_e1.5_y2025: 781s cycle=22; res_n7_p0.75_e2.5_y2025: 781s cycle=22; res_n7_p1_e2.5_y2025: 781s cycle=22; res_n7_p1.25_e2.5_y2025: 781s cycle=22
04:25:48 [S44-HARNESS] heartbeat res_n7_p0.5_e1.5_y2025: 841s cycle=24; res_n7_p0.75_e1.5_y2025: 841s cycle=24; res_n7_p0.75_e2.5_y2025: 841s cycle=24; res_n7_p1_e2.5_y2025: 841s cycle=24; res_n7_p1.25_e2.5_y2025: 841s cycle=24
04:26:48 [S44-HARNESS] heartbeat res_n7_p0.5_e1.5_y2025: 901s cycle=26; res_n7_p0.75_e1.5_y2025: 901s cycle=26; res_n7_p0.75_e2.5_y2025: 901s cycle=26; res_n7_p1_e2.5_y2025: 901s cycle=26; res_n7_p1.25_e2.5_y2025: 901s cycle=26
04:27:48 [S44-HARNESS] heartbeat res_n7_p0.5_e1.5_y2025: 961s cycle=28; res_n7_p0.75_e1.5_y2025: 961s cycle=27; res_n7_p0.75_e2.5_y2025: 961s cycle=28; res_n7_p1_e2.5_y2025: 961s cycle=28; res_n7_p1.25_e2.5_y2025: 961s cycle=28
04:28:48 [S44-HARNESS] heartbeat res_n7_p0.5_e1.5_y2025: 1022s cycle=30; res_n7_p0.75_e1.5_y2025: 1021s cycle=29; res_n7_p0.75_e2.5_y2025: 1021s cycle=30; res_n7_p1_e2.5_y2025: 1021s cycle=30; res_n7_p1.25_e2.5_y2025: 1021s cycle=29
04:29:49 [S44-HARNESS] heartbeat res_n7_p0.5_e1.5_y2025: 1082s cycle=32; res_n7_p0.75_e1.5_y2025: 1082s cycle=31; res_n7_p0.75_e2.5_y2025: 1082s cycle=32; res_n7_p1_e2.5_y2025: 1082s cycle=32; res_n7_p1.25_e2.5_y2025: 1082s cycle=30
04:30:49 [S44-HARNESS] heartbeat res_n7_p0.5_e1.5_y2025: 1142s cycle=34; res_n7_p0.75_e1.5_y2025: 1142s cycle=33; res_n7_p0.75_e2.5_y2025: 1142s cycle=34; res_n7_p1_e2.5_y2025: 1142s cycle=33; res_n7_p1.25_e2.5_y2025: 1142s cycle=32
04:31:49 [S44-HARNESS] heartbeat res_n7_p0.5_e1.5_y2025: 1202s cycle=36; res_n7_p0.75_e1.5_y2025: 1202s cycle=35; res_n7_p0.75_e2.5_y2025: 1202s cycle=36; res_n7_p1_e2.5_y2025: 1202s cycle=35; res_n7_p1.25_e2.5_y2025: 1202s cycle=34
04:32:49 [S44-HARNESS] heartbeat res_n7_p0.5_e1.5_y2025: 1262s cycle=38; res_n7_p0.75_e1.5_y2025: 1262s cycle=37; res_n7_p0.75_e2.5_y2025: 1262s cycle=37; res_n7_p1_e2.5_y2025: 1262s cycle=37; res_n7_p1.25_e2.5_y2025: 1262s cycle=36
04:33:49 [S44-HARNESS] heartbeat res_n7_p0.5_e1.5_y2025: 1322s cycle=40; res_n7_p0.75_e1.5_y2025: 1322s cycle=39; res_n7_p0.75_e2.5_y2025: 1322s cycle=39; res_n7_p1_e2.5_y2025: 1322s cycle=39; res_n7_p1.25_e2.5_y2025: 1322s cycle=38
04:34:49 [S44-HARNESS] heartbeat res_n7_p0.5_e1.5_y2025: 1382s cycle=42; res_n7_p0.75_e1.5_y2025: 1382s cycle=41; res_n7_p0.75_e2.5_y2025: 1382s cycle=41; res_n7_p1_e2.5_y2025: 1382s cycle=41; res_n7_p1.25_e2.5_y2025: 1382s cycle=40
04:35:49 [S44-HARNESS] heartbeat res_n7_p0.5_e1.5_y2025: 1442s cycle=44; res_n7_p0.75_e1.5_y2025: 1442s cycle=43; res_n7_p0.75_e2.5_y2025: 1442s cycle=43; res_n7_p1_e2.5_y2025: 1442s cycle=43; res_n7_p1.25_e2.5_y2025: 1442s cycle=42
04:36:49 [S44-HARNESS] heartbeat res_n7_p0.5_e1.5_y2025: 1502s cycle=46; res_n7_p0.75_e1.5_y2025: 1502s cycle=45; res_n7_p0.75_e2.5_y2025: 1502s cycle=45; res_n7_p1_e2.5_y2025: 1502s cycle=45; res_n7_p1.25_e2.5_y2025: 1502s cycle=44
04:37:49 [S44-HARNESS] heartbeat res_n7_p0.5_e1.5_y2025: 1562s cycle=48; res_n7_p0.75_e1.5_y2025: 1562s cycle=47; res_n7_p0.75_e2.5_y2025: 1562s cycle=47; res_n7_p1_e2.5_y2025: 1562s cycle=47; res_n7_p1.25_e2.5_y2025: 1562s cycle=46
04:38:50 [S44-HARNESS] heartbeat res_n7_p0.5_e1.5_y2025: 1623s cycle=50; res_n7_p0.75_e1.5_y2025: 1623s cycle=49; res_n7_p0.75_e2.5_y2025: 1623s cycle=48; res_n7_p1_e2.5_y2025: 1623s cycle=48; res_n7_p1.25_e2.5_y2025: 1623s cycle=48
04:39:50 [S44-HARNESS] heartbeat res_n7_p0.5_e1.5_y2025: 1683s cycle=52; res_n7_p0.75_e1.5_y2025: 1683s cycle=51; res_n7_p0.75_e2.5_y2025: 1683s cycle=50; res_n7_p1_e2.5_y2025: 1683s cycle=50; res_n7_p1.25_e2.5_y2025: 1683s cycle=50
04:40:50 [S44-HARNESS] heartbeat res_n7_p0.5_e1.5_y2025: 1743s cycle=54; res_n7_p0.75_e1.5_y2025: 1743s cycle=53; res_n7_p0.75_e2.5_y2025: 1743s cycle=52; res_n7_p1_e2.5_y2025: 1743s cycle=52; res_n7_p1.25_e2.5_y2025: 1743s cycle=52
04:41:50 [S44-HARNESS] heartbeat res_n7_p0.5_e1.5_y2025: 1803s cycle=55; res_n7_p0.75_e1.5_y2025: 1803s cycle=55; res_n7_p0.75_e2.5_y2025: 1803s cycle=54; res_n7_p1_e2.5_y2025: 1803s cycle=54; res_n7_p1.25_e2.5_y2025: 1803s cycle=54
04:42:50 [S44-HARNESS] heartbeat res_n7_p0.5_e1.5_y2025: 1863s cycle=57; res_n7_p0.75_e1.5_y2025: 1863s cycle=57; res_n7_p0.75_e2.5_y2025: 1863s cycle=56; res_n7_p1_e2.5_y2025: 1863s cycle=56; res_n7_p1.25_e2.5_y2025: 1863s cycle=56
04:43:50 [S44-HARNESS] heartbeat res_n7_p0.5_e1.5_y2025: 1923s cycle=59; res_n7_p0.75_e1.5_y2025: 1923s cycle=59; res_n7_p0.75_e2.5_y2025: 1923s cycle=58; res_n7_p1_e2.5_y2025: 1923s cycle=58; res_n7_p1.25_e2.5_y2025: 1923s cycle=58
04:44:50 [S44-HARNESS] heartbeat res_n7_p0.5_e1.5_y2025: 1983s cycle=61; res_n7_p0.75_e1.5_y2025: 1983s cycle=60; res_n7_p0.75_e2.5_y2025: 1983s cycle=60; res_n7_p1_e2.5_y2025: 1983s cycle=60; res_n7_p1.25_e2.5_y2025: 1983s cycle=60
04:45:50 [S44-HARNESS] heartbeat res_n7_p0.5_e1.5_y2025: 2043s cycle=63; res_n7_p0.75_e1.5_y2025: 2043s cycle=62; res_n7_p0.75_e2.5_y2025: 2043s cycle=62; res_n7_p1_e2.5_y2025: 2043s cycle=62; res_n7_p1.25_e2.5_y2025: 2043s cycle=62
04:46:50 [S44-HARNESS] heartbeat res_n7_p0.5_e1.5_y2025: 2103s cycle=65; res_n7_p0.75_e1.5_y2025: 2103s cycle=64; res_n7_p0.75_e2.5_y2025: 2103s cycle=64; res_n7_p1_e2.5_y2025: 2103s cycle=64; res_n7_p1.25_e2.5_y2025: 2103s cycle=64
04:47:50 [S44-HARNESS] heartbeat res_n7_p0.5_e1.5_y2025: 2163s cycle=67; res_n7_p0.75_e1.5_y2025: 2163s cycle=66; res_n7_p0.75_e2.5_y2025: 2163s cycle=66; res_n7_p1_e2.5_y2025: 2163s cycle=66; res_n7_p1.25_e2.5_y2025: 2163s cycle=66
04:48:51 [S44-HARNESS] heartbeat res_n7_p0.5_e1.5_y2025: 2224s cycle=69; res_n7_p0.75_e1.5_y2025: 2224s cycle=68; res_n7_p0.75_e2.5_y2025: 2224s cycle=68; res_n7_p1_e2.5_y2025: 2224s cycle=68; res_n7_p1.25_e2.5_y2025: 2224s cycle=68
04:49:51 [S44-HARNESS] heartbeat res_n7_p0.5_e1.5_y2025: 2284s cycle=71; res_n7_p0.75_e1.5_y2025: 2284s cycle=70; res_n7_p0.75_e2.5_y2025: 2284s cycle=70; res_n7_p1_e2.5_y2025: 2284s cycle=70; res_n7_p1.25_e2.5_y2025: 2284s cycle=70
04:50:51 [S44-HARNESS] heartbeat res_n7_p0.5_e1.5_y2025: 2344s cycle=73; res_n7_p0.75_e1.5_y2025: 2344s cycle=72; res_n7_p0.75_e2.5_y2025: 2344s cycle=72; res_n7_p1_e2.5_y2025: 2344s cycle=72; res_n7_p1.25_e2.5_y2025: 2344s cycle=72
04:51:51 [S44-HARNESS] heartbeat res_n7_p0.5_e1.5_y2025: 2404s cycle=75; res_n7_p0.75_e1.5_y2025: 2404s cycle=74; res_n7_p0.75_e2.5_y2025: 2404s cycle=74; res_n7_p1_e2.5_y2025: 2404s cycle=74; res_n7_p1.25_e2.5_y2025: 2404s cycle=74
04:52:51 [S44-HARNESS] heartbeat res_n7_p0.5_e1.5_y2025: 2464s cycle=77; res_n7_p0.75_e1.5_y2025: 2464s cycle=76; res_n7_p0.75_e2.5_y2025: 2464s cycle=76; res_n7_p1_e2.5_y2025: 2464s cycle=75; res_n7_p1.25_e2.5_y2025: 2464s cycle=76
04:53:51 [S44-HARNESS] heartbeat res_n7_p0.5_e1.5_y2025: 2524s cycle=79; res_n7_p0.75_e1.5_y2025: 2524s cycle=78; res_n7_p0.75_e2.5_y2025: 2524s cycle=78; res_n7_p1_e2.5_y2025: 2524s cycle=77; res_n7_p1.25_e2.5_y2025: 2524s cycle=77
04:54:51 [S44-HARNESS] heartbeat res_n7_p0.5_e1.5_y2025: 2584s cycle=81; res_n7_p0.75_e1.5_y2025: 2584s cycle=80; res_n7_p0.75_e2.5_y2025: 2584s cycle=80; res_n7_p1_e2.5_y2025: 2584s cycle=79; res_n7_p1.25_e2.5_y2025: 2584s cycle=79
04:55:51 [S44-HARNESS] heartbeat res_n7_p0.5_e1.5_y2025: 2644s cycle=83; res_n7_p0.75_e1.5_y2025: 2644s cycle=82; res_n7_p0.75_e2.5_y2025: 2644s cycle=82; res_n7_p1_e2.5_y2025: 2644s cycle=81; res_n7_p1.25_e2.5_y2025: 2644s cycle=81
04:56:51 [S44-HARNESS] heartbeat res_n7_p0.5_e1.5_y2025: 2704s cycle=85; res_n7_p0.75_e1.5_y2025: 2704s cycle=84; res_n7_p0.75_e2.5_y2025: 2704s cycle=84; res_n7_p1_e2.5_y2025: 2704s cycle=83; res_n7_p1.25_e2.5_y2025: 2704s cycle=83
04:57:52 [S44-HARNESS] heartbeat res_n7_p0.5_e1.5_y2025: 2765s cycle=87; res_n7_p0.75_e1.5_y2025: 2765s cycle=86; res_n7_p0.75_e2.5_y2025: 2765s cycle=86; res_n7_p1_e2.5_y2025: 2765s cycle=85; res_n7_p1.25_e2.5_y2025: 2765s cycle=86
04:58:52 [S44-HARNESS] heartbeat res_n7_p0.5_e1.5_y2025: 2825s cycle=89; res_n7_p0.75_e1.5_y2025: 2825s cycle=88; res_n7_p0.75_e2.5_y2025: 2825s cycle=88; res_n7_p1_e2.5_y2025: 2825s cycle=87; res_n7_p1.25_e2.5_y2025: 2825s cycle=88
04:59:52 [S44-HARNESS] heartbeat res_n7_p0.5_e1.5_y2025: 2885s cycle=91; res_n7_p0.75_e1.5_y2025: 2885s cycle=90; res_n7_p0.75_e2.5_y2025: 2885s cycle=90; res_n7_p1_e2.5_y2025: 2885s cycle=89; res_n7_p1.25_e2.5_y2025: 2885s cycle=90
05:00:52 [S44-HARNESS] heartbeat res_n7_p0.5_e1.5_y2025: 2945s cycle=93; res_n7_p0.75_e1.5_y2025: 2945s cycle=92; res_n7_p0.75_e2.5_y2025: 2945s cycle=92; res_n7_p1_e2.5_y2025: 2945s cycle=91; res_n7_p1.25_e2.5_y2025: 2945s cycle=92
05:01:52 [S44-HARNESS] heartbeat res_n7_p0.5_e1.5_y2025: 3005s cycle=95; res_n7_p0.75_e1.5_y2025: 3005s cycle=94; res_n7_p0.75_e2.5_y2025: 3005s cycle=94; res_n7_p1_e2.5_y2025: 3005s cycle=93; res_n7_p1.25_e2.5_y2025: 3005s cycle=94
05:02:52 [S44-HARNESS] heartbeat res_n7_p0.5_e1.5_y2025: 3065s cycle=97; res_n7_p0.75_e1.5_y2025: 3065s cycle=96; res_n7_p0.75_e2.5_y2025: 3065s cycle=96; res_n7_p1_e2.5_y2025: 3065s cycle=95; res_n7_p1.25_e2.5_y2025: 3065s cycle=96
05:03:52 [S44-HARNESS] heartbeat res_n7_p0.5_e1.5_y2025: 3125s cycle=99; res_n7_p0.75_e1.5_y2025: 3125s cycle=98; res_n7_p0.75_e2.5_y2025: 3125s cycle=98; res_n7_p1_e2.5_y2025: 3125s cycle=97; res_n7_p1.25_e2.5_y2025: 3125s cycle=98
05:04:52 [S44-HARNESS] heartbeat res_n7_p0.5_e1.5_y2025: 3185s cycle=101; res_n7_p0.75_e1.5_y2025: 3185s cycle=100; res_n7_p0.75_e2.5_y2025: 3185s cycle=100; res_n7_p1_e2.5_y2025: 3185s cycle=99; res_n7_p1.25_e2.5_y2025: 3185s cycle=100
05:05:52 [S44-HARNESS] heartbeat res_n7_p0.5_e1.5_y2025: 3245s cycle=103; res_n7_p0.75_e1.5_y2025: 3245s cycle=102; res_n7_p0.75_e2.5_y2025: 3245s cycle=102; res_n7_p1_e2.5_y2025: 3245s cycle=101; res_n7_p1.25_e2.5_y2025: 3245s cycle=102
05:06:53 [S44-HARNESS] heartbeat res_n7_p0.5_e1.5_y2025: 3306s cycle=105; res_n7_p0.75_e1.5_y2025: 3306s cycle=104; res_n7_p0.75_e2.5_y2025: 3306s cycle=104; res_n7_p1_e2.5_y2025: 3306s cycle=103; res_n7_p1.25_e2.5_y2025: 3306s cycle=104
05:07:53 [S44-HARNESS] heartbeat res_n7_p0.5_e1.5_y2025: 3366s cycle=107; res_n7_p0.75_e1.5_y2025: 3366s cycle=106; res_n7_p0.75_e2.5_y2025: 3366s cycle=106; res_n7_p1_e2.5_y2025: 3366s cycle=105; res_n7_p1.25_e2.5_y2025: 3366s cycle=106
05:08:53 [S44-HARNESS] heartbeat res_n7_p0.5_e1.5_y2025: 3426s cycle=109; res_n7_p0.75_e1.5_y2025: 3426s cycle=108; res_n7_p0.75_e2.5_y2025: 3426s cycle=108; res_n7_p1_e2.5_y2025: 3426s cycle=107; res_n7_p1.25_e2.5_y2025: 3426s cycle=107
05:09:53 [S44-HARNESS] heartbeat res_n7_p0.5_e1.5_y2025: 3486s cycle=111; res_n7_p0.75_e1.5_y2025: 3486s cycle=110; res_n7_p0.75_e2.5_y2025: 3486s cycle=110; res_n7_p1_e2.5_y2025: 3486s cycle=109; res_n7_p1.25_e2.5_y2025: 3486s cycle=110
05:10:53 [S44-HARNESS] heartbeat res_n7_p0.5_e1.5_y2025: 3546s cycle=112; res_n7_p0.75_e1.5_y2025: 3546s cycle=112; res_n7_p0.75_e2.5_y2025: 3546s cycle=112; res_n7_p1_e2.5_y2025: 3546s cycle=111; res_n7_p1.25_e2.5_y2025: 3546s cycle=112
05:11:53 [S44-HARNESS] heartbeat res_n7_p0.5_e1.5_y2025: 3606s cycle=114; res_n7_p0.75_e1.5_y2025: 3606s cycle=114; res_n7_p0.75_e2.5_y2025: 3606s cycle=114; res_n7_p1_e2.5_y2025: 3606s cycle=113; res_n7_p1.25_e2.5_y2025: 3606s cycle=114
05:12:53 [S44-HARNESS] heartbeat res_n7_p0.5_e1.5_y2025: 3666s cycle=116; res_n7_p0.75_e1.5_y2025: 3666s cycle=116; res_n7_p0.75_e2.5_y2025: 3666s cycle=116; res_n7_p1_e2.5_y2025: 3666s cycle=115; res_n7_p1.25_e2.5_y2025: 3666s cycle=115
05:13:53 [S44-HARNESS] heartbeat res_n7_p0.5_e1.5_y2025: 3726s cycle=118; res_n7_p0.75_e1.5_y2025: 3726s cycle=118; res_n7_p0.75_e2.5_y2025: 3726s cycle=118; res_n7_p1_e2.5_y2025: 3726s cycle=117; res_n7_p1.25_e2.5_y2025: 3726s cycle=117
05:14:08 [S44-HARNESS] finished res_n7_p0.75_e2.5_y2025 pid=38238 exit=0 status=certified wall=3741s
05:14:53 [S44-HARNESS] heartbeat res_n7_p0.5_e1.5_y2025: 3786s cycle=120; res_n7_p0.75_e1.5_y2025: 3786s cycle=120; res_n7_p1_e2.5_y2025: 3786s cycle=119; res_n7_p1.25_e2.5_y2025: 3786s cycle=120
05:15:53 [S44-HARNESS] heartbeat res_n7_p0.5_e1.5_y2025: 3846s cycle=122; res_n7_p0.75_e1.5_y2025: 3846s cycle=122; res_n7_p1_e2.5_y2025: 3846s cycle=122; res_n7_p1.25_e2.5_y2025: 3846s cycle=122
05:16:54 [S44-HARNESS] heartbeat res_n7_p0.5_e1.5_y2025: 3907s cycle=124; res_n7_p0.75_e1.5_y2025: 3907s cycle=124; res_n7_p1_e2.5_y2025: 3907s cycle=124; res_n7_p1.25_e2.5_y2025: 3907s cycle=124
05:17:54 [S44-HARNESS] heartbeat res_n7_p0.5_e1.5_y2025: 3967s cycle=125; res_n7_p0.75_e1.5_y2025: 3967s cycle=126; res_n7_p1_e2.5_y2025: 3967s cycle=126; res_n7_p1.25_e2.5_y2025: 3967s cycle=126
05:18:54 [S44-HARNESS] heartbeat res_n7_p0.5_e1.5_y2025: 4027s cycle=128; res_n7_p0.75_e1.5_y2025: 4027s cycle=128; res_n7_p1_e2.5_y2025: 4027s cycle=127; res_n7_p1.25_e2.5_y2025: 4027s cycle=128
05:19:09 [S44-HARNESS] finished res_n7_p1_e2.5_y2025 pid=38239 exit=0 status=certified wall=4042s
05:19:34 [S44-HARNESS] finished res_n7_p0.5_e1.5_y2025 pid=38236 exit=0 status=certified wall=4067s
05:19:54 [S44-HARNESS] finished res_n7_p1.25_e2.5_y2025 pid=38240 exit=0 status=certified wall=4087s
05:19:54 [S44-HARNESS] heartbeat res_n7_p0.75_e1.5_y2025: 4087s cycle=130
05:20:54 [S44-HARNESS] heartbeat res_n7_p0.75_e1.5_y2025: 4147s cycle=133
05:21:54 [S44-HARNESS] heartbeat res_n7_p0.75_e1.5_y2025: 4207s cycle=135
05:22:54 [S44-HARNESS] heartbeat res_n7_p0.75_e1.5_y2025: 4267s cycle=138
05:23:54 [S44-HARNESS] heartbeat res_n7_p0.75_e1.5_y2025: 4327s cycle=140
05:24:09 [S44-HARNESS] finished res_n7_p0.75_e1.5_y2025 pid=38237 exit=0 status=certified wall=4342s
05:24:09 [S45-A3] campaign lock released
05:24:10 [S45-A3] res_n7_p0.5_e1.5_y2025: status=certified cycles=129 cert=129 Q=653475798.163384 I=508975.17828782054 F=653984773.3416718 slack=491024.82171217946 bar=7956.483256578445 rule10=0.03990943353452142 salvage=-4.703089360905534e-37 net=653475798.163384 aa={'insufficient memory (m_k=0)': 7, 'accepted': 55, 'rejected (safeguard; memory retained)': 56, 'off (all channels within Boyd tolerance)': 11}
05:24:10 [S45-A3] res_n7_p0.75_e1.5_y2025: status=certified cycles=141 cert=141 Q=653464681.804764 I=573054.509352786 F=654037736.3141168 slack=426945.490647214 bar=5069.491814136505 rule10=0.008405893463387626 salvage=2.9980013080066094e-51 net=653464681.804764 aa={'insufficient memory (m_k=0)': 7, 'accepted': 67, 'rejected (safeguard; memory retained)': 57, 'off (all channels within Boyd tolerance)': 10}
05:24:10 [S45-A3] res_n7_p0.75_e2.5_y2025: status=certified cycles=119 cert=119 Q=653232459.3338623 I=826932.186791379 F=654059391.5206537 slack=173067.813208621 bar=8559.755758404732 rule10=0.004799650289170168 salvage=-1.531791293309627e-50 net=653232459.3338623 aa={'insufficient memory (m_k=0)': 7, 'accepted': 54, 'rejected (safeguard; memory retained)': 48, 'off (all channels within Boyd tolerance)': 10}
05:24:10 [S45-A3] res_n7_p1_e2.5_y2025: status=certified cycles=128 cert=128 Q=653213468.4742668 I=891011.5178563445 F=654104479.9921231 slack=108988.48214365554 bar=7500.910992383957 rule10=0.08993097002980996 salvage=0.0 net=653213468.4742668 aa={'insufficient memory (m_k=0)': 7, 'accepted': 60, 'rejected (safeguard; memory retained)': 51, 'off (all channels within Boyd tolerance)': 10}
05:24:10 [S45-A3] res_n7_p1.25_e2.5_y2025: status=certified cycles=130 cert=130 Q=653194764.6493901 I=955090.8489213098 F=654149855.4983114 slack=44909.15107869019 bar=7529.54594039917 rule10=0.053639413369080305 salvage=0.0 net=653194764.6493901 aa={'insufficient memory (m_k=0)': 7, 'accepted': 61, 'rejected (safeguard; memory retained)': 52, 'off (all channels within Boyd tolerance)': 10}
05:24:10 [S45-A3] objective convention: F uses gross; salvage reported separately. Q(x) = certified_cost = gross_operational_cost (settlement-excluded); F(x) = I(x) + Q(x); terminal_salvage_value and net_operational_recourse = gross - salvage are reported, excluded from F (Addendum 27 item 3).
05:24:10 [S45-A3] parent guard {'permitted_solve': 0, 'permitted_exec': 0, 'blocked_solve': 0, 'blocked_exec': 0} verify0_failures=[]
05:24:10 [S45-A3] OK: all 5 points certified
