18:19:27 [S45-CMP] mode=REAL candidate=data/SRP1/Results/P515S45/reverify_aa_c_star/evals/3e741dac72c9e1bc_c_star_aa_case_file reference=data/SRP1/Results/P515S44/campaign_s44_aa_variant/evals/837fc982565dbba3_c_star_aa_keep_memory out=data/SRP1/Results/P515S45/reverify_aa_c_star_compare
18:19:27 [S45-CMP] capture-path checklist: 49 items, 0 False: []
18:19:27 [S45-CMP]   g_s39_D.json: {'provenance': 4, 'tie_order': 0, 'genuine': 75}
18:19:27 [S45-CMP]   boyd_terminal.json: {'provenance': 0, 'tie_order': 0, 'genuine': 0}
18:19:27 [S45-CMP]   component_levels_terminal.json: {'provenance': 0, 'tie_order': 0, 'genuine': 0}
18:19:27 [S45-CMP]   interface_settlement_detail_s31c.json: {'provenance': 0, 'tie_order': 0, 'genuine': 0}
18:19:27 [S45-CMP]   interface_voltage_terminal.json: {'provenance': 0, 'tie_order': 0, 'genuine': 0}
18:19:27 [S45-CMP]   evaluation_record.json: {'provenance': 38, 'tie_order': 0, 'genuine': 0}
18:19:27 [S45-CMP]   recourse_jump_sidecar_baseline.jsonl: rows={'reference': 107, 'candidate': 107} {'provenance': 0, 'tie_order': 0, 'genuine': 0}
18:19:28 [S45-CMP]   ess_entry_stride_baseline.jsonl: rows={'reference': 107, 'candidate': 107} {'provenance': 0, 'tie_order': 0, 'genuine': 0}
18:19:28 [S45-CMP]   soh_floor_sidecar_baseline.jsonl: rows={'reference': 107, 'candidate': 107} {'provenance': 0, 'tie_order': 0, 'genuine': 0}
18:19:31 [S45-CMP]   pf_entry_stride_s39_D.jsonl: rows={'reference': 107, 'candidate': 107} {'provenance': 0, 'tie_order': 0, 'genuine': 0}
18:19:31 [S45-CMP]   ess_exempt_until_state_s39_D.jsonl: rows={'reference': 107, 'candidate': 107} {'provenance': 0, 'tie_order': 0, 'genuine': 0}
18:19:31 [S45-CMP]   aa_per_cycle.jsonl: rows={'reference': 107, 'candidate': 107} {'provenance': 0, 'tie_order': 0, 'genuine': 0}
18:19:31 [S45-CMP]   per_cycle_record.jsonl: rows={'reference': 107, 'candidate': 107} {'provenance': 0, 'tie_order': 0, 'genuine': 75}
18:19:31 [S45-CMP] g_s39_D.json: raw=79 {'provenance': 4, 'tie_order': 0, 'genuine': 75} genuine_patterns=[('g_s39_D.json.cycle_trajectory[*].terminal_salvage_value', 75)]
18:19:31 [S45-CMP] boyd_terminal.json: raw=0 {'provenance': 0, 'tie_order': 0, 'genuine': 0} genuine_patterns=[]
18:19:31 [S45-CMP] component_levels_terminal.json: raw=0 {'provenance': 0, 'tie_order': 0, 'genuine': 0} genuine_patterns=[]
18:19:31 [S45-CMP] interface_settlement_detail_s31c.json: raw=0 {'provenance': 0, 'tie_order': 0, 'genuine': 0} genuine_patterns=[]
18:19:31 [S45-CMP] interface_voltage_terminal.json: raw=0 {'provenance': 0, 'tie_order': 0, 'genuine': 0} genuine_patterns=[]
18:19:31 [S45-CMP] evaluation_record.json: raw=38 {'provenance': 38, 'tie_order': 0, 'genuine': 0} genuine_patterns=[]
18:19:31 [S45-CMP] recourse_jump_sidecar_baseline.jsonl: raw=0 {'provenance': 0, 'tie_order': 0, 'genuine': 0} genuine_patterns=[]
18:19:31 [S45-CMP] ess_entry_stride_baseline.jsonl: raw=0 {'provenance': 0, 'tie_order': 0, 'genuine': 0} genuine_patterns=[]
18:19:31 [S45-CMP] soh_floor_sidecar_baseline.jsonl: raw=0 {'provenance': 0, 'tie_order': 0, 'genuine': 0} genuine_patterns=[]
18:19:31 [S45-CMP] pf_entry_stride_s39_D.jsonl: raw=0 {'provenance': 0, 'tie_order': 0, 'genuine': 0} genuine_patterns=[]
18:19:31 [S45-CMP] ess_exempt_until_state_s39_D.jsonl: raw=0 {'provenance': 0, 'tie_order': 0, 'genuine': 0} genuine_patterns=[]
18:19:31 [S45-CMP] aa_per_cycle.jsonl: raw=0 {'provenance': 0, 'tie_order': 0, 'genuine': 0} genuine_patterns=[]
18:19:31 [S45-CMP] per_cycle_record.jsonl: raw=75 {'provenance': 0, 'tie_order': 0, 'genuine': 75} genuine_patterns=[('per_cycle_record.jsonl[*].terminal_salvage_value', 75)]
18:19:31 [S45-CMP] supplementary (not gating) leak_classification_s39_D.jsonl: {'n_rows': {'reference': 324, 'candidate': 324}, 'n_raw_diffs': 0, 'n_diffs_ignoring_path_like_keys': 0}
18:19:31 [S45-CMP] supplementary (not gating) network_failures_s39_D.jsonl: {'n_rows': {'reference': 43, 'candidate': 43}, 'n_raw_diffs': 45, 'n_diffs_ignoring_path_like_keys': 0}
18:19:31 [S45-CMP] supplementary (not gating) esso_recovery_events_s39_D.jsonl: {'n_rows': {'reference': 0, 'candidate': 0}, 'n_raw_diffs': 0, 'n_diffs_ignoring_path_like_keys': 0}
18:19:31 [S45-CMP] supplementary (not gating) frozen_snapshots_s39_D.jsonl: {'n_rows': {'reference': 2, 'candidate': 2}, 'n_raw_diffs': 4, 'n_diffs_ignoring_path_like_keys': 0}
18:19:31 [S45-CMP] totals_by_class={'provenance': 42, 'tie_order': 0, 'genuine': 150}
18:19:31 [S45-CMP] provenance fields: [['evaluation_record.json.aa_per_cycle.path', "path under the run's own eval dir"], ['evaluation_record.json.anderson_acceleration_effective_in_child', 'configuration bookkeeping (Addendum 27 field); AA dict gated separately'], ['evaluation_record.json.campaign_id', 'campaign identity'], ['evaluation_record.json.campaign_lock_seen_by_child.campaign_id', 'run provenance (lock content: pid, campaign id, spec hash, start time)'], ['evaluation_record.json.campaign_lock_seen_by_child.campaign_spec_sha256', 'run provenance (lock content: pid, campaign id, spec hash, start time)'], ['evaluation_record.json.campaign_lock_seen_by_child.pid', 'run provenance (lock content: pid, campaign id, spec hash, start time)'], ['evaluation_record.json.campaign_lock_seen_by_child.started_utc', 'run provenance (lock content: pid, campaign id, spec hash, start time)'], ['evaluation_record.json.campaign_spec_path', 'campaign identity (spec path)'], ['evaluation_record.json.campaign_spec_sha256', 'campaign identity (spec hash)'], ['evaluation_record.json.candidate_label', 'campaign identity (label)'], ['evaluation_record.json.case_file_sha256_in_child', 'configuration bookkeeping (Addendum 27 field; case-file sha256)'], ['evaluation_record.json.child_pid', 'run provenance (pid)'], ['evaluation_record.json.configuration.case_file_anderson_acceleration', 'configuration bookkeeping (name, note, case_file_sha256, case_file_last_commit, case_file_anderson_acceleration declaration)'], ['evaluation_record.json.configuration.case_file_last_commit', 'configuration bookkeeping (name, note, case_file_sha256, case_file_last_commit, case_file_anderson_acceleration declaration)'], ['evaluation_record.json.configuration.case_file_sha256', 'configuration bookkeeping (name, note, case_file_sha256, case_file_last_commit, case_file_anderson_acceleration declaration)'], ['evaluation_record.json.configuration.name', 'configuration bookkeeping (name, note, case_file_sha256, case_file_last_commit, case_file_anderson_acceleration declaration)'], ['evaluation_record.json.configuration.note', 'configuration bookkeeping (name, note, case_file_sha256, case_file_last_commit, case_file_anderson_acceleration declaration)'], ['evaluation_record.json.configuration_checks_in_child.anderson_acceleration_case_file_matches_declaration', 'configuration bookkeeping (check names differ: AA-off-before-overrides vs case-file-AA-matches-declaration)'], ['evaluation_record.json.configuration_checks_in_child.anderson_acceleration_case_file_memory_regularization_frozen', 'configuration bookkeeping (check names differ: AA-off-before-overrides vs case-file-AA-matches-declaration)'], ['evaluation_record.json.configuration_checks_in_child.anderson_acceleration_off_before_overrides', 'configuration bookkeeping (check names differ: AA-off-before-overrides vs case-file-AA-matches-declaration)'], ['evaluation_record.json.eval_dir', 'campaign identity (eval dir)'], ['evaluation_record.json.eval_key', 'campaign identity (eval key = candidate key + effective overrides + case-file AA declaration)'], ['evaluation_record.json.evaluation_overrides_effective.anderson_acceleration', 'configuration bookkeeping (override vs case file)'], ['evaluation_record.json.overrides_applied_in_child.anderson_acceleration', 'configuration bookkeeping (override vs case file); AA dict gated separately'], ['evaluation_record.json.parent_pid', 'run provenance (pid)'], ['evaluation_record.json.peak_rss.child_python_process_ru_maxrss', 'run measurement (peak RSS; not reproducible)'], ['evaluation_record.json.peak_rss.production_state_peak_rss_ru_maxrss', 'run measurement (peak RSS; not reproducible)'], ['evaluation_record.json.peak_rss.solver_subprocesses_max_ru_maxrss', 'run measurement (peak RSS; not reproducible)'], ['evaluation_record.json.per_cycle_record_path', "path under the run's own eval dir"], ['evaluation_record.json.post_certification', 'post-certification requested in the reference campaign only (candidate record holds None for all three keys)'], ['evaluation_record.json.post_certification_capture_checklist_asserted_before_run', 'post-certification requested in the reference campaign only (candidate record holds None for all three keys)'], ['evaluation_record.json.post_certification_path', 'post-certification requested in the reference campaign only (candidate record holds None for all three keys)'], ['evaluation_record.json.report_path', "path under the run's own eval dir"], ['evaluation_record.json.wall_time_s.child_process_s', 'run measurement (wall time; not reproducible)'], ['evaluation_record.json.wall_time_s.run_admm_arm_reported_wall_clock_s', 'run measurement (wall time; not reproducible)'], ['evaluation_record.json.wall_time_s.run_admm_arm_s', 'run measurement (wall time; not reproducible)'], ['evaluation_record.json.working_dir_ids.precheck', 'campaign identity (working-dir ids derive from campaign id + eval key)'], ['evaluation_record.json.working_dir_ids.run', 'campaign identity (working-dir ids derive from campaign id + eval key)'], ['g_s39_D.json.rule_eleven_checklist.s44_campaign_configuration_checks.anderson_acceleration_case_file_matches_declaration', 'rule_eleven_checklist subtree'], ['g_s39_D.json.rule_eleven_checklist.s44_campaign_configuration_checks.anderson_acceleration_case_file_memory_regularization_frozen', 'rule_eleven_checklist subtree'], ['g_s39_D.json.rule_eleven_checklist.s44_campaign_configuration_checks.anderson_acceleration_off_before_overrides', 'rule_eleven_checklist subtree'], ['g_s39_D.json.rule_eleven_checklist.s44_campaign_overrides_applied.anderson_acceleration', 'rule_eleven_checklist subtree']]
18:19:31 [S45-CMP] scalar checks: {'candidate_status_certified': ('certified', True), 'candidate_certification.certified': (True, True), 'candidate_record_cycles_run': (107, True), 'candidate_record_certification_cycle': (107, True), 'candidate_report_cycles_run': (107, True), 'candidate_record_certified_cost': (650982939.9389359, True), 'candidate_report_gross_operational_cost': (650982939.9389359, True), 'candidate_record_candidate_key_is_c_star': ('578636daa6d6360d6701764c73ddf795e53c2c37e511e21be1400024f8f6350c', True), 'reference_record_certified_cost': (650982939.9389359, True), 'reference_record_certification_cycle': (107, True)}
18:19:31 [S45-CMP] AA checks: {'candidate_effective_aa': {'source': 'anderson_acceleration_effective_in_child', 'value': {'enabled': True, 'memory': 5, 'regularization': 1e-10, 'reject_policy': 'keep_memory'}, 'expected': {'enabled': True, 'memory': 5, 'regularization': 1e-10, 'reject_policy': 'keep_memory'}, 'match': True}, 'reference_applied_override_aa': {'source': 'overrides_applied_in_child.anderson_acceleration', 'value': {'enabled': True, 'memory': 5, 'regularization': 1e-10, 'reject_policy': 'keep_memory'}, 'expected': {'enabled': True, 'memory': 5, 'regularization': 1e-10, 'reject_policy': 'keep_memory'}, 'match': True}}
18:19:31 [S45-CMP] gate items: {'capture_path_checklist_all_true': True, 'all_gating_files_present': True, 'zero_genuine_diffs': False, 'scalar_checks_all_match': True, 'aa_checks_all_match': True, 'reference_pins_verified': True, 'solve_profile_guard_verified_0': True}
18:19:31 [S45-CMP] guard {'permitted_solve': 0, 'permitted_exec': 0, 'blocked_solve': 0, 'blocked_exec': 0} verify0_failures=[]
18:19:31 [S45-CMP] wrote data/SRP1/Results/P515S45/reverify_aa_c_star_compare/compare.json
18:19:31 [S45-CMP] GATE FAIL
