16:46:20 [S45-REVERIFY] preconditions passed; spec data/SRP1/Results/P515S45/reverify_aa_c_star/campaign_spec_s45_reverify_aa_c_star_4a214b99.json sha256=4a214b99df34e58791d31d842f2ad6c5293f83e82064d52320934b6d32b6e58d; git HEAD 25470496b5a512ad46c17e9dce5581fc14d7bfc9 (spec frozen at b5629311c092863c78cc508eaf34676382ac9f83)
16:46:20 [S45-REVERIFY] campaign lock acquired: {'pid': 15734, 'campaign_id': 's45_reverify_aa_c_star', 'campaign_spec_sha256': '4a214b99df34e58791d31d842f2ad6c5293f83e82064d52320934b6d32b6e58d', 'started_utc': '2026-09-19T16:46:20.907734+00:00'}
16:46:20 [S44-HARNESS] launched c_star_aa_case_file (key 578636daa6d6360d) pid=15745
16:46:20 [S44-HARNESS] heartbeat c_star_aa_case_file: 0s cycle=None
16:47:20 [S44-HARNESS] heartbeat c_star_aa_case_file: 60s cycle=None
16:48:21 [S44-HARNESS] heartbeat c_star_aa_case_file: 120s cycle=2
16:49:21 [S44-HARNESS] heartbeat c_star_aa_case_file: 180s cycle=4
16:50:21 [S44-HARNESS] heartbeat c_star_aa_case_file: 240s cycle=6
16:51:21 [S44-HARNESS] heartbeat c_star_aa_case_file: 300s cycle=7
16:52:21 [S44-HARNESS] heartbeat c_star_aa_case_file: 361s cycle=9
16:53:21 [S44-HARNESS] heartbeat c_star_aa_case_file: 421s cycle=10
16:54:21 [S44-HARNESS] heartbeat c_star_aa_case_file: 481s cycle=12
16:55:21 [S44-HARNESS] heartbeat c_star_aa_case_file: 541s cycle=13
16:56:21 [S44-HARNESS] heartbeat c_star_aa_case_file: 601s cycle=15
16:57:22 [S44-HARNESS] heartbeat c_star_aa_case_file: 661s cycle=17
16:58:22 [S44-HARNESS] heartbeat c_star_aa_case_file: 721s cycle=19
16:59:22 [S44-HARNESS] heartbeat c_star_aa_case_file: 781s cycle=20
17:00:22 [S44-HARNESS] heartbeat c_star_aa_case_file: 841s cycle=22
17:01:22 [S44-HARNESS] heartbeat c_star_aa_case_file: 902s cycle=24
17:02:22 [S44-HARNESS] heartbeat c_star_aa_case_file: 962s cycle=26
17:03:22 [S44-HARNESS] heartbeat c_star_aa_case_file: 1022s cycle=28
17:04:22 [S44-HARNESS] heartbeat c_star_aa_case_file: 1082s cycle=29
17:05:22 [S44-HARNESS] heartbeat c_star_aa_case_file: 1142s cycle=31
17:06:23 [S44-HARNESS] heartbeat c_star_aa_case_file: 1202s cycle=33
17:07:23 [S44-HARNESS] heartbeat c_star_aa_case_file: 1262s cycle=35
17:08:23 [S44-HARNESS] heartbeat c_star_aa_case_file: 1322s cycle=37
17:09:23 [S44-HARNESS] heartbeat c_star_aa_case_file: 1382s cycle=39
17:10:23 [S44-HARNESS] heartbeat c_star_aa_case_file: 1443s cycle=41
17:11:23 [S44-HARNESS] heartbeat c_star_aa_case_file: 1503s cycle=43
17:12:23 [S44-HARNESS] heartbeat c_star_aa_case_file: 1563s cycle=45
17:13:23 [S44-HARNESS] heartbeat c_star_aa_case_file: 1623s cycle=48
17:14:23 [S44-HARNESS] heartbeat c_star_aa_case_file: 1683s cycle=50
17:15:24 [S44-HARNESS] heartbeat c_star_aa_case_file: 1743s cycle=52
17:16:24 [S44-HARNESS] heartbeat c_star_aa_case_file: 1803s cycle=54
17:17:24 [S44-HARNESS] heartbeat c_star_aa_case_file: 1863s cycle=56
17:18:24 [S44-HARNESS] heartbeat c_star_aa_case_file: 1923s cycle=58
17:19:24 [S44-HARNESS] heartbeat c_star_aa_case_file: 1984s cycle=60
17:20:24 [S44-HARNESS] heartbeat c_star_aa_case_file: 2044s cycle=63
17:21:24 [S44-HARNESS] heartbeat c_star_aa_case_file: 2104s cycle=65
17:22:24 [S44-HARNESS] heartbeat c_star_aa_case_file: 2164s cycle=67
17:23:24 [S44-HARNESS] heartbeat c_star_aa_case_file: 2224s cycle=69
17:24:25 [S44-HARNESS] heartbeat c_star_aa_case_file: 2284s cycle=71
17:25:25 [S44-HARNESS] heartbeat c_star_aa_case_file: 2344s cycle=73
17:26:25 [S44-HARNESS] heartbeat c_star_aa_case_file: 2404s cycle=76
17:27:25 [S44-HARNESS] heartbeat c_star_aa_case_file: 2464s cycle=78
17:28:25 [S44-HARNESS] heartbeat c_star_aa_case_file: 2525s cycle=80
17:29:25 [S44-HARNESS] heartbeat c_star_aa_case_file: 2585s cycle=82
17:30:25 [S44-HARNESS] heartbeat c_star_aa_case_file: 2645s cycle=84
17:31:25 [S44-HARNESS] heartbeat c_star_aa_case_file: 2705s cycle=86
17:32:25 [S44-HARNESS] heartbeat c_star_aa_case_file: 2765s cycle=89
17:33:26 [S44-HARNESS] heartbeat c_star_aa_case_file: 2825s cycle=91
17:34:26 [S44-HARNESS] heartbeat c_star_aa_case_file: 2885s cycle=93
17:35:26 [S44-HARNESS] heartbeat c_star_aa_case_file: 2945s cycle=95
17:36:26 [S44-HARNESS] heartbeat c_star_aa_case_file: 3005s cycle=97
17:37:26 [S44-HARNESS] heartbeat c_star_aa_case_file: 3066s cycle=99
17:38:26 [S44-HARNESS] heartbeat c_star_aa_case_file: 3126s cycle=102
17:39:26 [S44-HARNESS] heartbeat c_star_aa_case_file: 3186s cycle=104
17:40:26 [S44-HARNESS] heartbeat c_star_aa_case_file: 3246s cycle=106
17:40:46 [S44-HARNESS] finished c_star_aa_case_file pid=15745 exit=0 status=certified wall=3266s
17:40:46 [S45-REVERIFY] campaign lock released
17:40:46 [S45-REVERIFY] c_star_aa_case_file: status=certified cycles=107 cert_cycle=107 cost=650982939.9389359 aa_actions={'insufficient memory (m_k=0)': 6, 'accepted': 46, 'rejected (safeguard; memory retained)': 45, 'off (all channels within Boyd tolerance)': 10}
17:40:46 [S45-REVERIFY] parent guard {'permitted_solve': 0, 'permitted_exec': 0, 'blocked_solve': 0, 'blocked_exec': 0} verify0_failures=[]
17:40:46 [S45-REVERIFY] OK
