[2026-09-29T21:09:23.826337+00:00] arms read; best starts {'price_taker': 'warm_from_certified', 'passive': 'perturbed'}
[2026-09-29T21:09:24.743974+00:00] F2: margin gross 103578.54, Q_cc 112885.66, bar 27703.27 -> stands / stands
[2026-09-29T21:09:24.819035+00:00] certified_models.pkl sha256 verified 99ab1070b0e61cc7818975ce898069d2060d2668bae67c166b58913e9923c33a; esso_models_s39_D.pkl 118487e1853bbad176f324b1173df8c4198cb6c7709c25d7dce9f94ce4c199fa
[2026-09-29T21:09:37.365647+00:00] baseline planning loaded
[2026-09-29T21:09:44.269510+00:00] certified models unpickled
[2026-09-29T21:09:44.805561+00:00] validation: TSO 12/12 bitwise, max 0.0; total - Q181 2.384185791015625e-07; in-run capture 48/48 bitwise, max 0.0; passed True
[2026-09-29T21:09:44.841412+00:00] wrote /Users/micaelsimoes/Projects/share-resource-planning-no_esso-degradation/data/SRP1/Results/P515S53/w130_benchmark_addendum/w130_benchmark_addendum.json sha256 bb71dee7b639f6246a05e4ee024a77c9a5eea167dc63118a53d99d8f70d70d63
[2026-09-29T21:09:44.841442+00:00] --- price_taker (best start warm_from_certified) vs coordinated, EUR weighted; benefit = arm - coordinated ---
[2026-09-29T21:09:44.841463+00:00] block                     TSO            DSO_5            DSO_7            DSO_9           total |          b_TSO        b_DSO_5        b_DSO_7        b_DSO_9         b_total     band_DSO
[2026-09-29T21:09:44.841483+00:00] 2025|Winter       77746245.68       2404149.06       2506957.13       2751168.60     85408520.47 |     1528415.83      233430.07      311065.41      233651.83      2306563.13       0.0000
[2026-09-29T21:09:44.841498+00:00] 2025|Spring       38081968.88       9405770.95      10080801.18      10940148.59     68508689.60 |     4576508.87      -28107.78      -13070.70      -21744.20      4513586.19       0.0000
[2026-09-29T21:09:44.841513+00:00] 2025|Summer       57359809.44       7863299.73       8450846.04       9523229.74     83197184.94 |     1157889.95       -6766.85       -8839.92      -46004.42      1096278.76       0.0000
[2026-09-29T21:09:44.841526+00:00] 2025|Autumn       74033978.46        939935.68        980321.64       1082759.67     77036995.45 |      111584.88           0.00     -108783.64          -0.00         2801.24       0.0000
[2026-09-29T21:09:44.841538+00:00] 2030|Winter       40878476.03       1907799.87       1536341.46       2216797.62     46539414.98 |     5513284.84      742871.21      713719.09      806014.45      7775889.59       0.0000
[2026-09-29T21:09:44.841552+00:00] 2030|Spring       24149996.01      10932656.00      10646598.71      12748960.28     58478211.01 |     9015330.28     1176536.09     1250882.00     1411052.42     12853800.79       0.0000
[2026-09-29T21:09:44.841570+00:00] 2030|Summer       43703348.51       8881747.22       9097839.57      10505164.00     72188099.30 |    12089922.69      174203.40       41647.02       96946.08     12402719.19       0.0000
[2026-09-29T21:09:44.841586+00:00] 2030|Autumn       27579338.43        387139.81        338666.12        364663.16     28669807.52 |     3014670.13     -344131.76     -124450.06     -464058.56      2082029.75       0.0000
[2026-09-29T21:09:44.841599+00:00] 2035|Winter       38193643.13       1131260.10       1083694.35       1245476.96     41654074.54 |     5687110.64      206013.73      489824.02      207676.97      6590625.36       0.0000
[2026-09-29T21:09:44.841611+00:00] 2035|Spring       33704695.82      13053280.62      13547766.00      14185495.10     74491237.54 |    14322821.06     3206479.36     3283609.23     2419761.28     23232670.94       0.0000
[2026-09-29T21:09:44.841626+00:00] 2035|Summer       30300440.37      11666135.07      12410334.72      13536655.26     67913565.42 |     7675807.35      627961.15     1000443.69      521210.07      9825422.26       0.0000
[2026-09-29T21:09:44.841638+00:00] 2035|Autumn       30100358.02       3529138.67       3007411.51       4047601.61     40684509.81 |     5473241.55      956994.79      769134.40     1014850.46      8214221.19       0.0035
[2026-09-29T21:09:44.841652+00:00] TOTAL            515832298.77      72102312.78      73687578.43      83148120.59    744770310.59 |    70166588.06     6945483.42     7605180.54     6179356.38     90896608.40
[2026-09-29T21:09:44.841671+00:00] --- passive (best start perturbed) vs coordinated, EUR weighted; benefit = arm - coordinated ---
[2026-09-29T21:09:44.841680+00:00] block                     TSO            DSO_5            DSO_7            DSO_9           total |          b_TSO        b_DSO_5        b_DSO_7        b_DSO_9         b_total     band_DSO
[2026-09-29T21:09:44.841694+00:00] 2025|Winter       85382185.53          -378.49          -378.49          -378.49     85381050.05 |     9164355.68    -2171097.49    -2196270.22    -2517895.26      2279092.71       0.0000
[2026-09-29T21:09:44.841706+00:00] 2025|Spring      101124056.14          -382.65          -382.65          -382.65    101122908.19 |    67618596.14    -9434261.38   -10094254.54   -10962275.44     37127804.78       0.0000
[2026-09-29T21:09:44.841718+00:00] 2025|Summer       97986231.33          -378.49          -378.49          -378.49     97985095.85 |    41784311.84    -7870445.07    -8460064.45    -9569612.65     15884189.67       0.0000
[2026-09-29T21:09:44.841728+00:00] 2025|Autumn       77779837.57          -378.49          -378.49          -378.49     77778702.09 |     3857443.99     -940314.17    -1089483.77    -1083138.17       744507.88       0.0000
[2026-09-29T21:09:44.841764+00:00] 2030|Winter       41496510.25          -342.81          -342.81          -342.81     41495481.81 |     6131319.06    -1165271.47     -822965.18    -1411125.99      2731956.42       0.0000
[2026-09-29T21:09:44.841777+00:00] 2030|Spring       85000017.76          -346.58          -346.58          -346.58     84998978.02 |    69865352.02    -9756466.50    -9396063.29   -11338254.44     39374567.80       0.0000
[2026-09-29T21:09:44.841787+00:00] 2030|Summer       87474012.05          -342.81          -342.81          -342.81     87472983.61 |    55860586.23    -8707886.63    -9056535.37   -10408560.73     27687603.50       0.0000
[2026-09-29T21:09:44.841797+00:00] 2030|Autumn       29253461.16          -342.81          -342.81          -342.81     29252432.72 |     4688792.86     -731614.39     -463459.00     -829064.53      2664654.94       0.0000
[2026-09-29T21:09:44.841809+00:00] 2035|Winter       38878805.71          -310.50          -310.50          -310.50     38877874.22 |     6372273.22     -925556.87     -594180.83    -1038110.49      3814425.04       0.0000
[2026-09-29T21:09:44.841819+00:00] 2035|Spring      113871735.36          -313.91          -313.91          -313.91    113870793.64 |    94489860.61    -9847115.17   -10264470.68   -11766047.73     62612227.04       0.0000
[2026-09-29T21:09:44.841830+00:00] 2035|Summer       99530855.50          -310.50          -310.50          -310.50     99529924.01 |    76906222.47   -11038484.42   -11410201.52   -13015755.68     41441780.84       0.0000
[2026-09-29T21:09:44.841840+00:00] 2035|Autumn       37284625.77          -310.50          -310.50          -310.50     37283694.28 |    12657509.30    -2572454.37    -2238587.61    -3033061.65      4813405.67       0.0000
[2026-09-29T21:09:44.841852+00:00] TOTAL            895062334.14         -4138.55         -4138.55         -4138.55    895049918.47 |   449396623.42   -65160967.92   -66086536.45   -76972902.77    241176216.28
[2026-09-29T21:09:44.841859+00:00] --- coordinated (Q181 models) ---
[2026-09-29T21:09:44.841868+00:00] 2025|Winter       76217829.85       2170719.00       2195891.72       2517516.77     83101957.34
[2026-09-29T21:09:44.841876+00:00] 2025|Spring       33505460.01       9433878.73      10093871.88      10961892.79     63995103.41
[2026-09-29T21:09:44.841885+00:00] 2025|Summer       56201919.49       7870066.57       8459685.96       9569234.16     82100906.18
[2026-09-29T21:09:44.841892+00:00] 2025|Autumn       73922393.58        939935.68       1089105.28       1082759.68     77034194.21
[2026-09-29T21:09:44.841902+00:00] 2030|Winter       35365191.19       1164928.65        822622.37       1410783.18     38763525.39
[2026-09-29T21:09:44.841913+00:00] 2030|Spring       15134665.74       9756119.92       9395716.70      11337907.86     45624410.22
[2026-09-29T21:09:44.841921+00:00] 2030|Summer       31613425.82       8707543.82       9056192.55      10408217.92     59785380.11
[2026-09-29T21:09:44.841929+00:00] 2030|Autumn       24564668.30        731271.57        463116.18        828721.72     26587777.77
[2026-09-29T21:09:44.841939+00:00] 2035|Winter       32506532.48        925246.37        593870.33       1037799.99     35063449.18
[2026-09-29T21:09:44.841948+00:00] 2035|Spring       19381874.76       9846801.26      10264156.77      11765733.82     51258566.60
[2026-09-29T21:09:44.841958+00:00] 2035|Summer       22624633.03      11038173.93      11409891.03      13015445.18     58088143.17
[2026-09-29T21:09:44.841966+00:00] 2035|Autumn       24627116.47       2572143.88       2238277.11       3032751.15     32470288.61
[2026-09-29T21:09:44.841976+00:00] TOTAL            445665710.71      65156829.37      66082397.90      76968764.21    653873702.19
[2026-09-29T21:09:44.842019+00:00] band totals {"price_taker": {"sum_of_per_block_bands": 0.0035827213432639837, "spread_of_total_DSO_over_starts": 0.0035255849361419678, "total_DSO_per_start": {"cold": 228938011.81676063, "warm_from_certified": 228938011.81323504, "perturbed": 228938011.8167584}, "Q_per_start": {"cold": 744770310.5914063, "warm_from_certified": 744770310.5871649, "perturbed": 744770310.5913205}, "Q_band": 0.004241466522216797}, "passive": {"sum_of_per_block_bands": 1.3242242857813835e-08, "spread_of_total_DSO_over_starts": 1.3242242857813835e-08, "total_DSO_per_start": {"cold": -12415.6646101442, "warm_from_certified": -12415.664610130958, "perturbed": -12415.664610130958}, "Q_per_start": {"cold": 895075723.4620011, "warm_from_certified": 895049918.5052519, "perturbed": 895049918.4715933}, "Q_band": 25804.990407824516}}
[2026-09-29T21:09:44.842047+00:00] two blocks 2025|Winter: B 2306563.13 bands {'price_taker (primary)': 3.5762786865234375e-07, 'passive': 0.0, 'max_of_both': 3.5762786865234375e-07} verdicts {'price_taker (primary)': 'beyond_band_positive', 'passive': 'beyond_band_positive', 'max_of_both': 'beyond_band_positive'} dso-only 778147.30 {'price_taker (primary)': 'beyond_band_positive', 'passive': 'beyond_band_positive', 'max_of_both': 'beyond_band_positive'}; coordinated window range {"block_total": 3.532838314771652, "per_agent": {"TSO": 210.27334624528885, "DSO_5": 128.61070511862636, "DSO_7": 376.4241037843749, "DSO_9": 461.6195832295343}}; terminal step -0.0774
[2026-09-29T21:09:44.842065+00:00] two blocks 2025|Autumn: B 2801.24 bands {'price_taker (primary)': 1.0561197996139526e-06, 'passive': 0.0, 'max_of_both': 1.0561197996139526e-06} verdicts {'price_taker (primary)': 'beyond_band_positive', 'passive': 'beyond_band_positive', 'max_of_both': 'beyond_band_positive'} dso-only -108783.64 {'price_taker (primary)': 'beyond_band_negative', 'passive': 'beyond_band_negative', 'max_of_both': 'beyond_band_negative'}; coordinated window range {"block_total": 0.605097696185112, "per_agent": {"TSO": 0.6052577197551727, "DSO_5": 3.350316546857357e-06, "DSO_7": 0.00016498169861733913, "DSO_9": 1.609092578291893e-06}}; terminal step -0.0121
[2026-09-29T21:09:44.842075+00:00] negative total-benefit blocks {'price_taker': {}, 'passive': {}}; min {'price_taker': (2801.2423056772677, '2025|Autumn'), 'passive': (744507.8799867944, '2025|Autumn')}
[2026-09-29T21:09:44.842089+00:00] F2 {"margin_gross": 103578.54433846474, "margin_Q_cc": 112885.65556526184, "gap": 9234.42442202568, "slack": 1461.4875311851501, "bar": 27703.27326607704, "verdict_gross": "stands", "verdict_Q_cc": "stands"}
[2026-09-29T21:09:44.842101+00:00] guard verify(0) []; counts {'permitted_solve': 0, 'permitted_exec': 0, 'blocked_solve': 0, 'blocked_exec': 0}; wall 21.5 s
