16:27:04 [W93 +     0.2s] P5.15 Addendum 49 W93 -- uncoordinated benchmark: three arms, fixed interface, common Q -- arm_price_taker_warm_from_certified (solve stage: True); output data/SRP1/Results/P515S53/w106_uncoordinated_settled/arm_price_taker_warm_from_certified
16:27:18 [W93 +    13.7s] unpickling data/SRP1/Results/P515S53/w101_srp1_continuation/campaign_s53_w101_srp1_cont_x0/evals/d110bd1a5977df1e_x0/certified_models.pkl (sha256 verified 99ab1070)
16:27:25 [W93 +    20.8s] unpickling data/SRP1/Results/P515S53/w101_srp1_continuation/campaign_s53_w101_srp1_cont_x0/evals/d110bd1a5977df1e_x0/esso_models_s39_D.pkl (sha256 verified 118487e1)
16:27:27 [W93 +    23.4s] capture-path checklist at arm_price_taker_warm_from_certified (before any solve): 95 items, all True
[INFO] 			 - Running SMOPF, Network case33_1, 2025, Spring...
16:27:35 [W93 +    31.5s] solve    1  price_taker:warm_from_certified:dso DSO|5|2025|Spring        ok iter 40 attempts 1 0.4s
[INFO] 			 - Running SMOPF, Network case33_1, 2025, Summer...
16:27:36 [W93 +    31.9s] solve    2  price_taker:warm_from_certified:dso DSO|5|2025|Summer        ok iter 42 attempts 1 0.4s
[INFO] 			 - Running SMOPF, Network case33_1, 2025, Autumn...
16:27:36 [W93 +    32.4s] solve    3  price_taker:warm_from_certified:dso DSO|5|2025|Autumn        ok iter 40 attempts 1 0.4s
[INFO] 			 - Running SMOPF, Network case33_1, 2025, Winter...
16:27:37 [W93 +    32.8s] solve    4  price_taker:warm_from_certified:dso DSO|5|2025|Winter        ok iter 43 attempts 1 0.4s
[INFO] 			 - Running SMOPF, Network case33_1, 2030, Spring...
16:27:37 [W93 +    33.3s] solve    5  price_taker:warm_from_certified:dso DSO|5|2030|Spring        ok iter 40 attempts 1 0.4s
[INFO] 			 - Running SMOPF, Network case33_1, 2030, Summer...
16:27:38 [W93 +    33.7s] solve    6  price_taker:warm_from_certified:dso DSO|5|2030|Summer        ok iter 39 attempts 1 0.4s
[INFO] 			 - Running SMOPF, Network case33_1, 2030, Autumn...
16:27:38 [W93 +    34.1s] solve    7  price_taker:warm_from_certified:dso DSO|5|2030|Autumn        ok iter 39 attempts 1 0.4s
[INFO] 			 - Running SMOPF, Network case33_1, 2030, Winter...
16:27:39 [W93 +    34.6s] solve    8  price_taker:warm_from_certified:dso DSO|5|2030|Winter        ok iter 39 attempts 1 0.4s
[INFO] 			 - Running SMOPF, Network case33_1, 2035, Spring...
16:27:39 [W93 +    35.0s] solve    9  price_taker:warm_from_certified:dso DSO|5|2035|Spring        ok iter 42 attempts 1 0.5s
[INFO] 			 - Running SMOPF, Network case33_1, 2035, Summer...
16:27:39 [W93 +    35.5s] solve   10  price_taker:warm_from_certified:dso DSO|5|2035|Summer        ok iter 43 attempts 1 0.4s
[INFO] 			 - Running SMOPF, Network case33_1, 2035, Autumn...
16:27:40 [W93 +    35.9s] solve   11  price_taker:warm_from_certified:dso DSO|5|2035|Autumn        ok iter 44 attempts 1 0.5s
[INFO] 			 - Running SMOPF, Network case33_1, 2035, Winter...
16:27:40 [W93 +    36.3s] solve   12  price_taker:warm_from_certified:dso DSO|5|2035|Winter        ok iter 39 attempts 1 0.4s
[INFO] 			 - Running SMOPF, Network case33_2, 2025, Spring...
16:27:41 [W93 +    36.8s] solve   13  price_taker:warm_from_certified:dso DSO|7|2025|Spring        ok iter 48 attempts 1 0.5s
[INFO] 			 - Running SMOPF, Network case33_2, 2025, Summer...
16:27:41 [W93 +    37.3s] solve   14  price_taker:warm_from_certified:dso DSO|7|2025|Summer        ok iter 48 attempts 1 0.5s
[INFO] 			 - Running SMOPF, Network case33_2, 2025, Autumn...
16:27:42 [W93 +    37.7s] solve   15  price_taker:warm_from_certified:dso DSO|7|2025|Autumn        ok iter 40 attempts 1 0.4s
[INFO] 			 - Running SMOPF, Network case33_2, 2025, Winter...
16:27:42 [W93 +    38.2s] solve   16  price_taker:warm_from_certified:dso DSO|7|2025|Winter        ok iter 42 attempts 1 0.4s
[INFO] 			 - Running SMOPF, Network case33_2, 2030, Spring...
16:27:43 [W93 +    38.6s] solve   17  price_taker:warm_from_certified:dso DSO|7|2030|Spring        ok iter 44 attempts 1 0.5s
[INFO] 			 - Running SMOPF, Network case33_2, 2030, Summer...
16:27:43 [W93 +    39.1s] solve   18  price_taker:warm_from_certified:dso DSO|7|2030|Summer        ok iter 47 attempts 1 0.5s
[INFO] 			 - Running SMOPF, Network case33_2, 2030, Autumn...
16:27:44 [W93 +    39.5s] solve   19  price_taker:warm_from_certified:dso DSO|7|2030|Autumn        ok iter 39 attempts 1 0.4s
[INFO] 			 - Running SMOPF, Network case33_2, 2030, Winter...
16:27:44 [W93 +    40.0s] solve   20  price_taker:warm_from_certified:dso DSO|7|2030|Winter        ok iter 40 attempts 1 0.4s
[INFO] 			 - Running SMOPF, Network case33_2, 2035, Spring...
16:27:44 [W93 +    40.5s] solve   21  price_taker:warm_from_certified:dso DSO|7|2035|Spring        ok iter 48 attempts 1 0.5s
[INFO] 			 - Running SMOPF, Network case33_2, 2035, Summer...
16:27:45 [W93 +    40.9s] solve   22  price_taker:warm_from_certified:dso DSO|7|2035|Summer        ok iter 47 attempts 1 0.5s
[INFO] 			 - Running SMOPF, Network case33_2, 2035, Autumn...
16:27:45 [W93 +    41.4s] solve   23  price_taker:warm_from_certified:dso DSO|7|2035|Autumn        ok iter 43 attempts 1 0.5s
[INFO] 			 - Running SMOPF, Network case33_2, 2035, Winter...
16:27:46 [W93 +    41.8s] solve   24  price_taker:warm_from_certified:dso DSO|7|2035|Winter        ok iter 41 attempts 1 0.4s
[INFO] 			 - Running SMOPF, Network case33_3, 2025, Spring...
16:27:46 [W93 +    42.3s] solve   25  price_taker:warm_from_certified:dso DSO|9|2025|Spring        ok iter 42 attempts 1 0.4s
[INFO] 			 - Running SMOPF, Network case33_3, 2025, Summer...
16:27:47 [W93 +    42.7s] solve   26  price_taker:warm_from_certified:dso DSO|9|2025|Summer        ok iter 41 attempts 1 0.4s
[INFO] 			 - Running SMOPF, Network case33_3, 2025, Autumn...
16:27:47 [W93 +    43.2s] solve   27  price_taker:warm_from_certified:dso DSO|9|2025|Autumn        ok iter 39 attempts 1 0.4s
[INFO] 			 - Running SMOPF, Network case33_3, 2025, Winter...
16:27:48 [W93 +    43.6s] solve   28  price_taker:warm_from_certified:dso DSO|9|2025|Winter        ok iter 43 attempts 1 0.4s
[INFO] 			 - Running SMOPF, Network case33_3, 2030, Spring...
16:27:48 [W93 +    44.1s] solve   29  price_taker:warm_from_certified:dso DSO|9|2030|Spring        ok iter 44 attempts 1 0.5s
[INFO] 			 - Running SMOPF, Network case33_3, 2030, Summer...
16:27:49 [W93 +    45.3s] solve   30  price_taker:warm_from_certified:dso DSO|9|2030|Summer        ok iter 46 attempts 1 1.2s
[INFO] 			 - Running SMOPF, Network case33_3, 2030, Autumn...
16:27:50 [W93 +    45.8s] solve   31  price_taker:warm_from_certified:dso DSO|9|2030|Autumn        ok iter 39 attempts 1 0.4s
[INFO] 			 - Running SMOPF, Network case33_3, 2030, Winter...
16:27:50 [W93 +    46.2s] solve   32  price_taker:warm_from_certified:dso DSO|9|2030|Winter        ok iter 40 attempts 1 0.4s
[INFO] 			 - Running SMOPF, Network case33_3, 2035, Spring...
16:27:51 [W93 +    46.7s] solve   33  price_taker:warm_from_certified:dso DSO|9|2035|Spring        ok iter 47 attempts 1 0.5s
[INFO] 			 - Running SMOPF, Network case33_3, 2035, Summer...
16:27:51 [W93 +    47.1s] solve   34  price_taker:warm_from_certified:dso DSO|9|2035|Summer        ok iter 43 attempts 1 0.4s
[INFO] 			 - Running SMOPF, Network case33_3, 2035, Autumn...
16:27:52 [W93 +    47.6s] solve   35  price_taker:warm_from_certified:dso DSO|9|2035|Autumn        ok iter 41 attempts 1 0.4s
[INFO] 			 - Running SMOPF, Network case33_3, 2035, Winter...
16:27:52 [W93 +    48.0s] solve   36  price_taker:warm_from_certified:dso DSO|9|2035|Winter        ok iter 42 attempts 1 0.4s
[INFO] 			 - Running SMOPF, Network case9, 2025, Spring...
[WARNING] Network primary solve did not converge for case9, year=2025, day=Spring: status=warning, termination=infeasible, message=Ipopt 3.14.18\x3a Converged to a locally infeasible point. Problem may be infeasible. | warm_start=False
[WARNING] IPOPT primary solve log for case9, year=2025, day=Spring: /Users/micaelsimoes/Projects/share-resource-planning-no_esso-degradation/data/SRP1/Results/P56A/evals/p515s53w106_arm_price_taker_warm_from_certified/logs/optim_log_case9_2025_Spring.log
[INFO] Retrying network solve once for case9, year=2025, day=Spring, cold start, with acceptable_iter=1, acceptable_tol=0.0001, warm_start_init_point=no.
[WARNING] Network recovery solve did not converge for case9, year=2025, day=Spring: status=warning, termination=infeasible, message=Ipopt 3.14.18\x3a Converged to a locally infeasible point. Problem may be infeasible. | warm_start=False
[WARNING] IPOPT recovery solve log for case9, year=2025, day=Spring: /Users/micaelsimoes/Projects/share-resource-planning-no_esso-degradation/data/SRP1/Results/P56A/evals/p515s53w106_arm_price_taker_warm_from_certified/logs/optim_log_case9_2025_Spring_recovery.log
[INFO] Retrying network solve (tier 2: cold, mu_strategy=adaptive) for case9, year=2025, day=Spring, with acceptable_iter=1, acceptable_tol=0.0001, mu_strategy=adaptive, warm_start_init_point=no.
[WARNING] Network tier-2 recovery solve did not converge for case9, year=2025, day=Spring: status=warning, termination=infeasible, message=Ipopt 3.14.18\x3a Converged to a locally infeasible point. Problem may be infeasible. | warm_start=False
[WARNING] IPOPT tier-2 recovery solve log for case9, year=2025, day=Spring: /Users/micaelsimoes/Projects/share-resource-planning-no_esso-degradation/data/SRP1/Results/P56A/evals/p515s53w106_arm_price_taker_warm_from_certified/logs/optim_log_case9_2025_Spring_recovery_tier2.log
16:27:54 [W93 +    49.7s] solve   37  price_taker:warm_from_certified:tso TSO|-|2025|Spring        FAILED iter 192 attempts 3 1.1s
Traceback (most recent call last):
  File "/Users/micaelsimoes/Projects/share-resource-planning-no_esso-degradation/p515_s53_w93_uncoordinated_benchmark.py", line 1952, in main
    code = stage_arm(run_dir, run_id, arm=args.arm, start=args.start,
           ^^^^^^^^^^^^^^^^^^^^^^^^^^^^^^^^^^^^^^^^^^^^^^^^^^^^^^^^^^
  File "/Users/micaelsimoes/Projects/share-resource-planning-no_esso-degradation/p515_s53_w93_uncoordinated_benchmark.py", line 1493, in stage_arm
    arm_out = UB.run_operational_planning_uncoordinated(
              ^^^^^^^^^^^^^^^^^^^^^^^^^^^^^^^^^^^^^^^^^^
  File "/Users/micaelsimoes/Projects/share-resource-planning-no_esso-degradation/uncoordinated_benchmark.py", line 1063, in run_operational_planning_uncoordinated
    tso_results = solve_tso_model(planning_problem, tso_model, phase=f'{arm}:{start}:tso',
                  ^^^^^^^^^^^^^^^^^^^^^^^^^^^^^^^^^^^^^^^^^^^^^^^^^^^^^^^^^^^^^^^^^^^^^^^^
  File "/Users/micaelsimoes/Projects/share-resource-planning-no_esso-degradation/uncoordinated_benchmark.py", line 1012, in solve_tso_model
    results[year][day], _rec = _solve_block(
                               ^^^^^^^^^^^^^
  File "/Users/micaelsimoes/Projects/share-resource-planning-no_esso-degradation/uncoordinated_benchmark.py", line 988, in _solve_block
    raise ArmSolveFailure(f"solve failed: {record['block']} phase {phase}: {record['summary']}", record)
uncoordinated_benchmark.ArmSolveFailure: solve failed: TSO|-|2025|Spring phase price_taker:warm_from_certified:tso: status=warning, termination=infeasible, message=Ipopt 3.14.18\x3a Converged to a locally infeasible point. Problem may be infeasible.
16:27:54 [W93 +    49.8s] arm_price_taker_warm_from_certified: exit 1; guard counts {'permitted_solve': 39, 'permitted_exec': 39, 'blocked_solve': 0, 'blocked_exec': 0}
