16:28:01 [W93 +     0.2s] P5.15 Addendum 49 W93 -- uncoordinated benchmark: three arms, fixed interface, common Q -- arm_price_taker_perturbed (solve stage: True); output data/SRP1/Results/P515S53/w106_uncoordinated_settled/arm_price_taker_perturbed
16:28:15 [W93 +    13.7s] unpickling data/SRP1/Results/P515S53/w101_srp1_continuation/campaign_s53_w101_srp1_cont_x0/evals/d110bd1a5977df1e_x0/certified_models.pkl (sha256 verified 99ab1070)
16:28:22 [W93 +    20.7s] unpickling data/SRP1/Results/P515S53/w101_srp1_continuation/campaign_s53_w101_srp1_cont_x0/evals/d110bd1a5977df1e_x0/esso_models_s39_D.pkl (sha256 verified 118487e1)
16:28:24 [W93 +    23.3s] capture-path checklist at arm_price_taker_perturbed (before any solve): 95 items, all True
[INFO] 			 - Running SMOPF, Network case33_1, 2025, Spring...
16:28:33 [W93 +    32.5s] solve    1            price_taker:perturbed:dso DSO|5|2025|Spring        ok iter 69 attempts 1 0.6s
[INFO] 			 - Running SMOPF, Network case33_1, 2025, Summer...
16:28:34 [W93 +    33.0s] solve    2            price_taker:perturbed:dso DSO|5|2025|Summer        ok iter 52 attempts 1 0.5s
[INFO] 			 - Running SMOPF, Network case33_1, 2025, Autumn...
16:28:34 [W93 +    33.5s] solve    3            price_taker:perturbed:dso DSO|5|2025|Autumn        ok iter 47 attempts 1 0.5s
[INFO] 			 - Running SMOPF, Network case33_1, 2025, Winter...
16:28:35 [W93 +    34.1s] solve    4            price_taker:perturbed:dso DSO|5|2025|Winter        ok iter 68 attempts 1 0.6s
[INFO] 			 - Running SMOPF, Network case33_1, 2030, Spring...
16:28:36 [W93 +    34.6s] solve    5            price_taker:perturbed:dso DSO|5|2030|Spring        ok iter 55 attempts 1 0.5s
[INFO] 			 - Running SMOPF, Network case33_1, 2030, Summer...
16:28:36 [W93 +    35.2s] solve    6            price_taker:perturbed:dso DSO|5|2030|Summer        ok iter 55 attempts 1 0.5s
[INFO] 			 - Running SMOPF, Network case33_1, 2030, Autumn...
16:28:37 [W93 +    35.7s] solve    7            price_taker:perturbed:dso DSO|5|2030|Autumn        ok iter 58 attempts 1 0.5s
[INFO] 			 - Running SMOPF, Network case33_1, 2030, Winter...
16:28:38 [W93 +    36.6s] solve    8            price_taker:perturbed:dso DSO|5|2030|Winter        ok iter 122 attempts 1 0.9s
[INFO] 			 - Running SMOPF, Network case33_1, 2035, Spring...
16:28:38 [W93 +    37.1s] solve    9            price_taker:perturbed:dso DSO|5|2035|Spring        ok iter 51 attempts 1 0.5s
[INFO] 			 - Running SMOPF, Network case33_1, 2035, Summer...
16:28:39 [W93 +    37.7s] solve   10            price_taker:perturbed:dso DSO|5|2035|Summer        ok iter 54 attempts 1 0.5s
[INFO] 			 - Running SMOPF, Network case33_1, 2035, Autumn...
16:28:39 [W93 +    38.1s] solve   11            price_taker:perturbed:dso DSO|5|2035|Autumn        ok iter 50 attempts 1 0.5s
[INFO] 			 - Running SMOPF, Network case33_1, 2035, Winter...
16:28:40 [W93 +    38.6s] solve   12            price_taker:perturbed:dso DSO|5|2035|Winter        ok iter 48 attempts 1 0.5s
[INFO] 			 - Running SMOPF, Network case33_2, 2025, Spring...
16:28:40 [W93 +    39.4s] solve   13            price_taker:perturbed:dso DSO|7|2025|Spring        ok iter 87 attempts 1 0.7s
[INFO] 			 - Running SMOPF, Network case33_2, 2025, Summer...
16:28:42 [W93 +    40.6s] solve   14            price_taker:perturbed:dso DSO|7|2025|Summer        ok iter 158 attempts 1 1.2s
[INFO] 			 - Running SMOPF, Network case33_2, 2025, Autumn...
16:28:43 [W93 +    41.8s] solve   15            price_taker:perturbed:dso DSO|7|2025|Autumn        ok iter 169 attempts 1 1.2s
[INFO] 			 - Running SMOPF, Network case33_2, 2025, Winter...
16:28:44 [W93 +    43.4s] solve   16            price_taker:perturbed:dso DSO|7|2025|Winter        ok iter 188 attempts 1 1.5s
[INFO] 			 - Running SMOPF, Network case33_2, 2030, Spring...
16:28:45 [W93 +    44.4s] solve   17            price_taker:perturbed:dso DSO|7|2030|Spring        ok iter 140 attempts 1 1.0s
[INFO] 			 - Running SMOPF, Network case33_2, 2030, Summer...
16:28:46 [W93 +    45.4s] solve   18            price_taker:perturbed:dso DSO|7|2030|Summer        ok iter 136 attempts 1 1.0s
[INFO] 			 - Running SMOPF, Network case33_2, 2030, Autumn...
16:28:47 [W93 +    46.1s] solve   19            price_taker:perturbed:dso DSO|7|2030|Autumn        ok iter 82 attempts 1 0.7s
[INFO] 			 - Running SMOPF, Network case33_2, 2030, Winter...
16:28:48 [W93 +    47.2s] solve   20            price_taker:perturbed:dso DSO|7|2030|Winter        ok iter 158 attempts 1 1.1s
[INFO] 			 - Running SMOPF, Network case33_2, 2035, Spring...
16:28:50 [W93 +    48.8s] solve   21            price_taker:perturbed:dso DSO|7|2035|Spring        ok iter 198 attempts 1 1.6s
[INFO] 			 - Running SMOPF, Network case33_2, 2035, Summer...
16:28:50 [W93 +    49.5s] solve   22            price_taker:perturbed:dso DSO|7|2035|Summer        ok iter 80 attempts 1 0.7s
[INFO] 			 - Running SMOPF, Network case33_2, 2035, Autumn...
16:28:51 [W93 +    50.0s] solve   23            price_taker:perturbed:dso DSO|7|2035|Autumn        ok iter 67 attempts 1 0.6s
[INFO] 			 - Running SMOPF, Network case33_2, 2035, Winter...
16:28:52 [W93 +    50.9s] solve   24            price_taker:perturbed:dso DSO|7|2035|Winter        ok iter 96 attempts 1 0.8s
[INFO] 			 - Running SMOPF, Network case33_3, 2025, Spring...
16:28:52 [W93 +    51.4s] solve   25            price_taker:perturbed:dso DSO|9|2025|Spring        ok iter 52 attempts 1 0.5s
[INFO] 			 - Running SMOPF, Network case33_3, 2025, Summer...
16:28:55 [W93 +    53.7s] solve   26            price_taker:perturbed:dso DSO|9|2025|Summer        ok iter 279 attempts 1 2.3s
[INFO] 			 - Running SMOPF, Network case33_3, 2025, Autumn...
16:28:55 [W93 +    54.5s] solve   27            price_taker:perturbed:dso DSO|9|2025|Autumn        ok iter 102 attempts 1 0.8s
[INFO] 			 - Running SMOPF, Network case33_3, 2025, Winter...
16:28:56 [W93 +    55.0s] solve   28            price_taker:perturbed:dso DSO|9|2025|Winter        ok iter 58 attempts 1 0.6s
[INFO] 			 - Running SMOPF, Network case33_3, 2030, Spring...
16:28:57 [W93 +    55.8s] solve   29            price_taker:perturbed:dso DSO|9|2030|Spring        ok iter 101 attempts 1 0.8s
[INFO] 			 - Running SMOPF, Network case33_3, 2030, Summer...
16:28:58 [W93 +    57.3s] solve   30            price_taker:perturbed:dso DSO|9|2030|Summer        ok iter 75 attempts 1 1.4s
[INFO] 			 - Running SMOPF, Network case33_3, 2030, Autumn...
16:28:59 [W93 +    58.2s] solve   31            price_taker:perturbed:dso DSO|9|2030|Autumn        ok iter 122 attempts 1 0.9s
[INFO] 			 - Running SMOPF, Network case33_3, 2030, Winter...
16:29:00 [W93 +    59.2s] solve   32            price_taker:perturbed:dso DSO|9|2030|Winter        ok iter 128 attempts 1 1.0s
[INFO] 			 - Running SMOPF, Network case33_3, 2035, Spring...
[WARNING] Network primary solve did not converge for case33_3, year=2035, day=Spring: status=warning, termination=maxIterations, message=Ipopt 3.14.18\x3a Maximum Number of Iterations Exceeded. | warm_start=False
[WARNING] IPOPT primary solve log for case33_3, year=2035, day=Spring: /Users/micaelsimoes/Projects/share-resource-planning-no_esso-degradation/data/SRP1/Results/P56A/evals/p515s53w106_arm_price_taker_perturbed/logs/optim_log_case33_3_2035_Spring.log
[INFO] Retrying network solve once for case33_3, year=2035, day=Spring, cold start, with warm_start_init_point=no.
[WARNING] Network recovery solve did not converge for case33_3, year=2035, day=Spring: status=warning, termination=maxIterations, message=Ipopt 3.14.18\x3a Maximum Number of Iterations Exceeded. | warm_start=False
[WARNING] IPOPT recovery solve log for case33_3, year=2035, day=Spring: /Users/micaelsimoes/Projects/share-resource-planning-no_esso-degradation/data/SRP1/Results/P56A/evals/p515s53w106_arm_price_taker_perturbed/logs/optim_log_case33_3_2035_Spring_recovery.log
[INFO] Retrying network solve (tier 2: cold, mu_strategy=adaptive) for case33_3, year=2035, day=Spring, with mu_strategy=adaptive, warm_start_init_point=no.
[INFO] Network tier-2 recovery solve succeeded for case33_3, year=2035, day=Spring.
16:29:09 [W93 +    68.2s] solve   33            price_taker:perturbed:dso DSO|9|2035|Spring        ok iter 85 attempts 3 9.0s
[INFO] 			 - Running SMOPF, Network case33_3, 2035, Summer...
16:29:10 [W93 +    68.8s] solve   34            price_taker:perturbed:dso DSO|9|2035|Summer        ok iter 64 attempts 1 0.6s
[INFO] 			 - Running SMOPF, Network case33_3, 2035, Autumn...
16:29:11 [W93 +    70.3s] solve   35            price_taker:perturbed:dso DSO|9|2035|Autumn        ok iter 184 attempts 1 1.5s
[INFO] 			 - Running SMOPF, Network case33_3, 2035, Winter...
16:29:13 [W93 +    71.7s] solve   36            price_taker:perturbed:dso DSO|9|2035|Winter        ok iter 210 attempts 1 1.4s
[INFO] 			 - Running SMOPF, Network case9, 2025, Spring...
[WARNING] Network primary solve did not converge for case9, year=2025, day=Spring: status=warning, termination=infeasible, message=Ipopt 3.14.18\x3a Converged to a locally infeasible point. Problem may be infeasible. | warm_start=False
[WARNING] IPOPT primary solve log for case9, year=2025, day=Spring: /Users/micaelsimoes/Projects/share-resource-planning-no_esso-degradation/data/SRP1/Results/P56A/evals/p515s53w106_arm_price_taker_perturbed/logs/optim_log_case9_2025_Spring.log
[INFO] Retrying network solve once for case9, year=2025, day=Spring, cold start, with acceptable_iter=1, acceptable_tol=0.0001, warm_start_init_point=no.
[WARNING] Network recovery solve did not converge for case9, year=2025, day=Spring: status=warning, termination=infeasible, message=Ipopt 3.14.18\x3a Converged to a locally infeasible point. Problem may be infeasible. | warm_start=False
[WARNING] IPOPT recovery solve log for case9, year=2025, day=Spring: /Users/micaelsimoes/Projects/share-resource-planning-no_esso-degradation/data/SRP1/Results/P56A/evals/p515s53w106_arm_price_taker_perturbed/logs/optim_log_case9_2025_Spring_recovery.log
[INFO] Retrying network solve (tier 2: cold, mu_strategy=adaptive) for case9, year=2025, day=Spring, with acceptable_iter=1, acceptable_tol=0.0001, mu_strategy=adaptive, warm_start_init_point=no.
[WARNING] Network tier-2 recovery solve did not converge for case9, year=2025, day=Spring: status=warning, termination=infeasible, message=Ipopt 3.14.18\x3a Converged to a locally infeasible point. Problem may be infeasible. | warm_start=False
[WARNING] IPOPT tier-2 recovery solve log for case9, year=2025, day=Spring: /Users/micaelsimoes/Projects/share-resource-planning-no_esso-degradation/data/SRP1/Results/P56A/evals/p515s53w106_arm_price_taker_perturbed/logs/optim_log_case9_2025_Spring_recovery_tier2.log
16:29:14 [W93 +    73.3s] solve   37            price_taker:perturbed:tso TSO|-|2025|Spring        FAILED iter 103 attempts 3 0.9s
Traceback (most recent call last):
  File "/Users/micaelsimoes/Projects/share-resource-planning-no_esso-degradation/p515_s53_w93_uncoordinated_benchmark.py", line 1952, in main
    code = stage_arm(run_dir, run_id, arm=args.arm, start=args.start,
           ^^^^^^^^^^^^^^^^^^^^^^^^^^^^^^^^^^^^^^^^^^^^^^^^^^^^^^^^^^
  File "/Users/micaelsimoes/Projects/share-resource-planning-no_esso-degradation/p515_s53_w93_uncoordinated_benchmark.py", line 1493, in stage_arm
    arm_out = UB.run_operational_planning_uncoordinated(
              ^^^^^^^^^^^^^^^^^^^^^^^^^^^^^^^^^^^^^^^^^^
  File "/Users/micaelsimoes/Projects/share-resource-planning-no_esso-degradation/uncoordinated_benchmark.py", line 1063, in run_operational_planning_uncoordinated
    tso_results = solve_tso_model(planning_problem, tso_model, phase=f'{arm}:{start}:tso',
                  ^^^^^^^^^^^^^^^^^^^^^^^^^^^^^^^^^^^^^^^^^^^^^^^^^^^^^^^^^^^^^^^^^^^^^^^^
  File "/Users/micaelsimoes/Projects/share-resource-planning-no_esso-degradation/uncoordinated_benchmark.py", line 1012, in solve_tso_model
    results[year][day], _rec = _solve_block(
                               ^^^^^^^^^^^^^
  File "/Users/micaelsimoes/Projects/share-resource-planning-no_esso-degradation/uncoordinated_benchmark.py", line 988, in _solve_block
    raise ArmSolveFailure(f"solve failed: {record['block']} phase {phase}: {record['summary']}", record)
uncoordinated_benchmark.ArmSolveFailure: solve failed: TSO|-|2025|Spring phase price_taker:perturbed:tso: status=warning, termination=infeasible, message=Ipopt 3.14.18\x3a Converged to a locally infeasible point. Problem may be infeasible.
16:29:14 [W93 +    73.4s] arm_price_taker_perturbed: exit 1; guard counts {'permitted_solve': 41, 'permitted_exec': 41, 'blocked_solve': 0, 'blocked_exec': 0}
