16:24:07 [W93 +     0.2s] P5.15 Addendum 49 W93 -- uncoordinated benchmark: three arms, fixed interface, common Q -- arm_passive_warm_from_certified (solve stage: True); output data/SRP1/Results/P515S53/w106_uncoordinated_settled/arm_passive_warm_from_certified
16:24:21 [W93 +    14.8s] unpickling data/SRP1/Results/P515S53/w101_srp1_continuation/campaign_s53_w101_srp1_cont_x0/evals/d110bd1a5977df1e_x0/certified_models.pkl (sha256 verified 99ab1070)
16:24:28 [W93 +    21.8s] unpickling data/SRP1/Results/P515S53/w101_srp1_continuation/campaign_s53_w101_srp1_cont_x0/evals/d110bd1a5977df1e_x0/esso_models_s39_D.pkl (sha256 verified 118487e1)
16:24:31 [W93 +    24.5s] capture-path checklist at arm_passive_warm_from_certified (before any solve): 95 items, all True
[INFO] 			 - Running SMOPF, Network case33_1, 2025, Spring...
16:24:39 [W93 +    32.9s] solve    1      passive:warm_from_certified:dso DSO|5|2025|Spring        ok iter 25 attempts 1 0.3s
[INFO] 			 - Running SMOPF, Network case33_1, 2025, Summer...
16:24:40 [W93 +    33.2s] solve    2      passive:warm_from_certified:dso DSO|5|2025|Summer        ok iter 27 attempts 1 0.3s
[INFO] 			 - Running SMOPF, Network case33_1, 2025, Autumn...
16:24:40 [W93 +    33.6s] solve    3      passive:warm_from_certified:dso DSO|5|2025|Autumn        ok iter 25 attempts 1 0.3s
[INFO] 			 - Running SMOPF, Network case33_1, 2025, Winter...
16:24:40 [W93 +    33.9s] solve    4      passive:warm_from_certified:dso DSO|5|2025|Winter        ok iter 28 attempts 1 0.3s
[INFO] 			 - Running SMOPF, Network case33_1, 2030, Spring...
16:24:41 [W93 +    34.2s] solve    5      passive:warm_from_certified:dso DSO|5|2030|Spring        ok iter 24 attempts 1 0.3s
[INFO] 			 - Running SMOPF, Network case33_1, 2030, Summer...
16:24:41 [W93 +    34.5s] solve    6      passive:warm_from_certified:dso DSO|5|2030|Summer        ok iter 26 attempts 1 0.3s
[INFO] 			 - Running SMOPF, Network case33_1, 2030, Autumn...
16:24:41 [W93 +    34.8s] solve    7      passive:warm_from_certified:dso DSO|5|2030|Autumn        ok iter 29 attempts 1 0.3s
[INFO] 			 - Running SMOPF, Network case33_1, 2030, Winter...
16:24:42 [W93 +    35.2s] solve    8      passive:warm_from_certified:dso DSO|5|2030|Winter        ok iter 27 attempts 1 0.3s
[INFO] 			 - Running SMOPF, Network case33_1, 2035, Spring...
16:24:42 [W93 +    35.5s] solve    9      passive:warm_from_certified:dso DSO|5|2035|Spring        ok iter 24 attempts 1 0.3s
[INFO] 			 - Running SMOPF, Network case33_1, 2035, Summer...
16:24:42 [W93 +    35.8s] solve   10      passive:warm_from_certified:dso DSO|5|2035|Summer        ok iter 30 attempts 1 0.4s
[INFO] 			 - Running SMOPF, Network case33_1, 2035, Autumn...
16:24:43 [W93 +    36.2s] solve   11      passive:warm_from_certified:dso DSO|5|2035|Autumn        ok iter 25 attempts 1 0.3s
[INFO] 			 - Running SMOPF, Network case33_1, 2035, Winter...
16:24:43 [W93 +    36.5s] solve   12      passive:warm_from_certified:dso DSO|5|2035|Winter        ok iter 26 attempts 1 0.3s
[INFO] 			 - Running SMOPF, Network case33_2, 2025, Spring...
16:24:43 [W93 +    36.8s] solve   13      passive:warm_from_certified:dso DSO|7|2025|Spring        ok iter 25 attempts 1 0.3s
[INFO] 			 - Running SMOPF, Network case33_2, 2025, Summer...
16:24:44 [W93 +    37.1s] solve   14      passive:warm_from_certified:dso DSO|7|2025|Summer        ok iter 29 attempts 1 0.3s
[INFO] 			 - Running SMOPF, Network case33_2, 2025, Autumn...
16:24:44 [W93 +    37.5s] solve   15      passive:warm_from_certified:dso DSO|7|2025|Autumn        ok iter 25 attempts 1 0.3s
[INFO] 			 - Running SMOPF, Network case33_2, 2025, Winter...
16:24:44 [W93 +    37.8s] solve   16      passive:warm_from_certified:dso DSO|7|2025|Winter        ok iter 28 attempts 1 0.3s
[INFO] 			 - Running SMOPF, Network case33_2, 2030, Spring...
16:24:45 [W93 +    38.1s] solve   17      passive:warm_from_certified:dso DSO|7|2030|Spring        ok iter 25 attempts 1 0.3s
[INFO] 			 - Running SMOPF, Network case33_2, 2030, Summer...
16:24:45 [W93 +    38.5s] solve   18      passive:warm_from_certified:dso DSO|7|2030|Summer        ok iter 27 attempts 1 0.3s
[INFO] 			 - Running SMOPF, Network case33_2, 2030, Autumn...
16:24:45 [W93 +    38.8s] solve   19      passive:warm_from_certified:dso DSO|7|2030|Autumn        ok iter 27 attempts 1 0.3s
[INFO] 			 - Running SMOPF, Network case33_2, 2030, Winter...
16:24:46 [W93 +    39.1s] solve   20      passive:warm_from_certified:dso DSO|7|2030|Winter        ok iter 27 attempts 1 0.3s
[INFO] 			 - Running SMOPF, Network case33_2, 2035, Spring...
16:24:46 [W93 +    39.5s] solve   21      passive:warm_from_certified:dso DSO|7|2035|Spring        ok iter 25 attempts 1 0.3s
[INFO] 			 - Running SMOPF, Network case33_2, 2035, Summer...
16:24:46 [W93 +    39.8s] solve   22      passive:warm_from_certified:dso DSO|7|2035|Summer        ok iter 31 attempts 1 0.3s
[INFO] 			 - Running SMOPF, Network case33_2, 2035, Autumn...
16:24:47 [W93 +    40.1s] solve   23      passive:warm_from_certified:dso DSO|7|2035|Autumn        ok iter 26 attempts 1 0.3s
[INFO] 			 - Running SMOPF, Network case33_2, 2035, Winter...
16:24:47 [W93 +    40.4s] solve   24      passive:warm_from_certified:dso DSO|7|2035|Winter        ok iter 26 attempts 1 0.3s
[INFO] 			 - Running SMOPF, Network case33_3, 2025, Spring...
16:24:47 [W93 +    40.7s] solve   25      passive:warm_from_certified:dso DSO|9|2025|Spring        ok iter 24 attempts 1 0.3s
[INFO] 			 - Running SMOPF, Network case33_3, 2025, Summer...
16:24:48 [W93 +    41.0s] solve   26      passive:warm_from_certified:dso DSO|9|2025|Summer        ok iter 25 attempts 1 0.3s
[INFO] 			 - Running SMOPF, Network case33_3, 2025, Autumn...
16:24:48 [W93 +    41.4s] solve   27      passive:warm_from_certified:dso DSO|9|2025|Autumn        ok iter 25 attempts 1 0.3s
[INFO] 			 - Running SMOPF, Network case33_3, 2025, Winter...
16:24:48 [W93 +    41.7s] solve   28      passive:warm_from_certified:dso DSO|9|2025|Winter        ok iter 27 attempts 1 0.3s
[INFO] 			 - Running SMOPF, Network case33_3, 2030, Spring...
16:24:49 [W93 +    42.0s] solve   29      passive:warm_from_certified:dso DSO|9|2030|Spring        ok iter 24 attempts 1 0.3s
[INFO] 			 - Running SMOPF, Network case33_3, 2030, Summer...
16:24:49 [W93 +    42.3s] solve   30      passive:warm_from_certified:dso DSO|9|2030|Summer        ok iter 27 attempts 1 0.3s
[INFO] 			 - Running SMOPF, Network case33_3, 2030, Autumn...
16:24:49 [W93 +    42.6s] solve   31      passive:warm_from_certified:dso DSO|9|2030|Autumn        ok iter 25 attempts 1 0.3s
[INFO] 			 - Running SMOPF, Network case33_3, 2030, Winter...
16:24:49 [W93 +    42.9s] solve   32      passive:warm_from_certified:dso DSO|9|2030|Winter        ok iter 28 attempts 1 0.3s
[INFO] 			 - Running SMOPF, Network case33_3, 2035, Spring...
16:24:50 [W93 +    43.2s] solve   33      passive:warm_from_certified:dso DSO|9|2035|Spring        ok iter 24 attempts 1 0.3s
[INFO] 			 - Running SMOPF, Network case33_3, 2035, Summer...
16:24:50 [W93 +    43.6s] solve   34      passive:warm_from_certified:dso DSO|9|2035|Summer        ok iter 28 attempts 1 0.3s
[INFO] 			 - Running SMOPF, Network case33_3, 2035, Autumn...
16:24:50 [W93 +    43.9s] solve   35      passive:warm_from_certified:dso DSO|9|2035|Autumn        ok iter 25 attempts 1 0.3s
[INFO] 			 - Running SMOPF, Network case33_3, 2035, Winter...
16:24:52 [W93 +    45.0s] solve   36      passive:warm_from_certified:dso DSO|9|2035|Winter        ok iter 28 attempts 1 1.1s
[INFO] 			 - Running SMOPF, Network case9, 2025, Spring...
16:24:52 [W93 +    45.8s] solve   37      passive:warm_from_certified:tso TSO|-|2025|Spring        ok iter 35 attempts 1 0.1s
[INFO] 			 - Running SMOPF, Network case9, 2025, Summer...
16:24:52 [W93 +    45.9s] solve   38      passive:warm_from_certified:tso TSO|-|2025|Summer        ok iter 34 attempts 1 0.1s
[INFO] 			 - Running SMOPF, Network case9, 2025, Autumn...
16:24:53 [W93 +    46.0s] solve   39      passive:warm_from_certified:tso TSO|-|2025|Autumn        ok iter 30 attempts 1 0.1s
[INFO] 			 - Running SMOPF, Network case9, 2025, Winter...
16:24:53 [W93 +    46.2s] solve   40      passive:warm_from_certified:tso TSO|-|2025|Winter        ok iter 30 attempts 1 0.1s
[INFO] 			 - Running SMOPF, Network case9, 2030, Spring...
16:24:53 [W93 +    46.3s] solve   41      passive:warm_from_certified:tso TSO|-|2030|Spring        ok iter 30 attempts 1 0.1s
[INFO] 			 - Running SMOPF, Network case9, 2030, Summer...
16:24:53 [W93 +    46.4s] solve   42      passive:warm_from_certified:tso TSO|-|2030|Summer        ok iter 36 attempts 1 0.1s
[INFO] 			 - Running SMOPF, Network case9, 2030, Autumn...
16:24:53 [W93 +    46.6s] solve   43      passive:warm_from_certified:tso TSO|-|2030|Autumn        ok iter 37 attempts 1 0.1s
[INFO] 			 - Running SMOPF, Network case9, 2030, Winter...
16:24:53 [W93 +    46.7s] solve   44      passive:warm_from_certified:tso TSO|-|2030|Winter        ok iter 35 attempts 1 0.1s
[INFO] 			 - Running SMOPF, Network case9, 2035, Spring...
16:24:53 [W93 +    46.8s] solve   45      passive:warm_from_certified:tso TSO|-|2035|Spring        ok iter 39 attempts 1 0.1s
[INFO] 			 - Running SMOPF, Network case9, 2035, Summer...
[WARNING] Network primary solve did not converge for case9, year=2035, day=Summer: status=warning, termination=infeasible, message=Ipopt 3.14.18\x3a Converged to a locally infeasible point. Problem may be infeasible. | warm_start=False
[WARNING] IPOPT primary solve log for case9, year=2035, day=Summer: /Users/micaelsimoes/Projects/share-resource-planning-no_esso-degradation/data/SRP1/Results/P56A/evals/p515s53w106_arm_passive_warm_from_certified/logs/optim_log_case9_2035_Summer.log
[INFO] Retrying network solve once for case9, year=2035, day=Summer, cold start, with acceptable_iter=1, acceptable_tol=0.0001, warm_start_init_point=no.
[WARNING] Network recovery solve did not converge for case9, year=2035, day=Summer: status=warning, termination=infeasible, message=Ipopt 3.14.18\x3a Converged to a locally infeasible point. Problem may be infeasible. | warm_start=False
[WARNING] IPOPT recovery solve log for case9, year=2035, day=Summer: /Users/micaelsimoes/Projects/share-resource-planning-no_esso-degradation/data/SRP1/Results/P56A/evals/p515s53w106_arm_passive_warm_from_certified/logs/optim_log_case9_2035_Summer_recovery.log
[INFO] Retrying network solve (tier 2: cold, mu_strategy=adaptive) for case9, year=2035, day=Summer, with acceptable_iter=1, acceptable_tol=0.0001, mu_strategy=adaptive, warm_start_init_point=no.
[WARNING] Network tier-2 recovery solve did not converge for case9, year=2035, day=Summer: status=warning, termination=infeasible, message=Ipopt 3.14.18\x3a Converged to a locally infeasible point. Problem may be infeasible. | warm_start=False
[WARNING] IPOPT tier-2 recovery solve log for case9, year=2035, day=Summer: /Users/micaelsimoes/Projects/share-resource-planning-no_esso-degradation/data/SRP1/Results/P56A/evals/p515s53w106_arm_passive_warm_from_certified/logs/optim_log_case9_2035_Summer_recovery_tier2.log
16:24:54 [W93 +    47.6s] solve   46      passive:warm_from_certified:tso TSO|-|2035|Summer        FAILED iter 102 attempts 3 0.7s
Traceback (most recent call last):
  File "/Users/micaelsimoes/Projects/share-resource-planning-no_esso-degradation/p515_s53_w93_uncoordinated_benchmark.py", line 1952, in main
    code = stage_arm(run_dir, run_id, arm=args.arm, start=args.start,
           ^^^^^^^^^^^^^^^^^^^^^^^^^^^^^^^^^^^^^^^^^^^^^^^^^^^^^^^^^^
  File "/Users/micaelsimoes/Projects/share-resource-planning-no_esso-degradation/p515_s53_w93_uncoordinated_benchmark.py", line 1493, in stage_arm
    arm_out = UB.run_operational_planning_uncoordinated(
              ^^^^^^^^^^^^^^^^^^^^^^^^^^^^^^^^^^^^^^^^^^
  File "/Users/micaelsimoes/Projects/share-resource-planning-no_esso-degradation/uncoordinated_benchmark.py", line 1063, in run_operational_planning_uncoordinated
    tso_results = solve_tso_model(planning_problem, tso_model, phase=f'{arm}:{start}:tso',
                  ^^^^^^^^^^^^^^^^^^^^^^^^^^^^^^^^^^^^^^^^^^^^^^^^^^^^^^^^^^^^^^^^^^^^^^^^
  File "/Users/micaelsimoes/Projects/share-resource-planning-no_esso-degradation/uncoordinated_benchmark.py", line 1012, in solve_tso_model
    results[year][day], _rec = _solve_block(
                               ^^^^^^^^^^^^^
  File "/Users/micaelsimoes/Projects/share-resource-planning-no_esso-degradation/uncoordinated_benchmark.py", line 988, in _solve_block
    raise ArmSolveFailure(f"solve failed: {record['block']} phase {phase}: {record['summary']}", record)
uncoordinated_benchmark.ArmSolveFailure: solve failed: TSO|-|2035|Summer phase passive:warm_from_certified:tso: status=warning, termination=infeasible, message=Ipopt 3.14.18\x3a Converged to a locally infeasible point. Problem may be infeasible.
16:24:54 [W93 +    47.6s] arm_passive_warm_from_certified: exit 1; guard counts {'permitted_solve': 48, 'permitted_exec': 48, 'blocked_solve': 0, 'blocked_exec': 0}
