16:25:01 [W93 +     0.2s] P5.15 Addendum 49 W93 -- uncoordinated benchmark: three arms, fixed interface, common Q -- arm_passive_perturbed (solve stage: True); output data/SRP1/Results/P515S53/w106_uncoordinated_settled/arm_passive_perturbed
16:25:15 [W93 +    14.2s] unpickling data/SRP1/Results/P515S53/w101_srp1_continuation/campaign_s53_w101_srp1_cont_x0/evals/d110bd1a5977df1e_x0/certified_models.pkl (sha256 verified 99ab1070)
16:25:22 [W93 +    21.2s] unpickling data/SRP1/Results/P515S53/w101_srp1_continuation/campaign_s53_w101_srp1_cont_x0/evals/d110bd1a5977df1e_x0/esso_models_s39_D.pkl (sha256 verified 118487e1)
16:25:25 [W93 +    23.9s] capture-path checklist at arm_passive_perturbed (before any solve): 95 items, all True
[INFO] 			 - Running SMOPF, Network case33_1, 2025, Spring...
16:25:34 [W93 +    33.1s] solve    1                passive:perturbed:dso DSO|5|2025|Spring        ok iter 98 attempts 1 0.6s
[INFO] 			 - Running SMOPF, Network case33_1, 2025, Summer...
16:25:35 [W93 +    33.6s] solve    2                passive:perturbed:dso DSO|5|2025|Summer        ok iter 84 attempts 1 0.5s
[INFO] 			 - Running SMOPF, Network case33_1, 2025, Autumn...
16:25:35 [W93 +    34.0s] solve    3                passive:perturbed:dso DSO|5|2025|Autumn        ok iter 45 attempts 1 0.4s
[INFO] 			 - Running SMOPF, Network case33_1, 2025, Winter...
16:25:36 [W93 +    34.5s] solve    4                passive:perturbed:dso DSO|5|2025|Winter        ok iter 76 attempts 1 0.5s
[INFO] 			 - Running SMOPF, Network case33_1, 2030, Spring...
16:25:36 [W93 +    35.0s] solve    5                passive:perturbed:dso DSO|5|2030|Spring        ok iter 73 attempts 1 0.5s
[INFO] 			 - Running SMOPF, Network case33_1, 2030, Summer...
16:25:37 [W93 +    35.7s] solve    6                passive:perturbed:dso DSO|5|2030|Summer        ok iter 126 attempts 1 0.7s
[INFO] 			 - Running SMOPF, Network case33_1, 2030, Autumn...
16:25:38 [W93 +    36.4s] solve    7                passive:perturbed:dso DSO|5|2030|Autumn        ok iter 87 attempts 1 0.7s
[INFO] 			 - Running SMOPF, Network case33_1, 2030, Winter...
16:25:38 [W93 +    37.0s] solve    8                passive:perturbed:dso DSO|5|2030|Winter        ok iter 103 attempts 1 0.6s
[INFO] 			 - Running SMOPF, Network case33_1, 2035, Spring...
16:25:39 [W93 +    37.4s] solve    9                passive:perturbed:dso DSO|5|2035|Spring        ok iter 37 attempts 1 0.4s
[INFO] 			 - Running SMOPF, Network case33_1, 2035, Summer...
16:25:39 [W93 +    37.8s] solve   10                passive:perturbed:dso DSO|5|2035|Summer        ok iter 50 attempts 1 0.4s
[INFO] 			 - Running SMOPF, Network case33_1, 2035, Autumn...
16:25:40 [W93 +    38.2s] solve   11                passive:perturbed:dso DSO|5|2035|Autumn        ok iter 50 attempts 1 0.4s
[INFO] 			 - Running SMOPF, Network case33_1, 2035, Winter...
16:25:40 [W93 +    38.8s] solve   12                passive:perturbed:dso DSO|5|2035|Winter        ok iter 76 attempts 1 0.6s
[INFO] 			 - Running SMOPF, Network case33_2, 2025, Spring...
16:25:41 [W93 +    39.6s] solve   13                passive:perturbed:dso DSO|7|2025|Spring        ok iter 143 attempts 1 0.8s
[INFO] 			 - Running SMOPF, Network case33_2, 2025, Summer...
16:25:42 [W93 +    40.4s] solve   14                passive:perturbed:dso DSO|7|2025|Summer        ok iter 137 attempts 1 0.8s
[INFO] 			 - Running SMOPF, Network case33_2, 2025, Autumn...
16:25:42 [W93 +    41.1s] solve   15                passive:perturbed:dso DSO|7|2025|Autumn        ok iter 122 attempts 1 0.7s
[INFO] 			 - Running SMOPF, Network case33_2, 2025, Winter...
16:25:43 [W93 +    42.1s] solve   16                passive:perturbed:dso DSO|7|2025|Winter        ok iter 172 attempts 1 1.0s
[INFO] 			 - Running SMOPF, Network case33_2, 2030, Spring...
16:25:45 [W93 +    43.3s] solve   17                passive:perturbed:dso DSO|7|2030|Spring        ok iter 204 attempts 1 1.2s
[INFO] 			 - Running SMOPF, Network case33_2, 2030, Summer...
16:25:45 [W93 +    44.1s] solve   18                passive:perturbed:dso DSO|7|2030|Summer        ok iter 123 attempts 1 0.7s
[INFO] 			 - Running SMOPF, Network case33_2, 2030, Autumn...
16:25:46 [W93 +    44.9s] solve   19                passive:perturbed:dso DSO|7|2030|Autumn        ok iter 135 attempts 1 0.8s
[INFO] 			 - Running SMOPF, Network case33_2, 2030, Winter...
16:25:47 [W93 +    45.7s] solve   20                passive:perturbed:dso DSO|7|2030|Winter        ok iter 147 attempts 1 0.8s
[INFO] 			 - Running SMOPF, Network case33_2, 2035, Spring...
16:25:48 [W93 +    46.3s] solve   21                passive:perturbed:dso DSO|7|2035|Spring        ok iter 93 attempts 1 0.6s
[INFO] 			 - Running SMOPF, Network case33_2, 2035, Summer...
16:25:49 [W93 +    47.2s] solve   22                passive:perturbed:dso DSO|7|2035|Summer        ok iter 153 attempts 1 0.9s
[INFO] 			 - Running SMOPF, Network case33_2, 2035, Autumn...
16:25:49 [W93 +    48.0s] solve   23                passive:perturbed:dso DSO|7|2035|Autumn        ok iter 149 attempts 1 0.9s
[INFO] 			 - Running SMOPF, Network case33_2, 2035, Winter...
16:25:51 [W93 +    49.2s] solve   24                passive:perturbed:dso DSO|7|2035|Winter        ok iter 197 attempts 1 1.1s
[INFO] 			 - Running SMOPF, Network case33_3, 2025, Spring...
16:25:51 [W93 +    49.7s] solve   25                passive:perturbed:dso DSO|9|2025|Spring        ok iter 69 attempts 1 0.5s
[INFO] 			 - Running SMOPF, Network case33_3, 2025, Summer...
16:25:52 [W93 +    50.5s] solve   26                passive:perturbed:dso DSO|9|2025|Summer        ok iter 128 attempts 1 0.7s
[INFO] 			 - Running SMOPF, Network case33_3, 2025, Autumn...
16:25:53 [W93 +    51.5s] solve   27                passive:perturbed:dso DSO|9|2025|Autumn        ok iter 177 attempts 1 1.0s
[INFO] 			 - Running SMOPF, Network case33_3, 2025, Winter...
16:25:54 [W93 +    52.3s] solve   28                passive:perturbed:dso DSO|9|2025|Winter        ok iter 142 attempts 1 0.8s
[INFO] 			 - Running SMOPF, Network case33_3, 2030, Spring...
16:25:54 [W93 +    53.1s] solve   29                passive:perturbed:dso DSO|9|2030|Spring        ok iter 129 attempts 1 0.7s
[INFO] 			 - Running SMOPF, Network case33_3, 2030, Summer...
16:25:55 [W93 +    53.4s] solve   30                passive:perturbed:dso DSO|9|2030|Summer        ok iter 45 attempts 1 0.4s
[INFO] 			 - Running SMOPF, Network case33_3, 2030, Autumn...
16:25:56 [W93 +    54.3s] solve   31                passive:perturbed:dso DSO|9|2030|Autumn        ok iter 144 attempts 1 0.9s
[INFO] 			 - Running SMOPF, Network case33_3, 2030, Winter...
16:25:56 [W93 +    55.0s] solve   32                passive:perturbed:dso DSO|9|2030|Winter        ok iter 117 attempts 1 0.7s
[INFO] 			 - Running SMOPF, Network case33_3, 2035, Spring...
16:25:57 [W93 +    55.5s] solve   33                passive:perturbed:dso DSO|9|2035|Spring        ok iter 63 attempts 1 0.5s
[INFO] 			 - Running SMOPF, Network case33_3, 2035, Summer...
16:25:57 [W93 +    56.0s] solve   34                passive:perturbed:dso DSO|9|2035|Summer        ok iter 66 attempts 1 0.5s
[INFO] 			 - Running SMOPF, Network case33_3, 2035, Autumn...
16:25:58 [W93 +    56.6s] solve   35                passive:perturbed:dso DSO|9|2035|Autumn        ok iter 100 attempts 1 0.6s
[INFO] 			 - Running SMOPF, Network case33_3, 2035, Winter...
16:25:59 [W93 +    58.0s] solve   36                passive:perturbed:dso DSO|9|2035|Winter        ok iter 112 attempts 1 1.4s
[INFO] 			 - Running SMOPF, Network case9, 2025, Spring...
16:26:00 [W93 +    58.9s] solve   37                passive:perturbed:tso TSO|-|2025|Spring        ok iter 41 attempts 1 0.1s
[INFO] 			 - Running SMOPF, Network case9, 2025, Summer...
16:26:00 [W93 +    59.1s] solve   38                passive:perturbed:tso TSO|-|2025|Summer        ok iter 51 attempts 1 0.2s
[INFO] 			 - Running SMOPF, Network case9, 2025, Autumn...
16:26:01 [W93 +    59.2s] solve   39                passive:perturbed:tso TSO|-|2025|Autumn        ok iter 51 attempts 1 0.2s
[INFO] 			 - Running SMOPF, Network case9, 2025, Winter...
16:26:01 [W93 +    59.4s] solve   40                passive:perturbed:tso TSO|-|2025|Winter        ok iter 44 attempts 1 0.2s
[INFO] 			 - Running SMOPF, Network case9, 2030, Spring...
16:26:01 [W93 +    59.6s] solve   41                passive:perturbed:tso TSO|-|2030|Spring        ok iter 54 attempts 1 0.2s
[INFO] 			 - Running SMOPF, Network case9, 2030, Summer...
16:26:01 [W93 +    59.7s] solve   42                passive:perturbed:tso TSO|-|2030|Summer        ok iter 43 attempts 1 0.2s
[INFO] 			 - Running SMOPF, Network case9, 2030, Autumn...
16:26:01 [W93 +    59.9s] solve   43                passive:perturbed:tso TSO|-|2030|Autumn        ok iter 39 attempts 1 0.1s
[INFO] 			 - Running SMOPF, Network case9, 2030, Winter...
16:26:01 [W93 +    60.0s] solve   44                passive:perturbed:tso TSO|-|2030|Winter        ok iter 42 attempts 1 0.1s
[INFO] 			 - Running SMOPF, Network case9, 2035, Spring...
16:26:01 [W93 +    60.2s] solve   45                passive:perturbed:tso TSO|-|2035|Spring        ok iter 47 attempts 1 0.2s
[INFO] 			 - Running SMOPF, Network case9, 2035, Summer...
[WARNING] Network primary solve did not converge for case9, year=2035, day=Summer: status=warning, termination=infeasible, message=Ipopt 3.14.18\x3a Converged to a locally infeasible point. Problem may be infeasible. | warm_start=False
[WARNING] IPOPT primary solve log for case9, year=2035, day=Summer: /Users/micaelsimoes/Projects/share-resource-planning-no_esso-degradation/data/SRP1/Results/P56A/evals/p515s53w106_arm_passive_perturbed/logs/optim_log_case9_2035_Summer.log
[INFO] Retrying network solve once for case9, year=2035, day=Summer, cold start, with acceptable_iter=1, acceptable_tol=0.0001, warm_start_init_point=no.
[WARNING] Network recovery solve did not converge for case9, year=2035, day=Summer: status=warning, termination=infeasible, message=Ipopt 3.14.18\x3a Converged to a locally infeasible point. Problem may be infeasible. | warm_start=False
[WARNING] IPOPT recovery solve log for case9, year=2035, day=Summer: /Users/micaelsimoes/Projects/share-resource-planning-no_esso-degradation/data/SRP1/Results/P56A/evals/p515s53w106_arm_passive_perturbed/logs/optim_log_case9_2035_Summer_recovery.log
[INFO] Retrying network solve (tier 2: cold, mu_strategy=adaptive) for case9, year=2035, day=Summer, with acceptable_iter=1, acceptable_tol=0.0001, mu_strategy=adaptive, warm_start_init_point=no.
[WARNING] Network tier-2 recovery solve did not converge for case9, year=2035, day=Summer: status=warning, termination=infeasible, message=Ipopt 3.14.18\x3a Converged to a locally infeasible point. Problem may be infeasible. | warm_start=False
[WARNING] IPOPT tier-2 recovery solve log for case9, year=2035, day=Summer: /Users/micaelsimoes/Projects/share-resource-planning-no_esso-degradation/data/SRP1/Results/P56A/evals/p515s53w106_arm_passive_perturbed/logs/optim_log_case9_2035_Summer_recovery_tier2.log
16:26:02 [W93 +    61.0s] solve   46                passive:perturbed:tso TSO|-|2035|Summer        FAILED iter 103 attempts 3 0.8s
Traceback (most recent call last):
  File "/Users/micaelsimoes/Projects/share-resource-planning-no_esso-degradation/p515_s53_w93_uncoordinated_benchmark.py", line 1952, in main
    code = stage_arm(run_dir, run_id, arm=args.arm, start=args.start,
           ^^^^^^^^^^^^^^^^^^^^^^^^^^^^^^^^^^^^^^^^^^^^^^^^^^^^^^^^^^
  File "/Users/micaelsimoes/Projects/share-resource-planning-no_esso-degradation/p515_s53_w93_uncoordinated_benchmark.py", line 1493, in stage_arm
    arm_out = UB.run_operational_planning_uncoordinated(
              ^^^^^^^^^^^^^^^^^^^^^^^^^^^^^^^^^^^^^^^^^^
  File "/Users/micaelsimoes/Projects/share-resource-planning-no_esso-degradation/uncoordinated_benchmark.py", line 1063, in run_operational_planning_uncoordinated
    tso_results = solve_tso_model(planning_problem, tso_model, phase=f'{arm}:{start}:tso',
                  ^^^^^^^^^^^^^^^^^^^^^^^^^^^^^^^^^^^^^^^^^^^^^^^^^^^^^^^^^^^^^^^^^^^^^^^^
  File "/Users/micaelsimoes/Projects/share-resource-planning-no_esso-degradation/uncoordinated_benchmark.py", line 1012, in solve_tso_model
    results[year][day], _rec = _solve_block(
                               ^^^^^^^^^^^^^
  File "/Users/micaelsimoes/Projects/share-resource-planning-no_esso-degradation/uncoordinated_benchmark.py", line 988, in _solve_block
    raise ArmSolveFailure(f"solve failed: {record['block']} phase {phase}: {record['summary']}", record)
uncoordinated_benchmark.ArmSolveFailure: solve failed: TSO|-|2035|Summer phase passive:perturbed:tso: status=warning, termination=infeasible, message=Ipopt 3.14.18\x3a Converged to a locally infeasible point. Problem may be infeasible.
16:26:02 [W93 +    61.1s] arm_passive_perturbed: exit 1; guard counts {'permitted_solve': 48, 'permitted_exec': 48, 'blocked_solve': 0, 'blocked_exec': 0}
