16:26:10 [W93 +     0.2s] P5.15 Addendum 49 W93 -- uncoordinated benchmark: three arms, fixed interface, common Q -- arm_price_taker_cold (solve stage: True); output data/SRP1/Results/P515S53/w106_uncoordinated_settled/arm_price_taker_cold
16:26:23 [W93 +    13.7s] unpickling data/SRP1/Results/P515S53/w101_srp1_continuation/campaign_s53_w101_srp1_cont_x0/evals/d110bd1a5977df1e_x0/certified_models.pkl (sha256 verified 99ab1070)
16:26:30 [W93 +    20.7s] unpickling data/SRP1/Results/P515S53/w101_srp1_continuation/campaign_s53_w101_srp1_cont_x0/evals/d110bd1a5977df1e_x0/esso_models_s39_D.pkl (sha256 verified 118487e1)
16:26:32 [W93 +    22.3s] capture-path checklist at arm_price_taker_cold (before any solve): 95 items, all True
[INFO] 			 - Running SMOPF, Network case33_1, 2025, Spring...
16:26:39 [W93 +    29.2s] solve    1                 price_taker:cold:dso DSO|5|2025|Spring        ok iter 38 attempts 1 0.4s
[INFO] 			 - Running SMOPF, Network case33_1, 2025, Summer...
16:26:39 [W93 +    29.7s] solve    2                 price_taker:cold:dso DSO|5|2025|Summer        ok iter 40 attempts 1 0.4s
[INFO] 			 - Running SMOPF, Network case33_1, 2025, Autumn...
16:26:39 [W93 +    30.1s] solve    3                 price_taker:cold:dso DSO|5|2025|Autumn        ok iter 39 attempts 1 0.4s
[INFO] 			 - Running SMOPF, Network case33_1, 2025, Winter...
16:26:40 [W93 +    30.5s] solve    4                 price_taker:cold:dso DSO|5|2025|Winter        ok iter 40 attempts 1 0.4s
[INFO] 			 - Running SMOPF, Network case33_1, 2030, Spring...
16:26:40 [W93 +    31.0s] solve    5                 price_taker:cold:dso DSO|5|2030|Spring        ok iter 39 attempts 1 0.4s
[INFO] 			 - Running SMOPF, Network case33_1, 2030, Summer...
16:26:41 [W93 +    31.4s] solve    6                 price_taker:cold:dso DSO|5|2030|Summer        ok iter 38 attempts 1 0.4s
[INFO] 			 - Running SMOPF, Network case33_1, 2030, Autumn...
16:26:41 [W93 +    31.8s] solve    7                 price_taker:cold:dso DSO|5|2030|Autumn        ok iter 38 attempts 1 0.4s
[INFO] 			 - Running SMOPF, Network case33_1, 2030, Winter...
16:26:42 [W93 +    32.2s] solve    8                 price_taker:cold:dso DSO|5|2030|Winter        ok iter 38 attempts 1 0.4s
[INFO] 			 - Running SMOPF, Network case33_1, 2035, Spring...
16:26:42 [W93 +    32.7s] solve    9                 price_taker:cold:dso DSO|5|2035|Spring        ok iter 43 attempts 1 0.4s
[INFO] 			 - Running SMOPF, Network case33_1, 2035, Summer...
16:26:42 [W93 +    33.1s] solve   10                 price_taker:cold:dso DSO|5|2035|Summer        ok iter 42 attempts 1 0.4s
[INFO] 			 - Running SMOPF, Network case33_1, 2035, Autumn...
16:26:43 [W93 +    33.5s] solve   11                 price_taker:cold:dso DSO|5|2035|Autumn        ok iter 41 attempts 1 0.4s
[INFO] 			 - Running SMOPF, Network case33_1, 2035, Winter...
16:26:43 [W93 +    34.0s] solve   12                 price_taker:cold:dso DSO|5|2035|Winter        ok iter 41 attempts 1 0.4s
[INFO] 			 - Running SMOPF, Network case33_2, 2025, Spring...
16:26:44 [W93 +    34.5s] solve   13                 price_taker:cold:dso DSO|7|2025|Spring        ok iter 47 attempts 1 0.5s
[INFO] 			 - Running SMOPF, Network case33_2, 2025, Summer...
16:26:44 [W93 +    34.9s] solve   14                 price_taker:cold:dso DSO|7|2025|Summer        ok iter 46 attempts 1 0.5s
[INFO] 			 - Running SMOPF, Network case33_2, 2025, Autumn...
16:26:45 [W93 +    35.4s] solve   15                 price_taker:cold:dso DSO|7|2025|Autumn        ok iter 40 attempts 1 0.4s
[INFO] 			 - Running SMOPF, Network case33_2, 2025, Winter...
16:26:45 [W93 +    35.8s] solve   16                 price_taker:cold:dso DSO|7|2025|Winter        ok iter 42 attempts 1 0.4s
[INFO] 			 - Running SMOPF, Network case33_2, 2030, Spring...
16:26:46 [W93 +    36.3s] solve   17                 price_taker:cold:dso DSO|7|2030|Spring        ok iter 45 attempts 1 0.5s
[INFO] 			 - Running SMOPF, Network case33_2, 2030, Summer...
16:26:46 [W93 +    36.7s] solve   18                 price_taker:cold:dso DSO|7|2030|Summer        ok iter 46 attempts 1 0.5s
[INFO] 			 - Running SMOPF, Network case33_2, 2030, Autumn...
16:26:47 [W93 +    37.2s] solve   19                 price_taker:cold:dso DSO|7|2030|Autumn        ok iter 40 attempts 1 0.4s
[INFO] 			 - Running SMOPF, Network case33_2, 2030, Winter...
16:26:47 [W93 +    37.6s] solve   20                 price_taker:cold:dso DSO|7|2030|Winter        ok iter 39 attempts 1 0.4s
[INFO] 			 - Running SMOPF, Network case33_2, 2035, Spring...
16:26:47 [W93 +    38.1s] solve   21                 price_taker:cold:dso DSO|7|2035|Spring        ok iter 47 attempts 1 0.5s
[INFO] 			 - Running SMOPF, Network case33_2, 2035, Summer...
16:26:48 [W93 +    38.5s] solve   22                 price_taker:cold:dso DSO|7|2035|Summer        ok iter 45 attempts 1 0.5s
[INFO] 			 - Running SMOPF, Network case33_2, 2035, Autumn...
16:26:48 [W93 +    39.0s] solve   23                 price_taker:cold:dso DSO|7|2035|Autumn        ok iter 42 attempts 1 0.5s
[INFO] 			 - Running SMOPF, Network case33_2, 2035, Winter...
16:26:49 [W93 +    39.4s] solve   24                 price_taker:cold:dso DSO|7|2035|Winter        ok iter 39 attempts 1 0.4s
[INFO] 			 - Running SMOPF, Network case33_3, 2025, Spring...
16:26:49 [W93 +    39.9s] solve   25                 price_taker:cold:dso DSO|9|2025|Spring        ok iter 40 attempts 1 0.4s
[INFO] 			 - Running SMOPF, Network case33_3, 2025, Summer...
16:26:50 [W93 +    40.3s] solve   26                 price_taker:cold:dso DSO|9|2025|Summer        ok iter 40 attempts 1 0.4s
[INFO] 			 - Running SMOPF, Network case33_3, 2025, Autumn...
16:26:50 [W93 +    40.7s] solve   27                 price_taker:cold:dso DSO|9|2025|Autumn        ok iter 39 attempts 1 0.4s
[INFO] 			 - Running SMOPF, Network case33_3, 2025, Winter...
16:26:51 [W93 +    41.2s] solve   28                 price_taker:cold:dso DSO|9|2025|Winter        ok iter 40 attempts 1 0.4s
[INFO] 			 - Running SMOPF, Network case33_3, 2030, Spring...
16:26:51 [W93 +    41.6s] solve   29                 price_taker:cold:dso DSO|9|2030|Spring        ok iter 42 attempts 1 0.4s
[INFO] 			 - Running SMOPF, Network case33_3, 2030, Summer...
16:26:52 [W93 +    42.9s] solve   30                 price_taker:cold:dso DSO|9|2030|Summer        ok iter 45 attempts 1 1.2s
[INFO] 			 - Running SMOPF, Network case33_3, 2030, Autumn...
16:26:53 [W93 +    43.3s] solve   31                 price_taker:cold:dso DSO|9|2030|Autumn        ok iter 37 attempts 1 0.4s
[INFO] 			 - Running SMOPF, Network case33_3, 2030, Winter...
16:26:53 [W93 +    43.7s] solve   32                 price_taker:cold:dso DSO|9|2030|Winter        ok iter 39 attempts 1 0.4s
[INFO] 			 - Running SMOPF, Network case33_3, 2035, Spring...
16:26:54 [W93 +    44.2s] solve   33                 price_taker:cold:dso DSO|9|2035|Spring        ok iter 43 attempts 1 0.4s
[INFO] 			 - Running SMOPF, Network case33_3, 2035, Summer...
16:26:54 [W93 +    44.6s] solve   34                 price_taker:cold:dso DSO|9|2035|Summer        ok iter 42 attempts 1 0.4s
[INFO] 			 - Running SMOPF, Network case33_3, 2035, Autumn...
16:26:54 [W93 +    45.1s] solve   35                 price_taker:cold:dso DSO|9|2035|Autumn        ok iter 41 attempts 1 0.4s
[INFO] 			 - Running SMOPF, Network case33_3, 2035, Winter...
16:26:55 [W93 +    45.5s] solve   36                 price_taker:cold:dso DSO|9|2035|Winter        ok iter 40 attempts 1 0.4s
[INFO] 			 - Running SMOPF, Network case9, 2025, Spring...
[WARNING] Network primary solve did not converge for case9, year=2025, day=Spring: status=warning, termination=infeasible, message=Ipopt 3.14.18\x3a Converged to a locally infeasible point. Problem may be infeasible. | warm_start=False
[WARNING] IPOPT primary solve log for case9, year=2025, day=Spring: /Users/micaelsimoes/Projects/share-resource-planning-no_esso-degradation/data/SRP1/Results/P56A/evals/p515s53w106_arm_price_taker_cold/logs/optim_log_case9_2025_Spring.log
[INFO] Retrying network solve once for case9, year=2025, day=Spring, cold start, with acceptable_iter=1, acceptable_tol=0.0001, warm_start_init_point=no.
[WARNING] Network recovery solve did not converge for case9, year=2025, day=Spring: status=warning, termination=infeasible, message=Ipopt 3.14.18\x3a Converged to a locally infeasible point. Problem may be infeasible. | warm_start=False
[WARNING] IPOPT recovery solve log for case9, year=2025, day=Spring: /Users/micaelsimoes/Projects/share-resource-planning-no_esso-degradation/data/SRP1/Results/P56A/evals/p515s53w106_arm_price_taker_cold/logs/optim_log_case9_2025_Spring_recovery.log
[INFO] Retrying network solve (tier 2: cold, mu_strategy=adaptive) for case9, year=2025, day=Spring, with acceptable_iter=1, acceptable_tol=0.0001, mu_strategy=adaptive, warm_start_init_point=no.
[WARNING] Network tier-2 recovery solve did not converge for case9, year=2025, day=Spring: status=warning, termination=infeasible, message=Ipopt 3.14.18\x3a Converged to a locally infeasible point. Problem may be infeasible. | warm_start=False
[WARNING] IPOPT tier-2 recovery solve log for case9, year=2025, day=Spring: /Users/micaelsimoes/Projects/share-resource-planning-no_esso-degradation/data/SRP1/Results/P56A/evals/p515s53w106_arm_price_taker_cold/logs/optim_log_case9_2025_Spring_recovery_tier2.log
16:26:56 [W93 +    46.9s] solve   37                 price_taker:cold:tso TSO|-|2025|Spring        FAILED iter 106 attempts 3 0.8s
Traceback (most recent call last):
  File "/Users/micaelsimoes/Projects/share-resource-planning-no_esso-degradation/p515_s53_w93_uncoordinated_benchmark.py", line 1952, in main
    code = stage_arm(run_dir, run_id, arm=args.arm, start=args.start,
           ^^^^^^^^^^^^^^^^^^^^^^^^^^^^^^^^^^^^^^^^^^^^^^^^^^^^^^^^^^
  File "/Users/micaelsimoes/Projects/share-resource-planning-no_esso-degradation/p515_s53_w93_uncoordinated_benchmark.py", line 1493, in stage_arm
    arm_out = UB.run_operational_planning_uncoordinated(
              ^^^^^^^^^^^^^^^^^^^^^^^^^^^^^^^^^^^^^^^^^^
  File "/Users/micaelsimoes/Projects/share-resource-planning-no_esso-degradation/uncoordinated_benchmark.py", line 1063, in run_operational_planning_uncoordinated
    tso_results = solve_tso_model(planning_problem, tso_model, phase=f'{arm}:{start}:tso',
                  ^^^^^^^^^^^^^^^^^^^^^^^^^^^^^^^^^^^^^^^^^^^^^^^^^^^^^^^^^^^^^^^^^^^^^^^^
  File "/Users/micaelsimoes/Projects/share-resource-planning-no_esso-degradation/uncoordinated_benchmark.py", line 1012, in solve_tso_model
    results[year][day], _rec = _solve_block(
                               ^^^^^^^^^^^^^
  File "/Users/micaelsimoes/Projects/share-resource-planning-no_esso-degradation/uncoordinated_benchmark.py", line 988, in _solve_block
    raise ArmSolveFailure(f"solve failed: {record['block']} phase {phase}: {record['summary']}", record)
uncoordinated_benchmark.ArmSolveFailure: solve failed: TSO|-|2025|Spring phase price_taker:cold:tso: status=warning, termination=infeasible, message=Ipopt 3.14.18\x3a Converged to a locally infeasible point. Problem may be infeasible.
16:26:56 [W93 +    46.9s] arm_price_taker_cold: exit 1; guard counts {'permitted_solve': 39, 'permitted_exec': 39, 'blocked_solve': 0, 'blocked_exec': 0}
