16:16:07 [W93 +     0.2s] P5.15 Addendum 49 W93 -- uncoordinated benchmark: three arms, fixed interface, common Q -- tso_coupling_check (solve stage: True); output data/SRP1/Results/P515S53/w106_uncoordinated_settled/tso_coupling_check
16:16:20 [W93 +    13.7s] unpickling data/SRP1/Results/P515S53/w101_srp1_continuation/campaign_s53_w101_srp1_cont_x0/evals/d110bd1a5977df1e_x0/certified_models.pkl (sha256 verified 99ab1070)
16:16:29 [W93 +    22.3s] capture-path checklist at tso-coupling-check (before any solve): 94 items, all True
[INFO] 			 - Running SMOPF, Network case9, 2025, Spring...
16:16:31 [W93 +    24.1s] solve    1       coupling_check:fixed_interface TSO|-|2025|Spring        ok iter 31 attempts 1 0.1s
[INFO] 			 - Running SMOPF, Network case9, 2025, Summer...
16:16:31 [W93 +    24.2s] solve    2       coupling_check:fixed_interface TSO|-|2025|Summer        ok iter 36 attempts 1 0.1s
[INFO] 			 - Running SMOPF, Network case9, 2025, Autumn...
16:16:31 [W93 +    24.4s] solve    3       coupling_check:fixed_interface TSO|-|2025|Autumn        ok iter 30 attempts 1 0.1s
[INFO] 			 - Running SMOPF, Network case9, 2025, Winter...
16:16:31 [W93 +    24.5s] solve    4       coupling_check:fixed_interface TSO|-|2025|Winter        ok iter 33 attempts 1 0.1s
[INFO] 			 - Running SMOPF, Network case9, 2030, Spring...
16:16:31 [W93 +    24.6s] solve    5       coupling_check:fixed_interface TSO|-|2030|Spring        ok iter 33 attempts 1 0.1s
[INFO] 			 - Running SMOPF, Network case9, 2030, Summer...
16:16:32 [W93 +    24.8s] solve    6       coupling_check:fixed_interface TSO|-|2030|Summer        ok iter 33 attempts 1 0.1s
[INFO] 			 - Running SMOPF, Network case9, 2030, Autumn...
16:16:32 [W93 +    24.9s] solve    7       coupling_check:fixed_interface TSO|-|2030|Autumn        ok iter 28 attempts 1 0.1s
[INFO] 			 - Running SMOPF, Network case9, 2030, Winter...
16:16:32 [W93 +    25.0s] solve    8       coupling_check:fixed_interface TSO|-|2030|Winter        ok iter 29 attempts 1 0.1s
[INFO] 			 - Running SMOPF, Network case9, 2035, Spring...
16:16:32 [W93 +    25.1s] solve    9       coupling_check:fixed_interface TSO|-|2035|Spring        ok iter 30 attempts 1 0.1s
[INFO] 			 - Running SMOPF, Network case9, 2035, Summer...
16:16:32 [W93 +    25.3s] solve   10       coupling_check:fixed_interface TSO|-|2035|Summer        ok iter 35 attempts 1 0.1s
[INFO] 			 - Running SMOPF, Network case9, 2035, Autumn...
16:16:32 [W93 +    25.4s] solve   11       coupling_check:fixed_interface TSO|-|2035|Autumn        ok iter 33 attempts 1 0.1s
[INFO] 			 - Running SMOPF, Network case9, 2035, Winter...
16:16:32 [W93 +    25.7s] solve   12       coupling_check:fixed_interface TSO|-|2035|Winter        ok iter 31 attempts 1 0.3s
[INFO] 			 - Running SMOPF, Network case9, 2025, Spring...
16:16:33 [W93 +    25.9s] solve   13      coupling_check:tracking_penalty TSO|-|2025|Spring        ok iter 39 attempts 1 0.1s
[INFO] 			 - Running SMOPF, Network case9, 2025, Summer...
16:16:33 [W93 +    26.0s] solve   14      coupling_check:tracking_penalty TSO|-|2025|Summer        ok iter 42 attempts 1 0.1s
[INFO] 			 - Running SMOPF, Network case9, 2025, Autumn...
16:16:33 [W93 +    26.2s] solve   15      coupling_check:tracking_penalty TSO|-|2025|Autumn        ok iter 36 attempts 1 0.1s
[INFO] 			 - Running SMOPF, Network case9, 2025, Winter...
16:16:33 [W93 +    26.3s] solve   16      coupling_check:tracking_penalty TSO|-|2025|Winter        ok iter 41 attempts 1 0.1s
[INFO] 			 - Running SMOPF, Network case9, 2030, Spring...
16:16:33 [W93 +    26.5s] solve   17      coupling_check:tracking_penalty TSO|-|2030|Spring        ok iter 41 attempts 1 0.1s
[INFO] 			 - Running SMOPF, Network case9, 2030, Summer...
16:16:33 [W93 +    26.6s] solve   18      coupling_check:tracking_penalty TSO|-|2030|Summer        ok iter 42 attempts 1 0.1s
[INFO] 			 - Running SMOPF, Network case9, 2030, Autumn...
16:16:33 [W93 +    26.7s] solve   19      coupling_check:tracking_penalty TSO|-|2030|Autumn        ok iter 38 attempts 1 0.1s
[INFO] 			 - Running SMOPF, Network case9, 2030, Winter...
16:16:34 [W93 +    26.9s] solve   20      coupling_check:tracking_penalty TSO|-|2030|Winter        ok iter 39 attempts 1 0.1s
[INFO] 			 - Running SMOPF, Network case9, 2035, Spring...
16:16:34 [W93 +    27.0s] solve   21      coupling_check:tracking_penalty TSO|-|2035|Spring        ok iter 39 attempts 1 0.1s
[INFO] 			 - Running SMOPF, Network case9, 2035, Summer...
16:16:34 [W93 +    27.1s] solve   22      coupling_check:tracking_penalty TSO|-|2035|Summer        ok iter 42 attempts 1 0.1s
[INFO] 			 - Running SMOPF, Network case9, 2035, Autumn...
16:16:34 [W93 +    27.3s] solve   23      coupling_check:tracking_penalty TSO|-|2035|Autumn        ok iter 42 attempts 1 0.1s
[INFO] 			 - Running SMOPF, Network case9, 2035, Winter...
16:16:34 [W93 +    27.4s] solve   24      coupling_check:tracking_penalty TSO|-|2035|Winter        ok iter 37 attempts 1 0.1s
16:16:34 [W93 +    27.5s] tso_coupling_check: exit 0; guard counts {'permitted_solve': 24, 'permitted_exec': 24, 'blocked_solve': 0, 'blocked_exec': 0}
