10:44:45 [W106 +     0.1s] C0_preconditions: PASS
10:44:46 [W106 +     0.3s] C1_model_hash: PASS
10:44:46 [W106 +     0.3s] C3_w86_unwired: PASS
10:44:46 [W106 +     0.3s] C7_frozen_spec_binds: PASS
10:44:46 [W106 +     0.4s] C8_no_production_change: PASS
10:44:46 [W106 +     0.7s] C6_committed_eval_keys_unchanged: PASS
10:44:59 [W93 +    13.5s] unpickling data/SRP1/Results/P515S48/x0_capture/evals/d2c96b1480402a3b_x0/certified_models.pkl (sha256 verified 03b62593)
10:45:06 [W93 +    21.0s] unpickling data/SRP1/Results/P515S53/w101_srp1_continuation/campaign_s53_w101_srp1_cont_x0/evals/d110bd1a5977df1e_x0/certified_models.pkl (sha256 verified 99ab1070)
10:45:13 [W106 +    27.8s] C4_lambda_units_check_code_path: FAIL (units False, identities True, sidecar True)
10:45:14 [W106 +    28.1s] C2_capture_checklist: PASS
10:45:15 [W93 +    29.5s] unpickling data/SRP1/Results/P515S53/tight_tail_w86/campaign_s53_w86_tail_recert/evals/5cfe69a615ae3708_x0/certified_models.pkl (sha256 verified d816bb4b)
10:45:23 [W106 +    37.6s] C4b curtailment: 181 589.4259366587492 (record 589.425936658749); 132 589.1778397145647
10:46:25 [W106 +    99.4s] C5_w100_bool_typing_test: PASS
10:46:25 [W106 +    99.4s] W106 checks: FAIL ['C4_lambda_units_check_code_path']; guard verify(0) []; counts {'permitted_solve': 0, 'permitted_exec': 0, 'blocked_solve': 0, 'blocked_exec': 0}
       99.64 real        74.35 user        12.35 sys
          2464841728  maximum resident set size
                   0  average shared memory size
                   0  average unshared data size
                   0  average unshared stack size
              655513  page reclaims
                 237  page faults
                   0  swaps
                   0  block input operations
                   0  block output operations
                   0  messages sent
                   0  messages received
                   0  signals received
               60247  voluntary context switches
               11206  involuntary context switches
       1170472325802  instructions retired
        296209269182  cycles elapsed
          2128497112  peak memory footprint
