16:05:19 [W111 +     0.1s] C0_preconditions: PASS
16:05:19 [W111 +     0.3s] C1_model_hash: PASS
16:05:20 [W111 +     0.4s] C3_w86_unwired: PASS
16:05:20 [W111 +     0.4s] C7_frozen_spec_binds: PASS
16:05:20 [W111 +     0.4s] C8_no_production_change: PASS
16:05:20 [W111 +     0.7s] C6 as W106 wrote it (informational): FAIL
16:05:20 [W111 +     1.1s] C6_committed_eval_keys_unchanged_all_arguments: PASS
16:05:20 [W111 +     1.1s] C10_v1_v2_key_diff: PASS
16:05:34 [W93 +    15.2s] unpickling data/SRP1/Results/P515S48/x0_capture/evals/d2c96b1480402a3b_x0/certified_models.pkl (sha256 verified 03b62593)
16:05:43 [W93 +    23.6s] unpickling data/SRP1/Results/P515S53/w101_srp1_continuation/campaign_s53_w101_srp1_cont_x0/evals/d110bd1a5977df1e_x0/certified_models.pkl (sha256 verified 99ab1070)
16:05:50 [W111 +    30.7s] C4v2_lambda_units_check_code_path_v2_scope: PASS all assertions True; settling datum {'s48_cycle_132_point': 0.058284988273939575, 'settled_cycle_181': 0.02602274373327873, 'limit': 0.05}
16:05:50 [W111 +    31.1s] C2_capture_checklist: PASS
16:05:50 [W111 +    31.1s] C9_curtailment_signed_parts: PASS
16:05:50 [W111 +    31.1s] C9 observed {'net|total': 589.4259366587492, 'positive_part|total': 651.3383609806822, 'positive_part|DSO': 651.3383609806822, 'positive_part|TSO': 0.0, 'negative_part|total': -61.912424321932896, 'negative_part|TSO': -19.241862526376515, 'negative_part|DSO': -42.67056179555638}
16:05:52 [W93 +    32.6s] unpickling data/SRP1/Results/P515S53/tight_tail_w86/campaign_s53_w86_tail_recert/evals/5cfe69a615ae3708_x0/certified_models.pkl (sha256 verified d816bb4b)
16:06:00 [W111 +    40.9s] C4b_coordinated_curtailment_recomputed: PASS 181 589.4259366587492 (record 589.425936658749); 132 589.1778397145647
16:07:04 [W111 +   104.7s] C5_w100_bool_typing_test: PASS
16:07:04 [W111 +   104.7s] W111 checks: ALL PASS; guard verify(0) []; counts W111 {'permitted_solve': 0, 'permitted_exec': 0, 'blocked_solve': 0, 'blocked_exec': 0} W106-import {'permitted_solve': 0, 'permitted_exec': 0, 'blocked_solve': 0, 'blocked_exec': 0}
      105.02 real        76.91 user        15.01 sys
          2579054592  maximum resident set size
                   0  average shared memory size
                   0  average unshared data size
                   0  average unshared stack size
              857617  page reclaims
                 506  page faults
                   0  swaps
                   0  block input operations
                   0  block output operations
                   0  messages sent
                   0  messages received
                   0  signals received
               59619  voluntary context switches
               13318  involuntary context switches
       1195752151083  instructions retired
        312963026074  cycles elapsed
          2146060928  peak memory footprint
