16:02:16 [W111 +     0.6s] frozen spec v2: data/SRP1/Results/P515S53/w106_uncoordinated_settled/frozen_s53_benchmark_spec_v2_bb659122.json sha256 bb659122af30b70a878c039c63d6458bf2c87d2a8971222f76f5c7cbb7576112; predecessor v1 46b6ba967a3ac11f1fc2ee26c2e8a656d00a09b43ebd66446c22bfc67831799c; git_head 15a1d4563a23ddcd3fbe4f2b0712c7395cf20cc7; declared solves {'per_stage_exact': 'each stage verifies its own declared count EXACTLY (too few fails)', 'total_declared': 624, 'total_if_every_arm_triggers_the_sequential_pass': 912}; guard verify(0) []
16:02:16 [W111 +     0.6s] v1 -> v2 key diff (24 paths):
16:02:16 [W111 +     0.6s]   changed  authority
16:02:16 [W111 +     0.6s]   added    c4_scope_addendum_55
16:02:16 [W111 +     0.6s]   changed  code_sha256_binding.p515_s53_w93_uncoordinated_benchmark.py
16:02:16 [W111 +     0.6s]   changed  code_sha256_informational.p515_s44_campaign_harness.py.head
16:02:16 [W111 +     0.6s]   changed  code_sha256_informational.p515_s44_campaign_harness.py.working_tree_differs_from_head
16:02:16 [W111 +     0.6s]   added    code_sha256_informational.p515_s53_w111_benchmark_spec_v2.py
16:02:16 [W111 +     0.6s]   changed  curtailment_reporting
16:02:16 [W111 +     0.6s]   added    curtailment_signed_parts_addendum_55
16:02:16 [W111 +     0.6s]   changed  frozen_utc
16:02:16 [W111 +     0.6s]   changed  git_head
16:02:16 [W111 +     0.6s]   changed  lambda_t.prediction_usable_rule
16:02:16 [W111 +     0.6s]   changed  predecessor
16:02:16 [W111 +     0.6s]   changed  predecessor_note
16:02:16 [W111 +     0.6s]   added    report_capture_paths.arm_curtailment_signed_parts
16:02:16 [W111 +     0.6s]   added    report_capture_paths.coordinated_curtailment_signed_parts
16:02:16 [W111 +     0.6s]   added    report_capture_paths.lambda_t_candidate_hours_addendum_55
16:02:16 [W111 +     0.6s]   added    report_capture_paths.variant_curtailment_signed_parts
16:02:16 [W111 +     0.6s]   changed  stage
16:02:16 [W111 +     0.6s]   changed  stages_in_addendum_49_order[0].what
16:02:16 [W111 +     0.6s]   changed  version
16:02:16 [W111 +     0.6s]   changed  zero_solve_checks.command
16:02:16 [W111 +     0.6s]   changed  zero_solve_checks.note
16:02:16 [W111 +     0.6s]   changed  zero_solve_checks.output
16:02:16 [W111 +     0.6s]   added    zero_solve_checks.v1_checks_superseded_for_v2
