16:02:23 [W111 +     0.1s] C0_preconditions: PASS
16:02:23 [W111 +     0.3s] C1_model_hash: PASS
16:02:23 [W111 +     0.3s] C3_w86_unwired: PASS
16:02:23 [W111 +     0.3s] C7_frozen_spec_binds: PASS
16:02:23 [W111 +     0.4s] C8_no_production_change: PASS
16:02:23 [W111 +     0.7s] C6_committed_eval_keys_unchanged: FAIL
16:02:23 [W111 +     0.7s] C10_v1_v2_key_diff: PASS
16:02:37 [W93 +    14.6s] unpickling data/SRP1/Results/P515S48/x0_capture/evals/d2c96b1480402a3b_x0/certified_models.pkl (sha256 verified 03b62593)
16:02:45 [W93 +    23.0s] unpickling data/SRP1/Results/P515S53/w101_srp1_continuation/campaign_s53_w101_srp1_cont_x0/evals/d110bd1a5977df1e_x0/certified_models.pkl (sha256 verified 99ab1070)
16:02:53 [W111 +    30.1s] C4v2_lambda_units_check_code_path_v2_scope: PASS all assertions True; settling datum {'s48_cycle_132_point': 0.058284988273939575, 'settled_cycle_181': 0.02602274373327873, 'limit': 0.05}
16:02:53 [W111 +    30.5s] C2_capture_checklist: PASS
16:02:53 [W111 +    30.6s] C9_curtailment_signed_parts: PASS
16:02:53 [W111 +    30.6s] C9 observed {'net|total': 589.4259366587492, 'positive_part|total': 651.3383609806822, 'positive_part|DSO': 651.3383609806822, 'positive_part|TSO': 0.0, 'negative_part|total': -61.912424321932896, 'negative_part|TSO': -19.241862526376515, 'negative_part|DSO': -42.67056179555638}
16:02:54 [W93 +    32.0s] unpickling data/SRP1/Results/P515S53/tight_tail_w86/campaign_s53_w86_tail_recert/evals/5cfe69a615ae3708_x0/certified_models.pkl (sha256 verified d816bb4b)
16:03:03 [W111 +    40.4s] C4b_coordinated_curtailment_recomputed: PASS 181 589.4259366587492 (record 589.425936658749); 132 589.1778397145647
16:04:07 [W111 +   104.8s] C5_w100_bool_typing_test: PASS
16:04:07 [W111 +   104.8s] W111 checks: FAIL ['C6_committed_eval_keys_unchanged']; guard verify(0) []; counts W111 {'permitted_solve': 0, 'permitted_exec': 0, 'blocked_solve': 0, 'blocked_exec': 0} W106-import {'permitted_solve': 0, 'permitted_exec': 0, 'blocked_solve': 0, 'blocked_exec': 0}
      105.07 real        77.00 user        14.42 sys
          2521169920  maximum resident set size
                   0  average shared memory size
                   0  average unshared data size
                   0  average unshared stack size
              824889  page reclaims
                 566  page faults
                   0  swaps
                   0  block input operations
                   0  block output operations
                   0  messages sent
                   0  messages received
                   0  signals received
               65787  voluntary context switches
               15633  involuntary context switches
       1187833110262  instructions retired
        310562399199  cycles elapsed
          2116028936  peak memory footprint
