[W2] loading baseline (production read of data/SRP1/SRP1.json) ...
[W2] evaluating 105 candidates with the NEW and OLD cost files ...
[W2] workbook diff ...
[W2] guard counts {'permitted_solve': 0, 'permitted_exec': 0, 'blocked_solve': 0, 'blocked_exec': 0} verify(0) failures []
[W2] max |master - p56a| = 9.313e-10 EUR; max |power+energy - master| = 2.328e-10
[W2] claim check: {"claim": "energy costs x1.25, power costs unchanged", "production_level_power_ratio_range": [1.0, 1.0], "production_level_energy_ratio_range": [1.2499999999999998, 1.2500000000000002], "scenario_weights_identical": true, "sheet_Investment_Cost_Power_cached_values_differing_cells": 0, "sheet_Investment_Cost_Energy_cached_values_differing_cells": 105, "sheet_Investment_Cost_Energy_cached_value_ratio": {"min": 1.2499999999999996, "max": 1.2500000000000002, "n": 105}, "power_unchanged": true, "energy_x1_25_within_1e-12": true}
label                                       I_new          I_old    ratio      slack_new feas E<=5
zero                                         0.00           0.00     -        1000000.00 True  True
paper_plan                             1237797.74     1073285.01  1.15328     -237797.74 False True
c_star                                 3696250.22     3105984.62  1.19004    -2696250.22 False True
node7_empty                            2464166.82     2070656.42  1.19004    -1464166.82 False True
two_c_star                             7392500.45     6211969.25  1.19004    -6392500.45 False False
lattice_plan                           1146109.02      993782.41  1.15328     -146109.02 False True
lattice_c_star                         3815484.10     3206177.68  1.19004    -2815484.10 False True
x0                                           0.00           0.00     -        1000000.00 True  True
n5_p0.25_e0.5                           191018.17      165630.40  1.15328      808981.83 True  True
n5_p0.25_e1.0                           317957.01      267181.47  1.19004      682042.99 True  True
n7_p0.25_e0.5                           191018.17      165630.40  1.15328      808981.83 True  True
n7_p0.25_e1.0                           317957.01      267181.47  1.19004      682042.99 True  True
n9_p0.25_e0.5                           191018.17      165630.40  1.15328      808981.83 True  True
n9_p0.25_e1.0                           317957.01      267181.47  1.19004      682042.99 True  True
lattice_plan_n7_p1.5_e3.0              1146109.02      993782.41  1.15328     -146109.02 False True
n5_2h_e1                                382036.34      331260.80  1.15328      617963.66 True  True
n5_4h_e1                                317957.01      267181.47  1.19004      682042.99 True  True
n5_2h_e2                                764072.68      662521.61  1.15328      235927.32 True  True
n5_4h_e2                                635914.02      534362.95  1.19004      364085.98 True  True
n5_2h_e3                               1146109.02      993782.41  1.15328     -146109.02 False True
n5_4h_e3                                953871.03      801544.42  1.19004       46128.97 True  True
n5_2h_e4                               1528145.36     1325043.22  1.15328     -528145.36 False True
n5_4h_e4                               1271828.03     1068725.89  1.19004     -271828.03 False True
n5_2h_e5                               1910181.70     1656304.02  1.15328     -910181.70 False True
n5_4h_e5                               1589785.04     1335907.37  1.19004     -589785.04 False True
n7_2h_e1                                382036.34      331260.80  1.15328      617963.66 True  True
n7_4h_e1                                317957.01      267181.47  1.19004      682042.99 True  True
n7_2h_e2                                764072.68      662521.61  1.15328      235927.32 True  True
n7_4h_e2                                635914.02      534362.95  1.19004      364085.98 True  True
n7_2h_e3                               1146109.02      993782.41  1.15328     -146109.02 False True
n7_4h_e3                                953871.03      801544.42  1.19004       46128.97 True  True
n7_2h_e4                               1528145.36     1325043.22  1.15328     -528145.36 False True
n7_4h_e4                               1271828.03     1068725.89  1.19004     -271828.03 False True
n7_2h_e5                               1910181.70     1656304.02  1.15328     -910181.70 False True
n7_4h_e5                               1589785.04     1335907.37  1.19004     -589785.04 False True
n9_2h_e1                                382036.34      331260.80  1.15328      617963.66 True  True
n9_4h_e1                                317957.01      267181.47  1.19004      682042.99 True  True
n9_2h_e2                                764072.68      662521.61  1.15328      235927.32 True  True
n9_4h_e2                                635914.02      534362.95  1.19004      364085.98 True  True
n9_2h_e3                               1146109.02      993782.41  1.15328     -146109.02 False True
n9_4h_e3                                953871.03      801544.42  1.19004       46128.97 True  True
n9_2h_e4                               1528145.36     1325043.22  1.15328     -528145.36 False True
n9_4h_e4                               1271828.03     1068725.89  1.19004     -271828.03 False True
n9_2h_e5                               1910181.70     1656304.02  1.15328     -910181.70 False True
n9_4h_e5                               1589785.04     1335907.37  1.19004     -589785.04 False True
n5_2h_e1_y2030                          283764.04      246049.64  1.15328      716235.96 True  True
n5_2h_e2_y2030                          567528.09      492099.29  1.15328      432471.91 True  True
n5_2h_e3_y2030                          851292.13      738148.93  1.15328      148707.87 True  True
n5_2h_e4_y2030                         1135056.17      984198.58  1.15328     -135056.17 False True
n5_2h_e5_y2030                         1418820.22     1230248.22  1.15328     -418820.22 False True
n5_4h_e1_y2030                          236168.02      198453.62  1.19004      763831.98 True  True
n5_4h_e2_y2030                          472336.04      396907.24  1.19004      527663.96 True  True
n5_4h_e3_y2030                          708504.06      595360.86  1.19004      291495.94 True  True
n5_4h_e4_y2030                          944672.09      793814.49  1.19004       55327.91 True  True
n5_4h_e5_y2030                         1180840.11      992268.11  1.19004     -180840.11 False True
n7_2h_e1_y2030                          283764.04      246049.64  1.15328      716235.96 True  True
n7_2h_e2_y2030                          567528.09      492099.29  1.15328      432471.91 True  True
n7_2h_e3_y2030                          851292.13      738148.93  1.15328      148707.87 True  True
n7_2h_e4_y2030                         1135056.17      984198.58  1.15328     -135056.17 False True
n7_2h_e5_y2030                         1418820.22     1230248.22  1.15328     -418820.22 False True
n7_4h_e1_y2030                          236168.02      198453.62  1.19004      763831.98 True  True
n7_4h_e2_y2030                          472336.04      396907.24  1.19004      527663.96 True  True
n7_4h_e3_y2030                          708504.06      595360.86  1.19004      291495.94 True  True
n7_4h_e4_y2030                          944672.09      793814.49  1.19004       55327.91 True  True
n7_4h_e5_y2030                         1180840.11      992268.11  1.19004     -180840.11 False True
n9_2h_e1_y2030                          283764.04      246049.64  1.15328      716235.96 True  True
n9_2h_e2_y2030                          567528.09      492099.29  1.15328      432471.91 True  True
n9_2h_e3_y2030                          851292.13      738148.93  1.15328      148707.87 True  True
n9_2h_e4_y2030                         1135056.17      984198.58  1.15328     -135056.17 False True
n9_2h_e5_y2030                         1418820.22     1230248.22  1.15328     -418820.22 False True
n9_4h_e1_y2030                          236168.02      198453.62  1.19004      763831.98 True  True
n9_4h_e2_y2030                          472336.04      396907.24  1.19004      527663.96 True  True
n9_4h_e3_y2030                          708504.06      595360.86  1.19004      291495.94 True  True
n9_4h_e4_y2030                          944672.09      793814.49  1.19004       55327.91 True  True
n9_4h_e5_y2030                         1180840.11      992268.11  1.19004     -180840.11 False True
n5_2h_e1_y2035                          237891.25      206273.69  1.15328      762108.75 True  True
n5_2h_e2_y2035                          475782.50      412547.38  1.15328      524217.50 True  True
n5_2h_e3_y2035                          713673.75      618821.08  1.15328      286326.25 True  True
n5_2h_e4_y2035                          951564.99      825094.77  1.15328       48435.01 True  True
n5_2h_e5_y2035                         1189456.24     1031368.46  1.15328     -189456.24 False True
n5_4h_e1_y2035                          197989.52      166371.96  1.19004      802010.48 True  True
n5_4h_e2_y2035                          395979.03      332743.92  1.19004      604020.97 True  True
n5_4h_e3_y2035                          593968.55      499115.88  1.19004      406031.45 True  True
n5_4h_e4_y2035                          791958.06      665487.84  1.19004      208041.94 True  True
n5_4h_e5_y2035                          989947.58      831859.79  1.19004       10052.42 True  True
n7_2h_e1_y2035                          237891.25      206273.69  1.15328      762108.75 True  True
n7_2h_e2_y2035                          475782.50      412547.38  1.15328      524217.50 True  True
n7_2h_e3_y2035                          713673.75      618821.08  1.15328      286326.25 True  True
n7_2h_e4_y2035                          951564.99      825094.77  1.15328       48435.01 True  True
n7_2h_e5_y2035                         1189456.24     1031368.46  1.15328     -189456.24 False True
n7_4h_e1_y2035                          197989.52      166371.96  1.19004      802010.48 True  True
n7_4h_e2_y2035                          395979.03      332743.92  1.19004      604020.97 True  True
n7_4h_e3_y2035                          593968.55      499115.88  1.19004      406031.45 True  True
n7_4h_e4_y2035                          791958.06      665487.84  1.19004      208041.94 True  True
n7_4h_e5_y2035                          989947.58      831859.79  1.19004       10052.42 True  True
n9_2h_e1_y2035                          237891.25      206273.69  1.15328      762108.75 True  True
n9_2h_e2_y2035                          475782.50      412547.38  1.15328      524217.50 True  True
n9_2h_e3_y2035                          713673.75      618821.08  1.15328      286326.25 True  True
n9_2h_e4_y2035                          951564.99      825094.77  1.15328       48435.01 True  True
n9_2h_e5_y2035                         1189456.24     1031368.46  1.15328     -189456.24 False True
n9_4h_e1_y2035                          197989.52      166371.96  1.19004      802010.48 True  True
n9_4h_e2_y2035                          395979.03      332743.92  1.19004      604020.97 True  True
n9_4h_e3_y2035                          593968.55      499115.88  1.19004      406031.45 True  True
n9_4h_e4_y2035                          791958.06      665487.84  1.19004      208041.94 True  True
n9_4h_e5_y2035                          989947.58      831859.79  1.19004       10052.42 True  True
[W2] frontier node5|2h|2025: new E_max=2.0 old E_max=3.0
[W2] frontier node5|2h|2030: new E_max=3.0 old E_max=4.0
[W2] frontier node5|2h|2035: new E_max=4.0 old E_max=4.0
[W2] frontier node5|4h|2025: new E_max=3.0 old E_max=3.0
[W2] frontier node5|4h|2030: new E_max=4.0 old E_max=5.0
[W2] frontier node5|4h|2035: new E_max=5.0 old E_max=5.0
[W2] frontier node7|2h|2025: new E_max=2.0 old E_max=3.0
[W2] frontier node7|2h|2030: new E_max=3.0 old E_max=4.0
[W2] frontier node7|2h|2035: new E_max=4.0 old E_max=4.0
[W2] frontier node7|4h|2025: new E_max=3.0 old E_max=3.0
[W2] frontier node7|4h|2030: new E_max=4.0 old E_max=5.0
[W2] frontier node7|4h|2035: new E_max=5.0 old E_max=5.0
[W2] frontier node9|2h|2025: new E_max=2.0 old E_max=3.0
[W2] frontier node9|2h|2030: new E_max=3.0 old E_max=4.0
[W2] frontier node9|2h|2035: new E_max=4.0 old E_max=4.0
[W2] frontier node9|4h|2025: new E_max=3.0 old E_max=3.0
[W2] frontier node9|4h|2030: new E_max=4.0 old E_max=5.0
[W2] frontier node9|4h|2035: new E_max=5.0 old E_max=5.0
[W2] files modified during run: {"under_OUT_DIR": ["data/SRP1/Results/P515S45/investment_cost/launch.log"], "under_concurrent_campaign_dir": ["data/SRP1/Results/P515S45/reverify_aa_c_star/evals/3e741dac72c9e1bc_c_star_aa_case_file/child_stdout.log", "data/SRP1/Results/P515S45/reverify_aa_c_star/evals/3e741dac72c9e1bc_c_star_aa_case_file/ess_entry_stride_baseline.jsonl", "data/SRP1/Results/P515S45/reverify_aa_c_star/evals/3e741dac72c9e1bc_c_star_aa_case_file/ess_exempt_until_state_s39_D.jsonl", "data/SRP1/Results/P515S45/reverify_aa_c_star/evals/3e741dac72c9e1bc_c_star_aa_case_file/esso_capture/s39_D/node5_cycle009.jsonl", "data/SRP1/Results/P515S45/reverify_aa_c_star/evals/3e741dac72c9e1bc_c_star_aa_case_file/esso_capture/s39_D/node7_cycle009.jsonl", "data/SRP1/Results/P515S45/reverify_aa_c_star/evals/3e741dac72c9e1bc_c_star_aa_case_file/esso_capture/s39_D/node9_cycle009.jsonl", "data/SRP1/Results/P515S45/reverify_aa_c_star/evals/3e741dac72c9e1bc_c_star_aa_case_file/esso_recovery_events_s39_D.jsonl", "data/SRP1/Results/P515S45/reverify_aa_c_star/evals/3e741dac72c9e1bc_c_star_aa_case_file/frozen_snapshots_s39_D.jsonl", "data/SRP1/Results/P515S45/reverify_aa_c_star/evals/3e741dac72c9e1bc_c_star_aa_case_file/heartbeat_s39_D.json", "data/SRP1/Results/P515S45/reverify_aa_c_star/evals/3e741dac72c9e1bc_c_star_aa_case_file/leak_classification_s39_D.jsonl", "data/SRP1/Results/P515S45/reverify_aa_c_star/evals/3e741dac72c9e1bc_c_star_aa_case_file/network_failures_s39_D.jsonl", "data/SRP1/Results/P515S45/reverify_aa_c_star/evals/3e741dac72c9e1bc_c_star_aa_case_file/pf_entry_stride_s39_D.jsonl", "data/SRP1/Results/P515S45/reverify_aa_c_star/evals/3e741dac72c9e1bc_c_star_aa_case_file/recourse_jump_sidecar_baseline.jsonl", "data/SRP1/Results/P515S45/reverify_aa_c_star/evals/3e741dac72c9e1bc_c_star_aa_case_file/soh_floor_sidecar_baseline.jsonl", "data/SRP1/Results/P515S45/reverify_aa_c_star/evals/3e741dac72c9e1bc_c_star_aa_case_file/stdout_s39_D.log"], "elsewhere": ["data/SRP1/Diagrams/SRP1_market_prices_2025_Autumn.pdf", "data/SRP1/Diagrams/SRP1_market_prices_2025_Spring.pdf", "data/SRP1/Diagrams/SRP1_market_prices_2025_Summer.pdf", "data/SRP1/Diagrams/SRP1_market_prices_2025_Winter.pdf", "data/SRP1/Diagrams/case33_1_RES_generation_scenarios_2025_Autumn.pdf", "data/SRP1/Diagrams/case33_1_RES_generation_scenarios_2025_Spring.pdf", "data/SRP1/Diagrams/case33_1_RES_generation_scenarios_2025_Summer.pdf", "data/SRP1/Diagrams/case33_1_RES_generation_scenarios_2025_Winter.pdf", "data/SRP1/Diagrams/case33_1_flexibility_scenarios_2025_Autumn.pdf", "data/SRP1/Diagrams/case33_1_flexibility_scenarios_2025_Spring.pdf", "data/SRP1/Diagrams/case33_1_flexibility_scenarios_2025_Summer.pdf", "data/SRP1/Diagrams/case33_1_flexibility_scenarios_2025_Winter.pdf", "data/SRP1/Diagrams/case33_1_load_scenarios_2025_Autumn.pdf", "data/SRP1/Diagrams/case33_1_load_scenarios_2025_Spring.pdf", "data/SRP1/Diagrams/case33_1_load_scenarios_2025_Summer.pdf", "data/SRP1/Diagrams/case33_1_load_scenarios_2025_Winter.pdf", "data/SRP1/Diagrams/case33_2_RES_generation_scenarios_2025_Autumn.pdf", "data/SRP1/Diagrams/case33_2_RES_generation_scenarios_2025_Spring.pdf", "data/SRP1/Diagrams/case33_2_RES_generation_scenarios_2025_Summer.pdf", "data/SRP1/Diagrams/case33_2_RES_generation_scenarios_2025_Winter.pdf", "data/SRP1/Diagrams/case33_2_flexibility_scenarios_2025_Autumn.pdf", "data/SRP1/Diagrams/case33_2_flexibility_scenarios_2025_Spring.pdf", "data/SRP1/Diagrams/case33_2_flexibility_scenarios_2025_Summer.pdf", "data/SRP1/Diagrams/case33_2_flexibility_scenarios_2025_Winter.pdf", "data/SRP1/Diagrams/case33_2_load_scenarios_2025_Autumn.pdf", "data/SRP1/Diagrams/case33_2_load_scenarios_2025_Spring.pdf", "data/SRP1/Diagrams/case33_2_load_scenarios_2025_Summer.pdf", "data/SRP1/Diagrams/case33_2_load_scenarios_2025_Winter.pdf", "data/SRP1/Diagrams/case33_3_RES_generation_scenarios_2025_Autumn.pdf", "data/SRP1/Diagrams/case33_3_RES_generation_scenarios_2025_Spring.pdf", "data/SRP1/Diagrams/case33_3_RES_generation_scenarios_2025_Summer.pdf", "data/SRP1/Diagrams/case33_3_RES_generation_scenarios_2025_Winter.pdf", "data/SRP1/Diagrams/case33_3_flexibility_scenarios_2025_Autumn.pdf", "data/SRP1/Diagrams/case33_3_flexibility_scenarios_2025_Spring.pdf", "data/SRP1/Diagrams/case33_3_flexibility_scenarios_2025_Summer.pdf", "data/SRP1/Diagrams/case33_3_flexibility_scenarios_2025_Winter.pdf", "data/SRP1/Diagrams/case33_3_load_scenarios_2025_Autumn.pdf", "data/SRP1/Diagrams/case33_3_load_scenarios_2025_Spring.pdf", "data/SRP1/Diagrams/case33_3_load_scenarios_2025_Summer.pdf", "data/SRP1/Diagrams/case33_3_load_scenarios_2025_Winter.pdf", "data/SRP1/Diagrams/case9_RES_generation_scenarios_2025_Autumn.pdf", "data/SRP1/Diagrams/case9_RES_generation_scenarios_2025_Spring.pdf", "data/SRP1/Diagrams/case9_RES_generation_scenarios_2025_Summer.pdf", "data/SRP1/Diagrams/case9_RES_generation_scenarios_2025_Winter.pdf", "data/SRP1/Diagrams/case9_flexibility_scenarios_2025_Autumn.pdf", "data/SRP1/Diagrams/case9_flexibility_scenarios_2025_Spring.pdf", "data/SRP1/Diagrams/case9_flexibility_scenarios_2025_Summer.pdf", "data/SRP1/Diagrams/case9_flexibility_scenarios_2025_Winter.pdf", "data/SRP1/Diagrams/case9_load_scenarios_2025_Autumn.pdf", "data/SRP1/Diagrams/case9_load_scenarios_2025_Spring.pdf", "data/SRP1/Diagrams/case9_load_scenarios_2025_Summer.pdf", "data/SRP1/Diagrams/case9_load_scenarios_2025_Winter.pdf", "data/SRP1/Results/P56A/evals/p515s44_s45_reverify_aa_c_star_3e741dac72c9e1bc_run/logs/optim_log_case33_1_2025_Spring.log", "data/SRP1/Results/P56A/evals/p515s44_s45_reverify_aa_c_star_3e741dac72c9e1bc_run/logs/optim_log_case33_3_2030_Autumn.log", "data/SRP1/Results/P56A/evals/p515s44_s45_reverify_aa_c_star_3e741dac72c9e1bc_run/logs/optim_log_case33_3_2030_Autumn_recovery.log", "data/SRP1/Results/P56A/evals/p515s44_s45_reverify_aa_c_star_3e741dac72c9e1bc_run/logs/optim_log_case33_3_2030_Winter.log", "data/SRP1/Results/P56A/evals/p515s44_s45_reverify_aa_c_star_3e741dac72c9e1bc_run/logs/optim_log_case33_3_2035_Autumn.log", "data/SRP1/Results/P56A/evals/p515s44_s45_reverify_aa_c_star_3e741dac72c9e1bc_run/logs/optim_log_case33_3_2035_Spring.log", "data/SRP1/Results/P56A/evals/p515s44_s45_reverify_aa_c_star_3e741dac72c9e1bc_run/logs/optim_log_case33_3_2035_Summer.log", "data/SRP1/Results/P56A/evals/p515s44_s45_reverify_aa_c_star_3e741dac72c9e1bc_run/logs/optim_log_case33_3_2035_Winter.log", "data/SRP1/Results/P56A/evals/p515s44_s45_reverify_aa_c_star_3e741dac72c9e1bc_run/logs/optim_log_case9_2025_Autumn.log", "data/SRP1/Results/P56A/evals/p515s44_s45_reverify_aa_c_star_3e741dac72c9e1bc_run/logs/optim_log_case9_2025_Spring.log", "data/SRP1/Results/P56A/evals/p515s44_s45_reverify_aa_c_star_3e741dac72c9e1bc_run/logs/optim_log_case9_2025_Summer.log", "data/SRP1/Results/P56A/evals/p515s44_s45_reverify_aa_c_star_3e741dac72c9e1bc_run/logs/optim_log_case9_2025_Winter.log", "data/SRP1/Results/P56A/evals/p515s44_s45_reverify_aa_c_star_3e741dac72c9e1bc_run/logs/optim_log_case9_2030_Autumn.log", "data/SRP1/Results/P56A/evals/p515s44_s45_reverify_aa_c_star_3e741dac72c9e1bc_run/logs/optim_log_case9_2030_Spring.log", "data/SRP1/Results/P56A/evals/p515s44_s45_reverify_aa_c_star_3e741dac72c9e1bc_run/logs/optim_log_case9_2030_Summer.log", "data/SRP1/Results/P56A/evals/p515s44_s45_reverify_aa_c_star_3e741dac72c9e1bc_run/logs/optim_log_case9_2030_Winter.log", "data/SRP1/Results/P56A/evals/p515s44_s45_reverify_aa_c_star_3e741dac72c9e1bc_run/logs/optim_log_case9_2035_Autumn.log", "data/SRP1/Results/P56A/evals/p515s44_s45_reverify_aa_c_star_3e741dac72c9e1bc_run/logs/optim_log_case9_2035_Spring.log", "data/SRP1/Results/P56A/evals/p515s44_s45_reverify_aa_c_star_3e741dac72c9e1bc_run/logs/optim_log_case9_2035_Summer.log", "data/SRP1/Results/P56A/evals/p515s44_s45_reverify_aa_c_star_3e741dac72c9e1bc_run/logs/optim_log_case9_2035_Winter.log", "data/SRP1/Results/P56A/evals/p515s44_s45_reverify_aa_c_star_3e741dac72c9e1bc_run/logs/optim_log_esso_node5_cycle009.txt", "data/SRP1/Results/P56A/evals/p515s44_s45_reverify_aa_c_star_3e741dac72c9e1bc_run/logs/optim_log_esso_node7_cycle009.txt", "data/SRP1/Results/P56A/evals/p515s44_s45_reverify_aa_c_star_3e741dac72c9e1bc_run/logs/optim_log_esso_node9_cycle009.txt"]}
[W2] porcelain identical before/after: True
[W2] done
