18:57:37 [W35-item3] P5.15 Addendum 36 W35 item 3 -- zero-solve checks for the four single-scenario code paths
18:57:37 [W35-item3] A_install_baseline
18:57:37 [W35-item3]    non_srp1_instance_installs: True
18:57:37 [W35-item3]    load_baseline_returns_the_installed_record: True
18:57:37 [W35-item3]    second_installation_refused: True
18:57:37 [W35-item3]    srp1_label_still_asserts_canonical_checksum: True
18:57:37 [W35-item3]    srp1_label_accepts_canonical_checksum: True
18:57:37 [W35-item3]    load_baseline_srp1_path_unchanged: True
18:57:37 [W35-item3]    scale_harness_delegates_to_install_baseline: True
18:57:37 [W35-item3] B_run_admm_arm_solve_count
18:57:37 [W35-item3]    hard_coded_51_gone_from_the_assignment: True
18:57:37 [W35-item3]    derivation_present: True
18:57:37 [W35-item3]    per_event_credit_present: True
18:57:37 [W35-item3]    esso_or_indeterminate_makes_it_unsupported: True
18:57:37 [W35-item3]    srp1_solves_per_cycle_holds: True
18:57:37 [W35-item3]    paper_solves_per_cycle_holds: True
18:57:37 [W35-item3]    c_star_identity_repaired: True
18:57:37 [W35-item3] C_expectation_helpers
18:57:37 [W35-item3]    scenario_expectation_is_bitwise_identity_at_1x1: True
18:57:37 [W35-item3]    scenario_expectation_2x2_holds: True
18:57:37 [W35-item3]    expected_market_price_is_bitwise_identity_at_one_market_scenario: True
18:57:37 [W35-item3]    expected_market_price_two_market_scenarios_holds: True
18:57:37 [W35-item3]    srp1_probability_vectors_are_unit_on_every_block_holds: True
18:57:37 [W35-item3] D_branch_selection
18:57:37 [W35-item3]    single_scenario_predicate_holds: True
18:57:37 [W35-item3]    legacy_single_scenario_reads_intact: True
18:57:37 [W35-item3]    multi_scenario_reads_are_the_expected_vars: True
18:57:37 [W35-item3]    legacy_single_scenario_bounds_intact: True
18:57:37 [W35-item3]    multi_scenario_bounds_are_the_expected_vars: True
18:57:37 [W35-item3]    apply_common_values_raises_above_1x1: True
18:57:37 [W35-item3]    apply_common_values_proceeds_at_1x1: True
18:57:37 [W35-item3]    common_coordinated_values_refuses_multi_ess_dso_above_1x1: True
18:57:37 [W35-item3] E_settlement_priced_residual
18:57:37 [W35-item3]    priced_residual_reproduced_bitwise: True
18:57:37 [W35-item3] failures: []
18:57:37 [W35-item3] wrote data/SRP1/Results/P515S50/generalization_checks/generalization_checks.json (sha256 2fe20ee739bfaab2493a2d4afc3f666dcbdeb4d46400c8231575777d51f87633)
18:57:37 [W35-item3] ALL_OK=True
