18:57:52 [W35-item1] P5.15 Addendum 35 W35 item 1 -- scale-harness per-event solve identity + unrecovered-failure policy
18:57:54 [W35-item1] paper_cycle_snapoff_memfix_r1 (78a9b230, ONE UNRECOVERED BLOCK): observed 168 | per-event 168 (HOLDS) | recovered-only 166 (FAILS) | classes {'recovered_tier1': 0, 'recovered_tier2': 0, 'unrecovered': 1, 'not_attempted': 0, 'indeterminate': 0}
18:57:54 [W35-item1] NO CYCLE RECORD paper_cycle_snapoff_r2: data/SRP1/Results/P515S44/scale_measurement/paper_cycle_snapoff_r2/cycle_record.json -- memory-watchdog abort of the cycle child (exit 97): no cycle record by design
18:57:54 [W35-item1] NO CYCLE RECORD paper_cycle_snapoff_r1: data/SRP1/Results/P515S44/scale_measurement/paper_cycle_snapoff_r1/cycle_record.json -- memory-watchdog abort of the cycle child (exit 97): no cycle record by design
18:57:54 [W35-item1] srp1_cycle_snapoff_r1: observed 102 | per-event 102 (HOLDS) | recovered-only 102 (holds) | classes {'recovered_tier1': 0, 'recovered_tier2': 0, 'unrecovered': 0, 'not_attempted': 0, 'indeterminate': 0}
18:57:54 [W35-item1] NO CYCLE RECORD srp1_calibration_r2: data/SRP1/Results/P515S44/scale_measurement/srp1_calibration_r2/cycle_record.json -- build-only run: no cycle child was launched
18:57:54 [W35-item1] NO CYCLE RECORD srp1_calibration: data/SRP1/Results/P515S44/scale_measurement/srp1_calibration/cycle_record.json -- build-only run: no cycle child was launched
18:57:54 [W35-item1] s47_recert 070f833e1e318f85_c_star: observed 4528 | per-event 4528 (HOLDS) | recovered-only 4528 (holds) | classes {'recovered_tier1': 34, 'recovered_tier2': 3, 'unrecovered': 0, 'not_attempted': 0, 'indeterminate': 0}
18:57:54 [W35-item1] s47_recert bd504ecf5a288d44_n7_4h_e1: observed 5764 | per-event 5764 (HOLDS) | recovered-only 5764 (holds) | classes {'recovered_tier1': 1, 'recovered_tier2': 0, 'unrecovered': 0, 'not_attempted': 0, 'indeterminate': 0}
18:57:54 [W35-item1] s49_flex_ladder 0513054158970f16_n7_4h_e1_m3: observed 7344 | per-event 7344 (HOLDS) | recovered-only 7344 (holds) | classes {'recovered_tier1': 0, 'recovered_tier2': 0, 'unrecovered': 0, 'not_attempted': 0, 'indeterminate': 0}
18:57:54 [W35-item1] s49_flex_ladder 50dea31c5780df57_x0_m2: observed 6885 | per-event 6885 (HOLDS) | recovered-only 6885 (holds) | classes {'recovered_tier1': 0, 'recovered_tier2': 0, 'unrecovered': 0, 'not_attempted': 0, 'indeterminate': 0}
18:57:54 [W35-item1] s49_flex_ladder 74eda68d74d990b2_n7_4h_e1_m2: observed 6784 | per-event 6784 (HOLDS) | recovered-only 6784 (holds) | classes {'recovered_tier1': 1, 'recovered_tier2': 0, 'unrecovered': 0, 'not_attempted': 0, 'indeterminate': 0}
18:57:54 [W35-item1] s49_flex_ladder 75c65e733528d4c4_x0_m3: observed 4233 | per-event 4233 (HOLDS) | recovered-only 4233 (holds) | classes {'recovered_tier1': 0, 'recovered_tier2': 0, 'unrecovered': 0, 'not_attempted': 0, 'indeterminate': 0}
18:57:54 [W35-item1] s49_flex_ladder aa8a76d71ae49f13_x0_m1p5: observed 5253 | per-event 5253 (HOLDS) | recovered-only 5253 (holds) | classes {'recovered_tier1': 0, 'recovered_tier2': 0, 'unrecovered': 0, 'not_attempted': 0, 'indeterminate': 0}
18:57:54 [W35-item1] s49_flex_ladder f9eae48ff6133f6c_n7_4h_e1_m1p5: observed 4847 | per-event 4847 (HOLDS) | recovered-only 4847 (holds) | classes {'recovered_tier1': 2, 'recovered_tier2': 0, 'unrecovered': 0, 'not_attempted': 0, 'indeterminate': 0}
18:57:54 [W35-item1]   replica_agrees_with_ladder_everywhere: True
18:57:54 [W35-item1]   per_event_identity_holds_everywhere: True
18:57:54 [W35-item1]   per_event_holds_wherever_recovered_only_did: True
18:57:54 [W35-item1]   the_two_agree_when_no_unrecovered_block: True
18:57:54 [W35-item1]   unrecovered_case_present_in_the_evidence: True
18:57:54 [W35-item1]   unrecovered_case_old_rule_fails_new_rule_holds: True
18:57:54 [W35-item1]   n_records_checked: 10
18:57:54 [W35-item1]   unrecovered_failure_policy_verified_against_production: True
18:57:54 [W35-item1]   zero_solves: True
18:57:54 [W35-item1] wrote data/SRP1/Results/P515S50/harness_identity_checks_post_item3/harness_identity_checks.json (sha256 f6f3da5fb9dedba7587ff063fa311171ab3a40ce3c7980e932bdb3a9f5df4215)
18:57:54 [W35-item1] ALL_OK=True
