08:42:55 P5.15 Planner task W153 -- Step 5 zero-solve rows (discount, salvage add-back, certification statistics); git HEAD acedf45c987e2b3ef195b1f4285871b7f1703da5; tracked changes: none
08:42:59 DISCOUNT instance: unit db77e154 eval 3f084f2f Q172 653620162.5657823; x0 eval d110bd1a Q181 653873702.1876609; I 317957.0085035586
08:42:59 DISCOUNT reconstruction: certified V 253539.6219; from blocks 253539.6219; re-weighted 253539.6219
08:42:59 DISCOUNT V_2025: weighted 2 % 104368.77; undiscounted 104368.77
08:42:59 DISCOUNT V_2030: weighted 2 % 79081.30; undiscounted 87312.14
08:42:59 DISCOUNT V_2035: weighted 2 % 70089.56; undiscounted 85438.78
08:42:59 DISCOUNT r 0.00: V 277119.69 (+9.30 % vs 2 %) value/I 0.8716 value-I -40837.32 (-2.57x thr 15913.02: determinate) | earlier V 287840.86 value/I 0.9053 value-I -30116.15
08:42:59 DISCOUNT r 0.02: V 253539.62 (+0.00 % vs 2 %) value/I 0.7974 value-I -64417.39 (-4.93x thr 13054.22: determinate) | earlier V 261807.50 value/I 0.8234 value-I -56149.50
08:42:59 DISCOUNT r 0.05: V 225232.11 (-11.16 % vs 2 %) value/I 0.7084 value-I -92724.89 (-7.10x thr 13054.22: determinate) | earlier V 230737.56 value/I 0.7257 value-I -87219.45
08:42:59 DISCOUNT r 0.08: V 203366.63 (-19.79 % vs 2 %) value/I 0.6396 value-I -114590.38 (-8.78x thr 13054.22: determinate) | earlier V 206911.14 value/I 0.6508 value-I -111045.87
08:42:59 SPREAD market (day-weighted, undiscounted): {'max_minus_min': 116.92360725884495, 'top4_mean_minus_bottom4_mean': 97.99086039739976, 'mean_price': 108.41103934457304}; captured settled {'a_literal_V2pct_over_undiscounted_EFC': 54.41213490769892, 'b_consistent_undiscounted_V0_over_undiscounted_EFC': 59.47265269002133, 'c_consistent_discounted_V2pct_over_discounted_EFC': 59.017254916977585, 'per_year_undiscounted': {'2025': 56.25942958780977, '2030': 53.15844023093612, '2035': 73.52780155506004}}; earlier {'a_literal_V2pct_over_undiscounted_EFC': 47.85063451254076, 'b_consistent_undiscounted_V0_over_undiscounted_EFC': 52.608759160270516, 'c_consistent_discounted_V2pct_over_discounted_EFC': 52.11459170947094} {'2025': 49.490187479190695, '2030': 44.40845454603877, '2035': 67.11750234642408}
08:42:59 AGEING settled unit: [(2025, 1.0165, 0.8805, False), (2030, 0.9, 0.7798, False), (2035, 0.6367, 0.7, True)]
08:42:59 SALVAGE B:n5_4h_e1: gross 58036.03 [determinate] net 58036.03 [determinate] salvage ref 0.00 other -0.00 cells ['ref:7aa017f0'] / ['b_2a0ba8b2'] differs False
08:42:59 SALVAGE B:n7_2h_e1: gross 114078.43 [determinate] net 114078.43 [determinate] salvage ref 0.00 other 0.00 cells ['ref:7aa017f0'] / ['d_d3709599'] differs False
08:42:59 SALVAGE B:n7_4h_e1: gross 64417.39 [determinate] net 64417.39 [determinate] salvage ref 0.00 other 0.00 cells ['ref:7aa017f0'] / ['ref:bd504ecf'] differs False
08:42:59 SALVAGE B:n7_2h_e2: gross 231709.80 [determinate] net 231709.80 [determinate] salvage ref 0.00 other -0.00 cells ['ref:7aa017f0'] / ['d_a12d95a2'] differs False
08:42:59 SALVAGE B:n7_4h_e2: gross 135539.68 [determinate] net 135539.68 [determinate] salvage ref 0.00 other 0.00 cells ['ref:7aa017f0'] / ['d_c52e1670'] differs False
08:42:59 SALVAGE B:n7_2h_e3: gross 361683.71 [determinate] net 361683.71 [determinate] salvage ref 0.00 other -0.00 cells ['ref:7aa017f0'] / ['d_f759dd48'] differs False
08:42:59 SALVAGE B:n7_4h_e3: gross 208290.70 [determinate] net 208290.70 [determinate] salvage ref 0.00 other 0.00 cells ['ref:7aa017f0'] / ['d_4a82a64a'] differs False
08:42:59 SALVAGE B:n7_2h_e4: gross 494416.01 [determinate] net 494416.01 [determinate] salvage ref 0.00 other 0.00 cells ['ref:7aa017f0'] / ['d_c7fee8be'] differs False
08:42:59 SALVAGE B:n7_4h_e4: gross 273951.65 [determinate] net 273951.65 [determinate] salvage ref 0.00 other 0.00 cells ['ref:7aa017f0'] / ['d_3632b0ae'] differs False
08:42:59 SALVAGE B:n7_2h_e5: gross 616554.29 [determinate] net 616554.29 [determinate] salvage ref 0.00 other -0.00 cells ['ref:7aa017f0'] / ['d_9246ed01'] differs False
08:42:59 SALVAGE B:n7_4h_e5: gross 347243.79 [determinate] net 347243.79 [determinate] salvage ref 0.00 other -0.00 cells ['ref:7aa017f0'] / ['d_36686489'] differs False
08:42:59 SALVAGE B:n9_4h_e1: gross 61100.55 [determinate] net 61100.55 [determinate] salvage ref 0.00 other -0.00 cells ['ref:7aa017f0'] / ['b_0dd237f0'] differs False
08:42:59 SALVAGE B:n9_4h_e3: gross 199097.53 [determinate] net 199097.53 [determinate] salvage ref 0.00 other -0.00 cells ['ref:7aa017f0'] / ['b_4649234b'] differs False
08:42:59 SALVAGE C:y2025__n5_p0.25_e0.5__n9_p0.25_e0.5: gross 102096.79 [determinate] net 102096.79 [determinate] salvage ref 0.00 other 0.00 cells ['ref:7aa017f0'] / ['c_156ce2d1'] differs False
08:42:59 SALVAGE C:y2030__n5_p0.25_e0.5__n7_p0.25_e0.5: gross 93877.52 [determinate] net 84022.96 [determinate] salvage ref 0.00 other 9854.56 cells ['ref:7aa017f0'] / ['c_6597a79d'] differs False
08:42:59 SALVAGE G:n7_2h_e1_y2030:gross: gross 99027.04 [determinate] net 88337.82 [determinate] salvage ref 0.00 other 10689.22 cells ['ref:7aa017f0'] / ['g_37b5c499'] differs False
08:42:59 SALVAGE G:n7_2h_e1_y2030:net: gross 99027.04 [determinate] net 88337.82 [determinate] salvage ref 0.00 other 10689.22 cells ['ref:7aa017f0'] / ['g_37b5c499'] differs False
08:42:59 SALVAGE G:n7_4h_e2_y2030:gross: gross 137432.30 [determinate] net 113065.99 [determinate] salvage ref 0.00 other 24366.31 cells ['ref:7aa017f0'] / ['g_48749148'] differs False
08:42:59 SALVAGE G:n7_4h_e2_y2030:net: gross 137432.30 [determinate] net 113065.99 [determinate] salvage ref 0.00 other 24366.31 cells ['ref:7aa017f0'] / ['g_48749148'] differs False
08:42:59 SALVAGE G:n7_2h_e1_y2035:gross: gross 139659.51 [determinate] net 85088.88 [determinate] salvage ref 0.00 other 54570.63 cells ['ref:7aa017f0'] / ['g_47dce43c'] differs False
08:42:59 SALVAGE G:n7_2h_e1_y2035:net: gross 139659.51 [determinate] net 85088.88 [determinate] salvage ref 0.00 other 54570.63 cells ['ref:7aa017f0'] / ['g_47dce43c'] differs False
08:42:59 SALVAGE G:n7_4h_e2_y2035:gross: gross 223582.70 [determinate] net 109133.90 [determinate] salvage ref 0.00 other 114448.81 cells ['ref:7aa017f0'] / ['g_9abf31d4'] differs False
08:42:59 SALVAGE G:n7_4h_e2_y2035:net: gross 223582.70 [determinate] net 109133.90 [determinate] salvage ref 0.00 other 114448.81 cells ['ref:7aa017f0'] / ['g_9abf31d4'] differs False
08:42:59 SALVAGE H:m1.5:value_minus_I: gross -14450.28 [within the uncertified bar] net -14450.28 [within the uncertified bar] salvage ref 0.00 other 0.00 cells ['h_aa8a76d7'] / ['h_f9eae48f'] differs False
08:42:59 SALVAGE H:m2:value_minus_I: gross 46285.46 [determinate] net 46285.46 [determinate] salvage ref 0.00 other 0.00 cells ['h_50dea31c'] / ['h_74eda68d'] differs False
08:42:59 SALVAGE I:m2:second_MWh: gross 46514.76 [determinate] net 46514.76 [determinate] salvage ref 0.00 other -0.00 cells ['h_74eda68d'] / ['i_5a6a88b4'] differs False
08:42:59 SALVAGE I:m2:e2_value_minus_I: gross 92800.22 [determinate] net 92800.22 [determinate] salvage ref 0.00 other -0.00 cells ['h_50dea31c'] / ['i_5a6a88b4'] differs False
08:42:59 SALVAGE J:e2_to_e3: gross 40972.63 [determinate] net 40972.63 [determinate] salvage ref -0.00 other -0.00 cells ['i_5a6a88b4'] / ['j_f3aa335e'] differs False
08:42:59 SALVAGE J:e3_to_e4: gross 42807.46 [determinate] net 42807.46 [determinate] salvage ref -0.00 other -0.00 cells ['j_f3aa335e'] / ['j_a11d7966'] differs False
08:42:59 SALVAGE J:e4_to_e5: gross 51820.48 [determinate] net 51820.48 [determinate] salvage ref -0.00 other 0.00 cells ['j_a11d7966'] / ['j_5f3cccb4'] differs False
08:42:59 SALVAGE J:e3_value_minus_I: gross 133772.85 [determinate] net 133772.85 [determinate] salvage ref 0.00 other -0.00 cells ['h_50dea31c'] / ['j_f3aa335e'] differs False
08:42:59 SALVAGE J:e4_value_minus_I: gross 176580.30 [determinate] net 176580.30 [determinate] salvage ref 0.00 other -0.00 cells ['h_50dea31c'] / ['j_a11d7966'] differs False
08:42:59 SALVAGE J:e5_value_minus_I: gross 228400.78 [determinate] net 228400.78 [determinate] salvage ref 0.00 other 0.00 cells ['h_50dea31c'] / ['j_5f3cccb4'] differs False
08:42:59 SALVAGE L:y2030__n5_p0.25_e0.5__n7_p1_e3: gross 26427.21 [within the uncertified bar] net 34120.26 [determinate] salvage ref 39043.21 other 31350.17 cells ['ref:5ca4f86c'] / ['l_0ee93aca'] differs True
08:42:59 SALVAGE L:y2030__n5_p0.25_e1__n7_p1_e3: gross -6107.64 [within the uncertified bar] net -5407.94 [within the uncertified bar] salvage ref 39043.21 other 38343.51 cells ['ref:5ca4f86c'] / ['ref:e28de4ac'] differs False
08:42:59 SALVAGE L:y2030__n5_p0.25_e0.5__n7_p1.25_e3: gross 53259.29 [determinate] net 62774.73 [determinate] salvage ref 39043.21 other 29527.78 cells ['ref:5ca4f86c'] / ['l_2ab0ce2d'] differs False
08:42:59 SALVAGE L:y2030__n7_p1_e4: gross 6384.11 [within the uncertified bar] net 1611.81 [within the uncertified bar] salvage ref 39043.21 other 43815.51 cells ['ref:5ca4f86c'] / ['l_7b199ef9'] differs False
08:42:59 SALVAGE L:y2030__n7_p1_e3.5: gross 23868.87 [within the uncertified bar] net 26794.78 [within the uncertified bar] salvage ref 39043.21 other 36117.30 cells ['ref:5ca4f86c'] / ['l_e1da0984'] differs False
08:42:59 SALVAGE L:y2030__n5_p0.25_e0.5__n7_p0.75_e3: gross 28621.21 [determinate] net 32373.87 [determinate] salvage ref 39043.21 other 35290.55 cells ['ref:5ca4f86c'] / ['l_195156fa'] differs False
08:42:59 SALVAGE L:y2025__n7_p0.75_e3: gross 94347.05 [determinate] net 133390.26 [determinate] salvage ref 39043.21 other -0.00 cells ['ref:5ca4f86c'] / ['j_f3aa335e'] differs False
08:42:59 SALVAGE L:y2030__n7_p0.75_e3: gross 61485.98 [determinate] net 69233.46 [determinate] salvage ref 39043.21 other 31295.73 cells ['ref:5ca4f86c'] / ['l_8e4c220e'] differs False
08:42:59 SALVAGE L:y2030__n7_p0.75_e3__n9_p0.25_e0.5: gross 35335.93 [determinate] net 38450.14 [determinate] salvage ref 39043.21 other 35929.01 cells ['ref:5ca4f86c'] / ['l_7db09f6c'] differs False
08:42:59 SALVAGE L:y2030__n7_p1_e3: gross 50616.86 [determinate] net 61140.88 [determinate] salvage ref 39043.21 other 28519.18 cells ['ref:5ca4f86c'] / ['l_76c78064'] differs False
08:42:59 SALVAGE L:y2030__n7_p1_e3__n9_p0.25_e0.5: gross 31329.47 [determinate] net 39165.52 [determinate] salvage ref 39043.21 other 31207.17 cells ['ref:5ca4f86c'] / ['l_45aa25a6'] differs False
08:42:59 SALVAGE L:y2030__n7_p1_e3.5__n9_p0.25_e0.5: gross 5576.82 [within the uncertified bar] net 5751.85 [within the uncertified bar] salvage ref 39043.21 other 38868.18 cells ['ref:5ca4f86c'] / ['l_7c455554'] differs False
08:42:59 SALVAGE L:y2030__n5_p0.25_e0.5__n7_p0.75_e3__n9_p0.25_e0.5: gross 9803.71 [within the uncertified bar] net 10965.87 [within the uncertified bar] salvage ref 39043.21 other 37881.04 cells ['ref:5ca4f86c'] / ['l_b2251bc5'] differs False
08:42:59 SALVAGE L:df1a5525_not_a_neighbour: gross 47651.09 [determinate] net 58515.77 [determinate] salvage ref 39043.21 other 28178.54 cells ['ref:5ca4f86c'] / ['l_df1a5525'] differs False
08:42:59 SALVAGE CHECK:headline_V_minus_I_settled: gross -64417.39 [determinate] net -64417.39 [determinate] salvage ref 0.00 other 0.00 cells ['ref:7aa017f0'] / ['ref:bd504ecf'] differs False
08:42:59 SALVAGE E:C3_unit_value_minus_I: gross -73746.66 [determinate] net -73746.66 [determinate] salvage ref 0.00 other 0.00 cells ['ref:7aa017f0'] / ['e_c3_unit'] differs False
08:42:59 SALVAGE E:n7_4h_e1_C2:value_minus_I: gross -31607.24 [determinate] net -31607.24 [determinate] salvage ref 0.00 other -0.00 cells ['ref:7aa017f0'] / ['e_c2'] differs False
08:42:59 SALVAGE E:n7_4h_e1_C2:vs_C3: gross 42139.42 [determinate] net 42139.42 [determinate] salvage ref 0.00 other -0.00 cells ['e_c3_unit'] / ['e_c2'] differs False
08:42:59 SALVAGE E:n7_4h_e1_C4:value_minus_I: gross -45196.70 [determinate] net -45196.70 [determinate] salvage ref 0.00 other 0.00 cells ['ref:7aa017f0'] / ['e_c4'] differs False
08:42:59 SALVAGE E:n7_4h_e1_C4:vs_C3: gross 28549.96 [determinate] net 28549.96 [determinate] salvage ref 0.00 other 0.00 cells ['e_c3_unit'] / ['e_c4'] differs False
08:42:59 SALVAGE E:n7_4h_e1_C2_calfade:value_minus_I: gross -64417.39 [determinate] net -64417.39 [determinate] salvage ref 0.00 other 0.00 cells ['ref:7aa017f0'] / ['e_c2_calfade'] differs False
08:42:59 SALVAGE E:n7_4h_e1_C2_calfade:vs_C3: gross 9329.27 [within resolution] net 9329.27 [within resolution] salvage ref 0.00 other 0.00 cells ['e_c3_unit'] / ['e_c2_calfade'] differs False
08:42:59 SALVAGE E:n7_4h_e1_C3_midblock:value_minus_I: gross -65891.88 [determinate] net -65891.88 [determinate] salvage ref 0.00 other 0.00 cells ['ref:7aa017f0'] / ['e_c3_midblock'] differs False
08:42:59 SALVAGE E:n7_4h_e1_C3_midblock:vs_C3: gross 7854.78 [within resolution] net 7854.78 [within resolution] salvage ref 0.00 other 0.00 cells ['e_c3_unit'] / ['e_c3_midblock'] differs False
08:42:59 SALVAGE E:n7_4h_e1_no_ageing:value_minus_I: gross -4140.54 [within resolution] net -4140.54 [within resolution] salvage ref 0.00 other 0.00 cells ['ref:7aa017f0'] / ['e_no_ageing'] differs False
08:42:59 SALVAGE E:n7_4h_e1_no_ageing:vs_C3: gross 69606.12 [determinate] net 69606.12 [determinate] salvage ref 0.00 other 0.00 cells ['e_c3_unit'] / ['e_no_ageing'] differs False
08:42:59 SALVAGE C:y2025__n5_p0.25_e0.5: gross 49692.73 [determinate] net 49692.73 [determinate] salvage ref 0.00 other 0.00 cells ['ref:7aa017f0'] / ['pb_y2025_n5_v6'] differs False
08:42:59 SALVAGE totals {'n_claims': 60, 'n_verdict_differs': 1, 'claims_verdict_differs': ['L:y2030__n5_p0.25_e0.5__n7_p1_e3'], 'n_sign_differs': 0, 'n_claims_with_salvage_on_either_cell': 23, 'n_cells_listed': 53, 'cells_with_salvage': ['c_6597a79d', 'g_37b5c499', 'g_47dce43c', 'g_48749148', 'g_9abf31d4', 'l_0ee93aca', 'l_195156fa', 'l_2ab0ce2d', 'l_45aa25a6', 'l_76c78064', 'l_7b199ef9', 'l_7c455554', 'l_7db09f6c', 'l_8e4c220e', 'l_b2251bc5', 'l_df1a5525', 'l_e1da0984', 'ref:5ca4f86c', 'ref:e28de4ac'], 'net_source_counts': {'computed here (no committed net figure): DET.resolve_v6 on the recorded views': 52, 'recorded (claim record net_of_salvage)': 8}}
08:42:59 CERT d_4a82a64a: certified oscillatory cause None N 88 k0 88 k* 142 end 142 r/tau 0.7220208891054125 step/EPS0 3.993 vetoes 0 tpfr 0 nc>N [108] fam {'TSO': 1, 'DSO': 0, 'ESSO': 0} acc>N 0 tp@nc [108] wall/cyc 25.7
08:42:59 CERT d_3632b0ae: certified oscillatory cause None N 86 k0 86 k* 153 end 153 r/tau 0.9966175891566849 step/EPS0 2.844 vetoes 0 tpfr 1 nc>N [] fam {'TSO': 0, 'DSO': 0, 'ESSO': 0} acc>N 0 tp@nc [] wall/cyc 25.9
08:42:59 CERT d_36686489: uncertified None cause growth test N 82 k0 82 k* None end 191 r/tau None step/EPS0 1.933 vetoes 0 tpfr 2 nc>N [94, 113, 119, 164, 176] fam {'TSO': 5, 'DSO': 0, 'ESSO': 0} acc>N 0 tp@nc [113, 164, 176] wall/cyc 25.5
08:42:59 CERT d_d3709599: certified oscillatory cause None N 104 k0 104 k* 175 end 175 r/tau 0.8626221616012866 step/EPS0 2.338 vetoes 0 tpfr 0 nc>N [] fam {'TSO': 0, 'DSO': 0, 'ESSO': 0} acc>N 0 tp@nc [] wall/cyc 26.3
08:42:59 CERT d_a12d95a2: uncertified None cause lapse reset N 94 k0 165 k* None end 203 r/tau None step/EPS0 0.884 vetoes 0 tpfr 0 nc>N [107, 127] fam {'TSO': 2, 'DSO': 0, 'ESSO': 0} acc>N 0 tp@nc [] wall/cyc 26.1
08:42:59 CERT d_f759dd48: uncertified None cause growth test N 89 k0 89 k* None end 198 r/tau None step/EPS0 2.291 vetoes 17 tpfr 4 nc>N [96, 110, 141, 144, 170, 179] fam {'TSO': 6, 'DSO': 0, 'ESSO': 0} acc>N 114 tp@nc [110, 141, 170, 179] wall/cyc 27.2
08:42:59 CERT d_c7fee8be: certified oscillatory cause None N 83 k0 83 k* 145 end 145 r/tau 0.9838013084141541 step/EPS0 1.420 vetoes 0 tpfr 0 nc>N [] fam {'TSO': 0, 'DSO': 0, 'ESSO': 0} acc>N 0 tp@nc [] wall/cyc 25.6
08:42:59 CERT d_9246ed01: certified oscillatory cause None N 83 k0 83 k* 138 end 138 r/tau 0.9854842033713235 step/EPS0 10.422 vetoes 0 tpfr 0 nc>N [] fam {'TSO': 0, 'DSO': 0, 'ESSO': 0} acc>N 0 tp@nc [] wall/cyc 26.0
08:42:59 CERT h_aa8a76d7: certified oscillatory cause None N 93 k0 93 k* 153 end 153 r/tau 0.9100643595145603 step/EPS0 0.365 vetoes 0 tpfr 0 nc>N [] fam {'TSO': 0, 'DSO': 0, 'ESSO': 0} acc>N 0 tp@nc [] wall/cyc 23.2
08:42:59 CERT h_f9eae48f: uncertified None cause gap clause N 85 k0 85 k* None end 194 r/tau None step/EPS0 0.177 vetoes 0 tpfr 0 nc>N [] fam {'TSO': 0, 'DSO': 0, 'ESSO': 0} acc>N 0 tp@nc [] wall/cyc 25.4
08:42:59 CERT h_50dea31c: certified oscillatory cause None N 125 k0 125 k* 146 end 146 r/tau 0.483541691875731 step/EPS0 1.128 vetoes 0 tpfr 0 nc>N [] fam {'TSO': 0, 'DSO': 0, 'ESSO': 0} acc>N 0 tp@nc [] wall/cyc 22.9
08:42:59 CERT h_74eda68d: certified oscillatory cause None N 123 k0 123 k* 150 end 150 r/tau 0.9012268782538453 step/EPS0 1.683 vetoes 0 tpfr 0 nc>N [] fam {'TSO': 0, 'DSO': 0, 'ESSO': 0} acc>N 0 tp@nc [] wall/cyc 25.4
08:42:59 CERT i_5a6a88b4: certified monotone cause None N 135 k0 135 k* 198 end 198 r/tau 0.93890671105718 step/EPS0 0.338 vetoes 0 tpfr 0 nc>N [] fam {'TSO': 0, 'DSO': 0, 'ESSO': 0} acc>N 0 tp@nc [] wall/cyc 26.6
08:42:59 CERT j_f3aa335e: uncertified None cause growth test N 151 k0 151 k* None end 260 r/tau None step/EPS0 1.565 vetoes 0 tpfr 0 nc>N [178] fam {'TSO': 1, 'DSO': 0, 'ESSO': 0} acc>N 0 tp@nc [178] wall/cyc 26.3
08:42:59 CERT j_a11d7966: certified oscillatory cause None N 127 k0 127 k* 158 end 158 r/tau 0.7148840891433742 step/EPS0 4.593 vetoes 0 tpfr 1 nc>N [138] fam {'TSO': 1, 'DSO': 0, 'ESSO': 0} acc>N 0 tp@nc [138] wall/cyc 25.6
08:42:59 CERT j_5f3cccb4: uncertified None cause gap clause N 159 k0 164 k* None end 270 r/tau None step/EPS0 0.763 vetoes 0 tpfr 1 nc>N [249] fam {'TSO': 1, 'DSO': 0, 'ESSO': 0} acc>N 0 tp@nc [249] wall/cyc 25.4
08:42:59 CERT c_156ce2d1: certified oscillatory cause None N 105 k0 105 k* 176 end 176 r/tau 0.857939629554194 step/EPS0 1.402 vetoes 0 tpfr 0 nc>N [] fam {'TSO': 0, 'DSO': 0, 'ESSO': 0} acc>N 5 tp@nc [] wall/cyc 29.1
08:42:59 CERT c_6597a79d: certified oscillatory cause None N 131 k0 131 k* 193 end 193 r/tau 0.9844783923917848 step/EPS0 2.327 vetoes 0 tpfr 0 nc>N [] fam {'TSO': 0, 'DSO': 0, 'ESSO': 0} acc>N 0 tp@nc [] wall/cyc 26.3
08:42:59 CERT g_37b5c499: certified oscillatory cause None N 114 k0 114 k* 185 end 185 r/tau 0.9413701794587024 step/EPS0 1.597 vetoes 0 tpfr 0 nc>N [] fam {'TSO': 0, 'DSO': 0, 'ESSO': 0} acc>N 0 tp@nc [] wall/cyc 24.7
08:42:59 CERT g_47dce43c: certified oscillatory cause None N 112 k0 112 k* 174 end 174 r/tau 0.8395536147752816 step/EPS0 2.997 vetoes 0 tpfr 0 nc>N [] fam {'TSO': 0, 'DSO': 0, 'ESSO': 0} acc>N 0 tp@nc [] wall/cyc 24.3
08:42:59 CERT g_48749148: certified oscillatory cause None N 101 k0 101 k* 170 end 170 r/tau 0.925822735266047 step/EPS0 1.762 vetoes 0 tpfr 0 nc>N [] fam {'TSO': 0, 'DSO': 0, 'ESSO': 0} acc>N 0 tp@nc [] wall/cyc 24.9
08:42:59 CERT g_9abf31d4: certified oscillatory cause None N 103 k0 103 k* 172 end 172 r/tau 0.8454872315986353 step/EPS0 2.580 vetoes 0 tpfr 0 nc>N [] fam {'TSO': 0, 'DSO': 0, 'ESSO': 0} acc>N 0 tp@nc [] wall/cyc 23.9
08:42:59 CERT l_7b199ef9: certified oscillatory cause None N 166 k0 166 k* 188 end 188 r/tau 0.31248484064042115 step/EPS0 1.338 vetoes 0 tpfr 0 nc>N [] fam {'TSO': 0, 'DSO': 0, 'ESSO': 0} acc>N 0 tp@nc [] wall/cyc 24.3
08:42:59 CERT l_e1da0984: certified monotone cause None N 156 k0 156 k* 235 end 235 r/tau 0.03698236226903896 step/EPS0 0.015 vetoes 0 tpfr 0 nc>N [] fam {'TSO': 0, 'DSO': 0, 'ESSO': 0} acc>N 0 tp@nc [] wall/cyc 24.4
08:42:59 CERT l_0ee93aca: uncertified None cause lapse reset N 175 k0 224 k* None end 284 r/tau None step/EPS0 0.072 vetoes 0 tpfr 0 nc>N [218, 222] fam {'TSO': 2, 'DSO': 0, 'ESSO': 0} acc>N 0 tp@nc [] wall/cyc 26.4
08:42:59 CERT l_df1a5525: certified monotone cause None N 168 k0 168 k* 236 end 236 r/tau 0.13802132663078642 step/EPS0 0.185 vetoes 0 tpfr 0 nc>N [] fam {'TSO': 0, 'DSO': 0, 'ESSO': 0} acc>N 0 tp@nc [] wall/cyc 26.7
08:42:59 CERT l_2ab0ce2d: certified monotone cause None N 328 k0 328 k* 400 end 400 r/tau 0.09218868950249033 step/EPS0 0.116 vetoes 0 tpfr 0 nc>N [] fam {'TSO': 0, 'DSO': 0, 'ESSO': 0} acc>N 0 tp@nc [] wall/cyc 26.5
08:42:59 CERT l_8e4c220e: certified monotone cause None N 171 k0 171 k* 233 end 233 r/tau 0.17127149322267118 step/EPS0 0.004 vetoes 0 tpfr 0 nc>N [] fam {'TSO': 0, 'DSO': 0, 'ESSO': 0} acc>N 0 tp@nc [] wall/cyc 24.4
08:42:59 CERT l_7db09f6c: certified monotone cause None N 183 k0 183 k* 251 end 251 r/tau 0.0917483268731142 step/EPS0 0.171 vetoes 0 tpfr 0 nc>N [] fam {'TSO': 0, 'DSO': 0, 'ESSO': 0} acc>N 0 tp@nc [] wall/cyc 26.2
08:42:59 CERT l_76c78064: certified monotone cause None N 153 k0 153 k* 229 end 229 r/tau 0.011628995954936092 step/EPS0 0.000 vetoes 0 tpfr 0 nc>N [] fam {'TSO': 0, 'DSO': 0, 'ESSO': 0} acc>N 0 tp@nc [] wall/cyc 24.4
08:42:59 CERT l_45aa25a6: uncertified None cause gap clause N 182 k0 182 k* None end 291 r/tau None step/EPS0 0.145 vetoes 0 tpfr 0 nc>N [] fam {'TSO': 0, 'DSO': 0, 'ESSO': 0} acc>N 0 tp@nc [] wall/cyc 26.4
08:42:59 CERT l_7c455554: uncertified None cause gap clause N 173 k0 173 k* None end 282 r/tau None step/EPS0 0.231 vetoes 0 tpfr 0 nc>N [] fam {'TSO': 0, 'DSO': 0, 'ESSO': 0} acc>N 0 tp@nc [] wall/cyc 26.4
08:42:59 CERT l_b2251bc5: uncertified None cause gap clause N 211 k0 211 k* None end 320 r/tau None step/EPS0 0.215 vetoes 0 tpfr 0 nc>N [] fam {'TSO': 0, 'DSO': 0, 'ESSO': 0} acc>N 0 tp@nc [] wall/cyc 28.3
08:42:59 CERT l_195156fa: certified monotone cause None N 185 k0 185 k* 252 end 252 r/tau 0.09827506620218501 step/EPS0 0.127 vetoes 0 tpfr 0 nc>N [] fam {'TSO': 0, 'DSO': 0, 'ESSO': 0} acc>N 0 tp@nc [] wall/cyc 26.5
08:42:59 CERT e_c3_unit: certified oscillatory cause None N 104 k0 104 k* 160 end 160 r/tau 0.942926310230424 step/EPS0 2.527 vetoes 0 tpfr 0 nc>N [] fam {'TSO': 0, 'DSO': 0, 'ESSO': 0} acc>N 0 tp@nc [] wall/cyc 25.5
08:42:59 CERT e_c2: certified oscillatory cause None N 111 k0 111 k* 172 end 172 r/tau 0.9032184465390548 step/EPS0 2.182 vetoes 0 tpfr 0 nc>N [] fam {'TSO': 0, 'DSO': 0, 'ESSO': 0} acc>N 0 tp@nc [] wall/cyc 25.7
08:42:59 CERT e_c4: certified oscillatory cause None N 110 k0 110 k* 173 end 173 r/tau 0.837506581387657 step/EPS0 2.698 vetoes 0 tpfr 0 nc>N [] fam {'TSO': 0, 'DSO': 0, 'ESSO': 0} acc>N 0 tp@nc [] wall/cyc 25.7
08:42:59 CERT e_c2_calfade: certified oscillatory cause None N 103 k0 103 k* 172 end 172 r/tau 0.9586564708360014 step/EPS0 2.048 vetoes 0 tpfr 0 nc>N [] fam {'TSO': 0, 'DSO': 0, 'ESSO': 0} acc>N 0 tp@nc [] wall/cyc 25.4
08:42:59 CERT e_c3_midblock: certified oscillatory cause None N 104 k0 110 k* 174 end 174 r/tau 0.9449429004291411 step/EPS0 3.120 vetoes 0 tpfr 0 nc>N [] fam {'TSO': 0, 'DSO': 0, 'ESSO': 0} acc>N 0 tp@nc [] wall/cyc 25.6
08:42:59 CERT e_no_ageing: certified oscillatory cause None N 107 k0 112 k* 177 end 177 r/tau 0.9442983180510697 step/EPS0 1.789 vetoes 0 tpfr 0 nc>N [] fam {'TSO': 0, 'DSO': 0, 'ESSO': 0} acc>N 0 tp@nc [] wall/cyc 25.6
08:42:59 CERT pb_y2025_n5_v6: certified oscillatory cause None N 110 k0 110 k* 199 end 199 r/tau 0.15792210245282315 step/EPS0 0.254 vetoes 29 tpfr 1 nc>N [167] fam {'TSO': 1, 'DSO': 0, 'ESSO': 0} acc>N 0 tp@nc [] wall/cyc 25.4
08:42:59 CERT d_c52e1670: certified oscillatory cause None N 89 k0 89 k* 150 end 150 r/tau 0.9824887653845032 step/EPS0 4.801 vetoes 0 tpfr 1 nc>N [117] fam {'TSO': 1, 'DSO': 0, 'ESSO': 0} acc>N 0 tp@nc [] wall/cyc 25.6
08:42:59 CERT totals {"n_cells": 42, "n_certified": 32, "n_uncertified": 10, "uncertified_by_cause": {"gap clause": {"n": 5, "cells": ["h_f9eae48f", "j_5f3cccb4", "l_45aa25a6", "l_7c455554", "l_b2251bc5"]}, "lapse reset": {"n": 2, "cells": ["d_a12d95a2", "l_0ee93aca"]}, "growth test": {"n": 3, "cells": ["d_36686489", "d_f759dd48", "j_f3aa335e"]}, "other": {"n": 0, "cells": []}}, "branch_counts_certified": {"oscillatory": 24, "monotone": 8}, "k0_first_N_certified": {"n": 32, "min": 83, "q1": 103.0, "median": 110.5, "q3": 139.5, "max": 328, "mean": 126.90625}, "k0_first_N_all": {"n": 42, "min": 82, "q1": 101.5, "median": 111.5, "q3": 158.25, "max": 328, "mean": 130.04761904761904}, "k_star": {"n": 32, "min": 138, "q1": 156.75, "median": 174.0, "q3": 198.25, "max": 400, "mean": 188.40625}, "cycles_after_k0_k_star_minus_k0_at_decision": {"n": 32, "min": 21, "q1": 60.75, "median": 63.5, "q3": 69.0, "max": 89, "mean": 61.15625}, "cycles_after_k0_k_star_minus_N": {"n": 32, "min": 21, "q1": 60.75, "median": 65.0, "q3": 70.0, "max": 89, "mean": 61.5}, "uncertified_cap_minus_N": {"n": 10, "min": 109, "q1": 109.0, "median": 109.0, "q3": 109.0, "max": 111, "mean": 109.2}, "range_over_tau_at_k_star": {"n": 32, "min": 0.011628995954936092, "q1": 0.27718150378598366, "median": 0.8602808955777403, "q3": 0.9432693121855854, "max": 0.9966175891566849, "mean": 0.6724494581607661}, "range_over_tau_sorted": [[0.011628995954936092, "l_76c78064"], [0.03698236226903896, "l_e1da0984"], [0.0917483268731142, "l_7db09f6c"], [0.09218868950249033, "l_2ab0ce2d"], [0.09827506620218501, "l_195156fa"], [0.13802132663078642, "l_df1a5525"], [0.15792210245282315, "pb_y2025_n5_v6"], [0.17127149322267118, "l_8e4c220e"], [0.31248484064042115, "l_7b199ef9"], [0.483541691875731, "h_50dea31c"], [0.7148840891433742, "j_a11d7966"], [0.7220208891054125, "d_4a82a64a"], [0.837506581387657, "e_c4"], [0.8395536147752816, "g_47dce43c"], [0.8454872315986353, "g_9abf31d4"], [0.857939629554194, "c_156ce2d1"], [0.8626221616012866, "d_d3709599"], [0.9012268782538453, "h_74eda68d"], [0.9032184465390548, "e_c2"], [0.9100643595145603, "h_aa8a76d7"], [0.925822735266047, "g_48749148"], [0.93890671105718, "i_5a6a88b4"], [0.9413701794587024, "g_37b5c499"], [0.942926310230424, "e_c3_unit"], [0.9442983180510697, "e_no_ageing"], [0.9449429004291411, "e_c3_midblock"], [0.9586564708360014, "e_c2_calfade"], [0.9824887653845032, "d_c52e1670"], [0.9838013084141541, "d_c7fee8be"], [0.9844783923917848, "c_6597a79d"], [0.9854842033713235, "d_9246ed01"], [0.9966175891566849, "d_3632b0ae"]], "n_range_over_tau_ge_0_95": 6, "cells_range_over_tau_ge_0_95": ["d_3632b0ae", "d_c7fee8be", "d_9246ed01", "c_6597a79d", "e_c2_calfade", "d_c52e1670"], "terminal_step_over_EPS0_certified": {"n": 32, "min": 0.0003589408890635022, "q1": 0.316998952664972, "median": 1.7227360919002703, "q3": 2.6098731040430945, "max": 10.421920750584036, "mean": 1.974026823892843}, "terminal_step_over_EPS0_uncertified": {"n": 10, "min": 0.0716798746900184, "q1": 0.18640315621738482, "median": 0.49706619367800614, "q3": 1.3949311116535394, "max": 2.2912454891347864, "mean": 0.8276118767847123}, "terminal_step_over_EPS0_all": {"n": 42, "min": 0.0003589408890635022, "q1": 0.21908987144073633, "median": 1.4928437259001281, "q3": 2.335020067455789, "max": 10.421920750584036, "mean": 1.7010708841051927}, "n_cells_terminal_step_gt_EPS0": 25, "vetoes_total": 46, "cells_with_vetoes": {"d_f759dd48": 17, "pb_y2025_n5_v6": 29}, "turning_point_floor_rejections_total": 11, "cells_with_turning_point_floor_rejections": {"d_3632b0ae": 1, "d_36686489": 2, "d_f759dd48": 4, "j_a11d7966": 1, "j_5f3cccb4": 1, "pb_y2025_n5_v6": 1, "d_c52e1670": 1}, "cells_with_growth_floor_exclusion_at_end": {}, "lapse_events_total": 6, "cells_with_lapse_events": {"d_a12d95a2": [164], "j_5f3cccb4": [160], "l_0ee93aca": [218, 222], "e_c3_midblock": [105], "e_no_ageing": [108]}, "non_clean_cycles_after_N_total": 21, "non_clean_block_events_after_N_by_family_total": {"TSO": 21, "DSO": 0, "ESSO": 0}, "cells_with_non_clean_after_N": {"d_4a82a64a": [108], "d_36686489": [94, 113, 119, 164, 176], "d_a12d95a2": [107, 127], "d_f759dd48": [96, 110, 141, 144, 170, 179], "j_f3aa335e": [178], "j_a11d7966": [138], "j_5f3cccb4": [249], "l_0ee93aca": [218, 222], "pb_y2025_n5_v6": [167], "d_c52e1670": [117]}, "non_clean_after_N_per_cell": {"n": 42, "min": 0, "q1": 0.0, "median": 0.0, "q3": 0.0, "max": 6, "mean": 0.5}, "acceptable_clean_block_events_after_N_total": 119, "acceptable_clean_block_events_all_total": 119, "acceptable_clean_after_N_by_family_total": {"TSO": 0, "DSO": 119, "ESSO": 0}, "cells_with_acceptable_clean_after_N": {"d_f759dd48": 114, "c_156ce2d1": 5}, "certificates_with_a_turning_point_at_a_non_clean_cycle": ["d_4a82a64a", "j_a11d7966"], "certificates_with_last_three_turning_points_at_non_clean": ["d_4a82a64a", "j_a11d7966"], "certificates_with_a_turning_point_within_1_of_non_clean": ["d_4a82a64a", "j_a11d7966"], "certificates_with_a_non_clean_cycle_read_out_of_window": ["d_4a82a64a", "j_a11d7966", "pb_y2025_n5_v6", "d_c52e1670"], "wall_s_per_cycle": {"n": 42, "min": 22.886099985201064, "q1": 25.372687626255978, "median": 25.64208488655771, "q3": 26.329819195099354, "max": 29.098847568035126, "mean": 25.660223313395527}, "child_cycle_duration_median_s": {"n": 42, "min": 22.273485898971558, "q1": 24.458753913640976, "median": 25.00761878490448, "q3": 25.811117261648178, "max": 28.44814908504486, "mean": 25.083846447013673}, "wall_s_total": 220876.1398141384, "cycles_total": 8570}
08:42:59 checks failed: {'discount': [], 'salvage': [], 'certification': []}; errors: []; pickle {'load': 0, 'loads': 0}; guards {'w153_step5_rows': [], 's46_zero_solve_reports': [], 'w132_checks': [], 'w118_checks': [], 'w105_checks_imported': [], 'w101_checks_imported': [], 'w98_checks_imported': [], 'w112_imported': [], 'alpha_row_launcher': [], 'w86_launcher': [], 'w87': [], 'w88': [], 'w89_step1': [], 'w89_3x3_launcher': [], 'w90_3x3_parent': [], 'w98_parent': [], 'w101_parent': [], 'w118_parent': [], 'w131_imported': [], 'w132_parent': []}; inputs read 186; wall 3.9 s
08:42:59 all_pass True
