07:20:22 pb_y2030_n9: k0 120; non-Optimal at/after k0: none; before k0 (report only): []
07:20:25 pb_y2030_n7: k0 125; non-Optimal at/after k0: none; before k0 (report only): []
07:20:28 pb_y2025_n5: k0 110; non-Optimal at/after k0: TSO|2035|Spring c167 Solved To Acceptable Level. (recovery); before k0 (report only): []
07:20:31 pb_y2030_n5: k0 122; non-Optimal at/after k0: none; before k0 (report only): []
07:20:34 pb_y2025_n9: k0 113; non-Optimal at/after k0: DSO|7|2025|Winter c134 Solved To Acceptable Level. (primary); before k0 (report only): []
07:20:36 pb_y2025_n7: k0 112; non-Optimal at/after k0: none; before k0 (report only): []
07:20:39 yl_y2030: k0 107; non-Optimal at/after k0: none; before k0 (report only): []
07:20:42 yl_y2035: k0 106; non-Optimal at/after k0: none; before k0 (report only): []
07:20:46 f2_challenger: k0 152; non-Optimal at/after k0: DSO|5|2030|Winter c200 Solved To Acceptable Level. (primary); TSO|2035|Spring c202 Solved To Acceptable Level. (recovery); before k0 (report only): [20, 30, 37, 51, 99]
07:20:51 f2_incumbent: k0 172; non-Optimal at/after k0: none; before k0 (report only): [47, 58]
07:20:53 x0: k0 123; non-Optimal at/after k0: none; before k0 (report only): []
07:20:56 unit_n7_4h_e1: k0 103; non-Optimal at/after k0: none; before k0 (report only): []
07:21:00 b_2a0ba8b2: k0 104; non-Optimal at/after k0: DSO|7|2025|Winter c120 Solved To Acceptable Level. (primary); DSO|7|2025|Winter c128 Solved To Acceptable Level. (primary); DSO|7|2025|Winter c141 Solved To Acceptable Level. (primary); before k0 (report only): []
07:21:00 block DSO|7|2025|Winter (case33_2): 4 solves in 2 cell(s) {'pb_y2025_n9': [134], 'b_2a0ba8b2': [120, 128, 141]}
07:21:00 block TSO|2035|Spring (case9): 2 solves in 2 cell(s) {'pb_y2025_n5': [167], 'f2_challenger': [202]}
07:21:00 block DSO|5|2030|Winter (case33_1): 1 solves in 1 cell(s) {'f2_challenger': [200]}
07:21:00 seeded b_2a0ba8b2 DSO7 2025 Winter: seeded [120, 128, 141] found [120, 128, 141] -> AS SEEDED
07:21:00 seeded pb_y2025_n9 DSO7 2025 Winter: seeded [134] found [134] -> AS SEEDED
07:21:00 seeded pb_y2025_n5 TSO 2035 Spring: seeded [167] found [167] -> AS SEEDED
07:21:00 wrote data/SRP1/Results/P515S53/w137_resettle_v4/recurring_acceptable/w137_recurring_acceptable.json (8270 logs inventoried); guards {'w137_recurring_acceptable': {'counts': {'permitted_solve': 0, 'permitted_exec': 0, 'blocked_solve': 0, 'blocked_exec': 0}, 'verify_0_failures': []}, 'w131_imported': {'counts': {'permitted_solve': 0, 'permitted_exec': 0, 'blocked_solve': 0, 'blocked_exec': 0}, 'verify_0_failures': []}}; wall 40.7 s
