[INFO] Scenario random seed: 2026
[INFO] Reading MARKET DATA from file(s)...
[INFO] 	 - Generating market scenarios...
[INFO] 	 - Plotting market scenarios...
[INFO] Reading DISTRIBUTION NETWORK DATA from file(s)...
[INFO]	 - Generating load stochastic scenarios...
[INFO]	 - Generating RES generation stochastic scenarios...
[INFO]	 - Generating flexibility stochastic scenarios...
[INFO]	 - Plotting flexibility profiles...
[INFO]	 - Plotting load scenarios...
[INFO]	 - Plotting RES generation scenarios...
[INFO] Reading DISTRIBUTION NETWORK DATA from file(s)...
[INFO]	 - Generating load stochastic scenarios...
[INFO]	 - Generating RES generation stochastic scenarios...
[INFO]	 - Generating flexibility stochastic scenarios...
[INFO]	 - Plotting flexibility profiles...
[INFO]	 - Plotting load scenarios...
[INFO]	 - Plotting RES generation scenarios...
[INFO] Reading DISTRIBUTION NETWORK DATA from file(s)...
[INFO]	 - Generating load stochastic scenarios...
[INFO]	 - Generating RES generation stochastic scenarios...
[INFO]	 - Generating flexibility stochastic scenarios...
[INFO]	 - Plotting flexibility profiles...
[INFO]	 - Plotting load scenarios...
[INFO]	 - Plotting RES generation scenarios...
[INFO] Reading TRANSMISSION NETWORK DATA from file(s)...
[INFO]	 - Generating load stochastic scenarios...
[INFO]	 - Generating RES generation stochastic scenarios...
[INFO]	 - Generating flexibility stochastic scenarios...
[INFO]	 - Plotting flexibility profiles...
[INFO]	 - Plotting load scenarios...
[INFO]	 - Plotting RES generation scenarios...
[INFO] Scenario checksum: 1e8bdd3e5233442a87fbe44b78281c8ae61b09c09700388fed20ab9684d18aef
[INFO] Reading SHARED ESS DATA from file(s)...
[INFO] Reading PLANNING PARAMETERS from file...
[INFO] Running OPERATIONAL PLANNING (DISTRIBUTED)...
[INFO]	 - Initializing...
[INFO] 		 - Distribution Network node 5...
[INFO] 			 - Running SMOPF, Network case33_1, 2025, Spring...
[INFO] 			 - Running SMOPF, Network case33_1, 2025, Summer...
[INFO] 			 - Running SMOPF, Network case33_1, 2025, Autumn...
[INFO] 			 - Running SMOPF, Network case33_1, 2025, Winter...
[INFO] 			 - Running SMOPF, Network case33_1, 2028, Spring...
[INFO] 			 - Running SMOPF, Network case33_1, 2028, Summer...
[INFO] 			 - Running SMOPF, Network case33_1, 2028, Autumn...
[INFO] 			 - Running SMOPF, Network case33_1, 2028, Winter...
[INFO] 			 - Running SMOPF, Network case33_1, 2031, Spring...
[INFO] 			 - Running SMOPF, Network case33_1, 2031, Summer...
[INFO] 			 - Running SMOPF, Network case33_1, 2031, Autumn...
[INFO] 			 - Running SMOPF, Network case33_1, 2031, Winter...
[INFO] 			 - Running SMOPF, Network case33_1, 2034, Spring...
[INFO] 			 - Running SMOPF, Network case33_1, 2034, Summer...
[INFO] 			 - Running SMOPF, Network case33_1, 2034, Autumn...
[INFO] 			 - Running SMOPF, Network case33_1, 2034, Winter...
[INFO] 			 - Running SMOPF, Network case33_1, 2037, Spring...
[INFO] 			 - Running SMOPF, Network case33_1, 2037, Summer...
[INFO] 			 - Running SMOPF, Network case33_1, 2037, Autumn...
[INFO] 			 - Running SMOPF, Network case33_1, 2037, Winter...
[INFO] 		 - Distribution Network node 7...
[INFO] 			 - Running SMOPF, Network case33_2, 2025, Spring...
[INFO] 			 - Running SMOPF, Network case33_2, 2025, Summer...
[INFO] 			 - Running SMOPF, Network case33_2, 2025, Autumn...
[INFO] 			 - Running SMOPF, Network case33_2, 2025, Winter...
[INFO] 			 - Running SMOPF, Network case33_2, 2028, Spring...
[INFO] 			 - Running SMOPF, Network case33_2, 2028, Summer...
[INFO] 			 - Running SMOPF, Network case33_2, 2028, Autumn...
[INFO] 			 - Running SMOPF, Network case33_2, 2028, Winter...
[INFO] 			 - Running SMOPF, Network case33_2, 2031, Spring...
[INFO] 			 - Running SMOPF, Network case33_2, 2031, Summer...
[INFO] 			 - Running SMOPF, Network case33_2, 2031, Autumn...
[INFO] 			 - Running SMOPF, Network case33_2, 2031, Winter...
[INFO] 			 - Running SMOPF, Network case33_2, 2034, Spring...
[INFO] 			 - Running SMOPF, Network case33_2, 2034, Summer...
[INFO] 			 - Running SMOPF, Network case33_2, 2034, Autumn...
[INFO] 			 - Running SMOPF, Network case33_2, 2034, Winter...
[INFO] 			 - Running SMOPF, Network case33_2, 2037, Spring...
[INFO] 			 - Running SMOPF, Network case33_2, 2037, Summer...
[INFO] 			 - Running SMOPF, Network case33_2, 2037, Autumn...
[INFO] 			 - Running SMOPF, Network case33_2, 2037, Winter...
[INFO] 		 - Distribution Network node 9...
[INFO] 			 - Running SMOPF, Network case33_3, 2025, Spring...
[INFO] 			 - Running SMOPF, Network case33_3, 2025, Summer...
[INFO] 			 - Running SMOPF, Network case33_3, 2025, Autumn...
[INFO] 			 - Running SMOPF, Network case33_3, 2025, Winter...
[INFO] 			 - Running SMOPF, Network case33_3, 2028, Spring...
[INFO] 			 - Running SMOPF, Network case33_3, 2028, Summer...
[INFO] 			 - Running SMOPF, Network case33_3, 2028, Autumn...
[INFO] 			 - Running SMOPF, Network case33_3, 2028, Winter...
[INFO] 			 - Running SMOPF, Network case33_3, 2031, Spring...
[INFO] 			 - Running SMOPF, Network case33_3, 2031, Summer...
[INFO] 			 - Running SMOPF, Network case33_3, 2031, Autumn...
[INFO] 			 - Running SMOPF, Network case33_3, 2031, Winter...
[INFO] 			 - Running SMOPF, Network case33_3, 2034, Spring...
[INFO] 			 - Running SMOPF, Network case33_3, 2034, Summer...
[INFO] 			 - Running SMOPF, Network case33_3, 2034, Autumn...
[INFO] 			 - Running SMOPF, Network case33_3, 2034, Winter...
[INFO] 			 - Running SMOPF, Network case33_3, 2037, Spring...
[INFO] 			 - Running SMOPF, Network case33_3, 2037, Summer...
[INFO] 			 - Running SMOPF, Network case33_3, 2037, Autumn...
[INFO] 			 - Running SMOPF, Network case33_3, 2037, Winter...
[INFO] 		 - Transmission Network...
[INFO] 			 - Running SMOPF, Network case9, 2025, Spring...
[INFO] 			 - Running SMOPF, Network case9, 2025, Summer...
[INFO] 			 - Running SMOPF, Network case9, 2025, Autumn...
[INFO] 			 - Running SMOPF, Network case9, 2025, Winter...
[INFO] 			 - Running SMOPF, Network case9, 2028, Spring...
[INFO] 			 - Running SMOPF, Network case9, 2028, Summer...
[INFO] 			 - Running SMOPF, Network case9, 2028, Autumn...
[INFO] 			 - Running SMOPF, Network case9, 2028, Winter...
[INFO] 			 - Running SMOPF, Network case9, 2031, Spring...
[INFO] 			 - Running SMOPF, Network case9, 2031, Summer...
[INFO] 			 - Running SMOPF, Network case9, 2031, Autumn...
[INFO] 			 - Running SMOPF, Network case9, 2031, Winter...
[INFO] 			 - Running SMOPF, Network case9, 2034, Spring...
[INFO] 			 - Running SMOPF, Network case9, 2034, Summer...
[INFO] 			 - Running SMOPF, Network case9, 2034, Autumn...
[INFO] 			 - Running SMOPF, Network case9, 2034, Winter...
[INFO] 			 - Running SMOPF, Network case9, 2037, Spring...
[INFO] 			 - Running SMOPF, Network case9, 2037, Summer...
[INFO] 			 - Running SMOPF, Network case9, 2037, Autumn...
[INFO] 			 - Running SMOPF, Network case9, 2037, Winter...
[INFO] 		 - Running Shared ESS optimization (subproblem)...
[INFO] 			 - Node 5...
[INFO] Shared ESS complementarity diagnostics for ESS node=5: ratio_max=8.230696e-06 n_periods=480 mu_final=1.501955e-11 s_obj=1.000000e-01 eps=1.000000e-05 bound=7.209386e-03 measured=4.374690e-03
[INFO] 			 - Node 7...
[INFO] Shared ESS complementarity diagnostics for ESS node=7: ratio_max=9.313881e-06 n_periods=480 mu_final=1.473186e-11 s_obj=1.000000e-01 eps=1.000000e-05 bound=7.071292e-03 measured=4.384416e-03
[INFO] 			 - Node 9...
[INFO] Shared ESS complementarity diagnostics for ESS node=9: ratio_max=7.592021e-06 n_periods=480 mu_final=1.504839e-11 s_obj=1.000000e-01 eps=1.000000e-05 bound=7.223228e-03 measured=4.368120e-03
[ADMM OF SCALE] n=80 | min=1.508169e+07 | median=2.965371e+07 | max=5.589933e+07 | selected=5.589933e+07
[ADMM OF SCALE] Largest weighted objectives:
  TSO node=None year=2037 day=Winter | base=-5.589935e+07 | scenario=2.675097e+01 | total=-5.589933e+07
  TSO node=None year=2037 day=Autumn | base=-4.689482e+07 | scenario=2.141803e+01 | total=-4.689480e+07
  TSO node=None year=2034 day=Winter | base=-4.642640e+07 | scenario=1.020297e+02 | total=-4.642630e+07
  TSO node=None year=2031 day=Winter | base=-4.481473e+07 | scenario=4.470408e+02 | total=-4.481428e+07
  TSO node=None year=2031 day=Autumn | base=-4.187468e+07 | scenario=1.588819e+02 | total=-4.187453e+07
  DSO node=9 year=2028 day=Winter | base=3.893306e+07 | scenario=6.169268e+00 | total=3.893307e+07
  DSO node=9 year=2037 day=Winter | base=3.830383e+07 | scenario=5.191558e+00 | total=3.830383e+07
  TSO node=None year=2034 day=Autumn | base=-3.651821e+07 | scenario=1.864375e+01 | total=-3.651819e+07
  DSO node=9 year=2028 day=Autumn | base=3.574831e+07 | scenario=5.778907e+00 | total=3.574832e+07
  DSO node=5 year=2037 day=Winter | base=3.551724e+07 | scenario=4.930591e+00 | total=3.551724e+07
[ADMM OF SCALE] Fixed sigma in force sigma_fixed=9.363536e+07 | sigma_computed=5.589933e+07 | ratio=5.969895e-01 | assert_factor=3.000
[ADMM ESSO AL SCALE] mode=sigma_over_median_block_weight | sigma=9.363536e+07 | median_block_weight=2.424162e+02 | al_scale_esso=3.862587e+05
[INFO] 	 - ADMM Iteration 1
[INFO] 		 - Updating distribution networks:
[INFO] 			 - Running SMOPF, Network case33_1, 2025, Spring...
[INFO] 			 - Running SMOPF, Network case33_1, 2025, Summer...
[INFO] 			 - Running SMOPF, Network case33_1, 2025, Autumn...
[INFO] 			 - Running SMOPF, Network case33_1, 2025, Winter...
[INFO] 			 - Running SMOPF, Network case33_1, 2028, Spring...
[INFO] 			 - Running SMOPF, Network case33_1, 2028, Summer...
[INFO] 			 - Running SMOPF, Network case33_1, 2028, Autumn...
[INFO] 			 - Running SMOPF, Network case33_1, 2028, Winter...
[INFO] 			 - Running SMOPF, Network case33_1, 2031, Spring...
[INFO] 			 - Running SMOPF, Network case33_1, 2031, Summer...
[INFO] 			 - Running SMOPF, Network case33_1, 2031, Autumn...
[INFO] 			 - Running SMOPF, Network case33_1, 2031, Winter...
[INFO] 			 - Running SMOPF, Network case33_1, 2034, Spring...
[INFO] 			 - Running SMOPF, Network case33_1, 2034, Summer...
[INFO] 			 - Running SMOPF, Network case33_1, 2034, Autumn...
[INFO] 			 - Running SMOPF, Network case33_1, 2034, Winter...
[INFO] 			 - Running SMOPF, Network case33_1, 2037, Spring...
[INFO] 			 - Running SMOPF, Network case33_1, 2037, Summer...
[INFO] 			 - Running SMOPF, Network case33_1, 2037, Autumn...
[INFO] 			 - Running SMOPF, Network case33_1, 2037, Winter...
[INFO] 			 - Running SMOPF, Network case33_2, 2025, Spring...
[INFO] 			 - Running SMOPF, Network case33_2, 2025, Summer...
[INFO] 			 - Running SMOPF, Network case33_2, 2025, Autumn...
[WARNING] Network primary solve did not converge for case33_2, year=2025, day=Autumn: status=warning, termination=maxIterations, message=Ipopt 3.14.18\x3a Maximum Number of Iterations Exceeded. | warm_start=True
[WARNING] ADMM penalties for case33_2, year=2025, day=Autumn: rho_v=0.0077, rho_pf=0.198, rho_ess=0.01
[WARNING] IPOPT primary solve log for case33_2, year=2025, day=Autumn: /Users/micaelsimoes/Projects/share-resource-planning-no_esso-degradation/data/SRP1/Results/P56A/evals/p515s44_scale_paper_cycle_snapoff_memfix_r1_cycle/logs/optim_log_case33_2_2025_Autumn.log
[INFO] Retrying network solve once for case33_2, year=2025, day=Autumn, cold start, with warm_start_init_point=no.
[WARNING] Network recovery solve did not converge for case33_2, year=2025, day=Autumn: status=warning, termination=maxIterations, message=Ipopt 3.14.18\x3a Maximum Number of Iterations Exceeded. | warm_start=False
[WARNING] ADMM penalties for case33_2, year=2025, day=Autumn: rho_v=0.0077, rho_pf=0.198, rho_ess=0.01
[WARNING] IPOPT recovery solve log for case33_2, year=2025, day=Autumn: /Users/micaelsimoes/Projects/share-resource-planning-no_esso-degradation/data/SRP1/Results/P56A/evals/p515s44_scale_paper_cycle_snapoff_memfix_r1_cycle/logs/optim_log_case33_2_2025_Autumn_recovery.log
[INFO] Retrying network solve (tier 2: cold, mu_strategy=adaptive) for case33_2, year=2025, day=Autumn, with mu_strategy=adaptive, warm_start_init_point=no.
[WARNING] Network tier-2 recovery solve did not converge for case33_2, year=2025, day=Autumn: status=warning, termination=maxIterations, message=Ipopt 3.14.18\x3a Maximum Number of Iterations Exceeded. | warm_start=False
[WARNING] ADMM penalties for case33_2, year=2025, day=Autumn: rho_v=0.0077, rho_pf=0.198, rho_ess=0.01
[WARNING] IPOPT tier-2 recovery solve log for case33_2, year=2025, day=Autumn: /Users/micaelsimoes/Projects/share-resource-planning-no_esso-degradation/data/SRP1/Results/P56A/evals/p515s44_scale_paper_cycle_snapoff_memfix_r1_cycle/logs/optim_log_case33_2_2025_Autumn_recovery_tier2.log
[INFO] 			 - Running SMOPF, Network case33_2, 2025, Winter...
[INFO] 			 - Running SMOPF, Network case33_2, 2028, Spring...
[INFO] 			 - Running SMOPF, Network case33_2, 2028, Summer...
[INFO] 			 - Running SMOPF, Network case33_2, 2028, Autumn...
[INFO] 			 - Running SMOPF, Network case33_2, 2028, Winter...
[INFO] 			 - Running SMOPF, Network case33_2, 2031, Spring...
[INFO] 			 - Running SMOPF, Network case33_2, 2031, Summer...
[INFO] 			 - Running SMOPF, Network case33_2, 2031, Autumn...
[INFO] 			 - Running SMOPF, Network case33_2, 2031, Winter...
[INFO] 			 - Running SMOPF, Network case33_2, 2034, Spring...
[INFO] 			 - Running SMOPF, Network case33_2, 2034, Summer...
[INFO] 			 - Running SMOPF, Network case33_2, 2034, Autumn...
[INFO] 			 - Running SMOPF, Network case33_2, 2034, Winter...
[INFO] 			 - Running SMOPF, Network case33_2, 2037, Spring...
[INFO] 			 - Running SMOPF, Network case33_2, 2037, Summer...
[INFO] 			 - Running SMOPF, Network case33_2, 2037, Autumn...
[INFO] 			 - Running SMOPF, Network case33_2, 2037, Winter...
[WARNING][FROZEN SMOPF] snapshot capture is OFF (dso_snapshot_capture_mode=off): NO pre-solve snapshot written for failed block agent=DSO | node=7 | network=case33_2 | year=2025 | day=Autumn | cycle=1
[DEBUG][FROZEN SMOPF] Wrote snapshot-skipped marker to /Users/micaelsimoes/Projects/share-resource-planning-no_esso-degradation/data/SRP1/Results/P515S44/scale_measurement/paper_cycle_snapoff_memfix_r1/one_cycle/results/FrozenSMOPF/snapshot_skipped_failure_DSO_node7_case33_2_2025_Autumn_cycle1.json
[WARNING] Distribution network node=7, network=case33_2, year=2025, day=Autumn did not converge: status=warning, termination=maxIterations, message=Ipopt 3.14.18\x3a Maximum Number of Iterations Exceeded.
[INFO] 			 - Running SMOPF, Network case33_3, 2025, Spring...
[INFO] 			 - Running SMOPF, Network case33_3, 2025, Summer...
[INFO] 			 - Running SMOPF, Network case33_3, 2025, Autumn...
[INFO] 			 - Running SMOPF, Network case33_3, 2025, Winter...
[INFO] 			 - Running SMOPF, Network case33_3, 2028, Spring...
[INFO] 			 - Running SMOPF, Network case33_3, 2028, Summer...
[INFO] 			 - Running SMOPF, Network case33_3, 2028, Autumn...
[INFO] 			 - Running SMOPF, Network case33_3, 2028, Winter...
[INFO] 			 - Running SMOPF, Network case33_3, 2031, Spring...
[INFO] 			 - Running SMOPF, Network case33_3, 2031, Summer...
[INFO] 			 - Running SMOPF, Network case33_3, 2031, Autumn...
[INFO] 			 - Running SMOPF, Network case33_3, 2031, Winter...
[INFO] 			 - Running SMOPF, Network case33_3, 2034, Spring...
[INFO] 			 - Running SMOPF, Network case33_3, 2034, Summer...
[INFO] 			 - Running SMOPF, Network case33_3, 2034, Autumn...
[INFO] 			 - Running SMOPF, Network case33_3, 2034, Winter...
[INFO] 			 - Running SMOPF, Network case33_3, 2037, Spring...
[INFO] 			 - Running SMOPF, Network case33_3, 2037, Summer...
[INFO] 			 - Running SMOPF, Network case33_3, 2037, Autumn...
[INFO] 			 - Running SMOPF, Network case33_3, 2037, Winter...
[INFO] 		 - Updating transmission network...
[INFO] 			 - Running SMOPF, Network case9, 2025, Spring...
[INFO] 			 - Running SMOPF, Network case9, 2025, Summer...
[INFO] 			 - Running SMOPF, Network case9, 2025, Autumn...
[INFO] 			 - Running SMOPF, Network case9, 2025, Winter...
[INFO] 			 - Running SMOPF, Network case9, 2028, Spring...
[INFO] 			 - Running SMOPF, Network case9, 2028, Summer...
[INFO] 			 - Running SMOPF, Network case9, 2028, Autumn...
[INFO] 			 - Running SMOPF, Network case9, 2028, Winter...
[INFO] 			 - Running SMOPF, Network case9, 2031, Spring...
[INFO] 			 - Running SMOPF, Network case9, 2031, Summer...
[INFO] 			 - Running SMOPF, Network case9, 2031, Autumn...
[INFO] 			 - Running SMOPF, Network case9, 2031, Winter...
[INFO] 			 - Running SMOPF, Network case9, 2034, Spring...
[INFO] 			 - Running SMOPF, Network case9, 2034, Summer...
[INFO] 			 - Running SMOPF, Network case9, 2034, Autumn...
[INFO] 			 - Running SMOPF, Network case9, 2034, Winter...
[INFO] 			 - Running SMOPF, Network case9, 2037, Spring...
[INFO] 			 - Running SMOPF, Network case9, 2037, Summer...
[INFO] 			 - Running SMOPF, Network case9, 2037, Autumn...
[INFO] 			 - Running SMOPF, Network case9, 2037, Winter...
[TSO PROX] cycle=1 | updated_blocks=20 | held_failed_blocks=0 | V max=0.165518 | PF max=1.815494 | ESS max=0.098436
[TSO PROX][V MAX] node=7, year=2034, day=Spring, period=20 | dV=57.103835 kV | normalized=0.165518
[TSO PROX][PF MAX] node=7, year=2025, day=Autumn, period=20, type=P | delta=181.549412 MW | normalized=1.815494
[TSO PROX][ESS MAX] node=5, year=2034, day=Spring, period=14, type=P | delta=0.492180 MW | normalized=0.098436
[INFO] 		 - Updating SharedESS...
[INFO] 		 - Running Shared ESS optimization (subproblem)...
[INFO] 			 - Node 5...
[INFO] Shared ESS complementarity diagnostics for ESS node=5: ratio_max=5.663326e-06 n_periods=480 mu_final=1.453909e-11 s_obj=1.000000e-01 eps=1.000000e-05 bound=6.978761e-03 measured=4.368575e-03
[INFO] 			 - Node 7...
[INFO] Shared ESS complementarity diagnostics for ESS node=7: ratio_max=5.652011e-06 n_periods=480 mu_final=1.525324e-11 s_obj=1.000000e-01 eps=1.000000e-05 bound=7.321556e-03 measured=4.346512e-03
[INFO] 			 - Node 9...
[INFO] Shared ESS complementarity diagnostics for ESS node=9: ratio_max=7.583047e-06 n_periods=480 mu_final=1.483085e-11 s_obj=1.000000e-01 eps=1.000000e-05 bound=7.118808e-03 measured=4.382557e-03
[DIAG][V MAX] node=9, year=2034, day=Spring, period=0 | TSO=372.646443 kV, DSO=316.226094 kV, diff=56.420349 kV, base=345.000000 kV, normalized=0.163537, rho(TSO/DSO)=0.007700/0.007700
[DIAG][PF MAX] node=7, year=2034, day=Spring, period=14, type=P | TSO=72.448268 MW, DSO=-28.180566 MW, diff=100.628834 MW, rating=100.000000 MVA, normalized=1.006288, rho(TSO/DSO)=0.198000/0.198000
[INFO]		 - interface Vmag max primal residual failed. 0.163537 > 0.010000
[INFO]		 - interface Vmag mean primal residual failed. 0.044741 > 0.001000
[INFO]		 - interface PF max primal residual failed. 1.006288 > 0.010000
[INFO]		 - interface PF mean primal residual failed. 0.249058 > 0.001000
[INFO]		 - interface PF mean dual residual failed. 0.055537 > 0.010000
[WARNING]		 - At least one local ADMM problem did not solve successfully.
[INFO]		 - Recourse stationarity unavailable after a failed local solve.
[ADMM RHO] V | primal max ratio=16.354 | primal mean ratio=44.741 | primal selected=44.741 | dual mean ratio=0.021 | increase threshold=5.0 | decrease threshold=5.0 | action=held after solver failure
[ADMM RHO BOYD] V | r=2.032359e+00 | s=1.380967e-02 | eps_pri=4.301904e-03 | eps_dual=3.807252e-04 | primal_ratio=4.724325e+02 | dual_ratio=3.627203e+01 | dual_ratio_balance=3.627203e+01 | rho_before=7.700000e-03 | rho_after=7.700000e-03 | gamma_before=0.000000e+00 | gamma_after=0.000000e+00 | action=held after solver failure
[ADMM RHO] PF | primal max ratio=100.629 | primal mean ratio=249.058 | primal selected=249.058 | dual mean ratio=5.554 | increase threshold=5.0 | decrease threshold=3.0 | action=held after solver failure
[ADMM RHO BOYD] PF | r=1.708952e+01 | s=5.418634e+00 | eps_pri=2.682722e-03 | eps_dual=5.904794e-04 | primal_ratio=6.370217e+03 | dual_ratio=9.176669e+03 | dual_ratio_balance=9.176669e+03 | rho_before=1.980000e-01 | rho_after=1.980000e-01 | gamma_before=0.000000e+00 | gamma_after=0.000000e+00 | action=held after solver failure
[ADMM RHO] ESS | primal max ratio=0.658 | primal mean ratio=0.652 | primal selected=0.658 | dual mean ratio=0.005 | increase threshold=5.0 | decrease threshold=5.0 | action=exempt (fixed)
[ADMM RHO BOYD] ESS | r=1.112650e+00 | s=7.817746e-03 | eps_pri=1.069451e-03 | eps_dual=9.306215e-04 | primal_ratio=1.040394e+03 | dual_ratio=8.400564e+00 | dual_ratio_balance=8.400564e+00 | rho_before=1.000000e-02 | rho_after=1.000000e-02 | gamma_before=0.000000e+00 | gamma_after=0.000000e+00 | action=exempt (fixed)
[INFO]		 - ADMM cycle 1 | Primal (V max/mean | PF max/mean | ESS max/mean) = 0.163537/0.044741 | 1.006288/0.249058 | 0.065848/0.006520 | Dual (V max/mean | PF max/mean | ESS max/mean) = 0.001274/0.000212 | 0.359468/0.055537 | 0.000329/0.000048 | Recourse change = N/A (tol. N/A) | Stable cycles = 0/10 | Penalty actions (V/PF/ESS) = held after solver failure/held after solver failure/exempt (fixed)
[INFO] 	 - Iteration 1: 2540.42 s
[WARNING] 	 - ADMM did NOT converge in 1 iterations!
[INFO] 	 - Execution time: 4105.66 s
[P5.15-G s44_scale_cycle] recourse=None cycles=1 solves=168 local_failures=1 wall=4106s
   EFC/day max across nodes: 0.03525191041703328 (threshold 1.4612)
   detector grouping clean: True (observed 6 / expected 6)
   network failures: {'n_blocks': 1, 'classes': {'recovered_tier1': 0, 'recovered_tier2': 0, 'unrecovered': 1, 'not_attempted': 0, 'indeterminate': 0, 'recovered': 0}, 'n_frozen_snapshots': 0, 'n_esso_recovery_events': 0, 'path': 'data/SRP1/Results/P515S44/scale_measurement/paper_cycle_snapoff_memfix_r1/one_cycle/network_failures_s44_scale_cycle.jsonl'}
[SCALE-CYCLE] status=solve_count_mismatch timing={'initialization (create_admm_variables -> first cycle DSO dispatch)': 1565.2442507743835, 'cycle_1 (first DSO dispatch -> ESSO coordination return)': 2535.1204931735992, 'cycle_1_production_printed (Iteration 1: X s)': 2540.42, 'run_admm_arm_wall_clock_s': 4105.872456073761, 'child_total_s': 4120.1318600177765} solves=168/166 (base 166 + 0 tier1 + 2 x 0 tier2) aa={'enabled': True, 'memory': 5, 'regularization': 1e-10, 'reject_policy': 'keep_memory'} sigma=93635360.0 al_scale_esso=386258.6943086285 peak_tree_rss=17120542720
