{
 "run1_s35ref_rho_ess_balanced": {
  "source": "data/SRP1/Results/P515S35_REF_run/g_baseline.json",
  "sha256": "8c72a1560dc90b40d9cb653962d64dda9389c77659d7a153eea1839bc3a90124",
  "cycles_run": 477,
  "first_channel_pass": {
   "v": 45,
   "pf": 226,
   "ess": 475
  },
  "first_pf_dual_pass": 226,
  "n_channel_pass_cycles": {
   "v": 433,
   "pf": 252,
   "ess": 3
  }
 },
 "s37_rho0p01": {
  "source": "data/SRP1/Results/P515S37_RHO0P01_run/g_s37_rho0p01.json",
  "sha256": "ae1798857735f6d2e089e40e4c6ea30f87285464cbbb224a76b7602b324a7414",
  "cycles_run": 150,
  "first_channel_pass": {
   "v": 45,
   "pf": null,
   "ess": 95
  },
  "first_pf_dual_pass": null,
  "n_channel_pass_cycles": {
   "v": 106,
   "pf": 0,
   "ess": 13
  }
 },
 "s37_rho0p001": {
  "source": "data/SRP1/Results/P515S37_RHO0P001_run/g_s37_rho0p001.json",
  "sha256": "4f9779c43030faccf63aa4e9c62c5bf59b22db2621daf39506cecf994ac6fedb",
  "cycles_run": 150,
  "first_channel_pass": {
   "v": 46,
   "pf": null,
   "ess": 87
  },
  "first_pf_dual_pass": null,
  "n_channel_pass_cycles": {
   "v": 105,
   "pf": 0,
   "ess": 26
  }
 }
}
1 {'run1_s35ref_rho_ess_balanced': 2780.405, 's37_rho0p01': 2780.476, 's37_rho0p001': 2780.543} spread 0.0
2 {'run1_s35ref_rho_ess_balanced': 1523.732, 's37_rho0p01': 1523.827, 's37_rho0p001': 1523.846} spread 0.0001
5 {'run1_s35ref_rho_ess_balanced': 694.457, 's37_rho0p01': 693.762, 's37_rho0p001': 693.403} spread 0.0015
10 {'run1_s35ref_rho_ess_balanced': 164.202, 's37_rho0p01': 163.423, 's37_rho0p001': 162.584} spread 0.01
20 {'run1_s35ref_rho_ess_balanced': 44.665, 's37_rho0p01': 44.52, 's37_rho0p001': 44.549} spread 0.0033
30 {'run1_s35ref_rho_ess_balanced': 24.971, 's37_rho0p01': 24.966, 's37_rho0p001': 25.08} spread 0.0046
50 {'run1_s35ref_rho_ess_balanced': 11.191, 's37_rho0p01': 11.176, 's37_rho0p001': 11.197} spread 0.0019
75 {'run1_s35ref_rho_ess_balanced': 6.547, 's37_rho0p01': 6.555, 's37_rho0p001': 6.546} spread 0.0015
100 {'run1_s35ref_rho_ess_balanced': 4.911, 's37_rho0p01': 4.936, 's37_rho0p001': 4.973} spread 0.0126
125 {'run1_s35ref_rho_ess_balanced': 3.523, 's37_rho0p01': 3.502, 's37_rho0p001': 3.518} spread 0.0061
150 {'run1_s35ref_rho_ess_balanced': 2.728, 's37_rho0p01': 2.731, 's37_rho0p001': 2.731} spread 0.0009
200 {'run1_s35ref_rho_ess_balanced': 1.255, 's37_rho0p01': None, 's37_rho0p001': None} spread nan
226 {'run1_s35ref_rho_ess_balanced': 0.996, 's37_rho0p01': None, 's37_rho0p001': None} spread nan
300 {'run1_s35ref_rho_ess_balanced': 0.517, 's37_rho0p01': None, 's37_rho0p001': None} spread nan
400 {'run1_s35ref_rho_ess_balanced': 0.167, 's37_rho0p01': None, 's37_rho0p001': None} spread nan
477 {'run1_s35ref_rho_ess_balanced': 0.09, 's37_rho0p01': None, 's37_rho0p001': None} spread nan
wrote /Users/micaelsimoes/Projects/share-resource-planning-no_esso-degradation/data/SRP1/Results/P515S37/matched_cycles_vs_run1.json
