[INFO] Scenario random seed: 2026
[INFO] Reading MARKET DATA from file(s)...
[INFO] 	 - Generating market scenarios...
[INFO] 	 - Plotting market scenarios...
[INFO] Reading DISTRIBUTION NETWORK DATA from file(s)...
[INFO]	 - Generating load stochastic scenarios...
[INFO]	 - Generating RES generation stochastic scenarios...
[INFO]	 - Generating flexibility stochastic scenarios...
[INFO]	 - Plotting flexibility profiles...
[INFO]	 - Plotting load scenarios...
[INFO]	 - Plotting RES generation scenarios...
[INFO] Reading DISTRIBUTION NETWORK DATA from file(s)...
[INFO]	 - Generating load stochastic scenarios...
[INFO]	 - Generating RES generation stochastic scenarios...
[INFO]	 - Generating flexibility stochastic scenarios...
[INFO]	 - Plotting flexibility profiles...
[INFO]	 - Plotting load scenarios...
[INFO]	 - Plotting RES generation scenarios...
[INFO] Reading DISTRIBUTION NETWORK DATA from file(s)...
[INFO]	 - Generating load stochastic scenarios...
[INFO]	 - Generating RES generation stochastic scenarios...
[INFO]	 - Generating flexibility stochastic scenarios...
[INFO]	 - Plotting flexibility profiles...
[INFO]	 - Plotting load scenarios...
[INFO]	 - Plotting RES generation scenarios...
[INFO] Reading TRANSMISSION NETWORK DATA from file(s)...
[INFO]	 - Generating load stochastic scenarios...
[INFO]	 - Generating RES generation stochastic scenarios...
[INFO]	 - Generating flexibility stochastic scenarios...
[INFO]	 - Plotting flexibility profiles...
[INFO]	 - Plotting load scenarios...
[INFO]	 - Plotting RES generation scenarios...
[INFO] Scenario checksum: 9d6335848b80ee9bb484ffd0c82fc70362b0ee02d79c5d351c15da1e25b0c857
[INFO] Reading SHARED ESS DATA from file(s)...
[INFO] Reading PLANNING PARAMETERS from file...
[W37] launch written; instance w37_2x2_smoke checksum 9d6335848b80ee9b blocks={'tso_blocks': 4, 'dso_blocks': 12, 'network_blocks': 16, 'esso_models': 3, 'solves_per_cycle': 19} declared_total=146
[W37] arm x0 starting
Traceback (most recent call last):
  File "/Users/micaelsimoes/Projects/share-resource-planning-no_esso-degradation/p515_s50_w37_multiscenario_smoke.py", line 1051, in main
    run_arm(arm, out_dir, planning0, holder, timer, watchdog)
  File "/Users/micaelsimoes/Projects/share-resource-planning-no_esso-degradation/p515_s50_w37_multiscenario_smoke.py", line 842, in run_arm
    report, report_path = G.run_admm_arm(
                          ^^^^^^^^^^^^^^^
  File "/Users/micaelsimoes/Projects/share-resource-planning-no_esso-degradation/p515_g_g1_g4_admm_gates.py", line 1250, in run_admm_arm
    planning, sed, candidate = _construct_arm_planning(
                               ^^^^^^^^^^^^^^^^^^^^^^^^
  File "/Users/micaelsimoes/Projects/share-resource-planning-no_esso-degradation/p515_g_g1_g4_admm_gates.py", line 1095, in _construct_arm_planning
    raise RuntimeError(
RuntimeError: refusing to start: eval dir already exists (network logs append): /Users/micaelsimoes/Projects/share-resource-planning-no_esso-degradation/data/SRP1/Results/P56A/evals/p515s50_w37_x0

[W37] all_pass=False solves observed=0 expected=None verify_failures=['event-level reconciliation UNSUPPORTED: [{"arm": "x0", "reconciliation": {}}]']
