[INFO] Running OPERATIONAL PLANNING (DISTRIBUTED)...
[INFO]	 - Initializing...
[INFO] 		 - Distribution Network node 5...
[INFO] 			 - Running SMOPF, Network case33_1, 2025, Spring...
[INFO] 			 - Running SMOPF, Network case33_1, 2025, Summer...
[INFO] 			 - Running SMOPF, Network case33_1, 2025, Autumn...
[INFO] 			 - Running SMOPF, Network case33_1, 2025, Winter...
[INFO] 			 - Running SMOPF, Network case33_1, 2030, Spring...
[INFO] 			 - Running SMOPF, Network case33_1, 2030, Summer...
[INFO] 			 - Running SMOPF, Network case33_1, 2030, Autumn...
[INFO] 			 - Running SMOPF, Network case33_1, 2030, Winter...
[INFO] 			 - Running SMOPF, Network case33_1, 2035, Spring...
[INFO] 			 - Running SMOPF, Network case33_1, 2035, Summer...
[INFO] 			 - Running SMOPF, Network case33_1, 2035, Autumn...
[INFO] 			 - Running SMOPF, Network case33_1, 2035, Winter...
[INFO] 		 - Distribution Network node 7...
[INFO] 			 - Running SMOPF, Network case33_2, 2025, Spring...
[INFO] 			 - Running SMOPF, Network case33_2, 2025, Summer...
[INFO] 			 - Running SMOPF, Network case33_2, 2025, Autumn...
[INFO] 			 - Running SMOPF, Network case33_2, 2025, Winter...
[INFO] 			 - Running SMOPF, Network case33_2, 2030, Spring...
[INFO] 			 - Running SMOPF, Network case33_2, 2030, Summer...
[INFO] 			 - Running SMOPF, Network case33_2, 2030, Autumn...
[INFO] 			 - Running SMOPF, Network case33_2, 2030, Winter...
[INFO] 			 - Running SMOPF, Network case33_2, 2035, Spring...
[INFO] 			 - Running SMOPF, Network case33_2, 2035, Summer...
[INFO] 			 - Running SMOPF, Network case33_2, 2035, Autumn...
[INFO] 			 - Running SMOPF, Network case33_2, 2035, Winter...
[INFO] 		 - Distribution Network node 9...
[INFO] 			 - Running SMOPF, Network case33_3, 2025, Spring...
[INFO] 			 - Running SMOPF, Network case33_3, 2025, Summer...
[INFO] 			 - Running SMOPF, Network case33_3, 2025, Autumn...
[INFO] 			 - Running SMOPF, Network case33_3, 2025, Winter...
[INFO] 			 - Running SMOPF, Network case33_3, 2030, Spring...
[INFO] 			 - Running SMOPF, Network case33_3, 2030, Summer...
[INFO] 			 - Running SMOPF, Network case33_3, 2030, Autumn...
[INFO] 			 - Running SMOPF, Network case33_3, 2030, Winter...
[INFO] 			 - Running SMOPF, Network case33_3, 2035, Spring...
[INFO] 			 - Running SMOPF, Network case33_3, 2035, Summer...
[INFO] 			 - Running SMOPF, Network case33_3, 2035, Autumn...
[INFO] 			 - Running SMOPF, Network case33_3, 2035, Winter...
[INFO] 		 - Transmission Network...
[INFO] 			 - Running SMOPF, Network case9, 2025, Spring...
[INFO] 			 - Running SMOPF, Network case9, 2025, Summer...
[INFO] 			 - Running SMOPF, Network case9, 2025, Autumn...
[INFO] 			 - Running SMOPF, Network case9, 2025, Winter...
[INFO] 			 - Running SMOPF, Network case9, 2030, Spring...
[INFO] 			 - Running SMOPF, Network case9, 2030, Summer...
[INFO] 			 - Running SMOPF, Network case9, 2030, Autumn...
[INFO] 			 - Running SMOPF, Network case9, 2030, Winter...
[INFO] 			 - Running SMOPF, Network case9, 2035, Spring...
[INFO] 			 - Running SMOPF, Network case9, 2035, Summer...
[INFO] 			 - Running SMOPF, Network case9, 2035, Autumn...
[INFO] 			 - Running SMOPF, Network case9, 2035, Winter...
[INFO] 		 - Running Shared ESS optimization (subproblem)...
[INFO] 			 - Node 5...
[INFO] Shared ESS complementarity diagnostics for ESS node=5: ratio_max=8.663330e-06 n_periods=288 mu_final=1.497458e-11 s_obj=1.000000e-01 eps=1.000000e-05 bound=4.312679e-03 measured=2.312858e-03
[INFO] 			 - Node 7...
[INFO] Shared ESS complementarity diagnostics for ESS node=7: ratio_max=8.664933e-06 n_periods=288 mu_final=1.499878e-11 s_obj=1.000000e-01 eps=1.000000e-05 bound=4.319650e-03 measured=2.305958e-03
[INFO] 			 - Node 9...
[INFO] Shared ESS complementarity diagnostics for ESS node=9: ratio_max=8.662105e-06 n_periods=288 mu_final=1.497387e-11 s_obj=1.000000e-01 eps=1.000000e-05 bound=4.312474e-03 measured=2.313052e-03
[ADMM OF SCALE] n=48 | min=2.430192e+07 | median=4.563872e+07 | max=9.363536e+07 | selected=9.363536e+07
[ADMM OF SCALE] Largest weighted objectives:
  TSO node=None year=2035 day=Winter | base=-9.363536e+07 | scenario=0.000000e+00 | total=-9.363536e+07
  TSO node=None year=2030 day=Autumn | base=-8.831557e+07 | scenario=0.000000e+00 | total=-8.831557e+07
  TSO node=None year=2030 day=Winter | base=-7.463930e+07 | scenario=0.000000e+00 | total=-7.463930e+07
  TSO node=None year=2035 day=Spring | base=-6.233022e+07 | scenario=0.000000e+00 | total=-6.233022e+07
  TSO node=None year=2035 day=Summer | base=-5.846825e+07 | scenario=0.000000e+00 | total=-5.846825e+07
  TSO node=None year=2035 day=Autumn | base=-5.808004e+07 | scenario=0.000000e+00 | total=-5.808004e+07
  TSO node=None year=2030 day=Summer | base=-5.747069e+07 | scenario=0.000000e+00 | total=-5.747069e+07
  DSO node=7 year=2035 day=Spring | base=5.722320e+07 | scenario=0.000000e+00 | total=5.722320e+07
  DSO node=9 year=2025 day=Winter | base=5.578761e+07 | scenario=0.000000e+00 | total=5.578761e+07
  DSO node=5 year=2035 day=Spring | base=5.561607e+07 | scenario=0.000000e+00 | total=5.561607e+07
[ADMM OF SCALE] Fixed sigma in force sigma_fixed=9.363536e+07 | sigma_computed=9.363536e+07 | ratio=1.000000e+00 | assert_factor=3.000
[ADMM ESSO AL SCALE] mode=sigma_over_median_block_weight | sigma=9.363536e+07 | median_block_weight=4.121075e+02 | al_scale_esso=2.272110e+05
[INFO] 	 - ADMM Iteration 1
[INFO] 		 - Updating distribution networks:
[INFO] 			 - Running SMOPF, Network case33_1, 2025, Spring...
[INFO] 			 - Running SMOPF, Network case33_1, 2025, Summer...
[INFO] 			 - Running SMOPF, Network case33_1, 2025, Autumn...
[INFO] 			 - Running SMOPF, Network case33_1, 2025, Winter...
[INFO] 			 - Running SMOPF, Network case33_1, 2030, Spring...
[INFO] 			 - Running SMOPF, Network case33_1, 2030, Summer...
[INFO] 			 - Running SMOPF, Network case33_1, 2030, Autumn...
[INFO] 			 - Running SMOPF, Network case33_1, 2030, Winter...
[INFO] 			 - Running SMOPF, Network case33_1, 2035, Spring...
[INFO] 			 - Running SMOPF, Network case33_1, 2035, Summer...
[INFO] 			 - Running SMOPF, Network case33_1, 2035, Autumn...
[INFO] 			 - Running SMOPF, Network case33_1, 2035, Winter...
[INFO] 			 - Running SMOPF, Network case33_2, 2025, Spring...
[INFO] 			 - Running SMOPF, Network case33_2, 2025, Summer...
[INFO] 			 - Running SMOPF, Network case33_2, 2025, Autumn...
[INFO] 			 - Running SMOPF, Network case33_2, 2025, Winter...
[INFO] 			 - Running SMOPF, Network case33_2, 2030, Spring...
[INFO] 			 - Running SMOPF, Network case33_2, 2030, Summer...
[INFO] 			 - Running SMOPF, Network case33_2, 2030, Autumn...
[INFO] 			 - Running SMOPF, Network case33_2, 2030, Winter...
[INFO] 			 - Running SMOPF, Network case33_2, 2035, Spring...
[INFO] 			 - Running SMOPF, Network case33_2, 2035, Summer...
[INFO] 			 - Running SMOPF, Network case33_2, 2035, Autumn...
[INFO] 			 - Running SMOPF, Network case33_2, 2035, Winter...
[INFO] 			 - Running SMOPF, Network case33_3, 2025, Spring...
[INFO] 			 - Running SMOPF, Network case33_3, 2025, Summer...
[INFO] 			 - Running SMOPF, Network case33_3, 2025, Autumn...
[INFO] 			 - Running SMOPF, Network case33_3, 2025, Winter...
[INFO] 			 - Running SMOPF, Network case33_3, 2030, Spring...
[INFO] 			 - Running SMOPF, Network case33_3, 2030, Summer...
[INFO] 			 - Running SMOPF, Network case33_3, 2030, Autumn...
[INFO] 			 - Running SMOPF, Network case33_3, 2030, Winter...
[INFO] 			 - Running SMOPF, Network case33_3, 2035, Spring...
[INFO] 			 - Running SMOPF, Network case33_3, 2035, Summer...
[INFO] 			 - Running SMOPF, Network case33_3, 2035, Autumn...
[INFO] 			 - Running SMOPF, Network case33_3, 2035, Winter...
[INFO] 		 - Updating transmission network...
[INFO] 			 - Running SMOPF, Network case9, 2025, Spring...
[INFO] 			 - Running SMOPF, Network case9, 2025, Summer...
[INFO] 			 - Running SMOPF, Network case9, 2025, Autumn...
[INFO] 			 - Running SMOPF, Network case9, 2025, Winter...
[INFO] 			 - Running SMOPF, Network case9, 2030, Spring...
[INFO] 			 - Running SMOPF, Network case9, 2030, Summer...
[INFO] 			 - Running SMOPF, Network case9, 2030, Autumn...
[INFO] 			 - Running SMOPF, Network case9, 2030, Winter...
[INFO] 			 - Running SMOPF, Network case9, 2035, Spring...
[INFO] 			 - Running SMOPF, Network case9, 2035, Summer...
[INFO] 			 - Running SMOPF, Network case9, 2035, Autumn...
[INFO] 			 - Running SMOPF, Network case9, 2035, Winter...
[TSO PROX] cycle=1 | updated_blocks=12 | held_failed_blocks=0 | V max=0.016001 | PF max=0.275993 | ESS max=0.096846
[TSO PROX][V MAX] node=9, year=2035, day=Summer, period=20 | dV=5.520443 kV | normalized=0.016001
[TSO PROX][PF MAX] node=5, year=2025, day=Spring, period=9, type=P | delta=55.198617 MW | normalized=0.275993
[TSO PROX][ESS MAX] node=5, year=2035, day=Spring, period=15, type=P | delta=0.484229 MW | normalized=0.096846
[INFO] 		 - Updating SharedESS...
[INFO] 		 - Running Shared ESS optimization (subproblem)...
[INFO] 			 - Node 5...
[INFO] Shared ESS complementarity diagnostics for ESS node=5: ratio_max=9.338863e-06 n_periods=288 mu_final=1.197520e-11 s_obj=1.000000e-01 eps=1.000000e-05 bound=3.448859e-03 measured=3.002143e-03
[INFO] 			 - Node 7...
[INFO] Shared ESS complementarity diagnostics for ESS node=7: ratio_max=9.392658e-06 n_periods=288 mu_final=1.090586e-11 s_obj=1.000000e-01 eps=1.000000e-05 bound=3.140887e-03 measured=3.164456e-03
[INFO] 			 - Node 9...
[INFO] Shared ESS complementarity diagnostics for ESS node=9: ratio_max=9.373477e-06 n_periods=288 mu_final=1.126412e-11 s_obj=1.000000e-01 eps=1.000000e-05 bound=3.244067e-03 measured=3.283780e-03
[DIAG][V MAX] node=5, year=2035, day=Winter, period=4 | TSO=349.503903 kV, DSO=343.197461 kV, diff=6.306442 kV, base=345.000000 kV, normalized=0.018280, rho(TSO/DSO)=0.007700/0.007700
[DIAG][PF MAX] node=7, year=2035, day=Spring, period=14, type=P | TSO=51.795073 MW, DSO=84.359938 MW, diff=32.564865 MW, rating=100.000000 MVA, normalized=0.325649, rho(TSO/DSO)=0.198000/0.198000
[INFO]		 - interface Vmag max primal residual failed. 0.018280 > 0.010000
[INFO]		 - interface Vmag mean primal residual failed. 0.007260 > 0.001000
[INFO]		 - interface PF max primal residual failed. 0.325649 > 0.010000
[INFO]		 - interface PF mean primal residual failed. 0.061846 > 0.001000
[INFO]		 - interface PF mean dual residual failed. 0.023562 > 0.010000
[INFO]		 - Recourse stationarity requires one previous successful cycle.
[ADMM RHO] V | primal max ratio=1.828 | primal mean ratio=7.260 | primal selected=7.260 | dual mean ratio=0.004 | increase threshold=5.0 | decrease threshold=5.0 | action=increased
[ADMM RHO BOYD] V | r=2.473268e-01 | s=1.997352e-03 | eps_pri=3.241839e-03 | eps_dual=2.940800e-04 | primal_ratio=7.629213e+01 | dual_ratio=6.791867e+00 | dual_ratio_balance=4.802575e+00 | rho_before=7.700000e-03 | rho_after=1.155000e-02 | gamma_before=7.700000e-03 | gamma_after=1.155000e-02 | action=increased
[ADMM RHO] PF | primal max ratio=32.565 | primal mean ratio=61.846 | primal selected=61.846 | dual mean ratio=2.356 | increase threshold=5.0 | decrease threshold=3.0 | action=held
[ADMM RHO BOYD] PF | r=3.488859e+00 | s=1.444624e+00 | eps_pri=1.386918e-03 | eps_dual=5.195601e-04 | primal_ratio=2.515548e+03 | dual_ratio=2.780476e+03 | dual_ratio_balance=1.966093e+03 | rho_before=1.980000e-01 | rho_after=1.980000e-01 | gamma_before=1.980000e-01 | gamma_after=1.980000e-01 | action=held
[ADMM RHO] ESS | primal max ratio=0.645 | primal mean ratio=0.679 | primal selected=0.679 | dual mean ratio=0.005 | increase threshold=5.0 | decrease threshold=5.0 | action=exempt (fixed)
[ADMM RHO BOYD] ESS | r=9.294712e-01 | s=1.314514e-02 | eps_pri=8.338483e-04 | eps_dual=7.209295e-04 | primal_ratio=1.114677e+03 | dual_ratio=1.823361e+01 | dual_ratio_balance=9.117397e+00 | rho_before=1.000000e-02 | rho_after=1.000000e-02 | gamma_before=1.000000e-02 | gamma_after=1.000000e-02 | action=exempt (fixed)
[INFO]		 - ADMM cycle 1 | Primal (V max/mean | PF max/mean | ESS max/mean) = 0.018280/0.007260 | 0.325649/0.061846 | 0.064537/0.006795 | Dual (V max/mean | PF max/mean | ESS max/mean) = 0.000126/0.000039 | 0.128943/0.023562 | 0.000323/0.000051 | Recourse change = N/A (tol. N/A) | Stable cycles = 0/3 | Penalty actions (V/PF/ESS) = increased/held/exempt (fixed)
[INFO] 	 - Iteration 1: 32.32 s
[INFO] 	 - ADMM Iteration 2
[INFO] 		 - Updating distribution networks:
[INFO] 			 - Running SMOPF, Network case33_1, 2025, Spring...
[INFO] 			 - Running SMOPF, Network case33_1, 2025, Summer...
[INFO] 			 - Running SMOPF, Network case33_1, 2025, Autumn...
[INFO] 			 - Running SMOPF, Network case33_1, 2025, Winter...
[INFO] 			 - Running SMOPF, Network case33_1, 2030, Spring...
[INFO] 			 - Running SMOPF, Network case33_1, 2030, Summer...
[INFO] 			 - Running SMOPF, Network case33_1, 2030, Autumn...
[INFO] 			 - Running SMOPF, Network case33_1, 2030, Winter...
[INFO] 			 - Running SMOPF, Network case33_1, 2035, Spring...
[INFO] 			 - Running SMOPF, Network case33_1, 2035, Summer...
[INFO] 			 - Running SMOPF, Network case33_1, 2035, Autumn...
[INFO] 			 - Running SMOPF, Network case33_1, 2035, Winter...
[INFO] 			 - Running SMOPF, Network case33_2, 2025, Spring...
[INFO] 			 - Running SMOPF, Network case33_2, 2025, Summer...
[INFO] 			 - Running SMOPF, Network case33_2, 2025, Autumn...
[INFO] 			 - Running SMOPF, Network case33_2, 2025, Winter...
[INFO] 			 - Running SMOPF, Network case33_2, 2030, Spring...
[INFO] 			 - Running SMOPF, Network case33_2, 2030, Summer...
[INFO] 			 - Running SMOPF, Network case33_2, 2030, Autumn...
[INFO] 			 - Running SMOPF, Network case33_2, 2030, Winter...
[INFO] 			 - Running SMOPF, Network case33_2, 2035, Spring...
[INFO] 			 - Running SMOPF, Network case33_2, 2035, Summer...
[INFO] 			 - Running SMOPF, Network case33_2, 2035, Autumn...
[INFO] 			 - Running SMOPF, Network case33_2, 2035, Winter...
[INFO] 			 - Running SMOPF, Network case33_3, 2025, Spring...
[INFO] 			 - Running SMOPF, Network case33_3, 2025, Summer...
[INFO] 			 - Running SMOPF, Network case33_3, 2025, Autumn...
[INFO] 			 - Running SMOPF, Network case33_3, 2025, Winter...
[INFO] 			 - Running SMOPF, Network case33_3, 2030, Spring...
[INFO] 			 - Running SMOPF, Network case33_3, 2030, Summer...
[INFO] 			 - Running SMOPF, Network case33_3, 2030, Autumn...
[INFO] 			 - Running SMOPF, Network case33_3, 2030, Winter...
[INFO] 			 - Running SMOPF, Network case33_3, 2035, Spring...
[INFO] 			 - Running SMOPF, Network case33_3, 2035, Summer...
[INFO] 			 - Running SMOPF, Network case33_3, 2035, Autumn...
[INFO] 			 - Running SMOPF, Network case33_3, 2035, Winter...
[INFO] 		 - Updating transmission network...
[INFO] 			 - Running SMOPF, Network case9, 2025, Spring...
[INFO] 			 - Running SMOPF, Network case9, 2025, Summer...
[INFO] 			 - Running SMOPF, Network case9, 2025, Autumn...
[INFO] 			 - Running SMOPF, Network case9, 2025, Winter...
[INFO] 			 - Running SMOPF, Network case9, 2030, Spring...
[INFO] 			 - Running SMOPF, Network case9, 2030, Summer...
[INFO] 			 - Running SMOPF, Network case9, 2030, Autumn...
[INFO] 			 - Running SMOPF, Network case9, 2030, Winter...
[INFO] 			 - Running SMOPF, Network case9, 2035, Spring...
[INFO] 			 - Running SMOPF, Network case9, 2035, Summer...
[INFO] 			 - Running SMOPF, Network case9, 2035, Autumn...
[INFO] 			 - Running SMOPF, Network case9, 2035, Winter...
[TSO PROX] cycle=2 | updated_blocks=12 | held_failed_blocks=0 | V max=0.015350 | PF max=0.193088 | ESS max=0.023500
[TSO PROX][V MAX] node=5, year=2025, day=Winter, period=22 | dV=5.295897 kV | normalized=0.015350
[TSO PROX][PF MAX] node=5, year=2025, day=Spring, period=12, type=P | delta=38.617669 MW | normalized=0.193088
[TSO PROX][ESS MAX] node=5, year=2030, day=Summer, period=15, type=P | delta=0.117498 MW | normalized=0.023500
[INFO] 		 - Updating SharedESS...
[INFO] 		 - Running Shared ESS optimization (subproblem)...
[INFO] 			 - Node 5...
[INFO] Shared ESS complementarity diagnostics for ESS node=5: ratio_max=4.805980e-06 n_periods=288 mu_final=9.093260e-12 s_obj=1.000000e-01 eps=1.000000e-05 bound=2.618859e-03 measured=2.615656e-03
[INFO] 			 - Node 7...
[INFO] Shared ESS complementarity diagnostics for ESS node=7: ratio_max=6.270033e-06 n_periods=288 mu_final=1.105115e-11 s_obj=1.000000e-01 eps=1.000000e-05 bound=3.182731e-03 measured=2.614827e-03
[INFO] 			 - Node 9...
[INFO] Shared ESS complementarity diagnostics for ESS node=9: ratio_max=4.820197e-06 n_periods=288 mu_final=9.093206e-12 s_obj=1.000000e-01 eps=1.000000e-05 bound=2.618843e-03 measured=2.615657e-03
[DIAG][PF MAX] node=5, year=2035, day=Summer, period=22, type=P | TSO=67.840254 MW, DSO=32.140533 MW, diff=35.699721 MW, rating=200.000000 MVA, normalized=0.178499, rho(TSO/DSO)=0.198000/0.198000
[INFO]		 - interface Vmag mean primal residual failed. 0.002833 > 0.001000
[INFO]		 - interface PF max primal residual failed. 0.178499 > 0.010000
[INFO]		 - interface PF mean primal residual failed. 0.061372 > 0.001000
[INFO]		 - Dual residuals ok!
[RECOURSE JUMP] cycle=2 | abs_change=2.169951e+08 | tol=1.122656e+05 | signed_change=+2.169951e+08
[RECOURSE JUMP] Reconciliation | previous=9.056614e+08 | current=1.122656e+09 | block_delta=+2.169951e+08 | mismatch=-2.384186e-07
[RECOURSE JUMP] Aggregate signed changes:
  TSO | delta=+2.833889e+08
  DSO node=9 | delta=-2.671604e+07
  DSO node=5 | delta=-2.007927e+07
  DSO node=7 | delta=-1.959846e+07
  SALVAGE | delta=+2.783419e-35
[RECOURSE JUMP] Largest 10 block changes:
  TSO node=None year=2025 day=Winter | previous=8.430140e+07 | current=1.261193e+08 | delta=+4.181793e+07 | abs_delta=4.181793e+07
    [RECOURSE JUMP][TSO PROX] year=2025 day=Winter | V max=0.015350 | PF max=0.113868 | ESS max=0.013458
    [RECOURSE COMPONENTS] gen=+4.181793e+07 | flex=+0.000000e+00 | load_curt=+0.000000e+00 | res_curt=+0.000000e+00 | ess_usage=+0.000000e+00 | slacks=-2.937421e-07 | ess_comp=+4.677714e-06
    [SLACK COMPONENTS] voltage=-2.937421e-07 | node_P=+0.000000e+00 | node_Q=+0.000000e+00 | branch_ij=+0.000000e+00 | branch_ji=+0.000000e+00 | flex_P=+0.000000e+00 | flex_Q=+0.000000e+00
    [SLACK COMPONENT CHECK] classified_delta=-2.937421e-07 | objective_slack_delta=-2.937421e-07 | mismatch=+0.000000e+00
    [RECOURSE COMPONENT CHECK] classified_delta=+4.181793e+07 | block_delta=+4.181793e+07 | mismatch=-7.450581e-09
  TSO node=None year=2025 day=Autumn | previous=7.685370e+07 | current=1.152600e+08 | delta=+3.840631e+07 | abs_delta=3.840631e+07
    [RECOURSE JUMP][TSO PROX] year=2025 day=Autumn | V max=0.014712 | PF max=0.117668 | ESS max=0.021698
    [RECOURSE COMPONENTS] gen=+3.840631e+07 | flex=+0.000000e+00 | load_curt=+0.000000e+00 | res_curt=+0.000000e+00 | ess_usage=+0.000000e+00 | slacks=-1.199325e-10 | ess_comp=+4.760907e-06
    [SLACK COMPONENTS] voltage=-1.199325e-10 | node_P=+0.000000e+00 | node_Q=+0.000000e+00 | branch_ij=+0.000000e+00 | branch_ji=+0.000000e+00 | flex_P=+0.000000e+00 | flex_Q=+0.000000e+00
    [SLACK COMPONENT CHECK] classified_delta=-1.199325e-10 | objective_slack_delta=-1.199325e-10 | mismatch=+0.000000e+00
    [RECOURSE COMPONENT CHECK] classified_delta=+3.840631e+07 | block_delta=+3.840631e+07 | mismatch=-7.450581e-09
  TSO node=None year=2025 day=Summer | previous=7.972989e+07 | current=1.153620e+08 | delta=+3.563207e+07 | abs_delta=3.563207e+07
    [RECOURSE JUMP][TSO PROX] year=2025 day=Summer | V max=0.012153 | PF max=0.141720 | ESS max=0.021081
    [RECOURSE COMPONENTS] gen=+3.563207e+07 | flex=+0.000000e+00 | load_curt=+0.000000e+00 | res_curt=+0.000000e+00 | ess_usage=+0.000000e+00 | slacks=-8.315482e-11 | ess_comp=+7.106555e-05
    [SLACK COMPONENTS] voltage=-8.315482e-11 | node_P=+0.000000e+00 | node_Q=+0.000000e+00 | branch_ij=+0.000000e+00 | branch_ji=+0.000000e+00 | flex_P=+0.000000e+00 | flex_Q=+0.000000e+00
    [SLACK COMPONENT CHECK] classified_delta=-8.315482e-11 | objective_slack_delta=-8.315482e-11 | mismatch=+0.000000e+00
    [RECOURSE COMPONENT CHECK] classified_delta=+3.563207e+07 | block_delta=+3.563207e+07 | mismatch=+0.000000e+00
  TSO node=None year=2025 day=Spring | previous=7.588235e+07 | current=1.057653e+08 | delta=+2.988295e+07 | abs_delta=2.988295e+07
    [RECOURSE JUMP][TSO PROX] year=2025 day=Spring | V max=0.011824 | PF max=0.193088 | ESS max=0.009596
    [RECOURSE COMPONENTS] gen=+2.988295e+07 | flex=+0.000000e+00 | load_curt=+0.000000e+00 | res_curt=+0.000000e+00 | ess_usage=+0.000000e+00 | slacks=+6.998846e-12 | ess_comp=+3.665285e-04
    [SLACK COMPONENTS] voltage=+6.998846e-12 | node_P=+0.000000e+00 | node_Q=+0.000000e+00 | branch_ij=+0.000000e+00 | branch_ji=+0.000000e+00 | flex_P=+0.000000e+00 | flex_Q=+0.000000e+00
    [SLACK COMPONENT CHECK] classified_delta=+6.998846e-12 | objective_slack_delta=+6.998846e-12 | mismatch=+0.000000e+00
    [RECOURSE COMPONENT CHECK] classified_delta=+2.988295e+07 | block_delta=+2.988295e+07 | mismatch=+3.725290e-09
  TSO node=None year=2030 day=Summer | previous=5.779564e+07 | current=8.048201e+07 | delta=+2.268636e+07 | abs_delta=2.268636e+07
    [RECOURSE JUMP][TSO PROX] year=2030 day=Summer | V max=0.009098 | PF max=0.100009 | ESS max=0.023500
    [RECOURSE COMPONENTS] gen=+2.268636e+07 | flex=+0.000000e+00 | load_curt=+0.000000e+00 | res_curt=+0.000000e+00 | ess_usage=+0.000000e+00 | slacks=+8.584777e-11 | ess_comp=+7.413125e-05
    [SLACK COMPONENTS] voltage=+8.584777e-11 | node_P=+0.000000e+00 | node_Q=+0.000000e+00 | branch_ij=+0.000000e+00 | branch_ji=+0.000000e+00 | flex_P=+0.000000e+00 | flex_Q=+0.000000e+00
    [SLACK COMPONENT CHECK] classified_delta=+8.584777e-11 | objective_slack_delta=+8.584777e-11 | mismatch=+0.000000e+00
    [RECOURSE COMPONENT CHECK] classified_delta=+2.268636e+07 | block_delta=+2.268636e+07 | mismatch=-1.117587e-08
  TSO node=None year=2030 day=Winter | previous=4.119536e+07 | current=6.055171e+07 | delta=+1.935635e+07 | abs_delta=1.935635e+07
    [RECOURSE JUMP][TSO PROX] year=2030 day=Winter | V max=0.012617 | PF max=0.092128 | ESS max=0.015366
    [RECOURSE COMPONENTS] gen=+1.935635e+07 | flex=+0.000000e+00 | load_curt=+0.000000e+00 | res_curt=+0.000000e+00 | ess_usage=+0.000000e+00 | slacks=-3.935868e-08 | ess_comp=+4.628554e-06
    [SLACK COMPONENTS] voltage=-3.935868e-08 | node_P=+0.000000e+00 | node_Q=+0.000000e+00 | branch_ij=+0.000000e+00 | branch_ji=+0.000000e+00 | flex_P=+0.000000e+00 | flex_Q=+0.000000e+00
    [SLACK COMPONENT CHECK] classified_delta=-3.935868e-08 | objective_slack_delta=-3.935868e-08 | mismatch=+0.000000e+00
    [RECOURSE COMPONENT CHECK] classified_delta=+1.935635e+07 | block_delta=+1.935635e+07 | mismatch=-1.117587e-08
  TSO node=None year=2030 day=Spring | previous=5.568121e+07 | current=7.407720e+07 | delta=+1.839599e+07 | abs_delta=1.839599e+07
    [RECOURSE JUMP][TSO PROX] year=2030 day=Spring | V max=0.009777 | PF max=0.176865 | ESS max=0.009790
    [RECOURSE COMPONENTS] gen=+1.839599e+07 | flex=+0.000000e+00 | load_curt=+0.000000e+00 | res_curt=+0.000000e+00 | ess_usage=+0.000000e+00 | slacks=+1.599929e-10 | ess_comp=+4.176208e-04
    [SLACK COMPONENTS] voltage=+1.599929e-10 | node_P=+0.000000e+00 | node_Q=+0.000000e+00 | branch_ij=+0.000000e+00 | branch_ji=+0.000000e+00 | flex_P=+0.000000e+00 | flex_Q=+0.000000e+00
    [SLACK COMPONENT CHECK] classified_delta=+1.599929e-10 | objective_slack_delta=+1.599929e-10 | mismatch=+0.000000e+00
    [RECOURSE COMPONENT CHECK] classified_delta=+1.839599e+07 | block_delta=+1.839599e+07 | mismatch=+0.000000e+00
  TSO node=None year=2035 day=Winter | previous=3.731656e+07 | current=5.512773e+07 | delta=+1.781117e+07 | abs_delta=1.781117e+07
    [RECOURSE JUMP][TSO PROX] year=2035 day=Winter | V max=0.013033 | PF max=0.093377 | ESS max=0.009536
    [RECOURSE COMPONENTS] gen=+1.781117e+07 | flex=+0.000000e+00 | load_curt=+0.000000e+00 | res_curt=+0.000000e+00 | ess_usage=+0.000000e+00 | slacks=+2.817018e-10 | ess_comp=+5.108104e-06
    [SLACK COMPONENTS] voltage=+2.817018e-10 | node_P=+0.000000e+00 | node_Q=+0.000000e+00 | branch_ij=+0.000000e+00 | branch_ji=+0.000000e+00 | flex_P=+0.000000e+00 | flex_Q=+0.000000e+00
    [SLACK COMPONENT CHECK] classified_delta=+2.817018e-10 | objective_slack_delta=+2.817018e-10 | mismatch=+0.000000e+00
    [RECOURSE COMPONENT CHECK] classified_delta=+1.781117e+07 | block_delta=+1.781117e+07 | mismatch=-3.725290e-09
  TSO node=None year=2035 day=Summer | previous=5.506939e+07 | current=7.154316e+07 | delta=+1.647377e+07 | abs_delta=1.647377e+07
    [RECOURSE JUMP][TSO PROX] year=2035 day=Summer | V max=0.014280 | PF max=0.098422 | ESS max=0.015373
    [RECOURSE COMPONENTS] gen=+1.647377e+07 | flex=+0.000000e+00 | load_curt=+0.000000e+00 | res_curt=-0.000000e+00 | ess_usage=+0.000000e+00 | slacks=+7.467094e-11 | ess_comp=+2.774682e-04
    [SLACK COMPONENTS] voltage=+7.467094e-11 | node_P=+0.000000e+00 | node_Q=+0.000000e+00 | branch_ij=+0.000000e+00 | branch_ji=+0.000000e+00 | flex_P=+0.000000e+00 | flex_Q=+0.000000e+00
    [SLACK COMPONENT CHECK] classified_delta=+7.467094e-11 | objective_slack_delta=+7.467094e-11 | mismatch=+0.000000e+00
    [RECOURSE COMPONENT CHECK] classified_delta=+1.647377e+07 | block_delta=+1.647377e+07 | mismatch=-5.587935e-09
  TSO node=None year=2035 day=Spring | previous=6.154878e+07 | current=7.734433e+07 | delta=+1.579555e+07 | abs_delta=1.579555e+07
    [RECOURSE JUMP][TSO PROX] year=2035 day=Spring | V max=0.011854 | PF max=0.156983 | ESS max=0.014894
    [RECOURSE COMPONENTS] gen=+1.579555e+07 | flex=+0.000000e+00 | load_curt=+0.000000e+00 | res_curt=+0.000000e+00 | ess_usage=+0.000000e+00 | slacks=+1.960530e-10 | ess_comp=+5.679846e-04
    [SLACK COMPONENTS] voltage=+1.960530e-10 | node_P=+0.000000e+00 | node_Q=+0.000000e+00 | branch_ij=+0.000000e+00 | branch_ji=+0.000000e+00 | flex_P=+0.000000e+00 | flex_Q=+0.000000e+00
    [SLACK COMPONENT CHECK] classified_delta=+1.960530e-10 | objective_slack_delta=+1.960530e-10 | mismatch=+0.000000e+00
    [RECOURSE COMPONENT CHECK] classified_delta=+1.579555e+07 | block_delta=+1.579555e+07 | mismatch=-1.117587e-08
[INFO]		 - Recourse stationarity failed. 216995099.040639 > 112265.648793
[ADMM RHO] V | primal max ratio=0.843 | primal mean ratio=2.833 | primal selected=2.833 | dual mean ratio=0.010 | increase threshold=5.0 | decrease threshold=5.0 | action=held
[ADMM RHO BOYD] V | r=9.852651e-02 | s=3.201631e-03 | eps_pri=3.259172e-03 | eps_dual=2.941652e-04 | primal_ratio=3.023053e+01 | dual_ratio=1.088379e+01 | dual_ratio_balance=7.696001e+00 | rho_before=1.155000e-02 | rho_after=1.155000e-02 | gamma_before=1.155000e-02 | gamma_after=1.155000e-02 | action=held
[ADMM RHO] PF | primal max ratio=17.850 | primal mean ratio=61.372 | primal selected=61.372 | dual mean ratio=0.987 | increase threshold=5.0 | decrease threshold=3.0 | action=held
[ADMM RHO BOYD] PF | r=2.815410e+00 | s=7.136091e-01 | eps_pri=1.421823e-03 | eps_dual=4.683005e-04 | primal_ratio=1.980141e+03 | dual_ratio=1.523827e+03 | dual_ratio_balance=1.077509e+03 | rho_before=1.980000e-01 | rho_after=1.980000e-01 | gamma_before=1.980000e-01 | gamma_after=1.980000e-01 | action=held
[ADMM RHO] ESS | primal max ratio=0.318 | primal mean ratio=0.339 | primal selected=0.339 | dual mean ratio=0.008 | increase threshold=5.0 | decrease threshold=5.0 | action=exempt (fixed)
[ADMM RHO BOYD] ESS | r=4.523369e-01 | s=9.925473e-03 | eps_pri=8.884019e-04 | eps_dual=7.213671e-04 | primal_ratio=5.091579e+02 | dual_ratio=1.375925e+01 | dual_ratio_balance=1.340117e+01 | rho_before=1.000000e-02 | rho_after=1.000000e-02 | gamma_before=1.000000e-02 | gamma_after=1.000000e-02 | action=exempt (fixed)
[INFO]		 - ADMM cycle 2 | Primal (V max/mean | PF max/mean | ESS max/mean) = 0.008427/0.002833 | 0.178499/0.061372 | 0.031778/0.003385 | Dual (V max/mean | PF max/mean | ESS max/mean) = 0.000332/0.000095 | 0.063636/0.009874 | 0.000468/0.000076 | Recourse change = 216995099.040639 (tol. 112265.648793) | Stable cycles = 0/3 | Penalty actions (V/PF/ESS) = held/held/exempt (fixed)
[INFO] 	 - Iteration 2: 33.70 s
[WARNING] 	 - ADMM did NOT converge in 2 iterations!
[INFO] 	 - Execution time: 93.05 s
