09:10:13 [W137-RUN-b_0dd237f0] memory preflight: available 17.630889892578125 GiB required 3.50 GiB -> PASS
09:10:13 [W137-RUN-b_0dd237f0] P5.15 Addendum 59 and Supplement, W137 -- v4 re-settling campaign (38 cells: claim groups 1, 2, 4) under the current production configuration: gated cells replayed bitwise against their original record through the first residual pass k0 (abort on the first divergence), the G cells as first C2 evaluations; the certifying regime held after the run's first residual pass (AA off, tight tail on, rho frozen); settling rule v4 (reading gamma: no reset on a non-Optimal accepted solve; certification vetoed while a non-Optimal cycle lies in the last W cycles the test reads; gap clause; amended monotone branch) until it certifies or the cap; W105 captures, per-cycle t_sum and Q_cc, and the IPOPT exit of every block of every cycle; cell b_0dd237f0 (#2) eval_key 38d09af2c857755fca674d2ad41a9eb936219e1125f6bcf1794f8473f97ddd12; cap 212; lock {'pid': 28236, 'campaign_id': 's53_w137_resettle_v4_b_0dd237f0', 'campaign_spec_sha256': '0c566d833106ebe1e703b304eec2b4f6458da40a90489c6522352a328253b864', 'started_utc': '2026-09-30T09:10:13.496731+00:00'}
09:10:13 [S44-HARNESS] launched b_0dd237f0 (key a361ac9321459482) pid=28642
09:10:13 [S44-HARNESS] heartbeat b_0dd237f0: 0s cycle=None
09:11:13 [S44-HARNESS] heartbeat b_0dd237f0: 60s cycle=None
09:12:13 [S44-HARNESS] heartbeat b_0dd237f0: 120s cycle=2
09:13:13 [S44-HARNESS] heartbeat b_0dd237f0: 180s cycle=4
09:14:13 [S44-HARNESS] heartbeat b_0dd237f0: 240s cycle=6
09:15:13 [S44-HARNESS] heartbeat b_0dd237f0: 300s cycle=8
09:16:13 [S44-HARNESS] heartbeat b_0dd237f0: 360s cycle=10
09:17:13 [S44-HARNESS] heartbeat b_0dd237f0: 420s cycle=13
09:18:13 [S44-HARNESS] heartbeat b_0dd237f0: 480s cycle=15
09:19:13 [S44-HARNESS] heartbeat b_0dd237f0: 540s cycle=17
09:20:13 [S44-HARNESS] heartbeat b_0dd237f0: 600s cycle=19
09:21:13 [S44-HARNESS] heartbeat b_0dd237f0: 660s cycle=21
09:22:13 [S44-HARNESS] heartbeat b_0dd237f0: 720s cycle=23
09:23:13 [S44-HARNESS] heartbeat b_0dd237f0: 780s cycle=25
09:24:13 [S44-HARNESS] heartbeat b_0dd237f0: 840s cycle=28
09:25:13 [S44-HARNESS] heartbeat b_0dd237f0: 900s cycle=30
09:26:13 [S44-HARNESS] heartbeat b_0dd237f0: 960s cycle=32
09:27:13 [S44-HARNESS] heartbeat b_0dd237f0: 1020s cycle=34
09:28:13 [S44-HARNESS] heartbeat b_0dd237f0: 1080s cycle=36
09:29:13 [S44-HARNESS] heartbeat b_0dd237f0: 1140s cycle=38
09:30:13 [S44-HARNESS] heartbeat b_0dd237f0: 1200s cycle=41
09:31:13 [S44-HARNESS] heartbeat b_0dd237f0: 1260s cycle=43
09:32:13 [S44-HARNESS] heartbeat b_0dd237f0: 1320s cycle=45
09:33:13 [S44-HARNESS] heartbeat b_0dd237f0: 1380s cycle=48
09:34:13 [S44-HARNESS] heartbeat b_0dd237f0: 1440s cycle=50
09:35:13 [S44-HARNESS] heartbeat b_0dd237f0: 1500s cycle=52
09:36:13 [S44-HARNESS] heartbeat b_0dd237f0: 1560s cycle=55
09:37:13 [S44-HARNESS] heartbeat b_0dd237f0: 1620s cycle=57
09:38:13 [S44-HARNESS] heartbeat b_0dd237f0: 1680s cycle=59
09:39:13 [S44-HARNESS] heartbeat b_0dd237f0: 1740s cycle=62
09:40:13 [S44-HARNESS] heartbeat b_0dd237f0: 1800s cycle=64
09:41:13 [S44-HARNESS] heartbeat b_0dd237f0: 1860s cycle=66
09:42:13 [S44-HARNESS] heartbeat b_0dd237f0: 1920s cycle=69
09:43:13 [S44-HARNESS] heartbeat b_0dd237f0: 1980s cycle=71
09:44:13 [S44-HARNESS] heartbeat b_0dd237f0: 2040s cycle=74
09:45:13 [S44-HARNESS] heartbeat b_0dd237f0: 2100s cycle=76
09:46:13 [S44-HARNESS] heartbeat b_0dd237f0: 2160s cycle=78
09:47:13 [S44-HARNESS] heartbeat b_0dd237f0: 2220s cycle=81
09:48:14 [S44-HARNESS] heartbeat b_0dd237f0: 2281s cycle=83
09:49:14 [S44-HARNESS] heartbeat b_0dd237f0: 2341s cycle=85
09:50:14 [S44-HARNESS] heartbeat b_0dd237f0: 2401s cycle=87
09:51:14 [S44-HARNESS] heartbeat b_0dd237f0: 2461s cycle=89
09:52:14 [S44-HARNESS] heartbeat b_0dd237f0: 2521s cycle=92
09:53:14 [S44-HARNESS] heartbeat b_0dd237f0: 2581s cycle=94
09:54:14 [S44-HARNESS] heartbeat b_0dd237f0: 2641s cycle=97
09:55:14 [S44-HARNESS] heartbeat b_0dd237f0: 2701s cycle=99
09:56:14 [S44-HARNESS] heartbeat b_0dd237f0: 2761s cycle=102
09:57:14 [S44-HARNESS] heartbeat b_0dd237f0: 2821s cycle=104
09:58:14 [S44-HARNESS] heartbeat b_0dd237f0: 2881s cycle=106
09:59:14 [S44-HARNESS] heartbeat b_0dd237f0: 2941s cycle=109
10:00:14 [S44-HARNESS] heartbeat b_0dd237f0: 3001s cycle=111
10:01:14 [S44-HARNESS] heartbeat b_0dd237f0: 3061s cycle=114
10:02:14 [S44-HARNESS] heartbeat b_0dd237f0: 3121s cycle=116
10:03:14 [S44-HARNESS] heartbeat b_0dd237f0: 3181s cycle=118
10:04:14 [S44-HARNESS] heartbeat b_0dd237f0: 3241s cycle=121
10:05:14 [S44-HARNESS] heartbeat b_0dd237f0: 3301s cycle=123
10:06:14 [S44-HARNESS] heartbeat b_0dd237f0: 3361s cycle=125
10:07:14 [S44-HARNESS] heartbeat b_0dd237f0: 3421s cycle=128
10:08:14 [S44-HARNESS] heartbeat b_0dd237f0: 3481s cycle=130
10:09:14 [S44-HARNESS] heartbeat b_0dd237f0: 3541s cycle=133
10:10:14 [S44-HARNESS] heartbeat b_0dd237f0: 3601s cycle=135
10:11:14 [S44-HARNESS] heartbeat b_0dd237f0: 3661s cycle=137
10:12:14 [S44-HARNESS] heartbeat b_0dd237f0: 3721s cycle=140
10:13:14 [S44-HARNESS] heartbeat b_0dd237f0: 3781s cycle=142
10:14:14 [S44-HARNESS] heartbeat b_0dd237f0: 3841s cycle=145
10:15:14 [S44-HARNESS] heartbeat b_0dd237f0: 3901s cycle=147
10:16:14 [S44-HARNESS] heartbeat b_0dd237f0: 3961s cycle=149
10:17:14 [S44-HARNESS] heartbeat b_0dd237f0: 4021s cycle=152
10:18:14 [S44-HARNESS] heartbeat b_0dd237f0: 4081s cycle=154
10:19:14 [S44-HARNESS] heartbeat b_0dd237f0: 4141s cycle=156
10:20:14 [S44-HARNESS] heartbeat b_0dd237f0: 4201s cycle=159
10:21:14 [S44-HARNESS] heartbeat b_0dd237f0: 4261s cycle=161
10:22:14 [S44-HARNESS] heartbeat b_0dd237f0: 4321s cycle=164
10:23:14 [S44-HARNESS] heartbeat b_0dd237f0: 4381s cycle=166
10:24:14 [S44-HARNESS] heartbeat b_0dd237f0: 4441s cycle=168
10:25:14 [S44-HARNESS] heartbeat b_0dd237f0: 4501s cycle=171
10:26:14 [S44-HARNESS] heartbeat b_0dd237f0: 4561s cycle=173
10:26:19 [S44-HARNESS] finished b_0dd237f0 pid=28642 exit=0 status=certified wall=4566s
10:26:23 [W137-RUN-b_0dd237f0] gates {'G1_harness_clean': True, 'G2_eval_key': True, 'G3_append_reconcile': True, 'G4_tail_state_check': True, 'G5_solve_profile_reconciled_per_event': True, 'G6_v37_optimal_and_four_metrics': True, 'G7_append_sealed': True, 'G8_persistence_on_production_certificate': True, 'G9_ess_ageing_readback': True, 'G11_acceptance_cross_check': True, 'G13_holds_inert_through_first_pass_held_after': True, 'G14_all_block_capture': True, 'G15_stopping_consistent': True, 'G16_lambda_sidecar_complete': True, 'G17_rule_v4_replay_reproduces_in_cycle': True, 'G18_line_fields_every_cycle': True, 'G19_replay_bitwise_1_k0_every_field': True, 'G20_production_counters_in_per_cycle_record': True, 'G21_creep_captures_complete': True, 'G22_t_sum_in_cycle_equals_stride_and_terminal': True, 'G23_overlap_recorded': True, 'G24_exit_capture_equals_the_solve_records_and_esso_logs': True, 'G25_record_status_follows_the_settling_decision': True}
10:26:23 [W137-RUN-b_0dd237f0] settling v4: status certified k* 173 branch oscillatory window [141, 173] band_width 4180.764466881752 s 19541.460052847862 t_sum(end) 591.9839557078449 k0_run 103 non-Optimal cycles [] vetoes 0 cycles 173 record status certified
10:26:23 [W137] guards {'w137_checks': {'counts': {'permitted_solve': 0, 'permitted_exec': 0, 'blocked_solve': 0, 'blocked_exec': 0}, 'verify_0_failures': []}, 'w132_checks': {'counts': {'permitted_solve': 0, 'permitted_exec': 0, 'blocked_solve': 0, 'blocked_exec': 0}, 'verify_0_failures': []}, 'w118_checks': {'counts': {'permitted_solve': 0, 'permitted_exec': 0, 'blocked_solve': 0, 'blocked_exec': 0}, 'verify_0_failures': []}, 'w105_checks_imported': {'counts': {'permitted_solve': 0, 'permitted_exec': 0, 'blocked_solve': 0, 'blocked_exec': 0}, 'verify_0_failures': []}, 'w101_checks_imported': {'counts': {'permitted_solve': 0, 'permitted_exec': 0, 'blocked_solve': 0, 'blocked_exec': 0}, 'verify_0_failures': []}, 'w98_checks_imported': {'counts': {'permitted_solve': 0, 'permitted_exec': 0, 'blocked_solve': 0, 'blocked_exec': 0}, 'verify_0_failures': []}, 'w112_imported': {'counts': {'permitted_solve': 0, 'permitted_exec': 0, 'blocked_solve': 0, 'blocked_exec': 0}, 'verify_0_failures': []}, 'alpha_row_launcher': {'counts': {'permitted_solve': 0, 'permitted_exec': 0, 'blocked_solve': 0, 'blocked_exec': 0}, 'verify_0_failures': []}, 'w86_launcher': {'counts': {'permitted_solve': 0, 'permitted_exec': 0, 'blocked_solve': 0, 'blocked_exec': 0}, 'verify_0_failures': []}, 'w87': {'counts': {'permitted_solve': 0, 'permitted_exec': 0, 'blocked_solve': 0, 'blocked_exec': 0}, 'verify_0_failures': []}, 'w88': {'counts': {'permitted_solve': 0, 'permitted_exec': 0, 'blocked_solve': 0, 'blocked_exec': 0}, 'verify_0_failures': []}, 'w89_step1': {'counts': {'permitted_solve': 0, 'permitted_exec': 0, 'blocked_solve': 0, 'blocked_exec': 0}, 'verify_0_failures': []}, 'w89_3x3_launcher': {'counts': {'permitted_solve': 0, 'permitted_exec': 0, 'blocked_solve': 0, 'blocked_exec': 0}, 'verify_0_failures': []}, 'w90_3x3_parent': {'counts': {'permitted_solve': 0, 'permitted_exec': 0, 'blocked_solve': 0, 'blocked_exec': 0}, 'verify_0_failures': []}, 'w98_parent': {'counts': {'permitted_solve': 0, 'permitted_exec': 0, 'blocked_solve': 0, 'blocked_exec': 0}, 'verify_0_failures': []}, 'w101_parent': {'counts': {'permitted_solve': 0, 'permitted_exec': 0, 'blocked_solve': 0, 'blocked_exec': 0}, 'verify_0_failures': []}, 'w118_parent': {'counts': {'permitted_solve': 0, 'permitted_exec': 0, 'blocked_solve': 0, 'blocked_exec': 0}, 'verify_0_failures': []}, 'w131_imported': {'counts': {'permitted_solve': 0, 'permitted_exec': 0, 'blocked_solve': 0, 'blocked_exec': 0}, 'verify_0_failures': []}, 'w132_parent': {'counts': {'permitted_solve': 0, 'permitted_exec': 0, 'blocked_solve': 0, 'blocked_exec': 0}, 'verify_0_failures': []}, 'w137_parent': {'counts': {'permitted_solve': 0, 'permitted_exec': 0, 'blocked_solve': 0, 'blocked_exec': 0}, 'verify_0_failures': []}} wall=4692s
