10:54:25 [W137-RUN-b_4649234b] memory preflight: available 17.366470336914062 GiB required 3.50 GiB -> PASS
10:54:25 [W137-RUN-b_4649234b] P5.15 Addendum 59 and Supplement, W137 -- v4 re-settling campaign (38 cells: claim groups 1, 2, 4) under the current production configuration: gated cells replayed bitwise against their original record through the first residual pass k0 (abort on the first divergence), the G cells as first C2 evaluations; the certifying regime held after the run's first residual pass (AA off, tight tail on, rho frozen); settling rule v4 (reading gamma: no reset on a non-Optimal accepted solve; certification vetoed while a non-Optimal cycle lies in the last W cycles the test reads; gap clause; amended monotone branch) until it certifies or the cap; W105 captures, per-cycle t_sum and Q_cc, and the IPOPT exit of every block of every cycle; cell b_4649234b (#3) eval_key edc95b9bc4e5e3951b76a6c9ac232b4196e63616f236e80e6d17efe59a6af32e; cap 193; lock {'pid': 39422, 'campaign_id': 's53_w137_resettle_v4_b_4649234b', 'campaign_spec_sha256': '3726ffce496fe2311a4ddf1f9ded78d15cf20996a6844930c4bafa78c80cadd2', 'started_utc': '2026-09-30T10:54:25.913333+00:00'}
10:54:25 [S44-HARNESS] launched b_4649234b (key ace7403b9b2710a9) pid=39824
10:54:25 [S44-HARNESS] heartbeat b_4649234b: 0s cycle=None
10:55:25 [S44-HARNESS] heartbeat b_4649234b: 60s cycle=None
10:56:25 [S44-HARNESS] heartbeat b_4649234b: 120s cycle=2
10:57:25 [S44-HARNESS] heartbeat b_4649234b: 180s cycle=5
10:58:25 [S44-HARNESS] heartbeat b_4649234b: 240s cycle=7
10:59:25 [S44-HARNESS] heartbeat b_4649234b: 300s cycle=9
11:00:26 [S44-HARNESS] heartbeat b_4649234b: 360s cycle=11
11:01:26 [S44-HARNESS] heartbeat b_4649234b: 420s cycle=13
11:02:26 [S44-HARNESS] heartbeat b_4649234b: 480s cycle=16
11:03:26 [S44-HARNESS] heartbeat b_4649234b: 540s cycle=18
11:04:26 [S44-HARNESS] heartbeat b_4649234b: 600s cycle=20
11:05:26 [S44-HARNESS] heartbeat b_4649234b: 660s cycle=23
11:06:26 [S44-HARNESS] heartbeat b_4649234b: 720s cycle=25
11:07:26 [S44-HARNESS] heartbeat b_4649234b: 780s cycle=27
11:08:26 [S44-HARNESS] heartbeat b_4649234b: 840s cycle=29
11:09:26 [S44-HARNESS] heartbeat b_4649234b: 900s cycle=32
11:10:26 [S44-HARNESS] heartbeat b_4649234b: 960s cycle=34
11:11:26 [S44-HARNESS] heartbeat b_4649234b: 1020s cycle=37
11:12:26 [S44-HARNESS] heartbeat b_4649234b: 1080s cycle=39
11:13:26 [S44-HARNESS] heartbeat b_4649234b: 1140s cycle=41
11:14:26 [S44-HARNESS] heartbeat b_4649234b: 1200s cycle=44
11:15:26 [S44-HARNESS] heartbeat b_4649234b: 1260s cycle=46
11:16:26 [S44-HARNESS] heartbeat b_4649234b: 1320s cycle=48
11:17:26 [S44-HARNESS] heartbeat b_4649234b: 1380s cycle=50
11:18:26 [S44-HARNESS] heartbeat b_4649234b: 1441s cycle=53
11:19:26 [S44-HARNESS] heartbeat b_4649234b: 1501s cycle=55
11:20:26 [S44-HARNESS] heartbeat b_4649234b: 1561s cycle=58
11:21:26 [S44-HARNESS] heartbeat b_4649234b: 1621s cycle=60
11:22:26 [S44-HARNESS] heartbeat b_4649234b: 1681s cycle=63
11:23:26 [S44-HARNESS] heartbeat b_4649234b: 1741s cycle=65
11:24:26 [S44-HARNESS] heartbeat b_4649234b: 1801s cycle=68
11:25:26 [S44-HARNESS] heartbeat b_4649234b: 1861s cycle=70
11:26:26 [S44-HARNESS] heartbeat b_4649234b: 1921s cycle=73
11:27:26 [S44-HARNESS] heartbeat b_4649234b: 1981s cycle=75
11:28:26 [S44-HARNESS] heartbeat b_4649234b: 2041s cycle=77
11:29:26 [S44-HARNESS] heartbeat b_4649234b: 2101s cycle=80
11:30:26 [S44-HARNESS] heartbeat b_4649234b: 2161s cycle=82
11:31:26 [S44-HARNESS] heartbeat b_4649234b: 2221s cycle=85
11:32:26 [S44-HARNESS] heartbeat b_4649234b: 2281s cycle=87
11:33:26 [S44-HARNESS] heartbeat b_4649234b: 2341s cycle=90
11:34:26 [S44-HARNESS] heartbeat b_4649234b: 2401s cycle=92
11:35:26 [S44-HARNESS] heartbeat b_4649234b: 2461s cycle=94
11:36:26 [S44-HARNESS] heartbeat b_4649234b: 2521s cycle=97
11:37:26 [S44-HARNESS] heartbeat b_4649234b: 2581s cycle=99
11:38:26 [S44-HARNESS] heartbeat b_4649234b: 2641s cycle=102
11:39:26 [S44-HARNESS] heartbeat b_4649234b: 2701s cycle=104
11:40:26 [S44-HARNESS] heartbeat b_4649234b: 2761s cycle=106
11:41:27 [S44-HARNESS] heartbeat b_4649234b: 2821s cycle=109
11:42:27 [S44-HARNESS] heartbeat b_4649234b: 2881s cycle=111
11:43:27 [S44-HARNESS] heartbeat b_4649234b: 2941s cycle=114
11:44:27 [S44-HARNESS] heartbeat b_4649234b: 3001s cycle=116
11:45:27 [S44-HARNESS] heartbeat b_4649234b: 3061s cycle=118
11:46:27 [S44-HARNESS] heartbeat b_4649234b: 3121s cycle=121
11:47:27 [S44-HARNESS] heartbeat b_4649234b: 3181s cycle=123
11:48:27 [S44-HARNESS] heartbeat b_4649234b: 3241s cycle=126
11:49:27 [S44-HARNESS] heartbeat b_4649234b: 3301s cycle=128
11:50:27 [S44-HARNESS] heartbeat b_4649234b: 3361s cycle=130
11:51:27 [S44-HARNESS] heartbeat b_4649234b: 3421s cycle=133
11:52:27 [S44-HARNESS] heartbeat b_4649234b: 3481s cycle=135
11:53:27 [S44-HARNESS] heartbeat b_4649234b: 3541s cycle=138
11:54:27 [S44-HARNESS] heartbeat b_4649234b: 3601s cycle=140
11:55:27 [S44-HARNESS] heartbeat b_4649234b: 3661s cycle=142
11:56:27 [S44-HARNESS] heartbeat b_4649234b: 3721s cycle=145
11:57:27 [S44-HARNESS] heartbeat b_4649234b: 3781s cycle=147
11:58:27 [S44-HARNESS] heartbeat b_4649234b: 3842s cycle=150
11:59:27 [S44-HARNESS] heartbeat b_4649234b: 3902s cycle=152
12:00:27 [S44-HARNESS] heartbeat b_4649234b: 3962s cycle=154
12:01:27 [S44-HARNESS] heartbeat b_4649234b: 4022s cycle=156
12:02:27 [S44-HARNESS] heartbeat b_4649234b: 4082s cycle=159
12:03:27 [S44-HARNESS] heartbeat b_4649234b: 4142s cycle=161
12:04:27 [S44-HARNESS] heartbeat b_4649234b: 4202s cycle=164
12:05:27 [S44-HARNESS] heartbeat b_4649234b: 4262s cycle=166
12:06:27 [S44-HARNESS] heartbeat b_4649234b: 4322s cycle=168
12:07:27 [S44-HARNESS] heartbeat b_4649234b: 4382s cycle=171
12:08:27 [S44-HARNESS] heartbeat b_4649234b: 4442s cycle=173
12:09:27 [S44-HARNESS] heartbeat b_4649234b: 4502s cycle=176
12:10:27 [S44-HARNESS] heartbeat b_4649234b: 4562s cycle=178
12:11:27 [S44-HARNESS] heartbeat b_4649234b: 4622s cycle=180
12:12:27 [S44-HARNESS] heartbeat b_4649234b: 4682s cycle=183
12:13:27 [S44-HARNESS] heartbeat b_4649234b: 4742s cycle=185
12:14:27 [S44-HARNESS] heartbeat b_4649234b: 4802s cycle=187
12:15:27 [S44-HARNESS] heartbeat b_4649234b: 4862s cycle=190
12:16:27 [S44-HARNESS] heartbeat b_4649234b: 4922s cycle=192
12:16:52 [S44-HARNESS] finished b_4649234b pid=39824 exit=0 status=not_certified wall=4947s
12:16:56 [W137-RUN-b_4649234b] gates {'G1_harness_clean': True, 'G2_eval_key': True, 'G3_append_reconcile': True, 'G4_tail_state_check': True, 'G5_solve_profile_reconciled_per_event': True, 'G6_v37_optimal_and_four_metrics': True, 'G7_append_sealed': True, 'G8_persistence_on_production_certificate': True, 'G9_ess_ageing_readback': True, 'G11_acceptance_cross_check': True, 'G13_holds_inert_through_first_pass_held_after': True, 'G14_all_block_capture': True, 'G15_stopping_consistent': True, 'G16_lambda_sidecar_complete': True, 'G17_rule_v4_replay_reproduces_in_cycle': True, 'G18_line_fields_every_cycle': True, 'G19_replay_bitwise_1_k0_every_field': True, 'G20_production_counters_in_per_cycle_record': True, 'G21_creep_captures_complete': True, 'G22_t_sum_in_cycle_equals_stride_and_terminal': True, 'G23_overlap_recorded': True, 'G24_exit_capture_equals_the_solve_records_and_esso_logs': True, 'G25_record_status_follows_the_settling_decision': True}
12:16:56 [W137-RUN-b_4649234b] settling v4: status uncertified k* None branch None window None band_width 6816.561980962753 s 32294.68310570717 t_sum(end) 963.8495455993577 k0_run 84 non-Optimal cycles [6, 28, 33, 51, 70, 112, 122, 137, 158, 164, 177] vetoes 44 cycles 193 record status not_certified
12:16:56 [W137-RUN-b_4649234b] CLAIM-COMPLETION POINT after #3 b_4649234b: items ['B (its W117-pending claims)'] complete -- report (Addendum 58). Scorer: cd /Users/micaelsimoes/Projects/share-resource-planning-no_esso-degradation && set -o noclobber && /Users/micaelsimoes/miniconda3/envs/opf_env_py311/bin/python -u p515_s53_w137_resettle_v4_campaign.py --summarize --after-cell b_4649234b > data/SRP1/Results/P515S53/w137_resettle_v4/summarize_after_b_4649234b_launch.log 2>&1
12:16:56 [W137] guards {'w137_checks': {'counts': {'permitted_solve': 0, 'permitted_exec': 0, 'blocked_solve': 0, 'blocked_exec': 0}, 'verify_0_failures': []}, 'w132_checks': {'counts': {'permitted_solve': 0, 'permitted_exec': 0, 'blocked_solve': 0, 'blocked_exec': 0}, 'verify_0_failures': []}, 'w118_checks': {'counts': {'permitted_solve': 0, 'permitted_exec': 0, 'blocked_solve': 0, 'blocked_exec': 0}, 'verify_0_failures': []}, 'w105_checks_imported': {'counts': {'permitted_solve': 0, 'permitted_exec': 0, 'blocked_solve': 0, 'blocked_exec': 0}, 'verify_0_failures': []}, 'w101_checks_imported': {'counts': {'permitted_solve': 0, 'permitted_exec': 0, 'blocked_solve': 0, 'blocked_exec': 0}, 'verify_0_failures': []}, 'w98_checks_imported': {'counts': {'permitted_solve': 0, 'permitted_exec': 0, 'blocked_solve': 0, 'blocked_exec': 0}, 'verify_0_failures': []}, 'w112_imported': {'counts': {'permitted_solve': 0, 'permitted_exec': 0, 'blocked_solve': 0, 'blocked_exec': 0}, 'verify_0_failures': []}, 'alpha_row_launcher': {'counts': {'permitted_solve': 0, 'permitted_exec': 0, 'blocked_solve': 0, 'blocked_exec': 0}, 'verify_0_failures': []}, 'w86_launcher': {'counts': {'permitted_solve': 0, 'permitted_exec': 0, 'blocked_solve': 0, 'blocked_exec': 0}, 'verify_0_failures': []}, 'w87': {'counts': {'permitted_solve': 0, 'permitted_exec': 0, 'blocked_solve': 0, 'blocked_exec': 0}, 'verify_0_failures': []}, 'w88': {'counts': {'permitted_solve': 0, 'permitted_exec': 0, 'blocked_solve': 0, 'blocked_exec': 0}, 'verify_0_failures': []}, 'w89_step1': {'counts': {'permitted_solve': 0, 'permitted_exec': 0, 'blocked_solve': 0, 'blocked_exec': 0}, 'verify_0_failures': []}, 'w89_3x3_launcher': {'counts': {'permitted_solve': 0, 'permitted_exec': 0, 'blocked_solve': 0, 'blocked_exec': 0}, 'verify_0_failures': []}, 'w90_3x3_parent': {'counts': {'permitted_solve': 0, 'permitted_exec': 0, 'blocked_solve': 0, 'blocked_exec': 0}, 'verify_0_failures': []}, 'w98_parent': {'counts': {'permitted_solve': 0, 'permitted_exec': 0, 'blocked_solve': 0, 'blocked_exec': 0}, 'verify_0_failures': []}, 'w101_parent': {'counts': {'permitted_solve': 0, 'permitted_exec': 0, 'blocked_solve': 0, 'blocked_exec': 0}, 'verify_0_failures': []}, 'w118_parent': {'counts': {'permitted_solve': 0, 'permitted_exec': 0, 'blocked_solve': 0, 'blocked_exec': 0}, 'verify_0_failures': []}, 'w131_imported': {'counts': {'permitted_solve': 0, 'permitted_exec': 0, 'blocked_solve': 0, 'blocked_exec': 0}, 'verify_0_failures': []}, 'w132_parent': {'counts': {'permitted_solve': 0, 'permitted_exec': 0, 'blocked_solve': 0, 'blocked_exec': 0}, 'verify_0_failures': []}, 'w137_parent': {'counts': {'permitted_solve': 0, 'permitted_exec': 0, 'blocked_solve': 0, 'blocked_exec': 0}, 'verify_0_failures': []}} wall=5073s
