07:46:52 [W137-RUN-b_2a0ba8b2] memory preflight: available 19.210296630859375 GiB required 3.50 GiB -> PASS
07:46:52 [W137-RUN-b_2a0ba8b2] P5.15 Addendum 59 and Supplement, W137 -- v4 re-settling campaign (38 cells: claim groups 1, 2, 4) under the current production configuration: gated cells replayed bitwise against their original record through the first residual pass k0 (abort on the first divergence), the G cells as first C2 evaluations; the certifying regime held after the run's first residual pass (AA off, tight tail on, rho frozen); settling rule v4 (reading gamma: no reset on a non-Optimal accepted solve; certification vetoed while a non-Optimal cycle lies in the last W cycles the test reads; gap clause; amended monotone branch) until it certifies or the cap; W105 captures, per-cycle t_sum and Q_cc, and the IPOPT exit of every block of every cycle; cell b_2a0ba8b2 (#1) eval_key 33447912dab48fff10cbc71f4606dd9b84a72dd8a5be18baabe6496f95026277; cap 213; lock {'pid': 16917, 'campaign_id': 's53_w137_resettle_v4_b_2a0ba8b2', 'campaign_spec_sha256': 'bca6ab7b6f8f357b894b0e2c5ac33f05fc05487764ef77888d0e1593f6dddbb8', 'started_utc': '2026-09-30T07:46:52.346764+00:00'}
07:46:52 [S44-HARNESS] launched b_2a0ba8b2 (key 1821665996ec6edb) pid=17381
07:46:52 [S44-HARNESS] heartbeat b_2a0ba8b2: 0s cycle=None
07:47:52 [S44-HARNESS] heartbeat b_2a0ba8b2: 60s cycle=None
07:48:52 [S44-HARNESS] heartbeat b_2a0ba8b2: 120s cycle=3
07:49:52 [S44-HARNESS] heartbeat b_2a0ba8b2: 180s cycle=5
07:50:52 [S44-HARNESS] heartbeat b_2a0ba8b2: 240s cycle=7
07:51:52 [S44-HARNESS] heartbeat b_2a0ba8b2: 300s cycle=9
07:52:52 [S44-HARNESS] heartbeat b_2a0ba8b2: 360s cycle=12
07:53:52 [S44-HARNESS] heartbeat b_2a0ba8b2: 420s cycle=14
07:54:52 [S44-HARNESS] heartbeat b_2a0ba8b2: 480s cycle=16
07:55:52 [S44-HARNESS] heartbeat b_2a0ba8b2: 540s cycle=19
07:56:52 [S44-HARNESS] heartbeat b_2a0ba8b2: 600s cycle=21
07:57:52 [S44-HARNESS] heartbeat b_2a0ba8b2: 660s cycle=24
07:58:52 [S44-HARNESS] heartbeat b_2a0ba8b2: 720s cycle=26
07:59:52 [S44-HARNESS] heartbeat b_2a0ba8b2: 780s cycle=29
08:00:52 [S44-HARNESS] heartbeat b_2a0ba8b2: 840s cycle=31
08:01:52 [S44-HARNESS] heartbeat b_2a0ba8b2: 900s cycle=33
08:02:52 [S44-HARNESS] heartbeat b_2a0ba8b2: 960s cycle=36
08:03:52 [S44-HARNESS] heartbeat b_2a0ba8b2: 1020s cycle=38
08:04:52 [S44-HARNESS] heartbeat b_2a0ba8b2: 1080s cycle=41
08:05:52 [S44-HARNESS] heartbeat b_2a0ba8b2: 1140s cycle=43
08:06:52 [S44-HARNESS] heartbeat b_2a0ba8b2: 1200s cycle=46
08:07:52 [S44-HARNESS] heartbeat b_2a0ba8b2: 1261s cycle=48
08:08:52 [S44-HARNESS] heartbeat b_2a0ba8b2: 1321s cycle=50
08:09:52 [S44-HARNESS] heartbeat b_2a0ba8b2: 1381s cycle=53
08:10:52 [S44-HARNESS] heartbeat b_2a0ba8b2: 1441s cycle=55
08:11:52 [S44-HARNESS] heartbeat b_2a0ba8b2: 1501s cycle=58
08:12:52 [S44-HARNESS] heartbeat b_2a0ba8b2: 1561s cycle=60
08:13:53 [S44-HARNESS] heartbeat b_2a0ba8b2: 1621s cycle=62
08:14:53 [S44-HARNESS] heartbeat b_2a0ba8b2: 1681s cycle=65
08:15:53 [S44-HARNESS] heartbeat b_2a0ba8b2: 1741s cycle=67
08:16:53 [S44-HARNESS] heartbeat b_2a0ba8b2: 1801s cycle=70
08:17:53 [S44-HARNESS] heartbeat b_2a0ba8b2: 1861s cycle=72
08:18:53 [S44-HARNESS] heartbeat b_2a0ba8b2: 1921s cycle=74
08:19:53 [S44-HARNESS] heartbeat b_2a0ba8b2: 1981s cycle=77
08:20:53 [S44-HARNESS] heartbeat b_2a0ba8b2: 2041s cycle=79
08:21:53 [S44-HARNESS] heartbeat b_2a0ba8b2: 2101s cycle=81
08:22:53 [S44-HARNESS] heartbeat b_2a0ba8b2: 2161s cycle=84
08:23:53 [S44-HARNESS] heartbeat b_2a0ba8b2: 2221s cycle=86
08:24:53 [S44-HARNESS] heartbeat b_2a0ba8b2: 2281s cycle=88
08:25:53 [S44-HARNESS] heartbeat b_2a0ba8b2: 2341s cycle=90
08:26:53 [S44-HARNESS] heartbeat b_2a0ba8b2: 2401s cycle=93
08:27:53 [S44-HARNESS] heartbeat b_2a0ba8b2: 2461s cycle=95
08:28:53 [S44-HARNESS] heartbeat b_2a0ba8b2: 2521s cycle=97
08:29:53 [S44-HARNESS] heartbeat b_2a0ba8b2: 2581s cycle=100
08:30:53 [S44-HARNESS] heartbeat b_2a0ba8b2: 2641s cycle=102
08:31:53 [S44-HARNESS] heartbeat b_2a0ba8b2: 2701s cycle=105
08:32:53 [S44-HARNESS] heartbeat b_2a0ba8b2: 2761s cycle=107
08:33:53 [S44-HARNESS] heartbeat b_2a0ba8b2: 2821s cycle=109
08:34:53 [S44-HARNESS] heartbeat b_2a0ba8b2: 2881s cycle=111
08:35:53 [S44-HARNESS] heartbeat b_2a0ba8b2: 2941s cycle=114
08:36:53 [S44-HARNESS] heartbeat b_2a0ba8b2: 3001s cycle=116
08:37:53 [S44-HARNESS] heartbeat b_2a0ba8b2: 3061s cycle=118
08:38:53 [S44-HARNESS] heartbeat b_2a0ba8b2: 3121s cycle=121
08:39:53 [S44-HARNESS] heartbeat b_2a0ba8b2: 3181s cycle=123
08:40:53 [S44-HARNESS] heartbeat b_2a0ba8b2: 3241s cycle=125
08:41:53 [S44-HARNESS] heartbeat b_2a0ba8b2: 3301s cycle=128
08:42:53 [S44-HARNESS] heartbeat b_2a0ba8b2: 3361s cycle=130
08:43:53 [S44-HARNESS] heartbeat b_2a0ba8b2: 3421s cycle=132
08:44:53 [S44-HARNESS] heartbeat b_2a0ba8b2: 3481s cycle=135
08:45:53 [S44-HARNESS] heartbeat b_2a0ba8b2: 3541s cycle=137
08:46:53 [S44-HARNESS] heartbeat b_2a0ba8b2: 3601s cycle=139
08:47:53 [S44-HARNESS] heartbeat b_2a0ba8b2: 3661s cycle=142
08:48:53 [S44-HARNESS] heartbeat b_2a0ba8b2: 3721s cycle=144
08:49:53 [S44-HARNESS] heartbeat b_2a0ba8b2: 3782s cycle=147
08:50:53 [S44-HARNESS] heartbeat b_2a0ba8b2: 3842s cycle=149
08:51:53 [S44-HARNESS] heartbeat b_2a0ba8b2: 3902s cycle=151
08:52:53 [S44-HARNESS] heartbeat b_2a0ba8b2: 3962s cycle=154
08:53:53 [S44-HARNESS] heartbeat b_2a0ba8b2: 4022s cycle=156
08:54:53 [S44-HARNESS] heartbeat b_2a0ba8b2: 4082s cycle=158
08:55:53 [S44-HARNESS] heartbeat b_2a0ba8b2: 4142s cycle=160
08:56:53 [S44-HARNESS] heartbeat b_2a0ba8b2: 4202s cycle=163
08:57:53 [S44-HARNESS] heartbeat b_2a0ba8b2: 4262s cycle=165
08:58:54 [S44-HARNESS] heartbeat b_2a0ba8b2: 4322s cycle=167
08:59:54 [S44-HARNESS] heartbeat b_2a0ba8b2: 4382s cycle=170
09:00:54 [S44-HARNESS] heartbeat b_2a0ba8b2: 4442s cycle=172
09:01:34 [S44-HARNESS] finished b_2a0ba8b2 pid=17381 exit=0 status=certified wall=4482s
09:01:37 [W137-RUN-b_2a0ba8b2] gates {'G1_harness_clean': True, 'G2_eval_key': True, 'G3_append_reconcile': True, 'G4_tail_state_check': True, 'G5_solve_profile_reconciled_per_event': True, 'G6_v37_optimal_and_four_metrics': True, 'G7_append_sealed': True, 'G8_persistence_on_production_certificate': True, 'G9_ess_ageing_readback': True, 'G11_acceptance_cross_check': True, 'G13_holds_inert_through_first_pass_held_after': True, 'G14_all_block_capture': True, 'G15_stopping_consistent': True, 'G16_lambda_sidecar_complete': True, 'G17_rule_v4_replay_reproduces_in_cycle': True, 'G18_line_fields_every_cycle': True, 'G19_replay_bitwise_1_k0_every_field': True, 'G20_production_counters_in_per_cycle_record': True, 'G21_creep_captures_complete': True, 'G22_t_sum_in_cycle_equals_stride_and_terminal': True, 'G23_overlap_recorded': True, 'G24_exit_capture_equals_the_solve_records_and_esso_logs': True, 'G25_record_status_follows_the_settling_decision': True, 'G26_cell1_prediction_bitwise_v3_through_173_and_certifies_at_173': True}
09:01:37 [W137-RUN-b_2a0ba8b2] settling v4: status certified k* 173 branch oscillatory window [142, 173] band_width 4404.700753211975 s 18670.43675518036 t_sum(end) 1016.3335584336926 k0_run 104 non-Optimal cycles [120, 128, 141] vetoes 0 cycles 173 record status certified
09:01:37 [W137] guards {'w137_checks': {'counts': {'permitted_solve': 0, 'permitted_exec': 0, 'blocked_solve': 0, 'blocked_exec': 0}, 'verify_0_failures': []}, 'w132_checks': {'counts': {'permitted_solve': 0, 'permitted_exec': 0, 'blocked_solve': 0, 'blocked_exec': 0}, 'verify_0_failures': []}, 'w118_checks': {'counts': {'permitted_solve': 0, 'permitted_exec': 0, 'blocked_solve': 0, 'blocked_exec': 0}, 'verify_0_failures': []}, 'w105_checks_imported': {'counts': {'permitted_solve': 0, 'permitted_exec': 0, 'blocked_solve': 0, 'blocked_exec': 0}, 'verify_0_failures': []}, 'w101_checks_imported': {'counts': {'permitted_solve': 0, 'permitted_exec': 0, 'blocked_solve': 0, 'blocked_exec': 0}, 'verify_0_failures': []}, 'w98_checks_imported': {'counts': {'permitted_solve': 0, 'permitted_exec': 0, 'blocked_solve': 0, 'blocked_exec': 0}, 'verify_0_failures': []}, 'w112_imported': {'counts': {'permitted_solve': 0, 'permitted_exec': 0, 'blocked_solve': 0, 'blocked_exec': 0}, 'verify_0_failures': []}, 'alpha_row_launcher': {'counts': {'permitted_solve': 0, 'permitted_exec': 0, 'blocked_solve': 0, 'blocked_exec': 0}, 'verify_0_failures': []}, 'w86_launcher': {'counts': {'permitted_solve': 0, 'permitted_exec': 0, 'blocked_solve': 0, 'blocked_exec': 0}, 'verify_0_failures': []}, 'w87': {'counts': {'permitted_solve': 0, 'permitted_exec': 0, 'blocked_solve': 0, 'blocked_exec': 0}, 'verify_0_failures': []}, 'w88': {'counts': {'permitted_solve': 0, 'permitted_exec': 0, 'blocked_solve': 0, 'blocked_exec': 0}, 'verify_0_failures': []}, 'w89_step1': {'counts': {'permitted_solve': 0, 'permitted_exec': 0, 'blocked_solve': 0, 'blocked_exec': 0}, 'verify_0_failures': []}, 'w89_3x3_launcher': {'counts': {'permitted_solve': 0, 'permitted_exec': 0, 'blocked_solve': 0, 'blocked_exec': 0}, 'verify_0_failures': []}, 'w90_3x3_parent': {'counts': {'permitted_solve': 0, 'permitted_exec': 0, 'blocked_solve': 0, 'blocked_exec': 0}, 'verify_0_failures': []}, 'w98_parent': {'counts': {'permitted_solve': 0, 'permitted_exec': 0, 'blocked_solve': 0, 'blocked_exec': 0}, 'verify_0_failures': []}, 'w101_parent': {'counts': {'permitted_solve': 0, 'permitted_exec': 0, 'blocked_solve': 0, 'blocked_exec': 0}, 'verify_0_failures': []}, 'w118_parent': {'counts': {'permitted_solve': 0, 'permitted_exec': 0, 'blocked_solve': 0, 'blocked_exec': 0}, 'verify_0_failures': []}, 'w131_imported': {'counts': {'permitted_solve': 0, 'permitted_exec': 0, 'blocked_solve': 0, 'blocked_exec': 0}, 'verify_0_failures': []}, 'w132_parent': {'counts': {'permitted_solve': 0, 'permitted_exec': 0, 'blocked_solve': 0, 'blocked_exec': 0}, 'verify_0_failures': []}, 'w137_parent': {'counts': {'permitted_solve': 0, 'permitted_exec': 0, 'blocked_solve': 0, 'blocked_exec': 0}, 'verify_0_failures': []}} wall=4595s
