15:09:38 [W174] script p515_s53_w174_manuscript_number_check.py sha256 b252b423b17cc2edcba62bce3beffcf9e2985f36808f526a382472a9af400a87 committed clean True; 95 inputs committed clean; frozen JSON 590088fe, submitted main.tex ca07d7db, reviewers' docx c7afdc8b verified; manuscript manuscript/6a67305f25e8348fb71380c3 HEAD 260bd834e0a27befa545592a8c477fd329553785 (declared 260bd83); files cover_letter.tex 363ad821, highlights.tex d568f329, main.tex cb237b2d, response_to_reviewers_draft.tex fc523153, section2_expert_draft.tex 7e347dc8; W171a pin 42794d4:main.tex 7effd898
15:09:39 [W174] cover_letter.tex (manuscript): tokens 5 (excluded 3, in scope 2 body + 0 comment) -- match 2 (declared 2, rule 0, auto unique 0, auto ambiguous 0), MISMATCH 0 (vs reviewers' document 0), approximate 0, no table counterpart 0, submitted-version 0, reviewer quotation verified 0, unchecked 0, no source found 0, unassigned 0
15:09:39 [W174] highlights.tex (manuscript): tokens 2 (excluded 2, in scope 0 body + 0 comment) -- match 0 (declared 0, rule 0, auto unique 0, auto ambiguous 0), MISMATCH 0 (vs reviewers' document 0), approximate 0, no table counterpart 0, submitted-version 0, reviewer quotation verified 0, unchecked 0, no source found 0, unassigned 0
15:09:39 [W174] main.tex (manuscript): tokens 2516 (excluded 220, in scope 2130 body + 166 comment) -- match 380 (declared 297, rule 83, auto unique 0, auto ambiguous 0), MISMATCH 0 (vs reviewers' document 0), approximate 12, no table counterpart 0, submitted-version 559, reviewer quotation verified 0, unchecked 1345, no source found 0, unassigned 0
15:09:39 [W174] response_to_reviewers_draft.tex (manuscript): tokens 318 (excluded 10, in scope 306 body + 2 comment) -- match 97 (declared 97, rule 0, auto unique 0, auto ambiguous 0), MISMATCH 0 (vs reviewers' document 0), approximate 0, no table counterpart 1, submitted-version 0, reviewer quotation verified 62, unchecked 148, no source found 0, unassigned 0
15:09:39 [W174] section2_expert_draft.tex (draft, not compiled): tokens 231 (excluded 0, in scope 92 body + 139 comment) -- match 60 (declared 60, rule 0, auto unique 0, auto ambiguous 0), MISMATCH 4 (vs reviewers' document 0), approximate 0, no table counterpart 0, submitted-version 0, reviewer quotation verified 0, unchecked 167, no source found 0, unassigned 0
15:09:39 [W174]   main.tex:1074:294 approximate: written '35,851' -> None [V10] data/SRP1/Results/P515S53/w142_resettle_ext_v6/frozen_s53_resettle_ext_spec_v3_84775dc4.json (sha256 84775dc4) model_variant.k_closed_form_by_arm.C2_calfade; T8 tables.ageing.rows[arm=C2_calfade].k; c
15:09:39 [W174]   main.tex:1074:376 approximate: written '80' -> None [V10] data/SRP1/SharedESS/SRP1_ESS_Params.json (sha256 39106f93) ageing.calendar_retention_per_year ^ ageing.calendar_life_years = 0.985^15; data/SRP1/Results/P515S48/frozen_s48_spec_v18_8bda2a0a.json citat
15:09:39 [W174]   main.tex:1087:65 approximate: written '35,851' -> None [V14] data/SRP1/Results/P515S53/w142_resettle_ext_v6/frozen_s53_resettle_ext_spec_v3_84775dc4.json (sha256 84775dc4) model_variant.k_closed_form_by_arm.C2_calfade; closed form N D / -ln R = 35851.3609417964
15:09:39 [W174]   main.tex:1088:65 approximate: written '35,851' -> None [V15] data/SRP1/Results/P515S53/w142_resettle_ext_v6/frozen_s53_resettle_ext_spec_v3_84775dc4.json (sha256 84775dc4) model_variant.k_closed_form_by_arm.C2; closed form N D / -ln R = 35851.3609417964; T8 tab
15:09:39 [W174]   main.tex:1089:65 approximate: written '11,542' -> None [V16] data/SRP1/Results/P515S53/w142_resettle_ext_v6/frozen_s53_resettle_ext_spec_v3_84775dc4.json (sha256 84775dc4) model_variant.k_closed_form_by_arm.C3_unit; closed form N D / -ln R = 11541.560327111707;
15:09:39 [W174]   main.tex:1090:65 approximate: written '11,542' -> None [V17] data/SRP1/Results/P515S53/w142_resettle_ext_v6/frozen_s53_resettle_ext_spec_v3_84775dc4.json (sha256 84775dc4) model_variant.k_closed_form_by_arm.C3_midblock; closed form N D / -ln R = 11541.560327111
15:09:39 [W174]   main.tex:1091:65 approximate: written '22,429' -> None [V18] data/SRP1/Results/P515S53/w142_resettle_ext_v6/frozen_s53_resettle_ext_spec_v3_84775dc4.json (sha256 84775dc4) model_variant.k_closed_form_by_arm.C4; closed form N D / -ln R = 22429.38601645703; T8 ta
15:09:39 [W174]   main.tex:1093:65 approximate: written '35,851' -> None [V19] data/SRP1/Results/P515S53/w142_resettle_ext_v6/frozen_s53_resettle_ext_spec_v3_84775dc4.json (sha256 84775dc4) model_variant.k_closed_form_by_arm.C2_calfade; closed form N D / -ln R = 35851.3609417964
15:09:39 [W174]   main.tex:1122:8 approximate: written '227,211' -> None [V30] data/SRP1/SRP1_params.json:51 (sha256 dbfdb2a0); shared_resources_planning.py:4062 (sha256 0610d745); shared_resources_planning.py:4037 (sha256 0610d745); data/SRP1/SRP1.json (sha256 61a794a7); data/S
15:09:39 [W174]   main.tex:1122:53 approximate: written '386,259' -> None [V30] data/SRP1/SRP1_params.json:51 (sha256 dbfdb2a0); shared_resources_planning.py:4062 (sha256 0610d745); shared_resources_planning.py:4037 (sha256 0610d745); data/SRP1/SRP1.json (sha256 61a794a7); data/S
15:09:39 [W174]   main.tex:1132:59 approximate: written '4,539.07' -> None [V37] settling_criterion.py:57 (sha256 fbe5550b)
15:09:39 [W174]   main.tex:1136:70 approximate: written '18,449.66' -> None [V39] data/SRP1/Results/P515S47/campaign_s47_phase_b/campaign_results.json sigma_Q_eur (every occurrence) (sha256 906f9da3, blob 292f7f22); data/SRP1/Results/P515S51/campaign_s51_f2_phase_b/campaign_results
15:09:39 [W174]   response_to_reviewers_draft.tex:277:40 no table counterpart: written 'single' -> None [L52v2] None
15:09:39 [W174]   section2_expert_draft.tex:74:23 MISMATCH: written '2n' -> 'n+1' [d219] p515_s47_phase_b_record.py:199 (sha256 97f573e5); p515_s47_phase_b_record.py:509 (sha256 97f573e5); p515_s51_f2_phase_b.py:803 (sha256 87ab3b2d)
15:09:39 [W174]   section2_expert_draft.tex:79:34 MISMATCH: written '1' -> 'unit poll' [d225] p515_s47_phase_b_record.py:607 (sha256 97f573e5); p515_s47_phase_b_record.py:204 (sha256 97f573e5); p515_s47_phase_b_record.py:205 (sha256 97f573e5)
15:09:39 [W174]   section2_expert_draft.tex:233:37 MISMATCH: written 'third' -> 'third-last to last' [d205] settling_criterion_v2.py:166 (sha256 3db13b0e) (inherited by settling_criterion_v6); W163 N11 written 'the three most recent turning points: from the third-last to the last'
15:09:39 [W174]   section2_expert_draft.tex:496:31 MISMATCH: written '22,430' -> '22429' [dC08] data/SRP1/Results/P515S53/w142_resettle_ext_v6/frozen_s53_resettle_ext_spec_v3_84775dc4.json (sha256 84775dc4) model_variant.k_closed_form_by_arm.C4 (= T8 C4 k 22429.386)
15:09:39 [W174] relocation of v2 declarations: {'carried': 128, 'removed': 17}; L43v2 removed -> -; L14 removed -> L304, L301; M12 removed -> V10, V14-V18; M13 removed -> -; M14 removed -> V10; M15 removed -> -; S205 removed -> S318; S210 removed -> S326; S217 removed -> S323; S218 removed -> S324; S219 removed -> S304, S307, S313, S314; S220 removed -> S305; S225 removed -> S305, S307; S226 removed -> S310; S227 removed -> S311; S228 removed -> S312; S230 removed -> S322
15:09:39 [W174] quotation segments: {'verbatim': 29, 'differs': 2}; quotation tokens: {'reviewer quotation, verified': 62}
15:09:39 [W174]   quotation 0.3 (l. 67) differs ratio 0.994: delete '"' -> ''; delete '."' -> ''
15:09:39 [W174]   quotation 12.0 (l. 231) differs ratio 0.999: replace '.' -> '⋅'
15:09:39 [W174] value table (l. 1066-1150): 161 rows {'no source found': 1, 'match': 148, 'approximate': 12}; prediction: HELD on the values: 141 value rows -- match 129, approximate 12 (approximate = the source rounded at the printed precision); named settings: no source found 1, match 19; not matching: values [], settings ['V01.1']
15:09:39 [W174]   V01.1 l. 1070 chemistry of the shared ESS: no source found -- printed 'utility-scale lithium iron phosphate battery', in force no model parameter; the recorded datasheets of the cycle-life calibrations are LFP;  no configuration field states a chemistry (searched git-tracked *.py and every data JSON for "LFP" / "iron phosphate" (git grep): one hit file, data/SRP1/Results/P515S48/frozen_s48_spec_v18_8bda2a0a.j
15:09:39 [W174]   V10.4 l. 1074 baseline k = N D / (-ln R): approximate -- printed '$k = 35,851$', in force 35851.3609417964; printed at 0 decimal place(s): 35,851 = 35851.3609417964 rounded 
15:09:39 [W174]   V10.6 l. 1074 retention after the calendar life without cycling (percent) = phi^T: approximate -- printed '80 % retention over the 15-year calendar life', in force 0.7971562536487744; printed at 0 decimal place(s): 80 = 79.71562536487744 rounded 
15:09:39 [W174]   V14.4 l. 1087 k_e: approximate -- printed '35,851', in force 35851.3609417964; printed at 0 decimal place(s): 35,851 = 35851.3609417964 rounded 
15:09:39 [W174]   V15.4 l. 1088 k_e: approximate -- printed '35,851', in force 35851.3609417964; printed at 0 decimal place(s): 35,851 = 35851.3609417964 rounded 
15:09:39 [W174]   V16.5 l. 1089 k_e: approximate -- printed '11,542', in force 11541.560327111707; printed at 0 decimal place(s): 11,542 = 11541.560327111707 rounded 
15:09:39 [W174]   V17.5 l. 1090 k_e: approximate -- printed '11,542', in force 11541.560327111707; printed at 0 decimal place(s): 11,542 = 11541.560327111707 rounded 
15:09:39 [W174]   V18.5 l. 1091 k_e: approximate -- printed '22,429', in force 22429.38601645703; printed at 0 decimal place(s): 22,429 = 22429.38601645703 rounded 
15:09:39 [W174]   V19.5 l. 1093 k_e: approximate -- printed '35,851', in force 35851.3609417964; printed at 0 decimal place(s): 35,851 = 35851.3609417964 rounded 
15:09:39 [W174]   V30.2 l. 1122 kappa^E single-scenario instance: approximate -- printed '227,211', in force 227210.996652; printed at 0 decimal place(s): 227,211 = 227210.996652 rounded recomputed: sigma / median w_b, median 412.10751847261173 over 48 blocks
15:09:39 [W174]   V30.3 l. 1122 kappa^E multi-scenario instance: approximate -- printed '386,259', in force 386258.694309; printed at 0 decimal place(s): 386,259 = 386258.694309 rounded recomputed: sigma / median w_b, median 242.4161873368304 over 80 blocks
15:09:39 [W174]   V37.3 l. 1132 tau = delta_R V / 4 (EUR): approximate -- printed '4,539.07', in force 4539.0682750000005; printed at 2 decimal place(s): 4,539.07 = 4539.0682750000005 rounded 
15:09:39 [W174]   V39.6 l. 1136 sigma_Q (EUR): approximate -- printed '$\\sigma_Q = 18,449.66$ EUR', in force [18449.663947025518]; printed at 2 decimal place(s): 18,449.66 = 18449.663947025518 rounded one value in all three search campaigns
15:09:39 [W174] parameter checks re-evaluated: {'match': 30, 'partial': 1}
15:09:39 [W174] regions kept [('r47', (1215, 1227)), ('r_delete', (1228, 1365)), ('r_delete', (1366, 1454)), ('keyins', (1455, 1474)), ('results', (1152, 1214)), ('appE', (2081, 2194))]; dropped [('cost', [940, 957])]
15:09:39 [W174]   finding G1 (l. 256, W171a finding re-checked): R3.6 now reads "(in 2035 under the baseline, the mid-block and the unit-retention calibrations; not within the horizon under the other two)"; T8 floor_year_070 = {'C3_unit': 2035, 'C2': None, 'C4': None, 'C2_calfade': 2035, 'C3_midblock': 2035, 'no_ageing': None}: consistent (L302 match). RESOLVED.
15:09:39 [W174]   finding G2 (l. -, W171a finding re-checked): The R3.5 clause on the 0.5 % / 2 % sentence is gone from the letter (Addendum 69 D8); the sentence itself is gone from main.tex (present at this commit: False; never in the submitted source: True). L43v2 removed with its sentence. RESOLVED.
15:09:39 [W174]   finding G3 (l. [100], W171a finding, unchanged): R1.5 \rchanges still says "Figure~2 and the graphical abstract" on lines [100]; Addendum 69 D8: waits for the PDF the reviewers read. OPEN.
15:09:39 [W174]   finding G4 (l. 224, W171a finding, unchanged): "Figure 15 of the submitted version" not derivable from the source (W171a G4); waits for the PDF (Addendum 69 D8). OPEN.
15:09:39 [W174]   finding G5 (l. [], W171a finding re-checked): stray double quote after "(Section~4.5)": lines []. RESOLVED.
15:09:39 [W174]   finding G6 (l. 78, W171a finding re-checked): B.6 qualifier: R1.2 now reads "three representative years standing for five-year blocks at the single-scenario instance; five three-year blocks at the multi-scenario instance" (True); counts checked (L301). RESOLVED.
15:09:39 [W174]   finding G7 (l. 279, W171a finding re-checked): "Further changes" names the cost-file correction (÷5 instead of ÷4, ×1.25): True; numbers checked (L303). RESOLVED.
15:09:39 [W174]   finding G8 (l. [176], W171a finding, unchanged): "The three references were added" beside the bracketed status ("not yet added" on lines [176]); B.8 keeps the note until the references are in. OPEN (by design).
15:09:39 [W174]   finding K1 (l. 213, claim checked): "two verdicts": T1 ['L:y2030__n5_p0.25_e0.5__n7_p1_e3'] and T4 2035 - 2030 (unchanged since W171a; L32v2).
15:09:39 [W174]   finding K5 (l. rcomment blocks, quotation check): 29 of 31 quotation segments verbatim, 2 differ, 0 not found.
15:09:39 [W174]   finding M1 (l. 756, 866, cross-reference to the wrong subsection): Section 2 says the values of \eta, SoC^{\text{Min}}, \varepsilon^{\text{Cl}} (l. 756); c^{\sigma}, \varepsilon^{\text{E}} (l. 866) are "given in Section~\ref{sec:case_settings}" = ('3.6', 'Evaluation and Certification Settings'); they are printed in ('3.5', 'Shared Energy Storage Parameters') (l. {'
15:09:39 [W174]   finding M2 (l. 449, 639, 643, 1074, 1138, literal forward references): literal section numbers in sections 2, 3.5-3.6 and Appendix A: [(449, 'Section~4.7'), (639, 'Section~4.5'), (643, 'Section~4.7'), (1074, 'Section~4.3'), (1138, 'Section~4.4')]; main.tex sections 3.x and 4.x at this commit: {'3.1': 'Investment Costs', '3.2': 'Market Data', '3.3': 'Transmission Networ
15:09:39 [W174]   finding M3 (l. -, W171a findings re-checked): W171a M1 (Section 3.5 absent): sections 3.5 and 3.6 exist (labels {'sec:case_studies': 914, 'sec:case_ess_params': 1067, 'sec:case_settings': 1106}). W171a M2 (calibrations cited to the unrevised 3.4): now \ref{sec:case_ess_params}. W171a M3 ("first and third turning points"): now "the three most re
15:09:39 [W174] check clone_head_is_declared_commit: True
15:09:39 [W174] check file_set_equals_declared: True
15:09:39 [W174] check every_sha_equals_declared: True
15:09:39 [W174] check every_file_equals_its_blob_at_commit: True
15:09:39 [W174] check no_tex_modified_or_untracked_in_clone: True
15:09:39 [W174] check w171a_pin_readable_in_clone: True
15:09:39 [W174] check frozen_json_unchanged: True
15:09:39 [W174] check v2_declaration_set_reconstructed_equals_w171a_applied: True
15:09:39 [W174] check every_declaration_found_and_evaluated: True
15:09:39 [W174] check no_token_claimed_twice: True
15:09:39 [W174] check no_duplicate_declaration_id: True
15:09:39 [W174] check every_token_assigned: True
15:09:39 [W174] check every_map_citation_found_once: True
15:09:39 [W174] check statuses_in_vocabulary: True
15:09:39 [W174] check main_line_rules_pinned_to_this_main: True
15:09:39 [W174] check revised_passages_start_at_their_headings: True
15:09:39 [W174] check w171a_regions_kept_or_dropped_with_reason: True
15:09:39 [W174] check w171a_regions_equal_pinned_expectation: True
15:09:39 [W174] check every_v2_declaration_carried_superseded_or_replaced: True
15:09:39 [W174] check parameter_table_evaluated: True
15:09:39 [W174] check every_value_declaration_applied: True
15:09:39 [W174] check every_value_row_status_in_vocabulary: True
15:09:39 [W174] check every_quotation_segment_located: True
15:09:39 [W174] check docx_sha_equals_declared: True
15:09:39 [W174] wrote data/SRP1/Results/P515S53/w174_manuscript_check/overleaf_260bd83/w174_manuscript_number_check.json 92634938, data/SRP1/Results/P515S53/w174_manuscript_check/overleaf_260bd83/w174_manuscript_number_check.md 280f8979, data/SRP1/Results/P515S53/w174_manuscript_check/overleaf_260bd83/manifest_sha256.json ecd0f9d0
15:09:39 [W174] guards [('w174_manuscript_number_check', 0, 0, []), ('w171_manuscript_number_check', 0, 0, []), ('w164_manuscript_number_check', 0, 0, []), ('w163_paragraphs_v4_check', 0, 0, []), ('w162_paragraphs_v3_check', 0, 0, []), ('w161_paragraphs_v2', 0, 0, []), ('w160_step6_freeze_export', 0, 0, []), ('w157_step6_tables', 0, 0, []), ('w145_banded_fit', 0, 0, []), ('w142_checks', 0, 0, []), ('w139_checks', 0, 0, []), ('w137_checks', 0, 0, []), ('w132_checks', 0, 0, []), ('w118_checks', 0, 0, []), ('w105_checks_imported', 0, 0, []), ('w101_checks_imported', 0, 0, []), ('w98_checks_imported', 0, 0, []), ('w112_imported', 0, 0, []), ('w141_swing_variants', 0, 0, []), ('w139_v5_from_records', 0, 0, []), ('w131_imported', 0, 0, []), ('w137_ra_imported', 0, 0, []), ('alpha_row_launcher', 0, 0, []), ('w86_launcher', 0, 0, []), ('w87', 0, 0, []), ('w88', 0, 0, []), ('w89_step1', 0, 0, []), ('w89_3x3_launcher', 0, 0, []), ('w90_3x3_parent', 0, 0, []), ('w98_parent', 0, 0, []), ('w101_parent', 0, 0, []), ('w118_parent', 0, 0, []), ('w132_parent', 0, 0, []), ('w137_parent', 0, 0, []), ('w139_parent', 0, 0, []), ('w142_parent', 0, 0, [])]; pickle ok True; exit 0; wall 13.9 s
