[R0] provenance for P5.11.0 recovery
    executable      : /Users/micaelsimoes/miniconda3/envs/opf_env_py311/bin/python
    CONDA_DEFAULT_ENV: None (from path: opf_env_py311)
    python 3.11.11  numpy 2.4.2  pandas 3.0.0  scipy 1.17.0  pyomo 6.9.5
    IPOPT           : 3.14.18 ASL(20241111) @ /usr/local/bin/ipopt (exists=True)
    HSL solver      : ma97
    gurobipy        : 13.0.1 available=True licence=ACADEMIC expires=2027-04-14
    checksum        : 5a02b77ccbbbbbb869de92958a3851d095624711abc2dbfc0157466064410358
    canonical match : True
    -> /Users/micaelsimoes/Projects/share-resource-planning-no_esso-degradation/data/SRP1/Results/P511/provenance.json

[P5.11.0] repository
    branch                   feature/derivative-free-planning
    head                     fbdb2f6a7a6a88eab6d1bdaeb569c6e070eaf1dd
    origin_branch_tip        518aa1d8da6b0828747109a7e039d5f8a054aa52
    origin_branch_subject    .md files updated.
    tracked_modifications    0

[P5.11.0] artifacts recovered: True  (8 harnesses/report, 21 evidence files)
[P5.11.0] canonical runtime  : /Users/micaelsimoes/miniconda3/envs/opf_env_py311/bin/python

[P5.11.0] gate CURRENT_polished_total ...
          observed 828021090.3608505  expected 828021090.3608505  delta 0.0  -> PASS
[P5.11.0] gate RESCALED_prepolish_recourse ...
          observed 825814074.4930633  expected 825814074.4930633  delta 0.0  -> PASS

[P5.11.0] all gates passed: True
[P5.11.0] report -> /Users/micaelsimoes/Projects/share-resource-planning-no_esso-degradation/data/SRP1/Results/P511/p511_0_recovery.json
