14:36:09 [W139-RUN-b_4649234b] memory preflight: available 17.143890380859375 GiB required 3.50 GiB -> PASS
14:36:09 [W139-RUN-b_4649234b] P5.15 Addendum 60, W139 -- v5 re-settling campaign (36 cells: the v4 campaign's cells not certified under v4 -- cell 3 re-run, the 9 D cells, claim groups 2 and 4) under the current production configuration: gated cells replayed bitwise against their original record through the first residual pass k0 (abort on the first divergence), the G cells as first C2 evaluations; the certifying regime held after the run's first residual pass (AA off, tight tail on, rho frozen); settling rule v5 (reading gamma, window (a); certification vetoed while a NON-CLEAN cycle lies in the last W cycles the test reads; clean = Optimal, or Acceptable on the primary attempt with all four IPOPT metrics within 10x the tail tolerances; gap clause; amended monotone branch) until it certifies or the cap; W105 captures, per-cycle t_sum and Q_cc, the IPOPT exit, final attempt tier and final metrics of every block of every cycle; cell b_4649234b (#1) eval_key 4de68ced93863cec0c259e5b448ce06c2da08671b738835f2af8a1582f732072; cap 193; lock {'pid': 58169, 'campaign_id': 's53_w139_resettle_v5_b_4649234b', 'campaign_spec_sha256': 'dd1b1eb38b155dd887a1fa2d2b6748653b6934c969da5e1fa06cc70aa43122d0', 'started_utc': '2026-09-30T14:36:09.593624+00:00'}
14:36:09 [S44-HARNESS] launched b_4649234b (key ace7403b9b2710a9) pid=58817
14:36:09 [S44-HARNESS] heartbeat b_4649234b: 0s cycle=None
14:37:09 [S44-HARNESS] heartbeat b_4649234b: 60s cycle=None
14:38:09 [S44-HARNESS] heartbeat b_4649234b: 120s cycle=2
14:39:09 [S44-HARNESS] heartbeat b_4649234b: 180s cycle=4
14:40:09 [S44-HARNESS] heartbeat b_4649234b: 240s cycle=6
14:41:09 [S44-HARNESS] heartbeat b_4649234b: 300s cycle=9
14:42:09 [S44-HARNESS] heartbeat b_4649234b: 360s cycle=11
14:43:09 [S44-HARNESS] heartbeat b_4649234b: 420s cycle=13
14:44:09 [S44-HARNESS] heartbeat b_4649234b: 480s cycle=15
14:45:09 [S44-HARNESS] heartbeat b_4649234b: 540s cycle=18
14:46:09 [S44-HARNESS] heartbeat b_4649234b: 600s cycle=20
14:47:09 [S44-HARNESS] heartbeat b_4649234b: 660s cycle=22
14:48:09 [S44-HARNESS] heartbeat b_4649234b: 720s cycle=25
14:49:09 [S44-HARNESS] heartbeat b_4649234b: 780s cycle=27
14:50:09 [S44-HARNESS] heartbeat b_4649234b: 840s cycle=29
14:51:09 [S44-HARNESS] heartbeat b_4649234b: 900s cycle=32
14:52:09 [S44-HARNESS] heartbeat b_4649234b: 960s cycle=34
14:53:09 [S44-HARNESS] heartbeat b_4649234b: 1020s cycle=36
14:54:09 [S44-HARNESS] heartbeat b_4649234b: 1080s cycle=39
14:55:10 [S44-HARNESS] heartbeat b_4649234b: 1140s cycle=41
14:56:10 [S44-HARNESS] heartbeat b_4649234b: 1200s cycle=44
14:57:10 [S44-HARNESS] heartbeat b_4649234b: 1260s cycle=46
14:58:10 [S44-HARNESS] heartbeat b_4649234b: 1320s cycle=48
14:59:10 [S44-HARNESS] heartbeat b_4649234b: 1381s cycle=50
15:00:10 [S44-HARNESS] heartbeat b_4649234b: 1441s cycle=53
15:01:10 [S44-HARNESS] heartbeat b_4649234b: 1501s cycle=55
15:02:10 [S44-HARNESS] heartbeat b_4649234b: 1561s cycle=58
15:03:10 [S44-HARNESS] heartbeat b_4649234b: 1621s cycle=60
15:04:10 [S44-HARNESS] heartbeat b_4649234b: 1681s cycle=63
15:05:10 [S44-HARNESS] heartbeat b_4649234b: 1741s cycle=65
15:06:10 [S44-HARNESS] heartbeat b_4649234b: 1801s cycle=68
15:07:10 [S44-HARNESS] heartbeat b_4649234b: 1861s cycle=70
15:08:10 [S44-HARNESS] heartbeat b_4649234b: 1921s cycle=72
15:09:10 [S44-HARNESS] heartbeat b_4649234b: 1981s cycle=75
15:10:10 [S44-HARNESS] heartbeat b_4649234b: 2041s cycle=77
15:11:10 [S44-HARNESS] heartbeat b_4649234b: 2101s cycle=80
15:12:10 [S44-HARNESS] heartbeat b_4649234b: 2161s cycle=82
15:13:10 [S44-HARNESS] heartbeat b_4649234b: 2221s cycle=84
15:14:10 [S44-HARNESS] heartbeat b_4649234b: 2281s cycle=87
15:15:10 [S44-HARNESS] heartbeat b_4649234b: 2341s cycle=89
15:16:10 [S44-HARNESS] heartbeat b_4649234b: 2401s cycle=92
15:17:10 [S44-HARNESS] heartbeat b_4649234b: 2461s cycle=94
15:18:10 [S44-HARNESS] heartbeat b_4649234b: 2521s cycle=97
15:19:10 [S44-HARNESS] heartbeat b_4649234b: 2581s cycle=99
15:20:10 [S44-HARNESS] heartbeat b_4649234b: 2641s cycle=101
15:21:10 [S44-HARNESS] heartbeat b_4649234b: 2701s cycle=104
15:22:10 [S44-HARNESS] heartbeat b_4649234b: 2761s cycle=106
15:23:10 [S44-HARNESS] heartbeat b_4649234b: 2821s cycle=108
15:24:10 [S44-HARNESS] heartbeat b_4649234b: 2881s cycle=111
15:25:10 [S44-HARNESS] heartbeat b_4649234b: 2941s cycle=113
15:26:10 [S44-HARNESS] heartbeat b_4649234b: 3001s cycle=115
15:27:10 [S44-HARNESS] heartbeat b_4649234b: 3061s cycle=117
15:28:10 [S44-HARNESS] heartbeat b_4649234b: 3121s cycle=119
15:29:10 [S44-HARNESS] heartbeat b_4649234b: 3181s cycle=121
15:30:10 [S44-HARNESS] heartbeat b_4649234b: 3241s cycle=123
15:31:10 [S44-HARNESS] heartbeat b_4649234b: 3301s cycle=126
15:32:10 [S44-HARNESS] heartbeat b_4649234b: 3361s cycle=128
15:33:10 [S44-HARNESS] heartbeat b_4649234b: 3421s cycle=131
15:34:10 [S44-HARNESS] heartbeat b_4649234b: 3481s cycle=133
15:35:10 [S44-HARNESS] heartbeat b_4649234b: 3541s cycle=135
15:36:10 [S44-HARNESS] heartbeat b_4649234b: 3601s cycle=138
15:37:10 [S44-HARNESS] heartbeat b_4649234b: 3661s cycle=140
15:38:10 [S44-HARNESS] heartbeat b_4649234b: 3721s cycle=142
15:39:10 [S44-HARNESS] heartbeat b_4649234b: 3781s cycle=144
15:40:10 [S44-HARNESS] heartbeat b_4649234b: 3841s cycle=146
15:41:00 [S44-HARNESS] finished b_4649234b pid=58817 exit=0 status=certified wall=3891s
15:41:07 [W139-RUN-b_4649234b] gates {'G1_harness_clean': True, 'G2_eval_key': True, 'G3_append_reconcile': True, 'G4_tail_state_check': True, 'G5_solve_profile_reconciled_per_event': True, 'G6_v37_optimal_and_four_metrics': True, 'G7_append_sealed': True, 'G8_persistence_on_production_certificate': True, 'G9_ess_ageing_readback': True, 'G11_acceptance_cross_check': True, 'G13_holds_inert_through_first_pass_held_after': True, 'G14_all_block_capture': True, 'G15_stopping_consistent': True, 'G16_lambda_sidecar_complete': True, 'G17_rule_v5_replay_reproduces_in_cycle': True, 'G18_line_fields_every_cycle': True, 'G19_replay_bitwise_1_k0_every_field': True, 'G20_production_counters_in_per_cycle_record': True, 'G21_creep_captures_complete': True, 'G22_t_sum_in_cycle_equals_stride_and_terminal': True, 'G23_overlap_recorded': True, 'G24_exit_capture_equals_the_solve_records_and_esso_logs': True, 'G24b_clean_capture_equals_the_solve_records_and_esso_logs': True, 'G25_record_status_follows_the_settling_decision': True, 'G26_cell3_prediction_bitwise_v4_through_k_and_certifies_at_k': True}
15:41:07 [W139-RUN-b_4649234b] settling v5: status certified k* 148 branch oscillatory window [121, 148] band_width 4490.6242525577545 s 35645.96829676628 t_sum(end) 2028.7251510715223 k0_run 84 non-clean cycles [6, 28, 33, 51, 70] acceptable-clean exits 3 vetoes 0 cycles 148 record status certified
15:41:07 [W139-RUN-b_4649234b] CLAIM-COMPLETION POINT after #1 b_4649234b: items ['B (its W117-pending claims)'] complete -- report (Addendum 58). Scorer: cd /Users/micaelsimoes/Projects/share-resource-planning-no_esso-degradation && set -o noclobber && /Users/micaelsimoes/miniconda3/envs/opf_env_py311/bin/python -u p515_s53_w139_resettle_v5_campaign.py --summarize --after-cell b_4649234b > data/SRP1/Results/P515S53/w139_resettle_v5/summarize_after_b_4649234b_launch.log 2>&1
15:41:07 [W139] guards {'w139_checks': {'counts': {'permitted_solve': 0, 'permitted_exec': 0, 'blocked_solve': 0, 'blocked_exec': 0}, 'verify_0_failures': []}, 'w137_checks': {'counts': {'permitted_solve': 0, 'permitted_exec': 0, 'blocked_solve': 0, 'blocked_exec': 0}, 'verify_0_failures': []}, 'w132_checks': {'counts': {'permitted_solve': 0, 'permitted_exec': 0, 'blocked_solve': 0, 'blocked_exec': 0}, 'verify_0_failures': []}, 'w118_checks': {'counts': {'permitted_solve': 0, 'permitted_exec': 0, 'blocked_solve': 0, 'blocked_exec': 0}, 'verify_0_failures': []}, 'w105_checks_imported': {'counts': {'permitted_solve': 0, 'permitted_exec': 0, 'blocked_solve': 0, 'blocked_exec': 0}, 'verify_0_failures': []}, 'w101_checks_imported': {'counts': {'permitted_solve': 0, 'permitted_exec': 0, 'blocked_solve': 0, 'blocked_exec': 0}, 'verify_0_failures': []}, 'w98_checks_imported': {'counts': {'permitted_solve': 0, 'permitted_exec': 0, 'blocked_solve': 0, 'blocked_exec': 0}, 'verify_0_failures': []}, 'w112_imported': {'counts': {'permitted_solve': 0, 'permitted_exec': 0, 'blocked_solve': 0, 'blocked_exec': 0}, 'verify_0_failures': []}, 'alpha_row_launcher': {'counts': {'permitted_solve': 0, 'permitted_exec': 0, 'blocked_solve': 0, 'blocked_exec': 0}, 'verify_0_failures': []}, 'w86_launcher': {'counts': {'permitted_solve': 0, 'permitted_exec': 0, 'blocked_solve': 0, 'blocked_exec': 0}, 'verify_0_failures': []}, 'w87': {'counts': {'permitted_solve': 0, 'permitted_exec': 0, 'blocked_solve': 0, 'blocked_exec': 0}, 'verify_0_failures': []}, 'w88': {'counts': {'permitted_solve': 0, 'permitted_exec': 0, 'blocked_solve': 0, 'blocked_exec': 0}, 'verify_0_failures': []}, 'w89_step1': {'counts': {'permitted_solve': 0, 'permitted_exec': 0, 'blocked_solve': 0, 'blocked_exec': 0}, 'verify_0_failures': []}, 'w89_3x3_launcher': {'counts': {'permitted_solve': 0, 'permitted_exec': 0, 'blocked_solve': 0, 'blocked_exec': 0}, 'verify_0_failures': []}, 'w90_3x3_parent': {'counts': {'permitted_solve': 0, 'permitted_exec': 0, 'blocked_solve': 0, 'blocked_exec': 0}, 'verify_0_failures': []}, 'w98_parent': {'counts': {'permitted_solve': 0, 'permitted_exec': 0, 'blocked_solve': 0, 'blocked_exec': 0}, 'verify_0_failures': []}, 'w101_parent': {'counts': {'permitted_solve': 0, 'permitted_exec': 0, 'blocked_solve': 0, 'blocked_exec': 0}, 'verify_0_failures': []}, 'w118_parent': {'counts': {'permitted_solve': 0, 'permitted_exec': 0, 'blocked_solve': 0, 'blocked_exec': 0}, 'verify_0_failures': []}, 'w131_imported': {'counts': {'permitted_solve': 0, 'permitted_exec': 0, 'blocked_solve': 0, 'blocked_exec': 0}, 'verify_0_failures': []}, 'w132_parent': {'counts': {'permitted_solve': 0, 'permitted_exec': 0, 'blocked_solve': 0, 'blocked_exec': 0}, 'verify_0_failures': []}, 'w137_parent': {'counts': {'permitted_solve': 0, 'permitted_exec': 0, 'blocked_solve': 0, 'blocked_exec': 0}, 'verify_0_failures': []}, 'w139_parent': {'counts': {'permitted_solve': 0, 'permitted_exec': 0, 'blocked_solve': 0, 'blocked_exec': 0}, 'verify_0_failures': []}} wall=4070s
