15:46:22 [W139-RUN-d_c52e1670] memory preflight: available 17.3489990234375 GiB required 3.50 GiB -> PASS
15:46:22 [W139-RUN-d_c52e1670] P5.15 Addendum 60, W139 -- v5 re-settling campaign (36 cells: the v4 campaign's cells not certified under v4 -- cell 3 re-run, the 9 D cells, claim groups 2 and 4) under the current production configuration: gated cells replayed bitwise against their original record through the first residual pass k0 (abort on the first divergence), the G cells as first C2 evaluations; the certifying regime held after the run's first residual pass (AA off, tight tail on, rho frozen); settling rule v5 (reading gamma, window (a); certification vetoed while a NON-CLEAN cycle lies in the last W cycles the test reads; clean = Optimal, or Acceptable on the primary attempt with all four IPOPT metrics within 10x the tail tolerances; gap clause; amended monotone branch) until it certifies or the cap; W105 captures, per-cycle t_sum and Q_cc, the IPOPT exit, final attempt tier and final metrics of every block of every cycle; cell d_c52e1670 (#2) eval_key af42a163b14f089560b43ccda5fb06d643ad6b9aa281c3bb9c738502846fdb90; cap 198; lock {'pid': 68794, 'campaign_id': 's53_w139_resettle_v5_d_c52e1670', 'campaign_spec_sha256': 'b0008223bab4dd80e70ff734a91f0db942e353f8837066bcaabb94b484068e92', 'started_utc': '2026-09-30T15:46:22.185232+00:00'}
15:46:22 [S44-HARNESS] launched d_c52e1670 (key cc4eb5df385852e6) pid=69344
15:46:22 [S44-HARNESS] heartbeat d_c52e1670: 0s cycle=None
15:47:22 [S44-HARNESS] heartbeat d_c52e1670: 60s cycle=None
15:48:22 [S44-HARNESS] heartbeat d_c52e1670: 120s cycle=3
15:49:22 [S44-HARNESS] heartbeat d_c52e1670: 180s cycle=5
15:50:22 [S44-HARNESS] heartbeat d_c52e1670: 240s cycle=7
15:51:22 [S44-HARNESS] heartbeat d_c52e1670: 300s cycle=10
15:52:22 [S44-HARNESS] heartbeat d_c52e1670: 360s cycle=12
15:53:22 [S44-HARNESS] heartbeat d_c52e1670: 420s cycle=14
15:54:22 [S44-HARNESS] heartbeat d_c52e1670: 480s cycle=17
15:55:22 [S44-HARNESS] heartbeat d_c52e1670: 540s cycle=19
15:56:22 [S44-HARNESS] heartbeat d_c52e1670: 600s cycle=21
15:57:22 [S44-HARNESS] heartbeat d_c52e1670: 660s cycle=24
15:58:22 [S44-HARNESS] heartbeat d_c52e1670: 720s cycle=26
15:59:22 [S44-HARNESS] heartbeat d_c52e1670: 780s cycle=28
16:00:22 [S44-HARNESS] heartbeat d_c52e1670: 840s cycle=31
16:01:22 [S44-HARNESS] heartbeat d_c52e1670: 900s cycle=33
16:02:22 [S44-HARNESS] heartbeat d_c52e1670: 960s cycle=35
16:03:22 [S44-HARNESS] heartbeat d_c52e1670: 1020s cycle=38
16:04:22 [S44-HARNESS] heartbeat d_c52e1670: 1080s cycle=40
16:05:22 [S44-HARNESS] heartbeat d_c52e1670: 1140s cycle=42
16:06:22 [S44-HARNESS] heartbeat d_c52e1670: 1200s cycle=45
16:07:22 [S44-HARNESS] heartbeat d_c52e1670: 1261s cycle=47
16:08:22 [S44-HARNESS] heartbeat d_c52e1670: 1321s cycle=50
16:09:22 [S44-HARNESS] heartbeat d_c52e1670: 1381s cycle=52
16:10:22 [S44-HARNESS] heartbeat d_c52e1670: 1441s cycle=55
16:11:22 [S44-HARNESS] heartbeat d_c52e1670: 1501s cycle=57
16:12:22 [S44-HARNESS] heartbeat d_c52e1670: 1561s cycle=60
16:13:22 [S44-HARNESS] heartbeat d_c52e1670: 1621s cycle=62
16:14:22 [S44-HARNESS] heartbeat d_c52e1670: 1681s cycle=64
16:15:22 [S44-HARNESS] heartbeat d_c52e1670: 1741s cycle=67
16:16:22 [S44-HARNESS] heartbeat d_c52e1670: 1801s cycle=69
16:17:22 [S44-HARNESS] heartbeat d_c52e1670: 1861s cycle=72
16:18:22 [S44-HARNESS] heartbeat d_c52e1670: 1921s cycle=74
16:19:23 [S44-HARNESS] heartbeat d_c52e1670: 1981s cycle=76
16:20:23 [S44-HARNESS] heartbeat d_c52e1670: 2041s cycle=79
16:21:23 [S44-HARNESS] heartbeat d_c52e1670: 2101s cycle=81
16:22:23 [S44-HARNESS] heartbeat d_c52e1670: 2161s cycle=84
16:23:23 [S44-HARNESS] heartbeat d_c52e1670: 2221s cycle=86
16:24:23 [S44-HARNESS] heartbeat d_c52e1670: 2281s cycle=89
16:25:23 [S44-HARNESS] heartbeat d_c52e1670: 2341s cycle=91
16:26:23 [S44-HARNESS] heartbeat d_c52e1670: 2401s cycle=93
16:27:23 [S44-HARNESS] heartbeat d_c52e1670: 2461s cycle=96
16:28:23 [S44-HARNESS] heartbeat d_c52e1670: 2521s cycle=98
16:29:23 [S44-HARNESS] heartbeat d_c52e1670: 2581s cycle=101
16:30:23 [S44-HARNESS] heartbeat d_c52e1670: 2641s cycle=103
16:31:23 [S44-HARNESS] heartbeat d_c52e1670: 2701s cycle=106
16:32:23 [S44-HARNESS] heartbeat d_c52e1670: 2761s cycle=108
16:33:23 [S44-HARNESS] heartbeat d_c52e1670: 2821s cycle=110
16:34:23 [S44-HARNESS] heartbeat d_c52e1670: 2881s cycle=113
16:35:23 [S44-HARNESS] heartbeat d_c52e1670: 2941s cycle=115
16:36:23 [S44-HARNESS] heartbeat d_c52e1670: 3001s cycle=117
16:37:23 [S44-HARNESS] heartbeat d_c52e1670: 3061s cycle=120
16:38:23 [S44-HARNESS] heartbeat d_c52e1670: 3121s cycle=122
16:39:23 [S44-HARNESS] heartbeat d_c52e1670: 3181s cycle=124
16:40:23 [S44-HARNESS] heartbeat d_c52e1670: 3241s cycle=126
16:41:23 [S44-HARNESS] heartbeat d_c52e1670: 3301s cycle=129
16:42:23 [S44-HARNESS] heartbeat d_c52e1670: 3361s cycle=131
16:43:23 [S44-HARNESS] heartbeat d_c52e1670: 3421s cycle=134
16:44:23 [S44-HARNESS] heartbeat d_c52e1670: 3481s cycle=136
16:45:23 [S44-HARNESS] heartbeat d_c52e1670: 3541s cycle=138
16:46:23 [S44-HARNESS] heartbeat d_c52e1670: 3601s cycle=141
16:47:23 [S44-HARNESS] heartbeat d_c52e1670: 3662s cycle=143
16:48:23 [S44-HARNESS] heartbeat d_c52e1670: 3722s cycle=145
16:49:23 [S44-HARNESS] heartbeat d_c52e1670: 3782s cycle=148
16:50:23 [S44-HARNESS] heartbeat d_c52e1670: 3842s cycle=150
16:51:23 [S44-HARNESS] heartbeat d_c52e1670: 3902s cycle=153
16:52:23 [S44-HARNESS] heartbeat d_c52e1670: 3962s cycle=155
16:53:23 [S44-HARNESS] heartbeat d_c52e1670: 4022s cycle=157
16:54:23 [S44-HARNESS] heartbeat d_c52e1670: 4082s cycle=160
16:55:23 [S44-HARNESS] heartbeat d_c52e1670: 4142s cycle=162
16:56:23 [S44-HARNESS] heartbeat d_c52e1670: 4202s cycle=164
16:57:23 [S44-HARNESS] heartbeat d_c52e1670: 4262s cycle=167
16:58:23 [S44-HARNESS] heartbeat d_c52e1670: 4322s cycle=169
16:59:23 [S44-HARNESS] heartbeat d_c52e1670: 4382s cycle=171
17:00:23 [S44-HARNESS] heartbeat d_c52e1670: 4442s cycle=173
17:01:23 [S44-HARNESS] heartbeat d_c52e1670: 4502s cycle=176
17:02:24 [S44-HARNESS] heartbeat d_c52e1670: 4562s cycle=178
17:03:24 [S44-HARNESS] heartbeat d_c52e1670: 4622s cycle=180
17:04:24 [S44-HARNESS] heartbeat d_c52e1670: 4682s cycle=183
17:05:24 [S44-HARNESS] heartbeat d_c52e1670: 4742s cycle=185
17:06:24 [S44-HARNESS] heartbeat d_c52e1670: 4802s cycle=188
17:07:24 [S44-HARNESS] heartbeat d_c52e1670: 4862s cycle=190
17:08:24 [S44-HARNESS] heartbeat d_c52e1670: 4922s cycle=192
17:09:24 [S44-HARNESS] heartbeat d_c52e1670: 4982s cycle=195
17:10:24 [S44-HARNESS] heartbeat d_c52e1670: 5042s cycle=197
17:10:59 [S44-HARNESS] finished d_c52e1670 pid=69344 exit=0 status=not_certified wall=5077s
17:11:06 [W139-RUN-d_c52e1670] gates {'G1_harness_clean': True, 'G2_eval_key': True, 'G3_append_reconcile': True, 'G4_tail_state_check': True, 'G5_solve_profile_reconciled_per_event': True, 'G6_v37_optimal_and_four_metrics': True, 'G7_append_sealed': True, 'G8_persistence_on_production_certificate': True, 'G9_ess_ageing_readback': True, 'G11_acceptance_cross_check': True, 'G13_holds_inert_through_first_pass_held_after': True, 'G14_all_block_capture': True, 'G15_stopping_consistent': True, 'G16_lambda_sidecar_complete': True, 'G17_rule_v5_replay_reproduces_in_cycle': True, 'G18_line_fields_every_cycle': True, 'G19_replay_bitwise_1_k0_every_field': True, 'G20_production_counters_in_per_cycle_record': True, 'G21_creep_captures_complete': True, 'G22_t_sum_in_cycle_equals_stride_and_terminal': True, 'G23_overlap_recorded': True, 'G24_exit_capture_equals_the_solve_records_and_esso_logs': True, 'G24b_clean_capture_equals_the_solve_records_and_esso_logs': True, 'G25_record_status_follows_the_settling_decision': True}
17:11:06 [W139-RUN-d_c52e1670] settling v5: status uncertified k* None branch None window None band_width 5743.267048597336 s 5525.418008804321 t_sum(end) 835.5493480911593 k0_run 89 non-clean cycles [117] acceptable-clean exits 0 vetoes 0 cycles 198 record status not_certified
17:11:06 [W139] guards {'w139_checks': {'counts': {'permitted_solve': 0, 'permitted_exec': 0, 'blocked_solve': 0, 'blocked_exec': 0}, 'verify_0_failures': []}, 'w137_checks': {'counts': {'permitted_solve': 0, 'permitted_exec': 0, 'blocked_solve': 0, 'blocked_exec': 0}, 'verify_0_failures': []}, 'w132_checks': {'counts': {'permitted_solve': 0, 'permitted_exec': 0, 'blocked_solve': 0, 'blocked_exec': 0}, 'verify_0_failures': []}, 'w118_checks': {'counts': {'permitted_solve': 0, 'permitted_exec': 0, 'blocked_solve': 0, 'blocked_exec': 0}, 'verify_0_failures': []}, 'w105_checks_imported': {'counts': {'permitted_solve': 0, 'permitted_exec': 0, 'blocked_solve': 0, 'blocked_exec': 0}, 'verify_0_failures': []}, 'w101_checks_imported': {'counts': {'permitted_solve': 0, 'permitted_exec': 0, 'blocked_solve': 0, 'blocked_exec': 0}, 'verify_0_failures': []}, 'w98_checks_imported': {'counts': {'permitted_solve': 0, 'permitted_exec': 0, 'blocked_solve': 0, 'blocked_exec': 0}, 'verify_0_failures': []}, 'w112_imported': {'counts': {'permitted_solve': 0, 'permitted_exec': 0, 'blocked_solve': 0, 'blocked_exec': 0}, 'verify_0_failures': []}, 'alpha_row_launcher': {'counts': {'permitted_solve': 0, 'permitted_exec': 0, 'blocked_solve': 0, 'blocked_exec': 0}, 'verify_0_failures': []}, 'w86_launcher': {'counts': {'permitted_solve': 0, 'permitted_exec': 0, 'blocked_solve': 0, 'blocked_exec': 0}, 'verify_0_failures': []}, 'w87': {'counts': {'permitted_solve': 0, 'permitted_exec': 0, 'blocked_solve': 0, 'blocked_exec': 0}, 'verify_0_failures': []}, 'w88': {'counts': {'permitted_solve': 0, 'permitted_exec': 0, 'blocked_solve': 0, 'blocked_exec': 0}, 'verify_0_failures': []}, 'w89_step1': {'counts': {'permitted_solve': 0, 'permitted_exec': 0, 'blocked_solve': 0, 'blocked_exec': 0}, 'verify_0_failures': []}, 'w89_3x3_launcher': {'counts': {'permitted_solve': 0, 'permitted_exec': 0, 'blocked_solve': 0, 'blocked_exec': 0}, 'verify_0_failures': []}, 'w90_3x3_parent': {'counts': {'permitted_solve': 0, 'permitted_exec': 0, 'blocked_solve': 0, 'blocked_exec': 0}, 'verify_0_failures': []}, 'w98_parent': {'counts': {'permitted_solve': 0, 'permitted_exec': 0, 'blocked_solve': 0, 'blocked_exec': 0}, 'verify_0_failures': []}, 'w101_parent': {'counts': {'permitted_solve': 0, 'permitted_exec': 0, 'blocked_solve': 0, 'blocked_exec': 0}, 'verify_0_failures': []}, 'w118_parent': {'counts': {'permitted_solve': 0, 'permitted_exec': 0, 'blocked_solve': 0, 'blocked_exec': 0}, 'verify_0_failures': []}, 'w131_imported': {'counts': {'permitted_solve': 0, 'permitted_exec': 0, 'blocked_solve': 0, 'blocked_exec': 0}, 'verify_0_failures': []}, 'w132_parent': {'counts': {'permitted_solve': 0, 'permitted_exec': 0, 'blocked_solve': 0, 'blocked_exec': 0}, 'verify_0_failures': []}, 'w137_parent': {'counts': {'permitted_solve': 0, 'permitted_exec': 0, 'blocked_solve': 0, 'blocked_exec': 0}, 'verify_0_failures': []}, 'w139_parent': {'counts': {'permitted_solve': 0, 'permitted_exec': 0, 'blocked_solve': 0, 'blocked_exec': 0}, 'verify_0_failures': []}} wall=5242s
