08:49:14 [S53-F2-CERT] FLEXIBILITY-PRICE SCENARIO m = 2 (MODEL VARIANT -- flexibility price x 2); NOT the baseline. Every figure in this stage is a figure of that scenario.
08:49:14 [S53-F2-CERT] P5.15 Addendum 40 ruling 4 (W49) -- F2 CERTIFICATE CONTINUATION: the standard unit poll (2n OrthoMADS directions, snap-to-feasible, completion only if fewer than n + 1 feasible poll points) at the flexibility price m = 2 under the EUR 1M budget, from the committed s51 F2 Phase B incumbent
08:49:14 [S53-F2-CERT] objective convention: Q(x) = certified_cost = gross_operational_cost (settlement-excluded) AT m = 2; F(x) = I(x) + Q(x); I(0) = 0 so F(0) = Q(0), Q(0) the committed x = 0 record at m = 2 (dc468ab4). Terminal salvage and net_operational_recourse = gross - salvage are reported by the records and EXCLUDED from F (Addendum 27 item 3). At m = 2 the DSO flexibility cost inside Q is priced at 2 x cost_flex -- every figure here is a figure of that SCENARIO, not of the baseline.
08:49:14 [S53-F2-CERT] frozen campaign spec: data/SRP1/Results/P515S53/campaign_s53_f2_certificate_r1/campaign_spec_s53_f2_certificate_r1_803571c0.json sha256=803571c0efcf828eb9716d6c6255909da91d882a57a7bd4e053805f96f88027f (1705 domain entries, each at m = 2)
08:49:14 [S53-F2-CERT] poll rule: at unit mesh (Delta = 1; EVERY poll of this continuation) the poll set is: (1) the 2n = 14 OrthoMADS directions +h_j and -h_j, h_j the columns of H = I - 2 v v^T with v = (2 u_t - 1)/||2 u_t - 1||, u_t the Halton point (bases = the first 7 primes) of index t = 17 + k, each rounded to the lattice as d = round_half_away(h / ||h||_inf) (PB.project_direction at Delta = 1); (2) every rounded point inc + d that is INFEASIBLE is SNAPPED (SNAP_RULE); (3) the COMPLETION -- every bound-, rule- and budget-feasible canonical lattice point within l_inf distance 1 of the incumbent (PB.Lattice.completion) -- is added ONLY IF FEWER THAN n + 1 = 8 DISTINCT feasible poll points remain after snapping (counted as distinct canonical points != the incumbent, i.e. the cache-hit plus new-evaluation candidates); the completion cap of 30 applies to it and REFUSES the poll (STOP_FOR_REVIEW_completion_cap), never truncates; the cap is checked before the evaluation budget. Full poll, batches of <= 5, cache hits never re-evaluated, duplicate eval keys dropped.
08:49:14 [S53-F2-CERT] snap rule: an infeasible rounded point r = inc + d is replaced by the NEAREST point of the SNAP SET = every feasible canonical lattice point z != inc with ||z - inc||_inf <= 1 (the unit frame of the incumbent, PB.Lattice.neighbourhood -- the same set as the completion). NEAREST = lexicographic minimum of (1) ||z - r||_1, (2) ||z - r||_inf, (3) ||z - inc||_1, (4) the SAME INVESTMENT YEAR AS THE INCUMBENT first (a point without storage has no active year and counts as a different year; level inserted by the W50 Planner ruling 1), (5) I(z) (lower first), (6) the lattice label (string order). Distances are in lattice units over the 7 coordinates (zP5, zE5, zP7, zE7, zP9, zE9, zY); the year coordinate is counted only when z holds storage (it is inactive otherwise, STEP4 5.4). If the snap set is empty the direction is recorded 'no feasible snap' and contributes no poll point (extreme barrier, not evaluated). Recorded for EVERY direction: the rounded point, whether it is feasible or the reasons it is not, the snapped point or 'no feasible snap', the snap distances, every point tied at the minimum l1 distance and the tie-break level that decided.
08:49:14 [S53-F2-CERT] iteration rule: on SUCCESS (at least one determinate improvement: F(inc) - F(x) > max(bar_x + bar_inc, sigma_Q)) the incumbent moves to the argmin F among determinate improvers (ties: lower I, then label) and the NEXT POLL IS AGAIN A UNIT POLL (Delta stays 1: the STEP4 5.2 / ruling A3 doubling is NOT applied in this continuation); the Halton index advances by one per poll, CONTINUING the s51 F2 Phase B counter (first poll k = 4, t = 21: the poll the completion cap refused). On FAILURE the continuation terminates with the certificate. At most 60 NEW evaluations over the whole continuation: a poll whose new evaluations would exceed what remains is NOT launched (termination evaluation_budget_exhausted; no certificate claim).
08:49:14 [S53-F2-CERT] certificate: POLL FAILURE AT UNIT MESH over the recorded poll set: every point of the final poll set (the 2n rounded directions after snapping, plus the completion when it was triggered) was evaluated or read from the cache and none is a determinate improvement (F(inc) - F(x) > max(bar_x + bar_inc, sigma_Q)); indeterminate points are listed unresolved; barrier points are F = +inf. SCOPE, recorded in the certificate itself (`scope`): the claim is "poll failure over the recorded poll set at unit mesh"; it is a positive-spanning-set certificate ONLY if the poll displacement set positively spans R^7 (rank and an LP test, recorded for the poll set and for the full feasible box, never assumed); unless the completion was triggered it is NOT the full-box certificate of ruling A2; whether the incumbent is interior (every signed unit step inc +- e_i feasible) is recorded with the nodes at the lower bound and the budget slack; every feasible box neighbour outside the poll set is listed by identity -- those in the cache with F, F(x) - F(inc), the resolution and a SYMMETRIC class (better: F(inc) - F(x) > res; worse: F(x) - F(inc) > res; otherwise INDETERMINATE), at zero evaluation cost; those not in the cache as not evaluated. The certificate does NOT hold if any cached box neighbour is determinately better than the incumbent.
08:49:14 [S53-F2-CERT] cache source s49_flex_ladder (the flexibility-price ladder: x = 0 and E = 1 MWh at m = 2): data/SRP1/Results/P515S49/campaign_s49_flex_ladder/campaign_results.json sha256=72e31d2ad79086d4cabdfeac4ecdf2bf3076e5f522738d5985d6750e6e293423 commit=dc468ab4 n=2
08:49:14 [S53-F2-CERT] cache source s50_marginal (the marginal-MWh test: E = 2 MWh at m = 2): data/SRP1/Results/P515S50/campaign_s50_marginal/campaign_results.json sha256=a083768d1b5911ea9c45cdf3f67cc3dd09c1190edbea57aa92fd24076631118c commit=0e36ec0a n=1
08:49:14 [S53-F2-CERT] cache source s51_f2_ladder (the F2 ladder: E = 3 (the budget corner), 4 and 5 MWh at m = 2): data/SRP1/Results/P515S51/campaign_s51_f2_ladder/campaign_results.json sha256=eb7513dde5d505bc10d6a5ab7c5fdab2ce11859c1a58941d5dc5e1a5b0fdbebd commit=a3a9fb47 n=3
08:49:14 [S53-F2-CERT] cache source s51_f2_phase_b (the s51 F2 Phase B: its 20 evaluated points (the incumbent and the polled neighbours), m = 2): data/SRP1/Results/P515S51/campaign_s51_f2_phase_b/campaign_results.json sha256=2cdd5d6048919980b6d3d7109709b3441a99b5eb353be3285a09210a9a996eb7 commit=0012d85b n=20
08:49:14 [S53-F2-CERT]   cache y2030__n5_p0.25_e0.5__n7_p0.75_e2.5__n9_p0.25_e0.5_m2: Q=809921746.4863336 bar=1480.6654633283615 cycles=166 m=2.0 eval_key=0d6ce9309b7c34b2 source=s51_f2_phase_b
08:49:14 [S53-F2-CERT]   cache y2030__n5_p0.25_e0.5__n7_p1_e3_m2: Q=809916214.2848953 bar=1457.2940219640732 cycles=184 m=2.0 eval_key=0ee93aca71ed71d2 source=s51_f2_phase_b
08:49:14 [S53-F2-CERT]   cache y2030__n5_p0.25_e0.5__n7_p0.75_e3_m2: Q=809965545.0530776 bar=1100.7485942840576 cycles=194 m=2.0 eval_key=195156fa819625db source=s51_f2_phase_b
08:49:14 [S53-F2-CERT]   cache y2030__n7_p1_e3__n9_p0.25_e0.5_m2: Q=809921835.7487029 bar=2444.070065498352 cycles=191 m=2.0 eval_key=45aa25a6d2a59455 source=s51_f2_phase_b
08:49:14 [S53-F2-CERT]   cache y2030__n7_p1_e2.5__n9_p0.25_e0.5_m2: Q=810058492.8240466 bar=462.89029836654663 cycles=165 m=2.0 eval_key=4763ec865bb38858 source=s51_f2_phase_b
08:49:14 [S53-F2-CERT]   cache x0_m2: Q=811016062.203051 bar=1296.2551001310349 cycles=134 m=2.0 eval_key=50dea31c5780df57 source=s49_flex_ladder
08:49:14 [S53-F2-CERT]   cache y2025__n7_p1_e2.5_m2: Q=810079546.5286092 bar=3659.2143985033035 cycles=144 m=2.0 eval_key=588d5120012d02b8 source=s51_f2_phase_b
08:49:14 [S53-F2-CERT]   cache n7_4h_e2_m2: Q=810288986.5544469 bar=445.81965148448944 cycles=144 m=2.0 eval_key=5a6a88b46bd3a8fe source=s50_marginal
08:49:14 [S53-F2-CERT]   cache y2030__n5_p0.25_e0.5__n7_p1_e3.5_m2: Q=809795490.1476665 bar=2248.5940684080124 cycles=181 m=2.0 eval_key=5ca4f86c3406c042 source=s51_f2_phase_b
08:49:14 [S53-F2-CERT]   cache n7_4h_e5_m2: Q=809202421.3581351 bar=277.1885994672775 cycles=170 m=2.0 eval_key=5f3cccb4cad36ee5 source=s51_f2_ladder
08:49:14 [S53-F2-CERT]   cache n7_4h_e1_m2: Q=810649709.6671975 bar=3550.4890327453613 cycles=132 m=2.0 eval_key=74eda68d74d990b2 source=s49_flex_ladder
08:49:14 [S53-F2-CERT]   cache y2030__n7_p1_e3_m2: Q=810081212.8342348 bar=1242.0573258399963 cycles=162 m=2.0 eval_key=76c7806434358b47 source=s51_f2_phase_b
08:49:14 [S53-F2-CERT]   cache y2030__n7_p1_e3.5__n9_p0.25_e0.5_m2: Q=809801074.2830775 bar=6750.284273982048 cycles=182 m=2.0 eval_key=7c45555407d8f3e8 source=s51_f2_phase_b
08:49:14 [S53-F2-CERT]   cache y2030__n7_p0.75_e3__n9_p0.25_e0.5_m2: Q=809972127.2115817 bar=1081.746101617813 cycles=192 m=2.0 eval_key=7db09f6c11a99cd1 source=s51_f2_phase_b
08:49:14 [S53-F2-CERT]   cache y2030__n5_p0.25_e0.5__n7_p1_e2.5__n9_p0.25_e0.5_m2: Q=809888874.9916775 bar=793.1126148700714 cycles=337 m=2.0 eval_key=8ac811b10d977bfe source=s51_f2_phase_b
08:49:14 [S53-F2-CERT]   cache y2030__n7_p0.75_e2.5__n9_p0.25_e0.5_m2: Q=810084663.4564126 bar=2777.7195006608963 cycles=157 m=2.0 eval_key=8ce9fa46fd4f5c71 source=s51_f2_phase_b
08:49:14 [S53-F2-CERT]   cache y2030__n7_p0.75_e3_m2: Q=810139913.559661 bar=11989.033246278763 cycles=180 m=2.0 eval_key=8e4c220e4d03411b source=s51_f2_phase_b
08:49:14 [S53-F2-CERT]   cache n7_4h_e4_m2: Q=809571301.5214276 bar=2531.5334564447403 cycles=136 m=2.0 eval_key=a11d79663bf5a954 source=s51_f2_ladder
08:49:14 [S53-F2-CERT]   cache y2030__n5_p0.25_e0.5__n7_p0.75_e3__n9_p0.25_e0.5_m2: Q=809806167.3731737 bar=1836.4507006406784 cycles=220 m=2.0 eval_key=b2251bc53ca992aa source=s51_f2_phase_b
08:49:14 [S53-F2-CERT]   cache y2030__n7_p1_e2.5_m2: Q=810219274.8398231 bar=2882.2201515436172 cycles=144 m=2.0 eval_key=cc35ca90dbcef3e1 source=s51_f2_phase_b
08:49:14 [S53-F2-CERT]   cache y2030__n5_p0.25_e0.5__n7_p0.75_e2.5_m2: Q=810078973.9269239 bar=1040.3124842643738 cycles=177 m=2.0 eval_key=df1a552507b92c52 source=s51_f2_phase_b
08:49:14 [S53-F2-CERT]   cache y2030__n5_p0.25_e0.5__n7_p1_e2.5_m2: Q=810052747.5041645 bar=6694.030019283295 cycles=183 m=2.0 eval_key=e05a13a020ffe9d0 source=s51_f2_phase_b
08:49:14 [S53-F2-CERT]   cache y2030__n7_p1_e3.5_m2: Q=809960133.409277 bar=14208.014088392258 cycles=165 m=2.0 eval_key=e1da0984365060a9 source=s51_f2_phase_b
08:49:14 [S53-F2-CERT]   cache y2025__n7_p0.75_e2.5_m2: Q=810092671.8248721 bar=2525.960353255272 cycles=144 m=2.0 eval_key=ef9b2da38beb7ad9 source=s51_f2_phase_b
08:49:14 [S53-F2-CERT]   cache n7_4h_e3_m2: Q=809936004.2872474 bar=1196.60147190094 cycles=160 m=2.0 eval_key=f3aa335e6c1eda69 source=s51_f2_ladder
08:49:14 [S53-F2-CERT]   cache y2030__n7_p0.75_e2.5_m2: Q=810252769.3495697 bar=830.6331506967545 cycles=163 m=2.0 eval_key=fb738be20c777d6b source=s51_f2_phase_b
08:49:14 [S53-F2-CERT] baseline exclusion: ok=True every_cache_entry_is_m2=True files=20 collisions=[] m2_elsewhere=[] m_enters_the_key=True
08:49:14 [S53-F2-CERT] sigma_Q=18449.663947025518; degradation clause triggered=False
08:49:14 [S53-F2-CERT] INCUMBENT (committed s51 final_incumbent): {'eval_key': '5ca4f86c3406c0424d3b63b8f39df4568f1be77f7f2d72642491539c0eb42663', 'z': [1, 1, 4, 7, 0, 0, 1], 'label': 'y2030__n5_p0.25_e0.5__n7_p1_e3.5', 'I': 992268.1082843702, 'Q': 809795490.1476665, 'F': 810787758.2559508, 'bar': 2248.5940684080124, 'source': {'kind': 'committed_certified_record_at_m2', 'campaign': 's51_f2_phase_b', 'path': 'data/SRP1/Results/P515S51/campaign_s51_f2_phase_b/campaign_results.json', 'sha256': '2cdd5d6048919980b6d3d7109709b3441a99b5eb353be3285a09210a9a996eb7', 'commit': '0012d85b', 'label': 'y2030__n5_p0.25_e0.5__n7_p1_e3.5_m2', 'eval_dir': 'data/SRP1/Results/P515S51/campaign_s51_f2_phase_b/evals/5ca4f86c3406c042_y2030__n5_p0_25_e0_5__n7_p1_e3_5_m2'}}
08:49:14 [S53-F2-CERT] budget slack at the incumbent: 7731.891715629841
08:49:14 [S53-F2-CERT] continuation facts: {'final_incumbent_is_the_expected_one': True, 'I_is_992268_1082843702': True, 'F_is_810787758_2559508': True, 'I_recomputes_from_the_lattice': True, 'F_equals_I_plus_Q': True, 'budget_feasible': True, 'budget_slack_as_expected': True, 'eval_key_recomputes_at_m2': True, 'incumbent_in_the_cache_with_the_same_Q_and_bar': True, 's51_terminal_poll_is_k4': True, 's51_terminal_poll_is_unit': True, 's51_terminal_poll_refused_on_the_cap': True, 's51_terminal_poll_incumbent_is_ours': True, 's51_completion_was_61': True, 'box_completion_reproduces_61': True, 'same_H_first_n_directions': True, 'negatives_are_the_negated_columns': True, 'no_cached_box_neighbour_determinately_better_than_the_incumbent': True}
08:49:14 [S53-F2-CERT] the full box neighbourhood (61 points): rank 6, positively spans R^7: False; signed unit vectors not in its cone: ['+zP5', '+zE5', '-zE5', '+zP7', '+zE7', '+zP9', '-zP9', '+zE9', '-zE9', '-zY']
08:49:14 [S53-F2-CERT] argmin F over the 26-entry cache (recorded, not used): y2030__n5_p0.25_e0.5__n7_p1_e3.5 equals the incumbent=True; margin vs runner-up {'other': 'y2030__n7_p1_e3.5__n9_p0.25_e0.5', 'F_other_minus_F_incumbent_eur': 5584.135411024094, 'resolution_eur': 18449.663947025518, 'determinate': False}
08:49:14 [S53-F2-CERT] DRY RUN (zero solves) -- the poll sequence from the incumbent up to the first poll that needs a new evaluation:
08:49:14 [S53-F2-CERT]   poll k=4 t=21 Delta=1 incumbent=y2030__n5_p0.25_e0.5__n7_p1_e3.5
08:49:14 [S53-F2-CERT]     dir  0 d=[1, 0, 0, 0, 0, 0, 0] rounded=[2, 1, 4, 7, 0, 0, 1]: INFEASIBLE ['duration: node 5 E/P = 1 h outside [2, 4] h'] -> SNAPPED to y2030__n5_p0.25_e0.5__n7_p1_e3 (l1=2, linf=1, linf_from_inc=1, tied_at_min_l1=3, decided_by=same_year_as_incumbent)
08:49:14 [S53-F2-CERT]     dir  1 d=[0, 1, 0, -1, 1, 0, 0] rounded=[1, 2, 4, 6, 1, 0, 1]: INFEASIBLE ['duration: node 9 P = 0 <=> E = 0 violated (P=0.25, E=0)'] -> SNAPPED to y2030__n5_p0.25_e1__n7_p1_e3 (l1=1, linf=1, linf_from_inc=1, tied_at_min_l1=1, decided_by=l1_to_rounded)
08:49:14 [S53-F2-CERT]     dir  2 d=[0, 0, 1, 0, 0, 0, 0] rounded=[1, 1, 5, 7, 0, 0, 1]: INFEASIBLE ['budget: I(x) = 1039864.13 > B = 1e+06'] -> SNAPPED to y2030__n5_p0.25_e0.5__n7_p1.25_e3 (l1=1, linf=1, linf_from_inc=1, tied_at_min_l1=2, decided_by=same_year_as_incumbent)
08:49:14 [S53-F2-CERT]     dir  3 d=[0, -1, 0, 1, 1, 0, -1] rounded=[1, 0, 4, 8, 1, 0, 0]: INFEASIBLE ['duration: node 5 P = 0 <=> E = 0 violated (P=0.25, E=0)', 'duration: node 9 P = 0 <=> E = 0 violated (P=0.25, E=0)'] -> SNAPPED to y2030__n7_p1_e4 (l1=3, linf=1, linf_from_inc=1, tied_at_min_l1=1, decided_by=l1_to_rounded)
08:49:14 [S53-F2-CERT]     dir  4 d=[0, 1, 0, 1, 1, 0, 1] rounded=[1, 2, 4, 8, 1, 0, 2]: INFEASIBLE ['duration: node 9 P = 0 <=> E = 0 violated (P=0.25, E=0)'] -> SNAPPED to y2035__n5_p0.25_e1__n7_p1_e4 (l1=1, linf=1, linf_from_inc=1, tied_at_min_l1=1, decided_by=l1_to_rounded)
08:49:14 [S53-F2-CERT]     dir  5 d=[0, 0, 0, 0, 0, 1, 0] rounded=[1, 1, 4, 7, 0, 1, 1]: INFEASIBLE ['duration: node 9 P = 0 <=> E = 0 violated (P=0, E=0.5)'] -> SNAPPED to y2030__n5_p0.25_e0.5__n7_p1_e3 (l1=2, linf=1, linf_from_inc=1, tied_at_min_l1=3, decided_by=same_year_as_incumbent)
08:49:14 [S53-F2-CERT]     dir  6 d=[0, 0, 0, -1, 0, 0, 1] rounded=[1, 1, 4, 6, 0, 0, 2]: FEASIBLE as rounded -> y2035__n5_p0.25_e0.5__n7_p1_e3
08:49:14 [S53-F2-CERT]     dir  7 d=[-1, 0, 0, 0, 0, 0, 0] rounded=[0, 1, 4, 7, 0, 0, 1]: INFEASIBLE ['duration: node 5 P = 0 <=> E = 0 violated (P=0, E=0.5)'] -> SNAPPED to y2030__n7_p1_e3.5 (l1=1, linf=1, linf_from_inc=1, tied_at_min_l1=1, decided_by=l1_to_rounded)
08:49:14 [S53-F2-CERT]     dir  8 d=[0, -1, 0, 1, -1, 0, 0] rounded=[1, 0, 4, 8, -1, 0, 1]: INFEASIBLE ['duration: node 5 P = 0 <=> E = 0 violated (P=0.25, E=0)', 'bound: node 9 negative capacity (P=-0.25, E=0)'] -> SNAPPED to y2030__n7_p1_e4 (l1=2, linf=1, linf_from_inc=1, tied_at_min_l1=1, decided_by=l1_to_rounded)
08:49:14 [S53-F2-CERT]     dir  9 d=[0, 0, -1, 0, 0, 0, 0] rounded=[1, 1, 3, 7, 0, 0, 1]: INFEASIBLE ['duration: node 7 E/P = 4.66667 h outside [2, 4] h'] -> SNAPPED to y2030__n5_p0.25_e0.5__n7_p0.75_e3 (l1=1, linf=1, linf_from_inc=1, tied_at_min_l1=1, decided_by=l1_to_rounded)
08:49:14 [S53-F2-CERT]     dir 10 d=[0, 1, 0, -1, -1, 0, 1] rounded=[1, 2, 4, 6, -1, 0, 2]: INFEASIBLE ['bound: node 9 negative capacity (P=-0.25, E=0)'] -> SNAPPED to y2035__n5_p0.25_e1__n7_p1_e3 (l1=1, linf=1, linf_from_inc=1, tied_at_min_l1=1, decided_by=l1_to_rounded)
08:49:14 [S53-F2-CERT]     dir 11 d=[0, -1, 0, -1, -1, 0, -1] rounded=[1, 0, 4, 6, -1, 0, 0]: INFEASIBLE ['duration: node 5 P = 0 <=> E = 0 violated (P=0.25, E=0)', 'bound: node 9 negative capacity (P=-0.25, E=0)'] -> SNAPPED to y2030__n5_p0.25_e0.5__n7_p1_e3 (l1=3, linf=1, linf_from_inc=1, tied_at_min_l1=3, decided_by=l1_to_incumbent)
08:49:14 [S53-F2-CERT]     dir 12 d=[0, 0, 0, 0, 0, -1, 0] rounded=[1, 1, 4, 7, 0, -1, 1]: INFEASIBLE ['bound: node 9 negative capacity (P=0, E=-0.5)'] -> SNAPPED to y2030__n5_p0.25_e0.5__n7_p1_e3 (l1=2, linf=1, linf_from_inc=1, tied_at_min_l1=2, decided_by=same_year_as_incumbent)
08:49:14 [S53-F2-CERT]     dir 13 d=[0, 0, 0, 1, 0, 0, -1] rounded=[1, 1, 4, 8, 0, 0, 0]: INFEASIBLE ['budget: I(x) = 1462846.20 > B = 1e+06'] -> SNAPPED to y2035__n5_p0.25_e0.5__n7_p1_e4 (l1=2, linf=2, linf_from_inc=1, tied_at_min_l1=1, decided_by=l1_to_rounded)
08:49:14 [S53-F2-CERT]   distinct feasible poll points after snapping: 10 (threshold n + 1 = 8) -> completion triggered: False
08:49:14 [S53-F2-CERT]     [direction_snapped 0] y2030__n5_p0.25_e0.5__n7_p1_e3 I=897982.1086287401 -> cache_hit (cache: s51_f2_phase_b)
08:49:14 [S53-F2-CERT]     [direction_snapped 1] y2030__n5_p0.25_e1__n7_p1_e3 I=992268.1082843703 -> new_evaluation
08:49:14 [S53-F2-CERT]     [direction_snapped 2] y2030__n5_p0.25_e0.5__n7_p1.25_e3 I=945578.1308366059 -> new_evaluation
08:49:14 [S53-F2-CERT]     [direction_snapped 3] y2030__n7_p1_e4 I=944672.0860765043 -> new_evaluation
08:49:14 [S53-F2-CERT]     [direction_snapped 4] y2035__n5_p0.25_e1__n7_p1_e4 I=989947.576746736 -> new_evaluation
08:49:14 [S53-F2-CERT]     [direction_snapped 5] y2030__n5_p0.25_e0.5__n7_p1_e3 I=897982.1086287401 -> duplicate_of_direction_0
08:49:14 [S53-F2-CERT]     [direction 6] y2035__n5_p0.25_e0.5__n7_p1_e3 I=752815.9034240403 -> new_evaluation
08:49:14 [S53-F2-CERT]     [direction_snapped 7] y2030__n7_p1_e3.5 I=850386.0864208742 -> cache_hit (cache: s51_f2_phase_b)
08:49:14 [S53-F2-CERT]     [direction_snapped 8] y2030__n7_p1_e4 I=944672.0860765043 -> duplicate_of_direction_3
08:49:14 [S53-F2-CERT]     [direction_snapped 9] y2030__n5_p0.25_e0.5__n7_p0.75_e3 I=850386.0864208742 -> cache_hit (cache: s51_f2_phase_b)
08:49:14 [S53-F2-CERT]     [direction_snapped 10] y2035__n5_p0.25_e1__n7_p1_e3 I=831859.7945316054 -> new_evaluation
08:49:14 [S53-F2-CERT]     [direction_snapped 11] y2030__n5_p0.25_e0.5__n7_p1_e3 I=897982.1086287401 -> duplicate_of_direction_0
08:49:14 [S53-F2-CERT]     [direction_snapped 12] y2030__n5_p0.25_e0.5__n7_p1_e3 I=897982.1086287401 -> duplicate_of_direction_0
08:49:14 [S53-F2-CERT]     [direction_snapped 13] y2035__n5_p0.25_e0.5__n7_p1_e4 I=910903.6856391708 -> new_evaluation
08:49:14 [S53-F2-CERT]   cache hits 3; NEW evaluations 7 in batches [5, 2] at concurrency 5
08:49:14 [S53-F2-CERT]   poll displacement set: 10 vectors, rank 5, positively spans R^7: False; signed unit vectors not in its cone: ['+zP5', '+zE5', '-zE5', '+zP7', '-zP7', '+zE7', '+zP9', '-zP9', '+zE9', '-zE9', '-zY']
08:49:14 [S53-F2-CERT]   evaluation cap = 60; this poll needs 7
08:49:14 [S53-F2-CERT]   CERTIFICATE SCOPE if this poll fails (W50 ruling 3): The claim is poll failure over the recorded poll set at unit mesh, NOT a positive-spanning-set certificate, NOT the full-box certificate. The incumbent y2030__n5_p0.25_e0.5__n7_p1_e3.5 is NOT interior: nodes at the lower bound (zero capacity) [9], budget slack 7731.89 EUR of 1e+06, 2 of 14 signed unit steps feasible. The poll displacement set (10 vectors) has rank 5 and does NOT positively span R^7; the full feasible box (61 points) has rank 6 and does NOT positively span R^7. 51 of 61 feasible box neighbours lie outside the poll set: 7 in the cache ({'better': 0, 'worse': 5, 'indeterminate': 2, 'barrier': 0}), 44 not evaluated.
08:49:14 [S53-F2-CERT]     incumbent position: interior=False nodes_at_lower_bound=[9] budget_slack=7731.891715629841 feasible signed unit steps=['-zE7', '+zY']
08:49:14 [S53-F2-CERT]     outside the poll set: y2025__n7_p0.75_e3 I=953871.0255106755 -> cached_worse
08:49:14 [S53-F2-CERT]     outside the poll set: y2030__n7_p0.75_e3 I=708504.0645573783 -> cached_worse
08:49:14 [S53-F2-CERT]     outside the poll set: y2035__n7_p0.75_e3 I=593968.5460480415 -> not_evaluated
08:49:14 [S53-F2-CERT]     outside the poll set: y2030__n7_p0.75_e3__n9_p0.25_e0.5 I=850386.0864208742 -> cached_worse
08:49:14 [S53-F2-CERT]     outside the poll set: y2035__n7_p0.75_e3__n9_p0.25_e0.5 I=712914.1702898236 -> not_evaluated
08:49:14 [S53-F2-CERT]     outside the poll set: y2030__n7_p1_e3 I=756100.0867652441 -> cached_worse
08:49:14 [S53-F2-CERT]     outside the poll set: y2035__n7_p1_e3 I=633870.2791822583 -> not_evaluated
08:49:14 [S53-F2-CERT]     outside the poll set: y2030__n7_p1_e3__n9_p0.25_e0.5 I=897982.1086287401 -> cached_worse
08:49:14 [S53-F2-CERT]     outside the poll set: y2035__n7_p1_e3__n9_p0.25_e0.5 I=752815.9034240403 -> not_evaluated
08:49:14 [S53-F2-CERT]     outside the poll set: y2035__n7_p1_e3.5 I=712914.1702898236 -> not_evaluated
08:49:14 [S53-F2-CERT]     outside the poll set: y2030__n7_p1_e3.5__n9_p0.25_e0.5 I=992268.1082843702 -> cached_indeterminate
08:49:14 [S53-F2-CERT]     outside the poll set: y2035__n7_p1_e3.5__n9_p0.25_e0.5 I=831859.7945316056 -> not_evaluated
08:49:14 [S53-F2-CERT]     outside the poll set: y2035__n7_p1_e4 I=791958.0613973888 -> not_evaluated
08:49:14 [S53-F2-CERT]     outside the poll set: y2035__n7_p1_e4__n9_p0.25_e0.5 I=910903.6856391708 -> not_evaluated
08:49:14 [S53-F2-CERT]     outside the poll set: y2030__n7_p1.25_e3 I=803696.10897311 -> not_evaluated
08:49:14 [S53-F2-CERT]     outside the poll set: y2035__n7_p1.25_e3 I=673772.012316475 -> not_evaluated
08:49:14 [S53-F2-CERT]     outside the poll set: y2030__n7_p1.25_e3__n9_p0.25_e0.5 I=945578.1308366059 -> not_evaluated
08:49:14 [S53-F2-CERT]     outside the poll set: y2035__n7_p1.25_e3__n9_p0.25_e0.5 I=792717.636558257 -> not_evaluated
08:49:14 [S53-F2-CERT]     outside the poll set: y2030__n7_p1.25_e3.5 I=897982.1086287401 -> not_evaluated
08:49:14 [S53-F2-CERT]     outside the poll set: y2035__n7_p1.25_e3.5 I=752815.9034240403 -> not_evaluated
08:49:14 [S53-F2-CERT]     outside the poll set: y2035__n7_p1.25_e3.5__n9_p0.25_e0.5 I=871761.5276658223 -> not_evaluated
08:49:14 [S53-F2-CERT]     outside the poll set: y2030__n7_p1.25_e4 I=992268.1082843702 -> not_evaluated
08:49:14 [S53-F2-CERT]     outside the poll set: y2035__n7_p1.25_e4 I=831859.7945316056 -> not_evaluated
08:49:14 [S53-F2-CERT]     outside the poll set: y2035__n7_p1.25_e4__n9_p0.25_e0.5 I=950805.4187733876 -> not_evaluated
08:49:14 [S53-F2-CERT]     outside the poll set: y2035__n5_p0.25_e0.5__n7_p0.75_e3 I=712914.1702898236 -> not_evaluated
08:49:14 [S53-F2-CERT]     outside the poll set: y2030__n5_p0.25_e0.5__n7_p0.75_e3__n9_p0.25_e0.5 I=992268.1082843702 -> cached_indeterminate
08:49:14 [S53-F2-CERT]     outside the poll set: y2035__n5_p0.25_e0.5__n7_p0.75_e3__n9_p0.25_e0.5 I=831859.7945316056 -> not_evaluated
08:49:14 [S53-F2-CERT]     outside the poll set: y2035__n5_p0.25_e0.5__n7_p1_e3__n9_p0.25_e0.5 I=871761.5276658223 -> not_evaluated
08:49:14 [S53-F2-CERT]     outside the poll set: y2035__n5_p0.25_e0.5__n7_p1_e3.5 I=831859.7945316056 -> not_evaluated
08:49:14 [S53-F2-CERT]     outside the poll set: y2035__n5_p0.25_e0.5__n7_p1_e3.5__n9_p0.25_e0.5 I=950805.4187733876 -> not_evaluated
08:49:14 [S53-F2-CERT]     outside the poll set: y2035__n5_p0.25_e0.5__n7_p1.25_e3 I=792717.636558257 -> not_evaluated
08:49:14 [S53-F2-CERT]     outside the poll set: y2035__n5_p0.25_e0.5__n7_p1.25_e3__n9_p0.25_e0.5 I=911663.260800039 -> not_evaluated
08:49:14 [S53-F2-CERT]     outside the poll set: y2035__n5_p0.25_e0.5__n7_p1.25_e3.5 I=871761.5276658223 -> not_evaluated
08:49:14 [S53-F2-CERT]     outside the poll set: y2035__n5_p0.25_e0.5__n7_p1.25_e3.5__n9_p0.25_e0.5 I=990707.1519076043 -> not_evaluated
08:49:14 [S53-F2-CERT]     outside the poll set: y2035__n5_p0.25_e0.5__n7_p1.25_e4 I=950805.4187733876 -> not_evaluated
08:49:14 [S53-F2-CERT]     outside the poll set: y2030__n5_p0.25_e1__n7_p0.75_e3 I=944672.0860765043 -> not_evaluated
08:49:14 [S53-F2-CERT]     outside the poll set: y2035__n5_p0.25_e1__n7_p0.75_e3 I=791958.0613973888 -> not_evaluated
08:49:14 [S53-F2-CERT]     outside the poll set: y2035__n5_p0.25_e1__n7_p0.75_e3__n9_p0.25_e0.5 I=910903.6856391708 -> not_evaluated
08:49:14 [S53-F2-CERT]     outside the poll set: y2035__n5_p0.25_e1__n7_p1_e3__n9_p0.25_e0.5 I=950805.4187733874 -> not_evaluated
08:49:14 [S53-F2-CERT]     outside the poll set: y2035__n5_p0.25_e1__n7_p1_e3.5 I=910903.6856391707 -> not_evaluated
08:49:14 [S53-F2-CERT]     outside the poll set: y2035__n5_p0.25_e1__n7_p1.25_e3 I=871761.5276658223 -> not_evaluated
08:49:14 [S53-F2-CERT]     outside the poll set: y2035__n5_p0.25_e1__n7_p1.25_e3__n9_p0.25_e0.5 I=990707.1519076043 -> not_evaluated
08:49:14 [S53-F2-CERT]     outside the poll set: y2035__n5_p0.25_e1__n7_p1.25_e3.5 I=950805.4187733876 -> not_evaluated
08:49:14 [S53-F2-CERT]     outside the poll set: y2030__n5_p0.5_e1__n7_p0.75_e3 I=992268.1082843703 -> not_evaluated
08:49:14 [S53-F2-CERT]     outside the poll set: y2035__n5_p0.5_e1__n7_p0.75_e3 I=831859.7945316054 -> not_evaluated
08:49:14 [S53-F2-CERT]     outside the poll set: y2035__n5_p0.5_e1__n7_p0.75_e3__n9_p0.25_e0.5 I=950805.4187733874 -> not_evaluated
08:49:14 [S53-F2-CERT]     outside the poll set: y2035__n5_p0.5_e1__n7_p1_e3 I=871761.5276658222 -> not_evaluated
08:49:14 [S53-F2-CERT]     outside the poll set: y2035__n5_p0.5_e1__n7_p1_e3__n9_p0.25_e0.5 I=990707.1519076042 -> not_evaluated
08:49:14 [S53-F2-CERT]     outside the poll set: y2035__n5_p0.5_e1__n7_p1_e3.5 I=950805.4187733874 -> not_evaluated
08:49:14 [S53-F2-CERT]     outside the poll set: y2035__n5_p0.5_e1__n7_p1.25_e3 I=911663.2608000389 -> not_evaluated
08:49:14 [S53-F2-CERT]     outside the poll set: y2035__n5_p0.5_e1__n7_p1.25_e3.5 I=990707.1519076042 -> not_evaluated
08:49:14 [S53-F2-CERT]   CACHED BOX NEIGHBOURS outside the poll set (W50 ruling 2): n=7 {'better': 0, 'worse': 5, 'indeterminate': 2, 'barrier': 0}
08:49:14 [S53-F2-CERT]     y2025__n7_p0.75_e3: F=810889875.3127581 F-F_inc=102117.05680727959 resolution=18449.663947025518 (bar_x=1196.60147190094 bar_inc=2248.5940684080124 sigma_Q=18449.663947025518) -> WORSE (A4 poll outcome: no_improvement; source s51_f2_ladder)
08:49:14 [S53-F2-CERT]     y2030__n7_p0.75_e3: F=810848417.6242185 F-F_inc=60659.36826765537 resolution=18449.663947025518 (bar_x=11989.033246278763 bar_inc=2248.5940684080124 sigma_Q=18449.663947025518) -> WORSE (A4 poll outcome: no_improvement; source s51_f2_phase_b)
08:49:14 [S53-F2-CERT]     y2030__n7_p0.75_e3__n9_p0.25_e0.5: F=810822513.2980026 F-F_inc=34755.042051792145 resolution=18449.663947025518 (bar_x=1081.746101617813 bar_inc=2248.5940684080124 sigma_Q=18449.663947025518) -> WORSE (A4 poll outcome: no_improvement; source s51_f2_phase_b)
08:49:14 [S53-F2-CERT]     y2030__n7_p1_e3: F=810837312.9210001 F-F_inc=49554.6650493145 resolution=18449.663947025518 (bar_x=1242.0573258399963 bar_inc=2248.5940684080124 sigma_Q=18449.663947025518) -> WORSE (A4 poll outcome: no_improvement; source s51_f2_phase_b)
08:49:14 [S53-F2-CERT]     y2030__n7_p1_e3__n9_p0.25_e0.5: F=810819817.8573316 F-F_inc=32059.601380825043 resolution=18449.663947025518 (bar_x=2444.070065498352 bar_inc=2248.5940684080124 sigma_Q=18449.663947025518) -> WORSE (A4 poll outcome: no_improvement; source s51_f2_phase_b)
08:49:14 [S53-F2-CERT]     y2030__n7_p1_e3.5__n9_p0.25_e0.5: F=810793342.3913618 F-F_inc=5584.135411024094 resolution=18449.663947025518 (bar_x=6750.284273982048 bar_inc=2248.5940684080124 sigma_Q=18449.663947025518) -> INDETERMINATE (A4 poll outcome: no_improvement; source s51_f2_phase_b)
08:49:14 [S53-F2-CERT]     y2030__n5_p0.25_e0.5__n7_p0.75_e3__n9_p0.25_e0.5: F=810798435.4814581 F-F_inc=10677.225507259369 resolution=18449.663947025518 (bar_x=1836.4507006406784 bar_inc=2248.5940684080124 sigma_Q=18449.663947025518) -> INDETERMINATE (A4 poll outcome: no_improvement; source s51_f2_phase_b)
08:49:14 [S53-F2-CERT] cached box neighbours of the incumbent (ALL, poll set included; W50 ruling 2 stop test): n=10 {'better': 0, 'worse': 8, 'indeterminate': 2, 'barrier': 0} determinately better=[]
08:49:14 [S53-F2-CERT] DRY RUN (full record, zero solves): {"complete_without_new_evaluations": false, "first_evaluating_poll": {"poll_index": 4, "halton_t": 21, "Delta": 1, "incumbent": "y2030__n5_p0.25_e0.5__n7_p1_e3.5", "directions": [[1, 0, 0, 0, 0, 0, 0], [0, 1, 0, -1, 1, 0, 0], [0, 0, 1, 0, 0, 0, 0], [0, -1, 0, 1, 1, 0, -1], [0, 1, 0, 1, 1, 0, 1], [0, 0, 0, 0, 0, 1, 0], [0, 0, 0, -1, 0, 0, 1], [-1, 0, 0, 0, 0, 0, 0], [0, -1, 0, 1, -1, 0, 0], [0, 0, -1, 0, 0, 0, 0], [0, 1, 0, -1, -1, 0, 1], [0, -1, 0, -1, -1, 0, -1], [0, 0, 0, 0, 0, -1, 0], [0, 0, 0, 1, 0, 0, -1]], "snap_table": [{"direction_index": 0, "direction": [1, 0, 0, 0, 0, 0, 0], "rounded_z": [2, 1, 4, 7, 0, 0, 1], "rounded_feasible": false, "rounded_label": null, "rounded_infeasibility_reasons": ["duration: node 5 E/P = 1 h outside [2, 4] h"], "result": "snapped", "snapped_z": [1, 1, 4, 6, 0, 0, 1], "snapped_label": "y2030__n5_p0.25_e0.5__n7_p1_e3", "snap_l1": 2, "snap_linf": 1, "snapped_linf_from_incumbent": 1, "n_tied_at_min_l1": 3, "tied_at_min_l1": [{"label": "y2030__n5_p0.25_e0.5__n7_p1_e3", "linf_to_rounded": 1, "l1_to_incumbent": 1, "same_year_as_incumbent": true, "I_x_eur": 897982.1086287401}, {"label": "y2035__n5_p0.25_e0.5__n7_p1_e3.5", "linf_to_rounded": 1, "l1_to_incumbent": 1, "same_year_as_incumbent": false, "I_x_eur": 831859.7945316056}, {"label": "y2035__n5_p0.5_e1__n7_p1_e3.5", "linf_to_rounded": 1, "l1_to_incumbent": 3, "same_year_as_incumbent": false, "I_x_eur": 950805.4187733874}], "decided_by": "same_year_as_incumbent"}, {"direction_index": 1, "direction": [0, 1, 0, -1, 1, 0, 0], "rounded_z": [1, 2, 4, 6, 1, 0, 1], "rounded_feasible": false, "rounded_label": null, "rounded_infeasibility_reasons": ["duration: node 9 P = 0 <=> E = 0 violated (P=0.25, E=0)"], "result": "snapped", "snapped_z": [1, 2, 4, 6, 0, 0, 1], "snapped_label": "y2030__n5_p0.25_e1__n7_p1_e3", "snap_l1": 1, "snap_linf": 1, "snapped_linf_from_incumbent": 1, "n_tied_at_min_l1": 1, "tied_at_min_l1": [{"label": "y2030__n5_p0.25_e1__n7_p1_e3", "linf_to_rounded": 1, "l1_to_incumbent": 2, "same_year_as_incumbent": true, "I_x_eur": 992268.1082843703}], "decided_by": "l1_to_rounded"}, {"direction_index": 2, "direction": [0, 0, 1, 0, 0, 0, 0], "rounded_z": [1, 1, 5, 7, 0, 0, 1], "rounded_feasible": false, "rounded_label": null, "rounded_infeasibility_reasons": ["budget: I(x) = 1039864.13 > B = 1e+06"], "result": "snapped", "snapped_z": [1, 1, 5, 6, 0, 0, 1], "snapped_label": "y2030__n5_p0.25_e0.5__n7_p1.25_e3", "snap_l1": 1, "snap_linf": 1, "snapped_linf_from_incumbent": 1, "n_tied_at_min_l1": 2, "tied_at_min_l1": [{"label": "y2030__n5_p0.25_e0.5__n7_p1.25_e3", "linf_to_rounded": 1, "l1_to_incumbent": 2, "same_year_as_incumbent": true, "I_x_eur": 945578.1308366059}, {"label": "y2035__n5_p0.25_e0.5__n7_p1.25_e3.5", "linf_to_rounded": 1, "l1_to_incumbent": 2, "same_year_as_incumbent": false, "I_x_eur": 871761.5276658223}], "decided_by": "same_year_as_incumbent"}, {"direction_index": 3, "direction": [0, -1, 0, 1, 1, 0, -1], "rounded_z": [1, 0, 4, 8, 1, 0, 0], "rounded_feasible": false, "rounded_label": null, "rounded_infeasibility_reasons": ["duration: node 5 P = 0 <=> E = 0 violated (P=0.25, E=0)", "duration: node 9 P = 0 <=> E = 0 violated (P=0.25, E=0)"], "result": "snapped", "snapped_z": [0, 0, 4, 8, 0, 0, 1], "snapped_label": "y2030__n7_p1_e4", "snap_l1": 3, "snap_linf": 1, "snapped_linf_from_incumbent": 1, "n_tied_at_min_l1": 1, "tied_at_min_l1": [{"label": "y2030__n7_p1_e4", "linf_to_rounded": 1, "l1_to_incumbent": 3, "same_year_as_incumbent": true, "I_x_eur": 944672.0860765043}], "decided_by": "l1_to_rounded"}, {"direction_index": 4, "direction": [0, 1, 0, 1, 1, 0, 1], "rounded_z": [1, 2, 4, 8, 1, 0, 2], "rounded_feasible": false, "rounded_label": null, "rounded_infeasibility_reasons": ["duration: node 9 P = 0 <=> E = 0 violated (P=0.25, E=0)"], "result": "snapped", "snapped_z": [1, 2, 4, 8, 0, 0, 2], "snapped_label": "y2035__n5_p0.25_e1__n7_p1_e4", "snap_l1": 1, "snap_linf": 1, "snapped_linf_from_incumbent": 1, "n_tied_at_min_l1": 1, "tied_at_min_l1": [{"label": "y2035__n5_p0.25_e1__n7_p1_e4", "linf_to_rounded": 1, "l1_to_incumbent": 3, "same_year_as_incumbent": false, "I_x_eur": 989947.576746736}], "decided_by": "l1_to_rounded"}, {"direction_index": 5, "direction": [0, 0, 0, 0, 0, 1, 0], "rounded_z": [1, 1, 4, 7, 0, 1, 1], "rounded_feasible": false, "rounded_label": null, "rounded_infeasibility_reasons": ["duration: node 9 P = 0 <=> E = 0 violated (P=0, E=0.5)"], "result": "snapped", "snapped_z": [1, 1, 4, 6, 0, 0, 1], "snapped_label": "y2030__n5_p0.25_e0.5__n7_p1_e3", "snap_l1": 2, "snap_linf": 1, "snapped_linf_from_incumbent": 1, "n_tied_at_min_l1": 3, "tied_at_min_l1": [{"label": "y2030__n5_p0.25_e0.5__n7_p1_e3", "linf_to_rounded": 1, "l1_to_incumbent": 1, "same_year_as_incumbent": true, "I_x_eur": 897982.1086287401}, {"label": "y2035__n5_p0.25_e0.5__n7_p1_e3.5", "linf_to_rounded": 1, "l1_to_incumbent": 1, "same_year_as_incumbent": false, "I_x_eur": 831859.7945316056}, {"label": "y2035__n5_p0.25_e0.5__n7_p1_e3.5__n9_p0.25_e0.5", "linf_to_rounded": 1, "l1_to_incumbent": 3, "same_year_as_incumbent": false, "I_x_eur": 950805.4187733876}], "decided_by": "same_year_as_incumbent"}, {"direction_index": 6, "direction": [0, 0, 0, -1, 0, 0, 1], "rounded_z": [1, 1, 4, 6, 0, 0, 2], "rounded_feasible": true, "rounded_label": "y2035__n5_p0.25_e0.5__n7_p1_e3", "rounded_infeasibility_reasons": [], "result": "feasible_as_rounded", "snapped_z": null, "snapped_label": null, "snap_l1": null, "snap_linf": null, "snapped_linf_from_incumbent": null, "n_tied_at_min_l1": null, "tied_at_min_l1": [], "decided_by": null}, {"direction_index": 7, "direction": [-1, 0, 0, 0, 0, 0, 0], "rounded_z": [0, 1, 4, 7, 0, 0, 1], "rounded_feasible": false, "rounded_label": null, "rounded_infeasibility_reasons": ["duration: node 5 P = 0 <=> E = 0 violated (P=0, E=0.5)"], "result": "snapped", "snapped_z": [0, 0, 4, 7, 0, 0, 1], "snapped_label": "y2030__n7_p1_e3.5", "snap_l1": 1, "snap_linf": 1, "snapped_linf_from_incumbent": 1, "n_tied_at_min_l1": 1, "tied_at_min_l1": [{"label": "y2030__n7_p1_e3.5", "linf_to_rounded": 1, "l1_to_incumbent": 2, "same_year_as_incumbent": true, "I_x_eur": 850386.0864208742}], "decided_by": "l1_to_rounded"}, {"direction_index": 8, "direction": [0, -1, 0, 1, -1, 0, 0], "rounded_z": [1, 0, 4, 8, -1, 0, 1], "rounded_feasible": false, "rounded_label": null, "rounded_infeasibility_reasons": ["duration: node 5 P = 0 <=> E = 0 violated (P=0.25, E=0)", "bound: node 9 negative capacity (P=-0.25, E=0)"], "result": "snapped", "snapped_z": [0, 0, 4, 8, 0, 0, 1], "snapped_label": "y2030__n7_p1_e4", "snap_l1": 2, "snap_linf": 1, "snapped_linf_from_incumbent": 1, "n_tied_at_min_l1": 1, "tied_at_min_l1": [{"label": "y2030__n7_p1_e4", "linf_to_rounded": 1, "l1_to_incumbent": 3, "same_year_as_incumbent": true, "I_x_eur": 944672.0860765043}], "decided_by": "l1_to_rounded"}, {"direction_index": 9, "direction": [0, 0, -1, 0, 0, 0, 0], "rounded_z": [1, 1, 3, 7, 0, 0, 1], "rounded_feasible": false, "rounded_label": null, "rounded_infeasibility_reasons": ["duration: node 7 E/P = 4.66667 h outside [2, 4] h"], "result": "snapped", "snapped_z": [1, 1, 3, 6, 0, 0, 1], "snapped_label": "y2030__n5_p0.25_e0.5__n7_p0.75_e3", "snap_l1": 1, "snap_linf": 1, "snapped_linf_from_incumbent": 1, "n_tied_at_min_l1": 1, "tied_at_min_l1": [{"label": "y2030__n5_p0.25_e0.5__n7_p0.75_e3", "linf_to_rounded": 1, "l1_to_incumbent": 2, "same_year_as_incumbent": true, "I_x_eur": 850386.0864208742}], "decided_by": "l1_to_rounded"}, {"direction_index": 10, "direction": [0, 1, 0, -1, -1, 0, 1], "rounded_z": [1, 2, 4, 6, -1, 0, 2], "rounded_feasible": false, "rounded_label": null, "rounded_infeasibility_reasons": ["bound: node 9 negative capacity (P=-0.25, E=0)"], "result": "snapped", "snapped_z": [1, 2, 4, 6, 0, 0, 2], "snapped_label": "y2035__n5_p0.25_e1__n7_p1_e3", "snap_l1": 1, "snap_linf": 1, "snapped_linf_from_incumbent": 1, "n_tied_at_min_l1": 1, "tied_at_min_l1": [{"label": "y2035__n5_p0.25_e1__n7_p1_e3", "linf_to_rounded": 1, "l1_to_incumbent": 3, "same_year_as_incumbent": false, "I_x_eur": 831859.7945316054}], "decided_by": "l1_to_rounded"}, {"direction_index": 11, "direction": [0, -1, 0, -1, -1, 0, -1], "rounded_z": [1, 0, 4, 6, -1, 0, 0], "rounded_feasible": false, "rounded_label": null, "rounded_infeasibility_reasons": ["duration: node 5 P = 0 <=> E = 0 violated (P=0.25, E=0)", "bound: node 9 negative capacity (P=-0.25, E=0)"], "result": "snapped", "snapped_z": [1, 1, 4, 6, 0, 0, 1], "snapped_label": "y2030__n5_p0.25_e0.5__n7_p1_e3", "snap_l1": 3, "snap_linf": 1, "snapped_linf_from_incumbent": 1, "n_tied_at_min_l1": 3, "tied_at_min_l1": [{"label": "y2030__n5_p0.25_e0.5__n7_p1_e3", "linf_to_rounded": 1, "l1_to_incumbent": 1, "same_year_as_incumbent": true, "I_x_eur": 897982.1086287401}, {"label": "y2030__n7_p1_e3", "linf_to_rounded": 1, "l1_to_incumbent": 3, "same_year_as_incumbent": true, "I_x_eur": 756100.0867652441}, {"label": "y2025__n7_p0.75_e3", "linf_to_rounded": 1, "l1_to_incumbent": 5, "same_year_as_incumbent": false, "I_x_eur": 953871.0255106755}], "decided_by": "l1_to_incumbent"}, {"direction_index": 12, "direction": [0, 0, 0, 0, 0, -1, 0], "rounded_z": [1, 1, 4, 7, 0, -1, 1], "rounded_feasible": false, "rounded_label": null, "rounded_infeasibility_reasons": ["bound: node 9 negative capacity (P=0, E=-0.5)"], "result": "snapped", "snapped_z": [1, 1, 4, 6, 0, 0, 1], "snapped_label": "y2030__n5_p0.25_e0.5__n7_p1_e3", "snap_l1": 2, "snap_linf": 1, "snapped_linf_from_incumbent": 1, "n_tied_at_min_l1": 2, "tied_at_min_l1": [{"label": "y2030__n5_p0.25_e0.5__n7_p1_e3", "linf_to_rounded": 1, "l1_to_incumbent": 1, "same_year_as_incumbent": true, "I_x_eur": 897982.1086287401}, {"label": "y2035__n5_p0.25_e0.5__n7_p1_e3.5", "linf_to_rounded": 1, "l1_to_incumbent": 1, "same_year_as_incumbent": false, "I_x_eur": 831859.7945316056}], "decided_by": "same_year_as_incumbent"}, {"direction_index": 13, "direction": [0, 0, 0, 1, 0, 0, -1], "rounded_z": [1, 1, 4, 8, 0, 0, 0], "rounded_feasible": false, "rounded_label": null, "rounded_infeasibility_reasons": ["budget: I(x) = 1462846.20 > B = 1e+06"], "result": "snapped", "snapped_z": [1, 1, 4, 8, 0, 0, 2], "snapped_label": "y2035__n5_p0.25_e0.5__n7_p1_e4", "snap_l1": 2, "snap_linf": 2, "snapped_linf_from_incumbent": 1, "n_tied_at_min_l1": 1, "tied_at_min_l1": [{"label": "y2035__n5_p0.25_e0.5__n7_p1_e4", "linf_to_rounded": 2, "l1_to_incumbent": 2, "same_year_as_incumbent": false, "I_x_eur": 910903.6856391708}], "decided_by": "l1_to_rounded"}], "n_distinct_feasible_poll_points": 10, "completion_triggered": false, "completion_n_feasible": null, "candidates": [{"part": "direction_snapped", "j": 0, "label": "y2030__n5_p0.25_e0.5__n7_p1_e3", "disposition": "cache_hit", "I_x_eur": 897982.1086287401, "cache_source": "s51_f2_phase_b"}, {"part": "direction_snapped", "j": 1, "label": "y2030__n5_p0.25_e1__n7_p1_e3", "disposition": "new_evaluation", "I_x_eur": 992268.1082843703, "cache_source": null}, {"part": "direction_snapped", "j": 2, "label": "y2030__n5_p0.25_e0.5__n7_p1.25_e3", "disposition": "new_evaluation", "I_x_eur": 945578.1308366059, "cache_source": null}, {"part": "direction_snapped", "j": 3, "label": "y2030__n7_p1_e4", "disposition": "new_evaluation", "I_x_eur": 944672.0860765043, "cache_source": null}, {"part": "direction_snapped", "j": 4, "label": "y2035__n5_p0.25_e1__n7_p1_e4", "disposition": "new_evaluation", "I_x_eur": 989947.576746736, "cache_source": null}, {"part": "direction_snapped", "j": 5, "label": "y2030__n5_p0.25_e0.5__n7_p1_e3", "disposition": "duplicate_of_direction_0", "I_x_eur": 897982.1086287401, "cache_source": null}, {"part": "direction", "j": 6, "label": "y2035__n5_p0.25_e0.5__n7_p1_e3", "disposition": "new_evaluation", "I_x_eur": 752815.9034240403, "cache_source": null}, {"part": "direction_snapped", "j": 7, "label": "y2030__n7_p1_e3.5", "disposition": "cache_hit", "I_x_eur": 850386.0864208742, "cache_source": "s51_f2_phase_b"}, {"part": "direction_snapped", "j": 8, "label": "y2030__n7_p1_e4", "disposition": "duplicate_of_direction_3", "I_x_eur": 944672.0860765043, "cache_source": null}, {"part": "direction_snapped", "j": 9, "label": "y2030__n5_p0.25_e0.5__n7_p0.75_e3", "disposition": "cache_hit", "I_x_eur": 850386.0864208742, "cache_source": "s51_f2_phase_b"}, {"part": "direction_snapped", "j": 10, "label": "y2035__n5_p0.25_e1__n7_p1_e3", "disposition": "new_evaluation", "I_x_eur": 831859.7945316054, "cache_source": null}, {"part": "direction_snapped", "j": 11, "label": "y2030__n5_p0.25_e0.5__n7_p1_e3", "disposition": "duplicate_of_direction_0", "I_x_eur": 897982.1086287401, "cache_source": null}, {"part": "direction_snapped", "j": 12, "label": "y2030__n5_p0.25_e0.5__n7_p1_e3", "disposition": "duplicate_of_direction_0", "I_x_eur": 897982.1086287401, "cache_source": null}, {"part": "direction_snapped", "j": 13, "label": "y2035__n5_p0.25_e0.5__n7_p1_e4", "disposition": "new_evaluation", "I_x_eur": 910903.6856391708, "cache_source": null}], "n_cache_hits": 3, "n_new_evaluations": 7, "new_evaluations": [{"label": "y2030__n5_p0.25_e1__n7_p1_e3", "poll_part": "direction_snapped", "direction_index": 1, "I_x_eur": 992268.1082843703}, {"label": "y2030__n5_p0.25_e0.5__n7_p1.25_e3", "poll_part": "direction_snapped", "direction_index": 2, "I_x_eur": 945578.1308366059}, {"label": "y2030__n7_p1_e4", "poll_part": "direction_snapped", "direction_index": 3, "I_x_eur": 944672.0860765043}, {"label": "y2035__n5_p0.25_e1__n7_p1_e4", "poll_part": "direction_snapped", "direction_index": 4, "I_x_eur": 989947.576746736}, {"label": "y2035__n5_p0.25_e0.5__n7_p1_e3", "poll_part": "direction", "direction_index": 6, "I_x_eur": 752815.9034240403}, {"label": "y2035__n5_p0.25_e1__n7_p1_e3", "poll_part": "direction_snapped", "direction_index": 10, "I_x_eur": 831859.7945316054}, {"label": "y2035__n5_p0.25_e0.5__n7_p1_e4", "poll_part": "direction_snapped", "direction_index": 13, "I_x_eur": 910903.6856391708}], "batch_sizes": [5, 2], "poll_set_spanning": {"n_vectors": 10, "rank": 5, "zero_strictly_interior": false, "positively_spans_R7": false, "signed_unit_vectors_not_in_cone": ["+zP5", "+zE5", "-zE5", "+zP7", "-zP7", "+zE7", "+zP9", "-zP9", "+zE9", "-zE9", "-zY"], "method": "rank: numpy.linalg.matrix_rank; positive spanning: rank == 7 and linprog(A_eq = D, b_eq = 0, lambda >= 1) feasible (HiGHS); cone membership of +-e_i: linprog(A_eq = D, b_eq = e_i, lambda >= 0)"}, "decision": null}, "earlier_polls": [], "certificate_scope_if_this_poll_fails": {"claim": "poll failure over the recorded poll set at unit mesh, NOT a positive-spanning-set certificate, NOT the full-box certificate", "positive_spanning_set_certificate": false, "full_box_certificate": false, "statement": "The claim is poll failure over the recorded poll set at unit mesh, NOT a positive-spanning-set certificate, NOT the full-box certificate. The incumbent y2030__n5_p0.25_e0.5__n7_p1_e3.5 is NOT interior: nodes at the lower bound (zero capacity) [9], budget slack 7731.89 EUR of 1e+06, 2 of 14 signed unit steps feasible. The poll displacement set (10 vectors) has rank 5 and does NOT positively span R^7; the full feasible box (61 points) has rank 6 and does NOT positively span R^7. 51 of 61 feasible box neighbours lie outside the poll set: 7 in the cache ({'better': 0, 'worse': 5, 'indeterminate': 2, 'barrier': 0}), 44 not evaluated.", "incumbent_position": {"definition": "interior = every signed unit step inc +- e_i (the 7 coordinates) is bound-, rule- and budget-feasible", "interior": false, "signed_unit_steps": [{"step": "+zP5", "feasible": false, "reasons": ["duration: node 5 E/P = 1 h outside [2, 4] h"]}, {"step": "-zP5", "feasible": false, "reasons": ["duration: node 5 P = 0 <=> E = 0 violated (P=0, E=0.5)"]}, {"step": "+zE5", "feasible": false, "reasons": ["budget: I(x) = 1086554.11 > B = 1e+06"]}, {"step": "-zE5", "feasible": false, "reasons": ["duration: node 5 P = 0 <=> E = 0 violated (P=0.25, E=0)"]}, {"step": "+zP7", "feasible": false, "reasons": ["budget: I(x) = 1039864.13 > B = 1e+06"]}, {"step": "-zP7", "feasible": false, "reasons": ["duration: node 7 E/P = 4.66667 h outside [2, 4] h"]}, {"step": "+zE7", "feasible": false, "reasons": ["budget: I(x) = 1086554.11 > B = 1e+06"]}, {"step": "-zE7", "feasible": true, "reasons": []}, {"step": "+zP9", "feasible": false, "reasons": ["duration: node 9 P = 0 <=> E = 0 violated (P=0.25, E=0)"]}, {"step": "-zP9", "feasible": false, "reasons": ["bound: node 9 negative capacity (P=-0.25, E=0)"]}, {"step": "+zE9", "feasible": false, "reasons": ["duration: node 9 P = 0 <=> E = 0 violated (P=0, E=0.5)"]}, {"step": "-zE9", "feasible": false, "reasons": ["bound: node 9 negative capacity (P=0, E=-0.5)"]}, {"step": "+zY", "feasible": true, "reasons": []}, {"step": "-zY", "feasible": false, "reasons": ["budget: I(x) = 1335907.37 > B = 1e+06"]}], "n_feasible_signed_unit_steps": 2, "nodes_at_lower_bound": [9], "year_index": 1, "year": 2030, "I_x_eur": 992268.1082843702, "budget_eur": 1000000.0, "budget_slack_eur": 7731.891715629841, "raw_box_offsets_rejected_by_class": {"bound": 1215, "duration": 1599, "budget": 106}, "n_raw_box_offsets": 2186, "n_box_budget_rejected_points": 106}, "poll_set_spanning": {"n_vectors": 10, "rank": 5, "zero_strictly_interior": false, "positively_spans_R7": false, "signed_unit_vectors_not_in_cone": ["+zP5", "+zE5", "-zE5", "+zP7", "-zP7", "+zE7", "+zP9", "-zP9", "+zE9", "-zE9", "-zY"], "method": "rank: numpy.linalg.matrix_rank; positive spanning: rank == 7 and linprog(A_eq = D, b_eq = 0, lambda >= 1) feasible (HiGHS); cone membership of +-e_i: linprog(A_eq = D, b_eq = e_i, lambda >= 0)"}, "full_box_spanning": {"n_vectors": 61, "rank": 6, "zero_strictly_interior": false, "positively_spans_R7": false, "signed_unit_vectors_not_in_cone": ["+zP5", "+zE5", "-zE5", "+zP7", "+zE7", "+zP9", "-zP9", "+zE9", "-zE9", "-zY"], "method": "rank: numpy.linalg.matrix_rank; positive spanning: rank == 7 and linprog(A_eq = D, b_eq = 0, lambda >= 1) feasible (HiGHS); cone membership of +-e_i: linprog(A_eq = D, b_eq = e_i, lambda >= 0)"}, "n_box_neighbours_feasible": 61, "n_box_neighbours_in_poll_set": 10, "n_box_neighbours_outside_poll_set": 51, "box_neighbours_outside_poll_set": [{"label": "y2025__n7_p0.75_e3", "eval_key": "f3aa335e6c1eda6950712aec00aff122d4578760f0dd02ff64996b95998eaace", "z": [0, 0, 3, 6, 0, 0, 0], "I_x_eur": 953871.0255106755, "status": "cached_worse"}, {"label": "y2030__n7_p0.75_e3", "eval_key": "8e4c220e4d03411bfb3caf8e5c50fc752addcf737b582d73faefcd86fada87c3", "z": [0, 0, 3, 6, 0, 0, 1], "I_x_eur": 708504.0645573783, "status": "cached_worse"}, {"label": "y2035__n7_p0.75_e3", "eval_key": "a6b8c6b496de1dff1620cc377c8e4a628d7476d077a0197b39256e13821629ca", "z": [0, 0, 3, 6, 0, 0, 2], "I_x_eur": 593968.5460480415, "status": "not_evaluated"}, {"label": "y2030__n7_p0.75_e3__n9_p0.25_e0.5", "eval_key": "7db09f6c11a99cd173cd4ed2a0e69b643ef689f974387d669a88936472f2b3cd", "z": [0, 0, 3, 6, 1, 1, 1], "I_x_eur": 850386.0864208742, "status": "cached_worse"}, {"label": "y2035__n7_p0.75_e3__n9_p0.25_e0.5", "eval_key": "885072bc686f7f427e6f3e5a66ee77890e5b49981762d766663e63f1336955aa", "z": [0, 0, 3, 6, 1, 1, 2], "I_x_eur": 712914.1702898236, "status": "not_evaluated"}, {"label": "y2030__n7_p1_e3", "eval_key": "76c7806434358b47dea377831341c3c9d3a25fe9a24c1ebcd8ae48010c86428b", "z": [0, 0, 4, 6, 0, 0, 1], "I_x_eur": 756100.0867652441, "status": "cached_worse"}, {"label": "y2035__n7_p1_e3", "eval_key": "56a92a954738d7ceaafe633ebd58e1edf083831979430c3a6293922e439de48c", "z": [0, 0, 4, 6, 0, 0, 2], "I_x_eur": 633870.2791822583, "status": "not_evaluated"}, {"label": "y2030__n7_p1_e3__n9_p0.25_e0.5", "eval_key": "45aa25a6d2a5945507c58ff8a3d3649f3d771a9d597e9f38dbd425c7e677d2c6", "z": [0, 0, 4, 6, 1, 1, 1], "I_x_eur": 897982.1086287401, "status": "cached_worse"}, {"label": "y2035__n7_p1_e3__n9_p0.25_e0.5", "eval_key": "8cb3753f68489cbf5487fb0490313a9cb3f9cbb165d44e1e7a0570c33e7db5f1", "z": [0, 0, 4, 6, 1, 1, 2], "I_x_eur": 752815.9034240403, "status": "not_evaluated"}, {"label": "y2035__n7_p1_e3.5", "eval_key": "e2a4c19ac71f33ef903888810174e276837970ac29feab85af64b68113dbe88c", "z": [0, 0, 4, 7, 0, 0, 2], "I_x_eur": 712914.1702898236, "status": "not_evaluated"}, {"label": "y2030__n7_p1_e3.5__n9_p0.25_e0.5", "eval_key": "7c45555407d8f3e8b08ef3ad85bebf3509918fee21d044e3fcc3a6690eb4bbec", "z": [0, 0, 4, 7, 1, 1, 1], "I_x_eur": 992268.1082843702, "status": "cached_indeterminate"}, {"label": "y2035__n7_p1_e3.5__n9_p0.25_e0.5", "eval_key": "c14c36798dd1ea5f9eb58a869129083e62d273a351f1bb1b3aac17172512910d", "z": [0, 0, 4, 7, 1, 1, 2], "I_x_eur": 831859.7945316056, "status": "not_evaluated"}, {"label": "y2035__n7_p1_e4", "eval_key": "bf185e38816e1fd61de0ac7b61277256ebb91ee8b1ea1e3c4527105efdabca3f", "z": [0, 0, 4, 8, 0, 0, 2], "I_x_eur": 791958.0613973888, "status": "not_evaluated"}, {"label": "y2035__n7_p1_e4__n9_p0.25_e0.5", "eval_key": "266160b4c4c88106e4cb328873457f8187ec832034bcd4bc64cfe8fa0f37b454", "z": [0, 0, 4, 8, 1, 1, 2], "I_x_eur": 910903.6856391708, "status": "not_evaluated"}, {"label": "y2030__n7_p1.25_e3", "eval_key": "1dea52ab074021379afa888976a789fe984a2a6e8c250ae209a9eb19492a0a17", "z": [0, 0, 5, 6, 0, 0, 1], "I_x_eur": 803696.10897311, "status": "not_evaluated"}, {"label": "y2035__n7_p1.25_e3", "eval_key": "2dd6007337b47bfc74ac74b93d1b9b6ae2fd497153dfa279b048920a0a1e134d", "z": [0, 0, 5, 6, 0, 0, 2], "I_x_eur": 673772.012316475, "status": "not_evaluated"}, {"label": "y2030__n7_p1.25_e3__n9_p0.25_e0.5", "eval_key": "540e84bfbe7bf72078555f40fc2f84fe96e17beda31a5e6a6c372a0158d38f2e", "z": [0, 0, 5, 6, 1, 1, 1], "I_x_eur": 945578.1308366059, "status": "not_evaluated"}, {"label": "y2035__n7_p1.25_e3__n9_p0.25_e0.5", "eval_key": "8e4078ebea7a519d05450a2fe4f5690946b3526d8b07d795b4280ae1f5672296", "z": [0, 0, 5, 6, 1, 1, 2], "I_x_eur": 792717.636558257, "status": "not_evaluated"}, {"label": "y2030__n7_p1.25_e3.5", "eval_key": "ed75957bb76b6be2fe6e89356b2fd24f6ceaa705f46652f033be4e44b8fe0b83", "z": [0, 0, 5, 7, 0, 0, 1], "I_x_eur": 897982.1086287401, "status": "not_evaluated"}, {"label": "y2035__n7_p1.25_e3.5", "eval_key": "23ef7384c71496e555a040c9e4506df2c6fe00f1053cf69eb834418930ba0538", "z": [0, 0, 5, 7, 0, 0, 2], "I_x_eur": 752815.9034240403, "status": "not_evaluated"}, {"label": "y2035__n7_p1.25_e3.5__n9_p0.25_e0.5", "eval_key": "b5d9b9ca15849cc1b57e7ef3d43c72dc5c78875906ebc5b0b10eacd568348c3d", "z": [0, 0, 5, 7, 1, 1, 2], "I_x_eur": 871761.5276658223, "status": "not_evaluated"}, {"label": "y2030__n7_p1.25_e4", "eval_key": "1ba65834a7facbe2e4f8cedff7498aac0e95df0071de2f8543384a23bd1dcf37", "z": [0, 0, 5, 8, 0, 0, 1], "I_x_eur": 992268.1082843702, "status": "not_evaluated"}, {"label": "y2035__n7_p1.25_e4", "eval_key": "1f51ecf27b10716c53c290cd2da756e2c766549243285494597b2db6e8395e2f", "z": [0, 0, 5, 8, 0, 0, 2], "I_x_eur": 831859.7945316056, "status": "not_evaluated"}, {"label": "y2035__n7_p1.25_e4__n9_p0.25_e0.5", "eval_key": "553ae920e57ce5b2971e85c4c928372adbd1afd52139605dd1cdc4b70f4182f7", "z": [0, 0, 5, 8, 1, 1, 2], "I_x_eur": 950805.4187733876, "status": "not_evaluated"}, {"label": "y2035__n5_p0.25_e0.5__n7_p0.75_e3", "eval_key": "9bce12a4a5f497279cda05898c3d19a73eb2b57624db42d978fed98377f95aa9", "z": [1, 1, 3, 6, 0, 0, 2], "I_x_eur": 712914.1702898236, "status": "not_evaluated"}, {"label": "y2030__n5_p0.25_e0.5__n7_p0.75_e3__n9_p0.25_e0.5", "eval_key": "b2251bc53ca992aa50579a57ea15f54d939fd47ccbebaf078d8e7c36b300ea4e", "z": [1, 1, 3, 6, 1, 1, 1], "I_x_eur": 992268.1082843702, "status": "cached_indeterminate"}, {"label": "y2035__n5_p0.25_e0.5__n7_p0.75_e3__n9_p0.25_e0.5", "eval_key": "af58e7363ed92759fcfd90ab5dbf992bae6e038f8d64d95382b74677543413e5", "z": [1, 1, 3, 6, 1, 1, 2], "I_x_eur": 831859.7945316056, "status": "not_evaluated"}, {"label": "y2035__n5_p0.25_e0.5__n7_p1_e3__n9_p0.25_e0.5", "eval_key": "de84b5ca832fa6f628171b7c75dcf789b8bb040a09dc75f6fc179b2f23a026f2", "z": [1, 1, 4, 6, 1, 1, 2], "I_x_eur": 871761.5276658223, "status": "not_evaluated"}, {"label": "y2035__n5_p0.25_e0.5__n7_p1_e3.5", "eval_key": "8e310488717f436ae407b96b7887c3f389228ffbc60d2f1794d538784dbbaf68", "z": [1, 1, 4, 7, 0, 0, 2], "I_x_eur": 831859.7945316056, "status": "not_evaluated"}, {"label": "y2035__n5_p0.25_e0.5__n7_p1_e3.5__n9_p0.25_e0.5", "eval_key": "a6ed45ad414aed38f3f2668c28991d1817d30b19d7f1ce97d50c2b073c7c55b7", "z": [1, 1, 4, 7, 1, 1, 2], "I_x_eur": 950805.4187733876, "status": "not_evaluated"}, {"label": "y2035__n5_p0.25_e0.5__n7_p1.25_e3", "eval_key": "bbdd668772b46f61727f78a9be03bebeace54f5f7b3a5159e9926266a1127ddd", "z": [1, 1, 5, 6, 0, 0, 2], "I_x_eur": 792717.636558257, "status": "not_evaluated"}, {"label": "y2035__n5_p0.25_e0.5__n7_p1.25_e3__n9_p0.25_e0.5", "eval_key": "13fae6e6b69d13bcd666111420619fd6e2df3eecfc9b3a5afa103db99a590972", "z": [1, 1, 5, 6, 1, 1, 2], "I_x_eur": 911663.260800039, "status": "not_evaluated"}, {"label": "y2035__n5_p0.25_e0.5__n7_p1.25_e3.5", "eval_key": "0de427a2d5d8002a7e413528f6ab046adb6d7be41146c30be56a68c2e7c9cf11", "z": [1, 1, 5, 7, 0, 0, 2], "I_x_eur": 871761.5276658223, "status": "not_evaluated"}, {"label": "y2035__n5_p0.25_e0.5__n7_p1.25_e3.5__n9_p0.25_e0.5", "eval_key": "bd764da9d5c1e3a54345b016aba336ae33fe69463f4b7e81987823e250ae9477", "z": [1, 1, 5, 7, 1, 1, 2], "I_x_eur": 990707.1519076043, "status": "not_evaluated"}, {"label": "y2035__n5_p0.25_e0.5__n7_p1.25_e4", "eval_key": "708a8f8f458fbb8630ad8e35001af7ae8ecc7b51e3ff53f03d868b6f7367a885", "z": [1, 1, 5, 8, 0, 0, 2], "I_x_eur": 950805.4187733876, "status": "not_evaluated"}, {"label": "y2030__n5_p0.25_e1__n7_p0.75_e3", "eval_key": "6ec4e8fdaa74405c3cadbb3b8dfa8d7c646b129eeea6e06deb6b4ba5fd7cef0c", "z": [1, 2, 3, 6, 0, 0, 1], "I_x_eur": 944672.0860765043, "status": "not_evaluated"}, {"label": "y2035__n5_p0.25_e1__n7_p0.75_e3", "eval_key": "e74459ef24dff0bae97688227f5f5a5b36582f554284e497bd71ec7c7c0b1bc7", "z": [1, 2, 3, 6, 0, 0, 2], "I_x_eur": 791958.0613973888, "status": "not_evaluated"}, {"label": "y2035__n5_p0.25_e1__n7_p0.75_e3__n9_p0.25_e0.5", "eval_key": "170b488dec48fa8830f3ea462af55005684a364408b9c9a08c2894ad4a2454ca", "z": [1, 2, 3, 6, 1, 1, 2], "I_x_eur": 910903.6856391708, "status": "not_evaluated"}, {"label": "y2035__n5_p0.25_e1__n7_p1_e3__n9_p0.25_e0.5", "eval_key": "271a9ed99dc75c89d85fb651c47ab00c529d2f14fce2800426963e92a8d2fc48", "z": [1, 2, 4, 6, 1, 1, 2], "I_x_eur": 950805.4187733874, "status": "not_evaluated"}, {"label": "y2035__n5_p0.25_e1__n7_p1_e3.5", "eval_key": "2b196e694a22b0c451f9f1e103b0b214fcba0e13fa648f4bf7c12ed9f3bd42cd", "z": [1, 2, 4, 7, 0, 0, 2], "I_x_eur": 910903.6856391707, "status": "not_evaluated"}, {"label": "y2035__n5_p0.25_e1__n7_p1.25_e3", "eval_key": "078dd48b637b3aec77722fb4fc0ea8ca2c258d590912b7caaba206083909c905", "z": [1, 2, 5, 6, 0, 0, 2], "I_x_eur": 871761.5276658223, "status": "not_evaluated"}, {"label": "y2035__n5_p0.25_e1__n7_p1.25_e3__n9_p0.25_e0.5", "eval_key": "19f609f666d74eef97bd8c78abb1d1189199b57c5e91e7e65e919aa60be19a90", "z": [1, 2, 5, 6, 1, 1, 2], "I_x_eur": 990707.1519076043, "status": "not_evaluated"}, {"label": "y2035__n5_p0.25_e1__n7_p1.25_e3.5", "eval_key": "e7ebda9122ddaf0d8e81eb9b4b38ba999717d9d5148ed29ed09d2c109ba65ce5", "z": [1, 2, 5, 7, 0, 0, 2], "I_x_eur": 950805.4187733876, "status": "not_evaluated"}, {"label": "y2030__n5_p0.5_e1__n7_p0.75_e3", "eval_key": "e3a2cdb440f3b486484e2aa66819797c7900ecdc405db6bbf6ca80725ff6b886", "z": [2, 2, 3, 6, 0, 0, 1], "I_x_eur": 992268.1082843703, "status": "not_evaluated"}, {"label": "y2035__n5_p0.5_e1__n7_p0.75_e3", "eval_key": "cb3aa6117bce2c81e732be372a32f6a08f2b16be740bfe58ae3ba5dac7d1181a", "z": [2, 2, 3, 6, 0, 0, 2], "I_x_eur": 831859.7945316054, "status": "not_evaluated"}, {"label": "y2035__n5_p0.5_e1__n7_p0.75_e3__n9_p0.25_e0.5", "eval_key": "393304a73c18558277394d06450c4f2c2086fc6e8de4132348a34c3b308c4601", "z": [2, 2, 3, 6, 1, 1, 2], "I_x_eur": 950805.4187733874, "status": "not_evaluated"}, {"label": "y2035__n5_p0.5_e1__n7_p1_e3", "eval_key": "9242ff1316ef4c717b965dc848e18c24463395f66534ec82657cf53ccd07f95c", "z": [2, 2, 4, 6, 0, 0, 2], "I_x_eur": 871761.5276658222, "status": "not_evaluated"}, {"label": "y2035__n5_p0.5_e1__n7_p1_e3__n9_p0.25_e0.5", "eval_key": "fcec82a5e191da9b2277224964df87291f43cdbb2a445d17f2b6bf9b9c53c7a1", "z": [2, 2, 4, 6, 1, 1, 2], "I_x_eur": 990707.1519076042, "status": "not_evaluated"}, {"label": "y2035__n5_p0.5_e1__n7_p1_e3.5", "eval_key": "581bbcf3349929f3dbffdee3a37b7fd052b2463417f2da24d206244df661d159", "z": [2, 2, 4, 7, 0, 0, 2], "I_x_eur": 950805.4187733874, "status": "not_evaluated"}, {"label": "y2035__n5_p0.5_e1__n7_p1.25_e3", "eval_key": "993e4f49ab78d702af2763f0d6c5242b715ec13f902e762c658d8494ccbb5edd", "z": [2, 2, 5, 6, 0, 0, 2], "I_x_eur": 911663.2608000389, "status": "not_evaluated"}, {"label": "y2035__n5_p0.5_e1__n7_p1.25_e3.5", "eval_key": "a9faf913e36c2020c32232c0ac7206c195ab3d8618ae6f07e976aa220bf0272c", "z": [2, 2, 5, 7, 0, 0, 2], "I_x_eur": 990707.1519076042, "status": "not_evaluated"}], "n_outside_cached": 7, "n_outside_not_evaluated": 44, "outside_cached_counts_by_class": {"better": 0, "worse": 5, "indeterminate": 2, "barrier": 0}}, "cached_box_neighbours_outside_this_poll_set": {"rule": "every feasible box neighbour of the incumbent (||z - inc||_inf <= 1) in the cache and outside the poll set; comparison_vs_incumbent is SYMMETRIC: better if F(inc) - F(x) > res, worse if F(x) - F(inc) > res, otherwise INDETERMINATE (res = max(bar_x + bar_inc, sigma_Q)); poll_outcome_rule_A4 is PB.classify, recorded beside it", "n": 7, "counts_by_class": {"better": 0, "worse": 5, "indeterminate": 2, "barrier": 0}, "rows": [{"label": "y2025__n7_p0.75_e3", "eval_key": "f3aa335e6c1eda6950712aec00aff122d4578760f0dd02ff64996b95998eaace", "z": [0, 0, 3, 6, 0, 0, 0], "I_x_eur": 953871.0255106755, "status": "certified", "Q_eur": 809936004.2872474, "F_eur": 810889875.3127581, "bar_eur": 1196.60147190094, "incumbent_bar_eur": 2248.5940684080124, "sigma_Q_eur": 18449.663947025518, "resolution_eur": 18449.663947025518, "F_minus_F_inc_eur": 102117.05680727959, "comparison_vs_incumbent": "worse", "poll_outcome_rule_A4": "no_improvement", "source": "s51_f2_ladder"}, {"label": "y2030__n7_p0.75_e3", "eval_key": "8e4c220e4d03411bfb3caf8e5c50fc752addcf737b582d73faefcd86fada87c3", "z": [0, 0, 3, 6, 0, 0, 1], "I_x_eur": 708504.0645573783, "status": "certified", "Q_eur": 810139913.559661, "F_eur": 810848417.6242185, "bar_eur": 11989.033246278763, "incumbent_bar_eur": 2248.5940684080124, "sigma_Q_eur": 18449.663947025518, "resolution_eur": 18449.663947025518, "F_minus_F_inc_eur": 60659.36826765537, "comparison_vs_incumbent": "worse", "poll_outcome_rule_A4": "no_improvement", "source": "s51_f2_phase_b"}, {"label": "y2030__n7_p0.75_e3__n9_p0.25_e0.5", "eval_key": "7db09f6c11a99cd173cd4ed2a0e69b643ef689f974387d669a88936472f2b3cd", "z": [0, 0, 3, 6, 1, 1, 1], "I_x_eur": 850386.0864208742, "status": "certified", "Q_eur": 809972127.2115817, "F_eur": 810822513.2980026, "bar_eur": 1081.746101617813, "incumbent_bar_eur": 2248.5940684080124, "sigma_Q_eur": 18449.663947025518, "resolution_eur": 18449.663947025518, "F_minus_F_inc_eur": 34755.042051792145, "comparison_vs_incumbent": "worse", "poll_outcome_rule_A4": "no_improvement", "source": "s51_f2_phase_b"}, {"label": "y2030__n7_p1_e3", "eval_key": "76c7806434358b47dea377831341c3c9d3a25fe9a24c1ebcd8ae48010c86428b", "z": [0, 0, 4, 6, 0, 0, 1], "I_x_eur": 756100.0867652441, "status": "certified", "Q_eur": 810081212.8342348, "F_eur": 810837312.9210001, "bar_eur": 1242.0573258399963, "incumbent_bar_eur": 2248.5940684080124, "sigma_Q_eur": 18449.663947025518, "resolution_eur": 18449.663947025518, "F_minus_F_inc_eur": 49554.6650493145, "comparison_vs_incumbent": "worse", "poll_outcome_rule_A4": "no_improvement", "source": "s51_f2_phase_b"}, {"label": "y2030__n7_p1_e3__n9_p0.25_e0.5", "eval_key": "45aa25a6d2a5945507c58ff8a3d3649f3d771a9d597e9f38dbd425c7e677d2c6", "z": [0, 0, 4, 6, 1, 1, 1], "I_x_eur": 897982.1086287401, "status": "certified", "Q_eur": 809921835.7487029, "F_eur": 810819817.8573316, "bar_eur": 2444.070065498352, "incumbent_bar_eur": 2248.5940684080124, "sigma_Q_eur": 18449.663947025518, "resolution_eur": 18449.663947025518, "F_minus_F_inc_eur": 32059.601380825043, "comparison_vs_incumbent": "worse", "poll_outcome_rule_A4": "no_improvement", "source": "s51_f2_phase_b"}, {"label": "y2030__n7_p1_e3.5__n9_p0.25_e0.5", "eval_key": "7c45555407d8f3e8b08ef3ad85bebf3509918fee21d044e3fcc3a6690eb4bbec", "z": [0, 0, 4, 7, 1, 1, 1], "I_x_eur": 992268.1082843702, "status": "certified", "Q_eur": 809801074.2830775, "F_eur": 810793342.3913618, "bar_eur": 6750.284273982048, "incumbent_bar_eur": 2248.5940684080124, "sigma_Q_eur": 18449.663947025518, "resolution_eur": 18449.663947025518, "F_minus_F_inc_eur": 5584.135411024094, "comparison_vs_incumbent": "indeterminate", "poll_outcome_rule_A4": "no_improvement", "source": "s51_f2_phase_b"}, {"label": "y2030__n5_p0.25_e0.5__n7_p0.75_e3__n9_p0.25_e0.5", "eval_key": "b2251bc53ca992aa50579a57ea15f54d939fd47ccbebaf078d8e7c36b300ea4e", "z": [1, 1, 3, 6, 1, 1, 1], "I_x_eur": 992268.1082843702, "status": "certified", "Q_eur": 809806167.3731737, "F_eur": 810798435.4814581, "bar_eur": 1836.4507006406784, "incumbent_bar_eur": 2248.5940684080124, "sigma_Q_eur": 18449.663947025518, "resolution_eur": 18449.663947025518, "F_minus_F_inc_eur": 10677.225507259369, "comparison_vs_incumbent": "indeterminate", "poll_outcome_rule_A4": "no_improvement", "source": "s51_f2_phase_b"}], "determinately_better": []}}
08:49:14 [S53-F2-CERT] rule eleven: {'flex_status_cycles_Q_bar': True, 'flex_rule_ten': True, 'flex_flex_multiplier_entry_and_spec_label': True, 'flex_flex_multiplier_applied_in_hook': True, 'flex_flex_multiplier_passed_by_child': True, 'flex_flex_readback_terminal_in_record': True, 'flex_flex_applied_in_record': True, 'flex_flex_fields_in_error_records': True, 'flex_component_levels_flexibility_cost_internal': True, 'flex_component_levels_writer_present': True, 'flex_esso_capture_per_cycle_node_file': True, 'flex_w25_case_structure_and_esso_capture': True, 'flex_network_failure_event_attempt_flags': True, 'flex_solve_profile_in_record': True, 'flex_per_cycle_trajectory_written': True, 'flex_wall_time_peak_rss_aa': True, 'pb_record_status': True, 'pb_record_barrier_cause': True, 'pb_record_Q_gross': True, 'pb_record_bar': True, 'pb_record_cycles_and_certification_cycle': True, 'pb_record_rule_ten': True, 'pb_record_wall_and_rss': True, 'pb_per_cycle_trajectory_written': True, 'pb_ess_ageing_readback_terminal': True, 'pb_parent_barrier_record_for_missing': True, 'pb_poll_record_fields': True, 'pb_candidate_record_fields': True, 'pb_terminal_record_fields': True, 'pb_unit_poll_completion_record': True, 'point_record_flex_readback': True, 'point_record_flex_cost': True, 'point_record_rule_ten': True, 'point_record_solve_reconciliation': True, 'point_record_ageing_readback': True, 'point_record_per_cycle_trajectory': True, 'point_record_net_recourse_and_salvage': True, 'point_reader_is_f51s': True, 'cache_entries_carry_Q_bar_canonical': True, 'cache_entries_carry_the_multiplier': True, 'a_poll_fields': True, 'a_candidate_fields': True, 'a_snap_table_2n_entries_all_fields': True, 'a_every_direction_feasible_or_snapped_or_no_snap': True, 'a_unit_poll_at_k4_t21': True, 'a_barrier_stop_rule_armed': True, 'a_spanning_recorded': True, 'b_evaluation_cap_armed': True, 'c_poll_failure_terminates': True, 'c_certificate_fields': True, 'c_certificate_holds_on_synthetic_failure': True, 'c_box_scope_recorded': True, 'c_scope_fields': True, 'c_cached_box_neighbour_fields': True, 'c_scope_counts_consistent': True, 'c_no_outside_row_is_unexamined': True, 'c_symmetric_classes': True, 'c_determinately_better_cached_neighbour_breaks_the_certificate': True, 'd_success_moves_the_incumbent': True, 'd_next_poll_is_unit_at_k_plus_1': True, 'd_terminates_with_a_certificate': True, 'e_completion_triggered_below_n_plus_1': True, 'e_completion_points_added_with_fields': True, 'e_completion_cap_refuses': True, 'e_trigger_is_strict_n_plus_1': True, 'f_snap_key_year_level_before_I': True}
08:49:14 [S53-F2-CERT] shared constants: {'f51_pb_case_file_aa': True, 'f51_pb_ess_ageing_baseline': True, 'f51_pb_cap': True, 'f51_pb_concurrency': True, 'f51_pb_required_consecutive_cycles': True, 'f51_pb_arm_label': True, 'f51_pb_budget_1e6': True, 'f51_pb_active_nodes': True, 'f51_pb_delta0_4': True, 'f51_pb_delta_min_1': True, 'f51_pb_halton_t0_17': True, 'f51_pb_poll_design': True, 'f51_pb_unit_poll_completion': True, 'f51_pb_completion_cap_30': True, 'f51_pb_max_new_evaluations_20': True, 'f51_pb_max_polls_60': True, 'f51_pb_barrier_stop': True, 'f51_l_label': True, 'f51_l_case_file_aa': True, 'f51_l_ess_ageing_baseline': True, 'f51_l_cap': True, 'f51_l_concurrency': True, 'f51_l_required_consecutive_cycles': True, 'f51_l_year_2025': True, 'f51_l_active_nodes': True, 'f51_f_m_is_2': True, 'f51_f_m_is_a_ladder_multiplier': True, 'f51_f_cap': True, 'f51_f_scenario_label': True, 'f51_flex_label_is_the_harness_label': True, 'f51_m_enters_the_key': True, 'f51_m_1_does_not_enter_the_key': True, 'f51_case_file_aa': True, 'f51_ageing': True, 'f51_cap': True, 'f51_concurrency': True, 'f51_cycles': True, 'm_is_2': True, 'n_is_7': True, 'two_n_is_14': True, 'completion_cap_30': True, 'max_new_60': True, 'unit_delta_is_pb_delta_min': True, 'pb_mesh_1': True, 'halton_t0_17': True}
08:49:14 [S53-F2-CERT] inherited ruling scope: Rulings of the Phase B record (PB, W24) as they apply here: A1 (7 variables, one common year) kept; A2 (box completion at every unit poll) REPLACED for this continuation by Addendum 39 ruling 1 (POLL_RULE; the cap of 30 kept); A3 (double on success) NOT applied -- every poll is a unit poll (ITERATION_RULE; Worker reading of "iterate on success", flagged to the Planner); A4 kept (improvement threshold; indeterminate not accepted); A5 kept for H, the Halton index and the rounding, EXTENDED from n+1 NEG to the 2n directions +-h_j; A6 kept: sigma_Q = 18,449.66 EUR, C3-era, not re-measured at m = 2, and at m = 2 it is the binding half of the threshold; A7 kept (barrier stop 2 per poll / 3 overall); A8 REPLACED: 60 new evaluations (Addendum 39 ruling 1), MAX_POLLS 60 kept as a safety.
08:49:14 [S53-F2-CERT] predictions recorded before the run (spec v23): {'planner': ['the incumbent sits 7,732 EUR under the budget, so most unit neighbours that add capacity are budget-infeasible and will be snapped or rejected; I expect <= 18 evaluations in the first poll', 'more likely than not (~60/40) the poll fails and the certificate holds at the incumbent; the alternative is one further move toward more 2030 capacity at another node', 'no barrier points']}
08:49:14 [S53-F2-CERT] memory at freeze (non-gating): available (memsize - wired - anonymous - compressor-occupied) = 21.35 GiB [wired 2.72, anonymous 6.61, compressor-occupied 1.32]; free+inactive = 17.38 GiB (recorded only); required 13.75 GiB (hw.memsize - (wired + anonymous + compressor-occupied) x page size >= 5 x 2.75 GiB) -> would PASS now
08:49:14 [S53-F2-CERT] spec checks: all=True failing=[]
08:49:14 [S53-F2-CERT] guards: {'s53_parent': {'permitted_solve': 0, 'permitted_exec': 0, 'blocked_solve': 0, 'blocked_exec': 0}, 'parent': {'permitted_solve': 0, 'permitted_exec': 0, 'blocked_solve': 0, 'blocked_exec': 0}, 'phase_b_record_parent': {'permitted_solve': 0, 'permitted_exec': 0, 'blocked_solve': 0, 'blocked_exec': 0}, 'f2_ladder_parent': {'permitted_solve': 0, 'permitted_exec': 0, 'blocked_solve': 0, 'blocked_exec': 0}, 'marginal_parent': {'permitted_solve': 0, 'permitted_exec': 0, 'blocked_solve': 0, 'blocked_exec': 0}, 'ladder_parent': {'permitted_solve': 0, 'permitted_exec': 0, 'blocked_solve': 0, 'blocked_exec': 0}, 'w25_module': {'permitted_solve': 0, 'permitted_exec': 0, 'blocked_solve': 0, 'blocked_exec': 0}}; verify0 failures={'s53_parent': [], 'parent': [], 'phase_b_record_parent': [], 'f2_ladder_parent': [], 'marginal_parent': [], 'ladder_parent': [], 'w25_module': []}; wall=6.8s
08:49:14 [S53-F2-CERT] freeze OK
08:49:14 [S53-F2-CERT] run with: --campaign-id s53_f2_certificate_r1 --run --spec-sha256 803571c0efcf828eb9716d6c6255909da91d882a57a7bd4e053805f96f88027f
