08:50:59 [S53-F2-CERT] memory preflight: available (memsize - wired - anonymous - compressor-occupied) = 20.96 GiB [wired 2.67, anonymous 7.06, compressor-occupied 1.31]; free+inactive = 17.06 GiB (recorded only); required 13.75 GiB (hw.memsize - (wired + anonymous + compressor-occupied) x page size >= 5 x 2.75 GiB) -> PASS; vm_stat pages {'pages_free': 490558, 'pages_active': 649246, 'pages_inactive': 627587, 'pages_speculative': 19997, 'pages_wired_down': 174955, 'pages_purgeable': 13607, 'file_backed_pages': 834142, 'anonymous_pages': 462688, 'pages_stored_in_compressor': 207492, 'pages_occupied_by_compressor': 85944}
08:50:59 [S53-F2-CERT] FLEXIBILITY-PRICE SCENARIO m = 2 (MODEL VARIANT -- flexibility price x 2); NOT the baseline. Every figure in this stage is a figure of that scenario.
08:50:59 [S53-F2-CERT] P5.15 Addendum 40 ruling 4 (W49) -- F2 CERTIFICATE CONTINUATION: the standard unit poll (2n OrthoMADS directions, snap-to-feasible, completion only if fewer than n + 1 feasible poll points) at the flexibility price m = 2 under the EUR 1M budget, from the committed s51 F2 Phase B incumbent
08:50:59 [S53-F2-CERT] objective convention: Q(x) = certified_cost = gross_operational_cost (settlement-excluded) AT m = 2; F(x) = I(x) + Q(x); I(0) = 0 so F(0) = Q(0), Q(0) the committed x = 0 record at m = 2 (dc468ab4). Terminal salvage and net_operational_recourse = gross - salvage are reported by the records and EXCLUDED from F (Addendum 27 item 3). At m = 2 the DSO flexibility cost inside Q is priced at 2 x cost_flex -- every figure here is a figure of that SCENARIO, not of the baseline.
08:50:59 [S53-F2-CERT] resolution rule: a polled x improves the incumbent iff F(inc) - F(x) > max(bar(x) + bar(inc), sigma_Q); 0 < F(inc) - F(x) <= that resolution is INDETERMINATE and not accepted; bar = record max gross step over the last 10 cycles; a missing bar makes the resolution +inf
08:50:59 [S53-F2-CERT] incumbent: {'eval_key': '5ca4f86c3406c0424d3b63b8f39df4568f1be77f7f2d72642491539c0eb42663', 'z': [1, 1, 4, 7, 0, 0, 1], 'label': 'y2030__n5_p0.25_e0.5__n7_p1_e3.5', 'I': 992268.1082843702, 'Q': 809795490.1476665, 'F': 810787758.2559508, 'bar': 2248.5940684080124, 'source': {'kind': 'committed_certified_record_at_m2', 'campaign': 's51_f2_phase_b', 'path': 'data/SRP1/Results/P515S51/campaign_s51_f2_phase_b/campaign_results.json', 'sha256': '2cdd5d6048919980b6d3d7109709b3441a99b5eb353be3285a09210a9a996eb7', 'commit': '0012d85b', 'label': 'y2030__n5_p0.25_e0.5__n7_p1_e3.5_m2', 'eval_dir': 'data/SRP1/Results/P515S51/campaign_s51_f2_phase_b/evals/5ca4f86c3406c042_y2030__n5_p0_25_e0_5__n7_p1_e3_5_m2'}}
08:50:59 [S53-F2-CERT] sigma_Q=18449.663947025518; inherited scope: Rulings of the Phase B record (PB, W24) as they apply here: A1 (7 variables, one common year) kept; A2 (box completion at every unit poll) REPLACED for this continuation by Addendum 39 ruling 1 (POLL_RULE; the cap of 30 kept); A3 (double on success) NOT applied -- every poll is a unit poll (ITERATION_RULE; Worker reading of "iterate on success", flagged to the Planner); A4 kept (improvement threshold; indeterminate not accepted); A5 kept for H, the Halton index and the rounding, EXTENDED from n+1 NEG to the 2n directions +-h_j; A6 kept: sigma_Q = 18,449.66 EUR, C3-era, not re-measured at m = 2, and at m = 2 it is the binding half of the threshold; A7 kept (barrier stop 2 per poll / 3 overall); A8 REPLACED: 60 new evaluations (Addendum 39 ruling 1), MAX_POLLS 60 kept as a safety.
08:50:59 [S53-F2-CERT] spec data/SRP1/Results/P515S53/campaign_s53_f2_certificate_r1/campaign_spec_s53_f2_certificate_r1_803571c0.json sha256=803571c0efcf828eb9716d6c6255909da91d882a57a7bd4e053805f96f88027f; git HEAD e1f98be8360697125fbd9c71e54f6483dd5e3f81 (spec frozen at a5ccc7fbc56bf4dd139350ddba64ea5156a4e3ac)
08:50:59 [S53-F2-CERT] campaign lock acquired: {'pid': 33158, 'campaign_id': 's53_f2_certificate_r1', 'campaign_spec_sha256': '803571c0efcf828eb9716d6c6255909da91d882a57a7bd4e053805f96f88027f', 'started_utc': '2026-09-24T08:50:59.294616+00:00'}
08:50:59 [S53-F2-CERT] evaluating ['y2030__n5_p0.25_e1__n7_p1_e3_m2', 'y2030__n5_p0.25_e0.5__n7_p1.25_e3_m2', 'y2030__n7_p1_e4_m2', 'y2035__n5_p0.25_e1__n7_p1_e4_m2', 'y2035__n5_p0.25_e0.5__n7_p1_e3_m2'] (concurrency 5, m = 2)
08:50:59 [S44-HARNESS] launched y2030__n5_p0.25_e1__n7_p1_e3_m2 (key 4032a138125d4222) pid=33319
08:50:59 [S44-HARNESS] launched y2030__n5_p0.25_e0.5__n7_p1.25_e3_m2 (key 9f4f66b6864f23cf) pid=33320
08:50:59 [S44-HARNESS] launched y2030__n7_p1_e4_m2 (key 0025f3453f364ed2) pid=33321
08:50:59 [S44-HARNESS] launched y2035__n5_p0.25_e1__n7_p1_e4_m2 (key f80dc4e198b9776a) pid=33322
08:50:59 [S44-HARNESS] launched y2035__n5_p0.25_e0.5__n7_p1_e3_m2 (key cde305820cebf7ff) pid=33323
08:50:59 [S44-HARNESS] heartbeat y2030__n5_p0.25_e1__n7_p1_e3_m2: 0s cycle=None; y2030__n5_p0.25_e0.5__n7_p1.25_e3_m2: 0s cycle=None; y2030__n7_p1_e4_m2: 0s cycle=None; y2035__n5_p0.25_e1__n7_p1_e4_m2: 0s cycle=None; y2035__n5_p0.25_e0.5__n7_p1_e3_m2: 0s cycle=None
08:51:59 [S44-HARNESS] heartbeat y2030__n5_p0.25_e1__n7_p1_e3_m2: 60s cycle=None; y2030__n5_p0.25_e0.5__n7_p1.25_e3_m2: 60s cycle=None; y2030__n7_p1_e4_m2: 60s cycle=None; y2035__n5_p0.25_e1__n7_p1_e4_m2: 60s cycle=None; y2035__n5_p0.25_e0.5__n7_p1_e3_m2: 60s cycle=None
08:52:59 [S44-HARNESS] heartbeat y2030__n5_p0.25_e1__n7_p1_e3_m2: 120s cycle=1; y2030__n5_p0.25_e0.5__n7_p1.25_e3_m2: 120s cycle=1; y2030__n7_p1_e4_m2: 120s cycle=1; y2035__n5_p0.25_e1__n7_p1_e4_m2: 120s cycle=1; y2035__n5_p0.25_e0.5__n7_p1_e3_m2: 120s cycle=1
08:53:59 [S44-HARNESS] heartbeat y2030__n5_p0.25_e1__n7_p1_e3_m2: 180s cycle=3; y2030__n5_p0.25_e0.5__n7_p1.25_e3_m2: 180s cycle=3; y2030__n7_p1_e4_m2: 180s cycle=3; y2035__n5_p0.25_e1__n7_p1_e4_m2: 180s cycle=3; y2035__n5_p0.25_e0.5__n7_p1_e3_m2: 180s cycle=3
08:54:59 [S44-HARNESS] heartbeat y2030__n5_p0.25_e1__n7_p1_e3_m2: 240s cycle=4; y2030__n5_p0.25_e0.5__n7_p1.25_e3_m2: 240s cycle=5; y2030__n7_p1_e4_m2: 240s cycle=5; y2035__n5_p0.25_e1__n7_p1_e4_m2: 240s cycle=5; y2035__n5_p0.25_e0.5__n7_p1_e3_m2: 240s cycle=5
08:55:59 [S44-HARNESS] heartbeat y2030__n5_p0.25_e1__n7_p1_e3_m2: 300s cycle=6; y2030__n5_p0.25_e0.5__n7_p1.25_e3_m2: 300s cycle=6; y2030__n7_p1_e4_m2: 300s cycle=7; y2035__n5_p0.25_e1__n7_p1_e4_m2: 300s cycle=7; y2035__n5_p0.25_e0.5__n7_p1_e3_m2: 300s cycle=7
08:56:59 [S44-HARNESS] heartbeat y2030__n5_p0.25_e1__n7_p1_e3_m2: 360s cycle=8; y2030__n5_p0.25_e0.5__n7_p1.25_e3_m2: 360s cycle=8; y2030__n7_p1_e4_m2: 360s cycle=9; y2035__n5_p0.25_e1__n7_p1_e4_m2: 360s cycle=9; y2035__n5_p0.25_e0.5__n7_p1_e3_m2: 360s cycle=8
08:57:59 [S44-HARNESS] heartbeat y2030__n5_p0.25_e1__n7_p1_e3_m2: 420s cycle=9; y2030__n5_p0.25_e0.5__n7_p1.25_e3_m2: 420s cycle=9; y2030__n7_p1_e4_m2: 420s cycle=10; y2035__n5_p0.25_e1__n7_p1_e4_m2: 420s cycle=11; y2035__n5_p0.25_e0.5__n7_p1_e3_m2: 420s cycle=10
08:58:59 [S44-HARNESS] heartbeat y2030__n5_p0.25_e1__n7_p1_e3_m2: 480s cycle=11; y2030__n5_p0.25_e0.5__n7_p1.25_e3_m2: 480s cycle=11; y2030__n7_p1_e4_m2: 480s cycle=12; y2035__n5_p0.25_e1__n7_p1_e4_m2: 480s cycle=12; y2035__n5_p0.25_e0.5__n7_p1_e3_m2: 480s cycle=12
08:59:59 [S44-HARNESS] heartbeat y2030__n5_p0.25_e1__n7_p1_e3_m2: 541s cycle=13; y2030__n5_p0.25_e0.5__n7_p1.25_e3_m2: 541s cycle=13; y2030__n7_p1_e4_m2: 540s cycle=14; y2035__n5_p0.25_e1__n7_p1_e4_m2: 540s cycle=14; y2035__n5_p0.25_e0.5__n7_p1_e3_m2: 540s cycle=14
09:00:59 [S44-HARNESS] heartbeat y2030__n5_p0.25_e1__n7_p1_e3_m2: 601s cycle=14; y2030__n5_p0.25_e0.5__n7_p1.25_e3_m2: 601s cycle=14; y2030__n7_p1_e4_m2: 601s cycle=16; y2035__n5_p0.25_e1__n7_p1_e4_m2: 601s cycle=16; y2035__n5_p0.25_e0.5__n7_p1_e3_m2: 601s cycle=16
09:01:59 [S44-HARNESS] heartbeat y2030__n5_p0.25_e1__n7_p1_e3_m2: 661s cycle=16; y2030__n5_p0.25_e0.5__n7_p1.25_e3_m2: 661s cycle=16; y2030__n7_p1_e4_m2: 661s cycle=18; y2035__n5_p0.25_e1__n7_p1_e4_m2: 661s cycle=18; y2035__n5_p0.25_e0.5__n7_p1_e3_m2: 661s cycle=18
09:02:59 [S44-HARNESS] heartbeat y2030__n5_p0.25_e1__n7_p1_e3_m2: 721s cycle=18; y2030__n5_p0.25_e0.5__n7_p1.25_e3_m2: 721s cycle=18; y2030__n7_p1_e4_m2: 721s cycle=19; y2035__n5_p0.25_e1__n7_p1_e4_m2: 721s cycle=20; y2035__n5_p0.25_e0.5__n7_p1_e3_m2: 721s cycle=20
09:04:00 [S44-HARNESS] heartbeat y2030__n5_p0.25_e1__n7_p1_e3_m2: 781s cycle=20; y2030__n5_p0.25_e0.5__n7_p1.25_e3_m2: 781s cycle=19; y2030__n7_p1_e4_m2: 781s cycle=21; y2035__n5_p0.25_e1__n7_p1_e4_m2: 781s cycle=22; y2035__n5_p0.25_e0.5__n7_p1_e3_m2: 781s cycle=22
09:05:00 [S44-HARNESS] heartbeat y2030__n5_p0.25_e1__n7_p1_e3_m2: 841s cycle=21; y2030__n5_p0.25_e0.5__n7_p1.25_e3_m2: 841s cycle=21; y2030__n7_p1_e4_m2: 841s cycle=23; y2035__n5_p0.25_e1__n7_p1_e4_m2: 841s cycle=24; y2035__n5_p0.25_e0.5__n7_p1_e3_m2: 841s cycle=24
09:06:00 [S44-HARNESS] heartbeat y2030__n5_p0.25_e1__n7_p1_e3_m2: 901s cycle=23; y2030__n5_p0.25_e0.5__n7_p1.25_e3_m2: 901s cycle=23; y2030__n7_p1_e4_m2: 901s cycle=25; y2035__n5_p0.25_e1__n7_p1_e4_m2: 901s cycle=26; y2035__n5_p0.25_e0.5__n7_p1_e3_m2: 901s cycle=26
09:07:00 [S44-HARNESS] heartbeat y2030__n5_p0.25_e1__n7_p1_e3_m2: 961s cycle=25; y2030__n5_p0.25_e0.5__n7_p1.25_e3_m2: 961s cycle=24; y2030__n7_p1_e4_m2: 961s cycle=27; y2035__n5_p0.25_e1__n7_p1_e4_m2: 961s cycle=28; y2035__n5_p0.25_e0.5__n7_p1_e3_m2: 961s cycle=28
09:08:00 [S44-HARNESS] heartbeat y2030__n5_p0.25_e1__n7_p1_e3_m2: 1021s cycle=27; y2030__n5_p0.25_e0.5__n7_p1.25_e3_m2: 1021s cycle=26; y2030__n7_p1_e4_m2: 1021s cycle=29; y2035__n5_p0.25_e1__n7_p1_e4_m2: 1021s cycle=30; y2035__n5_p0.25_e0.5__n7_p1_e3_m2: 1021s cycle=30
09:09:00 [S44-HARNESS] heartbeat y2030__n5_p0.25_e1__n7_p1_e3_m2: 1081s cycle=29; y2030__n5_p0.25_e0.5__n7_p1.25_e3_m2: 1081s cycle=28; y2030__n7_p1_e4_m2: 1081s cycle=31; y2035__n5_p0.25_e1__n7_p1_e4_m2: 1081s cycle=32; y2035__n5_p0.25_e0.5__n7_p1_e3_m2: 1081s cycle=31
09:10:00 [S44-HARNESS] heartbeat y2030__n5_p0.25_e1__n7_p1_e3_m2: 1141s cycle=30; y2030__n5_p0.25_e0.5__n7_p1.25_e3_m2: 1141s cycle=30; y2030__n7_p1_e4_m2: 1141s cycle=33; y2035__n5_p0.25_e1__n7_p1_e4_m2: 1141s cycle=34; y2035__n5_p0.25_e0.5__n7_p1_e3_m2: 1141s cycle=33
09:11:00 [S44-HARNESS] heartbeat y2030__n5_p0.25_e1__n7_p1_e3_m2: 1201s cycle=32; y2030__n5_p0.25_e0.5__n7_p1.25_e3_m2: 1201s cycle=31; y2030__n7_p1_e4_m2: 1201s cycle=35; y2035__n5_p0.25_e1__n7_p1_e4_m2: 1201s cycle=36; y2035__n5_p0.25_e0.5__n7_p1_e3_m2: 1201s cycle=35
09:12:00 [S44-HARNESS] heartbeat y2030__n5_p0.25_e1__n7_p1_e3_m2: 1261s cycle=34; y2030__n5_p0.25_e0.5__n7_p1.25_e3_m2: 1261s cycle=33; y2030__n7_p1_e4_m2: 1261s cycle=37; y2035__n5_p0.25_e1__n7_p1_e4_m2: 1261s cycle=38; y2035__n5_p0.25_e0.5__n7_p1_e3_m2: 1261s cycle=37
09:13:00 [S44-HARNESS] heartbeat y2030__n5_p0.25_e1__n7_p1_e3_m2: 1321s cycle=36; y2030__n5_p0.25_e0.5__n7_p1.25_e3_m2: 1321s cycle=35; y2030__n7_p1_e4_m2: 1321s cycle=39; y2035__n5_p0.25_e1__n7_p1_e4_m2: 1321s cycle=40; y2035__n5_p0.25_e0.5__n7_p1_e3_m2: 1321s cycle=39
09:14:00 [S44-HARNESS] heartbeat y2030__n5_p0.25_e1__n7_p1_e3_m2: 1381s cycle=38; y2030__n5_p0.25_e0.5__n7_p1.25_e3_m2: 1381s cycle=37; y2030__n7_p1_e4_m2: 1381s cycle=41; y2035__n5_p0.25_e1__n7_p1_e4_m2: 1381s cycle=42; y2035__n5_p0.25_e0.5__n7_p1_e3_m2: 1381s cycle=41
09:15:00 [S44-HARNESS] heartbeat y2030__n5_p0.25_e1__n7_p1_e3_m2: 1441s cycle=39; y2030__n5_p0.25_e0.5__n7_p1.25_e3_m2: 1441s cycle=39; y2030__n7_p1_e4_m2: 1441s cycle=43; y2035__n5_p0.25_e1__n7_p1_e4_m2: 1441s cycle=44; y2035__n5_p0.25_e0.5__n7_p1_e3_m2: 1441s cycle=43
09:16:00 [S44-HARNESS] heartbeat y2030__n5_p0.25_e1__n7_p1_e3_m2: 1501s cycle=41; y2030__n5_p0.25_e0.5__n7_p1.25_e3_m2: 1501s cycle=41; y2030__n7_p1_e4_m2: 1501s cycle=45; y2035__n5_p0.25_e1__n7_p1_e4_m2: 1501s cycle=46; y2035__n5_p0.25_e0.5__n7_p1_e3_m2: 1501s cycle=45
09:17:00 [S44-HARNESS] heartbeat y2030__n5_p0.25_e1__n7_p1_e3_m2: 1561s cycle=43; y2030__n5_p0.25_e0.5__n7_p1.25_e3_m2: 1561s cycle=43; y2030__n7_p1_e4_m2: 1561s cycle=47; y2035__n5_p0.25_e1__n7_p1_e4_m2: 1561s cycle=48; y2035__n5_p0.25_e0.5__n7_p1_e3_m2: 1561s cycle=47
09:18:00 [S44-HARNESS] heartbeat y2030__n5_p0.25_e1__n7_p1_e3_m2: 1622s cycle=45; y2030__n5_p0.25_e0.5__n7_p1.25_e3_m2: 1622s cycle=45; y2030__n7_p1_e4_m2: 1622s cycle=49; y2035__n5_p0.25_e1__n7_p1_e4_m2: 1622s cycle=50; y2035__n5_p0.25_e0.5__n7_p1_e3_m2: 1622s cycle=49
09:19:00 [S44-HARNESS] heartbeat y2030__n5_p0.25_e1__n7_p1_e3_m2: 1682s cycle=47; y2030__n5_p0.25_e0.5__n7_p1.25_e3_m2: 1682s cycle=46; y2030__n7_p1_e4_m2: 1682s cycle=51; y2035__n5_p0.25_e1__n7_p1_e4_m2: 1682s cycle=52; y2035__n5_p0.25_e0.5__n7_p1_e3_m2: 1682s cycle=51
09:20:01 [S44-HARNESS] heartbeat y2030__n5_p0.25_e1__n7_p1_e3_m2: 1742s cycle=48; y2030__n5_p0.25_e0.5__n7_p1.25_e3_m2: 1742s cycle=48; y2030__n7_p1_e4_m2: 1742s cycle=53; y2035__n5_p0.25_e1__n7_p1_e4_m2: 1742s cycle=54; y2035__n5_p0.25_e0.5__n7_p1_e3_m2: 1742s cycle=53
09:21:01 [S44-HARNESS] heartbeat y2030__n5_p0.25_e1__n7_p1_e3_m2: 1802s cycle=50; y2030__n5_p0.25_e0.5__n7_p1.25_e3_m2: 1802s cycle=50; y2030__n7_p1_e4_m2: 1802s cycle=55; y2035__n5_p0.25_e1__n7_p1_e4_m2: 1802s cycle=56; y2035__n5_p0.25_e0.5__n7_p1_e3_m2: 1802s cycle=55
09:22:01 [S44-HARNESS] heartbeat y2030__n5_p0.25_e1__n7_p1_e3_m2: 1862s cycle=52; y2030__n5_p0.25_e0.5__n7_p1.25_e3_m2: 1862s cycle=52; y2030__n7_p1_e4_m2: 1862s cycle=57; y2035__n5_p0.25_e1__n7_p1_e4_m2: 1862s cycle=58; y2035__n5_p0.25_e0.5__n7_p1_e3_m2: 1862s cycle=57
09:23:01 [S44-HARNESS] heartbeat y2030__n5_p0.25_e1__n7_p1_e3_m2: 1922s cycle=54; y2030__n5_p0.25_e0.5__n7_p1.25_e3_m2: 1922s cycle=54; y2030__n7_p1_e4_m2: 1922s cycle=59; y2035__n5_p0.25_e1__n7_p1_e4_m2: 1922s cycle=60; y2035__n5_p0.25_e0.5__n7_p1_e3_m2: 1922s cycle=59
09:24:01 [S44-HARNESS] heartbeat y2030__n5_p0.25_e1__n7_p1_e3_m2: 1982s cycle=56; y2030__n5_p0.25_e0.5__n7_p1.25_e3_m2: 1982s cycle=56; y2030__n7_p1_e4_m2: 1982s cycle=61; y2035__n5_p0.25_e1__n7_p1_e4_m2: 1982s cycle=62; y2035__n5_p0.25_e0.5__n7_p1_e3_m2: 1982s cycle=61
09:25:01 [S44-HARNESS] heartbeat y2030__n5_p0.25_e1__n7_p1_e3_m2: 2042s cycle=57; y2030__n5_p0.25_e0.5__n7_p1.25_e3_m2: 2042s cycle=57; y2030__n7_p1_e4_m2: 2042s cycle=63; y2035__n5_p0.25_e1__n7_p1_e4_m2: 2042s cycle=64; y2035__n5_p0.25_e0.5__n7_p1_e3_m2: 2042s cycle=63
09:26:01 [S44-HARNESS] heartbeat y2030__n5_p0.25_e1__n7_p1_e3_m2: 2102s cycle=59; y2030__n5_p0.25_e0.5__n7_p1.25_e3_m2: 2102s cycle=59; y2030__n7_p1_e4_m2: 2102s cycle=65; y2035__n5_p0.25_e1__n7_p1_e4_m2: 2102s cycle=66; y2035__n5_p0.25_e0.5__n7_p1_e3_m2: 2102s cycle=65
09:27:01 [S44-HARNESS] heartbeat y2030__n5_p0.25_e1__n7_p1_e3_m2: 2162s cycle=61; y2030__n5_p0.25_e0.5__n7_p1.25_e3_m2: 2162s cycle=61; y2030__n7_p1_e4_m2: 2162s cycle=67; y2035__n5_p0.25_e1__n7_p1_e4_m2: 2162s cycle=68; y2035__n5_p0.25_e0.5__n7_p1_e3_m2: 2162s cycle=67
09:28:01 [S44-HARNESS] heartbeat y2030__n5_p0.25_e1__n7_p1_e3_m2: 2222s cycle=63; y2030__n5_p0.25_e0.5__n7_p1.25_e3_m2: 2222s cycle=63; y2030__n7_p1_e4_m2: 2222s cycle=69; y2035__n5_p0.25_e1__n7_p1_e4_m2: 2222s cycle=70; y2035__n5_p0.25_e0.5__n7_p1_e3_m2: 2222s cycle=69
09:29:01 [S44-HARNESS] heartbeat y2030__n5_p0.25_e1__n7_p1_e3_m2: 2282s cycle=65; y2030__n5_p0.25_e0.5__n7_p1.25_e3_m2: 2282s cycle=65; y2030__n7_p1_e4_m2: 2282s cycle=71; y2035__n5_p0.25_e1__n7_p1_e4_m2: 2282s cycle=72; y2035__n5_p0.25_e0.5__n7_p1_e3_m2: 2282s cycle=71
09:30:01 [S44-HARNESS] heartbeat y2030__n5_p0.25_e1__n7_p1_e3_m2: 2343s cycle=67; y2030__n5_p0.25_e0.5__n7_p1.25_e3_m2: 2343s cycle=66; y2030__n7_p1_e4_m2: 2342s cycle=73; y2035__n5_p0.25_e1__n7_p1_e4_m2: 2342s cycle=74; y2035__n5_p0.25_e0.5__n7_p1_e3_m2: 2342s cycle=73
09:31:01 [S44-HARNESS] heartbeat y2030__n5_p0.25_e1__n7_p1_e3_m2: 2403s cycle=69; y2030__n5_p0.25_e0.5__n7_p1.25_e3_m2: 2403s cycle=68; y2030__n7_p1_e4_m2: 2403s cycle=75; y2035__n5_p0.25_e1__n7_p1_e4_m2: 2403s cycle=76; y2035__n5_p0.25_e0.5__n7_p1_e3_m2: 2403s cycle=75
09:32:01 [S44-HARNESS] heartbeat y2030__n5_p0.25_e1__n7_p1_e3_m2: 2463s cycle=70; y2030__n5_p0.25_e0.5__n7_p1.25_e3_m2: 2463s cycle=70; y2030__n7_p1_e4_m2: 2463s cycle=77; y2035__n5_p0.25_e1__n7_p1_e4_m2: 2463s cycle=78; y2035__n5_p0.25_e0.5__n7_p1_e3_m2: 2463s cycle=77
09:33:01 [S44-HARNESS] heartbeat y2030__n5_p0.25_e1__n7_p1_e3_m2: 2523s cycle=72; y2030__n5_p0.25_e0.5__n7_p1.25_e3_m2: 2523s cycle=72; y2030__n7_p1_e4_m2: 2523s cycle=79; y2035__n5_p0.25_e1__n7_p1_e4_m2: 2523s cycle=80; y2035__n5_p0.25_e0.5__n7_p1_e3_m2: 2523s cycle=79
09:34:02 [S44-HARNESS] heartbeat y2030__n5_p0.25_e1__n7_p1_e3_m2: 2583s cycle=74; y2030__n5_p0.25_e0.5__n7_p1.25_e3_m2: 2583s cycle=73; y2030__n7_p1_e4_m2: 2583s cycle=81; y2035__n5_p0.25_e1__n7_p1_e4_m2: 2583s cycle=82; y2035__n5_p0.25_e0.5__n7_p1_e3_m2: 2583s cycle=80
09:35:02 [S44-HARNESS] heartbeat y2030__n5_p0.25_e1__n7_p1_e3_m2: 2643s cycle=76; y2030__n5_p0.25_e0.5__n7_p1.25_e3_m2: 2643s cycle=75; y2030__n7_p1_e4_m2: 2643s cycle=83; y2035__n5_p0.25_e1__n7_p1_e4_m2: 2643s cycle=84; y2035__n5_p0.25_e0.5__n7_p1_e3_m2: 2643s cycle=82
09:36:02 [S44-HARNESS] heartbeat y2030__n5_p0.25_e1__n7_p1_e3_m2: 2703s cycle=78; y2030__n5_p0.25_e0.5__n7_p1.25_e3_m2: 2703s cycle=76; y2030__n7_p1_e4_m2: 2703s cycle=85; y2035__n5_p0.25_e1__n7_p1_e4_m2: 2703s cycle=86; y2035__n5_p0.25_e0.5__n7_p1_e3_m2: 2703s cycle=84
09:37:02 [S44-HARNESS] heartbeat y2030__n5_p0.25_e1__n7_p1_e3_m2: 2763s cycle=79; y2030__n5_p0.25_e0.5__n7_p1.25_e3_m2: 2763s cycle=78; y2030__n7_p1_e4_m2: 2763s cycle=86; y2035__n5_p0.25_e1__n7_p1_e4_m2: 2763s cycle=88; y2035__n5_p0.25_e0.5__n7_p1_e3_m2: 2763s cycle=86
09:38:02 [S44-HARNESS] heartbeat y2030__n5_p0.25_e1__n7_p1_e3_m2: 2823s cycle=81; y2030__n5_p0.25_e0.5__n7_p1.25_e3_m2: 2823s cycle=80; y2030__n7_p1_e4_m2: 2823s cycle=88; y2035__n5_p0.25_e1__n7_p1_e4_m2: 2823s cycle=89; y2035__n5_p0.25_e0.5__n7_p1_e3_m2: 2823s cycle=88
09:39:02 [S44-HARNESS] heartbeat y2030__n5_p0.25_e1__n7_p1_e3_m2: 2883s cycle=83; y2030__n5_p0.25_e0.5__n7_p1.25_e3_m2: 2883s cycle=82; y2030__n7_p1_e4_m2: 2883s cycle=90; y2035__n5_p0.25_e1__n7_p1_e4_m2: 2883s cycle=91; y2035__n5_p0.25_e0.5__n7_p1_e3_m2: 2883s cycle=90
09:40:02 [S44-HARNESS] heartbeat y2030__n5_p0.25_e1__n7_p1_e3_m2: 2943s cycle=85; y2030__n5_p0.25_e0.5__n7_p1.25_e3_m2: 2943s cycle=83; y2030__n7_p1_e4_m2: 2943s cycle=92; y2035__n5_p0.25_e1__n7_p1_e4_m2: 2943s cycle=93; y2035__n5_p0.25_e0.5__n7_p1_e3_m2: 2943s cycle=92
09:41:02 [S44-HARNESS] heartbeat y2030__n5_p0.25_e1__n7_p1_e3_m2: 3003s cycle=86; y2030__n5_p0.25_e0.5__n7_p1.25_e3_m2: 3003s cycle=85; y2030__n7_p1_e4_m2: 3003s cycle=94; y2035__n5_p0.25_e1__n7_p1_e4_m2: 3003s cycle=95; y2035__n5_p0.25_e0.5__n7_p1_e3_m2: 3003s cycle=94
09:42:02 [S44-HARNESS] heartbeat y2030__n5_p0.25_e1__n7_p1_e3_m2: 3063s cycle=88; y2030__n5_p0.25_e0.5__n7_p1.25_e3_m2: 3063s cycle=87; y2030__n7_p1_e4_m2: 3063s cycle=96; y2035__n5_p0.25_e1__n7_p1_e4_m2: 3063s cycle=97; y2035__n5_p0.25_e0.5__n7_p1_e3_m2: 3063s cycle=96
09:43:02 [S44-HARNESS] heartbeat y2030__n5_p0.25_e1__n7_p1_e3_m2: 3123s cycle=90; y2030__n5_p0.25_e0.5__n7_p1.25_e3_m2: 3123s cycle=89; y2030__n7_p1_e4_m2: 3123s cycle=98; y2035__n5_p0.25_e1__n7_p1_e4_m2: 3123s cycle=99; y2035__n5_p0.25_e0.5__n7_p1_e3_m2: 3123s cycle=98
09:44:02 [S44-HARNESS] heartbeat y2030__n5_p0.25_e1__n7_p1_e3_m2: 3183s cycle=92; y2030__n5_p0.25_e0.5__n7_p1.25_e3_m2: 3183s cycle=91; y2030__n7_p1_e4_m2: 3183s cycle=100; y2035__n5_p0.25_e1__n7_p1_e4_m2: 3183s cycle=101; y2035__n5_p0.25_e0.5__n7_p1_e3_m2: 3183s cycle=100
09:45:02 [S44-HARNESS] heartbeat y2030__n5_p0.25_e1__n7_p1_e3_m2: 3243s cycle=93; y2030__n5_p0.25_e0.5__n7_p1.25_e3_m2: 3243s cycle=92; y2030__n7_p1_e4_m2: 3243s cycle=102; y2035__n5_p0.25_e1__n7_p1_e4_m2: 3243s cycle=103; y2035__n5_p0.25_e0.5__n7_p1_e3_m2: 3243s cycle=102
09:46:02 [S44-HARNESS] heartbeat y2030__n5_p0.25_e1__n7_p1_e3_m2: 3303s cycle=95; y2030__n5_p0.25_e0.5__n7_p1.25_e3_m2: 3303s cycle=94; y2030__n7_p1_e4_m2: 3303s cycle=103; y2035__n5_p0.25_e1__n7_p1_e4_m2: 3303s cycle=105; y2035__n5_p0.25_e0.5__n7_p1_e3_m2: 3303s cycle=104
09:47:02 [S44-HARNESS] heartbeat y2030__n5_p0.25_e1__n7_p1_e3_m2: 3363s cycle=97; y2030__n5_p0.25_e0.5__n7_p1.25_e3_m2: 3363s cycle=96; y2030__n7_p1_e4_m2: 3363s cycle=106; y2035__n5_p0.25_e1__n7_p1_e4_m2: 3363s cycle=107; y2035__n5_p0.25_e0.5__n7_p1_e3_m2: 3363s cycle=105
09:48:02 [S44-HARNESS] heartbeat y2030__n5_p0.25_e1__n7_p1_e3_m2: 3424s cycle=99; y2030__n5_p0.25_e0.5__n7_p1.25_e3_m2: 3424s cycle=98; y2030__n7_p1_e4_m2: 3424s cycle=108; y2035__n5_p0.25_e1__n7_p1_e4_m2: 3423s cycle=109; y2035__n5_p0.25_e0.5__n7_p1_e3_m2: 3423s cycle=107
09:49:02 [S44-HARNESS] heartbeat y2030__n5_p0.25_e1__n7_p1_e3_m2: 3484s cycle=101; y2030__n5_p0.25_e0.5__n7_p1.25_e3_m2: 3484s cycle=100; y2030__n7_p1_e4_m2: 3484s cycle=110; y2035__n5_p0.25_e1__n7_p1_e4_m2: 3484s cycle=111; y2035__n5_p0.25_e0.5__n7_p1_e3_m2: 3484s cycle=109
09:50:02 [S44-HARNESS] heartbeat y2030__n5_p0.25_e1__n7_p1_e3_m2: 3544s cycle=103; y2030__n5_p0.25_e0.5__n7_p1.25_e3_m2: 3544s cycle=102; y2030__n7_p1_e4_m2: 3544s cycle=111; y2035__n5_p0.25_e1__n7_p1_e4_m2: 3544s cycle=113; y2035__n5_p0.25_e0.5__n7_p1_e3_m2: 3544s cycle=111
09:51:03 [S44-HARNESS] heartbeat y2030__n5_p0.25_e1__n7_p1_e3_m2: 3604s cycle=104; y2030__n5_p0.25_e0.5__n7_p1.25_e3_m2: 3604s cycle=103; y2030__n7_p1_e4_m2: 3604s cycle=113; y2035__n5_p0.25_e1__n7_p1_e4_m2: 3604s cycle=115; y2035__n5_p0.25_e0.5__n7_p1_e3_m2: 3604s cycle=113
09:52:03 [S44-HARNESS] heartbeat y2030__n5_p0.25_e1__n7_p1_e3_m2: 3664s cycle=106; y2030__n5_p0.25_e0.5__n7_p1.25_e3_m2: 3664s cycle=105; y2030__n7_p1_e4_m2: 3664s cycle=115; y2035__n5_p0.25_e1__n7_p1_e4_m2: 3664s cycle=117; y2035__n5_p0.25_e0.5__n7_p1_e3_m2: 3664s cycle=115
09:53:03 [S44-HARNESS] heartbeat y2030__n5_p0.25_e1__n7_p1_e3_m2: 3724s cycle=108; y2030__n5_p0.25_e0.5__n7_p1.25_e3_m2: 3724s cycle=107; y2030__n7_p1_e4_m2: 3724s cycle=117; y2035__n5_p0.25_e1__n7_p1_e4_m2: 3724s cycle=119; y2035__n5_p0.25_e0.5__n7_p1_e3_m2: 3724s cycle=117
09:54:03 [S44-HARNESS] heartbeat y2030__n5_p0.25_e1__n7_p1_e3_m2: 3784s cycle=110; y2030__n5_p0.25_e0.5__n7_p1.25_e3_m2: 3784s cycle=109; y2030__n7_p1_e4_m2: 3784s cycle=119; y2035__n5_p0.25_e1__n7_p1_e4_m2: 3784s cycle=121; y2035__n5_p0.25_e0.5__n7_p1_e3_m2: 3784s cycle=119
09:55:03 [S44-HARNESS] heartbeat y2030__n5_p0.25_e1__n7_p1_e3_m2: 3844s cycle=112; y2030__n5_p0.25_e0.5__n7_p1.25_e3_m2: 3844s cycle=111; y2030__n7_p1_e4_m2: 3844s cycle=121; y2035__n5_p0.25_e1__n7_p1_e4_m2: 3844s cycle=123; y2035__n5_p0.25_e0.5__n7_p1_e3_m2: 3844s cycle=121
09:56:03 [S44-HARNESS] heartbeat y2030__n5_p0.25_e1__n7_p1_e3_m2: 3904s cycle=114; y2030__n5_p0.25_e0.5__n7_p1.25_e3_m2: 3904s cycle=113; y2030__n7_p1_e4_m2: 3904s cycle=123; y2035__n5_p0.25_e1__n7_p1_e4_m2: 3904s cycle=125; y2035__n5_p0.25_e0.5__n7_p1_e3_m2: 3904s cycle=123
09:57:03 [S44-HARNESS] heartbeat y2030__n5_p0.25_e1__n7_p1_e3_m2: 3964s cycle=115; y2030__n5_p0.25_e0.5__n7_p1.25_e3_m2: 3964s cycle=115; y2030__n7_p1_e4_m2: 3964s cycle=125; y2035__n5_p0.25_e1__n7_p1_e4_m2: 3964s cycle=127; y2035__n5_p0.25_e0.5__n7_p1_e3_m2: 3964s cycle=125
09:58:03 [S44-HARNESS] heartbeat y2030__n5_p0.25_e1__n7_p1_e3_m2: 4024s cycle=117; y2030__n5_p0.25_e0.5__n7_p1.25_e3_m2: 4024s cycle=117; y2030__n7_p1_e4_m2: 4024s cycle=127; y2035__n5_p0.25_e1__n7_p1_e4_m2: 4024s cycle=129; y2035__n5_p0.25_e0.5__n7_p1_e3_m2: 4024s cycle=127
09:59:03 [S44-HARNESS] heartbeat y2030__n5_p0.25_e1__n7_p1_e3_m2: 4084s cycle=119; y2030__n5_p0.25_e0.5__n7_p1.25_e3_m2: 4084s cycle=119; y2030__n7_p1_e4_m2: 4084s cycle=129; y2035__n5_p0.25_e1__n7_p1_e4_m2: 4084s cycle=131; y2035__n5_p0.25_e0.5__n7_p1_e3_m2: 4084s cycle=129
10:00:03 [S44-HARNESS] heartbeat y2030__n5_p0.25_e1__n7_p1_e3_m2: 4144s cycle=121; y2030__n5_p0.25_e0.5__n7_p1.25_e3_m2: 4144s cycle=120; y2030__n7_p1_e4_m2: 4144s cycle=131; y2035__n5_p0.25_e1__n7_p1_e4_m2: 4144s cycle=132; y2035__n5_p0.25_e0.5__n7_p1_e3_m2: 4144s cycle=131
10:01:03 [S44-HARNESS] heartbeat y2030__n5_p0.25_e1__n7_p1_e3_m2: 4204s cycle=123; y2030__n5_p0.25_e0.5__n7_p1.25_e3_m2: 4204s cycle=122; y2030__n7_p1_e4_m2: 4204s cycle=133; y2035__n5_p0.25_e1__n7_p1_e4_m2: 4204s cycle=134; y2035__n5_p0.25_e0.5__n7_p1_e3_m2: 4204s cycle=133
10:02:03 [S44-HARNESS] heartbeat y2030__n5_p0.25_e1__n7_p1_e3_m2: 4264s cycle=125; y2030__n5_p0.25_e0.5__n7_p1.25_e3_m2: 4264s cycle=124; y2030__n7_p1_e4_m2: 4264s cycle=135; y2035__n5_p0.25_e1__n7_p1_e4_m2: 4264s cycle=136; y2035__n5_p0.25_e0.5__n7_p1_e3_m2: 4264s cycle=135
10:03:03 [S44-HARNESS] heartbeat y2030__n5_p0.25_e1__n7_p1_e3_m2: 4324s cycle=127; y2030__n5_p0.25_e0.5__n7_p1.25_e3_m2: 4324s cycle=126; y2030__n7_p1_e4_m2: 4324s cycle=137; y2035__n5_p0.25_e1__n7_p1_e4_m2: 4324s cycle=138; y2035__n5_p0.25_e0.5__n7_p1_e3_m2: 4324s cycle=137
10:04:03 [S44-HARNESS] heartbeat y2030__n5_p0.25_e1__n7_p1_e3_m2: 4384s cycle=129; y2030__n5_p0.25_e0.5__n7_p1.25_e3_m2: 4384s cycle=128; y2030__n7_p1_e4_m2: 4384s cycle=139; y2035__n5_p0.25_e1__n7_p1_e4_m2: 4384s cycle=140; y2035__n5_p0.25_e0.5__n7_p1_e3_m2: 4384s cycle=139
10:05:03 [S44-HARNESS] heartbeat y2030__n5_p0.25_e1__n7_p1_e3_m2: 4444s cycle=130; y2030__n5_p0.25_e0.5__n7_p1.25_e3_m2: 4444s cycle=130; y2030__n7_p1_e4_m2: 4444s cycle=141; y2035__n5_p0.25_e1__n7_p1_e4_m2: 4444s cycle=142; y2035__n5_p0.25_e0.5__n7_p1_e3_m2: 4444s cycle=141
10:06:03 [S44-HARNESS] heartbeat y2030__n5_p0.25_e1__n7_p1_e3_m2: 4505s cycle=132; y2030__n5_p0.25_e0.5__n7_p1.25_e3_m2: 4505s cycle=132; y2030__n7_p1_e4_m2: 4505s cycle=143; y2035__n5_p0.25_e1__n7_p1_e4_m2: 4504s cycle=144; y2035__n5_p0.25_e0.5__n7_p1_e3_m2: 4504s cycle=143
10:07:03 [S44-HARNESS] heartbeat y2030__n5_p0.25_e1__n7_p1_e3_m2: 4565s cycle=134; y2030__n5_p0.25_e0.5__n7_p1.25_e3_m2: 4565s cycle=134; y2030__n7_p1_e4_m2: 4565s cycle=145; y2035__n5_p0.25_e1__n7_p1_e4_m2: 4565s cycle=146; y2035__n5_p0.25_e0.5__n7_p1_e3_m2: 4565s cycle=145
10:07:18 [S44-HARNESS] finished y2035__n5_p0.25_e1__n7_p1_e4_m2 pid=33322 exit=0 status=certified wall=4580s
10:07:53 [S44-HARNESS] finished y2035__n5_p0.25_e0.5__n7_p1_e3_m2 pid=33323 exit=0 status=certified wall=4615s
10:08:03 [S44-HARNESS] heartbeat y2030__n5_p0.25_e1__n7_p1_e3_m2: 4625s cycle=136; y2030__n5_p0.25_e0.5__n7_p1.25_e3_m2: 4625s cycle=136; y2030__n7_p1_e4_m2: 4625s cycle=148
10:09:04 [S44-HARNESS] heartbeat y2030__n5_p0.25_e1__n7_p1_e3_m2: 4685s cycle=138; y2030__n5_p0.25_e0.5__n7_p1.25_e3_m2: 4685s cycle=138; y2030__n7_p1_e4_m2: 4685s cycle=150
10:10:04 [S44-HARNESS] heartbeat y2030__n5_p0.25_e1__n7_p1_e3_m2: 4745s cycle=140; y2030__n5_p0.25_e0.5__n7_p1.25_e3_m2: 4745s cycle=140; y2030__n7_p1_e4_m2: 4745s cycle=152
10:11:04 [S44-HARNESS] heartbeat y2030__n5_p0.25_e1__n7_p1_e3_m2: 4805s cycle=143; y2030__n5_p0.25_e0.5__n7_p1.25_e3_m2: 4805s cycle=142; y2030__n7_p1_e4_m2: 4805s cycle=154
10:12:04 [S44-HARNESS] heartbeat y2030__n5_p0.25_e1__n7_p1_e3_m2: 4865s cycle=145; y2030__n5_p0.25_e0.5__n7_p1.25_e3_m2: 4865s cycle=144; y2030__n7_p1_e4_m2: 4865s cycle=156
10:13:04 [S44-HARNESS] heartbeat y2030__n5_p0.25_e1__n7_p1_e3_m2: 4925s cycle=146; y2030__n5_p0.25_e0.5__n7_p1.25_e3_m2: 4925s cycle=146; y2030__n7_p1_e4_m2: 4925s cycle=159
10:14:04 [S44-HARNESS] heartbeat y2030__n5_p0.25_e1__n7_p1_e3_m2: 4985s cycle=148; y2030__n5_p0.25_e0.5__n7_p1.25_e3_m2: 4985s cycle=148; y2030__n7_p1_e4_m2: 4985s cycle=161
10:15:04 [S44-HARNESS] heartbeat y2030__n5_p0.25_e1__n7_p1_e3_m2: 5045s cycle=150; y2030__n5_p0.25_e0.5__n7_p1.25_e3_m2: 5045s cycle=150; y2030__n7_p1_e4_m2: 5045s cycle=163
10:16:04 [S44-HARNESS] heartbeat y2030__n5_p0.25_e1__n7_p1_e3_m2: 5105s cycle=153; y2030__n5_p0.25_e0.5__n7_p1.25_e3_m2: 5105s cycle=152; y2030__n7_p1_e4_m2: 5105s cycle=165
10:17:04 [S44-HARNESS] heartbeat y2030__n5_p0.25_e1__n7_p1_e3_m2: 5165s cycle=155; y2030__n5_p0.25_e0.5__n7_p1.25_e3_m2: 5165s cycle=154; y2030__n7_p1_e4_m2: 5165s cycle=167
10:18:04 [S44-HARNESS] heartbeat y2030__n5_p0.25_e1__n7_p1_e3_m2: 5225s cycle=157; y2030__n5_p0.25_e0.5__n7_p1.25_e3_m2: 5225s cycle=156; y2030__n7_p1_e4_m2: 5225s cycle=169
10:19:04 [S44-HARNESS] heartbeat y2030__n5_p0.25_e1__n7_p1_e3_m2: 5285s cycle=159; y2030__n5_p0.25_e0.5__n7_p1.25_e3_m2: 5285s cycle=158; y2030__n7_p1_e4_m2: 5285s cycle=172
10:20:04 [S44-HARNESS] finished y2030__n5_p0.25_e1__n7_p1_e3_m2 pid=33319 exit=0 status=certified wall=5346s
10:20:04 [S44-HARNESS] heartbeat y2030__n5_p0.25_e0.5__n7_p1.25_e3_m2: 5346s cycle=160; y2030__n7_p1_e4_m2: 5346s cycle=174
10:20:39 [S44-HARNESS] finished y2030__n7_p1_e4_m2 pid=33321 exit=0 status=certified wall=5381s
10:21:05 [S44-HARNESS] heartbeat y2030__n5_p0.25_e0.5__n7_p1.25_e3_m2: 5406s cycle=162
10:22:05 [S44-HARNESS] heartbeat y2030__n5_p0.25_e0.5__n7_p1.25_e3_m2: 5466s cycle=164
10:23:05 [S44-HARNESS] heartbeat y2030__n5_p0.25_e0.5__n7_p1.25_e3_m2: 5526s cycle=167
10:24:05 [S44-HARNESS] heartbeat y2030__n5_p0.25_e0.5__n7_p1.25_e3_m2: 5586s cycle=169
10:25:05 [S44-HARNESS] heartbeat y2030__n5_p0.25_e0.5__n7_p1.25_e3_m2: 5646s cycle=171
10:26:05 [S44-HARNESS] heartbeat y2030__n5_p0.25_e0.5__n7_p1.25_e3_m2: 5706s cycle=173
10:27:05 [S44-HARNESS] heartbeat y2030__n5_p0.25_e0.5__n7_p1.25_e3_m2: 5766s cycle=175
10:28:05 [S44-HARNESS] heartbeat y2030__n5_p0.25_e0.5__n7_p1.25_e3_m2: 5826s cycle=177
10:29:05 [S44-HARNESS] heartbeat y2030__n5_p0.25_e0.5__n7_p1.25_e3_m2: 5886s cycle=179
10:30:05 [S44-HARNESS] heartbeat y2030__n5_p0.25_e0.5__n7_p1.25_e3_m2: 5946s cycle=181
10:31:05 [S44-HARNESS] heartbeat y2030__n5_p0.25_e0.5__n7_p1.25_e3_m2: 6006s cycle=184
10:32:05 [S44-HARNESS] heartbeat y2030__n5_p0.25_e0.5__n7_p1.25_e3_m2: 6066s cycle=186
10:33:05 [S44-HARNESS] heartbeat y2030__n5_p0.25_e0.5__n7_p1.25_e3_m2: 6126s cycle=188
10:34:05 [S44-HARNESS] heartbeat y2030__n5_p0.25_e0.5__n7_p1.25_e3_m2: 6187s cycle=190
10:35:05 [S44-HARNESS] heartbeat y2030__n5_p0.25_e0.5__n7_p1.25_e3_m2: 6247s cycle=193
10:36:05 [S44-HARNESS] heartbeat y2030__n5_p0.25_e0.5__n7_p1.25_e3_m2: 6307s cycle=195
10:37:06 [S44-HARNESS] heartbeat y2030__n5_p0.25_e0.5__n7_p1.25_e3_m2: 6367s cycle=197
10:38:06 [S44-HARNESS] heartbeat y2030__n5_p0.25_e0.5__n7_p1.25_e3_m2: 6427s cycle=200
10:39:06 [S44-HARNESS] heartbeat y2030__n5_p0.25_e0.5__n7_p1.25_e3_m2: 6487s cycle=202
10:40:06 [S44-HARNESS] heartbeat y2030__n5_p0.25_e0.5__n7_p1.25_e3_m2: 6547s cycle=204
10:41:06 [S44-HARNESS] heartbeat y2030__n5_p0.25_e0.5__n7_p1.25_e3_m2: 6607s cycle=206
10:42:06 [S44-HARNESS] heartbeat y2030__n5_p0.25_e0.5__n7_p1.25_e3_m2: 6667s cycle=209
10:43:06 [S44-HARNESS] heartbeat y2030__n5_p0.25_e0.5__n7_p1.25_e3_m2: 6727s cycle=211
10:44:06 [S44-HARNESS] heartbeat y2030__n5_p0.25_e0.5__n7_p1.25_e3_m2: 6787s cycle=213
10:45:06 [S44-HARNESS] heartbeat y2030__n5_p0.25_e0.5__n7_p1.25_e3_m2: 6847s cycle=215
10:46:06 [S44-HARNESS] heartbeat y2030__n5_p0.25_e0.5__n7_p1.25_e3_m2: 6907s cycle=218
10:47:06 [S44-HARNESS] heartbeat y2030__n5_p0.25_e0.5__n7_p1.25_e3_m2: 6967s cycle=220
10:48:06 [S44-HARNESS] heartbeat y2030__n5_p0.25_e0.5__n7_p1.25_e3_m2: 7027s cycle=222
10:49:06 [S44-HARNESS] heartbeat y2030__n5_p0.25_e0.5__n7_p1.25_e3_m2: 7087s cycle=224
10:50:06 [S44-HARNESS] heartbeat y2030__n5_p0.25_e0.5__n7_p1.25_e3_m2: 7147s cycle=226
10:51:06 [S44-HARNESS] heartbeat y2030__n5_p0.25_e0.5__n7_p1.25_e3_m2: 7207s cycle=228
10:52:06 [S44-HARNESS] heartbeat y2030__n5_p0.25_e0.5__n7_p1.25_e3_m2: 7268s cycle=231
10:53:06 [S44-HARNESS] heartbeat y2030__n5_p0.25_e0.5__n7_p1.25_e3_m2: 7328s cycle=233
10:54:06 [S44-HARNESS] heartbeat y2030__n5_p0.25_e0.5__n7_p1.25_e3_m2: 7388s cycle=235
10:55:07 [S44-HARNESS] heartbeat y2030__n5_p0.25_e0.5__n7_p1.25_e3_m2: 7448s cycle=237
10:56:07 [S44-HARNESS] heartbeat y2030__n5_p0.25_e0.5__n7_p1.25_e3_m2: 7508s cycle=239
10:57:07 [S44-HARNESS] heartbeat y2030__n5_p0.25_e0.5__n7_p1.25_e3_m2: 7568s cycle=242
10:58:07 [S44-HARNESS] heartbeat y2030__n5_p0.25_e0.5__n7_p1.25_e3_m2: 7628s cycle=244
10:59:07 [S44-HARNESS] heartbeat y2030__n5_p0.25_e0.5__n7_p1.25_e3_m2: 7688s cycle=246
11:00:07 [S44-HARNESS] heartbeat y2030__n5_p0.25_e0.5__n7_p1.25_e3_m2: 7748s cycle=248
11:01:07 [S44-HARNESS] heartbeat y2030__n5_p0.25_e0.5__n7_p1.25_e3_m2: 7808s cycle=250
11:02:07 [S44-HARNESS] heartbeat y2030__n5_p0.25_e0.5__n7_p1.25_e3_m2: 7868s cycle=253
11:03:07 [S44-HARNESS] heartbeat y2030__n5_p0.25_e0.5__n7_p1.25_e3_m2: 7928s cycle=255
11:04:07 [S44-HARNESS] heartbeat y2030__n5_p0.25_e0.5__n7_p1.25_e3_m2: 7988s cycle=257
11:05:07 [S44-HARNESS] heartbeat y2030__n5_p0.25_e0.5__n7_p1.25_e3_m2: 8048s cycle=260
11:06:07 [S44-HARNESS] heartbeat y2030__n5_p0.25_e0.5__n7_p1.25_e3_m2: 8108s cycle=262
11:07:07 [S44-HARNESS] heartbeat y2030__n5_p0.25_e0.5__n7_p1.25_e3_m2: 8168s cycle=264
11:08:07 [S44-HARNESS] heartbeat y2030__n5_p0.25_e0.5__n7_p1.25_e3_m2: 8229s cycle=266
11:09:08 [S44-HARNESS] heartbeat y2030__n5_p0.25_e0.5__n7_p1.25_e3_m2: 8289s cycle=268
11:10:08 [S44-HARNESS] heartbeat y2030__n5_p0.25_e0.5__n7_p1.25_e3_m2: 8349s cycle=271
11:11:08 [S44-HARNESS] heartbeat y2030__n5_p0.25_e0.5__n7_p1.25_e3_m2: 8409s cycle=273
11:12:08 [S44-HARNESS] heartbeat y2030__n5_p0.25_e0.5__n7_p1.25_e3_m2: 8469s cycle=275
11:13:08 [S44-HARNESS] heartbeat y2030__n5_p0.25_e0.5__n7_p1.25_e3_m2: 8529s cycle=277
11:14:08 [S44-HARNESS] heartbeat y2030__n5_p0.25_e0.5__n7_p1.25_e3_m2: 8589s cycle=280
11:15:08 [S44-HARNESS] heartbeat y2030__n5_p0.25_e0.5__n7_p1.25_e3_m2: 8649s cycle=282
11:16:08 [S44-HARNESS] heartbeat y2030__n5_p0.25_e0.5__n7_p1.25_e3_m2: 8709s cycle=284
11:17:08 [S44-HARNESS] heartbeat y2030__n5_p0.25_e0.5__n7_p1.25_e3_m2: 8770s cycle=286
11:18:09 [S44-HARNESS] heartbeat y2030__n5_p0.25_e0.5__n7_p1.25_e3_m2: 8830s cycle=289
11:19:09 [S44-HARNESS] heartbeat y2030__n5_p0.25_e0.5__n7_p1.25_e3_m2: 8890s cycle=291
11:20:09 [S44-HARNESS] heartbeat y2030__n5_p0.25_e0.5__n7_p1.25_e3_m2: 8950s cycle=293
11:21:09 [S44-HARNESS] heartbeat y2030__n5_p0.25_e0.5__n7_p1.25_e3_m2: 9010s cycle=295
11:22:09 [S44-HARNESS] heartbeat y2030__n5_p0.25_e0.5__n7_p1.25_e3_m2: 9070s cycle=298
11:23:09 [S44-HARNESS] heartbeat y2030__n5_p0.25_e0.5__n7_p1.25_e3_m2: 9130s cycle=300
11:24:09 [S44-HARNESS] heartbeat y2030__n5_p0.25_e0.5__n7_p1.25_e3_m2: 9190s cycle=303
11:25:09 [S44-HARNESS] heartbeat y2030__n5_p0.25_e0.5__n7_p1.25_e3_m2: 9250s cycle=305
11:26:09 [S44-HARNESS] heartbeat y2030__n5_p0.25_e0.5__n7_p1.25_e3_m2: 9311s cycle=307
11:27:10 [S44-HARNESS] heartbeat y2030__n5_p0.25_e0.5__n7_p1.25_e3_m2: 9371s cycle=310
11:28:10 [S44-HARNESS] heartbeat y2030__n5_p0.25_e0.5__n7_p1.25_e3_m2: 9431s cycle=312
11:29:10 [S44-HARNESS] heartbeat y2030__n5_p0.25_e0.5__n7_p1.25_e3_m2: 9491s cycle=314
11:30:10 [S44-HARNESS] heartbeat y2030__n5_p0.25_e0.5__n7_p1.25_e3_m2: 9551s cycle=317
11:31:10 [S44-HARNESS] heartbeat y2030__n5_p0.25_e0.5__n7_p1.25_e3_m2: 9611s cycle=319
11:32:10 [S44-HARNESS] heartbeat y2030__n5_p0.25_e0.5__n7_p1.25_e3_m2: 9671s cycle=321
11:33:10 [S44-HARNESS] heartbeat y2030__n5_p0.25_e0.5__n7_p1.25_e3_m2: 9731s cycle=324
11:34:10 [S44-HARNESS] heartbeat y2030__n5_p0.25_e0.5__n7_p1.25_e3_m2: 9791s cycle=326
11:35:10 [S44-HARNESS] heartbeat y2030__n5_p0.25_e0.5__n7_p1.25_e3_m2: 9852s cycle=328
11:36:11 [S44-HARNESS] heartbeat y2030__n5_p0.25_e0.5__n7_p1.25_e3_m2: 9912s cycle=330
11:37:11 [S44-HARNESS] heartbeat y2030__n5_p0.25_e0.5__n7_p1.25_e3_m2: 9972s cycle=333
11:38:11 [S44-HARNESS] heartbeat y2030__n5_p0.25_e0.5__n7_p1.25_e3_m2: 10032s cycle=335
11:38:56 [S44-HARNESS] finished y2030__n5_p0.25_e0.5__n7_p1.25_e3_m2 pid=33320 exit=0 status=certified wall=10077s
11:38:56 [S53-F2-CERT]   y2030__n5_p0.25_e1__n7_p1_e3_m2: status=certified cycles=161 Q=809788918.8597116 bar=5350.036754369736 m_readback=True rule_ten_gross=0.007850468658547107 solves=8277/8277
11:38:56 [S53-F2-CERT]   y2030__n5_p0.25_e0.5__n7_p1.25_e3_m2: status=certified cycles=337 Q=809895350.5724323 bar=2081.549512028694 m_readback=True rule_ten_gross=0.001402151688061767 solves=17264/17264
11:38:56 [S53-F2-CERT]   y2030__n7_p1_e4_m2: status=certified cycles=175 Q=809849424.6290908 bar=447.33702635765076 m_readback=True rule_ten_gross=0.003676379018917758 solves=8991/8991
11:38:56 [S53-F2-CERT]   y2035__n5_p0.25_e1__n7_p1_e4_m2: status=certified cycles=147 Q=810308971.0092944 bar=4020.4104676246643 m_readback=True rule_ten_gross=0.003260887687040013 solves=7548/7548
11:38:56 [S53-F2-CERT]   y2035__n5_p0.25_e0.5__n7_p1_e3_m2: status=certified cycles=147 Q=810481598.9705323 bar=654.8601212501526 m_readback=True rule_ten_gross=0.0012978062790899004 solves=7556/7556
11:38:56 [S53-F2-CERT] evaluating ['y2035__n5_p0.25_e1__n7_p1_e3_m2', 'y2035__n5_p0.25_e0.5__n7_p1_e4_m2'] (concurrency 5, m = 2)
11:38:56 [S44-HARNESS] launched y2035__n5_p0.25_e1__n7_p1_e3_m2 (key c86b1e05ce5549b0) pid=89394
11:38:56 [S44-HARNESS] launched y2035__n5_p0.25_e0.5__n7_p1_e4_m2 (key 0828588fcec96339) pid=89395
11:38:56 [S44-HARNESS] heartbeat y2035__n5_p0.25_e1__n7_p1_e3_m2: 0s cycle=None; y2035__n5_p0.25_e0.5__n7_p1_e4_m2: 0s cycle=None
11:39:56 [S44-HARNESS] heartbeat y2035__n5_p0.25_e1__n7_p1_e3_m2: 60s cycle=None; y2035__n5_p0.25_e0.5__n7_p1_e4_m2: 60s cycle=None
11:40:56 [S44-HARNESS] heartbeat y2035__n5_p0.25_e1__n7_p1_e3_m2: 120s cycle=2; y2035__n5_p0.25_e0.5__n7_p1_e4_m2: 120s cycle=2
11:41:56 [S44-HARNESS] heartbeat y2035__n5_p0.25_e1__n7_p1_e3_m2: 180s cycle=4; y2035__n5_p0.25_e0.5__n7_p1_e4_m2: 180s cycle=4
11:42:56 [S44-HARNESS] heartbeat y2035__n5_p0.25_e1__n7_p1_e3_m2: 240s cycle=6; y2035__n5_p0.25_e0.5__n7_p1_e4_m2: 240s cycle=6
11:43:56 [S44-HARNESS] heartbeat y2035__n5_p0.25_e1__n7_p1_e3_m2: 301s cycle=8; y2035__n5_p0.25_e0.5__n7_p1_e4_m2: 301s cycle=9
11:44:57 [S44-HARNESS] heartbeat y2035__n5_p0.25_e1__n7_p1_e3_m2: 361s cycle=11; y2035__n5_p0.25_e0.5__n7_p1_e4_m2: 361s cycle=11
11:45:57 [S44-HARNESS] heartbeat y2035__n5_p0.25_e1__n7_p1_e3_m2: 421s cycle=13; y2035__n5_p0.25_e0.5__n7_p1_e4_m2: 421s cycle=13
11:46:57 [S44-HARNESS] heartbeat y2035__n5_p0.25_e1__n7_p1_e3_m2: 481s cycle=15; y2035__n5_p0.25_e0.5__n7_p1_e4_m2: 481s cycle=15
11:47:57 [S44-HARNESS] heartbeat y2035__n5_p0.25_e1__n7_p1_e3_m2: 541s cycle=17; y2035__n5_p0.25_e0.5__n7_p1_e4_m2: 541s cycle=17
11:48:57 [S44-HARNESS] heartbeat y2035__n5_p0.25_e1__n7_p1_e3_m2: 601s cycle=19; y2035__n5_p0.25_e0.5__n7_p1_e4_m2: 601s cycle=19
11:49:57 [S44-HARNESS] heartbeat y2035__n5_p0.25_e1__n7_p1_e3_m2: 661s cycle=22; y2035__n5_p0.25_e0.5__n7_p1_e4_m2: 661s cycle=22
11:50:57 [S44-HARNESS] heartbeat y2035__n5_p0.25_e1__n7_p1_e3_m2: 721s cycle=24; y2035__n5_p0.25_e0.5__n7_p1_e4_m2: 721s cycle=24
11:51:57 [S44-HARNESS] heartbeat y2035__n5_p0.25_e1__n7_p1_e3_m2: 782s cycle=26; y2035__n5_p0.25_e0.5__n7_p1_e4_m2: 782s cycle=26
11:52:58 [S44-HARNESS] heartbeat y2035__n5_p0.25_e1__n7_p1_e3_m2: 842s cycle=28; y2035__n5_p0.25_e0.5__n7_p1_e4_m2: 842s cycle=28
11:53:58 [S44-HARNESS] heartbeat y2035__n5_p0.25_e1__n7_p1_e3_m2: 902s cycle=30; y2035__n5_p0.25_e0.5__n7_p1_e4_m2: 902s cycle=30
11:54:58 [S44-HARNESS] heartbeat y2035__n5_p0.25_e1__n7_p1_e3_m2: 962s cycle=33; y2035__n5_p0.25_e0.5__n7_p1_e4_m2: 962s cycle=33
11:55:58 [S44-HARNESS] heartbeat y2035__n5_p0.25_e1__n7_p1_e3_m2: 1022s cycle=35; y2035__n5_p0.25_e0.5__n7_p1_e4_m2: 1022s cycle=35
11:56:58 [S44-HARNESS] heartbeat y2035__n5_p0.25_e1__n7_p1_e3_m2: 1082s cycle=37; y2035__n5_p0.25_e0.5__n7_p1_e4_m2: 1082s cycle=37
11:57:58 [S44-HARNESS] heartbeat y2035__n5_p0.25_e1__n7_p1_e3_m2: 1142s cycle=39; y2035__n5_p0.25_e0.5__n7_p1_e4_m2: 1142s cycle=39
11:58:58 [S44-HARNESS] heartbeat y2035__n5_p0.25_e1__n7_p1_e3_m2: 1202s cycle=41; y2035__n5_p0.25_e0.5__n7_p1_e4_m2: 1202s cycle=41
11:59:58 [S44-HARNESS] heartbeat y2035__n5_p0.25_e1__n7_p1_e3_m2: 1262s cycle=44; y2035__n5_p0.25_e0.5__n7_p1_e4_m2: 1262s cycle=44
12:00:58 [S44-HARNESS] heartbeat y2035__n5_p0.25_e1__n7_p1_e3_m2: 1323s cycle=46; y2035__n5_p0.25_e0.5__n7_p1_e4_m2: 1323s cycle=46
12:01:59 [S44-HARNESS] heartbeat y2035__n5_p0.25_e1__n7_p1_e3_m2: 1383s cycle=48; y2035__n5_p0.25_e0.5__n7_p1_e4_m2: 1383s cycle=48
12:02:59 [S44-HARNESS] heartbeat y2035__n5_p0.25_e1__n7_p1_e3_m2: 1443s cycle=51; y2035__n5_p0.25_e0.5__n7_p1_e4_m2: 1443s cycle=50
12:03:59 [S44-HARNESS] heartbeat y2035__n5_p0.25_e1__n7_p1_e3_m2: 1503s cycle=53; y2035__n5_p0.25_e0.5__n7_p1_e4_m2: 1503s cycle=53
12:04:59 [S44-HARNESS] heartbeat y2035__n5_p0.25_e1__n7_p1_e3_m2: 1563s cycle=55; y2035__n5_p0.25_e0.5__n7_p1_e4_m2: 1563s cycle=55
12:05:59 [S44-HARNESS] heartbeat y2035__n5_p0.25_e1__n7_p1_e3_m2: 1623s cycle=57; y2035__n5_p0.25_e0.5__n7_p1_e4_m2: 1623s cycle=57
12:06:59 [S44-HARNESS] heartbeat y2035__n5_p0.25_e1__n7_p1_e3_m2: 1683s cycle=60; y2035__n5_p0.25_e0.5__n7_p1_e4_m2: 1683s cycle=59
12:07:59 [S44-HARNESS] heartbeat y2035__n5_p0.25_e1__n7_p1_e3_m2: 1743s cycle=62; y2035__n5_p0.25_e0.5__n7_p1_e4_m2: 1743s cycle=62
12:08:59 [S44-HARNESS] heartbeat y2035__n5_p0.25_e1__n7_p1_e3_m2: 1803s cycle=64; y2035__n5_p0.25_e0.5__n7_p1_e4_m2: 1803s cycle=64
12:09:59 [S44-HARNESS] heartbeat y2035__n5_p0.25_e1__n7_p1_e3_m2: 1864s cycle=66; y2035__n5_p0.25_e0.5__n7_p1_e4_m2: 1864s cycle=66
12:11:00 [S44-HARNESS] heartbeat y2035__n5_p0.25_e1__n7_p1_e3_m2: 1924s cycle=69; y2035__n5_p0.25_e0.5__n7_p1_e4_m2: 1924s cycle=69
12:12:00 [S44-HARNESS] heartbeat y2035__n5_p0.25_e1__n7_p1_e3_m2: 1984s cycle=71; y2035__n5_p0.25_e0.5__n7_p1_e4_m2: 1984s cycle=71
12:13:00 [S44-HARNESS] heartbeat y2035__n5_p0.25_e1__n7_p1_e3_m2: 2044s cycle=73; y2035__n5_p0.25_e0.5__n7_p1_e4_m2: 2044s cycle=73
12:14:00 [S44-HARNESS] heartbeat y2035__n5_p0.25_e1__n7_p1_e3_m2: 2104s cycle=75; y2035__n5_p0.25_e0.5__n7_p1_e4_m2: 2104s cycle=76
12:15:00 [S44-HARNESS] heartbeat y2035__n5_p0.25_e1__n7_p1_e3_m2: 2164s cycle=78; y2035__n5_p0.25_e0.5__n7_p1_e4_m2: 2164s cycle=78
12:16:00 [S44-HARNESS] heartbeat y2035__n5_p0.25_e1__n7_p1_e3_m2: 2224s cycle=80; y2035__n5_p0.25_e0.5__n7_p1_e4_m2: 2224s cycle=80
12:17:00 [S44-HARNESS] heartbeat y2035__n5_p0.25_e1__n7_p1_e3_m2: 2284s cycle=82; y2035__n5_p0.25_e0.5__n7_p1_e4_m2: 2284s cycle=82
12:18:00 [S44-HARNESS] heartbeat y2035__n5_p0.25_e1__n7_p1_e3_m2: 2345s cycle=85; y2035__n5_p0.25_e0.5__n7_p1_e4_m2: 2345s cycle=85
12:19:01 [S44-HARNESS] heartbeat y2035__n5_p0.25_e1__n7_p1_e3_m2: 2405s cycle=87; y2035__n5_p0.25_e0.5__n7_p1_e4_m2: 2405s cycle=87
12:20:01 [S44-HARNESS] heartbeat y2035__n5_p0.25_e1__n7_p1_e3_m2: 2465s cycle=89; y2035__n5_p0.25_e0.5__n7_p1_e4_m2: 2465s cycle=89
12:21:01 [S44-HARNESS] heartbeat y2035__n5_p0.25_e1__n7_p1_e3_m2: 2525s cycle=91; y2035__n5_p0.25_e0.5__n7_p1_e4_m2: 2525s cycle=91
12:22:01 [S44-HARNESS] heartbeat y2035__n5_p0.25_e1__n7_p1_e3_m2: 2585s cycle=93; y2035__n5_p0.25_e0.5__n7_p1_e4_m2: 2585s cycle=94
12:23:01 [S44-HARNESS] heartbeat y2035__n5_p0.25_e1__n7_p1_e3_m2: 2645s cycle=95; y2035__n5_p0.25_e0.5__n7_p1_e4_m2: 2645s cycle=96
12:24:01 [S44-HARNESS] heartbeat y2035__n5_p0.25_e1__n7_p1_e3_m2: 2705s cycle=97; y2035__n5_p0.25_e0.5__n7_p1_e4_m2: 2705s cycle=98
12:25:01 [S44-HARNESS] heartbeat y2035__n5_p0.25_e1__n7_p1_e3_m2: 2765s cycle=100; y2035__n5_p0.25_e0.5__n7_p1_e4_m2: 2765s cycle=101
12:26:01 [S44-HARNESS] heartbeat y2035__n5_p0.25_e1__n7_p1_e3_m2: 2825s cycle=102; y2035__n5_p0.25_e0.5__n7_p1_e4_m2: 2825s cycle=103
12:27:01 [S44-HARNESS] heartbeat y2035__n5_p0.25_e1__n7_p1_e3_m2: 2886s cycle=104; y2035__n5_p0.25_e0.5__n7_p1_e4_m2: 2886s cycle=105
12:28:02 [S44-HARNESS] heartbeat y2035__n5_p0.25_e1__n7_p1_e3_m2: 2946s cycle=107; y2035__n5_p0.25_e0.5__n7_p1_e4_m2: 2946s cycle=107
12:29:02 [S44-HARNESS] heartbeat y2035__n5_p0.25_e1__n7_p1_e3_m2: 3006s cycle=109; y2035__n5_p0.25_e0.5__n7_p1_e4_m2: 3006s cycle=110
12:30:02 [S44-HARNESS] heartbeat y2035__n5_p0.25_e1__n7_p1_e3_m2: 3066s cycle=111; y2035__n5_p0.25_e0.5__n7_p1_e4_m2: 3066s cycle=112
12:31:02 [S44-HARNESS] heartbeat y2035__n5_p0.25_e1__n7_p1_e3_m2: 3126s cycle=113; y2035__n5_p0.25_e0.5__n7_p1_e4_m2: 3126s cycle=114
12:32:02 [S44-HARNESS] heartbeat y2035__n5_p0.25_e1__n7_p1_e3_m2: 3186s cycle=116; y2035__n5_p0.25_e0.5__n7_p1_e4_m2: 3186s cycle=116
12:33:02 [S44-HARNESS] heartbeat y2035__n5_p0.25_e1__n7_p1_e3_m2: 3246s cycle=118; y2035__n5_p0.25_e0.5__n7_p1_e4_m2: 3246s cycle=119
12:34:02 [S44-HARNESS] heartbeat y2035__n5_p0.25_e1__n7_p1_e3_m2: 3306s cycle=120; y2035__n5_p0.25_e0.5__n7_p1_e4_m2: 3306s cycle=121
12:35:02 [S44-HARNESS] heartbeat y2035__n5_p0.25_e1__n7_p1_e3_m2: 3366s cycle=123; y2035__n5_p0.25_e0.5__n7_p1_e4_m2: 3366s cycle=123
12:36:02 [S44-HARNESS] heartbeat y2035__n5_p0.25_e1__n7_p1_e3_m2: 3426s cycle=125; y2035__n5_p0.25_e0.5__n7_p1_e4_m2: 3426s cycle=125
12:37:02 [S44-HARNESS] heartbeat y2035__n5_p0.25_e1__n7_p1_e3_m2: 3487s cycle=127; y2035__n5_p0.25_e0.5__n7_p1_e4_m2: 3487s cycle=128
12:38:03 [S44-HARNESS] heartbeat y2035__n5_p0.25_e1__n7_p1_e3_m2: 3547s cycle=129; y2035__n5_p0.25_e0.5__n7_p1_e4_m2: 3547s cycle=130
12:39:03 [S44-HARNESS] heartbeat y2035__n5_p0.25_e1__n7_p1_e3_m2: 3607s cycle=132; y2035__n5_p0.25_e0.5__n7_p1_e4_m2: 3607s cycle=132
12:40:03 [S44-HARNESS] heartbeat y2035__n5_p0.25_e1__n7_p1_e3_m2: 3667s cycle=134; y2035__n5_p0.25_e0.5__n7_p1_e4_m2: 3667s cycle=134
12:41:03 [S44-HARNESS] heartbeat y2035__n5_p0.25_e1__n7_p1_e3_m2: 3727s cycle=136; y2035__n5_p0.25_e0.5__n7_p1_e4_m2: 3727s cycle=137
12:42:03 [S44-HARNESS] finished y2035__n5_p0.25_e0.5__n7_p1_e4_m2 pid=89395 exit=0 status=certified wall=3787s
12:42:03 [S44-HARNESS] heartbeat y2035__n5_p0.25_e1__n7_p1_e3_m2: 3787s cycle=138
12:43:03 [S44-HARNESS] finished y2035__n5_p0.25_e1__n7_p1_e3_m2 pid=89394 exit=0 status=certified wall=3847s
12:43:03 [S53-F2-CERT]   y2035__n5_p0.25_e1__n7_p1_e3_m2: status=certified cycles=141 Q=810421134.1121745 bar=3222.9571660757065 m_readback=True rule_ten_gross=0.0038641189083760876 solves=7253/7253
12:43:03 [S53-F2-CERT]   y2035__n5_p0.25_e0.5__n7_p1_e4_m2: status=certified cycles=139 Q=810370415.7916028 bar=2656.4847288131714 m_readback=True rule_ten_gross=0.0028261687748992025 solves=7146/7146
12:43:03 [S53-F2-CERT] POLL k=4 t=21 Delta=1: incumbent=y2030__n5_p0.25_e0.5__n7_p1_e3.5 F=810787758.2559508 I=992268.1082843702 Q=809795490.1476665 bar=2248.5940684080124; distinct feasible poll points 10; completion triggered False; new=7 cache hits=3
12:43:03 [S53-F2-CERT]   snap dir 0 d=[1, 0, 0, 0, 0, 0, 0] rounded=[2, 1, 4, 7, 0, 0, 1] feasible=False reasons=['duration: node 5 E/P = 1 h outside [2, 4] h'] -> snapped y2030__n5_p0.25_e0.5__n7_p1_e3 decided_by=same_year_as_incumbent
12:43:03 [S53-F2-CERT]   snap dir 1 d=[0, 1, 0, -1, 1, 0, 0] rounded=[1, 2, 4, 6, 1, 0, 1] feasible=False reasons=['duration: node 9 P = 0 <=> E = 0 violated (P=0.25, E=0)'] -> snapped y2030__n5_p0.25_e1__n7_p1_e3 decided_by=l1_to_rounded
12:43:03 [S53-F2-CERT]   snap dir 2 d=[0, 0, 1, 0, 0, 0, 0] rounded=[1, 1, 5, 7, 0, 0, 1] feasible=False reasons=['budget: I(x) = 1039864.13 > B = 1e+06'] -> snapped y2030__n5_p0.25_e0.5__n7_p1.25_e3 decided_by=same_year_as_incumbent
12:43:03 [S53-F2-CERT]   snap dir 3 d=[0, -1, 0, 1, 1, 0, -1] rounded=[1, 0, 4, 8, 1, 0, 0] feasible=False reasons=['duration: node 5 P = 0 <=> E = 0 violated (P=0.25, E=0)', 'duration: node 9 P = 0 <=> E = 0 violated (P=0.25, E=0)'] -> snapped y2030__n7_p1_e4 decided_by=l1_to_rounded
12:43:03 [S53-F2-CERT]   snap dir 4 d=[0, 1, 0, 1, 1, 0, 1] rounded=[1, 2, 4, 8, 1, 0, 2] feasible=False reasons=['duration: node 9 P = 0 <=> E = 0 violated (P=0.25, E=0)'] -> snapped y2035__n5_p0.25_e1__n7_p1_e4 decided_by=l1_to_rounded
12:43:03 [S53-F2-CERT]   snap dir 5 d=[0, 0, 0, 0, 0, 1, 0] rounded=[1, 1, 4, 7, 0, 1, 1] feasible=False reasons=['duration: node 9 P = 0 <=> E = 0 violated (P=0, E=0.5)'] -> snapped y2030__n5_p0.25_e0.5__n7_p1_e3 decided_by=same_year_as_incumbent
12:43:03 [S53-F2-CERT]   snap dir 6 d=[0, 0, 0, -1, 0, 0, 1] rounded=[1, 1, 4, 6, 0, 0, 2] feasible=True reasons=[] -> feasible_as_rounded  decided_by=None
12:43:03 [S53-F2-CERT]   snap dir 7 d=[-1, 0, 0, 0, 0, 0, 0] rounded=[0, 1, 4, 7, 0, 0, 1] feasible=False reasons=['duration: node 5 P = 0 <=> E = 0 violated (P=0, E=0.5)'] -> snapped y2030__n7_p1_e3.5 decided_by=l1_to_rounded
12:43:03 [S53-F2-CERT]   snap dir 8 d=[0, -1, 0, 1, -1, 0, 0] rounded=[1, 0, 4, 8, -1, 0, 1] feasible=False reasons=['duration: node 5 P = 0 <=> E = 0 violated (P=0.25, E=0)', 'bound: node 9 negative capacity (P=-0.25, E=0)'] -> snapped y2030__n7_p1_e4 decided_by=l1_to_rounded
12:43:03 [S53-F2-CERT]   snap dir 9 d=[0, 0, -1, 0, 0, 0, 0] rounded=[1, 1, 3, 7, 0, 0, 1] feasible=False reasons=['duration: node 7 E/P = 4.66667 h outside [2, 4] h'] -> snapped y2030__n5_p0.25_e0.5__n7_p0.75_e3 decided_by=l1_to_rounded
12:43:03 [S53-F2-CERT]   snap dir 10 d=[0, 1, 0, -1, -1, 0, 1] rounded=[1, 2, 4, 6, -1, 0, 2] feasible=False reasons=['bound: node 9 negative capacity (P=-0.25, E=0)'] -> snapped y2035__n5_p0.25_e1__n7_p1_e3 decided_by=l1_to_rounded
12:43:03 [S53-F2-CERT]   snap dir 11 d=[0, -1, 0, -1, -1, 0, -1] rounded=[1, 0, 4, 6, -1, 0, 0] feasible=False reasons=['duration: node 5 P = 0 <=> E = 0 violated (P=0.25, E=0)', 'bound: node 9 negative capacity (P=-0.25, E=0)'] -> snapped y2030__n5_p0.25_e0.5__n7_p1_e3 decided_by=l1_to_incumbent
12:43:03 [S53-F2-CERT]   snap dir 12 d=[0, 0, 0, 0, 0, -1, 0] rounded=[1, 1, 4, 7, 0, -1, 1] feasible=False reasons=['bound: node 9 negative capacity (P=0, E=-0.5)'] -> snapped y2030__n5_p0.25_e0.5__n7_p1_e3 decided_by=same_year_as_incumbent
12:43:03 [S53-F2-CERT]   snap dir 13 d=[0, 0, 0, 1, 0, 0, -1] rounded=[1, 1, 4, 8, 0, 0, 0] feasible=False reasons=['budget: I(x) = 1462846.20 > B = 1e+06'] -> snapped y2035__n5_p0.25_e0.5__n7_p1_e4 decided_by=l1_to_rounded
12:43:03 [S53-F2-CERT]   [direction_snapped 0] label=y2030__n5_p0.25_e0.5__n7_p1_e3 I=897982.1086287401 disposition=cache_hit status=certified Q=809916214.2848953 F=810814196.393524 F_inc-F=-26438.137573242188 bar_sum=3705.8880903720856 sigma_Q=18449.663947025518 resolution=18449.663947025518 -> no_improvement
12:43:03 [S53-F2-CERT]   [direction_snapped 1] label=y2030__n5_p0.25_e1__n7_p1_e3 I=992268.1082843703 disposition=new_evaluation status=certified Q=809788918.8597116 F=810781186.967996 F_inc-F=6571.2879548072815 bar_sum=7598.630822777748 sigma_Q=18449.663947025518 resolution=18449.663947025518 -> indeterminate
12:43:03 [S53-F2-CERT]   [direction_snapped 2] label=y2030__n5_p0.25_e0.5__n7_p1.25_e3 I=945578.1308366059 disposition=new_evaluation status=certified Q=809895350.5724323 F=810840928.7032689 F_inc-F=-53170.44731807709 bar_sum=4330.1435804367065 sigma_Q=18449.663947025518 resolution=18449.663947025518 -> no_improvement
12:43:03 [S53-F2-CERT]   [direction_snapped 3] label=y2030__n7_p1_e4 I=944672.0860765043 disposition=new_evaluation status=certified Q=809849424.6290908 F=810794096.7151673 F_inc-F=-6338.459216475487 bar_sum=2695.931094765663 sigma_Q=18449.663947025518 resolution=18449.663947025518 -> no_improvement
12:43:03 [S53-F2-CERT]   [direction_snapped 4] label=y2035__n5_p0.25_e1__n7_p1_e4 I=989947.576746736 disposition=new_evaluation status=certified Q=810308971.0092944 F=811298918.5860411 F_inc-F=-511160.33009028435 bar_sum=6269.004536032677 sigma_Q=18449.663947025518 resolution=18449.663947025518 -> no_improvement
12:43:03 [S53-F2-CERT]   [direction_snapped 5] label=y2030__n5_p0.25_e0.5__n7_p1_e3 I=897982.1086287401 disposition=duplicate_of_direction_0 status=None Q=None F=None F_inc-F=None bar_sum=None sigma_Q=18449.663947025518 resolution=None -> dropped
12:43:03 [S53-F2-CERT]   [direction 6] label=y2035__n5_p0.25_e0.5__n7_p1_e3 I=752815.9034240403 disposition=new_evaluation status=certified Q=810481598.9705323 F=811234414.8739563 F_inc-F=-446656.61800551414 bar_sum=2903.454189658165 sigma_Q=18449.663947025518 resolution=18449.663947025518 -> no_improvement
12:43:03 [S53-F2-CERT]   [direction_snapped 7] label=y2030__n7_p1_e3.5 I=850386.0864208742 disposition=cache_hit status=certified Q=809960133.409277 F=810810519.4956979 F_inc-F=-22761.239747047424 bar_sum=16456.60815680027 sigma_Q=18449.663947025518 resolution=18449.663947025518 -> no_improvement
12:43:03 [S53-F2-CERT]   [direction_snapped 8] label=y2030__n7_p1_e4 I=944672.0860765043 disposition=duplicate_of_direction_3 status=None Q=None F=None F_inc-F=None bar_sum=None sigma_Q=18449.663947025518 resolution=None -> dropped
12:43:03 [S53-F2-CERT]   [direction_snapped 9] label=y2030__n5_p0.25_e0.5__n7_p0.75_e3 I=850386.0864208742 disposition=cache_hit status=certified Q=809965545.0530776 F=810815931.1394985 F_inc-F=-28172.88354766369 bar_sum=3349.34266269207 sigma_Q=18449.663947025518 resolution=18449.663947025518 -> no_improvement
12:43:03 [S53-F2-CERT]   [direction_snapped 10] label=y2035__n5_p0.25_e1__n7_p1_e3 I=831859.7945316054 disposition=new_evaluation status=certified Q=810421134.1121745 F=811252993.9067061 F_inc-F=-465235.6507552862 bar_sum=5471.551234483719 sigma_Q=18449.663947025518 resolution=18449.663947025518 -> no_improvement
12:43:03 [S53-F2-CERT]   [direction_snapped 11] label=y2030__n5_p0.25_e0.5__n7_p1_e3 I=897982.1086287401 disposition=duplicate_of_direction_0 status=None Q=None F=None F_inc-F=None bar_sum=None sigma_Q=18449.663947025518 resolution=None -> dropped
12:43:03 [S53-F2-CERT]   [direction_snapped 12] label=y2030__n5_p0.25_e0.5__n7_p1_e3 I=897982.1086287401 disposition=duplicate_of_direction_0 status=None Q=None F=None F_inc-F=None bar_sum=None sigma_Q=18449.663947025518 resolution=None -> dropped
12:43:03 [S53-F2-CERT]   [direction_snapped 13] label=y2035__n5_p0.25_e0.5__n7_p1_e4 I=910903.6856391708 disposition=new_evaluation status=certified Q=810370415.7916028 F=811281319.477242 F_inc-F=-493561.2212911844 bar_sum=4905.078797221184 sigma_Q=18449.663947025518 resolution=18449.663947025518 -> no_improvement
12:43:03 [S53-F2-CERT]   decision=failure_at_unit_mesh next_incumbent=y2030__n5_p0.25_e0.5__n7_p1_e3.5
12:43:03 [S53-F2-CERT] campaign lock released
12:43:05 [S53-F2-CERT] FLEXIBILITY-PRICE SCENARIO m = 2 (MODEL VARIANT -- flexibility price x 2); NOT the baseline. Every figure in this stage is a figure of that scenario.
12:43:05 [S53-F2-CERT] termination: {'reason': 'poll_failure_at_unit_mesh', 'poll_size_reached': 1}
12:43:05 [S53-F2-CERT] termination certificate: {'statement': 'POLL FAILURE AT UNIT MESH over the recorded poll set: every point of the final poll set (the 2n rounded directions after snapping, plus the completion when it was triggered) was evaluated or read from the cache and none is a determinate improvement (F(inc) - F(x) > max(bar_x + bar_inc, sigma_Q)); indeterminate points are listed unresolved; barrier points are F = +inf. SCOPE, recorded in the certificate itself (`scope`): the claim is "poll failure over the recorded poll set at unit mesh"; it is a positive-spanning-set certificate ONLY if the poll displacement set positively spans R^7 (rank and an LP test, recorded for the poll set and for the full feasible box, never assumed); unless the completion was triggered it is NOT the full-box certificate of ruling A2; whether the incumbent is interior (every signed unit step inc +- e_i feasible) is recorded with the nodes at the lower bound and the budget slack; every feasible box neighbour outside the poll set is listed by identity -- those in the cache with F, F(x) - F(inc), the resolution and a SYMMETRIC class (better: F(inc) - F(x) > res; worse: F(x) - F(inc) > res; otherwise INDETERMINATE), at zero evaluation cost; those not in the cache as not evaluated. The certificate does NOT hold if any cached box neighbour is determinately better than the incumbent.', 'incumbent': 'y2030__n5_p0.25_e0.5__n7_p1_e3.5', 'poll_index': 4, 'halton_t': 21, 'poll_set': [{'label': 'y2030__n5_p0.25_e0.5__n7_p1_e3', 'poll_part': 'direction_snapped', 'direction_index': 0, 'disposition': 'cache_hit', 'outcome': 'no_improvement', 'F_eur': 810814196.393524, 'F_inc_minus_F_eur': -26438.137573242188, 'resolution_eur': 18449.663947025518, 'comparison_vs_incumbent': 'worse'}, {'label': 'y2030__n5_p0.25_e1__n7_p1_e3', 'poll_part': 'direction_snapped', 'direction_index': 1, 'disposition': 'new_evaluation', 'outcome': 'indeterminate', 'F_eur': 810781186.967996, 'F_inc_minus_F_eur': 6571.2879548072815, 'resolution_eur': 18449.663947025518, 'comparison_vs_incumbent': 'indeterminate'}, {'label': 'y2030__n5_p0.25_e0.5__n7_p1.25_e3', 'poll_part': 'direction_snapped', 'direction_index': 2, 'disposition': 'new_evaluation', 'outcome': 'no_improvement', 'F_eur': 810840928.7032689, 'F_inc_minus_F_eur': -53170.44731807709, 'resolution_eur': 18449.663947025518, 'comparison_vs_incumbent': 'worse'}, {'label': 'y2030__n7_p1_e4', 'poll_part': 'direction_snapped', 'direction_index': 3, 'disposition': 'new_evaluation', 'outcome': 'no_improvement', 'F_eur': 810794096.7151673, 'F_inc_minus_F_eur': -6338.459216475487, 'resolution_eur': 18449.663947025518, 'comparison_vs_incumbent': 'indeterminate'}, {'label': 'y2035__n5_p0.25_e1__n7_p1_e4', 'poll_part': 'direction_snapped', 'direction_index': 4, 'disposition': 'new_evaluation', 'outcome': 'no_improvement', 'F_eur': 811298918.5860411, 'F_inc_minus_F_eur': -511160.33009028435, 'resolution_eur': 18449.663947025518, 'comparison_vs_incumbent': 'worse'}, {'label': 'y2035__n5_p0.25_e0.5__n7_p1_e3', 'poll_part': 'direction', 'direction_index': 6, 'disposition': 'new_evaluation', 'outcome': 'no_improvement', 'F_eur': 811234414.8739563, 'F_inc_minus_F_eur': -446656.61800551414, 'resolution_eur': 18449.663947025518, 'comparison_vs_incumbent': 'worse'}, {'label': 'y2030__n7_p1_e3.5', 'poll_part': 'direction_snapped', 'direction_index': 7, 'disposition': 'cache_hit', 'outcome': 'no_improvement', 'F_eur': 810810519.4956979, 'F_inc_minus_F_eur': -22761.239747047424, 'resolution_eur': 18449.663947025518, 'comparison_vs_incumbent': 'worse'}, {'label': 'y2030__n5_p0.25_e0.5__n7_p0.75_e3', 'poll_part': 'direction_snapped', 'direction_index': 9, 'disposition': 'cache_hit', 'outcome': 'no_improvement', 'F_eur': 810815931.1394985, 'F_inc_minus_F_eur': -28172.88354766369, 'resolution_eur': 18449.663947025518, 'comparison_vs_incumbent': 'worse'}, {'label': 'y2035__n5_p0.25_e1__n7_p1_e3', 'poll_part': 'direction_snapped', 'direction_index': 10, 'disposition': 'new_evaluation', 'outcome': 'no_improvement', 'F_eur': 811252993.9067061, 'F_inc_minus_F_eur': -465235.6507552862, 'resolution_eur': 18449.663947025518, 'comparison_vs_incumbent': 'worse'}, {'label': 'y2035__n5_p0.25_e0.5__n7_p1_e4', 'poll_part': 'direction_snapped', 'direction_index': 13, 'disposition': 'new_evaluation', 'outcome': 'no_improvement', 'F_eur': 811281319.477242, 'F_inc_minus_F_eur': -493561.2212911844, 'resolution_eur': 18449.663947025518, 'comparison_vs_incumbent': 'worse'}], 'n_poll_points': 10, 'all_poll_points_resolved': True, 'n_no_improvement': 9, 'n_indeterminate_unresolved': 1, 'n_barrier': 0, 'n_improvement': 0, 'completion_triggered': False, 'box_neighbourhood': {'n_feasible': 61, 'n_in_poll_set': 10, 'n_outside_poll_set': 51, 'outside_poll_set': [{'label': 'y2025__n7_p0.75_e3', 'in_poll_set': False, 'in_cache': True, 'I_x_eur': 953871.0255106755}, {'label': 'y2030__n7_p0.75_e3', 'in_poll_set': False, 'in_cache': True, 'I_x_eur': 708504.0645573783}, {'label': 'y2035__n7_p0.75_e3', 'in_poll_set': False, 'in_cache': False, 'I_x_eur': 593968.5460480415}, {'label': 'y2030__n7_p0.75_e3__n9_p0.25_e0.5', 'in_poll_set': False, 'in_cache': True, 'I_x_eur': 850386.0864208742}, {'label': 'y2035__n7_p0.75_e3__n9_p0.25_e0.5', 'in_poll_set': False, 'in_cache': False, 'I_x_eur': 712914.1702898236}, {'label': 'y2030__n7_p1_e3', 'in_poll_set': False, 'in_cache': True, 'I_x_eur': 756100.0867652441}, {'label': 'y2035__n7_p1_e3', 'in_poll_set': False, 'in_cache': False, 'I_x_eur': 633870.2791822583}, {'label': 'y2030__n7_p1_e3__n9_p0.25_e0.5', 'in_poll_set': False, 'in_cache': True, 'I_x_eur': 897982.1086287401}, {'label': 'y2035__n7_p1_e3__n9_p0.25_e0.5', 'in_poll_set': False, 'in_cache': False, 'I_x_eur': 752815.9034240403}, {'label': 'y2035__n7_p1_e3.5', 'in_poll_set': False, 'in_cache': False, 'I_x_eur': 712914.1702898236}, {'label': 'y2030__n7_p1_e3.5__n9_p0.25_e0.5', 'in_poll_set': False, 'in_cache': True, 'I_x_eur': 992268.1082843702}, {'label': 'y2035__n7_p1_e3.5__n9_p0.25_e0.5', 'in_poll_set': False, 'in_cache': False, 'I_x_eur': 831859.7945316056}, {'label': 'y2035__n7_p1_e4', 'in_poll_set': False, 'in_cache': False, 'I_x_eur': 791958.0613973888}, {'label': 'y2035__n7_p1_e4__n9_p0.25_e0.5', 'in_poll_set': False, 'in_cache': False, 'I_x_eur': 910903.6856391708}, {'label': 'y2030__n7_p1.25_e3', 'in_poll_set': False, 'in_cache': False, 'I_x_eur': 803696.10897311}, {'label': 'y2035__n7_p1.25_e3', 'in_poll_set': False, 'in_cache': False, 'I_x_eur': 673772.012316475}, {'label': 'y2030__n7_p1.25_e3__n9_p0.25_e0.5', 'in_poll_set': False, 'in_cache': False, 'I_x_eur': 945578.1308366059}, {'label': 'y2035__n7_p1.25_e3__n9_p0.25_e0.5', 'in_poll_set': False, 'in_cache': False, 'I_x_eur': 792717.636558257}, {'label': 'y2030__n7_p1.25_e3.5', 'in_poll_set': False, 'in_cache': False, 'I_x_eur': 897982.1086287401}, {'label': 'y2035__n7_p1.25_e3.5', 'in_poll_set': False, 'in_cache': False, 'I_x_eur': 752815.9034240403}, {'label': 'y2035__n7_p1.25_e3.5__n9_p0.25_e0.5', 'in_poll_set': False, 'in_cache': False, 'I_x_eur': 871761.5276658223}, {'label': 'y2030__n7_p1.25_e4', 'in_poll_set': False, 'in_cache': False, 'I_x_eur': 992268.1082843702}, {'label': 'y2035__n7_p1.25_e4', 'in_poll_set': False, 'in_cache': False, 'I_x_eur': 831859.7945316056}, {'label': 'y2035__n7_p1.25_e4__n9_p0.25_e0.5', 'in_poll_set': False, 'in_cache': False, 'I_x_eur': 950805.4187733876}, {'label': 'y2035__n5_p0.25_e0.5__n7_p0.75_e3', 'in_poll_set': False, 'in_cache': False, 'I_x_eur': 712914.1702898236}, {'label': 'y2030__n5_p0.25_e0.5__n7_p0.75_e3__n9_p0.25_e0.5', 'in_poll_set': False, 'in_cache': True, 'I_x_eur': 992268.1082843702}, {'label': 'y2035__n5_p0.25_e0.5__n7_p0.75_e3__n9_p0.25_e0.5', 'in_poll_set': False, 'in_cache': False, 'I_x_eur': 831859.7945316056}, {'label': 'y2035__n5_p0.25_e0.5__n7_p1_e3__n9_p0.25_e0.5', 'in_poll_set': False, 'in_cache': False, 'I_x_eur': 871761.5276658223}, {'label': 'y2035__n5_p0.25_e0.5__n7_p1_e3.5', 'in_poll_set': False, 'in_cache': False, 'I_x_eur': 831859.7945316056}, {'label': 'y2035__n5_p0.25_e0.5__n7_p1_e3.5__n9_p0.25_e0.5', 'in_poll_set': False, 'in_cache': False, 'I_x_eur': 950805.4187733876}, {'label': 'y2035__n5_p0.25_e0.5__n7_p1.25_e3', 'in_poll_set': False, 'in_cache': False, 'I_x_eur': 792717.636558257}, {'label': 'y2035__n5_p0.25_e0.5__n7_p1.25_e3__n9_p0.25_e0.5', 'in_poll_set': False, 'in_cache': False, 'I_x_eur': 911663.260800039}, {'label': 'y2035__n5_p0.25_e0.5__n7_p1.25_e3.5', 'in_poll_set': False, 'in_cache': False, 'I_x_eur': 871761.5276658223}, {'label': 'y2035__n5_p0.25_e0.5__n7_p1.25_e3.5__n9_p0.25_e0.5', 'in_poll_set': False, 'in_cache': False, 'I_x_eur': 990707.1519076043}, {'label': 'y2035__n5_p0.25_e0.5__n7_p1.25_e4', 'in_poll_set': False, 'in_cache': False, 'I_x_eur': 950805.4187733876}, {'label': 'y2030__n5_p0.25_e1__n7_p0.75_e3', 'in_poll_set': False, 'in_cache': False, 'I_x_eur': 944672.0860765043}, {'label': 'y2035__n5_p0.25_e1__n7_p0.75_e3', 'in_poll_set': False, 'in_cache': False, 'I_x_eur': 791958.0613973888}, {'label': 'y2035__n5_p0.25_e1__n7_p0.75_e3__n9_p0.25_e0.5', 'in_poll_set': False, 'in_cache': False, 'I_x_eur': 910903.6856391708}, {'label': 'y2035__n5_p0.25_e1__n7_p1_e3__n9_p0.25_e0.5', 'in_poll_set': False, 'in_cache': False, 'I_x_eur': 950805.4187733874}, {'label': 'y2035__n5_p0.25_e1__n7_p1_e3.5', 'in_poll_set': False, 'in_cache': False, 'I_x_eur': 910903.6856391707}, {'label': 'y2035__n5_p0.25_e1__n7_p1.25_e3', 'in_poll_set': False, 'in_cache': False, 'I_x_eur': 871761.5276658223}, {'label': 'y2035__n5_p0.25_e1__n7_p1.25_e3__n9_p0.25_e0.5', 'in_poll_set': False, 'in_cache': False, 'I_x_eur': 990707.1519076043}, {'label': 'y2035__n5_p0.25_e1__n7_p1.25_e3.5', 'in_poll_set': False, 'in_cache': False, 'I_x_eur': 950805.4187733876}, {'label': 'y2030__n5_p0.5_e1__n7_p0.75_e3', 'in_poll_set': False, 'in_cache': False, 'I_x_eur': 992268.1082843703}, {'label': 'y2035__n5_p0.5_e1__n7_p0.75_e3', 'in_poll_set': False, 'in_cache': False, 'I_x_eur': 831859.7945316054}, {'label': 'y2035__n5_p0.5_e1__n7_p0.75_e3__n9_p0.25_e0.5', 'in_poll_set': False, 'in_cache': False, 'I_x_eur': 950805.4187733874}, {'label': 'y2035__n5_p0.5_e1__n7_p1_e3', 'in_poll_set': False, 'in_cache': False, 'I_x_eur': 871761.5276658222}, {'label': 'y2035__n5_p0.5_e1__n7_p1_e3__n9_p0.25_e0.5', 'in_poll_set': False, 'in_cache': False, 'I_x_eur': 990707.1519076042}, {'label': 'y2035__n5_p0.5_e1__n7_p1_e3.5', 'in_poll_set': False, 'in_cache': False, 'I_x_eur': 950805.4187733874}, {'label': 'y2035__n5_p0.5_e1__n7_p1.25_e3', 'in_poll_set': False, 'in_cache': False, 'I_x_eur': 911663.2608000389}, {'label': 'y2035__n5_p0.5_e1__n7_p1.25_e3.5', 'in_poll_set': False, 'in_cache': False, 'I_x_eur': 990707.1519076042}], 'is_the_full_box_certificate': False}, 'spanning': {'n_vectors': 10, 'rank': 5, 'zero_strictly_interior': False, 'positively_spans_R7': False, 'signed_unit_vectors_not_in_cone': ['+zP5', '+zE5', '-zE5', '+zP7', '-zP7', '+zE7', '+zP9', '-zP9', '+zE9', '-zE9', '-zY'], 'method': 'rank: numpy.linalg.matrix_rank; positive spanning: rank == 7 and linprog(A_eq = D, b_eq = 0, lambda >= 1) feasible (HiGHS); cone membership of +-e_i: linprog(A_eq = D, b_eq = e_i, lambda >= 0)'}, 'cached_box_neighbours': {'rule': 'every feasible box neighbour of the incumbent (||z - inc||_inf <= 1) in the cache and outside the poll set; comparison_vs_incumbent is SYMMETRIC: better if F(inc) - F(x) > res, worse if F(x) - F(inc) > res, otherwise INDETERMINATE (res = max(bar_x + bar_inc, sigma_Q)); poll_outcome_rule_A4 is PB.classify, recorded beside it', 'n': 7, 'counts_by_class': {'better': 0, 'worse': 5, 'indeterminate': 2, 'barrier': 0}, 'rows': [{'label': 'y2025__n7_p0.75_e3', 'eval_key': 'f3aa335e6c1eda6950712aec00aff122d4578760f0dd02ff64996b95998eaace', 'z': [0, 0, 3, 6, 0, 0, 0], 'I_x_eur': 953871.0255106755, 'status': 'certified', 'Q_eur': 809936004.2872474, 'F_eur': 810889875.3127581, 'bar_eur': 1196.60147190094, 'incumbent_bar_eur': 2248.5940684080124, 'sigma_Q_eur': 18449.663947025518, 'resolution_eur': 18449.663947025518, 'F_minus_F_inc_eur': 102117.05680727959, 'comparison_vs_incumbent': 'worse', 'poll_outcome_rule_A4': 'no_improvement', 'source': 's51_f2_ladder'}, {'label': 'y2030__n7_p0.75_e3', 'eval_key': '8e4c220e4d03411bfb3caf8e5c50fc752addcf737b582d73faefcd86fada87c3', 'z': [0, 0, 3, 6, 0, 0, 1], 'I_x_eur': 708504.0645573783, 'status': 'certified', 'Q_eur': 810139913.559661, 'F_eur': 810848417.6242185, 'bar_eur': 11989.033246278763, 'incumbent_bar_eur': 2248.5940684080124, 'sigma_Q_eur': 18449.663947025518, 'resolution_eur': 18449.663947025518, 'F_minus_F_inc_eur': 60659.36826765537, 'comparison_vs_incumbent': 'worse', 'poll_outcome_rule_A4': 'no_improvement', 'source': 's51_f2_phase_b'}, {'label': 'y2030__n7_p0.75_e3__n9_p0.25_e0.5', 'eval_key': '7db09f6c11a99cd173cd4ed2a0e69b643ef689f974387d669a88936472f2b3cd', 'z': [0, 0, 3, 6, 1, 1, 1], 'I_x_eur': 850386.0864208742, 'status': 'certified', 'Q_eur': 809972127.2115817, 'F_eur': 810822513.2980026, 'bar_eur': 1081.746101617813, 'incumbent_bar_eur': 2248.5940684080124, 'sigma_Q_eur': 18449.663947025518, 'resolution_eur': 18449.663947025518, 'F_minus_F_inc_eur': 34755.042051792145, 'comparison_vs_incumbent': 'worse', 'poll_outcome_rule_A4': 'no_improvement', 'source': 's51_f2_phase_b'}, {'label': 'y2030__n7_p1_e3', 'eval_key': '76c7806434358b47dea377831341c3c9d3a25fe9a24c1ebcd8ae48010c86428b', 'z': [0, 0, 4, 6, 0, 0, 1], 'I_x_eur': 756100.0867652441, 'status': 'certified', 'Q_eur': 810081212.8342348, 'F_eur': 810837312.9210001, 'bar_eur': 1242.0573258399963, 'incumbent_bar_eur': 2248.5940684080124, 'sigma_Q_eur': 18449.663947025518, 'resolution_eur': 18449.663947025518, 'F_minus_F_inc_eur': 49554.6650493145, 'comparison_vs_incumbent': 'worse', 'poll_outcome_rule_A4': 'no_improvement', 'source': 's51_f2_phase_b'}, {'label': 'y2030__n7_p1_e3__n9_p0.25_e0.5', 'eval_key': '45aa25a6d2a5945507c58ff8a3d3649f3d771a9d597e9f38dbd425c7e677d2c6', 'z': [0, 0, 4, 6, 1, 1, 1], 'I_x_eur': 897982.1086287401, 'status': 'certified', 'Q_eur': 809921835.7487029, 'F_eur': 810819817.8573316, 'bar_eur': 2444.070065498352, 'incumbent_bar_eur': 2248.5940684080124, 'sigma_Q_eur': 18449.663947025518, 'resolution_eur': 18449.663947025518, 'F_minus_F_inc_eur': 32059.601380825043, 'comparison_vs_incumbent': 'worse', 'poll_outcome_rule_A4': 'no_improvement', 'source': 's51_f2_phase_b'}, {'label': 'y2030__n7_p1_e3.5__n9_p0.25_e0.5', 'eval_key': '7c45555407d8f3e8b08ef3ad85bebf3509918fee21d044e3fcc3a6690eb4bbec', 'z': [0, 0, 4, 7, 1, 1, 1], 'I_x_eur': 992268.1082843702, 'status': 'certified', 'Q_eur': 809801074.2830775, 'F_eur': 810793342.3913618, 'bar_eur': 6750.284273982048, 'incumbent_bar_eur': 2248.5940684080124, 'sigma_Q_eur': 18449.663947025518, 'resolution_eur': 18449.663947025518, 'F_minus_F_inc_eur': 5584.135411024094, 'comparison_vs_incumbent': 'indeterminate', 'poll_outcome_rule_A4': 'no_improvement', 'source': 's51_f2_phase_b'}, {'label': 'y2030__n5_p0.25_e0.5__n7_p0.75_e3__n9_p0.25_e0.5', 'eval_key': 'b2251bc53ca992aa50579a57ea15f54d939fd47ccbebaf078d8e7c36b300ea4e', 'z': [1, 1, 3, 6, 1, 1, 1], 'I_x_eur': 992268.1082843702, 'status': 'certified', 'Q_eur': 809806167.3731737, 'F_eur': 810798435.4814581, 'bar_eur': 1836.4507006406784, 'incumbent_bar_eur': 2248.5940684080124, 'sigma_Q_eur': 18449.663947025518, 'resolution_eur': 18449.663947025518, 'F_minus_F_inc_eur': 10677.225507259369, 'comparison_vs_incumbent': 'indeterminate', 'poll_outcome_rule_A4': 'no_improvement', 'source': 's51_f2_phase_b'}], 'determinately_better': []}, 'scope': {'claim': 'poll failure over the recorded poll set at unit mesh, NOT a positive-spanning-set certificate, NOT the full-box certificate', 'positive_spanning_set_certificate': False, 'full_box_certificate': False, 'statement': "The claim is poll failure over the recorded poll set at unit mesh, NOT a positive-spanning-set certificate, NOT the full-box certificate. The incumbent y2030__n5_p0.25_e0.5__n7_p1_e3.5 is NOT interior: nodes at the lower bound (zero capacity) [9], budget slack 7731.89 EUR of 1e+06, 2 of 14 signed unit steps feasible. The poll displacement set (10 vectors) has rank 5 and does NOT positively span R^7; the full feasible box (61 points) has rank 6 and does NOT positively span R^7. 51 of 61 feasible box neighbours lie outside the poll set: 7 in the cache ({'better': 0, 'worse': 5, 'indeterminate': 2, 'barrier': 0}), 44 not evaluated.", 'incumbent_position': {'definition': 'interior = every signed unit step inc +- e_i (the 7 coordinates) is bound-, rule- and budget-feasible', 'interior': False, 'signed_unit_steps': [{'step': '+zP5', 'feasible': False, 'reasons': ['duration: node 5 E/P = 1 h outside [2, 4] h']}, {'step': '-zP5', 'feasible': False, 'reasons': ['duration: node 5 P = 0 <=> E = 0 violated (P=0, E=0.5)']}, {'step': '+zE5', 'feasible': False, 'reasons': ['budget: I(x) = 1086554.11 > B = 1e+06']}, {'step': '-zE5', 'feasible': False, 'reasons': ['duration: node 5 P = 0 <=> E = 0 violated (P=0.25, E=0)']}, {'step': '+zP7', 'feasible': False, 'reasons': ['budget: I(x) = 1039864.13 > B = 1e+06']}, {'step': '-zP7', 'feasible': False, 'reasons': ['duration: node 7 E/P = 4.66667 h outside [2, 4] h']}, {'step': '+zE7', 'feasible': False, 'reasons': ['budget: I(x) = 1086554.11 > B = 1e+06']}, {'step': '-zE7', 'feasible': True, 'reasons': []}, {'step': '+zP9', 'feasible': False, 'reasons': ['duration: node 9 P = 0 <=> E = 0 violated (P=0.25, E=0)']}, {'step': '-zP9', 'feasible': False, 'reasons': ['bound: node 9 negative capacity (P=-0.25, E=0)']}, {'step': '+zE9', 'feasible': False, 'reasons': ['duration: node 9 P = 0 <=> E = 0 violated (P=0, E=0.5)']}, {'step': '-zE9', 'feasible': False, 'reasons': ['bound: node 9 negative capacity (P=0, E=-0.5)']}, {'step': '+zY', 'feasible': True, 'reasons': []}, {'step': '-zY', 'feasible': False, 'reasons': ['budget: I(x) = 1335907.37 > B = 1e+06']}], 'n_feasible_signed_unit_steps': 2, 'nodes_at_lower_bound': [9], 'year_index': 1, 'year': 2030, 'I_x_eur': 992268.1082843702, 'budget_eur': 1000000.0, 'budget_slack_eur': 7731.891715629841, 'raw_box_offsets_rejected_by_class': {'bound': 1215, 'duration': 1599, 'budget': 106}, 'n_raw_box_offsets': 2186, 'n_box_budget_rejected_points': 106}, 'poll_set_spanning': {'n_vectors': 10, 'rank': 5, 'zero_strictly_interior': False, 'positively_spans_R7': False, 'signed_unit_vectors_not_in_cone': ['+zP5', '+zE5', '-zE5', '+zP7', '-zP7', '+zE7', '+zP9', '-zP9', '+zE9', '-zE9', '-zY'], 'method': 'rank: numpy.linalg.matrix_rank; positive spanning: rank == 7 and linprog(A_eq = D, b_eq = 0, lambda >= 1) feasible (HiGHS); cone membership of +-e_i: linprog(A_eq = D, b_eq = e_i, lambda >= 0)'}, 'full_box_spanning': {'n_vectors': 61, 'rank': 6, 'zero_strictly_interior': False, 'positively_spans_R7': False, 'signed_unit_vectors_not_in_cone': ['+zP5', '+zE5', '-zE5', '+zP7', '+zE7', '+zP9', '-zP9', '+zE9', '-zE9', '-zY'], 'method': 'rank: numpy.linalg.matrix_rank; positive spanning: rank == 7 and linprog(A_eq = D, b_eq = 0, lambda >= 1) feasible (HiGHS); cone membership of +-e_i: linprog(A_eq = D, b_eq = e_i, lambda >= 0)'}, 'n_box_neighbours_feasible': 61, 'n_box_neighbours_in_poll_set': 10, 'n_box_neighbours_outside_poll_set': 51, 'box_neighbours_outside_poll_set': [{'label': 'y2025__n7_p0.75_e3', 'eval_key': 'f3aa335e6c1eda6950712aec00aff122d4578760f0dd02ff64996b95998eaace', 'z': [0, 0, 3, 6, 0, 0, 0], 'I_x_eur': 953871.0255106755, 'status': 'cached_worse'}, {'label': 'y2030__n7_p0.75_e3', 'eval_key': '8e4c220e4d03411bfb3caf8e5c50fc752addcf737b582d73faefcd86fada87c3', 'z': [0, 0, 3, 6, 0, 0, 1], 'I_x_eur': 708504.0645573783, 'status': 'cached_worse'}, {'label': 'y2035__n7_p0.75_e3', 'eval_key': 'a6b8c6b496de1dff1620cc377c8e4a628d7476d077a0197b39256e13821629ca', 'z': [0, 0, 3, 6, 0, 0, 2], 'I_x_eur': 593968.5460480415, 'status': 'not_evaluated'}, {'label': 'y2030__n7_p0.75_e3__n9_p0.25_e0.5', 'eval_key': '7db09f6c11a99cd173cd4ed2a0e69b643ef689f974387d669a88936472f2b3cd', 'z': [0, 0, 3, 6, 1, 1, 1], 'I_x_eur': 850386.0864208742, 'status': 'cached_worse'}, {'label': 'y2035__n7_p0.75_e3__n9_p0.25_e0.5', 'eval_key': '885072bc686f7f427e6f3e5a66ee77890e5b49981762d766663e63f1336955aa', 'z': [0, 0, 3, 6, 1, 1, 2], 'I_x_eur': 712914.1702898236, 'status': 'not_evaluated'}, {'label': 'y2030__n7_p1_e3', 'eval_key': '76c7806434358b47dea377831341c3c9d3a25fe9a24c1ebcd8ae48010c86428b', 'z': [0, 0, 4, 6, 0, 0, 1], 'I_x_eur': 756100.0867652441, 'status': 'cached_worse'}, {'label': 'y2035__n7_p1_e3', 'eval_key': '56a92a954738d7ceaafe633ebd58e1edf083831979430c3a6293922e439de48c', 'z': [0, 0, 4, 6, 0, 0, 2], 'I_x_eur': 633870.2791822583, 'status': 'not_evaluated'}, {'label': 'y2030__n7_p1_e3__n9_p0.25_e0.5', 'eval_key': '45aa25a6d2a5945507c58ff8a3d3649f3d771a9d597e9f38dbd425c7e677d2c6', 'z': [0, 0, 4, 6, 1, 1, 1], 'I_x_eur': 897982.1086287401, 'status': 'cached_worse'}, {'label': 'y2035__n7_p1_e3__n9_p0.25_e0.5', 'eval_key': '8cb3753f68489cbf5487fb0490313a9cb3f9cbb165d44e1e7a0570c33e7db5f1', 'z': [0, 0, 4, 6, 1, 1, 2], 'I_x_eur': 752815.9034240403, 'status': 'not_evaluated'}, {'label': 'y2035__n7_p1_e3.5', 'eval_key': 'e2a4c19ac71f33ef903888810174e276837970ac29feab85af64b68113dbe88c', 'z': [0, 0, 4, 7, 0, 0, 2], 'I_x_eur': 712914.1702898236, 'status': 'not_evaluated'}, {'label': 'y2030__n7_p1_e3.5__n9_p0.25_e0.5', 'eval_key': '7c45555407d8f3e8b08ef3ad85bebf3509918fee21d044e3fcc3a6690eb4bbec', 'z': [0, 0, 4, 7, 1, 1, 1], 'I_x_eur': 992268.1082843702, 'status': 'cached_indeterminate'}, {'label': 'y2035__n7_p1_e3.5__n9_p0.25_e0.5', 'eval_key': 'c14c36798dd1ea5f9eb58a869129083e62d273a351f1bb1b3aac17172512910d', 'z': [0, 0, 4, 7, 1, 1, 2], 'I_x_eur': 831859.7945316056, 'status': 'not_evaluated'}, {'label': 'y2035__n7_p1_e4', 'eval_key': 'bf185e38816e1fd61de0ac7b61277256ebb91ee8b1ea1e3c4527105efdabca3f', 'z': [0, 0, 4, 8, 0, 0, 2], 'I_x_eur': 791958.0613973888, 'status': 'not_evaluated'}, {'label': 'y2035__n7_p1_e4__n9_p0.25_e0.5', 'eval_key': '266160b4c4c88106e4cb328873457f8187ec832034bcd4bc64cfe8fa0f37b454', 'z': [0, 0, 4, 8, 1, 1, 2], 'I_x_eur': 910903.6856391708, 'status': 'not_evaluated'}, {'label': 'y2030__n7_p1.25_e3', 'eval_key': '1dea52ab074021379afa888976a789fe984a2a6e8c250ae209a9eb19492a0a17', 'z': [0, 0, 5, 6, 0, 0, 1], 'I_x_eur': 803696.10897311, 'status': 'not_evaluated'}, {'label': 'y2035__n7_p1.25_e3', 'eval_key': '2dd6007337b47bfc74ac74b93d1b9b6ae2fd497153dfa279b048920a0a1e134d', 'z': [0, 0, 5, 6, 0, 0, 2], 'I_x_eur': 673772.012316475, 'status': 'not_evaluated'}, {'label': 'y2030__n7_p1.25_e3__n9_p0.25_e0.5', 'eval_key': '540e84bfbe7bf72078555f40fc2f84fe96e17beda31a5e6a6c372a0158d38f2e', 'z': [0, 0, 5, 6, 1, 1, 1], 'I_x_eur': 945578.1308366059, 'status': 'not_evaluated'}, {'label': 'y2035__n7_p1.25_e3__n9_p0.25_e0.5', 'eval_key': '8e4078ebea7a519d05450a2fe4f5690946b3526d8b07d795b4280ae1f5672296', 'z': [0, 0, 5, 6, 1, 1, 2], 'I_x_eur': 792717.636558257, 'status': 'not_evaluated'}, {'label': 'y2030__n7_p1.25_e3.5', 'eval_key': 'ed75957bb76b6be2fe6e89356b2fd24f6ceaa705f46652f033be4e44b8fe0b83', 'z': [0, 0, 5, 7, 0, 0, 1], 'I_x_eur': 897982.1086287401, 'status': 'not_evaluated'}, {'label': 'y2035__n7_p1.25_e3.5', 'eval_key': '23ef7384c71496e555a040c9e4506df2c6fe00f1053cf69eb834418930ba0538', 'z': [0, 0, 5, 7, 0, 0, 2], 'I_x_eur': 752815.9034240403, 'status': 'not_evaluated'}, {'label': 'y2035__n7_p1.25_e3.5__n9_p0.25_e0.5', 'eval_key': 'b5d9b9ca15849cc1b57e7ef3d43c72dc5c78875906ebc5b0b10eacd568348c3d', 'z': [0, 0, 5, 7, 1, 1, 2], 'I_x_eur': 871761.5276658223, 'status': 'not_evaluated'}, {'label': 'y2030__n7_p1.25_e4', 'eval_key': '1ba65834a7facbe2e4f8cedff7498aac0e95df0071de2f8543384a23bd1dcf37', 'z': [0, 0, 5, 8, 0, 0, 1], 'I_x_eur': 992268.1082843702, 'status': 'not_evaluated'}, {'label': 'y2035__n7_p1.25_e4', 'eval_key': '1f51ecf27b10716c53c290cd2da756e2c766549243285494597b2db6e8395e2f', 'z': [0, 0, 5, 8, 0, 0, 2], 'I_x_eur': 831859.7945316056, 'status': 'not_evaluated'}, {'label': 'y2035__n7_p1.25_e4__n9_p0.25_e0.5', 'eval_key': '553ae920e57ce5b2971e85c4c928372adbd1afd52139605dd1cdc4b70f4182f7', 'z': [0, 0, 5, 8, 1, 1, 2], 'I_x_eur': 950805.4187733876, 'status': 'not_evaluated'}, {'label': 'y2035__n5_p0.25_e0.5__n7_p0.75_e3', 'eval_key': '9bce12a4a5f497279cda05898c3d19a73eb2b57624db42d978fed98377f95aa9', 'z': [1, 1, 3, 6, 0, 0, 2], 'I_x_eur': 712914.1702898236, 'status': 'not_evaluated'}, {'label': 'y2030__n5_p0.25_e0.5__n7_p0.75_e3__n9_p0.25_e0.5', 'eval_key': 'b2251bc53ca992aa50579a57ea15f54d939fd47ccbebaf078d8e7c36b300ea4e', 'z': [1, 1, 3, 6, 1, 1, 1], 'I_x_eur': 992268.1082843702, 'status': 'cached_indeterminate'}, {'label': 'y2035__n5_p0.25_e0.5__n7_p0.75_e3__n9_p0.25_e0.5', 'eval_key': 'af58e7363ed92759fcfd90ab5dbf992bae6e038f8d64d95382b74677543413e5', 'z': [1, 1, 3, 6, 1, 1, 2], 'I_x_eur': 831859.7945316056, 'status': 'not_evaluated'}, {'label': 'y2035__n5_p0.25_e0.5__n7_p1_e3__n9_p0.25_e0.5', 'eval_key': 'de84b5ca832fa6f628171b7c75dcf789b8bb040a09dc75f6fc179b2f23a026f2', 'z': [1, 1, 4, 6, 1, 1, 2], 'I_x_eur': 871761.5276658223, 'status': 'not_evaluated'}, {'label': 'y2035__n5_p0.25_e0.5__n7_p1_e3.5', 'eval_key': '8e310488717f436ae407b96b7887c3f389228ffbc60d2f1794d538784dbbaf68', 'z': [1, 1, 4, 7, 0, 0, 2], 'I_x_eur': 831859.7945316056, 'status': 'not_evaluated'}, {'label': 'y2035__n5_p0.25_e0.5__n7_p1_e3.5__n9_p0.25_e0.5', 'eval_key': 'a6ed45ad414aed38f3f2668c28991d1817d30b19d7f1ce97d50c2b073c7c55b7', 'z': [1, 1, 4, 7, 1, 1, 2], 'I_x_eur': 950805.4187733876, 'status': 'not_evaluated'}, {'label': 'y2035__n5_p0.25_e0.5__n7_p1.25_e3', 'eval_key': 'bbdd668772b46f61727f78a9be03bebeace54f5f7b3a5159e9926266a1127ddd', 'z': [1, 1, 5, 6, 0, 0, 2], 'I_x_eur': 792717.636558257, 'status': 'not_evaluated'}, {'label': 'y2035__n5_p0.25_e0.5__n7_p1.25_e3__n9_p0.25_e0.5', 'eval_key': '13fae6e6b69d13bcd666111420619fd6e2df3eecfc9b3a5afa103db99a590972', 'z': [1, 1, 5, 6, 1, 1, 2], 'I_x_eur': 911663.260800039, 'status': 'not_evaluated'}, {'label': 'y2035__n5_p0.25_e0.5__n7_p1.25_e3.5', 'eval_key': '0de427a2d5d8002a7e413528f6ab046adb6d7be41146c30be56a68c2e7c9cf11', 'z': [1, 1, 5, 7, 0, 0, 2], 'I_x_eur': 871761.5276658223, 'status': 'not_evaluated'}, {'label': 'y2035__n5_p0.25_e0.5__n7_p1.25_e3.5__n9_p0.25_e0.5', 'eval_key': 'bd764da9d5c1e3a54345b016aba336ae33fe69463f4b7e81987823e250ae9477', 'z': [1, 1, 5, 7, 1, 1, 2], 'I_x_eur': 990707.1519076043, 'status': 'not_evaluated'}, {'label': 'y2035__n5_p0.25_e0.5__n7_p1.25_e4', 'eval_key': '708a8f8f458fbb8630ad8e35001af7ae8ecc7b51e3ff53f03d868b6f7367a885', 'z': [1, 1, 5, 8, 0, 0, 2], 'I_x_eur': 950805.4187733876, 'status': 'not_evaluated'}, {'label': 'y2030__n5_p0.25_e1__n7_p0.75_e3', 'eval_key': '6ec4e8fdaa74405c3cadbb3b8dfa8d7c646b129eeea6e06deb6b4ba5fd7cef0c', 'z': [1, 2, 3, 6, 0, 0, 1], 'I_x_eur': 944672.0860765043, 'status': 'not_evaluated'}, {'label': 'y2035__n5_p0.25_e1__n7_p0.75_e3', 'eval_key': 'e74459ef24dff0bae97688227f5f5a5b36582f554284e497bd71ec7c7c0b1bc7', 'z': [1, 2, 3, 6, 0, 0, 2], 'I_x_eur': 791958.0613973888, 'status': 'not_evaluated'}, {'label': 'y2035__n5_p0.25_e1__n7_p0.75_e3__n9_p0.25_e0.5', 'eval_key': '170b488dec48fa8830f3ea462af55005684a364408b9c9a08c2894ad4a2454ca', 'z': [1, 2, 3, 6, 1, 1, 2], 'I_x_eur': 910903.6856391708, 'status': 'not_evaluated'}, {'label': 'y2035__n5_p0.25_e1__n7_p1_e3__n9_p0.25_e0.5', 'eval_key': '271a9ed99dc75c89d85fb651c47ab00c529d2f14fce2800426963e92a8d2fc48', 'z': [1, 2, 4, 6, 1, 1, 2], 'I_x_eur': 950805.4187733874, 'status': 'not_evaluated'}, {'label': 'y2035__n5_p0.25_e1__n7_p1_e3.5', 'eval_key': '2b196e694a22b0c451f9f1e103b0b214fcba0e13fa648f4bf7c12ed9f3bd42cd', 'z': [1, 2, 4, 7, 0, 0, 2], 'I_x_eur': 910903.6856391707, 'status': 'not_evaluated'}, {'label': 'y2035__n5_p0.25_e1__n7_p1.25_e3', 'eval_key': '078dd48b637b3aec77722fb4fc0ea8ca2c258d590912b7caaba206083909c905', 'z': [1, 2, 5, 6, 0, 0, 2], 'I_x_eur': 871761.5276658223, 'status': 'not_evaluated'}, {'label': 'y2035__n5_p0.25_e1__n7_p1.25_e3__n9_p0.25_e0.5', 'eval_key': '19f609f666d74eef97bd8c78abb1d1189199b57c5e91e7e65e919aa60be19a90', 'z': [1, 2, 5, 6, 1, 1, 2], 'I_x_eur': 990707.1519076043, 'status': 'not_evaluated'}, {'label': 'y2035__n5_p0.25_e1__n7_p1.25_e3.5', 'eval_key': 'e7ebda9122ddaf0d8e81eb9b4b38ba999717d9d5148ed29ed09d2c109ba65ce5', 'z': [1, 2, 5, 7, 0, 0, 2], 'I_x_eur': 950805.4187733876, 'status': 'not_evaluated'}, {'label': 'y2030__n5_p0.5_e1__n7_p0.75_e3', 'eval_key': 'e3a2cdb440f3b486484e2aa66819797c7900ecdc405db6bbf6ca80725ff6b886', 'z': [2, 2, 3, 6, 0, 0, 1], 'I_x_eur': 992268.1082843703, 'status': 'not_evaluated'}, {'label': 'y2035__n5_p0.5_e1__n7_p0.75_e3', 'eval_key': 'cb3aa6117bce2c81e732be372a32f6a08f2b16be740bfe58ae3ba5dac7d1181a', 'z': [2, 2, 3, 6, 0, 0, 2], 'I_x_eur': 831859.7945316054, 'status': 'not_evaluated'}, {'label': 'y2035__n5_p0.5_e1__n7_p0.75_e3__n9_p0.25_e0.5', 'eval_key': '393304a73c18558277394d06450c4f2c2086fc6e8de4132348a34c3b308c4601', 'z': [2, 2, 3, 6, 1, 1, 2], 'I_x_eur': 950805.4187733874, 'status': 'not_evaluated'}, {'label': 'y2035__n5_p0.5_e1__n7_p1_e3', 'eval_key': '9242ff1316ef4c717b965dc848e18c24463395f66534ec82657cf53ccd07f95c', 'z': [2, 2, 4, 6, 0, 0, 2], 'I_x_eur': 871761.5276658222, 'status': 'not_evaluated'}, {'label': 'y2035__n5_p0.5_e1__n7_p1_e3__n9_p0.25_e0.5', 'eval_key': 'fcec82a5e191da9b2277224964df87291f43cdbb2a445d17f2b6bf9b9c53c7a1', 'z': [2, 2, 4, 6, 1, 1, 2], 'I_x_eur': 990707.1519076042, 'status': 'not_evaluated'}, {'label': 'y2035__n5_p0.5_e1__n7_p1_e3.5', 'eval_key': '581bbcf3349929f3dbffdee3a37b7fd052b2463417f2da24d206244df661d159', 'z': [2, 2, 4, 7, 0, 0, 2], 'I_x_eur': 950805.4187733874, 'status': 'not_evaluated'}, {'label': 'y2035__n5_p0.5_e1__n7_p1.25_e3', 'eval_key': '993e4f49ab78d702af2763f0d6c5242b715ec13f902e762c658d8494ccbb5edd', 'z': [2, 2, 5, 6, 0, 0, 2], 'I_x_eur': 911663.2608000389, 'status': 'not_evaluated'}, {'label': 'y2035__n5_p0.5_e1__n7_p1.25_e3.5', 'eval_key': 'a9faf913e36c2020c32232c0ac7206c195ab3d8618ae6f07e976aa220bf0272c', 'z': [2, 2, 5, 7, 0, 0, 2], 'I_x_eur': 990707.1519076042, 'status': 'not_evaluated'}], 'n_outside_cached': 7, 'n_outside_not_evaluated': 44, 'outside_cached_counts_by_class': {'better': 0, 'worse': 5, 'indeterminate': 2, 'barrier': 0}}, 'holds': True}
12:43:05 [S53-F2-CERT] final incumbent: {'label': 'y2030__n5_p0.25_e0.5__n7_p1_e3.5', 'eval_key': '5ca4f86c3406c0424d3b63b8f39df4568f1be77f7f2d72642491539c0eb42663', 'z': (1, 1, 4, 7, 0, 0, 1), 'I': 992268.1082843702, 'Q': 809795490.1476665, 'F': 810787758.2559508, 'bar': 2248.5940684080124}
12:43:05 [S53-F2-CERT] polls 1; new evaluations 7 of 60; barrier evaluations 0
12:43:05 [S53-F2-CERT] unresolved indeterminate at the final poll: [{'label': 'y2030__n5_p0.25_e1__n7_p1_e3', 'F_eur': 810781186.967996, 'F_inc_minus_F_eur': 6571.2879548072815, 'resolution_eur': 18449.663947025518}]
12:43:05 [S53-F2-CERT] guards: {'s53_parent': {'permitted_solve': 0, 'permitted_exec': 0, 'blocked_solve': 0, 'blocked_exec': 0}, 'parent': {'permitted_solve': 0, 'permitted_exec': 0, 'blocked_solve': 0, 'blocked_exec': 0}, 'phase_b_record_parent': {'permitted_solve': 0, 'permitted_exec': 0, 'blocked_solve': 0, 'blocked_exec': 0}, 'f2_ladder_parent': {'permitted_solve': 0, 'permitted_exec': 0, 'blocked_solve': 0, 'blocked_exec': 0}, 'marginal_parent': {'permitted_solve': 0, 'permitted_exec': 0, 'blocked_solve': 0, 'blocked_exec': 0}, 'ladder_parent': {'permitted_solve': 0, 'permitted_exec': 0, 'blocked_solve': 0, 'blocked_exec': 0}, 'w25_module': {'permitted_solve': 0, 'permitted_exec': 0, 'blocked_solve': 0, 'blocked_exec': 0}}; verify0 failures={'s53_parent': [], 'parent': [], 'phase_b_record_parent': [], 'f2_ladder_parent': [], 'marginal_parent': [], 'ladder_parent': [], 'w25_module': []}
12:43:05 [S53-F2-CERT] OK: poll failure at unit mesh; the certificate holds (scope: CERTIFICATE_STATEMENT)
