18:22:00 [W89-REEVAL] integrity (W88 reproduced, self-tests, cross-check): True {'w88_per_cell_equal': {'c_star': True, 'n7_4h_e1': True, 'x0': True}, 'w88_self_tests_equal': True, 'w88_R_equal': True, 'w88_fallback_cells_equal': True, 'w88_integrity_ok_committed': True, 'self_tests_all_as_declared': True, 'acceptance_cross_check_agrees': {'c_star': True, 'n7_4h_e1': True, 'x0': True}}
18:22:01 [W89-REEVAL] P5.15 Addendum 46 ruling 7, W89 step 1 -- G6 v32: the terminal round judged on the final accepted attempt per block (superseded attempts counted and reported, never judged on floor status); the W86 tight-tail re-certification re-evaluated from its persisted records under v32 (zero solves); v32 69449731af8b8c620ecac45627d7d9d10126a87dc7e0b05af125907bce764a28
18:22:01 [W89-REEVAL] self-test T1 (record) ok=True observed=[]
18:22:01 [W89-REEVAL] self-test T2 (record) ok=True observed=['compl_inf_tol_in_force']
18:22:01 [W89-REEVAL] self-test T3 (record) ok=True observed=['options_list_agrees']
18:22:01 [W89-REEVAL] self-test T4 (record) ok=True observed=['parse_reason_beyond_not_applicable']
18:22:01 [W89-REEVAL] self-test T5 (record) ok=True observed=['not_applicable_outside_declared_class']
18:22:01 [W89-REEVAL] self-test T6 (population) ok=True pass=False bad_records=0 block_failures=[] nv_false=['terminal_judged_applicable_ge_B'] superseded=2 v31=None
18:22:01 [W89-REEVAL] self-test T7 (population) ok=True pass=True bad_records=0 block_failures=[] nv_false=[] superseded=0 v31=None
18:22:01 [W89-REEVAL] self-test T8 (population) ok=True pass=False bad_records=0 block_failures=['final_accepted_attempt_floor_not_at'] nv_false=[] superseded=0 v31=None
18:22:01 [W89-REEVAL] self-test T9 (record) ok=True observed=[]
18:22:01 [W89-REEVAL] self-test T10 (count) ok=True non_vacuous=False
18:22:01 [W89-REEVAL] self-test T11 (population) ok=True pass=False bad_records=0 block_failures=['final_accepted_attempt_floor_not_at'] nv_false=[] superseded=1 v31={'n_bad': 2, 'fails': True, 'failures': ['terminal_floor_status_not_at']}
18:22:01 [W89-REEVAL] self-test T12 (population) ok=True pass=True bad_records=0 block_failures=[] nv_false=[] superseded=1 v31={'n_bad': 1, 'fails': True, 'failures': ['terminal_floor_status_not_at']}
18:22:01 [W89-REEVAL] self-test T13 (population) ok=True pass=False bad_records=0 block_failures=['no_accepted_attempt'] nv_false=['terminal_judged_applicable_ge_B'] superseded=2 v31=None
18:22:01 [W89-REEVAL] self-test T14 (population) ok=True pass=False bad_records=0 block_failures=['no_accepted_attempt'] nv_false=[] superseded=0 v31=None
18:22:01 [W89-REEVAL] self-test T15 (population) ok=True pass=False bad_records=0 block_failures=['superseded_attempt_accepted'] nv_false=[] superseded=1 v31=None
18:22:01 [W89-REEVAL] self-test T16 (population) ok=True pass=False bad_records=0 block_failures=['ladder_malformed', 'superseded_attempt_accepted'] nv_false=['v30_part'] superseded=1 v31=None
18:22:01 [W89-REEVAL] self-test T17 (population) ok=True pass=False bad_records=0 block_failures=[] nv_false=['terminal_blocks_eq_B', 'terminal_judged_applicable_ge_B', 'v30_part'] superseded=0 v31=None
18:22:01 [W89-REEVAL] self-test T18 (population) ok=True pass=False bad_records=1 block_failures=[] nv_false=[] superseded=1 v31=None
18:22:01 [W89-REEVAL] c_star: status certified cert 87 gates_v32 {'G1_harness_clean': True, 'G2_eval_key': True, 'G3_append_reconcile': True, 'G4_tail_state_check': True, 'G5_solve_profile_reconciled_per_event': True, 'G7_append_sealed': True, 'G8_post_certification': True, 'G9_ess_ageing_readback': True, 'G6_floor_records_v32': True} fallback_v32 {'fails_to_certify': False, 'moves_materially': False, 'triggered': False}
18:22:01 [W89-REEVAL]   G6 v32: W 79-87 T 87 population 434 bad records 0 bad blocks 0 non_vacuity {'v30_part': True, 'terminal_blocks_eq_B': True, 'one_judged_attempt_per_terminal_block': True, 'terminal_judged_applicable_ge_B': True, 'holds': True}; T blocks 48 judged 48 (applicable 48 {'at': 48}, labels {'primary': 48}, exits {'Optimal Solution Found.': 48}), superseded 0
18:22:01 [W89-REEVAL]   acceptance cross-check: agrees True expected {'recovered_tier1': 34, 'recovered_tier2': 3} observed {'recovered_tier1': 34, 'recovered_tier2': 3} mismatches 0
18:22:01 [W89-REEVAL] n7_4h_e1: status certified cert 112 gates_v32 {'G1_harness_clean': True, 'G2_eval_key': True, 'G3_append_reconcile': True, 'G4_tail_state_check': True, 'G5_solve_profile_reconciled_per_event': True, 'G7_append_sealed': True, 'G8_post_certification': True, 'G9_ess_ageing_readback': True, 'G6_floor_records_v32': True} fallback_v32 {'fails_to_certify': False, 'moves_materially': False, 'triggered': False}
18:22:01 [W89-REEVAL]   G6 v32: W 104-112 T 112 population 432 bad records 0 bad blocks 0 non_vacuity {'v30_part': True, 'terminal_blocks_eq_B': True, 'one_judged_attempt_per_terminal_block': True, 'terminal_judged_applicable_ge_B': True, 'holds': True}; T blocks 48 judged 48 (applicable 48 {'at': 48}, labels {'primary': 48}, exits {'Optimal Solution Found.': 48}), superseded 0
18:22:01 [W89-REEVAL]   acceptance cross-check: agrees True expected {'recovered_tier1': 1} observed {'recovered_tier1': 1} mismatches 0
18:22:01 [W89-REEVAL] x0: status certified cert 132 gates_v32 {'G1_harness_clean': True, 'G2_eval_key': True, 'G3_append_reconcile': True, 'G4_tail_state_check': True, 'G5_solve_profile_reconciled_per_event': True, 'G7_append_sealed': True, 'G8_post_certification': True, 'G9_ess_ageing_readback': True, 'G6_floor_records_v32': True} fallback_v32 {'fails_to_certify': False, 'moves_materially': False, 'triggered': False}
18:22:01 [W89-REEVAL]   G6 v32: W 124-132 T 132 population 432 bad records 0 bad blocks 0 non_vacuity {'v30_part': True, 'terminal_blocks_eq_B': True, 'one_judged_attempt_per_terminal_block': True, 'terminal_judged_applicable_ge_B': True, 'holds': True}; T blocks 48 judged 48 (applicable 48 {'at': 48}, labels {'primary': 48}, exits {'Optimal Solution Found.': 48}), superseded 0
18:22:01 [W89-REEVAL]   acceptance cross-check: agrees True expected {} observed {} mismatches 0
18:22:01 [W89-REEVAL] fallback v32 []; all gates pass True
18:22:01 [W89-REEVAL] wrote data/SRP1/Results/P515S53/g6_final_attempt_w89/reeval_w89.json sha256 722272014523583ed7b60cfe8f339e1bb050ddcab41ba9c510c2eadfd5496224
18:22:01 [W89] guards {'w89_guard': {'counts': {'permitted_solve': 0, 'permitted_exec': 0, 'blocked_solve': 0, 'blocked_exec': 0}, 'verify_0_failures': []}, 'imported_w88_guard': {'counts': {'permitted_solve': 0, 'permitted_exec': 0, 'blocked_solve': 0, 'blocked_exec': 0}, 'verify_0_failures': []}, 'imported_w87_guard': {'counts': {'permitted_solve': 0, 'permitted_exec': 0, 'blocked_solve': 0, 'blocked_exec': 0}, 'verify_0_failures': []}, 'imported_launcher_guard': {'counts': {'permitted_solve': 0, 'permitted_exec': 0, 'blocked_solve': 0, 'blocked_exec': 0}, 'verify_0_failures': []}} integrity_ok=True wall=5.5s
