[W82] capture paths present: 2x2 2 cells x 80 blocks, s47_recert unit 48 blocks, W81/W74/W72/pair_1/s47 inputs
[W82] 2x2 x0_a0p50 K=74 ident=True w74-fields=True w-xcheck=True recoveries=0 ok=True | TSO G 18637.75 floor 3494.09 at/above/below 5/15/0 max mu/floor 8.609 | DSO G 9593.38 floor 9593.38 at/above/below 60/0/0
[W82] 2x2 n7_4h_e1_a0p50 K=67 ident=True w74-fields=True w-xcheck=True recoveries=4 ok=True | TSO G 3558.84 floor 3558.84 at/above/below 20/0/0 max mu/floor 1.000 | DSO G 9606.33 floor 9606.33 at/above/below 60/0/0
[W82] 2x2 control W74: {'x0_a0p50': {'G_TSO': 18637.754597773586, 'w74': 18637.754597773586, 'reproduces': True}, 'n7_4h_e1_a0p50': {'G_TSO': 3558.841539982312, 'w74': 3558.841539982312, 'reproduces': True}, 'difference': {'value': 15078.913057791275, 'w74': 15078.913057791275, 'reproduces': True}}
[W82] SRP1 a0_c7:x0 K=132 ident=True solve-identity=True (6783 vs 6783) recoveries=0 w-xcheck=True units [0.999876, 1.000135] | TSO G 951.85 at 12/12 | DSO G 2435.10 at 36/36 | total at/above/below 48/0/0
[W82] SRP1 a0_c7:n7_p0.25_e1.0 K=125 ident=True solve-identity=True (6426 vs 6426) recoveries=0 w-xcheck=True units [0.999739, 1.000289] | TSO G 1017.89 at 12/12 | DSO G 2448.30 at 36/36 | total at/above/below 48/0/0
[W82] SRP1 a1a:n7_4h_e1 K=125 ident=True solve-identity=True (6426 vs 6426) recoveries=0 w-xcheck=True units [0.999739, 1.000289] | TSO G 1017.89 at 12/12 | DSO G 2448.30 at 36/36 | total at/above/below 48/0/0
[W82] SRP1 s47_recert:n7_4h_e1 K=112 ident=True solve-identity=True (5764 vs 5764) recoveries=1 w-xcheck=True units [0.999820, 1.000196] | TSO G 1017.89 at 12/12 | DSO G 2448.30 at 36/36 | total at/above/below 48/0/0
[W82] 2x2 TSO: x0 18637.75 unit 3558.84 dG 15078.91 (0.9110 x bar) | floor x0 3494.09 unit 3558.84 dG_floor -64.76 | P -64.76 S 0.00 C 15143.67
[W82] 2x2 DSO: x0 9593.38 unit 9606.33 dG -12.95 (-0.0008 x bar) | floor x0 9593.38 unit 9606.33 dG_floor -12.95 | P -12.95 S 0.00 C 0.00
[W82] 2x2 DSO5: x0 3193.22 unit 3193.22 dG 0.00 (0.0000 x bar) | floor x0 3193.22 unit 3193.22 dG_floor 0.00 | P 0.00 S 0.00 C 0.00
[W82] 2x2 DSO7: x0 3206.91 unit 3219.86 dG -12.95 (-0.0008 x bar) | floor x0 3206.91 unit 3219.86 dG_floor -12.95 | P -12.95 S -0.00 C 0.00
[W82] 2x2 DSO9: x0 3193.25 unit 3193.25 dG 0.00 (0.0000 x bar) | floor x0 3193.25 unit 3193.25 dG_floor 0.00 | P 0.00 S 0.00 C 0.00
[W82] 2x2 total: x0 28231.13 unit 13165.17 dG 15065.96 (0.9102 x bar) | floor x0 13087.47 unit 13165.17 dG_floor -77.71 | P -77.71 S 0.00 C 15143.67
[W82] PhaseA TSO: x0 951.85 unit 1017.89 dG -66.03 (-0.0031 x bar) | floor x0 951.85 unit 1017.89 dG_floor -66.03 | P -66.03 S 0.00 C 0.00
[W82] PhaseA DSO: x0 2435.10 unit 2448.30 dG -13.21 (-0.0006 x bar) | floor x0 2435.10 unit 2448.30 dG_floor -13.21 | P -13.21 S 0.00 C -0.00
[W82] PhaseA DSO5: x0 810.54 unit 810.54 dG 0.00 (0.0000 x bar) | floor x0 810.54 unit 810.54 dG_floor 0.00 | P 0.00 S 0.00 C 0.00
[W82] PhaseA DSO7: x0 814.02 unit 827.23 dG -13.21 (-0.0006 x bar) | floor x0 814.02 unit 827.23 dG_floor -13.21 | P -13.21 S 0.00 C -0.00
[W82] PhaseA DSO9: x0 810.54 unit 810.54 dG 0.00 (0.0000 x bar) | floor x0 810.54 unit 810.54 dG_floor 0.00 | P 0.00 S 0.00 C 0.00
[W82] PhaseA total: x0 3386.95 unit 3466.19 dG -79.24 (-0.0038 x bar) | floor x0 3386.95 unit 3466.19 dG_floor -79.24 | P -79.24 S 0.00 C -0.00
[W82] C2 TSO: x0 951.85 unit 1017.89 dG -66.03 (-0.0019 x bar) | floor x0 951.85 unit 1017.89 dG_floor -66.03 | P -66.03 S 0.00 C 0.00
[W82] C2 DSO: x0 2435.10 unit 2448.30 dG -13.21 (-0.0004 x bar) | floor x0 2435.10 unit 2448.30 dG_floor -13.21 | P -13.21 S 0.00 C -0.00
[W82] C2 DSO5: x0 810.54 unit 810.54 dG 0.00 (0.0000 x bar) | floor x0 810.54 unit 810.54 dG_floor 0.00 | P 0.00 S 0.00 C 0.00
[W82] C2 DSO7: x0 814.02 unit 827.23 dG -13.21 (-0.0004 x bar) | floor x0 814.02 unit 827.23 dG_floor -13.21 | P -13.21 S 0.00 C -0.00
[W82] C2 DSO9: x0 810.54 unit 810.54 dG 0.00 (0.0000 x bar) | floor x0 810.54 unit 810.54 dG_floor 0.00 | P 0.00 S 0.00 C 0.00
[W82] C2 total: x0 3386.95 unit 3466.19 dG -79.24 (-0.0023 x bar) | floor x0 3386.95 unit 3466.19 dG_floor -79.24 | P -79.24 S 0.00 C -0.00
[W82] VERDICT SRP1 Phase A (a0_c7:x0 vs a0_c7:n7_p0.25_e1.0): R = 0.0038 (R_floor 0.0038), dG -79.24, bar-sum 20970.30
[W82] VERDICT SRP1 C2 baseline (pinned a0_c7:x0 vs s47_recert:n7_4h_e1): R = 0.0023 (R_floor 0.0023), dG -79.24, bar-sum 34734.63
[W82] VERDICT 2x2 complete (x0_a0p50 vs n7_4h_e1_a0p50): R = 0.9102 (R_floor 0.0047), dG 15065.96, bar-sum 16551.50
[W82] sub-resolution everywhere measured: True; 2x2 explanation {'shares': {'incomplete convergence': 1.0051577373801046, 'scaling artifact': 1.2073503186261094e-16, 'structural pair-count difference': -0.005157737380104665}, 'supported': 'incomplete convergence'}
[W82] P1_control_w74: expected True observed True -> CONFIRMED
[W82] P2_identification_2x2: expected True observed True -> CONFIRMED
[W82] P3_dso_floor_2x2: expected True observed True -> CONFIRMED
[W82] P4_dso_diff_2x2: expected True observed True -> CONFIRMED
[W82] P5_complete_ratio_2x2: expected True observed True -> CONFIRMED
[W82] P6_unit_tso_floor_2x2: expected True observed True -> CONFIRMED
[W82] P7_x0_tso_above_2x2: expected True observed True -> CONFIRMED
[W82] P8_counterfactual_2x2: expected True observed True -> CONFIRMED
[W82] P9_explanation_2x2: expected True observed True -> CONFIRMED
[W82] P10_c2_x0_identical: expected True observed True -> CONFIRMED
[W82] P11_recert_identification: expected True observed True -> CONFIRMED
[W82] P12_recert_floor: expected True observed True -> CONFIRMED
[W82] P13_c2_ratio: expected True observed True -> CONFIRMED
[W82] P14_phase_a_floor: expected True observed True -> CONFIRMED
[W82] P15_recert_units: expected True observed True -> CONFIRMED
[W82] wrote data/SRP1/Results/P515S53/gap_closeout_w82/gap_closeout_w82.json; wall 32.8s
[W82] run guard counts {'permitted_solve': 0, 'permitted_exec': 0, 'blocked_solve': 0, 'blocked_exec': 0} verify(0) []; W81-module guard counts {'permitted_solve': 0, 'permitted_exec': 0, 'blocked_solve': 0, 'blocked_exec': 0} verify(0) []
