[W76] V1_ast_equality: normalised_ast_identical: PASS
[W76] V1_ast_equality: pre_has_exactly_N_json_default_sites_all_str: PASS
[W76] V1_ast_equality: new_has_exactly_N_json_default_sites_all__json_default: PASS
[W76] V1_ast_equality: per_site_enclosing_form_and_other_keywords_unchanged: PASS
[W76] V1_ast_equality: non_json_default_keywords_untouched: PASS
[W76] V1_ast_equality: exactly_one_added_def__json_default_absent_before: PASS
[W76] V1_ast_equality: line_diff_only_N_substitutions_plus_helper_block: PASS
[W76] V2_positive_control: payload_flags_are_numpy_bools_not_python_bools: PASS
[W76] V2_positive_control: every_site_hook_resolves_to_G__json_default: PASS
[W76] V2_positive_control: every_site_writes_json_booleans_strict_is_True_is_False: PASS
[W76] V2_positive_control: G__atomic_write_json_called_directly_strict: PASS
[W76] V2_positive_control: n_sites: PASS
[W76] V3_negative_control: every_pre_site_hook_is_builtin_str: PASS
[W76] V3_negative_control: pre_hook_reproduces_strings_True_False_at_every_site: PASS
[W76] V3_negative_control: strict_read_fails_on_pre_hook_output_at_every_site: PASS
[W76] V3_negative_control: truthiness_inverts_pre_hook_False: PASS
[W76] V4_non_bool_unchanged: battery_hook_equals_str_every_type: PASS
[W76] V4_non_bool_unchanged: battery_dumps_byte_identical_every_type_every_site_keyword_set: PASS
[W76] V4_non_bool_unchanged: json_native_values_byte_identical: PASS
[W76] V4_non_bool_unchanged: committed_g_written_artifacts_all_parsed: PASS
[W76] V5_pin_blast_radius: no_py_file_pins_any_historical_module_sha256_literal: PASS
[W76] V5_pin_blast_radius: pre_change_blob_resolves_from_git_to_pinned_sha256: PASS
[W76] failing=[] errors=[] guard {'permitted_solve': 0, 'permitted_exec': 0, 'blocked_solve': 0, 'blocked_exec': 0} verify(0) []
[W76] PASS -> data/SRP1/Results/P515S53/gates_json_default_w76/gates_json_default_w76_checks.json; wall 32.8s
