[S44-HARNESS] launched p1 (key 578636daa6d6360d) pid=14305
[S44-HARNESS] heartbeat p1: 0s cycle=None
[S44-HARNESS] heartbeat p1: 1s cycle=None
[S44-HARNESS] heartbeat p1: 1s cycle=None
[S44-HARNESS] heartbeat p1: 2s cycle=None
[S44-HARNESS] heartbeat p1: 2s cycle=None
[S44-HARNESS] finished p1 pid=14305 exit=0 status=stub wall=3s
[S44-HARNESS] launched p2 (key d1a02e67107d0bac) pid=14310
[S44-HARNESS] heartbeat p2: 0s cycle=None
[S44-HARNESS] heartbeat p2: 1s cycle=None
[S44-HARNESS] heartbeat p2: 1s cycle=None
[S44-HARNESS] heartbeat p2: 2s cycle=None
[S44-HARNESS] heartbeat p2: 2s cycle=None
[S44-HARNESS] finished p2 pid=14310 exit=0 status=stub wall=3s
[S44-HARNESS] launched u1 (key 578636daa6d6360d) pid=14313
[S44-HARNESS] heartbeat u1: 0s cycle=None
[S44-HARNESS] heartbeat u1: 1s cycle=None
[S44-HARNESS] heartbeat u1: 1s cycle=None
[S44-HARNESS] heartbeat u1: 2s cycle=None
[S44-HARNESS] heartbeat u1: 2s cycle=None
[S44-HARNESS] finished u1 pid=14313 exit=0 status=stub wall=3s
[S44-HARNESS] launched u2 (key d1a02e67107d0bac) pid=14318
[S44-HARNESS] heartbeat u2: 0s cycle=None
[S44-HARNESS] heartbeat u2: 1s cycle=None
[S44-HARNESS] heartbeat u2: 1s cycle=None
[S44-HARNESS] heartbeat u2: 2s cycle=None
[S44-HARNESS] heartbeat u2: 2s cycle=None
[S44-HARNESS] finished u2 pid=14318 exit=0 status=stub wall=3s
[W74] V1_evaluation_key: evaluation_key_source_identical: PASS
[W74] V1_evaluation_key: changed_top_level_names_exactly_declared: PASS
[W74] V1_evaluation_key: added_top_level_names_exactly_declared: PASS
[W74] V1_evaluation_key: no_top_level_name_removed: PASS
[W74] V1_evaluation_key: spec_file_sha8_matches_name: PASS
[W74] V1_evaluation_key: six_cells_eval_keys_equal_committed: PASS
[W74] V2_field_tuples: PER_CYCLE_TRAJECTORY_FIELDS_unchanged: PASS
[W74] V2_field_tuples: PER_CYCLE_RESPONSE_FIELDS_unchanged: PASS
[W74] V2_field_tuples: PER_CYCLE_RECORD_FIELDS_unchanged: PASS
[W74] V2_field_tuples: RECORD_TRAJECTORY_FIELDS_unchanged: PASS
[W74] V2_field_tuples: committed_per_cycle_record_key_order_equals_fields: PASS
[W74] V3_heartbeat_collision: tagged_pair_1_stub_ok: PASS
[W74] V3_heartbeat_collision: tagged_pair_2_stub_ok: PASS
[W74] V3_heartbeat_collision: tagged_periodic_writer_ran_in_both_pairs: PASS
[W74] V3_heartbeat_collision: tagged_pair_1_end_state_survives_pair_2_byte_identical: PASS
[W74] V3_heartbeat_collision: tagged_pair_1_end_state_content: PASS
[W74] V3_heartbeat_collision: tagged_pair_2_end_state_content: PASS
[W74] V3_heartbeat_collision: tagged_distinct_files: PASS
[W74] V3_heartbeat_collision: tagged_no_shared_legacy_file_written_by_tagged_calls: PASS
[W74] V3_heartbeat_collision: tagged_last_batch_info_names_the_file: PASS
[W74] V3_heartbeat_collision: tagged_reused_tag_refused: PASS
[W74] V3_heartbeat_collision: tagged_reused_tag_refused_before_launch: PASS
[W74] V3_heartbeat_collision: tagged_pair_1_file_unchanged_after_refusal: PASS
[W74] V3_heartbeat_collision: untagged_untagged_file_name_is_pre_w74: PASS
[W74] V3_heartbeat_collision: untagged_untagged_payload_keys_exactly_pre_w74: PASS
[W74] V3_heartbeat_collision: untagged_untagged_batch_info_keys_pre_w74: PASS
[W74] V3_heartbeat_collision: untagged_negative_control_second_untagged_launch_overwrites_first: PASS
[W74] V4_boolean_flags: input_verified_against_pair_1_manifest: PASS
[W74] V4_boolean_flags: committed_value_is_the_string: PASS
[W74] V4_boolean_flags: gate_expression_yields_numpy_bool: PASS
[W74] V4_boolean_flags: numpy_bool_is_not_a_python_bool: PASS
[W74] V4_boolean_flags: negative_control_pre_w74_hook_writes_string: PASS
[W74] V4_boolean_flags: every_writer_writes_real_bool_strict_is_True: PASS
[W74] V4_boolean_flags: floats_unaffected: PASS
[W74] V4_boolean_flags: python_bool_unchanged: PASS
[W74] V4_boolean_flags: other_types_still_str: PASS
[W74] V5_search_scope: every_artifact_hook_is__json_default_except_hash_inputs: PASS
[W74] V5_search_scope: no_literal_bool_strings_outside_docstrings: PASS
[W74] V5_search_scope: harness_written_stringified_flags_found_only_gate_pass: PASS
[W74] failing=[] errors=[] guard {'permitted_solve': 0, 'permitted_exec': 0, 'blocked_solve': 0, 'blocked_exec': 0} verify(0) []
[W74] PASS -> data/SRP1/Results/P515S53/harness_fix_w74/harness_fix_w74_checks.json
