10:23:19 [W57-checks] P5.15 Addendum 40 ruling 2 (W57) -- row 18 STRUCTURALLY inactive at the initialisation solve, activated with the settlement weight: zero-solve checks on an EMULATED loaded solution (not a solve)
10:23:19 [W57-checks] capture-path checklist {'frozen_spec_v2_sha256_matches': True, 'frozen_spec_v3_sha256_matches': True, 'frozen_spec_v3_constants_equal_this_scripts': True, 'production_body_check_present_with_declared_tolerance': True, 'emulation_capture_path_reference_gen_idx': True, 'both_production_functions_present': True, 'production_family_table_equals_this_scripts': True, 'production_functions_never_write_row18_alpha': True, 'W39_counts_helper_reports_active_and_unfixed': True}
[INFO] Scenario random seed: 2026
[INFO] Reading MARKET DATA from file(s)...
[INFO] 	 - Generating market scenarios...
[INFO] 	 - Plotting market scenarios...
[INFO] Reading DISTRIBUTION NETWORK DATA from file(s)...
[INFO]	 - Generating load stochastic scenarios...
[INFO]	 - Generating RES generation stochastic scenarios...
[INFO]	 - Generating flexibility stochastic scenarios...
[INFO]	 - Plotting flexibility profiles...
[INFO]	 - Plotting load scenarios...
[INFO]	 - Plotting RES generation scenarios...
[INFO] Reading DISTRIBUTION NETWORK DATA from file(s)...
[INFO]	 - Generating load stochastic scenarios...
[INFO]	 - Generating RES generation stochastic scenarios...
[INFO]	 - Generating flexibility stochastic scenarios...
[INFO]	 - Plotting flexibility profiles...
[INFO]	 - Plotting load scenarios...
[INFO]	 - Plotting RES generation scenarios...
[INFO] Reading DISTRIBUTION NETWORK DATA from file(s)...
[INFO]	 - Generating load stochastic scenarios...
[INFO]	 - Generating RES generation stochastic scenarios...
[INFO]	 - Generating flexibility stochastic scenarios...
[INFO]	 - Plotting flexibility profiles...
[INFO]	 - Plotting load scenarios...
[INFO]	 - Plotting RES generation scenarios...
[INFO] Reading TRANSMISSION NETWORK DATA from file(s)...
[INFO]	 - Generating load stochastic scenarios...
[INFO]	 - Generating RES generation stochastic scenarios...
[INFO]	 - Generating flexibility stochastic scenarios...
[INFO]	 - Plotting flexibility profiles...
[INFO]	 - Plotting load scenarios...
[INFO]	 - Plotting RES generation scenarios...
[INFO] Scenario checksum: 9d6335848b80ee9bb484ffd0c82fc70362b0ee02d79c5d351c15da1e25b0c857
[INFO] Reading SHARED ESS DATA from file(s)...
[INFO] Reading PLANNING PARAMETERS from file...
10:23:30 [W57-checks] A: _run_operational_planning (stubbed) at alpha = 0.5 on the 2 x 2 instance
[INFO]	 - Initializing...
[INFO] 		 - Distribution Network node 5...
[INFO] 		 - Distribution Network node 7...
[INFO] 		 - Distribution Network node 9...
[INFO] 		 - Transmission Network...
[WARNING] Operational initialization failed because at least one local problem did not solve successfully. ADMM will not be started.
[INFO] 	 - Execution time: 7.72 s
10:23:38 [W57-checks] B: EMULATED loaded solution (NOT a solve) on every DSO block, then _prepare_distribution_objectives_for_admm
10:23:39 [W57-checks] B: update_distribution_models_to_admm (placeholder scale) -> ADMM objective references row18_alpha
[INFO] Scenario random seed: 2026
[INFO] Reading MARKET DATA from file(s)...
[INFO] 	 - Generating market scenarios...
[INFO] 	 - Plotting market scenarios...
[INFO] Reading DISTRIBUTION NETWORK DATA from file(s)...
[INFO]	 - Generating load stochastic scenarios...
[INFO]	 - Generating RES generation stochastic scenarios...
[INFO]	 - Generating flexibility stochastic scenarios...
[INFO]	 - Plotting flexibility profiles...
[INFO]	 - Plotting load scenarios...
[INFO]	 - Plotting RES generation scenarios...
[INFO] Reading DISTRIBUTION NETWORK DATA from file(s)...
[INFO]	 - Generating load stochastic scenarios...
[INFO]	 - Generating RES generation stochastic scenarios...
[INFO]	 - Generating flexibility stochastic scenarios...
[INFO]	 - Plotting flexibility profiles...
[INFO]	 - Plotting load scenarios...
[INFO]	 - Plotting RES generation scenarios...
[INFO] Reading DISTRIBUTION NETWORK DATA from file(s)...
[INFO]	 - Generating load stochastic scenarios...
[INFO]	 - Generating RES generation stochastic scenarios...
[INFO]	 - Generating flexibility stochastic scenarios...
[INFO]	 - Plotting flexibility profiles...
[INFO]	 - Plotting load scenarios...
[INFO]	 - Plotting RES generation scenarios...
[INFO] Reading TRANSMISSION NETWORK DATA from file(s)...
[INFO]	 - Generating load stochastic scenarios...
[INFO]	 - Generating RES generation stochastic scenarios...
[INFO]	 - Generating flexibility stochastic scenarios...
[INFO]	 - Plotting flexibility profiles...
[INFO]	 - Plotting load scenarios...
[INFO]	 - Plotting RES generation scenarios...
[INFO] Scenario checksum: 9d6335848b80ee9bb484ffd0c82fc70362b0ee02d79c5d351c15da1e25b0c857
[INFO] Reading SHARED ESS DATA from file(s)...
[INFO] Reading PLANNING PARAMETERS from file...
10:23:52 [W57-checks] C: the same path at alpha = 0 (row 18 not wired: the fix is a no-op there)
[INFO]	 - Initializing...
[INFO] 		 - Distribution Network node 5...
[INFO] 		 - Distribution Network node 7...
[INFO] 		 - Distribution Network node 9...
[INFO] 		 - Transmission Network...
[WARNING] Operational initialization failed because at least one local problem did not solve successfully. ADMM will not be started.
[INFO] 	 - Execution time: 9.21 s
[INFO] Scenario random seed: 2026
[INFO] Reading MARKET DATA from file(s)...
[INFO] 	 - Generating market scenarios...
[INFO] 	 - Plotting market scenarios...
[INFO] Reading DISTRIBUTION NETWORK DATA from file(s)...
[INFO]	 - Generating load stochastic scenarios...
[INFO]	 - Generating RES generation stochastic scenarios...
[INFO]	 - Generating flexibility stochastic scenarios...
[INFO]	 - Plotting flexibility profiles...
[INFO]	 - Plotting load scenarios...
[INFO]	 - Plotting RES generation scenarios...
[INFO] Reading DISTRIBUTION NETWORK DATA from file(s)...
[INFO]	 - Generating load stochastic scenarios...
[INFO]	 - Generating RES generation stochastic scenarios...
[INFO]	 - Generating flexibility stochastic scenarios...
[INFO]	 - Plotting flexibility profiles...
[INFO]	 - Plotting load scenarios...
[INFO]	 - Plotting RES generation scenarios...
[INFO] Reading DISTRIBUTION NETWORK DATA from file(s)...
[INFO]	 - Generating load stochastic scenarios...
[INFO]	 - Generating RES generation stochastic scenarios...
[INFO]	 - Generating flexibility stochastic scenarios...
[INFO]	 - Plotting flexibility profiles...
[INFO]	 - Plotting load scenarios...
[INFO]	 - Plotting RES generation scenarios...
[INFO] Reading TRANSMISSION NETWORK DATA from file(s)...
[INFO]	 - Generating load stochastic scenarios...
[INFO]	 - Generating RES generation stochastic scenarios...
[INFO]	 - Generating flexibility stochastic scenarios...
[INFO]	 - Plotting flexibility profiles...
[INFO]	 - Plotting load scenarios...
[INFO]	 - Plotting RES generation scenarios...
[INFO] Scenario checksum: 9d6335848b80ee9bb484ffd0c82fc70362b0ee02d79c5d351c15da1e25b0c857
[INFO] Reading SHARED ESS DATA from file(s)...
[INFO] Reading PLANNING PARAMETERS from file...
10:24:12 [W57-checks] A2: create_distribution_network_model (the parallel worker function) in-process
10:24:16 [W57-checks] A2: EMULATED loaded solution (NOT a solve) on the node, then _prepare_distribution_objectives_for_admm
[INFO] Scenario random seed: 2026
[INFO] Reading MARKET DATA from file(s)...
[INFO] 	 - Generating market scenarios...
[INFO] 	 - Plotting market scenarios...
[INFO] Reading DISTRIBUTION NETWORK DATA from file(s)...
[INFO]	 - Generating load stochastic scenarios...
[INFO]	 - Generating RES generation stochastic scenarios...
[INFO]	 - Generating flexibility stochastic scenarios...
[INFO]	 - Plotting flexibility profiles...
[INFO]	 - Plotting load scenarios...
[INFO]	 - Plotting RES generation scenarios...
[INFO] Reading DISTRIBUTION NETWORK DATA from file(s)...
[INFO]	 - Generating load stochastic scenarios...
[INFO]	 - Generating RES generation stochastic scenarios...
[INFO]	 - Generating flexibility stochastic scenarios...
[INFO]	 - Plotting flexibility profiles...
[INFO]	 - Plotting load scenarios...
[INFO]	 - Plotting RES generation scenarios...
[INFO] Reading DISTRIBUTION NETWORK DATA from file(s)...
[INFO]	 - Generating load stochastic scenarios...
[INFO]	 - Generating RES generation stochastic scenarios...
[INFO]	 - Generating flexibility stochastic scenarios...
[INFO]	 - Plotting flexibility profiles...
[INFO]	 - Plotting load scenarios...
[INFO]	 - Plotting RES generation scenarios...
[INFO] Reading TRANSMISSION NETWORK DATA from file(s)...
[INFO]	 - Generating load stochastic scenarios...
[INFO]	 - Generating RES generation stochastic scenarios...
[INFO]	 - Generating flexibility stochastic scenarios...
[INFO]	 - Plotting flexibility profiles...
[INFO]	 - Plotting load scenarios...
[INFO]	 - Plotting RES generation scenarios...
[INFO] Scenario checksum: 9d6335848b80ee9bb484ffd0c82fc70362b0ee02d79c5d351c15da1e25b0c857
[INFO] Reading SHARED ESS DATA from file(s)...
[INFO] Reading PLANNING PARAMETERS from file...
10:24:28 [W57-checks] E: _run_operational_planning_without_coordination (stubbed) with alpha = 0.5 in force
[INFO] 	 - Execution time: 7.90 s
[INFO] Scenario random seed: 2026
[INFO] Reading MARKET DATA from file(s)...
[INFO] 	 - Generating market scenarios...
[INFO] 	 - Plotting market scenarios...
[INFO] Reading DISTRIBUTION NETWORK DATA from file(s)...
[INFO]	 - Generating load stochastic scenarios...
[INFO]	 - Generating RES generation stochastic scenarios...
[INFO]	 - Generating flexibility stochastic scenarios...
[INFO]	 - Plotting flexibility profiles...
[INFO]	 - Plotting load scenarios...
[INFO]	 - Plotting RES generation scenarios...
[INFO] Reading DISTRIBUTION NETWORK DATA from file(s)...
[INFO]	 - Generating load stochastic scenarios...
[INFO]	 - Generating RES generation stochastic scenarios...
[INFO]	 - Generating flexibility stochastic scenarios...
[INFO]	 - Plotting flexibility profiles...
[INFO]	 - Plotting load scenarios...
[INFO]	 - Plotting RES generation scenarios...
[INFO] Reading DISTRIBUTION NETWORK DATA from file(s)...
[INFO]	 - Generating load stochastic scenarios...
[INFO]	 - Generating RES generation stochastic scenarios...
[INFO]	 - Generating flexibility stochastic scenarios...
[INFO]	 - Plotting flexibility profiles...
[INFO]	 - Plotting load scenarios...
[INFO]	 - Plotting RES generation scenarios...
[INFO] Reading TRANSMISSION NETWORK DATA from file(s)...
[INFO]	 - Generating load stochastic scenarios...
[INFO]	 - Generating RES generation stochastic scenarios...
[INFO]	 - Generating flexibility stochastic scenarios...
[INFO]	 - Plotting flexibility profiles...
[INFO]	 - Plotting load scenarios...
[INFO]	 - Plotting RES generation scenarios...
[INFO] Scenario checksum: 5a02b77ccbbbbbb869de92958a3851d095624711abc2dbfc0157466064410358
[INFO] Reading SHARED ESS DATA from file(s)...
[INFO] Reading PLANNING PARAMETERS from file...
[INFO] Scenario random seed: 2026
[INFO] Reading MARKET DATA from file(s)...
[INFO] 	 - Generating market scenarios...
[INFO] 	 - Plotting market scenarios...
[INFO] Reading DISTRIBUTION NETWORK DATA from file(s)...
[INFO]	 - Generating load stochastic scenarios...
[INFO]	 - Generating RES generation stochastic scenarios...
[INFO]	 - Generating flexibility stochastic scenarios...
[INFO]	 - Plotting flexibility profiles...
[INFO]	 - Plotting load scenarios...
[INFO]	 - Plotting RES generation scenarios...
[INFO] Reading DISTRIBUTION NETWORK DATA from file(s)...
[INFO]	 - Generating load stochastic scenarios...
[INFO]	 - Generating RES generation stochastic scenarios...
[INFO]	 - Generating flexibility stochastic scenarios...
[INFO]	 - Plotting flexibility profiles...
[INFO]	 - Plotting load scenarios...
[INFO]	 - Plotting RES generation scenarios...
[INFO] Reading DISTRIBUTION NETWORK DATA from file(s)...
[INFO]	 - Generating load stochastic scenarios...
[INFO]	 - Generating RES generation stochastic scenarios...
[INFO]	 - Generating flexibility stochastic scenarios...
[INFO]	 - Plotting flexibility profiles...
[INFO]	 - Plotting load scenarios...
[INFO]	 - Plotting RES generation scenarios...
[INFO] Reading TRANSMISSION NETWORK DATA from file(s)...
[INFO]	 - Generating load stochastic scenarios...
[INFO]	 - Generating RES generation stochastic scenarios...
[INFO]	 - Generating flexibility stochastic scenarios...
[INFO]	 - Plotting flexibility profiles...
[INFO]	 - Plotting load scenarios...
[INFO]	 - Plotting RES generation scenarios...
[INFO] Scenario checksum: 5a02b77ccbbbbbb869de92958a3851d095624711abc2dbfc0157466064410358
[INFO] Reading SHARED ESS DATA from file(s)...
[INFO] Reading PLANNING PARAMETERS from file...
10:25:03 [W57-checks] D: the SRP1 case file (1 x 1) at alpha = 0.5 and at alpha = 0
[INFO]	 - Initializing...
[INFO] 		 - Distribution Network node 5...
[INFO] 		 - Distribution Network node 7...
[INFO] 		 - Distribution Network node 9...
[INFO] 		 - Transmission Network...
[WARNING] Operational initialization failed because at least one local problem did not solve successfully. ADMM will not be started.
[INFO] 	 - Execution time: 6.87 s
[INFO]	 - Initializing...
[INFO] 		 - Distribution Network node 5...
[INFO] 		 - Distribution Network node 7...
[INFO] 		 - Distribution Network node 9...
[INFO] 		 - Transmission Network...
[WARNING] Operational initialization failed because at least one local problem did not solve successfully. ADMM will not be started.
[INFO] 	 - Execution time: 7.84 s
10:25:18 [W57-checks] F: preserved fixtures unpickle
10:25:50 [W57-checks]   A_init_structurally_inactive_through_production: PASS
10:25:50 [W57-checks]   B_activation_with_settlement_weight: PASS
10:25:50 [W57-checks]   C_structure_across_phases: PASS
10:25:50 [W57-checks]   C2_vs_alpha0_same_path: PASS
10:25:50 [W57-checks]   A2_parallel_builder_in_process: PASS
10:25:50 [W57-checks]   E_uncoordinated_benchmark_unchanged: PASS
10:25:50 [W57-checks]   D_nothing_wired_at_1x1: PASS
10:25:50 [W57-checks]   F_fixtures_unpickle: PASS
10:25:50 [W57-checks] guards: mine {'permitted_solve': 0, 'permitted_exec': 0, 'blocked_solve': 0, 'blocked_exec': 0} []; w39 {'permitted_solve': 0, 'permitted_exec': 0, 'blocked_solve': 0, 'blocked_exec': 0} []
10:25:50 [W57-checks] all_checks_pass = True; wrote data/SRP1/Results/P515S53/init_fix_zero_solve_checks/r6/init_fix_zero_solve_checks.json
