[W75] 'ESSO, Operational Planning': str True 12 / str False 0 in 2 files (2 tracked; False tracked 0)
[W75] <index-key>: str True 67815 / str False 136422 in 33 files (0 tracked; False tracked 0)
[W75] cancels_to_rounding: str True 1 / str False 0 in 1 files (1 tracked; False tracked 0)
[W75] determinate_at_gt_error_bar: str True 28 / str False 12 in 10 files (10 tracked; False tracked 12)
[W75] fail_case: str True 0 / str False 1 in 1 files (1 tracked; False tracked 1)
[W75] from_warm_start: str True 4 / str False 0 in 2 files (2 tracked; False tracked 0)
[W75] full_gate_pass: str True 5 / str False 0 in 1 files (1 tracked; False tracked 0)
[W75] gate_pass_raw: str True 1 / str False 0 in 1 files (1 tracked; False tracked 0)
[W75] objective_convergence: str True 309 / str False 195 in 18 files (18 tracked; False tracked 195)
[W75] overall_pass_1e-9_relative: str True 1 / str False 0 in 1 files (1 tracked; False tracked 0)
[W75] pass: str True 10 / str False 0 in 9 files (9 tracked; False tracked 0)
[W75] passes_1e-9_relative: str True 1 / str False 1 in 1 files (1 tracked; False tracked 1)
[W75] reconciles: str True 1 / str False 0 in 1 files (1 tracked; False tracked 0)
[W75] sum_matches_residual_formula: str True 2 / str False 0 in 1 files (1 tracked; False tracked 0)
[W75] warm_start: str True 2 / str False 5 in 2 files (2 tracked; False tracked 5)
[W75] type cycle_convergence|bool:False|tracked: 44440
[W75] type cycle_convergence|bool:False|untracked: 11
[W75] type cycle_convergence|bool:True|tracked: 3964
[W75] type cycle_convergence|other:str|tracked: 2
[W75] type determinate_at_gt_error_bar|bool:False|tracked: 124
[W75] type determinate_at_gt_error_bar|bool:False|untracked: 16
[W75] type determinate_at_gt_error_bar|bool:True|tracked: 785
[W75] type determinate_at_gt_error_bar|null|tracked: 18
[W75] type determinate_at_gt_error_bar|str:False|tracked: 12
[W75] type determinate_at_gt_error_bar|str:True|tracked: 28
[W75] type objective_convergence|bool:False|tracked: 7179
[W75] type objective_convergence|bool:False|untracked: 11
[W75] type objective_convergence|bool:True|tracked: 19299
[W75] type objective_convergence|str:False|tracked: 195
[W75] type objective_convergence|str:True|tracked: 309
[W75] type residual_convergence|bool:False|tracked: 5960
[W75] type residual_convergence|bool:False|untracked: 11
[W75] type residual_convergence|bool:True|tracked: 21022
[W75] type residual_convergence|other:str|tracked: 2
[W75] unverified citations: []
[W75] consumer shared_resources_planning.py:3332 objective_convergence truthiness -> SAFE exposure 0
[W75] consumer shared_resources_planning.py:3345 objective_convergence not-read -> SAFE exposure 0
[W75] consumer shared_resources_planning.py:9643 objective_convergence excel-cell -> SAFE exposure 0
[W75] consumer p515_s32_supplementary.py:43 objective_convergence truthiness -> INVERTING exposure 0
[W75] consumer p515_s32_supplementary.py:54 objective_convergence truthiness -> INVERTING exposure 0
[W75] consumer p59_c_criteria.py:190 objective_convergence truthiness -> INVERTING exposure 0
[W75] consumer p510_e_criteria.py:193 objective_convergence truthiness -> INVERTING exposure 0
[W75] consumer p59_c_criteria.py:141 objective_convergence pass-through -> SAFE exposure 0
[W75] consumer p510_e_criteria.py:144 objective_convergence pass-through -> SAFE exposure 0
[W75] consumer p58_eval.py:178 objective_convergence pass-through -> SAFE exposure 0
[W75] consumer p59_rho.py:231 objective_convergence pass-through -> SAFE exposure 0
[W75] consumer p512_a_cold_rescaled_convergence.py:90 objective_convergence pass-through -> SAFE exposure 0
[W75] consumer p510_a_state.py:151 objective_convergence pass-through -> SAFE exposure 0
[W75] consumer p515_s32_zero_solve_checks.py:704 objective_convergence source-text -> SAFE exposure 0
[W75] consumer p515_s33e2_zero_solve_checks.py:538 objective_convergence source-text -> SAFE exposure 0
[W75] consumer p515_s52_pilot_campaign.py:1340 * equality-between-artifacts -> SAFE exposure 0
[W75] consumer p515_s53_alpha_row_recompute.py:474 pass pass-through -> SAFE exposure 0
[W75] consumer p515_s53_w74_harness_fix_checks.py:346 pass string-equality -> SAFE exposure 0
[W75] consumer p515_s31c_zero_solve_checks.py:456 pass truthiness -> SAFE exposure 0
[W75] consumer p515_s36_a17_parta_dual_reconstruction.py:436 passes_1e-9_relative truthiness -> SAFE exposure 0
[W75] consumer p515_s47_case_file_x0_diff_analysis.py:70 'ESSO, Operational Planning' literal_eval -> SAFE exposure 0
[W75] consumer p513_c_param_move_gate.py:198 <index-key> equality-between-artifacts -> SAFE exposure 0
[W75] non-ancestor refs with audited flag: {}
[W75] wrote data/SRP1/Results/P515S53/stringified_bool_audit_w75/stringified_bool_audit_w75.json, data/SRP1/Results/P515S53/stringified_bool_audit_w75/stringified_bool_audit_w75_manifest_sha256.json (81 entries); guard {'permitted_solve': 0, 'permitted_exec': 0, 'blocked_solve': 0, 'blocked_exec': 0} verify(0) []; wall 92.7s
