20:11:01 [W100 +    0.0s] C0 ...
20:11:01 [W100 +    0.0s] C0 holds=True
20:11:01 [W100 +    0.0s] C1 ...
20:11:03 [W100 +    2.0s] C1 holds=True
20:11:03 [W100 +    2.0s] C2 ...
20:11:03 [W100 +    2.0s] C2 evaluation_record.json: ok=True
20:11:03 [W100 +    2.0s] C2 convergence_depth_tail_state.json: ok=True
20:11:04 [W100 +    2.7s] C2 response_terminal.json: ok=True
20:11:04 [W100 +    2.7s] C2 per_cycle_record.jsonl: ok=True
20:11:04 [W100 +    2.7s] C2 per_cycle_response.jsonl: ok=True
20:11:04 [W100 +    2.9s] C2 network_ipopt_solve_records.jsonl: ok=True
20:11:04 [W100 +    3.1s] C2 network_ipopt_solve_records_append.jsonl: ok=True
20:11:04 [W100 +    3.1s] C2 convergence_depth_append_events.jsonl: ok=True
20:11:04 [W100 +    3.2s] C2 g_s39_D.json: ok=True
20:11:04 [W100 +    3.2s] C2 boyd_terminal.json: ok=True
20:11:04 [W100 +    3.2s] C2 component_levels_terminal.json: ok=True
20:11:05 [W100 +    3.5s] C2 interface_settlement_detail_s31c.json: ok=True
20:11:05 [W100 +    3.5s] C2 interface_voltage_terminal.json: ok=True
20:11:05 [W100 +    3.6s] C2 recourse_jump_sidecar_baseline.jsonl: ok=True
20:11:06 [W100 +    4.6s] C2 ess_entry_stride_baseline.jsonl: ok=True
20:11:06 [W100 +    4.6s] C2 soh_floor_sidecar_baseline.jsonl: ok=True
20:11:11 [W100 +    9.4s] C2 pf_entry_stride_s39_D.jsonl: ok=True
20:11:11 [W100 +    9.4s] C2 ess_exempt_until_state_s39_D.jsonl: ok=True
20:11:11 [W100 +    9.4s] C2 leak_classification_s39_D.jsonl: ok=True
20:11:11 [W100 +    9.4s] C2 evaluation_record.json: ok=True
20:11:11 [W100 +    9.4s] C2 convergence_depth_tail_state.json: ok=True
20:11:11 [W100 +   10.1s] C2 response_terminal.json: ok=True
20:11:11 [W100 +   10.1s] C2 per_cycle_record.jsonl: ok=True
20:11:11 [W100 +   10.1s] C2 per_cycle_response.jsonl: ok=True
20:11:11 [W100 +   10.3s] C2 network_ipopt_solve_records.jsonl: ok=True
20:11:12 [W100 +   10.5s] C2 network_ipopt_solve_records_append.jsonl: ok=True
20:11:12 [W100 +   10.5s] C2 convergence_depth_append_events.jsonl: ok=True
20:11:12 [W100 +   10.5s] C2 g_s39_D.json: ok=True
20:11:12 [W100 +   10.5s] C2 boyd_terminal.json: ok=True
20:11:12 [W100 +   10.5s] C2 component_levels_terminal.json: ok=True
20:11:12 [W100 +   10.8s] C2 interface_settlement_detail_s31c.json: ok=True
20:11:12 [W100 +   10.8s] C2 interface_voltage_terminal.json: ok=True
20:11:12 [W100 +   10.9s] C2 recourse_jump_sidecar_baseline.jsonl: ok=True
20:11:13 [W100 +   11.7s] C2 ess_entry_stride_baseline.jsonl: ok=True
20:11:13 [W100 +   11.7s] C2 soh_floor_sidecar_baseline.jsonl: ok=True
20:11:17 [W100 +   15.7s] C2 pf_entry_stride_s39_D.jsonl: ok=True
20:11:17 [W100 +   15.7s] C2 ess_exempt_until_state_s39_D.jsonl: ok=True
20:11:17 [W100 +   15.7s] C2 leak_classification_s39_D.jsonl: ok=True
20:11:17 [W100 +   15.7s] C2 continuation_cycle_record.jsonl: ok=True
20:11:17 [W100 +   16.0s] C2 recourse_blocks_all.jsonl: ok=True
20:11:17 [W100 +   16.1s] C2 campaign_results.json: ok=True
20:11:17 [W100 +   16.1s] C2 holds=False
20:11:17 [W100 +   16.1s] C3 ...
20:11:19 [W100 +   17.4s] C3 holds=True
20:11:19 [W100 +   17.4s] C4 ...
20:11:19 [W100 +   17.7s] C4 holds=False
20:11:19 [W100 +   17.7s] C5 ...
20:11:23 [W100 +   21.5s] C5 holds=True
20:11:23 [W100 +   21.5s] C6 ...
20:12:21 [W100 +   80.3s] test pass_before: exit 0, verdict PASS, failures {'F1_new_string_flag': 0, 'F2_hash_changed': 0, 'F3_listed_tracked_missing': 0, 'F4_registry_inconsistent': 0, 'F5_registry_invalid': 0}, wall 58.8 s
20:13:20 [W100 +  139.2s] test negative_control_planted: exit 1, verdict FAIL, failures {'F1_new_string_flag': 1, 'F2_hash_changed': 0, 'F3_listed_tracked_missing': 0, 'F4_registry_inconsistent': 0, 'F5_registry_invalid': 0}, wall 58.9 s
20:14:20 [W100 +  198.5s] test negative_control_hash_changed: exit 1, verdict FAIL, failures {'F1_new_string_flag': 0, 'F2_hash_changed': 1, 'F3_listed_tracked_missing': 0, 'F4_registry_inconsistent': 0, 'F5_registry_invalid': 0}, wall 59.3 s
20:15:19 [W100 +  258.2s] test pass_after: exit 0, verdict PASS, failures {'F1_new_string_flag': 0, 'F2_hash_changed': 0, 'F3_listed_tracked_missing': 0, 'F4_registry_inconsistent': 0, 'F5_registry_invalid': 0}, wall 59.7 s
20:15:19 [W100 +  258.2s] C6 holds=True
20:15:19 [W100 +  258.2s] C7 ...
20:15:19 [W100 +  258.2s] C7 holds=True
20:15:19 [W100 +  258.2s] guard counts {'permitted_solve': 0, 'permitted_exec': 0, 'blocked_solve': 0, 'blocked_exec': 0}; verify(0) failures []
Traceback (most recent call last):
  File "/Users/micaelsimoes/Projects/share-resource-planning-no_esso-degradation/p515_s53_w100_gate_writer_checks.py", line 962, in <module>
    sys.exit(main())
             ^^^^^^
  File "/Users/micaelsimoes/Projects/share-resource-planning-no_esso-degradation/p515_s53_w100_gate_writer_checks.py", line 946, in main
    _write_once(os.path.join(OUT, 'w100_gate_writer_checks.json'), results)
  File "/Users/micaelsimoes/Projects/share-resource-planning-no_esso-degradation/p515_s53_w100_gate_writer_checks.py", line 260, in _write_once
    GRIO.dump(obj, handle, indent=1)
  File "/Users/micaelsimoes/Projects/share-resource-planning-no_esso-degradation/gate_result_io.py", line 142, in dump
    check(obj, default=default)
  File "/Users/micaelsimoes/Projects/share-resource-planning-no_esso-degradation/gate_result_io.py", line 131, in check
    raise StringFlagError(flags)
gate_result_io.StringFlagError: refusing to write a string-typed flag (1 value(s)): $.checks.C1.a_hook_equivalence[25].value = 'True'. Write a JSON boolean (bool(x)), not its text.
