20:17:13 [W100 +    0.0s] C0 ...
20:17:13 [W100 +    0.0s] C0 holds=True
20:17:13 [W100 +    0.0s] C1 ...
20:17:15 [W100 +    1.2s] C1 holds=True
20:17:15 [W100 +    1.2s] C2 ...
20:17:15 [W100 +    1.2s] C2 evaluation_record.json: ok=True
20:17:15 [W100 +    1.2s] C2 convergence_depth_tail_state.json: ok=True
20:17:15 [W100 +    1.9s] C2 response_terminal.json: ok=True
20:17:15 [W100 +    1.9s] C2 per_cycle_record.jsonl: ok=True
20:17:15 [W100 +    1.9s] C2 per_cycle_response.jsonl: ok=True
20:17:16 [W100 +    2.2s] C2 network_ipopt_solve_records.jsonl: ok=True
20:17:16 [W100 +    2.4s] C2 network_ipopt_solve_records_append.jsonl: ok=True
20:17:16 [W100 +    2.4s] C2 convergence_depth_append_events.jsonl: ok=True
20:17:16 [W100 +    2.5s] C2 g_s39_D.json: ok=True
20:17:16 [W100 +    2.5s] C2 boyd_terminal.json: ok=True
20:17:16 [W100 +    2.5s] C2 component_levels_terminal.json: ok=True
20:17:16 [W100 +    2.8s] C2 interface_settlement_detail_s31c.json: ok=True
20:17:16 [W100 +    2.8s] C2 interface_voltage_terminal.json: ok=True
20:17:16 [W100 +    2.8s] C2 recourse_jump_sidecar_baseline.jsonl: ok=True
20:17:17 [W100 +    3.8s] C2 ess_entry_stride_baseline.jsonl: ok=True
20:17:17 [W100 +    3.9s] C2 soh_floor_sidecar_baseline.jsonl: ok=True
20:17:22 [W100 +    8.7s] C2 pf_entry_stride_s39_D.jsonl: ok=True
20:17:22 [W100 +    8.7s] C2 ess_exempt_until_state_s39_D.jsonl: ok=True
20:17:22 [W100 +    8.7s] C2 leak_classification_s39_D.jsonl: ok=True
20:17:22 [W100 +    8.7s] C2 evaluation_record.json: ok=True
20:17:22 [W100 +    8.7s] C2 convergence_depth_tail_state.json: ok=True
20:17:23 [W100 +    9.4s] C2 response_terminal.json: ok=True
20:17:23 [W100 +    9.4s] C2 per_cycle_record.jsonl: ok=True
20:17:23 [W100 +    9.4s] C2 per_cycle_response.jsonl: ok=True
20:17:23 [W100 +    9.6s] C2 network_ipopt_solve_records.jsonl: ok=True
20:17:23 [W100 +    9.8s] C2 network_ipopt_solve_records_append.jsonl: ok=True
20:17:23 [W100 +    9.8s] C2 convergence_depth_append_events.jsonl: ok=True
20:17:23 [W100 +    9.8s] C2 g_s39_D.json: ok=True
20:17:23 [W100 +    9.8s] C2 boyd_terminal.json: ok=True
20:17:23 [W100 +    9.9s] C2 component_levels_terminal.json: ok=True
20:17:24 [W100 +   10.1s] C2 interface_settlement_detail_s31c.json: ok=True
20:17:24 [W100 +   10.2s] C2 interface_voltage_terminal.json: ok=True
20:17:24 [W100 +   10.2s] C2 recourse_jump_sidecar_baseline.jsonl: ok=True
20:17:24 [W100 +   11.0s] C2 ess_entry_stride_baseline.jsonl: ok=True
20:17:24 [W100 +   11.1s] C2 soh_floor_sidecar_baseline.jsonl: ok=True
20:17:28 [W100 +   15.0s] C2 pf_entry_stride_s39_D.jsonl: ok=True
20:17:28 [W100 +   15.1s] C2 ess_exempt_until_state_s39_D.jsonl: ok=True
20:17:28 [W100 +   15.1s] C2 leak_classification_s39_D.jsonl: ok=True
20:17:28 [W100 +   15.1s] C2 continuation_cycle_record.jsonl: ok=True
20:17:29 [W100 +   15.4s] C2 recourse_blocks_all.jsonl: ok=True
20:17:29 [W100 +   15.5s] C2 campaign_results.json: ok=True
20:17:29 [W100 +   15.5s] C2 holds=True
20:17:29 [W100 +   15.5s] C3 ...
20:17:30 [W100 +   16.7s] C3 holds=True
20:17:30 [W100 +   16.7s] C4 ...
20:17:30 [W100 +   17.1s] C4 holds=True
20:17:30 [W100 +   17.1s] C5 ...
20:17:34 [W100 +   20.8s] C5 holds=True
20:17:34 [W100 +   20.8s] C6 ...
20:18:33 [W100 +   80.1s] test pass_before: exit 0, verdict PASS, failures {'F1_new_string_flag': 0, 'F2_hash_changed': 0, 'F3_listed_tracked_missing': 0, 'F4_registry_inconsistent': 0, 'F5_registry_invalid': 0}, wall 59.3 s
20:19:32 [W100 +  138.6s] test negative_control_planted: exit 1, verdict FAIL, failures {'F1_new_string_flag': 1, 'F2_hash_changed': 0, 'F3_listed_tracked_missing': 0, 'F4_registry_inconsistent': 0, 'F5_registry_invalid': 0}, wall 58.5 s
20:20:32 [W100 +  198.5s] test negative_control_hash_changed: exit 1, verdict FAIL, failures {'F1_new_string_flag': 0, 'F2_hash_changed': 1, 'F3_listed_tracked_missing': 0, 'F4_registry_inconsistent': 0, 'F5_registry_invalid': 0}, wall 59.9 s
20:21:32 [W100 +  258.3s] test pass_after: exit 0, verdict PASS, failures {'F1_new_string_flag': 0, 'F2_hash_changed': 0, 'F3_listed_tracked_missing': 0, 'F4_registry_inconsistent': 0, 'F5_registry_invalid': 0}, wall 59.7 s
20:21:32 [W100 +  258.3s] C6 holds=True
20:21:32 [W100 +  258.3s] C7 ...
20:21:32 [W100 +  258.3s] C7 holds=True
20:21:32 [W100 +  258.3s] summary {'C0': True, 'C1': True, 'C2': True, 'C3': True, 'C4': True, 'C5': True, 'C6': True, 'C7': True}
20:21:32 [W100 +  258.3s] guard counts {'permitted_solve': 0, 'permitted_exec': 0, 'blocked_solve': 0, 'blocked_exec': 0}; verify(0) failures []
20:21:32 [W100 +  258.3s] exit 0
