{
 "summary_by_dn_node": {
  "5": {
   "network_name": "case33_1",
   "rates_MVA": [
    200.0
   ],
   "baseMVA": [
    100.0
   ],
   "max_S_ij_MVA": 101.98282237920651,
   "hours_at_rating": 0
  },
  "7": {
   "network_name": "case33_2",
   "rates_MVA": [
    100.0
   ],
   "baseMVA": [
    100.0
   ],
   "max_S_ij_MVA": 100.00050030497638,
   "hours_at_rating": 23
  },
  "9": {
   "network_name": "case33_3",
   "rates_MVA": [
    150.0
   ],
   "baseMVA": [
    100.0
   ],
   "max_S_ij_MVA": 100.74304033758743,
   "hours_at_rating": 0
  }
 },
 "checks": {
  "case_files_tracked_clean": true,
  "per_block_checks_all_true": true,
  "w53_transformer_hours_all_at_rating_here": true,
  "workbook_Flow_ij_equals_S_over_case_rating": false,
  "no_model_construction_call": true,
  "solve_profile_guard_verified_0": true
 },
 "w53_cross_check": {
  "w53_sha256": "57aabef85259e031e1be74e6c8efb008a30604c619861216fb41b483a66794a7",
  "w53_distinct_active_branch_rows": [
   [
    "DSO7",
    "branch_flow_limit[31]",
    true
   ]
  ],
  "w53_transformer_active_network_hours": 21,
  "w53_transformer_active_hours_all_at_rating_here": true
 },
 "pilot": {
  "pilot_x0": {
   "max_Flow_ij": 1.000005001392292,
   "max_S_ij_MVA": 100.0005001392299,
   "cells_at_rating": 145,
   "max_abs_Flow_ij_minus_S_over_case_rating": 4.3821565709478705e-08
  },
  "pilot_unit": {
   "max_Flow_ij": 1.000005001392106,
   "max_S_ij_MVA": 100.0005000785834,
   "cells_at_rating": 145,
   "max_abs_Flow_ij_minus_S_over_case_rating": 1.1000862198962125e-07
  }
 },
 "guard": {
  "permitted_solve": 0,
  "permitted_exec": 0,
  "blocked_solve": 0,
  "blocked_exec": 0
 },
 "guard_verify_0_failures": []
}
W55: a check failed
