11:02:21 [W32-M1] child srp1_single_a_r1 ...
11:02:41 [W32-M1] child srp1_single_a_r1: exit 0 status complete wall 20.1s
11:02:41 [W32-M1] child srp1_single_b_r1 ...
11:03:01 [W32-M1] child srp1_single_b_r1: exit 0 status complete wall 20.2s
11:03:01 [W32-M1] child srp1_single_c_r1 ...
11:03:22 [W32-M1] child srp1_single_c_r1: exit 0 status complete wall 20.2s
11:03:22 [W32-M1] child srp1_single_d_r1 ...
11:03:42 [W32-M1] child srp1_single_d_r1: exit 0 status complete wall 20.3s
11:03:42 [W32-M1] child srp1_single_e_r1 ...
11:04:02 [W32-M1] child srp1_single_e_r1: exit 0 status complete wall 20.3s
11:04:02 [W32-M1] child srp1_single_a_r2 ...
11:04:22 [W32-M1] child srp1_single_a_r2: exit 0 status complete wall 20.2s
11:04:22 [W32-M1] child srp1_single_b_r2 ...
11:04:43 [W32-M1] child srp1_single_b_r2: exit 0 status complete wall 20.3s
11:04:43 [W32-M1] child srp1_single_c_r2 ...
11:05:03 [W32-M1] child srp1_single_c_r2: exit 0 status complete wall 20.4s
11:05:03 [W32-M1] child srp1_single_d_r2 ...
11:05:23 [W32-M1] child srp1_single_d_r2: exit 0 status complete wall 20.3s
11:05:23 [W32-M1] child srp1_single_e_r2 ...
11:05:44 [W32-M1] child srp1_single_e_r2: exit 0 status complete wall 20.2s
11:05:44 [W32-M1] child srp1_single_a_r3 ...
11:06:04 [W32-M1] child srp1_single_a_r3: exit 0 status complete wall 20.2s
11:06:04 [W32-M1] child srp1_single_b_r3 ...
11:06:24 [W32-M1] child srp1_single_b_r3: exit 0 status complete wall 20.2s
11:06:24 [W32-M1] child srp1_single_c_r3 ...
11:06:44 [W32-M1] child srp1_single_c_r3: exit 0 status complete wall 20.2s
11:06:44 [W32-M1] child srp1_single_d_r3 ...
11:07:05 [W32-M1] child srp1_single_d_r3: exit 0 status complete wall 20.4s
11:07:05 [W32-M1] child srp1_single_e_r3 ...
11:07:25 [W32-M1] child srp1_single_e_r3: exit 0 status complete wall 20.3s
11:07:25 [W32-M1] child srp1_attribution_a_r1 ...
11:07:45 [W32-M1] child srp1_attribution_a_r1: exit 0 status complete wall 20.4s
11:07:45 [W32-M1] child srp1_sequence_a_r1 ...
11:08:24 [W32-M1] child srp1_sequence_a_r1: exit 0 status complete wall 38.3s
11:08:24 [W32-M1] child srp1_sequence_e_r1 ...
11:09:03 [W32-M1] child srp1_sequence_e_r1: exit 0 status complete wall 39.3s
11:09:03 [W32-M1] child srp1_sequence_a_r2 ...
11:09:42 [W32-M1] child srp1_sequence_a_r2: exit 0 status complete wall 39.0s
11:09:42 [W32-M1] child srp1_sequence_e_r2 ...
11:10:21 [W32-M1] child srp1_sequence_e_r2: exit 0 status complete wall 39.4s
11:10:21 [W32-M1] child srp1_long_a_r1 ...
11:10:55 [W32-M1] child srp1_long_a_r1: exit 0 status complete wall 33.9s
11:10:55 [W32-M1] child srp1_long_e_r1 ...
11:11:30 [W32-M1] child srp1_long_e_r1: exit 0 status complete wall 34.9s
11:11:30 [W32-M1] child paper_single_a_r1 ...
11:12:47 [W32-M1] child paper_single_a_r1: exit 0 status complete wall 76.4s
11:12:47 [W32-M1] child paper_single_b_r1 ...
11:14:02 [W32-M1] child paper_single_b_r1: exit 0 status complete wall 75.3s
11:14:02 [W32-M1] child paper_single_c_r1 ...
11:15:17 [W32-M1] child paper_single_c_r1: exit 0 status complete wall 74.8s
11:15:17 [W32-M1] child paper_single_d_r1 ...
11:16:32 [W32-M1] child paper_single_d_r1: exit 0 status complete wall 75.2s
11:16:32 [W32-M1] child paper_single_e_r1 ...
11:17:47 [W32-M1] child paper_single_e_r1: exit 0 status complete wall 75.4s
11:17:47 [W32-M1] child paper_single_a_r2 ...
11:19:02 [W32-M1] child paper_single_a_r2: exit 0 status complete wall 74.5s
11:19:02 [W32-M1] child paper_single_b_r2 ...
11:20:17 [W32-M1] child paper_single_b_r2: exit 0 status complete wall 75.3s
11:20:17 [W32-M1] child paper_single_c_r2 ...
11:21:32 [W32-M1] child paper_single_c_r2: exit 0 status complete wall 74.8s
11:21:32 [W32-M1] child paper_single_d_r2 ...
11:22:47 [W32-M1] child paper_single_d_r2: exit 0 status complete wall 75.2s
11:22:47 [W32-M1] child paper_single_e_r2 ...
11:24:03 [W32-M1] child paper_single_e_r2: exit 0 status complete wall 75.5s
11:24:03 [W32-M1] child paper_single_a_r3 ...
11:25:18 [W32-M1] child paper_single_a_r3: exit 0 status complete wall 74.9s
11:25:18 [W32-M1] child paper_single_b_r3 ...
11:26:33 [W32-M1] child paper_single_b_r3: exit 0 status complete wall 75.4s
11:26:33 [W32-M1] child paper_single_c_r3 ...
11:27:47 [W32-M1] child paper_single_c_r3: exit 0 status complete wall 74.3s
11:27:47 [W32-M1] child paper_single_d_r3 ...
11:29:02 [W32-M1] child paper_single_d_r3: exit 0 status complete wall 74.6s
11:29:02 [W32-M1] child paper_single_e_r3 ...
11:30:17 [W32-M1] child paper_single_e_r3: exit 0 status complete wall 75.1s
11:30:17 [W32-M1] child paper_attribution_a_r1 ...
11:31:39 [W32-M1] child paper_attribution_a_r1: exit 0 status complete wall 82.3s
11:31:39 [W32-M1] child paper_sequence_a_r1 ...
11:36:13 [W32-M1] child paper_sequence_a_r1: exit 0 status complete wall 273.1s
11:36:13 [W32-M1] child paper_sequence_e_r1 ...
11:40:56 [W32-M1] child paper_sequence_e_r1: exit 0 status complete wall 283.8s
11:40:56 [W32-M1] child paper_sequence_a_r2 ...
11:45:30 [W32-M1] child paper_sequence_a_r2: exit 0 status complete wall 274.0s
11:45:30 [W32-M1] child paper_sequence_e_r2 ...
11:50:14 [W32-M1] child paper_sequence_e_r2: exit 0 status complete wall 284.1s
11:50:14 [W32-M1] child paper_long_a_r1 ...
11:53:33 [W32-M1] child paper_long_a_r1: exit 0 status complete wall 198.1s
11:53:33 [W32-M1] child paper_long_e_r1 ...
11:56:51 [W32-M1] child paper_long_e_r1: exit 0 status complete wall 198.9s
11:56:52 [W32-M1] done: 44 children, all complete=True, wall 3271.0s
