[INFO] Running OPERATIONAL PLANNING (DISTRIBUTED)...
[INFO]	 - Initializing...
[INFO] 		 - Distribution Network node 5...
[INFO] 			 - Running SMOPF, Network case33_1, 2025, Spring...
[INFO] 			 - Running SMOPF, Network case33_1, 2025, Summer...
[INFO] 			 - Running SMOPF, Network case33_1, 2025, Autumn...
[INFO] 			 - Running SMOPF, Network case33_1, 2025, Winter...
[INFO] 		 - Distribution Network node 7...
[INFO] 			 - Running SMOPF, Network case33_2, 2025, Spring...
[INFO] 			 - Running SMOPF, Network case33_2, 2025, Summer...
[INFO] 			 - Running SMOPF, Network case33_2, 2025, Autumn...
[INFO] 			 - Running SMOPF, Network case33_2, 2025, Winter...
[INFO] 		 - Distribution Network node 9...
[INFO] 			 - Running SMOPF, Network case33_3, 2025, Spring...
[INFO] 			 - Running SMOPF, Network case33_3, 2025, Summer...
[INFO] 			 - Running SMOPF, Network case33_3, 2025, Autumn...
[INFO] 			 - Running SMOPF, Network case33_3, 2025, Winter...
[INFO] 		 - Transmission Network...
[INFO] 			 - Running SMOPF, Network case9, 2025, Spring...
[INFO] 			 - Running SMOPF, Network case9, 2025, Summer...
[INFO] 			 - Running SMOPF, Network case9, 2025, Autumn...
[INFO] 			 - Running SMOPF, Network case9, 2025, Winter...
[INFO] 		 - Running Shared ESS optimization (subproblem)...
[INFO] 			 - Node 5...
[INFO] Shared ESS complementarity diagnostics for ESS node=5: ratio_max=0.000000e+00 n_periods=0 mu_final=9.090909e-12 s_obj=1.000000e-01 eps=1.000000e-05 bound=0.000000e+00 measured=0.000000e+00
[INFO] 			 - Node 7...
[INFO] Shared ESS complementarity diagnostics for ESS node=7: ratio_max=0.000000e+00 n_periods=0 mu_final=9.090909e-12 s_obj=1.000000e-01 eps=1.000000e-05 bound=0.000000e+00 measured=0.000000e+00
[INFO] 			 - Node 9...
[INFO] Shared ESS complementarity diagnostics for ESS node=9: ratio_max=0.000000e+00 n_periods=0 mu_final=9.090909e-12 s_obj=1.000000e-01 eps=1.000000e-05 bound=0.000000e+00 measured=0.000000e+00
[ADMM OF SCALE] n=16 | min=1.818361e+07 | median=4.265049e+07 | max=5.627452e+07 | selected=5.627452e+07
[ADMM OF SCALE] Largest weighted objectives:
  DSO node=9 year=2025 day=Winter | base=5.627452e+07 | scenario=1.949874e-09 | total=5.627452e+07
  DSO node=9 year=2025 day=Autumn | base=5.444314e+07 | scenario=2.720312e-09 | total=5.444314e+07
  DSO node=9 year=2025 day=Spring | base=5.073833e+07 | scenario=1.871975e-09 | total=5.073833e+07
  DSO node=5 year=2025 day=Spring | base=4.823452e+07 | scenario=2.273927e-09 | total=4.823452e+07
  DSO node=5 year=2025 day=Autumn | base=4.717801e+07 | scenario=2.707962e-09 | total=4.717801e+07
  DSO node=5 year=2025 day=Summer | base=4.603118e+07 | scenario=2.021122e-09 | total=4.603118e+07
  DSO node=5 year=2025 day=Winter | base=4.591204e+07 | scenario=2.787469e-09 | total=4.591204e+07
  DSO node=7 year=2025 day=Spring | base=4.273104e+07 | scenario=2.453140e-09 | total=4.273104e+07
  DSO node=9 year=2025 day=Summer | base=4.256994e+07 | scenario=1.859702e-09 | total=4.256994e+07
  DSO node=7 year=2025 day=Summer | base=4.158851e+07 | scenario=2.604672e-09 | total=4.158851e+07
[ADMM OF SCALE] Fixed sigma in force sigma_fixed=9.363536e+07 | sigma_computed=5.627452e+07 | ratio=6.009965e-01 | assert_factor=3.000
[ADMM ESSO AL SCALE] mode=sigma_over_median_block_weight | sigma=9.363536e+07 | median_block_weight=4.550000e+02 | al_scale_esso=2.057920e+05
[INFO] 	 - ADMM Iteration 1
[INFO] 		 - Updating distribution networks:
[INFO] 			 - Running SMOPF, Network case33_1, 2025, Spring...
[INFO] 			 - Running SMOPF, Network case33_1, 2025, Summer...
[INFO] 			 - Running SMOPF, Network case33_1, 2025, Autumn...
[INFO] 			 - Running SMOPF, Network case33_1, 2025, Winter...
[INFO] 			 - Running SMOPF, Network case33_2, 2025, Spring...
[INFO] 			 - Running SMOPF, Network case33_2, 2025, Summer...
[INFO] 			 - Running SMOPF, Network case33_2, 2025, Autumn...
[INFO] 			 - Running SMOPF, Network case33_2, 2025, Winter...
[INFO] 			 - Running SMOPF, Network case33_3, 2025, Spring...
[INFO] 			 - Running SMOPF, Network case33_3, 2025, Summer...
[INFO] 			 - Running SMOPF, Network case33_3, 2025, Autumn...
[INFO] 			 - Running SMOPF, Network case33_3, 2025, Winter...
[INFO] 		 - Updating transmission network...
[INFO] 			 - Running SMOPF, Network case9, 2025, Spring...
[INFO] 			 - Running SMOPF, Network case9, 2025, Summer...
[INFO] 			 - Running SMOPF, Network case9, 2025, Autumn...
[INFO] 			 - Running SMOPF, Network case9, 2025, Winter...
[TSO PROX] cycle=1 | updated_blocks=4 | held_failed_blocks=0 | V max=0.190853 | PF max=1.997319 | ESS max=0.000000
[TSO PROX][V MAX] node=7, year=2025, day=Winter, period=11 | dV=65.844368 kV | normalized=0.190853
[TSO PROX][PF MAX] node=7, year=2025, day=Autumn, period=10, type=P | delta=199.731873 MW | normalized=1.997319
[TSO PROX][ESS MAX] node=5, year=2025, day=Spring, period=0, type=P | delta=0.000000 MW | normalized=0.000000
[INFO] 		 - Updating SharedESS...
[INFO] 		 - Running Shared ESS optimization (subproblem)...
[INFO] 			 - Node 5...
[INFO] Shared ESS complementarity diagnostics for ESS node=5: ratio_max=0.000000e+00 n_periods=0 mu_final=9.090909e-12 s_obj=1.000000e-01 eps=1.000000e-05 bound=0.000000e+00 measured=0.000000e+00
[INFO] 			 - Node 7...
[INFO] Shared ESS complementarity diagnostics for ESS node=7: ratio_max=0.000000e+00 n_periods=0 mu_final=9.090909e-12 s_obj=1.000000e-01 eps=1.000000e-05 bound=0.000000e+00 measured=0.000000e+00
[INFO] 			 - Node 9...
[INFO] Shared ESS complementarity diagnostics for ESS node=9: ratio_max=0.000000e+00 n_periods=0 mu_final=9.090909e-12 s_obj=1.000000e-01 eps=1.000000e-05 bound=0.000000e+00 measured=0.000000e+00
[DIAG][V MAX] node=9, year=2025, day=Autumn, period=15 | TSO=379.499909 kV, DSO=310.500310 kV, diff=68.999599 kV, base=345.000000 kV, normalized=0.199999, rho(TSO/DSO)=0.007700/0.007700
[DIAG][PF MAX] node=7, year=2025, day=Summer, period=8, type=P | TSO=128.674650 MW, DSO=29.112793 MW, diff=99.561857 MW, rating=100.000000 MVA, normalized=0.995619, rho(TSO/DSO)=0.198000/0.198000
[INFO]		 - interface Vmag max primal residual failed. 0.199999 > 0.010000
[INFO]		 - interface Vmag mean primal residual failed. 0.120373 > 0.001000
[INFO]		 - interface PF max primal residual failed. 0.995619 > 0.010000
[INFO]		 - interface PF mean primal residual failed. 0.714587 > 0.001000
[INFO]		 - interface PF mean dual residual failed. 0.145987 > 0.010000
[INFO]		 - Recourse stationarity requires one previous successful cycle.
[ADMM RHO] V | primal max ratio=20.000 | primal mean ratio=120.373 | primal selected=120.373 | dual mean ratio=0.072 | increase threshold=5.0 | decrease threshold=5.0 | action=increased
[ADMM RHO BOYD] V | r=2.184228e+00 | s=1.681248e-02 | eps_pri=1.970907e-03 | eps_dual=1.706413e-04 | primal_ratio=1.108235e+03 | dual_ratio=9.852526e+01 | dual_ratio_balance=9.852526e+01 | rho_before=7.700000e-03 | rho_after=1.155000e-02 | gamma_before=0.000000e+00 | gamma_after=0.000000e+00 | action=increased
[ADMM RHO] PF | primal max ratio=99.562 | primal mean ratio=714.587 | primal selected=714.587 | dual mean ratio=14.599 | increase threshold=5.0 | decrease threshold=3.0 | action=held
[ADMM RHO BOYD] PF | r=1.835220e+01 | s=6.658262e+00 | eps_pri=1.927333e-03 | eps_dual=2.454137e-04 | primal_ratio=9.522073e+03 | dual_ratio=2.713077e+04 | dual_ratio_balance=2.713077e+04 | rho_before=1.980000e-01 | rho_after=1.980000e-01 | gamma_before=0.000000e+00 | gamma_after=0.000000e+00 | action=held
[ADMM RHO] ESS | primal max ratio=0.000 | primal mean ratio=0.000 | primal selected=0.000 | dual mean ratio=0.000 | increase threshold=5.0 | decrease threshold=5.0 | action=exempt (fixed)
[ADMM RHO BOYD] ESS | r=1.635903e-24 | s=1.156758e-26 | eps_pri=4.156922e-04 | eps_dual=4.156922e-04 | primal_ratio=3.935370e-21 | dual_ratio=2.782727e-23 | dual_ratio_balance=2.782727e-23 | rho_before=1.000000e-02 | rho_after=1.000000e-02 | gamma_before=0.000000e+00 | gamma_after=0.000000e+00 | action=exempt (fixed)
[INFO]		 - ADMM cycle 1 | Primal (V max/mean | PF max/mean | ESS max/mean) = 0.199999/0.120373 | 0.995619/0.714587 | 0.000000/0.000000 | Dual (V max/mean | PF max/mean | ESS max/mean) = 0.001470/0.000718 | 0.395469/0.145987 | 0.000000/0.000000 | Recourse change = N/A (tol. N/A) | Stable cycles = 0/10 | Penalty actions (V/PF/ESS) = increased/held/exempt (fixed)
[INFO] 	 - Iteration 1: 41.42 s
[INFO] 	 - ADMM Iteration 2
[INFO] 		 - Updating distribution networks:
[INFO] 			 - Running SMOPF, Network case33_1, 2025, Spring...
[INFO] 			 - Running SMOPF, Network case33_1, 2025, Summer...
[INFO] 			 - Running SMOPF, Network case33_1, 2025, Autumn...
[INFO] 			 - Running SMOPF, Network case33_1, 2025, Winter...
[INFO] 			 - Running SMOPF, Network case33_2, 2025, Spring...
[INFO] 			 - Running SMOPF, Network case33_2, 2025, Summer...
[INFO] 			 - Running SMOPF, Network case33_2, 2025, Autumn...
[INFO] 			 - Running SMOPF, Network case33_2, 2025, Winter...
[INFO] 			 - Running SMOPF, Network case33_3, 2025, Spring...
[INFO] 			 - Running SMOPF, Network case33_3, 2025, Summer...
[INFO] 			 - Running SMOPF, Network case33_3, 2025, Autumn...
[INFO] 			 - Running SMOPF, Network case33_3, 2025, Winter...
[INFO] 		 - Updating transmission network...
[INFO] 			 - Running SMOPF, Network case9, 2025, Spring...
[INFO] 			 - Running SMOPF, Network case9, 2025, Summer...
[INFO] 			 - Running SMOPF, Network case9, 2025, Autumn...
[INFO] 			 - Running SMOPF, Network case9, 2025, Winter...
[TSO PROX] cycle=2 | updated_blocks=4 | held_failed_blocks=0 | V max=0.079645 | PF max=0.914166 | ESS max=0.000000
[TSO PROX][V MAX] node=9, year=2025, day=Autumn, period=4 | dV=27.477600 kV | normalized=0.079645
[TSO PROX][PF MAX] node=9, year=2025, day=Summer, period=23, type=Q | delta=137.124839 MVAr | normalized=0.914166
[TSO PROX][ESS MAX] node=5, year=2025, day=Spring, period=0, type=P | delta=0.000000 MW | normalized=0.000000
[INFO] 		 - Updating SharedESS...
[INFO] 		 - Running Shared ESS optimization (subproblem)...
[INFO] 			 - Node 5...
[INFO] Shared ESS complementarity diagnostics for ESS node=5: ratio_max=0.000000e+00 n_periods=0 mu_final=9.090909e-12 s_obj=1.000000e-01 eps=1.000000e-05 bound=0.000000e+00 measured=0.000000e+00
[INFO] 			 - Node 7...
[INFO] Shared ESS complementarity diagnostics for ESS node=7: ratio_max=0.000000e+00 n_periods=0 mu_final=9.090909e-12 s_obj=1.000000e-01 eps=1.000000e-05 bound=0.000000e+00 measured=0.000000e+00
[INFO] 			 - Node 9...
[INFO] Shared ESS complementarity diagnostics for ESS node=9: ratio_max=0.000000e+00 n_periods=0 mu_final=9.090909e-12 s_obj=1.000000e-01 eps=1.000000e-05 bound=0.000000e+00 measured=0.000000e+00
[DIAG][V MAX] node=9, year=2025, day=Summer, period=22 | TSO=361.509718 kV, DSO=324.871156 kV, diff=36.638562 kV, base=345.000000 kV, normalized=0.106199, rho(TSO/DSO)=0.011550/0.011550
[DIAG][PF MAX] node=5, year=2025, day=Summer, period=14, type=P | TSO=11.611277 MW, DSO=-6.895009 MW, diff=18.506287 MW, rating=200.000000 MVA, normalized=0.092531, rho(TSO/DSO)=0.198000/0.198000
[INFO]		 - interface Vmag max primal residual failed. 0.106199 > 0.010000
[INFO]		 - interface Vmag mean primal residual failed. 0.041978 > 0.001000
[INFO]		 - interface PF max primal residual failed. 0.092531 > 0.010000
[INFO]		 - interface PF mean primal residual failed. 0.006512 > 0.001000
[INFO]		 - interface PF mean dual residual failed. 0.074684 > 0.010000
[RECOURSE JUMP] cycle=2 | abs_change=4.626478e+08 | tol=9.452016e+04 | signed_change=-4.626478e+08
[RECOURSE JUMP] Reconciliation | previous=9.452016e+08 | current=4.825538e+08 | block_delta=-4.626478e+08 | mismatch=+5.960464e-07
[RECOURSE JUMP] Aggregate signed changes:
  TSO | delta=-4.346462e+08
  DSO node=5 | delta=-1.704472e+07
  DSO node=9 | delta=-1.129592e+07
  DSO node=7 | delta=+3.390723e+05
  SALVAGE | delta=+0.000000e+00
[RECOURSE JUMP] Largest 10 block changes:
  TSO node=None year=2025 day=Spring | previous=2.519279e+08 | current=1.039828e+08 | delta=-1.479451e+08 | abs_delta=1.479451e+08
    [RECOURSE JUMP][TSO PROX] year=2025 day=Spring | V max=0.069328 | PF max=0.839977 | ESS max=0.000000
    [RECOURSE COMPONENTS] gen=-1.479451e+08 | flex=+0.000000e+00 | load_curt=+0.000000e+00 | res_curt=+0.000000e+00 | ess_usage=+0.000000e+00 | slacks=-4.602332e-08 | ess_comp=+0.000000e+00
    [SLACK COMPONENTS] voltage=-4.602336e-08 | node_P=+0.000000e+00 | node_Q=+0.000000e+00 | branch_ij=+0.000000e+00 | branch_ji=+0.000000e+00 | flex_P=+0.000000e+00 | flex_Q=+0.000000e+00
    [SLACK COMPONENT CHECK] classified_delta=-4.602336e-08 | objective_slack_delta=-4.602332e-08 | mismatch=-4.263256e-14
    [RECOURSE COMPONENT CHECK] classified_delta=-1.479451e+08 | block_delta=-1.479451e+08 | mismatch=+2.384186e-07
  TSO node=None year=2025 day=Summer | previous=2.186092e+08 | current=1.082158e+08 | delta=-1.103934e+08 | abs_delta=1.103934e+08
    [RECOURSE JUMP][TSO PROX] year=2025 day=Summer | V max=0.079618 | PF max=0.914166 | ESS max=0.000000
    [RECOURSE COMPONENTS] gen=-1.103934e+08 | flex=+0.000000e+00 | load_curt=+0.000000e+00 | res_curt=+0.000000e+00 | ess_usage=+0.000000e+00 | slacks=-5.892649e-08 | ess_comp=+0.000000e+00
    [SLACK COMPONENTS] voltage=-5.892652e-08 | node_P=+0.000000e+00 | node_Q=+0.000000e+00 | branch_ij=+0.000000e+00 | branch_ji=+0.000000e+00 | flex_P=+0.000000e+00 | flex_Q=+0.000000e+00
    [SLACK COMPONENT CHECK] classified_delta=-5.892652e-08 | objective_slack_delta=-5.892649e-08 | mismatch=-2.842171e-14
    [RECOURSE COMPONENT CHECK] classified_delta=-1.103934e+08 | block_delta=-1.103934e+08 | mismatch=-4.917383e-07
  TSO node=None year=2025 day=Winter | previous=1.975478e+08 | current=1.012777e+08 | delta=-9.627011e+07 | abs_delta=9.627011e+07
    [RECOURSE JUMP][TSO PROX] year=2025 day=Winter | V max=0.066961 | PF max=0.843733 | ESS max=0.000000
    [RECOURSE COMPONENTS] gen=-9.627028e+07 | flex=+0.000000e+00 | load_curt=+0.000000e+00 | res_curt=+0.000000e+00 | ess_usage=+0.000000e+00 | slacks=+1.748294e+02 | ess_comp=+0.000000e+00
    [SLACK COMPONENTS] voltage=+1.748294e+02 | node_P=+0.000000e+00 | node_Q=+0.000000e+00 | branch_ij=+0.000000e+00 | branch_ji=+0.000000e+00 | flex_P=+0.000000e+00 | flex_Q=+0.000000e+00
    [SLACK COMPONENT CHECK] classified_delta=+1.748294e+02 | objective_slack_delta=+1.748294e+02 | mismatch=+8.526513e-14
    [RECOURSE COMPONENT CHECK] classified_delta=-9.627011e+07 | block_delta=-9.627011e+07 | mismatch=-1.639128e-07
  TSO node=None year=2025 day=Autumn | previous=1.941589e+08 | current=1.141212e+08 | delta=-8.003769e+07 | abs_delta=8.003769e+07
    [RECOURSE JUMP][TSO PROX] year=2025 day=Autumn | V max=0.079645 | PF max=0.889050 | ESS max=0.000000
    [RECOURSE COMPONENTS] gen=-8.003769e+07 | flex=+0.000000e+00 | load_curt=+0.000000e+00 | res_curt=+0.000000e+00 | ess_usage=+0.000000e+00 | slacks=-7.307906e-08 | ess_comp=+0.000000e+00
    [SLACK COMPONENTS] voltage=-7.307910e-08 | node_P=+0.000000e+00 | node_Q=+0.000000e+00 | branch_ij=+0.000000e+00 | branch_ji=+0.000000e+00 | flex_P=+0.000000e+00 | flex_Q=+0.000000e+00
    [SLACK COMPONENT CHECK] classified_delta=-7.307910e-08 | objective_slack_delta=-7.307906e-08 | mismatch=-4.263256e-14
    [RECOURSE COMPONENT CHECK] classified_delta=-8.003769e+07 | block_delta=-8.003769e+07 | mismatch=-3.129244e-07
  DSO node=5 year=2025 day=Summer | previous=9.969611e+06 | current=1.511536e+06 | delta=-8.458075e+06 | abs_delta=8.458075e+06
    [RECOURSE COMPONENTS] gen=+0.000000e+00 | flex=-8.371269e+06 | load_curt=+0.000000e+00 | res_curt=+0.000000e+00 | ess_usage=+0.000000e+00 | slacks=-9.674918e-02 | ess_comp=+0.000000e+00
    [SLACK COMPONENTS] voltage=-5.727459e-04 | node_P=+0.000000e+00 | node_Q=+0.000000e+00 | branch_ij=+0.000000e+00 | branch_ji=+0.000000e+00 | flex_P=-9.617643e-02 | flex_Q=+0.000000e+00
    [SLACK COMPONENT CHECK] classified_delta=-9.674918e-02 | objective_slack_delta=-9.674918e-02 | mismatch=+1.740830e-13
    [RECOURSE COMPONENT CHECK] classified_delta=-8.371269e+06 | block_delta=-8.458075e+06 | mismatch=+8.680658e+04
  DSO node=9 year=2025 day=Spring | previous=1.062535e+07 | current=2.987712e+06 | delta=-7.637642e+06 | abs_delta=7.637642e+06
    [RECOURSE COMPONENTS] gen=+0.000000e+00 | flex=-7.612810e+06 | load_curt=+0.000000e+00 | res_curt=+0.000000e+00 | ess_usage=+0.000000e+00 | slacks=-4.417426e-01 | ess_comp=+0.000000e+00
    [SLACK COMPONENTS] voltage=-3.235481e-03 | node_P=+0.000000e+00 | node_Q=+0.000000e+00 | branch_ij=+0.000000e+00 | branch_ji=+0.000000e+00 | flex_P=-4.385071e-01 | flex_Q=+0.000000e+00
    [SLACK COMPONENT CHECK] classified_delta=-4.417426e-01 | objective_slack_delta=-4.417426e-01 | mismatch=-3.588241e-13
    [RECOURSE COMPONENT CHECK] classified_delta=-7.612810e+06 | block_delta=-7.637642e+06 | mismatch=+2.483198e+04
  DSO node=5 year=2025 day=Autumn | previous=7.500767e+06 | current=3.112740e+06 | delta=-4.388027e+06 | abs_delta=4.388027e+06
    [RECOURSE COMPONENTS] gen=+0.000000e+00 | flex=-4.077359e+06 | load_curt=+0.000000e+00 | res_curt=+0.000000e+00 | ess_usage=+0.000000e+00 | slacks=-1.324885e-01 | ess_comp=+0.000000e+00
    [SLACK COMPONENTS] voltage=-1.282971e-03 | node_P=+0.000000e+00 | node_Q=+0.000000e+00 | branch_ij=+0.000000e+00 | branch_ji=+0.000000e+00 | flex_P=-1.312055e-01 | flex_Q=+0.000000e+00
    [SLACK COMPONENT CHECK] classified_delta=-1.324885e-01 | objective_slack_delta=-1.324885e-01 | mismatch=-7.425172e-13
    [RECOURSE COMPONENT CHECK] classified_delta=-4.077359e+06 | block_delta=-4.388027e+06 | mismatch=+3.106680e+05
  DSO node=9 year=2025 day=Winter | previous=8.751960e+06 | current=4.911985e+06 | delta=-3.839976e+06 | abs_delta=3.839976e+06
    [RECOURSE COMPONENTS] gen=+0.000000e+00 | flex=-3.922774e+06 | load_curt=+0.000000e+00 | res_curt=+0.000000e+00 | ess_usage=+0.000000e+00 | slacks=-3.977385e-02 | ess_comp=+0.000000e+00
    [SLACK COMPONENTS] voltage=+9.705300e-05 | node_P=+0.000000e+00 | node_Q=+0.000000e+00 | branch_ij=+0.000000e+00 | branch_ji=+0.000000e+00 | flex_P=-3.987090e-02 | flex_Q=+0.000000e+00
    [SLACK COMPONENT CHECK] classified_delta=-3.977385e-02 | objective_slack_delta=-3.977385e-02 | mismatch=+7.354117e-13
    [RECOURSE COMPONENT CHECK] classified_delta=-3.922774e+06 | block_delta=-3.839976e+06 | mismatch=-8.279852e+04
  DSO node=5 year=2025 day=Winter | previous=6.129187e+06 | current=2.330443e+06 | delta=-3.798745e+06 | abs_delta=3.798745e+06
    [RECOURSE COMPONENTS] gen=+0.000000e+00 | flex=-3.750475e+06 | load_curt=+0.000000e+00 | res_curt=+0.000000e+00 | ess_usage=+0.000000e+00 | slacks=-9.244242e-02 | ess_comp=+0.000000e+00
    [SLACK COMPONENTS] voltage=-9.429284e-04 | node_P=+0.000000e+00 | node_Q=+0.000000e+00 | branch_ij=+0.000000e+00 | branch_ji=+0.000000e+00 | flex_P=-9.149949e-02 | flex_Q=+0.000000e+00
    [SLACK COMPONENT CHECK] classified_delta=-9.244242e-02 | objective_slack_delta=-9.244242e-02 | mismatch=-9.130474e-13
    [RECOURSE COMPONENT CHECK] classified_delta=-3.750475e+06 | block_delta=-3.798745e+06 | mismatch=+4.826920e+04
  DSO node=7 year=2025 day=Spring | previous=3.556925e+06 | current=4.865404e+06 | delta=+1.308479e+06 | abs_delta=1.308479e+06
    [RECOURSE COMPONENTS] gen=+0.000000e+00 | flex=+1.230709e+06 | load_curt=+0.000000e+00 | res_curt=+0.000000e+00 | ess_usage=+0.000000e+00 | slacks=-4.337783e-01 | ess_comp=+0.000000e+00
    [SLACK COMPONENTS] voltage=-5.503189e-03 | node_P=+0.000000e+00 | node_Q=+0.000000e+00 | branch_ij=+0.000000e+00 | branch_ji=+0.000000e+00 | flex_P=-4.282751e-01 | flex_Q=+0.000000e+00
    [SLACK COMPONENT CHECK] classified_delta=-4.337783e-01 | objective_slack_delta=-4.337783e-01 | mismatch=+1.705303e-13
    [RECOURSE COMPONENT CHECK] classified_delta=+1.230709e+06 | block_delta=+1.308479e+06 | mismatch=-7.777042e+04
[INFO]		 - Recourse stationarity failed. 462647805.623111 > 94520.162177
[ADMM RHO] V | primal max ratio=10.620 | primal mean ratio=41.978 | primal selected=41.978 | dual mean ratio=0.094 | increase threshold=5.0 | decrease threshold=5.0 | action=increased
[ADMM RHO BOYD] V | r=7.841381e-01 | s=7.220050e-03 | eps_pri=1.981374e-03 | eps_dual=1.701854e-04 | primal_ratio=3.957547e+02 | dual_ratio=4.242462e+01 | dual_ratio_balance=4.242462e+01 | rho_before=1.155000e-02 | rho_after=1.732500e-02 | gamma_before=0.000000e+00 | gamma_after=0.000000e+00 | action=increased
[ADMM RHO] PF | primal max ratio=9.253 | primal mean ratio=6.512 | primal selected=9.253 | dual mean ratio=7.468 | increase threshold=5.0 | decrease threshold=3.0 | action=decreased
[ADMM RHO BOYD] PF | r=2.658249e-01 | s=2.516804e+00 | eps_pri=9.724546e-04 | eps_dual=2.430968e-04 | primal_ratio=2.733546e+02 | dual_ratio=1.035310e+04 | dual_ratio_balance=1.035310e+04 | rho_before=1.980000e-01 | rho_after=1.320000e-01 | gamma_before=0.000000e+00 | gamma_after=0.000000e+00 | action=decreased
[ADMM RHO] ESS | primal max ratio=0.000 | primal mean ratio=0.000 | primal selected=0.000 | dual mean ratio=0.000 | increase threshold=5.0 | decrease threshold=5.0 | action=exempt (fixed)
[ADMM RHO BOYD] ESS | r=9.105569e-25 | s=1.800619e-26 | eps_pri=4.156922e-04 | eps_dual=4.156922e-04 | primal_ratio=2.190459e-21 | dual_ratio=4.331615e-23 | dual_ratio_balance=4.331615e-23 | rho_before=1.000000e-02 | rho_after=1.000000e-02 | gamma_before=0.000000e+00 | gamma_after=0.000000e+00 | action=exempt (fixed)
[INFO]		 - ADMM cycle 2 | Primal (V max/mean | PF max/mean | ESS max/mean) = 0.106199/0.041978 | 0.092531/0.006512 | 0.000000/0.000000 | Dual (V max/mean | PF max/mean | ESS max/mean) = 0.002310/0.000935 | 0.249177/0.074684 | 0.000000/0.000000 | Recourse change = 462647805.623111 (tol. 94520.162177) | Stable cycles = 0/10 | Penalty actions (V/PF/ESS) = increased/decreased/exempt (fixed)
[INFO] 	 - Iteration 2: 39.61 s
[WARNING] 	 - ADMM did NOT converge in 2 iterations!
[INFO] 	 - Execution time: 117.42 s
