[INFO] Running OPERATIONAL PLANNING (DISTRIBUTED)...
[INFO]	 - Initializing...
[INFO] 		 - Distribution Network node 5...
[INFO] 			 - Running SMOPF, Network case33_1, 2025, Spring...
[INFO] 			 - Running SMOPF, Network case33_1, 2025, Summer...
[INFO] 			 - Running SMOPF, Network case33_1, 2025, Autumn...
[INFO] 			 - Running SMOPF, Network case33_1, 2025, Winter...
[INFO] 			 - Running SMOPF, Network case33_1, 2030, Spring...
[INFO] 			 - Running SMOPF, Network case33_1, 2030, Summer...
[INFO] 			 - Running SMOPF, Network case33_1, 2030, Autumn...
[INFO] 			 - Running SMOPF, Network case33_1, 2030, Winter...
[INFO] 			 - Running SMOPF, Network case33_1, 2035, Spring...
[INFO] 			 - Running SMOPF, Network case33_1, 2035, Summer...
[INFO] 			 - Running SMOPF, Network case33_1, 2035, Autumn...
[INFO] 			 - Running SMOPF, Network case33_1, 2035, Winter...
[INFO] 		 - Distribution Network node 7...
[INFO] 			 - Running SMOPF, Network case33_2, 2025, Spring...
[INFO] 			 - Running SMOPF, Network case33_2, 2025, Summer...
[INFO] 			 - Running SMOPF, Network case33_2, 2025, Autumn...
[INFO] 			 - Running SMOPF, Network case33_2, 2025, Winter...
[INFO] 			 - Running SMOPF, Network case33_2, 2030, Spring...
[INFO] 			 - Running SMOPF, Network case33_2, 2030, Summer...
[INFO] 			 - Running SMOPF, Network case33_2, 2030, Autumn...
[INFO] 			 - Running SMOPF, Network case33_2, 2030, Winter...
[INFO] 			 - Running SMOPF, Network case33_2, 2035, Spring...
[INFO] 			 - Running SMOPF, Network case33_2, 2035, Summer...
[INFO] 			 - Running SMOPF, Network case33_2, 2035, Autumn...
[INFO] 			 - Running SMOPF, Network case33_2, 2035, Winter...
[INFO] 		 - Distribution Network node 9...
[INFO] 			 - Running SMOPF, Network case33_3, 2025, Spring...
[INFO] 			 - Running SMOPF, Network case33_3, 2025, Summer...
[INFO] 			 - Running SMOPF, Network case33_3, 2025, Autumn...
[INFO] 			 - Running SMOPF, Network case33_3, 2025, Winter...
[INFO] 			 - Running SMOPF, Network case33_3, 2030, Spring...
[INFO] 			 - Running SMOPF, Network case33_3, 2030, Summer...
[INFO] 			 - Running SMOPF, Network case33_3, 2030, Autumn...
[INFO] 			 - Running SMOPF, Network case33_3, 2030, Winter...
[INFO] 			 - Running SMOPF, Network case33_3, 2035, Spring...
[INFO] 			 - Running SMOPF, Network case33_3, 2035, Summer...
[INFO] 			 - Running SMOPF, Network case33_3, 2035, Autumn...
[INFO] 			 - Running SMOPF, Network case33_3, 2035, Winter...
[INFO] 		 - Transmission Network...
[INFO] 			 - Running SMOPF, Network case9, 2025, Spring...
[INFO] 			 - Running SMOPF, Network case9, 2025, Summer...
[INFO] 			 - Running SMOPF, Network case9, 2025, Autumn...
[INFO] 			 - Running SMOPF, Network case9, 2025, Winter...
[INFO] 			 - Running SMOPF, Network case9, 2030, Spring...
[INFO] 			 - Running SMOPF, Network case9, 2030, Summer...
[INFO] 			 - Running SMOPF, Network case9, 2030, Autumn...
[INFO] 			 - Running SMOPF, Network case9, 2030, Winter...
[INFO] 			 - Running SMOPF, Network case9, 2035, Spring...
[INFO] 			 - Running SMOPF, Network case9, 2035, Summer...
[INFO] 			 - Running SMOPF, Network case9, 2035, Autumn...
[INFO] 			 - Running SMOPF, Network case9, 2035, Winter...
[INFO] 		 - Running Shared ESS optimization (subproblem)...
[INFO] 			 - Node 5...
[INFO] Shared ESS complementarity diagnostics for ESS node=5: ratio_max=8.663330e-06 n_periods=288 mu_final=1.497458e-11 s_obj=1.000000e-01 eps=1.000000e-05 bound=4.312679e-03 measured=2.312858e-03
[INFO] 			 - Node 7...
[INFO] Shared ESS complementarity diagnostics for ESS node=7: ratio_max=8.664933e-06 n_periods=288 mu_final=1.499878e-11 s_obj=1.000000e-01 eps=1.000000e-05 bound=4.319650e-03 measured=2.305958e-03
[INFO] 			 - Node 9...
[INFO] Shared ESS complementarity diagnostics for ESS node=9: ratio_max=8.662105e-06 n_periods=288 mu_final=1.497387e-11 s_obj=1.000000e-01 eps=1.000000e-05 bound=4.312474e-03 measured=2.313052e-03
[ADMM OF SCALE] n=48 | min=2.430192e+07 | median=4.563872e+07 | max=9.363536e+07 | selected=9.363536e+07
[ADMM OF SCALE] Largest weighted objectives:
  TSO node=None year=2035 day=Winter | base=-9.363536e+07 | scenario=0.000000e+00 | total=-9.363536e+07
  TSO node=None year=2030 day=Autumn | base=-8.831557e+07 | scenario=0.000000e+00 | total=-8.831557e+07
  TSO node=None year=2030 day=Winter | base=-7.463930e+07 | scenario=0.000000e+00 | total=-7.463930e+07
  TSO node=None year=2035 day=Spring | base=-6.233022e+07 | scenario=0.000000e+00 | total=-6.233022e+07
  TSO node=None year=2035 day=Summer | base=-5.846825e+07 | scenario=0.000000e+00 | total=-5.846825e+07
  TSO node=None year=2035 day=Autumn | base=-5.808004e+07 | scenario=0.000000e+00 | total=-5.808004e+07
  TSO node=None year=2030 day=Summer | base=-5.747069e+07 | scenario=0.000000e+00 | total=-5.747069e+07
  DSO node=7 year=2035 day=Spring | base=5.722320e+07 | scenario=0.000000e+00 | total=5.722320e+07
  DSO node=9 year=2025 day=Winter | base=5.578761e+07 | scenario=0.000000e+00 | total=5.578761e+07
  DSO node=5 year=2035 day=Spring | base=5.561607e+07 | scenario=0.000000e+00 | total=5.561607e+07
[ADMM OF SCALE] Fixed sigma in force sigma_fixed=9.363536e+07 | sigma_computed=9.363536e+07 | ratio=1.000000e+00 | assert_factor=3.000
[ADMM ESSO AL SCALE] mode=sigma_over_median_block_weight | sigma=9.363536e+07 | median_block_weight=4.121075e+02 | al_scale_esso=2.272110e+05
[INFO] 	 - ADMM Iteration 1
[INFO] 		 - Updating distribution networks:
[INFO] 			 - Running SMOPF, Network case33_1, 2025, Spring...
[INFO] 			 - Running SMOPF, Network case33_1, 2025, Summer...
[INFO] 			 - Running SMOPF, Network case33_1, 2025, Autumn...
[INFO] 			 - Running SMOPF, Network case33_1, 2025, Winter...
[INFO] 			 - Running SMOPF, Network case33_1, 2030, Spring...
[INFO] 			 - Running SMOPF, Network case33_1, 2030, Summer...
[INFO] 			 - Running SMOPF, Network case33_1, 2030, Autumn...
[INFO] 			 - Running SMOPF, Network case33_1, 2030, Winter...
[INFO] 			 - Running SMOPF, Network case33_1, 2035, Spring...
[INFO] 			 - Running SMOPF, Network case33_1, 2035, Summer...
[INFO] 			 - Running SMOPF, Network case33_1, 2035, Autumn...
[INFO] 			 - Running SMOPF, Network case33_1, 2035, Winter...
[INFO] 			 - Running SMOPF, Network case33_2, 2025, Spring...
[INFO] 			 - Running SMOPF, Network case33_2, 2025, Summer...
[INFO] 			 - Running SMOPF, Network case33_2, 2025, Autumn...
[INFO] 			 - Running SMOPF, Network case33_2, 2025, Winter...
[INFO] 			 - Running SMOPF, Network case33_2, 2030, Spring...
[INFO] 			 - Running SMOPF, Network case33_2, 2030, Summer...
[INFO] 			 - Running SMOPF, Network case33_2, 2030, Autumn...
[INFO] 			 - Running SMOPF, Network case33_2, 2030, Winter...
[INFO] 			 - Running SMOPF, Network case33_2, 2035, Spring...
[INFO] 			 - Running SMOPF, Network case33_2, 2035, Summer...
[INFO] 			 - Running SMOPF, Network case33_2, 2035, Autumn...
[INFO] 			 - Running SMOPF, Network case33_2, 2035, Winter...
[INFO] 			 - Running SMOPF, Network case33_3, 2025, Spring...
[INFO] 			 - Running SMOPF, Network case33_3, 2025, Summer...
[INFO] 			 - Running SMOPF, Network case33_3, 2025, Autumn...
[INFO] 			 - Running SMOPF, Network case33_3, 2025, Winter...
[INFO] 			 - Running SMOPF, Network case33_3, 2030, Spring...
[INFO] 			 - Running SMOPF, Network case33_3, 2030, Summer...
[INFO] 			 - Running SMOPF, Network case33_3, 2030, Autumn...
[INFO] 			 - Running SMOPF, Network case33_3, 2030, Winter...
[INFO] 			 - Running SMOPF, Network case33_3, 2035, Spring...
[INFO] 			 - Running SMOPF, Network case33_3, 2035, Summer...
[INFO] 			 - Running SMOPF, Network case33_3, 2035, Autumn...
[INFO] 			 - Running SMOPF, Network case33_3, 2035, Winter...
[INFO] 		 - Updating transmission network...
[INFO] 			 - Running SMOPF, Network case9, 2025, Spring...
[INFO] 			 - Running SMOPF, Network case9, 2025, Summer...
[INFO] 			 - Running SMOPF, Network case9, 2025, Autumn...
[INFO] 			 - Running SMOPF, Network case9, 2025, Winter...
[INFO] 			 - Running SMOPF, Network case9, 2030, Spring...
[INFO] 			 - Running SMOPF, Network case9, 2030, Summer...
[INFO] 			 - Running SMOPF, Network case9, 2030, Autumn...
[INFO] 			 - Running SMOPF, Network case9, 2030, Winter...
[INFO] 			 - Running SMOPF, Network case9, 2035, Spring...
[INFO] 			 - Running SMOPF, Network case9, 2035, Summer...
[INFO] 			 - Running SMOPF, Network case9, 2035, Autumn...
[INFO] 			 - Running SMOPF, Network case9, 2035, Winter...
[TSO PROX] cycle=1 | updated_blocks=12 | held_failed_blocks=0 | V max=0.016197 | PF max=0.275998 | ESS max=0.010011
[TSO PROX][V MAX] node=9, year=2035, day=Summer, period=20 | dV=5.588079 kV | normalized=0.016197
[TSO PROX][PF MAX] node=5, year=2025, day=Spring, period=9, type=P | delta=55.199631 MW | normalized=0.275998
[TSO PROX][ESS MAX] node=5, year=2035, day=Spring, period=15, type=P | delta=0.050053 MW | normalized=0.010011
[INFO] 		 - Updating SharedESS...
[INFO] 		 - Running Shared ESS optimization (subproblem)...
[INFO] 			 - Node 5...
[INFO] Shared ESS complementarity diagnostics for ESS node=5: ratio_max=9.338697e-06 n_periods=288 mu_final=1.197493e-11 s_obj=1.000000e-01 eps=1.000000e-05 bound=3.448779e-03 measured=2.999498e-03
[INFO] 			 - Node 7...
[INFO] Shared ESS complementarity diagnostics for ESS node=7: ratio_max=9.392470e-06 n_periods=288 mu_final=1.091395e-11 s_obj=1.000000e-01 eps=1.000000e-05 bound=3.143217e-03 measured=3.163965e-03
[INFO] 			 - Node 9...
[INFO] Shared ESS complementarity diagnostics for ESS node=9: ratio_max=9.373192e-06 n_periods=288 mu_final=1.126519e-11 s_obj=1.000000e-01 eps=1.000000e-05 bound=3.244373e-03 measured=3.282577e-03
[DIAG][V MAX] node=5, year=2035, day=Winter, period=4 | TSO=349.497025 kV, DSO=343.197461 kV, diff=6.299564 kV, base=345.000000 kV, normalized=0.018260, rho(TSO/DSO)=0.007700/0.007700
[DIAG][PF MAX] node=7, year=2035, day=Spring, period=14, type=P | TSO=51.796071 MW, DSO=84.359938 MW, diff=32.563867 MW, rating=100.000000 MVA, normalized=0.325639, rho(TSO/DSO)=0.198000/0.198000
[INFO]		 - interface Vmag max primal residual failed. 0.018260 > 0.010000
[INFO]		 - interface Vmag mean primal residual failed. 0.007267 > 0.001000
[INFO]		 - interface PF max primal residual failed. 0.325639 > 0.010000
[INFO]		 - interface PF mean primal residual failed. 0.061823 > 0.001000
[INFO]		 - interface PF mean dual residual failed. 0.023562 > 0.010000
[INFO]		 - Recourse stationarity requires one previous successful cycle.
[ADMM RHO] V | primal max ratio=1.826 | primal mean ratio=7.267 | primal selected=7.267 | dual mean ratio=0.004 | increase threshold=5.0 | decrease threshold=5.0 | action=increased
[ADMM RHO BOYD] V | r=2.476842e-01 | s=2.001836e-03 | eps_pri=3.241888e-03 | eps_dual=2.940803e-04 | primal_ratio=7.640121e+01 | dual_ratio=6.807106e+00 | dual_ratio_balance=4.813351e+00 | rho_before=7.700000e-03 | rho_after=1.155000e-02 | gamma_before=7.700000e-03 | gamma_after=1.155000e-02 | action=increased
[ADMM RHO] PF | primal max ratio=32.564 | primal mean ratio=61.823 | primal selected=61.823 | dual mean ratio=2.356 | increase threshold=5.0 | decrease threshold=3.0 | action=held
[ADMM RHO BOYD] PF | r=3.486463e+00 | s=1.444608e+00 | eps_pri=1.386918e-03 | eps_dual=5.195674e-04 | primal_ratio=2.513820e+03 | dual_ratio=2.780405e+03 | dual_ratio_balance=1.966043e+03 | rho_before=1.980000e-01 | rho_after=1.980000e-01 | gamma_before=1.980000e-01 | gamma_after=1.980000e-01 | action=held
[ADMM RHO] ESS | primal max ratio=0.067 | primal mean ratio=0.065 | primal selected=0.067 | dual mean ratio=0.005 | increase threshold=5.0 | decrease threshold=5.0 | action=increased
[ADMM RHO BOYD] ESS | r=8.790944e-02 | s=1.398626e-02 | eps_pri=7.308082e-04 | eps_dual=7.209890e-04 | primal_ratio=1.202907e+02 | dual_ratio=1.939872e+01 | dual_ratio_balance=9.702944e+00 | rho_before=1.125000e-01 | rho_after=1.687500e-01 | gamma_before=1.125000e-01 | gamma_after=1.687500e-01 | action=increased
[INFO]		 - ADMM cycle 1 | Primal (V max/mean | PF max/mean | ESS max/mean) = 0.018260/0.007267 | 0.325639/0.061823 | 0.006665/0.000647 | Dual (V max/mean | PF max/mean | ESS max/mean) = 0.000126/0.000039 | 0.128943/0.023562 | 0.000377/0.000055 | Recourse change = N/A (tol. N/A) | Stable cycles = 0/3 | Penalty actions (V/PF/ESS) = increased/held/increased
[INFO] 	 - Iteration 1: 31.48 s
[WARNING] 	 - ADMM did NOT converge in 1 iterations!
[INFO] 	 - Execution time: 58.24 s
