14:00:30 b_2a0ba8b2@v4: certifying e11fbc89 k* 173; v4 from records certified 173; v5 from records certified 173 window [142, 173]; non-clean at/after first pass []; non-Optimal c120 DSO|7|2025|Winter primary acceptable_primary_within_factor 2.512; c128 DSO|7|2025|Winter primary acceptable_primary_within_factor 2.506; c141 DSO|7|2025|Winter primary acceptable_primary_within_factor 2.512
14:00:31 b_0dd237f0@v4: certifying e11fbc89 k* 173; v4 from records certified 173; v5 from records certified 173 window [141, 173]; non-clean at/after first pass []; non-Optimal 
14:00:33 b_4649234b@v4: certifying None k* None; v4 from records uncertified None; v5 from records certified 148 window [121, 148]; non-clean at/after first pass []; non-Optimal c112 DSO|7|2025|Winter primary acceptable_primary_within_factor 2.506; c122 DSO|7|2025|Winter primary acceptable_primary_within_factor 2.506; c137 DSO|7|2025|Winter primary acceptable_primary_within_factor 2.688; c158 DSO|7|2025|Winter primary acceptable_primary_within_factor 2.511; c164 DSO|7|2025|Winter primary acceptable_primary_within_factor 2.511; c177 DSO|7|2025|Winter primary acceptable_primary_within_factor 2.511
14:00:36 pb_y2030_n9: certifying fc791891 k* 192; v4 from records certified 192; v5 from records certified 192 window [160, 192]; non-clean at/after first pass []; non-Optimal 
14:00:39 pb_y2030_n7: certifying fc791891 k* 195; v4 from records certified 195; v5 from records certified 195 window [163, 195]; non-clean at/after first pass []; non-Optimal 
14:00:41 pb_y2025_n5: certifying fc791891 k* 167; v4 from records not certified within the recorded cycles 1..167 None; v5 from records not certified within the recorded cycles 1..167 None window None; non-clean at/after first pass [167]; non-Optimal c167 TSO|2035|Spring recovery acceptable_not_primary 2234.363
14:00:43 pb_y2030_n5: certifying fc791891 k* 182; v4 from records certified 182; v5 from records certified 182 window [151, 182]; non-clean at/after first pass []; non-Optimal 
14:00:46 pb_y2025_n9: certifying fc791891 k* 174; v4 from records certified 174; v5 from records certified 174 window [144, 174]; non-clean at/after first pass []; non-Optimal c134 DSO|7|2025|Winter primary acceptable_primary_within_factor 2.512
14:00:49 pb_y2025_n7: certifying fc791891 k* 172; v4 from records certified 172; v5 from records certified 172 window [142, 172]; non-clean at/after first pass []; non-Optimal 
14:00:52 yl_y2030: certifying fc791891 k* 169; v4 from records certified 169; v5 from records certified 169 window [138, 169]; non-clean at/after first pass []; non-Optimal 
14:00:54 yl_y2035: certifying fc791891 k* 167; v4 from records certified 167; v5 from records certified 167 window [136, 167]; non-clean at/after first pass []; non-Optimal 
14:00:59 f2_challenger: certifying None k* None; v4 from records uncertified None; v5 from records uncertified None window None; non-clean at/after first pass [202]; non-Optimal c200 DSO|5|2030|Winter primary acceptable_primary_within_factor 2.506; c202 TSO|2035|Spring recovery acceptable_not_primary 3870.927
14:01:04 f2_incumbent: certifying None k* None; v4 from records uncertified None; v5 from records uncertified None window None; non-clean at/after first pass []; non-Optimal 
14:01:06 x0: certifying 8a612429 k* 181; v4 from records certified 181; v5 from records certified 181 window [150, 181]; non-clean at/after first pass []; non-Optimal 
14:01:09 unit_n7_4h_e1: certifying 8a612429 k* 172; v4 from records certified 172; v5 from records certified 172 window [140, 172]; non-clean at/after first pass []; non-Optimal 
14:01:13 b_2a0ba8b2@v3: certifying None k* None; v4 from records certified 173; v5 from records certified 173 window [142, 173]; non-clean at/after first pass []; non-Optimal c120 DSO|7|2025|Winter primary acceptable_primary_within_factor 2.512; c128 DSO|7|2025|Winter primary acceptable_primary_within_factor 2.506; c141 DSO|7|2025|Winter primary acceptable_primary_within_factor 2.512
14:01:13 TABLE b_2a0ba8b2@v4: certifying e11fbc89 k* 173; v5 certified 173; earlier None
14:01:13 TABLE b_0dd237f0@v4: certifying e11fbc89 k* 173; v5 certified 173; earlier None
14:01:13 TABLE b_4649234b@v4: certifying None k* None; v5 certified 148; earlier None
14:01:13 TABLE pb_y2030_n9: certifying fc791891 k* 192; v5 certified 192; earlier None
14:01:13 TABLE pb_y2030_n7: certifying fc791891 k* 195; v5 certified 195; earlier None
14:01:13 TABLE pb_y2025_n5: certifying fc791891 k* 167 (EXCLUDED); v5 not certified within the recorded cycles 1..167 None; earlier None
14:01:13 TABLE pb_y2030_n5: certifying fc791891 k* 182; v5 certified 182; earlier None
14:01:13 TABLE pb_y2025_n9: certifying fc791891 k* 174; v5 certified 174; earlier None
14:01:13 TABLE pb_y2025_n7: certifying fc791891 k* 172; v5 certified 172; earlier None
14:01:13 TABLE yl_y2030: certifying fc791891 k* 169; v5 certified 169; earlier None
14:01:13 TABLE yl_y2035: certifying fc791891 k* 167; v5 certified 167; earlier None
14:01:13 TABLE f2_challenger: certifying None k* None; v5 uncertified None; earlier None
14:01:13 TABLE f2_incumbent: certifying None k* None; v5 uncertified None; earlier None
14:01:13 TABLE x0: certifying 8a612429 k* 181; v5 certified 181; earlier None
14:01:13 TABLE unit_n7_4h_e1: certifying 8a612429 k* 172; v5 certified 172; earlier None
14:01:13 TABLE b_2a0ba8b2@v3: certifying None k* None; v5 certified 173; earlier None
14:01:13 BLOCK DSO|7|2025|Winter (case33_2): 13 exits in 4 records, clean (clean 13, non-clean 0), tiers {'primary': 13}, max ratio range [2.5059036638617447, 2.688313855259139]
14:01:13 BLOCK TSO|2035|Spring (case9): 2 exits in 2 records, non-clean (clean 0, non-clean 2), tiers {'recovery': 2}, max ratio range [2234.36260103811, 3870.92742581406]
14:01:13 BLOCK DSO|5|2030|Winter (case33_1): 1 exits in 1 records, clean (clean 1, non-clean 0), tiers {'primary': 1}, max ratio range [2.5059059874430396, 2.5059059874430396]
14:01:13 cell 3 v5 from its v4 records: {'status': 'certified', 'k_star': 148, 'window': [121, 148], 'branch': 'oscillatory', 'k0': 84, 'W': 28, 'band_width': 4490.6242525577545, 't_sum_k_star': 2028.7251510715223, 'n_vetoes': 0}
14:01:13 pb_y2025_n5 c167: reason acceptable_not_primary max ratio 2234.36260103811 still vetoes True; reader cross-check all equal True
14:01:13 wrote data/SRP1/Results/P515S53/w139_resettle_v5/v5_from_records/w139_v5_from_records.json, data/SRP1/Results/P515S53/w139_resettle_v5/v5_from_records/w139_recurring_acceptable_v5.json (10054 logs inventoried); guards {'w139_v5_from_records': {'counts': {'permitted_solve': 0, 'permitted_exec': 0, 'blocked_solve': 0, 'blocked_exec': 0}, 'verify_0_failures': []}, 'w131_imported': {'counts': {'permitted_solve': 0, 'permitted_exec': 0, 'blocked_solve': 0, 'blocked_exec': 0}, 'verify_0_failures': []}, 'w137_ra_imported': {'counts': {'permitted_solve': 0, 'permitted_exec': 0, 'blocked_solve': 0, 'blocked_exec': 0}, 'verify_0_failures': []}, 'w137_checks': {'counts': {'permitted_solve': 0, 'permitted_exec': 0, 'blocked_solve': 0, 'blocked_exec': 0}, 'verify_0_failures': []}, 'w132_checks': {'counts': {'permitted_solve': 0, 'permitted_exec': 0, 'blocked_solve': 0, 'blocked_exec': 0}, 'verify_0_failures': []}, 'w118_checks': {'counts': {'permitted_solve': 0, 'permitted_exec': 0, 'blocked_solve': 0, 'blocked_exec': 0}, 'verify_0_failures': []}, 'w105_checks_imported': {'counts': {'permitted_solve': 0, 'permitted_exec': 0, 'blocked_solve': 0, 'blocked_exec': 0}, 'verify_0_failures': []}, 'w101_checks_imported': {'counts': {'permitted_solve': 0, 'permitted_exec': 0, 'blocked_solve': 0, 'blocked_exec': 0}, 'verify_0_failures': []}, 'w98_checks_imported': {'counts': {'permitted_solve': 0, 'permitted_exec': 0, 'blocked_solve': 0, 'blocked_exec': 0}, 'verify_0_failures': []}, 'w112_imported': {'counts': {'permitted_solve': 0, 'permitted_exec': 0, 'blocked_solve': 0, 'blocked_exec': 0}, 'verify_0_failures': []}}; wall 47.3 s
