10:41:20 [W78] P5.15 Addendum 45 item 1, W78 -- the scaling-pin test: two-cycle SRP1 arms, x = 0 and the smallest node-7 unit, gradient-based vs user-scaling with one obj_scaling_factor in {0.001, 0.002, 0.003, 0.005}
10:41:20 [W78] arm s53w78_n7u_us0p003: cell n7u, value 0.003; spec data/SRP1/Results/P515S53/frozen_s53_spec_v27_654046ec.json (654046ecc97c485616abffcbd258d4a7c85b7d18531dc0cbd83f424f4e3e846b); HEAD 1ca91b2da8de6fcc6ab1d073aa25fd15d3ded952
10:41:20 [W78] preconditions passed; checklist 66 items all true; DECLARED BEFORE THE RUN: 51 solves/cycle, base 153; gate on observed == base + every attempted retry and GUARD.verify(that) exactly
10:41:20 [W78] legacy run lock acquired (.p515_g_gate.lock)
[INFO] Running OPERATIONAL PLANNING (DISTRIBUTED)...
[INFO]	 - Initializing...
[INFO] 		 - Distribution Network node 5...
[INFO] 			 - Running SMOPF, Network case33_1, 2025, Spring...
[INFO] 			 - Running SMOPF, Network case33_1, 2025, Summer...
[INFO] 			 - Running SMOPF, Network case33_1, 2025, Autumn...
[INFO] 			 - Running SMOPF, Network case33_1, 2025, Winter...
[INFO] 			 - Running SMOPF, Network case33_1, 2030, Spring...
[INFO] 			 - Running SMOPF, Network case33_1, 2030, Summer...
[INFO] 			 - Running SMOPF, Network case33_1, 2030, Autumn...
[INFO] 			 - Running SMOPF, Network case33_1, 2030, Winter...
[INFO] 			 - Running SMOPF, Network case33_1, 2035, Spring...
[INFO] 			 - Running SMOPF, Network case33_1, 2035, Summer...
[INFO] 			 - Running SMOPF, Network case33_1, 2035, Autumn...
[INFO] 			 - Running SMOPF, Network case33_1, 2035, Winter...
[INFO] 		 - Distribution Network node 7...
[INFO] 			 - Running SMOPF, Network case33_2, 2025, Spring...
[INFO] 			 - Running SMOPF, Network case33_2, 2025, Summer...
[INFO] 			 - Running SMOPF, Network case33_2, 2025, Autumn...
[INFO] 			 - Running SMOPF, Network case33_2, 2025, Winter...
[INFO] 			 - Running SMOPF, Network case33_2, 2030, Spring...
[INFO] 			 - Running SMOPF, Network case33_2, 2030, Summer...
[INFO] 			 - Running SMOPF, Network case33_2, 2030, Autumn...
[INFO] 			 - Running SMOPF, Network case33_2, 2030, Winter...
[INFO] 			 - Running SMOPF, Network case33_2, 2035, Spring...
[INFO] 			 - Running SMOPF, Network case33_2, 2035, Summer...
[INFO] 			 - Running SMOPF, Network case33_2, 2035, Autumn...
[INFO] 			 - Running SMOPF, Network case33_2, 2035, Winter...
[INFO] 		 - Distribution Network node 9...
[INFO] 			 - Running SMOPF, Network case33_3, 2025, Spring...
[INFO] 			 - Running SMOPF, Network case33_3, 2025, Summer...
[INFO] 			 - Running SMOPF, Network case33_3, 2025, Autumn...
[INFO] 			 - Running SMOPF, Network case33_3, 2025, Winter...
[INFO] 			 - Running SMOPF, Network case33_3, 2030, Spring...
[INFO] 			 - Running SMOPF, Network case33_3, 2030, Summer...
[INFO] 			 - Running SMOPF, Network case33_3, 2030, Autumn...
[INFO] 			 - Running SMOPF, Network case33_3, 2030, Winter...
[INFO] 			 - Running SMOPF, Network case33_3, 2035, Spring...
[INFO] 			 - Running SMOPF, Network case33_3, 2035, Summer...
[INFO] 			 - Running SMOPF, Network case33_3, 2035, Autumn...
[INFO] 			 - Running SMOPF, Network case33_3, 2035, Winter...
[INFO] 		 - Transmission Network...
[INFO] 			 - Running SMOPF, Network case9, 2025, Spring...
[INFO] 			 - Running SMOPF, Network case9, 2025, Summer...
[INFO] 			 - Running SMOPF, Network case9, 2025, Autumn...
[INFO] 			 - Running SMOPF, Network case9, 2025, Winter...
[INFO] 			 - Running SMOPF, Network case9, 2030, Spring...
[INFO] 			 - Running SMOPF, Network case9, 2030, Summer...
[INFO] 			 - Running SMOPF, Network case9, 2030, Autumn...
[INFO] 			 - Running SMOPF, Network case9, 2030, Winter...
[INFO] 			 - Running SMOPF, Network case9, 2035, Spring...
[INFO] 			 - Running SMOPF, Network case9, 2035, Summer...
[INFO] 			 - Running SMOPF, Network case9, 2035, Autumn...
[INFO] 			 - Running SMOPF, Network case9, 2035, Winter...
[INFO] 		 - Running Shared ESS optimization (subproblem)...
[INFO] 			 - Node 5...
[INFO] Shared ESS complementarity diagnostics for ESS node=5: ratio_max=0.000000e+00 n_periods=0 mu_final=9.090909e-12 s_obj=1.000000e-01 eps=1.000000e-05 bound=0.000000e+00 measured=0.000000e+00
[INFO] 			 - Node 7...
[INFO] Shared ESS complementarity diagnostics for ESS node=7: ratio_max=3.629950e-05 n_periods=288 mu_final=1.021412e-11 s_obj=1.000000e-01 eps=1.000000e-05 bound=2.941667e-03 measured=2.899485e-03
[INFO] 			 - Node 9...
[INFO] Shared ESS complementarity diagnostics for ESS node=9: ratio_max=0.000000e+00 n_periods=0 mu_final=9.090909e-12 s_obj=1.000000e-01 eps=1.000000e-05 bound=0.000000e+00 measured=0.000000e+00
[ADMM OF SCALE] n=48 | min=2.430205e+07 | median=4.563872e+07 | max=9.363550e+07 | selected=9.363550e+07
[ADMM OF SCALE] Largest weighted objectives:
  TSO node=None year=2035 day=Winter | base=-9.363550e+07 | scenario=0.000000e+00 | total=-9.363550e+07
  TSO node=None year=2030 day=Autumn | base=-8.831572e+07 | scenario=0.000000e+00 | total=-8.831572e+07
  TSO node=None year=2030 day=Winter | base=-7.463944e+07 | scenario=0.000000e+00 | total=-7.463944e+07
  TSO node=None year=2035 day=Spring | base=-6.233039e+07 | scenario=0.000000e+00 | total=-6.233039e+07
  TSO node=None year=2035 day=Summer | base=-5.846839e+07 | scenario=0.000000e+00 | total=-5.846839e+07
  TSO node=None year=2035 day=Autumn | base=-5.808041e+07 | scenario=0.000000e+00 | total=-5.808041e+07
  TSO node=None year=2030 day=Summer | base=-5.747086e+07 | scenario=0.000000e+00 | total=-5.747086e+07
  DSO node=7 year=2035 day=Spring | base=5.722320e+07 | scenario=0.000000e+00 | total=5.722320e+07
  DSO node=9 year=2025 day=Winter | base=5.578758e+07 | scenario=0.000000e+00 | total=5.578758e+07
  DSO node=5 year=2035 day=Spring | base=5.561608e+07 | scenario=0.000000e+00 | total=5.561608e+07
[ADMM OF SCALE] Fixed sigma in force sigma_fixed=9.363536e+07 | sigma_computed=9.363550e+07 | ratio=1.000001e+00 | assert_factor=3.000
[ADMM ESSO AL SCALE] mode=sigma_over_median_block_weight | sigma=9.363536e+07 | median_block_weight=4.121075e+02 | al_scale_esso=2.272110e+05
[INFO] 	 - ADMM Iteration 1
[INFO] 		 - Updating distribution networks:
[INFO] 			 - Running SMOPF, Network case33_1, 2025, Spring...
[INFO] 			 - Running SMOPF, Network case33_1, 2025, Summer...
[INFO] 			 - Running SMOPF, Network case33_1, 2025, Autumn...
[INFO] 			 - Running SMOPF, Network case33_1, 2025, Winter...
[INFO] 			 - Running SMOPF, Network case33_1, 2030, Spring...
[INFO] 			 - Running SMOPF, Network case33_1, 2030, Summer...
[INFO] 			 - Running SMOPF, Network case33_1, 2030, Autumn...
[INFO] 			 - Running SMOPF, Network case33_1, 2030, Winter...
[INFO] 			 - Running SMOPF, Network case33_1, 2035, Spring...
[INFO] 			 - Running SMOPF, Network case33_1, 2035, Summer...
[INFO] 			 - Running SMOPF, Network case33_1, 2035, Autumn...
[INFO] 			 - Running SMOPF, Network case33_1, 2035, Winter...
[INFO] 			 - Running SMOPF, Network case33_2, 2025, Spring...
[INFO] 			 - Running SMOPF, Network case33_2, 2025, Summer...
[INFO] 			 - Running SMOPF, Network case33_2, 2025, Autumn...
[INFO] 			 - Running SMOPF, Network case33_2, 2025, Winter...
[INFO] 			 - Running SMOPF, Network case33_2, 2030, Spring...
[INFO] 			 - Running SMOPF, Network case33_2, 2030, Summer...
[INFO] 			 - Running SMOPF, Network case33_2, 2030, Autumn...
[INFO] 			 - Running SMOPF, Network case33_2, 2030, Winter...
[INFO] 			 - Running SMOPF, Network case33_2, 2035, Spring...
[INFO] 			 - Running SMOPF, Network case33_2, 2035, Summer...
[INFO] 			 - Running SMOPF, Network case33_2, 2035, Autumn...
[INFO] 			 - Running SMOPF, Network case33_2, 2035, Winter...
[INFO] 			 - Running SMOPF, Network case33_3, 2025, Spring...
[INFO] 			 - Running SMOPF, Network case33_3, 2025, Summer...
[INFO] 			 - Running SMOPF, Network case33_3, 2025, Autumn...
[INFO] 			 - Running SMOPF, Network case33_3, 2025, Winter...
[INFO] 			 - Running SMOPF, Network case33_3, 2030, Spring...
[INFO] 			 - Running SMOPF, Network case33_3, 2030, Summer...
[INFO] 			 - Running SMOPF, Network case33_3, 2030, Autumn...
[INFO] 			 - Running SMOPF, Network case33_3, 2030, Winter...
[INFO] 			 - Running SMOPF, Network case33_3, 2035, Spring...
[INFO] 			 - Running SMOPF, Network case33_3, 2035, Summer...
[INFO] 			 - Running SMOPF, Network case33_3, 2035, Autumn...
[INFO] 			 - Running SMOPF, Network case33_3, 2035, Winter...
[INFO] 		 - Updating transmission network...
[INFO] 			 - Running SMOPF, Network case9, 2025, Spring...
[INFO] 			 - Running SMOPF, Network case9, 2025, Summer...
[INFO] 			 - Running SMOPF, Network case9, 2025, Autumn...
[INFO] 			 - Running SMOPF, Network case9, 2025, Winter...
[INFO] 			 - Running SMOPF, Network case9, 2030, Spring...
[INFO] 			 - Running SMOPF, Network case9, 2030, Summer...
[INFO] 			 - Running SMOPF, Network case9, 2030, Autumn...
[INFO] 			 - Running SMOPF, Network case9, 2030, Winter...
[INFO] 			 - Running SMOPF, Network case9, 2035, Spring...
[INFO] 			 - Running SMOPF, Network case9, 2035, Summer...
[INFO] 			 - Running SMOPF, Network case9, 2035, Autumn...
[INFO] 			 - Running SMOPF, Network case9, 2035, Winter...
[TSO PROX] cycle=1 | updated_blocks=12 | held_failed_blocks=0 | V max=0.085082 | PF max=0.549716 | ESS max=0.050014
[TSO PROX][V MAX] node=5, year=2035, day=Summer, period=22 | dV=29.353301 kV | normalized=0.085082
[TSO PROX][PF MAX] node=5, year=2025, day=Spring, period=9, type=P | delta=109.943113 MW | normalized=0.549716
[TSO PROX][ESS MAX] node=7, year=2035, day=Autumn, period=20, type=P | delta=0.250070 MW | normalized=0.050014
[INFO] 		 - Updating SharedESS...
[INFO] 		 - Running Shared ESS optimization (subproblem)...
[INFO] 			 - Node 5...
[INFO] Shared ESS complementarity diagnostics for ESS node=5: ratio_max=0.000000e+00 n_periods=0 mu_final=9.090909e-12 s_obj=1.000000e-01 eps=1.000000e-05 bound=0.000000e+00 measured=0.000000e+00
[INFO] 			 - Node 7...
[INFO] Shared ESS complementarity diagnostics for ESS node=7: ratio_max=3.297930e-05 n_periods=288 mu_final=1.192997e-11 s_obj=1.000000e-01 eps=1.000000e-05 bound=3.435832e-03 measured=2.894289e-03
[INFO] 			 - Node 9...
[INFO] Shared ESS complementarity diagnostics for ESS node=9: ratio_max=0.000000e+00 n_periods=0 mu_final=9.090909e-12 s_obj=1.000000e-01 eps=1.000000e-05 bound=0.000000e+00 measured=0.000000e+00
[DIAG][V MAX] node=5, year=2035, day=Summer, period=22 | TSO=373.194490 kV, DSO=342.682397 kV, diff=30.512093 kV, base=345.000000 kV, normalized=0.088441, rho(TSO/DSO)=0.007700/0.007700
[DIAG][PF MAX] node=5, year=2035, day=Summer, period=22, type=P | TSO=102.779233 MW, DSO=32.265365 MW, diff=70.513868 MW, rating=200.000000 MVA, normalized=0.352569, rho(TSO/DSO)=0.198000/0.198000
[INFO]		 - interface Vmag max primal residual failed. 0.088441 > 0.010000
[INFO]		 - interface Vmag mean primal residual failed. 0.032665 > 0.001000
[INFO]		 - interface PF max primal residual failed. 0.352569 > 0.010000
[INFO]		 - interface PF mean primal residual failed. 0.143449 > 0.001000
[INFO]		 - interface PF mean dual residual failed. 0.034627 > 0.010000
[INFO]		 - Recourse stationarity requires one previous successful cycle.
[ADMM RHO] V | primal max ratio=8.844 | primal mean ratio=32.665 | primal selected=32.665 | dual mean ratio=0.014 | increase threshold=5.0 | decrease threshold=5.0 | action=increased
[ADMM RHO BOYD] V | r=1.088386e+00 | s=8.006312e-03 | eps_pri=3.319281e-03 | eps_dual=2.947394e-04 | primal_ratio=3.278982e+02 | dual_ratio=2.716404e+01 | dual_ratio_balance=2.716404e+01 | rho_before=7.700000e-03 | rho_after=1.155000e-02 | gamma_before=0.000000e+00 | gamma_after=0.000000e+00 | action=increased
[ADMM RHO] PF | primal max ratio=35.257 | primal mean ratio=143.449 | primal selected=143.449 | dual mean ratio=3.463 | increase threshold=5.0 | decrease threshold=3.0 | action=held
[ADMM RHO BOYD] PF | r=6.647196e+00 | s=2.030270e+00 | eps_pri=1.619323e-03 | eps_dual=4.210073e-04 | primal_ratio=4.104923e+03 | dual_ratio=4.822411e+03 | dual_ratio_balance=4.822411e+03 | rho_before=1.980000e-01 | rho_after=1.980000e-01 | gamma_before=0.000000e+00 | gamma_after=0.000000e+00 | action=held
[ADMM RHO] ESS | primal max ratio=0.333 | primal mean ratio=0.105 | primal selected=0.333 | dual mean ratio=0.001 | increase threshold=5.0 | decrease threshold=5.0 | action=exempt (fixed)
[ADMM RHO BOYD] ESS | r=2.846032e-01 | s=2.012519e-03 | eps_pri=7.548577e-04 | eps_dual=7.202846e-04 | primal_ratio=3.770290e+02 | dual_ratio=2.794061e+00 | dual_ratio_balance=2.794061e+00 | rho_before=1.000000e-02 | rho_after=1.000000e-02 | gamma_before=0.000000e+00 | gamma_after=0.000000e+00 | action=exempt (fixed)
[INFO]		 - ADMM cycle 1 | Primal (V max/mean | PF max/mean | ESS max/mean) = 0.088441/0.032665 | 0.352569/0.143449 | 0.033346/0.001052 | Dual (V max/mean | PF max/mean | ESS max/mean) = 0.000655/0.000138 | 0.128943/0.034627 | 0.000167/0.000008 | Recourse change = N/A (tol. N/A) | Stable cycles = 0/10 | Penalty actions (V/PF/ESS) = increased/held/exempt (fixed)
[INFO] 	 - Iteration 1: 25.18 s
[INFO] 	 - ADMM Iteration 2
[INFO] 		 - Updating distribution networks:
[INFO] 			 - Running SMOPF, Network case33_1, 2025, Spring...
[INFO] 			 - Running SMOPF, Network case33_1, 2025, Summer...
[INFO] 			 - Running SMOPF, Network case33_1, 2025, Autumn...
[INFO] 			 - Running SMOPF, Network case33_1, 2025, Winter...
[INFO] 			 - Running SMOPF, Network case33_1, 2030, Spring...
[INFO] 			 - Running SMOPF, Network case33_1, 2030, Summer...
[INFO] 			 - Running SMOPF, Network case33_1, 2030, Autumn...
[INFO] 			 - Running SMOPF, Network case33_1, 2030, Winter...
[INFO] 			 - Running SMOPF, Network case33_1, 2035, Spring...
[INFO] 			 - Running SMOPF, Network case33_1, 2035, Summer...
[INFO] 			 - Running SMOPF, Network case33_1, 2035, Autumn...
[INFO] 			 - Running SMOPF, Network case33_1, 2035, Winter...
[INFO] 			 - Running SMOPF, Network case33_2, 2025, Spring...
[INFO] 			 - Running SMOPF, Network case33_2, 2025, Summer...
[INFO] 			 - Running SMOPF, Network case33_2, 2025, Autumn...
[INFO] 			 - Running SMOPF, Network case33_2, 2025, Winter...
[INFO] 			 - Running SMOPF, Network case33_2, 2030, Spring...
[INFO] 			 - Running SMOPF, Network case33_2, 2030, Summer...
[INFO] 			 - Running SMOPF, Network case33_2, 2030, Autumn...
[INFO] 			 - Running SMOPF, Network case33_2, 2030, Winter...
[INFO] 			 - Running SMOPF, Network case33_2, 2035, Spring...
[INFO] 			 - Running SMOPF, Network case33_2, 2035, Summer...
[INFO] 			 - Running SMOPF, Network case33_2, 2035, Autumn...
[INFO] 			 - Running SMOPF, Network case33_2, 2035, Winter...
[INFO] 			 - Running SMOPF, Network case33_3, 2025, Spring...
[INFO] 			 - Running SMOPF, Network case33_3, 2025, Summer...
[INFO] 			 - Running SMOPF, Network case33_3, 2025, Autumn...
[INFO] 			 - Running SMOPF, Network case33_3, 2025, Winter...
[INFO] 			 - Running SMOPF, Network case33_3, 2030, Spring...
[INFO] 			 - Running SMOPF, Network case33_3, 2030, Summer...
[INFO] 			 - Running SMOPF, Network case33_3, 2030, Autumn...
[INFO] 			 - Running SMOPF, Network case33_3, 2030, Winter...
[INFO] 			 - Running SMOPF, Network case33_3, 2035, Spring...
[INFO] 			 - Running SMOPF, Network case33_3, 2035, Summer...
[INFO] 			 - Running SMOPF, Network case33_3, 2035, Autumn...
[INFO] 			 - Running SMOPF, Network case33_3, 2035, Winter...
[INFO] 		 - Updating transmission network...
[INFO] 			 - Running SMOPF, Network case9, 2025, Spring...
[INFO] 			 - Running SMOPF, Network case9, 2025, Summer...
[INFO] 			 - Running SMOPF, Network case9, 2025, Autumn...
[INFO] 			 - Running SMOPF, Network case9, 2025, Winter...
[INFO] 			 - Running SMOPF, Network case9, 2030, Spring...
[INFO] 			 - Running SMOPF, Network case9, 2030, Summer...
[INFO] 			 - Running SMOPF, Network case9, 2030, Autumn...
[INFO] 			 - Running SMOPF, Network case9, 2030, Winter...
[INFO] 			 - Running SMOPF, Network case9, 2035, Spring...
[INFO] 			 - Running SMOPF, Network case9, 2035, Summer...
[INFO] 			 - Running SMOPF, Network case9, 2035, Autumn...
[INFO] 			 - Running SMOPF, Network case9, 2035, Winter...
[TSO PROX] cycle=2 | updated_blocks=12 | held_failed_blocks=0 | V max=0.022628 | PF max=0.304605 | ESS max=0.030806
[TSO PROX][V MAX] node=5, year=2035, day=Summer, period=22 | dV=7.806570 kV | normalized=0.022628
[TSO PROX][PF MAX] node=5, year=2025, day=Spring, period=20, type=P | delta=60.920978 MW | normalized=0.304605
[TSO PROX][ESS MAX] node=7, year=2035, day=Autumn, period=21, type=P | delta=0.154031 MW | normalized=0.030806
[INFO] 		 - Updating SharedESS...
[INFO] 		 - Running Shared ESS optimization (subproblem)...
[INFO] 			 - Node 5...
[INFO] Shared ESS complementarity diagnostics for ESS node=5: ratio_max=0.000000e+00 n_periods=0 mu_final=9.090909e-12 s_obj=1.000000e-01 eps=1.000000e-05 bound=0.000000e+00 measured=0.000000e+00
[INFO] 			 - Node 7...
[INFO] Shared ESS complementarity diagnostics for ESS node=7: ratio_max=2.491290e-05 n_periods=288 mu_final=1.014964e-11 s_obj=1.000000e-01 eps=1.000000e-05 bound=2.923096e-03 measured=2.678670e-03
[INFO] 			 - Node 9...
[INFO] Shared ESS complementarity diagnostics for ESS node=9: ratio_max=0.000000e+00 n_periods=0 mu_final=9.090909e-12 s_obj=1.000000e-01 eps=1.000000e-05 bound=0.000000e+00 measured=0.000000e+00
[DIAG][V MAX] node=9, year=2025, day=Spring, period=23 | TSO=362.304864 kV, DSO=379.498993 kV, diff=17.194130 kV, base=345.000000 kV, normalized=0.049838, rho(TSO/DSO)=0.011550/0.011550
[DIAG][PF MAX] node=5, year=2035, day=Spring, period=7, type=P | TSO=13.217354 MW, DSO=-25.615826 MW, diff=38.833180 MW, rating=200.000000 MVA, normalized=0.194166, rho(TSO/DSO)=0.198000/0.198000
[INFO]		 - interface Vmag max primal residual failed. 0.049838 > 0.010000
[INFO]		 - interface Vmag mean primal residual failed. 0.015838 > 0.001000
[INFO]		 - interface PF max primal residual failed. 0.194166 > 0.010000
[INFO]		 - interface PF mean primal residual failed. 0.003147 > 0.001000
[INFO]		 - interface PF mean dual residual failed. 0.016445 > 0.010000
[RECOURSE JUMP] cycle=2 | abs_change=8.470254e+08 | tol=1.589426e+05 | signed_change=-8.470254e+08
[RECOURSE JUMP] Reconciliation | previous=1.589426e+09 | current=7.424004e+08 | block_delta=-8.470254e+08 | mismatch=-2.384186e-07
[RECOURSE JUMP] Aggregate signed changes:
  TSO | delta=-7.794872e+08
  DSO node=5 | delta=-3.070149e+07
  DSO node=9 | delta=-2.415843e+07
  DSO node=7 | delta=-1.267831e+07
  SALVAGE | delta=-5.201292e-37
[RECOURSE JUMP] Largest 10 block changes:
  TSO node=None year=2025 day=Spring | previous=1.523135e+08 | current=5.323191e+07 | delta=-9.908161e+07 | abs_delta=9.908161e+07
    [RECOURSE JUMP][TSO PROX] year=2025 day=Spring | V max=0.013643 | PF max=0.304605 | ESS max=0.007595
    [RECOURSE COMPONENTS] gen=-9.908161e+07 | flex=+0.000000e+00 | load_curt=+0.000000e+00 | res_curt=+0.000000e+00 | ess_usage=+0.000000e+00 | slacks=+1.979501e-10 | ess_comp=-2.545801e-05
    [SLACK COMPONENTS] voltage=+1.979501e-10 | node_P=+0.000000e+00 | node_Q=+0.000000e+00 | branch_ij=+0.000000e+00 | branch_ji=+0.000000e+00 | flex_P=+0.000000e+00 | flex_Q=+0.000000e+00
    [SLACK COMPONENT CHECK] classified_delta=+1.979501e-10 | objective_slack_delta=+1.979501e-10 | mismatch=+0.000000e+00
    [RECOURSE COMPONENT CHECK] classified_delta=-9.908161e+07 | block_delta=-9.908161e+07 | mismatch=+0.000000e+00
  TSO node=None year=2035 day=Spring | previous=1.235059e+08 | current=3.747184e+07 | delta=-8.603406e+07 | abs_delta=8.603406e+07
    [RECOURSE JUMP][TSO PROX] year=2035 day=Spring | V max=0.018744 | PF max=0.260190 | ESS max=0.026794
    [RECOURSE COMPONENTS] gen=-8.603406e+07 | flex=+0.000000e+00 | load_curt=+0.000000e+00 | res_curt=+0.000000e+00 | ess_usage=+0.000000e+00 | slacks=+1.513811e-10 | ess_comp=-3.597023e-05
    [SLACK COMPONENTS] voltage=+1.513811e-10 | node_P=+0.000000e+00 | node_Q=+0.000000e+00 | branch_ij=+0.000000e+00 | branch_ji=+0.000000e+00 | flex_P=+0.000000e+00 | flex_Q=+0.000000e+00
    [SLACK COMPONENT CHECK] classified_delta=+1.513811e-10 | objective_slack_delta=+1.513811e-10 | mismatch=+0.000000e+00
    [RECOURSE COMPONENT CHECK] classified_delta=-8.603406e+07 | block_delta=-8.603406e+07 | mismatch=+2.980232e-08
  TSO node=None year=2025 day=Summer | previous=1.594998e+08 | current=7.408412e+07 | delta=-8.541566e+07 | abs_delta=8.541566e+07
    [RECOURSE JUMP][TSO PROX] year=2025 day=Summer | V max=0.011841 | PF max=0.303460 | ESS max=0.009270
    [RECOURSE COMPONENTS] gen=-8.541566e+07 | flex=+0.000000e+00 | load_curt=+0.000000e+00 | res_curt=+0.000000e+00 | ess_usage=+0.000000e+00 | slacks=+5.388969e-10 | ess_comp=-2.640987e-05
    [SLACK COMPONENTS] voltage=+5.388969e-10 | node_P=+0.000000e+00 | node_Q=+0.000000e+00 | branch_ij=+0.000000e+00 | branch_ji=+0.000000e+00 | flex_P=+0.000000e+00 | flex_Q=+0.000000e+00
    [SLACK COMPONENT CHECK] classified_delta=+5.388969e-10 | objective_slack_delta=+5.388969e-10 | mismatch=+0.000000e+00
    [RECOURSE COMPONENT CHECK] classified_delta=-8.541566e+07 | block_delta=-8.541566e+07 | mismatch=-1.490116e-08
  TSO node=None year=2025 day=Winter | previous=1.683728e+08 | current=8.437978e+07 | delta=-8.399304e+07 | abs_delta=8.399304e+07
    [RECOURSE JUMP][TSO PROX] year=2025 day=Winter | V max=0.014658 | PF max=0.211228 | ESS max=0.015796
    [RECOURSE COMPONENTS] gen=-8.399304e+07 | flex=+0.000000e+00 | load_curt=+0.000000e+00 | res_curt=+0.000000e+00 | ess_usage=+0.000000e+00 | slacks=+1.100965e-09 | ess_comp=-1.653760e-05
    [SLACK COMPONENTS] voltage=+1.100965e-09 | node_P=+0.000000e+00 | node_Q=+0.000000e+00 | branch_ij=+0.000000e+00 | branch_ji=+0.000000e+00 | flex_P=+0.000000e+00 | flex_Q=+0.000000e+00
    [SLACK COMPONENT CHECK] classified_delta=+1.100965e-09 | objective_slack_delta=+1.100965e-09 | mismatch=+0.000000e+00
    [RECOURSE COMPONENT CHECK] classified_delta=-8.399304e+07 | block_delta=-8.399304e+07 | mismatch=+0.000000e+00
  TSO node=None year=2030 day=Spring | previous=1.119525e+08 | current=2.942399e+07 | delta=-8.252856e+07 | abs_delta=8.252856e+07
    [RECOURSE JUMP][TSO PROX] year=2030 day=Spring | V max=0.012808 | PF max=0.255218 | ESS max=0.015536
    [RECOURSE COMPONENTS] gen=-8.252856e+07 | flex=+0.000000e+00 | load_curt=+0.000000e+00 | res_curt=+0.000000e+00 | ess_usage=+0.000000e+00 | slacks=+4.956036e-11 | ess_comp=-8.780594e-05
    [SLACK COMPONENTS] voltage=+4.956036e-11 | node_P=+0.000000e+00 | node_Q=+0.000000e+00 | branch_ij=+0.000000e+00 | branch_ji=+0.000000e+00 | flex_P=+0.000000e+00 | flex_Q=+0.000000e+00
    [SLACK COMPONENT CHECK] classified_delta=+4.956036e-11 | objective_slack_delta=+4.956036e-11 | mismatch=+0.000000e+00
    [RECOURSE COMPONENT CHECK] classified_delta=-8.252856e+07 | block_delta=-8.252856e+07 | mismatch=-1.490116e-08
  TSO node=None year=2025 day=Autumn | previous=1.534558e+08 | current=7.818751e+07 | delta=-7.526832e+07 | abs_delta=7.526832e+07
    [RECOURSE JUMP][TSO PROX] year=2025 day=Autumn | V max=0.019385 | PF max=0.221634 | ESS max=0.013226
    [RECOURSE COMPONENTS] gen=-7.526832e+07 | flex=+0.000000e+00 | load_curt=+0.000000e+00 | res_curt=+0.000000e+00 | ess_usage=+0.000000e+00 | slacks=+9.825101e-10 | ess_comp=+2.149855e-06
    [SLACK COMPONENTS] voltage=+9.825101e-10 | node_P=+0.000000e+00 | node_Q=+0.000000e+00 | branch_ij=+0.000000e+00 | branch_ji=+0.000000e+00 | flex_P=+0.000000e+00 | flex_Q=+0.000000e+00
    [SLACK COMPONENT CHECK] classified_delta=+9.825101e-10 | objective_slack_delta=+9.825101e-10 | mismatch=+0.000000e+00
    [RECOURSE COMPONENT CHECK] classified_delta=-7.526832e+07 | block_delta=-7.526832e+07 | mismatch=+0.000000e+00
  TSO node=None year=2030 day=Summer | previous=1.156392e+08 | current=5.121436e+07 | delta=-6.442480e+07 | abs_delta=6.442480e+07
    [RECOURSE JUMP][TSO PROX] year=2030 day=Summer | V max=0.012828 | PF max=0.220606 | ESS max=0.013151
    [RECOURSE COMPONENTS] gen=-6.442480e+07 | flex=+0.000000e+00 | load_curt=+0.000000e+00 | res_curt=+0.000000e+00 | ess_usage=+0.000000e+00 | slacks=+1.727329e-10 | ess_comp=-5.275551e-05
    [SLACK COMPONENTS] voltage=+1.727329e-10 | node_P=+0.000000e+00 | node_Q=+0.000000e+00 | branch_ij=+0.000000e+00 | branch_ji=+0.000000e+00 | flex_P=+0.000000e+00 | flex_Q=+0.000000e+00
    [SLACK COMPONENT CHECK] classified_delta=+1.727329e-10 | objective_slack_delta=+1.727329e-10 | mismatch=+0.000000e+00
    [RECOURSE COMPONENT CHECK] classified_delta=-6.442480e+07 | block_delta=-6.442480e+07 | mismatch=+0.000000e+00
  TSO node=None year=2035 day=Summer | previous=1.104968e+08 | current=4.672570e+07 | delta=-6.377112e+07 | abs_delta=6.377112e+07
    [RECOURSE JUMP][TSO PROX] year=2035 day=Summer | V max=0.022628 | PF max=0.267137 | ESS max=0.024787
    [RECOURSE COMPONENTS] gen=-6.377112e+07 | flex=+0.000000e+00 | load_curt=+0.000000e+00 | res_curt=+0.000000e+00 | ess_usage=+0.000000e+00 | slacks=-2.421530e-11 | ess_comp=-3.711637e-05
    [SLACK COMPONENTS] voltage=-2.421530e-11 | node_P=+0.000000e+00 | node_Q=+0.000000e+00 | branch_ij=+0.000000e+00 | branch_ji=+0.000000e+00 | flex_P=+0.000000e+00 | flex_Q=+0.000000e+00
    [SLACK COMPONENT CHECK] classified_delta=-2.421530e-11 | objective_slack_delta=-2.421530e-11 | mismatch=+0.000000e+00
    [RECOURSE COMPONENT CHECK] classified_delta=-6.377112e+07 | block_delta=-6.377112e+07 | mismatch=+0.000000e+00
  TSO node=None year=2030 day=Winter | previous=8.216511e+07 | current=3.863532e+07 | delta=-4.352979e+07 | abs_delta=4.352979e+07
    [RECOURSE JUMP][TSO PROX] year=2030 day=Winter | V max=0.014616 | PF max=0.154166 | ESS max=0.030700
    [RECOURSE COMPONENTS] gen=-4.352979e+07 | flex=+0.000000e+00 | load_curt=+0.000000e+00 | res_curt=+0.000000e+00 | ess_usage=+0.000000e+00 | slacks=-4.106937e-11 | ess_comp=-5.078879e-05
    [SLACK COMPONENTS] voltage=-4.106937e-11 | node_P=+0.000000e+00 | node_Q=+0.000000e+00 | branch_ij=+0.000000e+00 | branch_ji=+0.000000e+00 | flex_P=+0.000000e+00 | flex_Q=+0.000000e+00
    [SLACK COMPONENT CHECK] classified_delta=-4.106937e-11 | objective_slack_delta=-4.106937e-11 | mismatch=+0.000000e+00
    [RECOURSE COMPONENT CHECK] classified_delta=-4.352979e+07 | block_delta=-4.352979e+07 | mismatch=+1.490116e-08
  TSO node=None year=2035 day=Winter | previous=7.435681e+07 | current=3.711998e+07 | delta=-3.723683e+07 | abs_delta=3.723683e+07
    [RECOURSE JUMP][TSO PROX] year=2035 day=Winter | V max=0.016241 | PF max=0.128499 | ESS max=0.017106
    [RECOURSE COMPONENTS] gen=-3.723683e+07 | flex=+0.000000e+00 | load_curt=+0.000000e+00 | res_curt=+0.000000e+00 | ess_usage=+0.000000e+00 | slacks=+3.197442e-11 | ess_comp=-2.270497e-05
    [SLACK COMPONENTS] voltage=+3.197442e-11 | node_P=+0.000000e+00 | node_Q=+0.000000e+00 | branch_ij=+0.000000e+00 | branch_ji=+0.000000e+00 | flex_P=+0.000000e+00 | flex_Q=+0.000000e+00
    [SLACK COMPONENT CHECK] classified_delta=+3.197442e-11 | objective_slack_delta=+3.197442e-11 | mismatch=+0.000000e+00
    [RECOURSE COMPONENT CHECK] classified_delta=-3.723683e+07 | block_delta=-3.723683e+07 | mismatch=+7.450581e-09
[INFO]		 - Recourse stationarity failed. 847025442.898665 > 158942.585829
[ADMM RHO] V | primal max ratio=4.984 | primal mean ratio=15.838 | primal selected=15.838 | dual mean ratio=0.034 | increase threshold=5.0 | decrease threshold=5.0 | action=increased
[ADMM RHO BOYD] V | r=5.938787e-01 | s=2.497944e-03 | eps_pri=3.378888e-03 | eps_dual=2.941898e-04 | primal_ratio=1.757616e+02 | dual_ratio=8.490928e+00 | dual_ratio_balance=8.490928e+00 | rho_before=1.155000e-02 | rho_after=1.732500e-02 | gamma_before=0.000000e+00 | gamma_after=0.000000e+00 | action=increased
[ADMM RHO] PF | primal max ratio=19.417 | primal mean ratio=3.147 | primal selected=19.417 | dual mean ratio=1.645 | increase threshold=5.0 | decrease threshold=3.0 | action=decreased
[ADMM RHO BOYD] PF | r=4.643057e-01 | s=8.824438e-01 | eps_pri=1.291153e-03 | eps_dual=4.246703e-04 | primal_ratio=3.596054e+02 | dual_ratio=2.077950e+03 | dual_ratio_balance=2.077950e+03 | rho_before=1.980000e-01 | rho_after=1.320000e-01 | gamma_before=0.000000e+00 | gamma_after=0.000000e+00 | action=decreased
[ADMM RHO] ESS | primal max ratio=0.152 | primal mean ratio=0.030 | primal selected=0.152 | dual mean ratio=0.001 | increase threshold=5.0 | decrease threshold=5.0 | action=exempt (fixed)
[ADMM RHO BOYD] ESS | r=8.054490e-02 | s=2.281044e-03 | eps_pri=7.633959e-04 | eps_dual=7.203226e-04 | primal_ratio=1.055087e+02 | dual_ratio=3.166698e+00 | dual_ratio_balance=3.166698e+00 | rho_before=1.000000e-02 | rho_after=1.000000e-02 | gamma_before=0.000000e+00 | gamma_after=0.000000e+00 | action=exempt (fixed)
[INFO]		 - ADMM cycle 2 | Primal (V max/mean | PF max/mean | ESS max/mean) = 0.049838/0.015838 | 0.194166/0.003147 | 0.015161/0.000300 | Dual (V max/mean | PF max/mean | ESS max/mean) = 0.001274/0.000340 | 0.063914/0.016445 | 0.000222/0.000009 | Recourse change = 847025442.898665 (tol. 158942.585829) | Stable cycles = 0/10 | Penalty actions (V/PF/ESS) = increased/decreased/exempt (fixed)
[INFO] 	 - Iteration 2: 28.46 s
[WARNING] 	 - ADMM did NOT converge in 2 iterations!
[INFO] 	 - Execution time: 83.68 s
[S31 Part 3] component_levels_terminal.json written: /Users/micaelsimoes/Projects/share-resource-planning-no_esso-degradation/data/SRP1/Results/P515S53/scaling_pin_w78/arms/s53w78_n7u_us0p003/arm/component_levels_terminal.json
[S31C Part 3] interface_settlement_detail_s31c.json written: /Users/micaelsimoes/Projects/share-resource-planning-no_esso-degradation/data/SRP1/Results/P515S53/scaling_pin_w78/arms/s53w78_n7u_us0p003/arm/interface_settlement_detail_s31c.json
[S33E2] interface_voltage_terminal.json written: /Users/micaelsimoes/Projects/share-resource-planning-no_esso-degradation/data/SRP1/Results/P515S53/scaling_pin_w78/arms/s53w78_n7u_us0p003/arm/interface_voltage_terminal.json
[S35REF] boyd_terminal.json written: /Users/micaelsimoes/Projects/share-resource-planning-no_esso-degradation/data/SRP1/Results/P515S53/scaling_pin_w78/arms/s53w78_n7u_us0p003/arm/boyd_terminal.json
[P5.15-G s39_D] recourse=742400415.3923562 cycles=2 solves=153 local_failures=0 wall=84s
   EFC/day max across nodes: 0.5913068050853174 (threshold 1.4612)
   detector grouping clean: True (observed 9 / expected 9)
   network failures: {'n_blocks': 0, 'classes': {'recovered_tier1': 0, 'recovered_tier2': 0, 'unrecovered': 0, 'not_attempted': 0, 'indeterminate': 0, 'recovered': 0}, 'n_frozen_snapshots': 0, 'n_esso_recovery_events': 0, 'path': 'data/SRP1/Results/P515S53/scaling_pin_w78/arms/s53w78_n7u_us0p003/arm/network_failures_s39_D.jsonl'}
10:42:56 [W78] arm ran: cycles 2 gross 742400415.3923562 solves {'permitted_solve': 153, 'permitted_exec': 153, 'blocked_solve': 0, 'blocked_exec': 0} failures {'n_blocks': 0, 'classes': {'recovered_tier1': 0, 'recovered_tier2': 0, 'unrecovered': 0, 'not_attempted': 0, 'indeterminate': 0, 'recovered': 0}, 'n_frozen_snapshots': 0, 'n_esso_recovery_events': 0, 'path': 'data/SRP1/Results/P515S53/scaling_pin_w78/arms/s53w78_n7u_us0p003/arm/network_failures_s39_D.jsonl'}
10:42:57 [W78] C0 v27 (C0 (pinned)): holds True; segments 144 vs guard network solves 144; effective factors ['0.003']; gradient lines []; x|c|d ['No x scaling provided | No c scaling provided | No d scaling provided']; failures 0 []
10:42:57 [W78] C0 evidence (not gated): {'n_effective_lines_total': 144, 'n_gradient_lines_total': 0, 'n_restoration_entries_total': 0, 'segments_by_lines_and_restoration_entries': {'lines=1|restoration_entries=0': 144}, 'segments_where_lines_ne_1_plus_restoration_entries': [], 'baseline_unpaired_effective_lines_distinct': [], 'n_segments_with_merged_option_lines': 108, 'option_entries_without_counter': {'output_file': 108}}
10:42:57 [W78] C0b tolerances unchanged: True (0 failures) []
10:42:57 [W78]   TSO: med 51.0 p90 73 max 139 reg 777 res 0 exits {'Optimal Solution Found.': 35, 'Solved To Acceptable Level.': 1} mu_med 1.3636363636363637e-07 kkt_max 1.0203929775446927e-05
10:42:57 [W78]   DSO5: med 42.0 p90 57 max 65 reg 250 res 0 exits {'Optimal Solution Found.': 36} mu_med 2.7272727272727276e-08 kkt_max 9.113038991703792e-06
10:42:57 [W78]   DSO7: med 54.0 p90 72 max 96 reg 816 res 0 exits {'Optimal Solution Found.': 35, 'Solved To Acceptable Level.': 1} mu_med 2.7272727272727276e-08 kkt_max 5.691342040918441e-05
10:42:57 [W78]   DSO9: med 44.5 p90 58 max 97 reg 332 res 0 exits {'Optimal Solution Found.': 36} mu_med 2.7272727272727276e-08 kkt_max 5.8400537012396475e-06
10:42:57 [W78] guard {'permitted_solve': 153, 'permitted_exec': 153, 'blocked_solve': 0, 'blocked_exec': 0} verify(153) = []; ESSO options unchanged True; wrote data/SRP1/Results/P515S53/scaling_pin_w78/arms/s53w78_n7u_us0p003/arm_result.json; wall 98 s
