10:43:07 [W78] P5.15 Addendum 45 item 1, W78 -- the scaling-pin test: two-cycle SRP1 arms, x = 0 and the smallest node-7 unit, gradient-based vs user-scaling with one obj_scaling_factor in {0.001, 0.002, 0.003, 0.005}
10:43:07 [W78] arm s53w78_n7u_us0p005: cell n7u, value 0.005; spec data/SRP1/Results/P515S53/frozen_s53_spec_v27_654046ec.json (654046ecc97c485616abffcbd258d4a7c85b7d18531dc0cbd83f424f4e3e846b); HEAD 1ca91b2da8de6fcc6ab1d073aa25fd15d3ded952
10:43:07 [W78] preconditions passed; checklist 66 items all true; DECLARED BEFORE THE RUN: 51 solves/cycle, base 153; gate on observed == base + every attempted retry and GUARD.verify(that) exactly
10:43:07 [W78] legacy run lock acquired (.p515_g_gate.lock)
[INFO] Running OPERATIONAL PLANNING (DISTRIBUTED)...
[INFO]	 - Initializing...
[INFO] 		 - Distribution Network node 5...
[INFO] 			 - Running SMOPF, Network case33_1, 2025, Spring...
[INFO] 			 - Running SMOPF, Network case33_1, 2025, Summer...
[INFO] 			 - Running SMOPF, Network case33_1, 2025, Autumn...
[INFO] 			 - Running SMOPF, Network case33_1, 2025, Winter...
[INFO] 			 - Running SMOPF, Network case33_1, 2030, Spring...
[INFO] 			 - Running SMOPF, Network case33_1, 2030, Summer...
[INFO] 			 - Running SMOPF, Network case33_1, 2030, Autumn...
[INFO] 			 - Running SMOPF, Network case33_1, 2030, Winter...
[INFO] 			 - Running SMOPF, Network case33_1, 2035, Spring...
[INFO] 			 - Running SMOPF, Network case33_1, 2035, Summer...
[INFO] 			 - Running SMOPF, Network case33_1, 2035, Autumn...
[INFO] 			 - Running SMOPF, Network case33_1, 2035, Winter...
[INFO] 		 - Distribution Network node 7...
[INFO] 			 - Running SMOPF, Network case33_2, 2025, Spring...
[INFO] 			 - Running SMOPF, Network case33_2, 2025, Summer...
[INFO] 			 - Running SMOPF, Network case33_2, 2025, Autumn...
[INFO] 			 - Running SMOPF, Network case33_2, 2025, Winter...
[INFO] 			 - Running SMOPF, Network case33_2, 2030, Spring...
[INFO] 			 - Running SMOPF, Network case33_2, 2030, Summer...
[INFO] 			 - Running SMOPF, Network case33_2, 2030, Autumn...
[INFO] 			 - Running SMOPF, Network case33_2, 2030, Winter...
[INFO] 			 - Running SMOPF, Network case33_2, 2035, Spring...
[INFO] 			 - Running SMOPF, Network case33_2, 2035, Summer...
[INFO] 			 - Running SMOPF, Network case33_2, 2035, Autumn...
[INFO] 			 - Running SMOPF, Network case33_2, 2035, Winter...
[INFO] 		 - Distribution Network node 9...
[INFO] 			 - Running SMOPF, Network case33_3, 2025, Spring...
[INFO] 			 - Running SMOPF, Network case33_3, 2025, Summer...
[INFO] 			 - Running SMOPF, Network case33_3, 2025, Autumn...
[INFO] 			 - Running SMOPF, Network case33_3, 2025, Winter...
[INFO] 			 - Running SMOPF, Network case33_3, 2030, Spring...
[INFO] 			 - Running SMOPF, Network case33_3, 2030, Summer...
[INFO] 			 - Running SMOPF, Network case33_3, 2030, Autumn...
[INFO] 			 - Running SMOPF, Network case33_3, 2030, Winter...
[INFO] 			 - Running SMOPF, Network case33_3, 2035, Spring...
[INFO] 			 - Running SMOPF, Network case33_3, 2035, Summer...
[INFO] 			 - Running SMOPF, Network case33_3, 2035, Autumn...
[INFO] 			 - Running SMOPF, Network case33_3, 2035, Winter...
[INFO] 		 - Transmission Network...
[INFO] 			 - Running SMOPF, Network case9, 2025, Spring...
[INFO] 			 - Running SMOPF, Network case9, 2025, Summer...
[INFO] 			 - Running SMOPF, Network case9, 2025, Autumn...
[INFO] 			 - Running SMOPF, Network case9, 2025, Winter...
[INFO] 			 - Running SMOPF, Network case9, 2030, Spring...
[INFO] 			 - Running SMOPF, Network case9, 2030, Summer...
[INFO] 			 - Running SMOPF, Network case9, 2030, Autumn...
[INFO] 			 - Running SMOPF, Network case9, 2030, Winter...
[INFO] 			 - Running SMOPF, Network case9, 2035, Spring...
[INFO] 			 - Running SMOPF, Network case9, 2035, Summer...
[INFO] 			 - Running SMOPF, Network case9, 2035, Autumn...
[INFO] 			 - Running SMOPF, Network case9, 2035, Winter...
[INFO] 		 - Running Shared ESS optimization (subproblem)...
[INFO] 			 - Node 5...
[INFO] Shared ESS complementarity diagnostics for ESS node=5: ratio_max=0.000000e+00 n_periods=0 mu_final=9.090909e-12 s_obj=1.000000e-01 eps=1.000000e-05 bound=0.000000e+00 measured=0.000000e+00
[INFO] 			 - Node 7...
[INFO] Shared ESS complementarity diagnostics for ESS node=7: ratio_max=3.516275e-05 n_periods=288 mu_final=1.400817e-11 s_obj=1.000000e-01 eps=1.000000e-05 bound=4.034352e-03 measured=2.635245e-03
[INFO] 			 - Node 9...
[INFO] Shared ESS complementarity diagnostics for ESS node=9: ratio_max=0.000000e+00 n_periods=0 mu_final=9.090909e-12 s_obj=1.000000e-01 eps=1.000000e-05 bound=0.000000e+00 measured=0.000000e+00
[ADMM OF SCALE] n=48 | min=2.430017e+07 | median=4.563872e+07 | max=9.363303e+07 | selected=9.363303e+07
[ADMM OF SCALE] Largest weighted objectives:
  TSO node=None year=2035 day=Winter | base=-9.363303e+07 | scenario=0.000000e+00 | total=-9.363303e+07
  TSO node=None year=2030 day=Autumn | base=-8.831332e+07 | scenario=0.000000e+00 | total=-8.831332e+07
  TSO node=None year=2030 day=Winter | base=-7.463945e+07 | scenario=0.000000e+00 | total=-7.463945e+07
  TSO node=None year=2035 day=Spring | base=-6.232784e+07 | scenario=0.000000e+00 | total=-6.232784e+07
  TSO node=None year=2035 day=Summer | base=-5.846839e+07 | scenario=0.000000e+00 | total=-5.846839e+07
  TSO node=None year=2035 day=Autumn | base=-5.807862e+07 | scenario=0.000000e+00 | total=-5.807862e+07
  TSO node=None year=2030 day=Summer | base=-5.746855e+07 | scenario=0.000000e+00 | total=-5.746855e+07
  DSO node=7 year=2035 day=Spring | base=5.722320e+07 | scenario=0.000000e+00 | total=5.722320e+07
  DSO node=9 year=2025 day=Winter | base=5.578761e+07 | scenario=0.000000e+00 | total=5.578761e+07
  DSO node=5 year=2035 day=Spring | base=5.561608e+07 | scenario=0.000000e+00 | total=5.561608e+07
[ADMM OF SCALE] Fixed sigma in force sigma_fixed=9.363536e+07 | sigma_computed=9.363303e+07 | ratio=9.999751e-01 | assert_factor=3.000
[ADMM ESSO AL SCALE] mode=sigma_over_median_block_weight | sigma=9.363536e+07 | median_block_weight=4.121075e+02 | al_scale_esso=2.272110e+05
[INFO] 	 - ADMM Iteration 1
[INFO] 		 - Updating distribution networks:
[INFO] 			 - Running SMOPF, Network case33_1, 2025, Spring...
[INFO] 			 - Running SMOPF, Network case33_1, 2025, Summer...
[INFO] 			 - Running SMOPF, Network case33_1, 2025, Autumn...
[INFO] 			 - Running SMOPF, Network case33_1, 2025, Winter...
[INFO] 			 - Running SMOPF, Network case33_1, 2030, Spring...
[INFO] 			 - Running SMOPF, Network case33_1, 2030, Summer...
[INFO] 			 - Running SMOPF, Network case33_1, 2030, Autumn...
[INFO] 			 - Running SMOPF, Network case33_1, 2030, Winter...
[INFO] 			 - Running SMOPF, Network case33_1, 2035, Spring...
[INFO] 			 - Running SMOPF, Network case33_1, 2035, Summer...
[INFO] 			 - Running SMOPF, Network case33_1, 2035, Autumn...
[INFO] 			 - Running SMOPF, Network case33_1, 2035, Winter...
[INFO] 			 - Running SMOPF, Network case33_2, 2025, Spring...
[INFO] 			 - Running SMOPF, Network case33_2, 2025, Summer...
[INFO] 			 - Running SMOPF, Network case33_2, 2025, Autumn...
[INFO] 			 - Running SMOPF, Network case33_2, 2025, Winter...
[INFO] 			 - Running SMOPF, Network case33_2, 2030, Spring...
[INFO] 			 - Running SMOPF, Network case33_2, 2030, Summer...
[INFO] 			 - Running SMOPF, Network case33_2, 2030, Autumn...
[INFO] 			 - Running SMOPF, Network case33_2, 2030, Winter...
[INFO] 			 - Running SMOPF, Network case33_2, 2035, Spring...
[INFO] 			 - Running SMOPF, Network case33_2, 2035, Summer...
[INFO] 			 - Running SMOPF, Network case33_2, 2035, Autumn...
[INFO] 			 - Running SMOPF, Network case33_2, 2035, Winter...
[INFO] 			 - Running SMOPF, Network case33_3, 2025, Spring...
[INFO] 			 - Running SMOPF, Network case33_3, 2025, Summer...
[INFO] 			 - Running SMOPF, Network case33_3, 2025, Autumn...
[INFO] 			 - Running SMOPF, Network case33_3, 2025, Winter...
[INFO] 			 - Running SMOPF, Network case33_3, 2030, Spring...
[INFO] 			 - Running SMOPF, Network case33_3, 2030, Summer...
[INFO] 			 - Running SMOPF, Network case33_3, 2030, Autumn...
[INFO] 			 - Running SMOPF, Network case33_3, 2030, Winter...
[INFO] 			 - Running SMOPF, Network case33_3, 2035, Spring...
[INFO] 			 - Running SMOPF, Network case33_3, 2035, Summer...
[INFO] 			 - Running SMOPF, Network case33_3, 2035, Autumn...
[INFO] 			 - Running SMOPF, Network case33_3, 2035, Winter...
[INFO] 		 - Updating transmission network...
[INFO] 			 - Running SMOPF, Network case9, 2025, Spring...
[INFO] 			 - Running SMOPF, Network case9, 2025, Summer...
[INFO] 			 - Running SMOPF, Network case9, 2025, Autumn...
[INFO] 			 - Running SMOPF, Network case9, 2025, Winter...
[INFO] 			 - Running SMOPF, Network case9, 2030, Spring...
[INFO] 			 - Running SMOPF, Network case9, 2030, Summer...
[INFO] 			 - Running SMOPF, Network case9, 2030, Autumn...
[INFO] 			 - Running SMOPF, Network case9, 2030, Winter...
[INFO] 			 - Running SMOPF, Network case9, 2035, Spring...
[INFO] 			 - Running SMOPF, Network case9, 2035, Summer...
[INFO] 			 - Running SMOPF, Network case9, 2035, Autumn...
[INFO] 			 - Running SMOPF, Network case9, 2035, Winter...
[TSO PROX] cycle=1 | updated_blocks=12 | held_failed_blocks=0 | V max=0.085067 | PF max=0.549726 | ESS max=0.049979
[TSO PROX][V MAX] node=5, year=2035, day=Summer, period=22 | dV=29.348010 kV | normalized=0.085067
[TSO PROX][PF MAX] node=5, year=2025, day=Spring, period=9, type=P | delta=109.945178 MW | normalized=0.549726
[TSO PROX][ESS MAX] node=7, year=2025, day=Autumn, period=18, type=P | delta=0.249895 MW | normalized=0.049979
[INFO] 		 - Updating SharedESS...
[INFO] 		 - Running Shared ESS optimization (subproblem)...
[INFO] 			 - Node 5...
[INFO] Shared ESS complementarity diagnostics for ESS node=5: ratio_max=0.000000e+00 n_periods=0 mu_final=9.090909e-12 s_obj=1.000000e-01 eps=1.000000e-05 bound=0.000000e+00 measured=0.000000e+00
[INFO] 			 - Node 7...
[INFO] Shared ESS complementarity diagnostics for ESS node=7: ratio_max=3.340107e-05 n_periods=288 mu_final=1.229572e-11 s_obj=1.000000e-01 eps=1.000000e-05 bound=3.541169e-03 measured=2.831535e-03
[INFO] 			 - Node 9...
[INFO] Shared ESS complementarity diagnostics for ESS node=9: ratio_max=0.000000e+00 n_periods=0 mu_final=9.090909e-12 s_obj=1.000000e-01 eps=1.000000e-05 bound=0.000000e+00 measured=0.000000e+00
[DIAG][V MAX] node=5, year=2035, day=Summer, period=22 | TSO=373.189198 kV, DSO=342.682393 kV, diff=30.506804 kV, base=345.000000 kV, normalized=0.088426, rho(TSO/DSO)=0.007700/0.007700
[DIAG][PF MAX] node=5, year=2035, day=Summer, period=22, type=P | TSO=102.779228 MW, DSO=32.265365 MW, diff=70.513863 MW, rating=200.000000 MVA, normalized=0.352569, rho(TSO/DSO)=0.198000/0.198000
[INFO]		 - interface Vmag max primal residual failed. 0.088426 > 0.010000
[INFO]		 - interface Vmag mean primal residual failed. 0.032664 > 0.001000
[INFO]		 - interface PF max primal residual failed. 0.352569 > 0.010000
[INFO]		 - interface PF mean primal residual failed. 0.143447 > 0.001000
[INFO]		 - interface PF mean dual residual failed. 0.034626 > 0.010000
[INFO]		 - Recourse stationarity requires one previous successful cycle.
[ADMM RHO] V | primal max ratio=8.843 | primal mean ratio=32.664 | primal selected=32.664 | dual mean ratio=0.014 | increase threshold=5.0 | decrease threshold=5.0 | action=increased
[ADMM RHO BOYD] V | r=1.088338e+00 | s=8.005933e-03 | eps_pri=3.319280e-03 | eps_dual=2.947394e-04 | primal_ratio=3.278839e+02 | dual_ratio=2.716276e+01 | dual_ratio_balance=2.716276e+01 | rho_before=7.700000e-03 | rho_after=1.155000e-02 | gamma_before=0.000000e+00 | gamma_after=0.000000e+00 | action=increased
[ADMM RHO] PF | primal max ratio=35.257 | primal mean ratio=143.447 | primal selected=143.447 | dual mean ratio=3.463 | increase threshold=5.0 | decrease threshold=3.0 | action=held
[ADMM RHO BOYD] PF | r=6.647099e+00 | s=2.030264e+00 | eps_pri=1.619320e-03 | eps_dual=4.210074e-04 | primal_ratio=4.104870e+03 | dual_ratio=4.822395e+03 | dual_ratio_balance=4.822395e+03 | rho_before=1.980000e-01 | rho_after=1.980000e-01 | gamma_before=0.000000e+00 | gamma_after=0.000000e+00 | action=held
[ADMM RHO] ESS | primal max ratio=0.333 | primal mean ratio=0.105 | primal selected=0.333 | dual mean ratio=0.001 | increase threshold=5.0 | decrease threshold=5.0 | action=exempt (fixed)
[ADMM RHO BOYD] ESS | r=2.840914e-01 | s=2.008871e-03 | eps_pri=7.547976e-04 | eps_dual=7.202841e-04 | primal_ratio=3.763808e+02 | dual_ratio=2.788998e+00 | dual_ratio_balance=2.788998e+00 | rho_before=1.000000e-02 | rho_after=1.000000e-02 | gamma_before=0.000000e+00 | gamma_after=0.000000e+00 | action=exempt (fixed)
[INFO]		 - ADMM cycle 1 | Primal (V max/mean | PF max/mean | ESS max/mean) = 0.088426/0.032664 | 0.352569/0.143447 | 0.033325/0.001052 | Dual (V max/mean | PF max/mean | ESS max/mean) = 0.000655/0.000138 | 0.128943/0.034626 | 0.000167/0.000008 | Recourse change = N/A (tol. N/A) | Stable cycles = 0/10 | Penalty actions (V/PF/ESS) = increased/held/exempt (fixed)
[INFO] 	 - Iteration 1: 25.18 s
[INFO] 	 - ADMM Iteration 2
[INFO] 		 - Updating distribution networks:
[INFO] 			 - Running SMOPF, Network case33_1, 2025, Spring...
[INFO] 			 - Running SMOPF, Network case33_1, 2025, Summer...
[INFO] 			 - Running SMOPF, Network case33_1, 2025, Autumn...
[INFO] 			 - Running SMOPF, Network case33_1, 2025, Winter...
[INFO] 			 - Running SMOPF, Network case33_1, 2030, Spring...
[INFO] 			 - Running SMOPF, Network case33_1, 2030, Summer...
[INFO] 			 - Running SMOPF, Network case33_1, 2030, Autumn...
[INFO] 			 - Running SMOPF, Network case33_1, 2030, Winter...
[INFO] 			 - Running SMOPF, Network case33_1, 2035, Spring...
[INFO] 			 - Running SMOPF, Network case33_1, 2035, Summer...
[INFO] 			 - Running SMOPF, Network case33_1, 2035, Autumn...
[INFO] 			 - Running SMOPF, Network case33_1, 2035, Winter...
[INFO] 			 - Running SMOPF, Network case33_2, 2025, Spring...
[INFO] 			 - Running SMOPF, Network case33_2, 2025, Summer...
[INFO] 			 - Running SMOPF, Network case33_2, 2025, Autumn...
[INFO] 			 - Running SMOPF, Network case33_2, 2025, Winter...
[INFO] 			 - Running SMOPF, Network case33_2, 2030, Spring...
[INFO] 			 - Running SMOPF, Network case33_2, 2030, Summer...
[INFO] 			 - Running SMOPF, Network case33_2, 2030, Autumn...
[INFO] 			 - Running SMOPF, Network case33_2, 2030, Winter...
[INFO] 			 - Running SMOPF, Network case33_2, 2035, Spring...
[INFO] 			 - Running SMOPF, Network case33_2, 2035, Summer...
[INFO] 			 - Running SMOPF, Network case33_2, 2035, Autumn...
[INFO] 			 - Running SMOPF, Network case33_2, 2035, Winter...
[INFO] 			 - Running SMOPF, Network case33_3, 2025, Spring...
[INFO] 			 - Running SMOPF, Network case33_3, 2025, Summer...
[INFO] 			 - Running SMOPF, Network case33_3, 2025, Autumn...
[INFO] 			 - Running SMOPF, Network case33_3, 2025, Winter...
[INFO] 			 - Running SMOPF, Network case33_3, 2030, Spring...
[INFO] 			 - Running SMOPF, Network case33_3, 2030, Summer...
[INFO] 			 - Running SMOPF, Network case33_3, 2030, Autumn...
[INFO] 			 - Running SMOPF, Network case33_3, 2030, Winter...
[INFO] 			 - Running SMOPF, Network case33_3, 2035, Spring...
[INFO] 			 - Running SMOPF, Network case33_3, 2035, Summer...
[INFO] 			 - Running SMOPF, Network case33_3, 2035, Autumn...
[INFO] 			 - Running SMOPF, Network case33_3, 2035, Winter...
[INFO] 		 - Updating transmission network...
[INFO] 			 - Running SMOPF, Network case9, 2025, Spring...
[INFO] 			 - Running SMOPF, Network case9, 2025, Summer...
[INFO] 			 - Running SMOPF, Network case9, 2025, Autumn...
[INFO] 			 - Running SMOPF, Network case9, 2025, Winter...
[INFO] 			 - Running SMOPF, Network case9, 2030, Spring...
[INFO] 			 - Running SMOPF, Network case9, 2030, Summer...
[INFO] 			 - Running SMOPF, Network case9, 2030, Autumn...
[INFO] 			 - Running SMOPF, Network case9, 2030, Winter...
[INFO] 			 - Running SMOPF, Network case9, 2035, Spring...
[INFO] 			 - Running SMOPF, Network case9, 2035, Summer...
[INFO] 			 - Running SMOPF, Network case9, 2035, Autumn...
[INFO] 			 - Running SMOPF, Network case9, 2035, Winter...
[TSO PROX] cycle=2 | updated_blocks=12 | held_failed_blocks=0 | V max=0.022609 | PF max=0.304607 | ESS max=0.030910
[TSO PROX][V MAX] node=5, year=2035, day=Summer, period=22 | dV=7.800198 kV | normalized=0.022609
[TSO PROX][PF MAX] node=5, year=2025, day=Spring, period=20, type=P | delta=60.921431 MW | normalized=0.304607
[TSO PROX][ESS MAX] node=7, year=2035, day=Autumn, period=21, type=P | delta=0.154551 MW | normalized=0.030910
[INFO] 		 - Updating SharedESS...
[INFO] 		 - Running Shared ESS optimization (subproblem)...
[INFO] 			 - Node 5...
[INFO] Shared ESS complementarity diagnostics for ESS node=5: ratio_max=0.000000e+00 n_periods=0 mu_final=9.090909e-12 s_obj=1.000000e-01 eps=1.000000e-05 bound=0.000000e+00 measured=0.000000e+00
[INFO] 			 - Node 7...
[INFO] Shared ESS complementarity diagnostics for ESS node=7: ratio_max=3.296146e-05 n_periods=288 mu_final=1.015221e-11 s_obj=1.000000e-01 eps=1.000000e-05 bound=2.923837e-03 measured=2.714310e-03
[INFO] 			 - Node 9...
[INFO] Shared ESS complementarity diagnostics for ESS node=9: ratio_max=0.000000e+00 n_periods=0 mu_final=9.090909e-12 s_obj=1.000000e-01 eps=1.000000e-05 bound=0.000000e+00 measured=0.000000e+00
[DIAG][V MAX] node=9, year=2025, day=Spring, period=23 | TSO=362.305294 kV, DSO=379.498989 kV, diff=17.193695 kV, base=345.000000 kV, normalized=0.049837, rho(TSO/DSO)=0.011550/0.011550
[DIAG][PF MAX] node=5, year=2035, day=Spring, period=7, type=P | TSO=13.217543 MW, DSO=-25.615798 MW, diff=38.833340 MW, rating=200.000000 MVA, normalized=0.194167, rho(TSO/DSO)=0.198000/0.198000
[INFO]		 - interface Vmag max primal residual failed. 0.049837 > 0.010000
[INFO]		 - interface Vmag mean primal residual failed. 0.015839 > 0.001000
[INFO]		 - interface PF max primal residual failed. 0.194167 > 0.010000
[INFO]		 - interface PF mean primal residual failed. 0.003148 > 0.001000
[INFO]		 - interface PF mean dual residual failed. 0.016445 > 0.010000
[RECOURSE JUMP] cycle=2 | abs_change=8.470275e+08 | tol=1.589445e+05 | signed_change=-8.470275e+08
[RECOURSE JUMP] Reconciliation | previous=1.589445e+09 | current=7.424175e+08 | block_delta=-8.470275e+08 | mismatch=+1.192093e-07
[RECOURSE JUMP] Aggregate signed changes:
  TSO | delta=-7.794951e+08
  DSO node=5 | delta=-3.073368e+07
  DSO node=9 | delta=-2.413164e+07
  DSO node=7 | delta=-1.266707e+07
  SALVAGE | delta=+1.555531e-37
[RECOURSE JUMP] Largest 10 block changes:
  TSO node=None year=2025 day=Spring | previous=1.523155e+08 | current=5.323239e+07 | delta=-9.908310e+07 | abs_delta=9.908310e+07
    [RECOURSE JUMP][TSO PROX] year=2025 day=Spring | V max=0.013631 | PF max=0.304607 | ESS max=0.007407
    [RECOURSE COMPONENTS] gen=-9.908306e+07 | flex=+0.000000e+00 | load_curt=+0.000000e+00 | res_curt=+0.000000e+00 | ess_usage=+0.000000e+00 | slacks=-3.571753e+01 | ess_comp=-3.027365e-01
    [SLACK COMPONENTS] voltage=-3.571753e+01 | node_P=+0.000000e+00 | node_Q=+0.000000e+00 | branch_ij=+0.000000e+00 | branch_ji=+0.000000e+00 | flex_P=+0.000000e+00 | flex_Q=+0.000000e+00
    [SLACK COMPONENT CHECK] classified_delta=-3.571753e+01 | objective_slack_delta=-3.571753e+01 | mismatch=+0.000000e+00
    [RECOURSE COMPONENT CHECK] classified_delta=-9.908310e+07 | block_delta=-9.908310e+07 | mismatch=+0.000000e+00
  TSO node=None year=2035 day=Spring | previous=1.235083e+08 | current=3.747199e+07 | delta=-8.603635e+07 | abs_delta=8.603635e+07
    [RECOURSE JUMP][TSO PROX] year=2035 day=Spring | V max=0.018740 | PF max=0.260194 | ESS max=0.026793
    [RECOURSE COMPONENTS] gen=-8.603638e+07 | flex=+0.000000e+00 | load_curt=+0.000000e+00 | res_curt=+0.000000e+00 | ess_usage=+0.000000e+00 | slacks=+2.930081e+01 | ess_comp=+2.521510e-01
    [SLACK COMPONENTS] voltage=+2.930081e+01 | node_P=+0.000000e+00 | node_Q=+0.000000e+00 | branch_ij=+0.000000e+00 | branch_ji=+0.000000e+00 | flex_P=+0.000000e+00 | flex_Q=+0.000000e+00
    [SLACK COMPONENT CHECK] classified_delta=+2.930081e+01 | objective_slack_delta=+2.930081e+01 | mismatch=+0.000000e+00
    [RECOURSE COMPONENT CHECK] classified_delta=-8.603635e+07 | block_delta=-8.603635e+07 | mismatch=-1.490116e-08
  TSO node=None year=2025 day=Summer | previous=1.594998e+08 | current=7.408410e+07 | delta=-8.541575e+07 | abs_delta=8.541575e+07
    [RECOURSE JUMP][TSO PROX] year=2025 day=Summer | V max=0.011842 | PF max=0.303459 | ESS max=0.009051
    [RECOURSE COMPONENTS] gen=-8.541571e+07 | flex=+0.000000e+00 | load_curt=+0.000000e+00 | res_curt=-0.000000e+00 | ess_usage=+0.000000e+00 | slacks=-3.532929e+01 | ess_comp=-2.988230e-01
    [SLACK COMPONENTS] voltage=-3.532929e+01 | node_P=+0.000000e+00 | node_Q=+0.000000e+00 | branch_ij=+0.000000e+00 | branch_ji=+0.000000e+00 | flex_P=+0.000000e+00 | flex_Q=+0.000000e+00
    [SLACK COMPONENT CHECK] classified_delta=-3.532929e+01 | objective_slack_delta=-3.532929e+01 | mismatch=+0.000000e+00
    [RECOURSE COMPONENT CHECK] classified_delta=-8.541575e+07 | block_delta=-8.541575e+07 | mismatch=+1.490116e-08
  TSO node=None year=2025 day=Winter | previous=1.683750e+08 | current=8.438002e+07 | delta=-8.399499e+07 | abs_delta=8.399499e+07
    [RECOURSE JUMP][TSO PROX] year=2025 day=Winter | V max=0.014647 | PF max=0.211233 | ESS max=0.015834
    [RECOURSE COMPONENTS] gen=-8.399503e+07 | flex=+0.000000e+00 | load_curt=+0.000000e+00 | res_curt=+0.000000e+00 | ess_usage=+0.000000e+00 | slacks=+3.532929e+01 | ess_comp=+2.982461e-01
    [SLACK COMPONENTS] voltage=+3.532929e+01 | node_P=+0.000000e+00 | node_Q=+0.000000e+00 | branch_ij=+0.000000e+00 | branch_ji=+0.000000e+00 | flex_P=+0.000000e+00 | flex_Q=+0.000000e+00
    [SLACK COMPONENT CHECK] classified_delta=+3.532929e+01 | objective_slack_delta=+3.532929e+01 | mismatch=+0.000000e+00
    [RECOURSE COMPONENT CHECK] classified_delta=-8.399499e+07 | block_delta=-8.399499e+07 | mismatch=-2.980232e-08
  TSO node=None year=2030 day=Spring | previous=1.119546e+08 | current=2.942423e+07 | delta=-8.253036e+07 | abs_delta=8.253036e+07
    [RECOURSE JUMP][TSO PROX] year=2030 day=Spring | V max=0.012804 | PF max=0.255222 | ESS max=0.015454
    [RECOURSE COMPONENTS] gen=-8.253036e+07 | flex=+0.000000e+00 | load_curt=+0.000000e+00 | res_curt=+0.000000e+00 | ess_usage=+0.000000e+00 | slacks=+3.255733e-09 | ess_comp=-7.103891e-04
    [SLACK COMPONENTS] voltage=+3.255733e-09 | node_P=+0.000000e+00 | node_Q=+0.000000e+00 | branch_ij=+0.000000e+00 | branch_ji=+0.000000e+00 | flex_P=+0.000000e+00 | flex_Q=+0.000000e+00
    [SLACK COMPONENT CHECK] classified_delta=+3.255733e-09 | objective_slack_delta=+3.255733e-09 | mismatch=+0.000000e+00
    [RECOURSE COMPONENT CHECK] classified_delta=-8.253036e+07 | block_delta=-8.253036e+07 | mismatch=-1.490116e-08
  TSO node=None year=2025 day=Autumn | previous=1.534581e+08 | current=7.818777e+07 | delta=-7.527034e+07 | abs_delta=7.527034e+07
    [RECOURSE JUMP][TSO PROX] year=2025 day=Autumn | V max=0.019375 | PF max=0.221636 | ESS max=0.013231
    [RECOURSE COMPONENTS] gen=-7.527034e+07 | flex=+0.000000e+00 | load_curt=+0.000000e+00 | res_curt=+0.000000e+00 | ess_usage=+0.000000e+00 | slacks=+6.466522e-08 | ess_comp=+1.782408e-05
    [SLACK COMPONENTS] voltage=+6.466522e-08 | node_P=+0.000000e+00 | node_Q=+0.000000e+00 | branch_ij=+0.000000e+00 | branch_ji=+0.000000e+00 | flex_P=+0.000000e+00 | flex_Q=+0.000000e+00
    [SLACK COMPONENT CHECK] classified_delta=+6.466522e-08 | objective_slack_delta=+6.466522e-08 | mismatch=+0.000000e+00
    [RECOURSE COMPONENT CHECK] classified_delta=-7.527034e+07 | block_delta=-7.527034e+07 | mismatch=+1.490116e-08
  TSO node=None year=2030 day=Summer | previous=1.156416e+08 | current=5.121453e+07 | delta=-6.442702e+07 | abs_delta=6.442702e+07
    [RECOURSE JUMP][TSO PROX] year=2030 day=Summer | V max=0.012824 | PF max=0.220611 | ESS max=0.012886
    [RECOURSE COMPONENTS] gen=-6.442702e+07 | flex=+0.000000e+00 | load_curt=+0.000000e+00 | res_curt=+0.000000e+00 | ess_usage=+0.000000e+00 | slacks=+1.136206e-08 | ess_comp=-4.309198e-04
    [SLACK COMPONENTS] voltage=+1.136206e-08 | node_P=+0.000000e+00 | node_Q=+0.000000e+00 | branch_ij=+0.000000e+00 | branch_ji=+0.000000e+00 | flex_P=+0.000000e+00 | flex_Q=+0.000000e+00
    [SLACK COMPONENT CHECK] classified_delta=+1.136206e-08 | objective_slack_delta=+1.136206e-08 | mismatch=+0.000000e+00
    [RECOURSE COMPONENT CHECK] classified_delta=-6.442702e+07 | block_delta=-6.442702e+07 | mismatch=+1.490116e-08
  TSO node=None year=2035 day=Summer | previous=1.104969e+08 | current=4.672585e+07 | delta=-6.377103e+07 | abs_delta=6.377103e+07
    [RECOURSE JUMP][TSO PROX] year=2035 day=Summer | V max=0.022609 | PF max=0.267137 | ESS max=0.024710
    [RECOURSE COMPONENTS] gen=-6.377103e+07 | flex=+0.000000e+00 | load_curt=+0.000000e+00 | res_curt=+0.000000e+00 | ess_usage=+0.000000e+00 | slacks=-1.578501e-09 | ess_comp=-2.997873e-04
    [SLACK COMPONENTS] voltage=-1.578501e-09 | node_P=+0.000000e+00 | node_Q=+0.000000e+00 | branch_ij=+0.000000e+00 | branch_ji=+0.000000e+00 | flex_P=+0.000000e+00 | flex_Q=+0.000000e+00
    [SLACK COMPONENT CHECK] classified_delta=-1.578501e-09 | objective_slack_delta=-1.578501e-09 | mismatch=+0.000000e+00
    [RECOURSE COMPONENT CHECK] classified_delta=-6.377103e+07 | block_delta=-6.377103e+07 | mismatch=-7.450581e-09
  TSO node=None year=2030 day=Winter | previous=8.216532e+07 | current=3.863545e+07 | delta=-4.352987e+07 | abs_delta=4.352987e+07
    [RECOURSE JUMP][TSO PROX] year=2030 day=Winter | V max=0.014613 | PF max=0.154166 | ESS max=0.030214
    [RECOURSE COMPONENTS] gen=-4.352987e+07 | flex=+0.000000e+00 | load_curt=+0.000000e+00 | res_curt=+0.000000e+00 | ess_usage=+0.000000e+00 | slacks=-2.717739e-09 | ess_comp=-4.067102e-04
    [SLACK COMPONENTS] voltage=-2.717739e-09 | node_P=+0.000000e+00 | node_Q=+0.000000e+00 | branch_ij=+0.000000e+00 | branch_ji=+0.000000e+00 | flex_P=+0.000000e+00 | flex_Q=+0.000000e+00
    [SLACK COMPONENT CHECK] classified_delta=-2.717739e-09 | objective_slack_delta=-2.717739e-09 | mismatch=+0.000000e+00
    [RECOURSE COMPONENT CHECK] classified_delta=-4.352987e+07 | block_delta=-4.352987e+07 | mismatch=+1.490116e-08
  TSO node=None year=2035 day=Winter | previous=7.435933e+07 | current=3.712017e+07 | delta=-3.723916e+07 | abs_delta=3.723916e+07
    [RECOURSE JUMP][TSO PROX] year=2035 day=Winter | V max=0.016238 | PF max=0.128499 | ESS max=0.017017
    [RECOURSE COMPONENTS] gen=-3.723916e+07 | flex=+0.000000e+00 | load_curt=+0.000000e+00 | res_curt=+0.000000e+00 | ess_usage=+0.000000e+00 | slacks=+2.097522e-09 | ess_comp=-1.843730e-04
    [SLACK COMPONENTS] voltage=+2.097522e-09 | node_P=+0.000000e+00 | node_Q=+0.000000e+00 | branch_ij=+0.000000e+00 | branch_ji=+0.000000e+00 | flex_P=+0.000000e+00 | flex_Q=+0.000000e+00
    [SLACK COMPONENT CHECK] classified_delta=+2.097522e-09 | objective_slack_delta=+2.097522e-09 | mismatch=+0.000000e+00
    [RECOURSE COMPONENT CHECK] classified_delta=-3.723916e+07 | block_delta=-3.723916e+07 | mismatch=+7.450581e-09
[INFO]		 - Recourse stationarity failed. 847027466.052490 > 158944.494738
[ADMM RHO] V | primal max ratio=4.984 | primal mean ratio=15.839 | primal selected=15.839 | dual mean ratio=0.034 | increase threshold=5.0 | decrease threshold=5.0 | action=increased
[ADMM RHO BOYD] V | r=5.939112e-01 | s=2.497072e-03 | eps_pri=3.378887e-03 | eps_dual=2.941897e-04 | primal_ratio=1.757712e+02 | dual_ratio=8.487965e+00 | dual_ratio_balance=8.487965e+00 | rho_before=1.155000e-02 | rho_after=1.732500e-02 | gamma_before=0.000000e+00 | gamma_after=0.000000e+00 | action=increased
[ADMM RHO] PF | primal max ratio=19.417 | primal mean ratio=3.148 | primal selected=19.417 | dual mean ratio=1.644 | increase threshold=5.0 | decrease threshold=3.0 | action=decreased
[ADMM RHO BOYD] PF | r=4.646098e-01 | s=8.824275e-01 | eps_pri=1.291168e-03 | eps_dual=4.246761e-04 | primal_ratio=3.598367e+02 | dual_ratio=2.077884e+03 | dual_ratio_balance=2.077884e+03 | rho_before=1.980000e-01 | rho_after=1.320000e-01 | gamma_before=0.000000e+00 | gamma_after=0.000000e+00 | action=decreased
[ADMM RHO] ESS | primal max ratio=0.152 | primal mean ratio=0.030 | primal selected=0.152 | dual mean ratio=0.001 | increase threshold=5.0 | decrease threshold=5.0 | action=exempt (fixed)
[ADMM RHO BOYD] ESS | r=8.023478e-02 | s=2.279310e-03 | eps_pri=7.633465e-04 | eps_dual=7.203224e-04 | primal_ratio=1.051093e+02 | dual_ratio=3.164292e+00 | dual_ratio_balance=3.164292e+00 | rho_before=1.000000e-02 | rho_after=1.000000e-02 | gamma_before=0.000000e+00 | gamma_after=0.000000e+00 | action=exempt (fixed)
[INFO]		 - ADMM cycle 2 | Primal (V max/mean | PF max/mean | ESS max/mean) = 0.049837/0.015839 | 0.194167/0.003148 | 0.015160/0.000299 | Dual (V max/mean | PF max/mean | ESS max/mean) = 0.001274/0.000340 | 0.063914/0.016445 | 0.000222/0.000009 | Recourse change = 847027466.052490 (tol. 158944.494738) | Stable cycles = 0/10 | Penalty actions (V/PF/ESS) = increased/decreased/exempt (fixed)
[INFO] 	 - Iteration 2: 26.83 s
[WARNING] 	 - ADMM did NOT converge in 2 iterations!
[INFO] 	 - Execution time: 81.37 s
[S31 Part 3] component_levels_terminal.json written: /Users/micaelsimoes/Projects/share-resource-planning-no_esso-degradation/data/SRP1/Results/P515S53/scaling_pin_w78/arms/s53w78_n7u_us0p005/arm/component_levels_terminal.json
[S31C Part 3] interface_settlement_detail_s31c.json written: /Users/micaelsimoes/Projects/share-resource-planning-no_esso-degradation/data/SRP1/Results/P515S53/scaling_pin_w78/arms/s53w78_n7u_us0p005/arm/interface_settlement_detail_s31c.json
[S33E2] interface_voltage_terminal.json written: /Users/micaelsimoes/Projects/share-resource-planning-no_esso-degradation/data/SRP1/Results/P515S53/scaling_pin_w78/arms/s53w78_n7u_us0p005/arm/interface_voltage_terminal.json
[S35REF] boyd_terminal.json written: /Users/micaelsimoes/Projects/share-resource-planning-no_esso-degradation/data/SRP1/Results/P515S53/scaling_pin_w78/arms/s53w78_n7u_us0p005/arm/boyd_terminal.json
[P5.15-G s39_D] recourse=742417481.3295552 cycles=2 solves=153 local_failures=0 wall=82s
   EFC/day max across nodes: 0.5913461357351364 (threshold 1.4612)
   detector grouping clean: True (observed 9 / expected 9)
   network failures: {'n_blocks': 0, 'classes': {'recovered_tier1': 0, 'recovered_tier2': 0, 'unrecovered': 0, 'not_attempted': 0, 'indeterminate': 0, 'recovered': 0}, 'n_frozen_snapshots': 0, 'n_esso_recovery_events': 0, 'path': 'data/SRP1/Results/P515S53/scaling_pin_w78/arms/s53w78_n7u_us0p005/arm/network_failures_s39_D.jsonl'}
10:44:41 [W78] arm ran: cycles 2 gross 742417481.3295552 solves {'permitted_solve': 153, 'permitted_exec': 153, 'blocked_solve': 0, 'blocked_exec': 0} failures {'n_blocks': 0, 'classes': {'recovered_tier1': 0, 'recovered_tier2': 0, 'unrecovered': 0, 'not_attempted': 0, 'indeterminate': 0, 'recovered': 0}, 'n_frozen_snapshots': 0, 'n_esso_recovery_events': 0, 'path': 'data/SRP1/Results/P515S53/scaling_pin_w78/arms/s53w78_n7u_us0p005/arm/network_failures_s39_D.jsonl'}
10:44:42 [W78] C0 v27 (C0 (pinned)): holds True; segments 144 vs guard network solves 144; effective factors ['0.005']; gradient lines []; x|c|d ['No x scaling provided | No c scaling provided | No d scaling provided']; failures 0 []
10:44:42 [W78] C0 evidence (not gated): {'n_effective_lines_total': 144, 'n_gradient_lines_total': 0, 'n_restoration_entries_total': 0, 'segments_by_lines_and_restoration_entries': {'lines=1|restoration_entries=0': 144}, 'segments_where_lines_ne_1_plus_restoration_entries': [], 'baseline_unpaired_effective_lines_distinct': [], 'n_segments_with_merged_option_lines': 108, 'option_entries_without_counter': {'output_file': 108}}
10:44:42 [W78] C0b tolerances unchanged: True (0 failures) []
10:44:42 [W78]   TSO: med 49.5 p90 72 max 122 reg 723 res 0 exits {'Optimal Solution Found.': 36} mu_med 1.8449144625279508e-06 kkt_max 9.516992628189058e-06
10:44:42 [W78]   DSO5: med 43.5 p90 52 max 58 reg 278 res 0 exits {'Optimal Solution Found.': 36} mu_med 4.5454545454545464e-08 kkt_max 8.295362054625829e-06
10:44:42 [W78]   DSO7: med 49.0 p90 66 max 77 reg 723 res 0 exits {'Optimal Solution Found.': 36} mu_med 4.5454545454545464e-08 kkt_max 8.877433137147513e-06
10:44:42 [W78]   DSO9: med 43.0 p90 54 max 67 reg 290 res 0 exits {'Optimal Solution Found.': 36} mu_med 4.5454545454545464e-08 kkt_max 9.690630626186386e-06
10:44:42 [W78] guard {'permitted_solve': 153, 'permitted_exec': 153, 'blocked_solve': 0, 'blocked_exec': 0} verify(153) = []; ESSO options unchanged True; wrote data/SRP1/Results/P515S53/scaling_pin_w78/arms/s53w78_n7u_us0p005/arm_result.json; wall 95 s
