10:35:56 [W78] P5.15 Addendum 45 item 1, W78 -- the scaling-pin test: two-cycle SRP1 arms, x = 0 and the smallest node-7 unit, gradient-based vs user-scaling with one obj_scaling_factor in {0.001, 0.002, 0.003, 0.005}
10:35:56 [W78] arm s53w78_n7u_grad: cell n7u, value None; spec data/SRP1/Results/P515S53/frozen_s53_spec_v27_654046ec.json (654046ecc97c485616abffcbd258d4a7c85b7d18531dc0cbd83f424f4e3e846b); HEAD 1ca91b2da8de6fcc6ab1d073aa25fd15d3ded952
10:35:56 [W78] preconditions passed; checklist 66 items all true; DECLARED BEFORE THE RUN: 51 solves/cycle, base 153; gate on observed == base + every attempted retry and GUARD.verify(that) exactly
10:35:56 [W78] legacy run lock acquired (.p515_g_gate.lock)
[INFO] Running OPERATIONAL PLANNING (DISTRIBUTED)...
[INFO]	 - Initializing...
[INFO] 		 - Distribution Network node 5...
[INFO] 			 - Running SMOPF, Network case33_1, 2025, Spring...
[INFO] 			 - Running SMOPF, Network case33_1, 2025, Summer...
[INFO] 			 - Running SMOPF, Network case33_1, 2025, Autumn...
[INFO] 			 - Running SMOPF, Network case33_1, 2025, Winter...
[INFO] 			 - Running SMOPF, Network case33_1, 2030, Spring...
[INFO] 			 - Running SMOPF, Network case33_1, 2030, Summer...
[INFO] 			 - Running SMOPF, Network case33_1, 2030, Autumn...
[INFO] 			 - Running SMOPF, Network case33_1, 2030, Winter...
[INFO] 			 - Running SMOPF, Network case33_1, 2035, Spring...
[INFO] 			 - Running SMOPF, Network case33_1, 2035, Summer...
[INFO] 			 - Running SMOPF, Network case33_1, 2035, Autumn...
[INFO] 			 - Running SMOPF, Network case33_1, 2035, Winter...
[INFO] 		 - Distribution Network node 7...
[INFO] 			 - Running SMOPF, Network case33_2, 2025, Spring...
[INFO] 			 - Running SMOPF, Network case33_2, 2025, Summer...
[INFO] 			 - Running SMOPF, Network case33_2, 2025, Autumn...
[INFO] 			 - Running SMOPF, Network case33_2, 2025, Winter...
[INFO] 			 - Running SMOPF, Network case33_2, 2030, Spring...
[INFO] 			 - Running SMOPF, Network case33_2, 2030, Summer...
[INFO] 			 - Running SMOPF, Network case33_2, 2030, Autumn...
[INFO] 			 - Running SMOPF, Network case33_2, 2030, Winter...
[INFO] 			 - Running SMOPF, Network case33_2, 2035, Spring...
[INFO] 			 - Running SMOPF, Network case33_2, 2035, Summer...
[INFO] 			 - Running SMOPF, Network case33_2, 2035, Autumn...
[INFO] 			 - Running SMOPF, Network case33_2, 2035, Winter...
[INFO] 		 - Distribution Network node 9...
[INFO] 			 - Running SMOPF, Network case33_3, 2025, Spring...
[INFO] 			 - Running SMOPF, Network case33_3, 2025, Summer...
[INFO] 			 - Running SMOPF, Network case33_3, 2025, Autumn...
[INFO] 			 - Running SMOPF, Network case33_3, 2025, Winter...
[INFO] 			 - Running SMOPF, Network case33_3, 2030, Spring...
[INFO] 			 - Running SMOPF, Network case33_3, 2030, Summer...
[INFO] 			 - Running SMOPF, Network case33_3, 2030, Autumn...
[INFO] 			 - Running SMOPF, Network case33_3, 2030, Winter...
[INFO] 			 - Running SMOPF, Network case33_3, 2035, Spring...
[INFO] 			 - Running SMOPF, Network case33_3, 2035, Summer...
[INFO] 			 - Running SMOPF, Network case33_3, 2035, Autumn...
[INFO] 			 - Running SMOPF, Network case33_3, 2035, Winter...
[INFO] 		 - Transmission Network...
[INFO] 			 - Running SMOPF, Network case9, 2025, Spring...
[INFO] 			 - Running SMOPF, Network case9, 2025, Summer...
[INFO] 			 - Running SMOPF, Network case9, 2025, Autumn...
[INFO] 			 - Running SMOPF, Network case9, 2025, Winter...
[INFO] 			 - Running SMOPF, Network case9, 2030, Spring...
[INFO] 			 - Running SMOPF, Network case9, 2030, Summer...
[INFO] 			 - Running SMOPF, Network case9, 2030, Autumn...
[INFO] 			 - Running SMOPF, Network case9, 2030, Winter...
[INFO] 			 - Running SMOPF, Network case9, 2035, Spring...
[INFO] 			 - Running SMOPF, Network case9, 2035, Summer...
[INFO] 			 - Running SMOPF, Network case9, 2035, Autumn...
[INFO] 			 - Running SMOPF, Network case9, 2035, Winter...
[INFO] 		 - Running Shared ESS optimization (subproblem)...
[INFO] 			 - Node 5...
[INFO] Shared ESS complementarity diagnostics for ESS node=5: ratio_max=0.000000e+00 n_periods=0 mu_final=9.090909e-12 s_obj=1.000000e-01 eps=1.000000e-05 bound=0.000000e+00 measured=0.000000e+00
[INFO] 			 - Node 7...
[INFO] Shared ESS complementarity diagnostics for ESS node=7: ratio_max=3.348348e-05 n_periods=288 mu_final=1.113319e-11 s_obj=1.000000e-01 eps=1.000000e-05 bound=3.206358e-03 measured=3.188174e-03
[INFO] 			 - Node 9...
[INFO] Shared ESS complementarity diagnostics for ESS node=9: ratio_max=0.000000e+00 n_periods=0 mu_final=9.090909e-12 s_obj=1.000000e-01 eps=1.000000e-05 bound=0.000000e+00 measured=0.000000e+00
[ADMM OF SCALE] n=48 | min=2.430205e+07 | median=4.563872e+07 | max=9.363550e+07 | selected=9.363550e+07
[ADMM OF SCALE] Largest weighted objectives:
  TSO node=None year=2035 day=Winter | base=-9.363550e+07 | scenario=0.000000e+00 | total=-9.363550e+07
  TSO node=None year=2030 day=Autumn | base=-8.831572e+07 | scenario=0.000000e+00 | total=-8.831572e+07
  TSO node=None year=2030 day=Winter | base=-7.463945e+07 | scenario=0.000000e+00 | total=-7.463945e+07
  TSO node=None year=2035 day=Spring | base=-6.233044e+07 | scenario=0.000000e+00 | total=-6.233044e+07
  TSO node=None year=2035 day=Summer | base=-5.846839e+07 | scenario=0.000000e+00 | total=-5.846839e+07
  TSO node=None year=2035 day=Autumn | base=-5.808016e+07 | scenario=0.000000e+00 | total=-5.808016e+07
  TSO node=None year=2030 day=Summer | base=-5.747086e+07 | scenario=0.000000e+00 | total=-5.747086e+07
  DSO node=7 year=2035 day=Spring | base=5.722320e+07 | scenario=0.000000e+00 | total=5.722320e+07
  DSO node=9 year=2025 day=Winter | base=5.578761e+07 | scenario=0.000000e+00 | total=5.578761e+07
  DSO node=5 year=2035 day=Spring | base=5.561607e+07 | scenario=0.000000e+00 | total=5.561607e+07
[ADMM OF SCALE] Fixed sigma in force sigma_fixed=9.363536e+07 | sigma_computed=9.363550e+07 | ratio=1.000002e+00 | assert_factor=3.000
[ADMM ESSO AL SCALE] mode=sigma_over_median_block_weight | sigma=9.363536e+07 | median_block_weight=4.121075e+02 | al_scale_esso=2.272110e+05
[INFO] 	 - ADMM Iteration 1
[INFO] 		 - Updating distribution networks:
[INFO] 			 - Running SMOPF, Network case33_1, 2025, Spring...
[INFO] 			 - Running SMOPF, Network case33_1, 2025, Summer...
[INFO] 			 - Running SMOPF, Network case33_1, 2025, Autumn...
[INFO] 			 - Running SMOPF, Network case33_1, 2025, Winter...
[INFO] 			 - Running SMOPF, Network case33_1, 2030, Spring...
[INFO] 			 - Running SMOPF, Network case33_1, 2030, Summer...
[INFO] 			 - Running SMOPF, Network case33_1, 2030, Autumn...
[INFO] 			 - Running SMOPF, Network case33_1, 2030, Winter...
[INFO] 			 - Running SMOPF, Network case33_1, 2035, Spring...
[INFO] 			 - Running SMOPF, Network case33_1, 2035, Summer...
[INFO] 			 - Running SMOPF, Network case33_1, 2035, Autumn...
[INFO] 			 - Running SMOPF, Network case33_1, 2035, Winter...
[INFO] 			 - Running SMOPF, Network case33_2, 2025, Spring...
[INFO] 			 - Running SMOPF, Network case33_2, 2025, Summer...
[INFO] 			 - Running SMOPF, Network case33_2, 2025, Autumn...
[INFO] 			 - Running SMOPF, Network case33_2, 2025, Winter...
[INFO] 			 - Running SMOPF, Network case33_2, 2030, Spring...
[INFO] 			 - Running SMOPF, Network case33_2, 2030, Summer...
[INFO] 			 - Running SMOPF, Network case33_2, 2030, Autumn...
[INFO] 			 - Running SMOPF, Network case33_2, 2030, Winter...
[INFO] 			 - Running SMOPF, Network case33_2, 2035, Spring...
[INFO] 			 - Running SMOPF, Network case33_2, 2035, Summer...
[INFO] 			 - Running SMOPF, Network case33_2, 2035, Autumn...
[INFO] 			 - Running SMOPF, Network case33_2, 2035, Winter...
[INFO] 			 - Running SMOPF, Network case33_3, 2025, Spring...
[INFO] 			 - Running SMOPF, Network case33_3, 2025, Summer...
[INFO] 			 - Running SMOPF, Network case33_3, 2025, Autumn...
[INFO] 			 - Running SMOPF, Network case33_3, 2025, Winter...
[INFO] 			 - Running SMOPF, Network case33_3, 2030, Spring...
[INFO] 			 - Running SMOPF, Network case33_3, 2030, Summer...
[INFO] 			 - Running SMOPF, Network case33_3, 2030, Autumn...
[INFO] 			 - Running SMOPF, Network case33_3, 2030, Winter...
[INFO] 			 - Running SMOPF, Network case33_3, 2035, Spring...
[INFO] 			 - Running SMOPF, Network case33_3, 2035, Summer...
[INFO] 			 - Running SMOPF, Network case33_3, 2035, Autumn...
[INFO] 			 - Running SMOPF, Network case33_3, 2035, Winter...
[INFO] 		 - Updating transmission network...
[INFO] 			 - Running SMOPF, Network case9, 2025, Spring...
[INFO] 			 - Running SMOPF, Network case9, 2025, Summer...
[INFO] 			 - Running SMOPF, Network case9, 2025, Autumn...
[INFO] 			 - Running SMOPF, Network case9, 2025, Winter...
[INFO] 			 - Running SMOPF, Network case9, 2030, Spring...
[INFO] 			 - Running SMOPF, Network case9, 2030, Summer...
[INFO] 			 - Running SMOPF, Network case9, 2030, Autumn...
[INFO] 			 - Running SMOPF, Network case9, 2030, Winter...
[INFO] 			 - Running SMOPF, Network case9, 2035, Spring...
[INFO] 			 - Running SMOPF, Network case9, 2035, Summer...
[INFO] 			 - Running SMOPF, Network case9, 2035, Autumn...
[INFO] 			 - Running SMOPF, Network case9, 2035, Winter...
[TSO PROX] cycle=1 | updated_blocks=12 | held_failed_blocks=0 | V max=0.085082 | PF max=0.549715 | ESS max=0.050006
[TSO PROX][V MAX] node=5, year=2035, day=Summer, period=22 | dV=29.353356 kV | normalized=0.085082
[TSO PROX][PF MAX] node=5, year=2025, day=Spring, period=9, type=P | delta=109.942991 MW | normalized=0.549715
[TSO PROX][ESS MAX] node=7, year=2025, day=Autumn, period=18, type=P | delta=0.250030 MW | normalized=0.050006
[INFO] 		 - Updating SharedESS...
[INFO] 		 - Running Shared ESS optimization (subproblem)...
[INFO] 			 - Node 5...
[INFO] Shared ESS complementarity diagnostics for ESS node=5: ratio_max=0.000000e+00 n_periods=0 mu_final=9.090909e-12 s_obj=1.000000e-01 eps=1.000000e-05 bound=0.000000e+00 measured=0.000000e+00
[INFO] 			 - Node 7...
[INFO] Shared ESS complementarity diagnostics for ESS node=7: ratio_max=3.597225e-05 n_periods=288 mu_final=1.050935e-11 s_obj=1.000000e-01 eps=1.000000e-05 bound=3.026692e-03 measured=3.142860e-03
[INFO] 			 - Node 9...
[INFO] Shared ESS complementarity diagnostics for ESS node=9: ratio_max=0.000000e+00 n_periods=0 mu_final=9.090909e-12 s_obj=1.000000e-01 eps=1.000000e-05 bound=0.000000e+00 measured=0.000000e+00
[DIAG][V MAX] node=5, year=2035, day=Summer, period=22 | TSO=373.194526 kV, DSO=342.682359 kV, diff=30.512166 kV, base=345.000000 kV, normalized=0.088441, rho(TSO/DSO)=0.007700/0.007700
[DIAG][PF MAX] node=5, year=2035, day=Summer, period=22, type=P | TSO=102.779266 MW, DSO=32.265366 MW, diff=70.513900 MW, rating=200.000000 MVA, normalized=0.352569, rho(TSO/DSO)=0.198000/0.198000
[INFO]		 - interface Vmag max primal residual failed. 0.088441 > 0.010000
[INFO]		 - interface Vmag mean primal residual failed. 0.032666 > 0.001000
[INFO]		 - interface PF max primal residual failed. 0.352569 > 0.010000
[INFO]		 - interface PF mean primal residual failed. 0.143447 > 0.001000
[INFO]		 - interface PF mean dual residual failed. 0.034626 > 0.010000
[INFO]		 - Recourse stationarity requires one previous successful cycle.
[ADMM RHO] V | primal max ratio=8.844 | primal mean ratio=32.666 | primal selected=32.666 | dual mean ratio=0.014 | increase threshold=5.0 | decrease threshold=5.0 | action=increased
[ADMM RHO BOYD] V | r=1.088409e+00 | s=8.006470e-03 | eps_pri=3.319285e-03 | eps_dual=2.947394e-04 | primal_ratio=3.279047e+02 | dual_ratio=2.716457e+01 | dual_ratio_balance=2.716457e+01 | rho_before=7.700000e-03 | rho_after=1.155000e-02 | gamma_before=0.000000e+00 | gamma_after=0.000000e+00 | action=increased
[ADMM RHO] PF | primal max ratio=35.257 | primal mean ratio=143.447 | primal selected=143.447 | dual mean ratio=3.463 | increase threshold=5.0 | decrease threshold=3.0 | action=held
[ADMM RHO BOYD] PF | r=6.647070e+00 | s=2.030238e+00 | eps_pri=1.619312e-03 | eps_dual=4.210074e-04 | primal_ratio=4.104873e+03 | dual_ratio=4.822334e+03 | dual_ratio_balance=4.822334e+03 | rho_before=1.980000e-01 | rho_after=1.980000e-01 | gamma_before=0.000000e+00 | gamma_after=0.000000e+00 | action=held
[ADMM RHO] ESS | primal max ratio=0.333 | primal mean ratio=0.105 | primal selected=0.333 | dual mean ratio=0.001 | increase threshold=5.0 | decrease threshold=5.0 | action=exempt (fixed)
[ADMM RHO BOYD] ESS | r=2.845823e-01 | s=2.012371e-03 | eps_pri=7.548558e-04 | eps_dual=7.202846e-04 | primal_ratio=3.770022e+02 | dual_ratio=2.793856e+00 | dual_ratio_balance=2.793856e+00 | rho_before=1.000000e-02 | rho_after=1.000000e-02 | gamma_before=0.000000e+00 | gamma_after=0.000000e+00 | action=exempt (fixed)
[INFO]		 - ADMM cycle 1 | Primal (V max/mean | PF max/mean | ESS max/mean) = 0.088441/0.032666 | 0.352569/0.143447 | 0.033346/0.001052 | Dual (V max/mean | PF max/mean | ESS max/mean) = 0.000655/0.000138 | 0.128951/0.034626 | 0.000167/0.000008 | Recourse change = N/A (tol. N/A) | Stable cycles = 0/10 | Penalty actions (V/PF/ESS) = increased/held/exempt (fixed)
[INFO] 	 - Iteration 1: 26.03 s
[INFO] 	 - ADMM Iteration 2
[INFO] 		 - Updating distribution networks:
[INFO] 			 - Running SMOPF, Network case33_1, 2025, Spring...
[INFO] 			 - Running SMOPF, Network case33_1, 2025, Summer...
[INFO] 			 - Running SMOPF, Network case33_1, 2025, Autumn...
[INFO] 			 - Running SMOPF, Network case33_1, 2025, Winter...
[INFO] 			 - Running SMOPF, Network case33_1, 2030, Spring...
[INFO] 			 - Running SMOPF, Network case33_1, 2030, Summer...
[INFO] 			 - Running SMOPF, Network case33_1, 2030, Autumn...
[INFO] 			 - Running SMOPF, Network case33_1, 2030, Winter...
[INFO] 			 - Running SMOPF, Network case33_1, 2035, Spring...
[INFO] 			 - Running SMOPF, Network case33_1, 2035, Summer...
[INFO] 			 - Running SMOPF, Network case33_1, 2035, Autumn...
[INFO] 			 - Running SMOPF, Network case33_1, 2035, Winter...
[INFO] 			 - Running SMOPF, Network case33_2, 2025, Spring...
[INFO] 			 - Running SMOPF, Network case33_2, 2025, Summer...
[INFO] 			 - Running SMOPF, Network case33_2, 2025, Autumn...
[INFO] 			 - Running SMOPF, Network case33_2, 2025, Winter...
[INFO] 			 - Running SMOPF, Network case33_2, 2030, Spring...
[INFO] 			 - Running SMOPF, Network case33_2, 2030, Summer...
[INFO] 			 - Running SMOPF, Network case33_2, 2030, Autumn...
[INFO] 			 - Running SMOPF, Network case33_2, 2030, Winter...
[INFO] 			 - Running SMOPF, Network case33_2, 2035, Spring...
[INFO] 			 - Running SMOPF, Network case33_2, 2035, Summer...
[INFO] 			 - Running SMOPF, Network case33_2, 2035, Autumn...
[INFO] 			 - Running SMOPF, Network case33_2, 2035, Winter...
[INFO] 			 - Running SMOPF, Network case33_3, 2025, Spring...
[INFO] 			 - Running SMOPF, Network case33_3, 2025, Summer...
[INFO] 			 - Running SMOPF, Network case33_3, 2025, Autumn...
[INFO] 			 - Running SMOPF, Network case33_3, 2025, Winter...
[INFO] 			 - Running SMOPF, Network case33_3, 2030, Spring...
[INFO] 			 - Running SMOPF, Network case33_3, 2030, Summer...
[INFO] 			 - Running SMOPF, Network case33_3, 2030, Autumn...
[INFO] 			 - Running SMOPF, Network case33_3, 2030, Winter...
[INFO] 			 - Running SMOPF, Network case33_3, 2035, Spring...
[INFO] 			 - Running SMOPF, Network case33_3, 2035, Summer...
[INFO] 			 - Running SMOPF, Network case33_3, 2035, Autumn...
[INFO] 			 - Running SMOPF, Network case33_3, 2035, Winter...
[INFO] 		 - Updating transmission network...
[INFO] 			 - Running SMOPF, Network case9, 2025, Spring...
[INFO] 			 - Running SMOPF, Network case9, 2025, Summer...
[INFO] 			 - Running SMOPF, Network case9, 2025, Autumn...
[INFO] 			 - Running SMOPF, Network case9, 2025, Winter...
[INFO] 			 - Running SMOPF, Network case9, 2030, Spring...
[INFO] 			 - Running SMOPF, Network case9, 2030, Summer...
[INFO] 			 - Running SMOPF, Network case9, 2030, Autumn...
[INFO] 			 - Running SMOPF, Network case9, 2030, Winter...
[INFO] 			 - Running SMOPF, Network case9, 2035, Spring...
[INFO] 			 - Running SMOPF, Network case9, 2035, Summer...
[INFO] 			 - Running SMOPF, Network case9, 2035, Autumn...
[INFO] 			 - Running SMOPF, Network case9, 2035, Winter...
[TSO PROX] cycle=2 | updated_blocks=12 | held_failed_blocks=0 | V max=0.022628 | PF max=0.304604 | ESS max=0.030917
[TSO PROX][V MAX] node=5, year=2035, day=Summer, period=22 | dV=7.806623 kV | normalized=0.022628
[TSO PROX][PF MAX] node=5, year=2025, day=Spring, period=20, type=P | delta=60.920870 MW | normalized=0.304604
[TSO PROX][ESS MAX] node=7, year=2035, day=Autumn, period=21, type=P | delta=0.154585 MW | normalized=0.030917
[INFO] 		 - Updating SharedESS...
[INFO] 		 - Running Shared ESS optimization (subproblem)...
[INFO] 			 - Node 5...
[INFO] Shared ESS complementarity diagnostics for ESS node=5: ratio_max=0.000000e+00 n_periods=0 mu_final=9.090909e-12 s_obj=1.000000e-01 eps=1.000000e-05 bound=0.000000e+00 measured=0.000000e+00
[INFO] 			 - Node 7...
[INFO] Shared ESS complementarity diagnostics for ESS node=7: ratio_max=2.389095e-05 n_periods=288 mu_final=1.013429e-11 s_obj=1.000000e-01 eps=1.000000e-05 bound=2.918674e-03 measured=2.678498e-03
[INFO] 			 - Node 9...
[INFO] Shared ESS complementarity diagnostics for ESS node=9: ratio_max=0.000000e+00 n_periods=0 mu_final=9.090909e-12 s_obj=1.000000e-01 eps=1.000000e-05 bound=0.000000e+00 measured=0.000000e+00
[DIAG][V MAX] node=9, year=2025, day=Spring, period=23 | TSO=362.304857 kV, DSO=379.498993 kV, diff=17.194136 kV, base=345.000000 kV, normalized=0.049838, rho(TSO/DSO)=0.011550/0.011550
[DIAG][PF MAX] node=5, year=2035, day=Spring, period=7, type=P | TSO=13.218109 MW, DSO=-25.616058 MW, diff=38.834168 MW, rating=200.000000 MVA, normalized=0.194171, rho(TSO/DSO)=0.198000/0.198000
[INFO]		 - interface Vmag max primal residual failed. 0.049838 > 0.010000
[INFO]		 - interface Vmag mean primal residual failed. 0.015838 > 0.001000
[INFO]		 - interface PF max primal residual failed. 0.194171 > 0.010000
[INFO]		 - interface PF mean primal residual failed. 0.003148 > 0.001000
[INFO]		 - interface PF mean dual residual failed. 0.016445 > 0.010000
[RECOURSE JUMP] cycle=2 | abs_change=8.470097e+08 | tol=1.589425e+05 | signed_change=-8.470097e+08
[RECOURSE JUMP] Reconciliation | previous=1.589425e+09 | current=7.424152e+08 | block_delta=-8.470097e+08 | mismatch=-1.192093e-07
[RECOURSE JUMP] Aggregate signed changes:
  TSO | delta=-7.794766e+08
  DSO node=5 | delta=-3.073381e+07
  DSO node=9 | delta=-2.413191e+07
  DSO node=7 | delta=-1.266737e+07
  SALVAGE | delta=+1.873751e-51
[RECOURSE JUMP] Largest 10 block changes:
  TSO node=None year=2025 day=Spring | previous=1.523135e+08 | current=5.323195e+07 | delta=-9.908158e+07 | abs_delta=9.908158e+07
    [RECOURSE JUMP][TSO PROX] year=2025 day=Spring | V max=0.013643 | PF max=0.304604 | ESS max=0.007598
    [RECOURSE COMPONENTS] gen=-9.908158e+07 | flex=+0.000000e+00 | load_curt=+0.000000e+00 | res_curt=+0.000000e+00 | ess_usage=+0.000000e+00 | slacks=+1.979359e-10 | ess_comp=-2.542568e-05
    [SLACK COMPONENTS] voltage=+1.979359e-10 | node_P=+0.000000e+00 | node_Q=+0.000000e+00 | branch_ij=+0.000000e+00 | branch_ji=+0.000000e+00 | flex_P=+0.000000e+00 | flex_Q=+0.000000e+00
    [SLACK COMPONENT CHECK] classified_delta=+1.979359e-10 | objective_slack_delta=+1.979359e-10 | mismatch=+0.000000e+00
    [RECOURSE COMPONENT CHECK] classified_delta=-9.908158e+07 | block_delta=-9.908158e+07 | mismatch=+2.980232e-08
  TSO node=None year=2035 day=Spring | previous=1.235043e+08 | current=3.747134e+07 | delta=-8.603296e+07 | abs_delta=8.603296e+07
    [RECOURSE JUMP][TSO PROX] year=2035 day=Spring | V max=0.018744 | PF max=0.260191 | ESS max=0.026785
    [RECOURSE COMPONENTS] gen=-8.603296e+07 | flex=+0.000000e+00 | load_curt=+0.000000e+00 | res_curt=+0.000000e+00 | ess_usage=+0.000000e+00 | slacks=+1.514024e-10 | ess_comp=-3.594705e-05
    [SLACK COMPONENTS] voltage=+1.514024e-10 | node_P=+0.000000e+00 | node_Q=+0.000000e+00 | branch_ij=+0.000000e+00 | branch_ji=+0.000000e+00 | flex_P=+0.000000e+00 | flex_Q=+0.000000e+00
    [SLACK COMPONENT CHECK] classified_delta=+1.514024e-10 | objective_slack_delta=+1.514024e-10 | mismatch=+0.000000e+00
    [RECOURSE COMPONENT CHECK] classified_delta=-8.603296e+07 | block_delta=-8.603296e+07 | mismatch=+0.000000e+00
  TSO node=None year=2025 day=Summer | previous=1.594998e+08 | current=7.408411e+07 | delta=-8.541567e+07 | abs_delta=8.541567e+07
    [RECOURSE JUMP][TSO PROX] year=2025 day=Summer | V max=0.011841 | PF max=0.303459 | ESS max=0.009269
    [RECOURSE COMPONENTS] gen=-8.541567e+07 | flex=+0.000000e+00 | load_curt=+0.000000e+00 | res_curt=+0.000000e+00 | ess_usage=+0.000000e+00 | slacks=+5.388969e-10 | ess_comp=-2.637872e-05
    [SLACK COMPONENTS] voltage=+5.388969e-10 | node_P=+0.000000e+00 | node_Q=+0.000000e+00 | branch_ij=+0.000000e+00 | branch_ji=+0.000000e+00 | flex_P=+0.000000e+00 | flex_Q=+0.000000e+00
    [SLACK COMPONENT CHECK] classified_delta=+5.388969e-10 | objective_slack_delta=+5.388969e-10 | mismatch=+0.000000e+00
    [RECOURSE COMPONENT CHECK] classified_delta=-8.541567e+07 | block_delta=-8.541567e+07 | mismatch=-1.490116e-08
  TSO node=None year=2025 day=Winter | previous=1.683729e+08 | current=8.437980e+07 | delta=-8.399306e+07 | abs_delta=8.399306e+07
    [RECOURSE JUMP][TSO PROX] year=2025 day=Winter | V max=0.014657 | PF max=0.211228 | ESS max=0.015796
    [RECOURSE COMPONENTS] gen=-8.399306e+07 | flex=+0.000000e+00 | load_curt=+0.000000e+00 | res_curt=+0.000000e+00 | ess_usage=+0.000000e+00 | slacks=+1.100950e-09 | ess_comp=-1.653107e-05
    [SLACK COMPONENTS] voltage=+1.100950e-09 | node_P=+0.000000e+00 | node_Q=+0.000000e+00 | branch_ij=+0.000000e+00 | branch_ji=+0.000000e+00 | flex_P=+0.000000e+00 | flex_Q=+0.000000e+00
    [SLACK COMPONENT CHECK] classified_delta=+1.100950e-09 | objective_slack_delta=+1.100950e-09 | mismatch=+0.000000e+00
    [RECOURSE COMPONENT CHECK] classified_delta=-8.399306e+07 | block_delta=-8.399306e+07 | mismatch=-1.490116e-08
  TSO node=None year=2030 day=Spring | previous=1.119526e+08 | current=2.942398e+07 | delta=-8.252859e+07 | abs_delta=8.252859e+07
    [RECOURSE JUMP][TSO PROX] year=2030 day=Spring | V max=0.012808 | PF max=0.255217 | ESS max=0.015537
    [RECOURSE COMPONENTS] gen=-8.252859e+07 | flex=+0.000000e+00 | load_curt=+0.000000e+00 | res_curt=+0.000000e+00 | ess_usage=+0.000000e+00 | slacks=+4.956036e-11 | ess_comp=-8.782249e-05
    [SLACK COMPONENTS] voltage=+4.956036e-11 | node_P=+0.000000e+00 | node_Q=+0.000000e+00 | branch_ij=+0.000000e+00 | branch_ji=+0.000000e+00 | flex_P=+0.000000e+00 | flex_Q=+0.000000e+00
    [SLACK COMPONENT CHECK] classified_delta=+4.956036e-11 | objective_slack_delta=+4.956036e-11 | mismatch=+0.000000e+00
    [RECOURSE COMPONENT CHECK] classified_delta=-8.252859e+07 | block_delta=-8.252859e+07 | mismatch=-1.490116e-08
  TSO node=None year=2025 day=Autumn | previous=1.534559e+08 | current=7.818752e+07 | delta=-7.526835e+07 | abs_delta=7.526835e+07
    [RECOURSE JUMP][TSO PROX] year=2025 day=Autumn | V max=0.019385 | PF max=0.221633 | ESS max=0.013227
    [RECOURSE COMPONENTS] gen=-7.526835e+07 | flex=+0.000000e+00 | load_curt=+0.000000e+00 | res_curt=+0.000000e+00 | ess_usage=+0.000000e+00 | slacks=+9.825101e-10 | ess_comp=+2.154584e-06
    [SLACK COMPONENTS] voltage=+9.825101e-10 | node_P=+0.000000e+00 | node_Q=+0.000000e+00 | branch_ij=+0.000000e+00 | branch_ji=+0.000000e+00 | flex_P=+0.000000e+00 | flex_Q=+0.000000e+00
    [SLACK COMPONENT CHECK] classified_delta=+9.825101e-10 | objective_slack_delta=+9.825101e-10 | mismatch=+0.000000e+00
    [RECOURSE COMPONENT CHECK] classified_delta=-7.526835e+07 | block_delta=-7.526835e+07 | mismatch=+0.000000e+00
  TSO node=None year=2030 day=Summer | previous=1.156392e+08 | current=5.121436e+07 | delta=-6.442484e+07 | abs_delta=6.442484e+07
    [RECOURSE JUMP][TSO PROX] year=2030 day=Summer | V max=0.012828 | PF max=0.220606 | ESS max=0.013150
    [RECOURSE COMPONENTS] gen=-6.442484e+07 | flex=+0.000000e+00 | load_curt=+0.000000e+00 | res_curt=+0.000000e+00 | ess_usage=+0.000000e+00 | slacks=+1.727329e-10 | ess_comp=-5.275478e-05
    [SLACK COMPONENTS] voltage=+1.727329e-10 | node_P=+0.000000e+00 | node_Q=+0.000000e+00 | branch_ij=+0.000000e+00 | branch_ji=+0.000000e+00 | flex_P=+0.000000e+00 | flex_Q=+0.000000e+00
    [SLACK COMPONENT CHECK] classified_delta=+1.727329e-10 | objective_slack_delta=+1.727329e-10 | mismatch=+0.000000e+00
    [RECOURSE COMPONENT CHECK] classified_delta=-6.442484e+07 | block_delta=-6.442484e+07 | mismatch=+7.450581e-09
  TSO node=None year=2035 day=Summer | previous=1.104968e+08 | current=4.672567e+07 | delta=-6.377111e+07 | abs_delta=6.377111e+07
    [RECOURSE JUMP][TSO PROX] year=2035 day=Summer | V max=0.022628 | PF max=0.267137 | ESS max=0.024787
    [RECOURSE COMPONENTS] gen=-6.377111e+07 | flex=+0.000000e+00 | load_curt=+0.000000e+00 | res_curt=+0.000000e+00 | ess_usage=+0.000000e+00 | slacks=-2.422240e-11 | ess_comp=-3.714056e-05
    [SLACK COMPONENTS] voltage=-2.422240e-11 | node_P=+0.000000e+00 | node_Q=+0.000000e+00 | branch_ij=+0.000000e+00 | branch_ji=+0.000000e+00 | flex_P=+0.000000e+00 | flex_Q=+0.000000e+00
    [SLACK COMPONENT CHECK] classified_delta=-2.422240e-11 | objective_slack_delta=-2.422240e-11 | mismatch=+0.000000e+00
    [RECOURSE COMPONENT CHECK] classified_delta=-6.377111e+07 | block_delta=-6.377111e+07 | mismatch=+7.450581e-09
  TSO node=None year=2030 day=Winter | previous=8.216518e+07 | current=3.863533e+07 | delta=-4.352985e+07 | abs_delta=4.352985e+07
    [RECOURSE JUMP][TSO PROX] year=2030 day=Winter | V max=0.014616 | PF max=0.154165 | ESS max=0.030697
    [RECOURSE COMPONENTS] gen=-4.352985e+07 | flex=+0.000000e+00 | load_curt=+0.000000e+00 | res_curt=+0.000000e+00 | ess_usage=+0.000000e+00 | slacks=-4.106937e-11 | ess_comp=-5.077895e-05
    [SLACK COMPONENTS] voltage=-4.106937e-11 | node_P=+0.000000e+00 | node_Q=+0.000000e+00 | branch_ij=+0.000000e+00 | branch_ji=+0.000000e+00 | flex_P=+0.000000e+00 | flex_Q=+0.000000e+00
    [SLACK COMPONENT CHECK] classified_delta=-4.106937e-11 | objective_slack_delta=-4.106937e-11 | mismatch=+0.000000e+00
    [RECOURSE COMPONENT CHECK] classified_delta=-4.352985e+07 | block_delta=-4.352985e+07 | mismatch=+7.450581e-09
  TSO node=None year=2035 day=Winter | previous=7.435688e+07 | current=3.711997e+07 | delta=-3.723691e+07 | abs_delta=3.723691e+07
    [RECOURSE JUMP][TSO PROX] year=2035 day=Winter | V max=0.016241 | PF max=0.128499 | ESS max=0.017105
    [RECOURSE COMPONENTS] gen=-3.723691e+07 | flex=+0.000000e+00 | load_curt=+0.000000e+00 | res_curt=+0.000000e+00 | ess_usage=+0.000000e+00 | slacks=+3.196732e-11 | ess_comp=-2.270067e-05
    [SLACK COMPONENTS] voltage=+3.196732e-11 | node_P=+0.000000e+00 | node_Q=+0.000000e+00 | branch_ij=+0.000000e+00 | branch_ji=+0.000000e+00 | flex_P=+0.000000e+00 | flex_Q=+0.000000e+00
    [SLACK COMPONENT CHECK] classified_delta=+3.196732e-11 | objective_slack_delta=+3.196732e-11 | mismatch=+0.000000e+00
    [RECOURSE COMPONENT CHECK] classified_delta=-3.723691e+07 | block_delta=-3.723691e+07 | mismatch=+7.450581e-09
[INFO]		 - Recourse stationarity failed. 847009694.518106 > 158942.485728
[ADMM RHO] V | primal max ratio=4.984 | primal mean ratio=15.838 | primal selected=15.838 | dual mean ratio=0.034 | increase threshold=5.0 | decrease threshold=5.0 | action=increased
[ADMM RHO BOYD] V | r=5.938808e-01 | s=2.497924e-03 | eps_pri=3.378894e-03 | eps_dual=2.941898e-04 | primal_ratio=1.757619e+02 | dual_ratio=8.490860e+00 | dual_ratio_balance=8.490860e+00 | rho_before=1.155000e-02 | rho_after=1.732500e-02 | gamma_before=0.000000e+00 | gamma_after=0.000000e+00 | action=increased
[ADMM RHO] PF | primal max ratio=19.417 | primal mean ratio=3.148 | primal selected=19.417 | dual mean ratio=1.644 | increase threshold=5.0 | decrease threshold=3.0 | action=decreased
[ADMM RHO BOYD] PF | r=4.646173e-01 | s=8.824151e-01 | eps_pri=1.291168e-03 | eps_dual=4.246762e-04 | primal_ratio=3.598425e+02 | dual_ratio=2.077854e+03 | dual_ratio_balance=2.077854e+03 | rho_before=1.980000e-01 | rho_after=1.320000e-01 | gamma_before=0.000000e+00 | gamma_after=0.000000e+00 | action=decreased
[ADMM RHO] ESS | primal max ratio=0.152 | primal mean ratio=0.030 | primal selected=0.152 | dual mean ratio=0.001 | increase threshold=5.0 | decrease threshold=5.0 | action=exempt (fixed)
[ADMM RHO BOYD] ESS | r=8.056985e-02 | s=2.280779e-03 | eps_pri=7.633935e-04 | eps_dual=7.203226e-04 | primal_ratio=1.055417e+02 | dual_ratio=3.166330e+00 | dual_ratio_balance=3.166330e+00 | rho_before=1.000000e-02 | rho_after=1.000000e-02 | gamma_before=0.000000e+00 | gamma_after=0.000000e+00 | action=exempt (fixed)
[INFO]		 - ADMM cycle 2 | Primal (V max/mean | PF max/mean | ESS max/mean) = 0.049838/0.015838 | 0.194171/0.003148 | 0.015159/0.000300 | Dual (V max/mean | PF max/mean | ESS max/mean) = 0.001274/0.000340 | 0.063914/0.016445 | 0.000222/0.000009 | Recourse change = 847009694.518106 (tol. 158942.485728) | Stable cycles = 0/10 | Penalty actions (V/PF/ESS) = increased/decreased/exempt (fixed)
[INFO] 	 - Iteration 2: 27.44 s
[WARNING] 	 - ADMM did NOT converge in 2 iterations!
[INFO] 	 - Execution time: 82.96 s
[S31 Part 3] component_levels_terminal.json written: /Users/micaelsimoes/Projects/share-resource-planning-no_esso-degradation/data/SRP1/Results/P515S53/scaling_pin_w78/arms/s53w78_n7u_grad/arm/component_levels_terminal.json
[S31C Part 3] interface_settlement_detail_s31c.json written: /Users/micaelsimoes/Projects/share-resource-planning-no_esso-degradation/data/SRP1/Results/P515S53/scaling_pin_w78/arms/s53w78_n7u_grad/arm/interface_settlement_detail_s31c.json
[S33E2] interface_voltage_terminal.json written: /Users/micaelsimoes/Projects/share-resource-planning-no_esso-degradation/data/SRP1/Results/P515S53/scaling_pin_w78/arms/s53w78_n7u_grad/arm/interface_voltage_terminal.json
[S35REF] boyd_terminal.json written: /Users/micaelsimoes/Projects/share-resource-planning-no_esso-degradation/data/SRP1/Results/P515S53/scaling_pin_w78/arms/s53w78_n7u_grad/arm/boyd_terminal.json
[P5.15-G s39_D] recourse=742415162.7626624 cycles=2 solves=153 local_failures=0 wall=83s
   EFC/day max across nodes: 0.5912872137255154 (threshold 1.4612)
   detector grouping clean: True (observed 9 / expected 9)
   network failures: {'n_blocks': 0, 'classes': {'recovered_tier1': 0, 'recovered_tier2': 0, 'unrecovered': 0, 'not_attempted': 0, 'indeterminate': 0, 'recovered': 0}, 'n_frozen_snapshots': 0, 'n_esso_recovery_events': 0, 'path': 'data/SRP1/Results/P515S53/scaling_pin_w78/arms/s53w78_n7u_grad/arm/network_failures_s39_D.jsonl'}
10:37:31 [W78] arm ran: cycles 2 gross 742415162.7626624 solves {'permitted_solve': 153, 'permitted_exec': 153, 'blocked_solve': 0, 'blocked_exec': 0} failures {'n_blocks': 0, 'classes': {'recovered_tier1': 0, 'recovered_tier2': 0, 'unrecovered': 0, 'not_attempted': 0, 'indeterminate': 0, 'recovered': 0}, 'n_frozen_snapshots': 0, 'n_esso_recovery_events': 0, 'path': 'data/SRP1/Results/P515S53/scaling_pin_w78/arms/s53w78_n7u_grad/arm/network_failures_s39_D.jsonl'}
10:37:32 [W78] C0 v27 (baseline record): holds True; segments 144 vs guard network solves 144; effective factors ['0.001']; gradient lines ['1.000000e-03']; x|c|d ['No x scaling provided | No c scaling provided | d scaling provided', 'No x scaling provided | c scaling provided | d scaling provided']; failures 0 []
10:37:32 [W78] C0 evidence (not gated): {'n_effective_lines_total': 144, 'n_gradient_lines_total': 144, 'n_restoration_entries_total': 0, 'segments_by_lines_and_restoration_entries': {'lines=1|restoration_entries=0': 144}, 'segments_where_lines_ne_1_plus_restoration_entries': [], 'baseline_unpaired_effective_lines_distinct': [], 'n_segments_with_merged_option_lines': 0, 'option_entries_without_counter': {}}
10:37:32 [W78] C0b tolerances unchanged: True (0 failures) []
10:37:32 [W78]   TSO: med 54.0 p90 77 max 84 reg 750 res 0 exits {'Optimal Solution Found.': 36} mu_med 4.545454545454545e-08 kkt_max 7.485854126840219e-06
10:37:32 [W78]   DSO5: med 46.5 p90 51 max 60 reg 208 res 0 exits {'Optimal Solution Found.': 36} mu_med 9.090909090909092e-09 kkt_max 7.891632081936824e-06
10:37:32 [W78]   DSO7: med 55.0 p90 68 max 76 reg 702 res 0 exits {'Optimal Solution Found.': 36} mu_med 9.090909090909092e-09 kkt_max 8.796577134061316e-06
10:37:32 [W78]   DSO9: med 48.0 p90 58 max 61 reg 207 res 0 exits {'Optimal Solution Found.': 36} mu_med 9.090909090909092e-09 kkt_max 4.708779914000538e-06
10:37:32 [W78] guard {'permitted_solve': 153, 'permitted_exec': 153, 'blocked_solve': 0, 'blocked_exec': 0} verify(153) = []; ESSO options unchanged True; wrote data/SRP1/Results/P515S53/scaling_pin_w78/arms/s53w78_n7u_grad/arm_result.json; wall 97 s
