09:13:10 [W155-RUN-g070_neutrality] memory preflight: available 21.07708740234375 GiB required 3.50 GiB -> PASS
09:13:10 [W155-RUN-g070_neutrality] P5.15 Addendum 64, W155 -- four cells: the m = 1.75 flexibility-ladder pair (x = 0 and the node-7 unit, multiplier keyed) and the minimum-SoH row (the C2_calfade unit at minimum_soh 0.50, keyed in the declaration and applied through production's apply_to after the standard variant, the shared floor-row dict carried to 0.50; and its neutrality cell at 0.70, gated bitwise against 3f084f2f through 172); ungated first evaluations; the certifying regime held after the run's first residual pass (AA off, tight tail on, rho frozen); settling rule v6 until it certifies or the cap; W105 captures, t_sum, Q_cc, the IPOPT exit, final attempt tier and final metrics of every block, the SoH-floor sidecar, the terminal ageing trajectory; cell g070_neutrality (#1) eval_key 5007232b1c3eaf03a5e6d673f1b491ef64eada5a431fef84f3d40655efe5170d; cap 300; lock {'pid': 79630, 'campaign_id': 's53_w155_a64_r2_g070_neutrality', 'campaign_spec_sha256': 'a5d02f7ffa4756c5ff67bd7316c2ad7a3b6cbd95009e45bc96cafd50a5b53ac5', 'started_utc': '2026-10-05T09:13:10.194550+00:00'}
09:13:10 [S44-HARNESS] launched g070_neutrality (key db77e1549af855bc) pid=79957
09:13:10 [S44-HARNESS] heartbeat g070_neutrality: 0s cycle=None
09:14:10 [S44-HARNESS] heartbeat g070_neutrality: 60s cycle=None
09:15:10 [S44-HARNESS] heartbeat g070_neutrality: 120s cycle=3
09:16:10 [S44-HARNESS] heartbeat g070_neutrality: 180s cycle=5
09:17:10 [S44-HARNESS] heartbeat g070_neutrality: 240s cycle=7
09:18:10 [S44-HARNESS] heartbeat g070_neutrality: 301s cycle=9
09:19:10 [S44-HARNESS] heartbeat g070_neutrality: 361s cycle=11
09:20:11 [S44-HARNESS] heartbeat g070_neutrality: 421s cycle=14
09:21:11 [S44-HARNESS] heartbeat g070_neutrality: 481s cycle=16
09:22:11 [S44-HARNESS] heartbeat g070_neutrality: 541s cycle=19
09:23:11 [S44-HARNESS] heartbeat g070_neutrality: 601s cycle=21
09:24:11 [S44-HARNESS] heartbeat g070_neutrality: 661s cycle=24
09:25:11 [S44-HARNESS] heartbeat g070_neutrality: 721s cycle=26
09:26:11 [S44-HARNESS] heartbeat g070_neutrality: 782s cycle=28
09:27:11 [S44-HARNESS] heartbeat g070_neutrality: 842s cycle=31
09:28:11 [S44-HARNESS] heartbeat g070_neutrality: 902s cycle=33
09:29:12 [S44-HARNESS] heartbeat g070_neutrality: 962s cycle=35
09:30:12 [S44-HARNESS] heartbeat g070_neutrality: 1022s cycle=38
09:31:12 [S44-HARNESS] heartbeat g070_neutrality: 1082s cycle=40
09:32:12 [S44-HARNESS] heartbeat g070_neutrality: 1142s cycle=43
09:33:12 [S44-HARNESS] heartbeat g070_neutrality: 1202s cycle=45
09:34:12 [S44-HARNESS] heartbeat g070_neutrality: 1262s cycle=47
09:35:12 [S44-HARNESS] heartbeat g070_neutrality: 1323s cycle=50
09:36:12 [S44-HARNESS] heartbeat g070_neutrality: 1383s cycle=52
09:37:12 [S44-HARNESS] heartbeat g070_neutrality: 1443s cycle=55
09:38:13 [S44-HARNESS] heartbeat g070_neutrality: 1503s cycle=57
09:39:13 [S44-HARNESS] heartbeat g070_neutrality: 1563s cycle=59
09:40:13 [S44-HARNESS] heartbeat g070_neutrality: 1623s cycle=62
09:41:13 [S44-HARNESS] heartbeat g070_neutrality: 1683s cycle=64
09:42:13 [S44-HARNESS] heartbeat g070_neutrality: 1743s cycle=67
09:43:13 [S44-HARNESS] heartbeat g070_neutrality: 1803s cycle=69
09:44:13 [S44-HARNESS] heartbeat g070_neutrality: 1864s cycle=71
09:45:13 [S44-HARNESS] heartbeat g070_neutrality: 1924s cycle=74
09:46:13 [S44-HARNESS] heartbeat g070_neutrality: 1984s cycle=76
09:47:14 [S44-HARNESS] heartbeat g070_neutrality: 2044s cycle=79
09:48:14 [S44-HARNESS] heartbeat g070_neutrality: 2104s cycle=81
09:49:14 [S44-HARNESS] heartbeat g070_neutrality: 2164s cycle=84
09:50:14 [S44-HARNESS] heartbeat g070_neutrality: 2224s cycle=86
09:51:14 [S44-HARNESS] heartbeat g070_neutrality: 2284s cycle=89
09:52:14 [S44-HARNESS] heartbeat g070_neutrality: 2344s cycle=91
09:53:14 [S44-HARNESS] heartbeat g070_neutrality: 2405s cycle=93
09:54:14 [S44-HARNESS] heartbeat g070_neutrality: 2465s cycle=96
09:55:14 [S44-HARNESS] heartbeat g070_neutrality: 2525s cycle=98
09:56:15 [S44-HARNESS] heartbeat g070_neutrality: 2585s cycle=101
09:57:15 [S44-HARNESS] heartbeat g070_neutrality: 2645s cycle=103
09:58:15 [S44-HARNESS] heartbeat g070_neutrality: 2705s cycle=105
09:59:15 [S44-HARNESS] heartbeat g070_neutrality: 2765s cycle=108
10:00:15 [S44-HARNESS] heartbeat g070_neutrality: 2825s cycle=110
10:01:15 [S44-HARNESS] heartbeat g070_neutrality: 2885s cycle=112
10:02:15 [S44-HARNESS] heartbeat g070_neutrality: 2946s cycle=115
10:03:15 [S44-HARNESS] heartbeat g070_neutrality: 3006s cycle=117
10:04:15 [S44-HARNESS] heartbeat g070_neutrality: 3066s cycle=120
10:05:16 [S44-HARNESS] heartbeat g070_neutrality: 3126s cycle=122
10:06:16 [S44-HARNESS] heartbeat g070_neutrality: 3186s cycle=124
10:07:16 [S44-HARNESS] heartbeat g070_neutrality: 3246s cycle=127
10:08:16 [S44-HARNESS] heartbeat g070_neutrality: 3306s cycle=129
10:09:16 [S44-HARNESS] heartbeat g070_neutrality: 3366s cycle=132
10:10:16 [S44-HARNESS] heartbeat g070_neutrality: 3426s cycle=134
10:11:16 [S44-HARNESS] heartbeat g070_neutrality: 3487s cycle=136
10:12:16 [S44-HARNESS] heartbeat g070_neutrality: 3547s cycle=139
10:13:16 [S44-HARNESS] heartbeat g070_neutrality: 3607s cycle=141
10:14:17 [S44-HARNESS] heartbeat g070_neutrality: 3667s cycle=143
10:15:17 [S44-HARNESS] heartbeat g070_neutrality: 3727s cycle=146
10:16:17 [S44-HARNESS] heartbeat g070_neutrality: 3787s cycle=148
10:17:17 [S44-HARNESS] heartbeat g070_neutrality: 3847s cycle=151
10:18:17 [S44-HARNESS] heartbeat g070_neutrality: 3907s cycle=153
10:19:17 [S44-HARNESS] heartbeat g070_neutrality: 3967s cycle=155
10:20:17 [S44-HARNESS] heartbeat g070_neutrality: 4028s cycle=158
10:21:17 [S44-HARNESS] heartbeat g070_neutrality: 4088s cycle=160
10:22:17 [S44-HARNESS] heartbeat g070_neutrality: 4148s cycle=162
10:23:18 [S44-HARNESS] heartbeat g070_neutrality: 4208s cycle=165
10:24:18 [S44-HARNESS] heartbeat g070_neutrality: 4268s cycle=167
10:25:18 [S44-HARNESS] heartbeat g070_neutrality: 4328s cycle=169
10:26:18 [S44-HARNESS] heartbeat g070_neutrality: 4388s cycle=172
10:26:28 [S44-HARNESS] finished g070_neutrality pid=79957 exit=0 status=certified wall=4398s
10:26:34 [W155-RUN-g070_neutrality] gates {'G1_harness_clean': True, 'G2_eval_key': True, 'G3_append_reconcile': True, 'G4_tail_state_check': True, 'G5_solve_profile_reconciled_per_event': True, 'G6_v37_optimal_and_four_metrics': True, 'G7_append_sealed': True, 'G8_persistence_on_production_certificate': True, 'G9s_soh_readback_at_the_declared_floor': True, 'G11_acceptance_cross_check': True, 'G13_holds_inert_through_first_pass_held_after': True, 'G14_all_block_capture': True, 'G15_stopping_consistent': True, 'G16_lambda_sidecar_complete': True, 'G17_rule_v6_replay_reproduces_in_cycle': True, 'G18_line_fields_every_cycle': True, 'G20_production_counters_in_per_cycle_record': True, 'G21_creep_captures_complete': True, 'G22_t_sum_in_cycle_equals_stride_and_terminal': True, 'G23_overlap_recorded': True, 'G24_exit_capture_equals_the_solve_records_and_esso_logs': True, 'G24b_clean_capture_equals_the_solve_records_and_esso_logs': True, 'G25_record_status_follows_the_settling_decision': True, 'G26_floor_sidecar_end_cycle': True, 'G27_ageing_trajectory_terminal': True, 'G29s_soh_sidecar_and_identity_by_equality': True, 'G28_g070_bitwise_vs_3f084f2f_through_172': True}
10:26:34 [W155-RUN-g070_neutrality] settling v6: status certified k* 172 branch oscillatory band_width 4351.407173395157 Q_end 653620162.5657823 t_sum(end) 662.9971061576365 k0_run 103 cycles 172 floor_year 2035 terminal step / threshold 0.0014225480051852765 record status certified
10:26:34 [W155] guards {'w155_checks': {'counts': {'permitted_solve': 0, 'permitted_exec': 0, 'blocked_solve': 0, 'blocked_exec': 0}, 'verify_0_failures': []}, 'w142_ext_checks': {'counts': {'permitted_solve': 0, 'permitted_exec': 0, 'blocked_solve': 0, 'blocked_exec': 0}, 'verify_0_failures': []}, 'w142_checks': {'counts': {'permitted_solve': 0, 'permitted_exec': 0, 'blocked_solve': 0, 'blocked_exec': 0}, 'verify_0_failures': []}, 'w139_checks': {'counts': {'permitted_solve': 0, 'permitted_exec': 0, 'blocked_solve': 0, 'blocked_exec': 0}, 'verify_0_failures': []}, 'w137_checks': {'counts': {'permitted_solve': 0, 'permitted_exec': 0, 'blocked_solve': 0, 'blocked_exec': 0}, 'verify_0_failures': []}, 'w132_checks': {'counts': {'permitted_solve': 0, 'permitted_exec': 0, 'blocked_solve': 0, 'blocked_exec': 0}, 'verify_0_failures': []}, 'w118_checks': {'counts': {'permitted_solve': 0, 'permitted_exec': 0, 'blocked_solve': 0, 'blocked_exec': 0}, 'verify_0_failures': []}, 'w105_checks_imported': {'counts': {'permitted_solve': 0, 'permitted_exec': 0, 'blocked_solve': 0, 'blocked_exec': 0}, 'verify_0_failures': []}, 'w101_checks_imported': {'counts': {'permitted_solve': 0, 'permitted_exec': 0, 'blocked_solve': 0, 'blocked_exec': 0}, 'verify_0_failures': []}, 'w98_checks_imported': {'counts': {'permitted_solve': 0, 'permitted_exec': 0, 'blocked_solve': 0, 'blocked_exec': 0}, 'verify_0_failures': []}, 'w112_imported': {'counts': {'permitted_solve': 0, 'permitted_exec': 0, 'blocked_solve': 0, 'blocked_exec': 0}, 'verify_0_failures': []}, 'w141_swing_variants': {'counts': {'permitted_solve': 0, 'permitted_exec': 0, 'blocked_solve': 0, 'blocked_exec': 0}, 'verify_0_failures': []}, 'w139_v5_from_records': {'counts': {'permitted_solve': 0, 'permitted_exec': 0, 'blocked_solve': 0, 'blocked_exec': 0}, 'verify_0_failures': []}, 'w131_imported': {'counts': {'permitted_solve': 0, 'permitted_exec': 0, 'blocked_solve': 0, 'blocked_exec': 0}, 'verify_0_failures': []}, 'w137_ra_imported': {'counts': {'permitted_solve': 0, 'permitted_exec': 0, 'blocked_solve': 0, 'blocked_exec': 0}, 'verify_0_failures': []}, 'w135_checks': {'counts': {'permitted_solve': 0, 'permitted_exec': 0, 'blocked_solve': 0, 'blocked_exec': 0}, 'verify_0_failures': []}, 's46_variant_checks_imported': {'counts': {'permitted_solve': 0, 'permitted_exec': 0, 'blocked_solve': 0, 'blocked_exec': 0}, 'verify_0_failures': []}, 'alpha_row_launcher': {'counts': {'permitted_solve': 0, 'permitted_exec': 0, 'blocked_solve': 0, 'blocked_exec': 0}, 'verify_0_failures': []}, 'w86_launcher': {'counts': {'permitted_solve': 0, 'permitted_exec': 0, 'blocked_solve': 0, 'blocked_exec': 0}, 'verify_0_failures': []}, 'w87': {'counts': {'permitted_solve': 0, 'permitted_exec': 0, 'blocked_solve': 0, 'blocked_exec': 0}, 'verify_0_failures': []}, 'w88': {'counts': {'permitted_solve': 0, 'permitted_exec': 0, 'blocked_solve': 0, 'blocked_exec': 0}, 'verify_0_failures': []}, 'w89_step1': {'counts': {'permitted_solve': 0, 'permitted_exec': 0, 'blocked_solve': 0, 'blocked_exec': 0}, 'verify_0_failures': []}, 'w89_3x3_launcher': {'counts': {'permitted_solve': 0, 'permitted_exec': 0, 'blocked_solve': 0, 'blocked_exec': 0}, 'verify_0_failures': []}, 'w90_3x3_parent': {'counts': {'permitted_solve': 0, 'permitted_exec': 0, 'blocked_solve': 0, 'blocked_exec': 0}, 'verify_0_failures': []}, 'w98_parent': {'counts': {'permitted_solve': 0, 'permitted_exec': 0, 'blocked_solve': 0, 'blocked_exec': 0}, 'verify_0_failures': []}, 'w101_parent': {'counts': {'permitted_solve': 0, 'permitted_exec': 0, 'blocked_solve': 0, 'blocked_exec': 0}, 'verify_0_failures': []}, 'w118_parent': {'counts': {'permitted_solve': 0, 'permitted_exec': 0, 'blocked_solve': 0, 'blocked_exec': 0}, 'verify_0_failures': []}, 'w132_parent': {'counts': {'permitted_solve': 0, 'permitted_exec': 0, 'blocked_solve': 0, 'blocked_exec': 0}, 'verify_0_failures': []}, 'w137_parent': {'counts': {'permitted_solve': 0, 'permitted_exec': 0, 'blocked_solve': 0, 'blocked_exec': 0}, 'verify_0_failures': []}, 'w139_parent': {'counts': {'permitted_solve': 0, 'permitted_exec': 0, 'blocked_solve': 0, 'blocked_exec': 0}, 'verify_0_failures': []}, 'w142_parent': {'counts': {'permitted_solve': 0, 'permitted_exec': 0, 'blocked_solve': 0, 'blocked_exec': 0}, 'verify_0_failures': []}, 's46_ageing_mechanism_imported': {'counts': {'permitted_solve': 0, 'permitted_exec': 0, 'blocked_solve': 0, 'blocked_exec': 0}, 'verify_0_failures': []}, 'w142_ext_parent': {'counts': {'permitted_solve': 0, 'permitted_exec': 0, 'blocked_solve': 0, 'blocked_exec': 0}, 'verify_0_failures': []}, 'w155_parent': {'counts': {'permitted_solve': 0, 'permitted_exec': 0, 'blocked_solve': 0, 'blocked_exec': 0}, 'verify_0_failures': []}} wall=4421s
