11:26:51 [W155-RUN-h_unit_m175] memory preflight: available 20.72161865234375 GiB required 3.50 GiB -> PASS
11:26:51 [W155-RUN-h_unit_m175] P5.15 Addendum 64, W155 -- four cells: the m = 1.75 flexibility-ladder pair (x = 0 and the node-7 unit, multiplier keyed) and the minimum-SoH row (the C2_calfade unit at minimum_soh 0.50, keyed in the declaration and applied through production's apply_to after the standard variant, the shared floor-row dict carried to 0.50; and its neutrality cell at 0.70, gated bitwise against 3f084f2f through 172); ungated first evaluations; the certifying regime held after the run's first residual pass (AA off, tight tail on, rho frozen); settling rule v6 until it certifies or the cap; W105 captures, t_sum, Q_cc, the IPOPT exit, final attempt tier and final metrics of every block, the SoH-floor sidecar, the terminal ageing trajectory; cell h_unit_m175 (#3) eval_key dc3ab9329c3958904ad88d83cd284908101b62f1c4655a8140d22022a8bb0434; cap 300; lock {'pid': 122, 'campaign_id': 's53_w155_a64_r2_h_unit_m175', 'campaign_spec_sha256': 'eb85d0f4c16ed917e91a155da686ae49c809ccc88dfbd729a7603bb7dfc4dad6', 'started_utc': '2026-10-05T11:26:51.994461+00:00'}
11:26:51 [S44-HARNESS] launched h_unit_m175 (key db77e1549af855bc) pid=369
11:26:51 [S44-HARNESS] heartbeat h_unit_m175: 0s cycle=None
11:27:52 [S44-HARNESS] heartbeat h_unit_m175: 60s cycle=None
11:28:52 [S44-HARNESS] heartbeat h_unit_m175: 120s cycle=2
11:29:52 [S44-HARNESS] heartbeat h_unit_m175: 180s cycle=4
11:30:52 [S44-HARNESS] heartbeat h_unit_m175: 240s cycle=7
11:31:52 [S44-HARNESS] heartbeat h_unit_m175: 301s cycle=9
11:32:52 [S44-HARNESS] heartbeat h_unit_m175: 361s cycle=11
11:33:52 [S44-HARNESS] heartbeat h_unit_m175: 421s cycle=13
11:34:52 [S44-HARNESS] heartbeat h_unit_m175: 481s cycle=16
11:35:52 [S44-HARNESS] heartbeat h_unit_m175: 541s cycle=18
11:36:53 [S44-HARNESS] heartbeat h_unit_m175: 601s cycle=20
11:37:53 [S44-HARNESS] heartbeat h_unit_m175: 661s cycle=23
11:38:53 [S44-HARNESS] heartbeat h_unit_m175: 721s cycle=25
11:39:53 [S44-HARNESS] heartbeat h_unit_m175: 781s cycle=28
11:40:53 [S44-HARNESS] heartbeat h_unit_m175: 841s cycle=30
11:41:53 [S44-HARNESS] heartbeat h_unit_m175: 902s cycle=32
11:42:53 [S44-HARNESS] heartbeat h_unit_m175: 962s cycle=35
11:43:53 [S44-HARNESS] heartbeat h_unit_m175: 1022s cycle=37
11:44:53 [S44-HARNESS] heartbeat h_unit_m175: 1082s cycle=40
11:45:54 [S44-HARNESS] heartbeat h_unit_m175: 1142s cycle=42
11:46:54 [S44-HARNESS] heartbeat h_unit_m175: 1202s cycle=44
11:47:54 [S44-HARNESS] heartbeat h_unit_m175: 1262s cycle=47
11:48:54 [S44-HARNESS] heartbeat h_unit_m175: 1322s cycle=49
11:49:54 [S44-HARNESS] heartbeat h_unit_m175: 1382s cycle=52
11:50:54 [S44-HARNESS] heartbeat h_unit_m175: 1443s cycle=54
11:51:54 [S44-HARNESS] heartbeat h_unit_m175: 1503s cycle=57
11:52:54 [S44-HARNESS] heartbeat h_unit_m175: 1563s cycle=59
11:53:54 [S44-HARNESS] heartbeat h_unit_m175: 1623s cycle=62
11:54:55 [S44-HARNESS] heartbeat h_unit_m175: 1683s cycle=64
11:55:55 [S44-HARNESS] heartbeat h_unit_m175: 1743s cycle=66
11:56:55 [S44-HARNESS] heartbeat h_unit_m175: 1803s cycle=69
11:57:55 [S44-HARNESS] heartbeat h_unit_m175: 1863s cycle=71
11:58:55 [S44-HARNESS] heartbeat h_unit_m175: 1923s cycle=74
11:59:55 [S44-HARNESS] heartbeat h_unit_m175: 1984s cycle=76
12:00:55 [S44-HARNESS] heartbeat h_unit_m175: 2044s cycle=78
12:01:55 [S44-HARNESS] heartbeat h_unit_m175: 2104s cycle=81
12:02:55 [S44-HARNESS] heartbeat h_unit_m175: 2164s cycle=83
12:03:56 [S44-HARNESS] heartbeat h_unit_m175: 2224s cycle=86
12:04:56 [S44-HARNESS] heartbeat h_unit_m175: 2284s cycle=88
12:05:56 [S44-HARNESS] heartbeat h_unit_m175: 2344s cycle=91
12:06:56 [S44-HARNESS] heartbeat h_unit_m175: 2404s cycle=93
12:07:56 [S44-HARNESS] heartbeat h_unit_m175: 2465s cycle=96
12:08:56 [S44-HARNESS] heartbeat h_unit_m175: 2525s cycle=98
12:09:56 [S44-HARNESS] heartbeat h_unit_m175: 2585s cycle=100
12:10:56 [S44-HARNESS] heartbeat h_unit_m175: 2645s cycle=103
12:11:56 [S44-HARNESS] heartbeat h_unit_m175: 2705s cycle=105
12:12:57 [S44-HARNESS] heartbeat h_unit_m175: 2765s cycle=108
12:13:57 [S44-HARNESS] heartbeat h_unit_m175: 2825s cycle=110
12:14:57 [S44-HARNESS] heartbeat h_unit_m175: 2885s cycle=112
12:15:57 [S44-HARNESS] heartbeat h_unit_m175: 2945s cycle=115
12:16:57 [S44-HARNESS] heartbeat h_unit_m175: 3006s cycle=117
12:17:57 [S44-HARNESS] heartbeat h_unit_m175: 3066s cycle=119
12:18:47 [S44-HARNESS] finished h_unit_m175 pid=369 exit=0 status=certified wall=3116s
12:18:52 [W155-RUN-h_unit_m175] gates {'G1_harness_clean': True, 'G2_eval_key': True, 'G3_append_reconcile': True, 'G4_tail_state_check': True, 'G5_solve_profile_reconciled_per_event': True, 'G6_v37_optimal_and_four_metrics': True, 'G7_append_sealed': True, 'G8_persistence_on_production_certificate': True, 'G9_ess_ageing_readback': True, 'G10_flex_price_readback': True, 'G11_acceptance_cross_check': True, 'G13_holds_inert_through_first_pass_held_after': True, 'G14_all_block_capture': True, 'G15_stopping_consistent': True, 'G16_lambda_sidecar_complete': True, 'G17_rule_v6_replay_reproduces_in_cycle': True, 'G18_line_fields_every_cycle': True, 'G20_production_counters_in_per_cycle_record': True, 'G21_creep_captures_complete': True, 'G22_t_sum_in_cycle_equals_stride_and_terminal': True, 'G23_overlap_recorded': True, 'G24_exit_capture_equals_the_solve_records_and_esso_logs': True, 'G24b_clean_capture_equals_the_solve_records_and_esso_logs': True, 'G25_record_status_follows_the_settling_decision': True, 'G26_floor_sidecar_end_cycle': True}
12:18:52 [W155-RUN-h_unit_m175] settling v6: status certified k* 121 branch oscillatory band_width 2945.797381401062 Q_end 781152484.0382574 t_sum(end) 872.4710072022788 k0_run 101 cycles 121 floor_year 2035 terminal step / threshold 0.0008394662418887341 record status certified
12:18:52 [W155-RUN-h_unit_m175] scorer: cd /Users/micaelsimoes/Projects/share-resource-planning-no_esso-degradation && set -o noclobber && /Users/micaelsimoes/miniconda3/envs/opf_env_py311/bin/python -u p515_s53_w155_a64_campaign.py --summarize --after-cell h_unit_m175 > data/SRP1/Results/P515S53/w155_a64_cells/summarize_after_h_unit_m175_launch.log 2>&1
12:18:52 [W155] guards {'w155_checks': {'counts': {'permitted_solve': 0, 'permitted_exec': 0, 'blocked_solve': 0, 'blocked_exec': 0}, 'verify_0_failures': []}, 'w142_ext_checks': {'counts': {'permitted_solve': 0, 'permitted_exec': 0, 'blocked_solve': 0, 'blocked_exec': 0}, 'verify_0_failures': []}, 'w142_checks': {'counts': {'permitted_solve': 0, 'permitted_exec': 0, 'blocked_solve': 0, 'blocked_exec': 0}, 'verify_0_failures': []}, 'w139_checks': {'counts': {'permitted_solve': 0, 'permitted_exec': 0, 'blocked_solve': 0, 'blocked_exec': 0}, 'verify_0_failures': []}, 'w137_checks': {'counts': {'permitted_solve': 0, 'permitted_exec': 0, 'blocked_solve': 0, 'blocked_exec': 0}, 'verify_0_failures': []}, 'w132_checks': {'counts': {'permitted_solve': 0, 'permitted_exec': 0, 'blocked_solve': 0, 'blocked_exec': 0}, 'verify_0_failures': []}, 'w118_checks': {'counts': {'permitted_solve': 0, 'permitted_exec': 0, 'blocked_solve': 0, 'blocked_exec': 0}, 'verify_0_failures': []}, 'w105_checks_imported': {'counts': {'permitted_solve': 0, 'permitted_exec': 0, 'blocked_solve': 0, 'blocked_exec': 0}, 'verify_0_failures': []}, 'w101_checks_imported': {'counts': {'permitted_solve': 0, 'permitted_exec': 0, 'blocked_solve': 0, 'blocked_exec': 0}, 'verify_0_failures': []}, 'w98_checks_imported': {'counts': {'permitted_solve': 0, 'permitted_exec': 0, 'blocked_solve': 0, 'blocked_exec': 0}, 'verify_0_failures': []}, 'w112_imported': {'counts': {'permitted_solve': 0, 'permitted_exec': 0, 'blocked_solve': 0, 'blocked_exec': 0}, 'verify_0_failures': []}, 'w141_swing_variants': {'counts': {'permitted_solve': 0, 'permitted_exec': 0, 'blocked_solve': 0, 'blocked_exec': 0}, 'verify_0_failures': []}, 'w139_v5_from_records': {'counts': {'permitted_solve': 0, 'permitted_exec': 0, 'blocked_solve': 0, 'blocked_exec': 0}, 'verify_0_failures': []}, 'w131_imported': {'counts': {'permitted_solve': 0, 'permitted_exec': 0, 'blocked_solve': 0, 'blocked_exec': 0}, 'verify_0_failures': []}, 'w137_ra_imported': {'counts': {'permitted_solve': 0, 'permitted_exec': 0, 'blocked_solve': 0, 'blocked_exec': 0}, 'verify_0_failures': []}, 'w135_checks': {'counts': {'permitted_solve': 0, 'permitted_exec': 0, 'blocked_solve': 0, 'blocked_exec': 0}, 'verify_0_failures': []}, 's46_variant_checks_imported': {'counts': {'permitted_solve': 0, 'permitted_exec': 0, 'blocked_solve': 0, 'blocked_exec': 0}, 'verify_0_failures': []}, 'alpha_row_launcher': {'counts': {'permitted_solve': 0, 'permitted_exec': 0, 'blocked_solve': 0, 'blocked_exec': 0}, 'verify_0_failures': []}, 'w86_launcher': {'counts': {'permitted_solve': 0, 'permitted_exec': 0, 'blocked_solve': 0, 'blocked_exec': 0}, 'verify_0_failures': []}, 'w87': {'counts': {'permitted_solve': 0, 'permitted_exec': 0, 'blocked_solve': 0, 'blocked_exec': 0}, 'verify_0_failures': []}, 'w88': {'counts': {'permitted_solve': 0, 'permitted_exec': 0, 'blocked_solve': 0, 'blocked_exec': 0}, 'verify_0_failures': []}, 'w89_step1': {'counts': {'permitted_solve': 0, 'permitted_exec': 0, 'blocked_solve': 0, 'blocked_exec': 0}, 'verify_0_failures': []}, 'w89_3x3_launcher': {'counts': {'permitted_solve': 0, 'permitted_exec': 0, 'blocked_solve': 0, 'blocked_exec': 0}, 'verify_0_failures': []}, 'w90_3x3_parent': {'counts': {'permitted_solve': 0, 'permitted_exec': 0, 'blocked_solve': 0, 'blocked_exec': 0}, 'verify_0_failures': []}, 'w98_parent': {'counts': {'permitted_solve': 0, 'permitted_exec': 0, 'blocked_solve': 0, 'blocked_exec': 0}, 'verify_0_failures': []}, 'w101_parent': {'counts': {'permitted_solve': 0, 'permitted_exec': 0, 'blocked_solve': 0, 'blocked_exec': 0}, 'verify_0_failures': []}, 'w118_parent': {'counts': {'permitted_solve': 0, 'permitted_exec': 0, 'blocked_solve': 0, 'blocked_exec': 0}, 'verify_0_failures': []}, 'w132_parent': {'counts': {'permitted_solve': 0, 'permitted_exec': 0, 'blocked_solve': 0, 'blocked_exec': 0}, 'verify_0_failures': []}, 'w137_parent': {'counts': {'permitted_solve': 0, 'permitted_exec': 0, 'blocked_solve': 0, 'blocked_exec': 0}, 'verify_0_failures': []}, 'w139_parent': {'counts': {'permitted_solve': 0, 'permitted_exec': 0, 'blocked_solve': 0, 'blocked_exec': 0}, 'verify_0_failures': []}, 'w142_parent': {'counts': {'permitted_solve': 0, 'permitted_exec': 0, 'blocked_solve': 0, 'blocked_exec': 0}, 'verify_0_failures': []}, 's46_ageing_mechanism_imported': {'counts': {'permitted_solve': 0, 'permitted_exec': 0, 'blocked_solve': 0, 'blocked_exec': 0}, 'verify_0_failures': []}, 'w142_ext_parent': {'counts': {'permitted_solve': 0, 'permitted_exec': 0, 'blocked_solve': 0, 'blocked_exec': 0}, 'verify_0_failures': []}, 'w155_parent': {'counts': {'permitted_solve': 0, 'permitted_exec': 0, 'blocked_solve': 0, 'blocked_exec': 0}, 'verify_0_failures': []}} wall=3137s
