12:23:30 [W155-RUN-e_soh050] memory preflight: available 20.910751342773438 GiB required 3.50 GiB -> PASS
12:23:30 [W155-RUN-e_soh050] P5.15 Addendum 64, W155 -- four cells: the m = 1.75 flexibility-ladder pair (x = 0 and the node-7 unit, multiplier keyed) and the minimum-SoH row (the C2_calfade unit at minimum_soh 0.50, keyed in the declaration and applied through production's apply_to after the standard variant, the shared floor-row dict carried to 0.50; and its neutrality cell at 0.70, gated bitwise against 3f084f2f through 172); ungated first evaluations; the certifying regime held after the run's first residual pass (AA off, tight tail on, rho frozen); settling rule v6 until it certifies or the cap; W105 captures, t_sum, Q_cc, the IPOPT exit, final attempt tier and final metrics of every block, the SoH-floor sidecar, the terminal ageing trajectory; cell e_soh050 (#4) eval_key 3f01b9eaaab13c82bc9333e05b9e56cf9bf91b0c28c8aec28ced991d4ab35540; cap 300; lock {'pid': 8024, 'campaign_id': 's53_w155_a64_r2_e_soh050', 'campaign_spec_sha256': '28c9478dd079c0d35e6ff172c06770b05a0968e37078776c0441eae492e3d332', 'started_utc': '2026-10-05T12:23:30.708129+00:00'}
12:23:30 [S44-HARNESS] launched e_soh050 (key db77e1549af855bc) pid=8267
12:23:30 [S44-HARNESS] heartbeat e_soh050: 0s cycle=None
12:24:30 [S44-HARNESS] heartbeat e_soh050: 60s cycle=None
12:25:30 [S44-HARNESS] heartbeat e_soh050: 120s cycle=3
12:26:31 [S44-HARNESS] heartbeat e_soh050: 180s cycle=5
12:27:31 [S44-HARNESS] heartbeat e_soh050: 240s cycle=7
12:28:31 [S44-HARNESS] heartbeat e_soh050: 301s cycle=9
12:29:31 [S44-HARNESS] heartbeat e_soh050: 361s cycle=12
12:30:31 [S44-HARNESS] heartbeat e_soh050: 421s cycle=14
12:31:31 [S44-HARNESS] heartbeat e_soh050: 481s cycle=16
12:32:31 [S44-HARNESS] heartbeat e_soh050: 541s cycle=19
12:33:31 [S44-HARNESS] heartbeat e_soh050: 601s cycle=21
12:34:31 [S44-HARNESS] heartbeat e_soh050: 661s cycle=24
12:35:32 [S44-HARNESS] heartbeat e_soh050: 721s cycle=26
12:36:32 [S44-HARNESS] heartbeat e_soh050: 781s cycle=28
12:37:32 [S44-HARNESS] heartbeat e_soh050: 842s cycle=31
12:38:32 [S44-HARNESS] heartbeat e_soh050: 902s cycle=33
12:39:32 [S44-HARNESS] heartbeat e_soh050: 962s cycle=36
12:40:32 [S44-HARNESS] heartbeat e_soh050: 1022s cycle=38
12:41:32 [S44-HARNESS] heartbeat e_soh050: 1082s cycle=40
12:42:32 [S44-HARNESS] heartbeat e_soh050: 1142s cycle=43
12:43:32 [S44-HARNESS] heartbeat e_soh050: 1202s cycle=45
12:44:33 [S44-HARNESS] heartbeat e_soh050: 1262s cycle=48
12:45:33 [S44-HARNESS] heartbeat e_soh050: 1322s cycle=50
12:46:33 [S44-HARNESS] heartbeat e_soh050: 1383s cycle=53
12:47:33 [S44-HARNESS] heartbeat e_soh050: 1443s cycle=55
12:48:33 [S44-HARNESS] heartbeat e_soh050: 1503s cycle=57
12:49:33 [S44-HARNESS] heartbeat e_soh050: 1563s cycle=60
12:50:33 [S44-HARNESS] heartbeat e_soh050: 1623s cycle=62
12:51:33 [S44-HARNESS] heartbeat e_soh050: 1683s cycle=65
12:52:33 [S44-HARNESS] heartbeat e_soh050: 1743s cycle=67
12:53:34 [S44-HARNESS] heartbeat e_soh050: 1803s cycle=69
12:54:34 [S44-HARNESS] heartbeat e_soh050: 1863s cycle=72
12:55:34 [S44-HARNESS] heartbeat e_soh050: 1924s cycle=74
12:56:34 [S44-HARNESS] heartbeat e_soh050: 1984s cycle=76
12:57:34 [S44-HARNESS] heartbeat e_soh050: 2044s cycle=79
12:58:34 [S44-HARNESS] heartbeat e_soh050: 2104s cycle=81
12:59:34 [S44-HARNESS] heartbeat e_soh050: 2164s cycle=84
13:00:34 [S44-HARNESS] heartbeat e_soh050: 2224s cycle=86
13:01:34 [S44-HARNESS] heartbeat e_soh050: 2284s cycle=88
13:02:35 [S44-HARNESS] heartbeat e_soh050: 2344s cycle=91
13:03:35 [S44-HARNESS] heartbeat e_soh050: 2404s cycle=93
13:04:35 [S44-HARNESS] heartbeat e_soh050: 2465s cycle=96
13:05:35 [S44-HARNESS] heartbeat e_soh050: 2525s cycle=98
13:06:35 [S44-HARNESS] heartbeat e_soh050: 2585s cycle=100
13:07:35 [S44-HARNESS] heartbeat e_soh050: 2645s cycle=103
13:08:35 [S44-HARNESS] heartbeat e_soh050: 2705s cycle=105
13:09:35 [S44-HARNESS] heartbeat e_soh050: 2765s cycle=108
13:10:36 [S44-HARNESS] heartbeat e_soh050: 2825s cycle=110
13:11:36 [S44-HARNESS] heartbeat e_soh050: 2885s cycle=112
13:12:36 [S44-HARNESS] heartbeat e_soh050: 2946s cycle=115
13:13:36 [S44-HARNESS] heartbeat e_soh050: 3006s cycle=117
13:14:36 [S44-HARNESS] heartbeat e_soh050: 3066s cycle=120
13:15:36 [S44-HARNESS] heartbeat e_soh050: 3126s cycle=122
13:16:36 [S44-HARNESS] heartbeat e_soh050: 3186s cycle=124
13:17:36 [S44-HARNESS] heartbeat e_soh050: 3246s cycle=126
13:18:36 [S44-HARNESS] heartbeat e_soh050: 3306s cycle=129
13:19:37 [S44-HARNESS] heartbeat e_soh050: 3366s cycle=131
13:20:37 [S44-HARNESS] heartbeat e_soh050: 3426s cycle=133
13:21:37 [S44-HARNESS] heartbeat e_soh050: 3487s cycle=136
13:22:37 [S44-HARNESS] heartbeat e_soh050: 3547s cycle=138
13:23:37 [S44-HARNESS] heartbeat e_soh050: 3607s cycle=140
13:24:37 [S44-HARNESS] heartbeat e_soh050: 3667s cycle=143
13:25:37 [S44-HARNESS] heartbeat e_soh050: 3727s cycle=145
13:26:37 [S44-HARNESS] heartbeat e_soh050: 3787s cycle=147
13:27:37 [S44-HARNESS] heartbeat e_soh050: 3847s cycle=150
13:28:38 [S44-HARNESS] heartbeat e_soh050: 3907s cycle=152
13:29:38 [S44-HARNESS] heartbeat e_soh050: 3967s cycle=154
13:30:38 [S44-HARNESS] heartbeat e_soh050: 4028s cycle=157
13:31:38 [S44-HARNESS] heartbeat e_soh050: 4088s cycle=159
13:32:38 [S44-HARNESS] heartbeat e_soh050: 4148s cycle=161
13:33:38 [S44-HARNESS] heartbeat e_soh050: 4208s cycle=164
13:34:38 [S44-HARNESS] heartbeat e_soh050: 4268s cycle=166
13:35:38 [S44-HARNESS] heartbeat e_soh050: 4328s cycle=168
13:36:38 [S44-HARNESS] heartbeat e_soh050: 4388s cycle=171
13:37:39 [S44-HARNESS] heartbeat e_soh050: 4448s cycle=173
13:38:39 [S44-HARNESS] heartbeat e_soh050: 4508s cycle=175
13:39:39 [S44-HARNESS] heartbeat e_soh050: 4569s cycle=178
13:40:39 [S44-HARNESS] heartbeat e_soh050: 4629s cycle=180
13:41:39 [S44-HARNESS] heartbeat e_soh050: 4689s cycle=182
13:42:24 [S44-HARNESS] finished e_soh050 pid=8267 exit=0 status=certified wall=4734s
13:42:31 [W155-RUN-e_soh050] gates {'G1_harness_clean': True, 'G2_eval_key': True, 'G3_append_reconcile': True, 'G4_tail_state_check': True, 'G5_solve_profile_reconciled_per_event': True, 'G6_v37_optimal_and_four_metrics': True, 'G7_append_sealed': True, 'G8_persistence_on_production_certificate': True, 'G9s_soh_readback_at_the_declared_floor': True, 'G11_acceptance_cross_check': True, 'G13_holds_inert_through_first_pass_held_after': True, 'G14_all_block_capture': True, 'G15_stopping_consistent': True, 'G16_lambda_sidecar_complete': True, 'G17_rule_v6_replay_reproduces_in_cycle': True, 'G18_line_fields_every_cycle': True, 'G20_production_counters_in_per_cycle_record': True, 'G21_creep_captures_complete': True, 'G22_t_sum_in_cycle_equals_stride_and_terminal': True, 'G23_overlap_recorded': True, 'G24_exit_capture_equals_the_solve_records_and_esso_logs': True, 'G24b_clean_capture_equals_the_solve_records_and_esso_logs': True, 'G25_record_status_follows_the_settling_decision': True, 'G26_floor_sidecar_end_cycle': True, 'G27_ageing_trajectory_terminal': True, 'G29s_soh_sidecar_and_identity_by_equality': True, 'G30_e_soh050_diverges_from_3f084f2f_by_cycle_5': True}
13:42:31 [W155-RUN-e_soh050] settling v6: status certified k* 184 branch oscillatory band_width 4156.3976546525955 Q_end 653615245.8984361 t_sum(end) 777.4000770719273 k0_run 112 cycles 184 floor_year None terminal step / threshold 0.0013252254861732314 record status certified
13:42:31 [W155-RUN-e_soh050] scorer: cd /Users/micaelsimoes/Projects/share-resource-planning-no_esso-degradation && set -o noclobber && /Users/micaelsimoes/miniconda3/envs/opf_env_py311/bin/python -u p515_s53_w155_a64_campaign.py --summarize --after-cell e_soh050 > data/SRP1/Results/P515S53/w155_a64_cells/summarize_after_e_soh050_launch.log 2>&1
13:42:31 [W155] guards {'w155_checks': {'counts': {'permitted_solve': 0, 'permitted_exec': 0, 'blocked_solve': 0, 'blocked_exec': 0}, 'verify_0_failures': []}, 'w142_ext_checks': {'counts': {'permitted_solve': 0, 'permitted_exec': 0, 'blocked_solve': 0, 'blocked_exec': 0}, 'verify_0_failures': []}, 'w142_checks': {'counts': {'permitted_solve': 0, 'permitted_exec': 0, 'blocked_solve': 0, 'blocked_exec': 0}, 'verify_0_failures': []}, 'w139_checks': {'counts': {'permitted_solve': 0, 'permitted_exec': 0, 'blocked_solve': 0, 'blocked_exec': 0}, 'verify_0_failures': []}, 'w137_checks': {'counts': {'permitted_solve': 0, 'permitted_exec': 0, 'blocked_solve': 0, 'blocked_exec': 0}, 'verify_0_failures': []}, 'w132_checks': {'counts': {'permitted_solve': 0, 'permitted_exec': 0, 'blocked_solve': 0, 'blocked_exec': 0}, 'verify_0_failures': []}, 'w118_checks': {'counts': {'permitted_solve': 0, 'permitted_exec': 0, 'blocked_solve': 0, 'blocked_exec': 0}, 'verify_0_failures': []}, 'w105_checks_imported': {'counts': {'permitted_solve': 0, 'permitted_exec': 0, 'blocked_solve': 0, 'blocked_exec': 0}, 'verify_0_failures': []}, 'w101_checks_imported': {'counts': {'permitted_solve': 0, 'permitted_exec': 0, 'blocked_solve': 0, 'blocked_exec': 0}, 'verify_0_failures': []}, 'w98_checks_imported': {'counts': {'permitted_solve': 0, 'permitted_exec': 0, 'blocked_solve': 0, 'blocked_exec': 0}, 'verify_0_failures': []}, 'w112_imported': {'counts': {'permitted_solve': 0, 'permitted_exec': 0, 'blocked_solve': 0, 'blocked_exec': 0}, 'verify_0_failures': []}, 'w141_swing_variants': {'counts': {'permitted_solve': 0, 'permitted_exec': 0, 'blocked_solve': 0, 'blocked_exec': 0}, 'verify_0_failures': []}, 'w139_v5_from_records': {'counts': {'permitted_solve': 0, 'permitted_exec': 0, 'blocked_solve': 0, 'blocked_exec': 0}, 'verify_0_failures': []}, 'w131_imported': {'counts': {'permitted_solve': 0, 'permitted_exec': 0, 'blocked_solve': 0, 'blocked_exec': 0}, 'verify_0_failures': []}, 'w137_ra_imported': {'counts': {'permitted_solve': 0, 'permitted_exec': 0, 'blocked_solve': 0, 'blocked_exec': 0}, 'verify_0_failures': []}, 'w135_checks': {'counts': {'permitted_solve': 0, 'permitted_exec': 0, 'blocked_solve': 0, 'blocked_exec': 0}, 'verify_0_failures': []}, 's46_variant_checks_imported': {'counts': {'permitted_solve': 0, 'permitted_exec': 0, 'blocked_solve': 0, 'blocked_exec': 0}, 'verify_0_failures': []}, 'alpha_row_launcher': {'counts': {'permitted_solve': 0, 'permitted_exec': 0, 'blocked_solve': 0, 'blocked_exec': 0}, 'verify_0_failures': []}, 'w86_launcher': {'counts': {'permitted_solve': 0, 'permitted_exec': 0, 'blocked_solve': 0, 'blocked_exec': 0}, 'verify_0_failures': []}, 'w87': {'counts': {'permitted_solve': 0, 'permitted_exec': 0, 'blocked_solve': 0, 'blocked_exec': 0}, 'verify_0_failures': []}, 'w88': {'counts': {'permitted_solve': 0, 'permitted_exec': 0, 'blocked_solve': 0, 'blocked_exec': 0}, 'verify_0_failures': []}, 'w89_step1': {'counts': {'permitted_solve': 0, 'permitted_exec': 0, 'blocked_solve': 0, 'blocked_exec': 0}, 'verify_0_failures': []}, 'w89_3x3_launcher': {'counts': {'permitted_solve': 0, 'permitted_exec': 0, 'blocked_solve': 0, 'blocked_exec': 0}, 'verify_0_failures': []}, 'w90_3x3_parent': {'counts': {'permitted_solve': 0, 'permitted_exec': 0, 'blocked_solve': 0, 'blocked_exec': 0}, 'verify_0_failures': []}, 'w98_parent': {'counts': {'permitted_solve': 0, 'permitted_exec': 0, 'blocked_solve': 0, 'blocked_exec': 0}, 'verify_0_failures': []}, 'w101_parent': {'counts': {'permitted_solve': 0, 'permitted_exec': 0, 'blocked_solve': 0, 'blocked_exec': 0}, 'verify_0_failures': []}, 'w118_parent': {'counts': {'permitted_solve': 0, 'permitted_exec': 0, 'blocked_solve': 0, 'blocked_exec': 0}, 'verify_0_failures': []}, 'w132_parent': {'counts': {'permitted_solve': 0, 'permitted_exec': 0, 'blocked_solve': 0, 'blocked_exec': 0}, 'verify_0_failures': []}, 'w137_parent': {'counts': {'permitted_solve': 0, 'permitted_exec': 0, 'blocked_solve': 0, 'blocked_exec': 0}, 'verify_0_failures': []}, 'w139_parent': {'counts': {'permitted_solve': 0, 'permitted_exec': 0, 'blocked_solve': 0, 'blocked_exec': 0}, 'verify_0_failures': []}, 'w142_parent': {'counts': {'permitted_solve': 0, 'permitted_exec': 0, 'blocked_solve': 0, 'blocked_exec': 0}, 'verify_0_failures': []}, 's46_ageing_mechanism_imported': {'counts': {'permitted_solve': 0, 'permitted_exec': 0, 'blocked_solve': 0, 'blocked_exec': 0}, 'verify_0_failures': []}, 'w142_ext_parent': {'counts': {'permitted_solve': 0, 'permitted_exec': 0, 'blocked_solve': 0, 'blocked_exec': 0}, 'verify_0_failures': []}, 'w155_parent': {'counts': {'permitted_solve': 0, 'permitted_exec': 0, 'blocked_solve': 0, 'blocked_exec': 0}, 'verify_0_failures': []}} wall=4758s
