10:30:03 [W155-RUN-h_x0_m175] memory preflight: available 21.11590576171875 GiB required 3.50 GiB -> PASS
10:30:03 [W155-RUN-h_x0_m175] P5.15 Addendum 64, W155 -- four cells: the m = 1.75 flexibility-ladder pair (x = 0 and the node-7 unit, multiplier keyed) and the minimum-SoH row (the C2_calfade unit at minimum_soh 0.50, keyed in the declaration and applied through production's apply_to after the standard variant, the shared floor-row dict carried to 0.50; and its neutrality cell at 0.70, gated bitwise against 3f084f2f through 172); ungated first evaluations; the certifying regime held after the run's first residual pass (AA off, tight tail on, rho frozen); settling rule v6 until it certifies or the cap; W105 captures, t_sum, Q_cc, the IPOPT exit, final attempt tier and final metrics of every block, the SoH-floor sidecar, the terminal ageing trajectory; cell h_x0_m175 (#2) eval_key b9f9be3528a64a93e597740902d38217ce9da8c9c0ab724f679a23e30bbfb83c; cap 300; lock {'pid': 91921, 'campaign_id': 's53_w155_a64_r2_h_x0_m175', 'campaign_spec_sha256': 'c4852b1b6787c91b589d9d35ce032c5bc1da89f5266f5ea1b176e600a5c3222b', 'started_utc': '2026-10-05T10:30:03.104128+00:00'}
10:30:03 [S44-HARNESS] launched h_x0_m175 (key 8435c71859ddde68) pid=92165
10:30:03 [S44-HARNESS] heartbeat h_x0_m175: 0s cycle=None
10:31:03 [S44-HARNESS] heartbeat h_x0_m175: 60s cycle=None
10:32:03 [S44-HARNESS] heartbeat h_x0_m175: 120s cycle=3
10:33:03 [S44-HARNESS] heartbeat h_x0_m175: 180s cycle=5
10:34:03 [S44-HARNESS] heartbeat h_x0_m175: 240s cycle=8
10:35:03 [S44-HARNESS] heartbeat h_x0_m175: 301s cycle=11
10:36:03 [S44-HARNESS] heartbeat h_x0_m175: 361s cycle=13
10:37:03 [S44-HARNESS] heartbeat h_x0_m175: 421s cycle=16
10:38:04 [S44-HARNESS] heartbeat h_x0_m175: 481s cycle=19
10:39:04 [S44-HARNESS] heartbeat h_x0_m175: 541s cycle=21
10:40:04 [S44-HARNESS] heartbeat h_x0_m175: 601s cycle=24
10:41:04 [S44-HARNESS] heartbeat h_x0_m175: 661s cycle=27
10:42:04 [S44-HARNESS] heartbeat h_x0_m175: 721s cycle=29
10:43:04 [S44-HARNESS] heartbeat h_x0_m175: 782s cycle=32
10:44:04 [S44-HARNESS] heartbeat h_x0_m175: 842s cycle=35
10:45:04 [S44-HARNESS] heartbeat h_x0_m175: 902s cycle=38
10:46:04 [S44-HARNESS] heartbeat h_x0_m175: 962s cycle=40
10:47:05 [S44-HARNESS] heartbeat h_x0_m175: 1022s cycle=43
10:48:05 [S44-HARNESS] heartbeat h_x0_m175: 1082s cycle=46
10:49:05 [S44-HARNESS] heartbeat h_x0_m175: 1142s cycle=48
10:50:05 [S44-HARNESS] heartbeat h_x0_m175: 1202s cycle=51
10:51:05 [S44-HARNESS] heartbeat h_x0_m175: 1262s cycle=54
10:52:05 [S44-HARNESS] heartbeat h_x0_m175: 1323s cycle=56
10:53:05 [S44-HARNESS] heartbeat h_x0_m175: 1383s cycle=59
10:54:05 [S44-HARNESS] heartbeat h_x0_m175: 1443s cycle=62
10:55:05 [S44-HARNESS] heartbeat h_x0_m175: 1503s cycle=64
10:56:06 [S44-HARNESS] heartbeat h_x0_m175: 1563s cycle=67
10:57:06 [S44-HARNESS] heartbeat h_x0_m175: 1623s cycle=69
10:58:06 [S44-HARNESS] heartbeat h_x0_m175: 1683s cycle=72
10:59:06 [S44-HARNESS] heartbeat h_x0_m175: 1743s cycle=75
11:00:06 [S44-HARNESS] heartbeat h_x0_m175: 1803s cycle=77
11:01:06 [S44-HARNESS] heartbeat h_x0_m175: 1864s cycle=80
11:02:06 [S44-HARNESS] heartbeat h_x0_m175: 1924s cycle=83
11:03:06 [S44-HARNESS] heartbeat h_x0_m175: 1984s cycle=85
11:04:07 [S44-HARNESS] heartbeat h_x0_m175: 2044s cycle=88
11:05:07 [S44-HARNESS] heartbeat h_x0_m175: 2104s cycle=91
11:06:07 [S44-HARNESS] heartbeat h_x0_m175: 2164s cycle=93
11:07:07 [S44-HARNESS] heartbeat h_x0_m175: 2224s cycle=96
11:08:07 [S44-HARNESS] heartbeat h_x0_m175: 2284s cycle=99
11:09:07 [S44-HARNESS] heartbeat h_x0_m175: 2344s cycle=101
11:10:07 [S44-HARNESS] heartbeat h_x0_m175: 2405s cycle=104
11:11:07 [S44-HARNESS] heartbeat h_x0_m175: 2465s cycle=107
11:12:07 [S44-HARNESS] heartbeat h_x0_m175: 2525s cycle=109
11:13:08 [S44-HARNESS] heartbeat h_x0_m175: 2585s cycle=112
11:14:08 [S44-HARNESS] heartbeat h_x0_m175: 2645s cycle=114
11:15:08 [S44-HARNESS] heartbeat h_x0_m175: 2705s cycle=117
11:16:08 [S44-HARNESS] heartbeat h_x0_m175: 2765s cycle=119
11:17:08 [S44-HARNESS] heartbeat h_x0_m175: 2825s cycle=122
11:18:08 [S44-HARNESS] heartbeat h_x0_m175: 2885s cycle=124
11:19:08 [S44-HARNESS] heartbeat h_x0_m175: 2946s cycle=127
11:20:08 [S44-HARNESS] heartbeat h_x0_m175: 3006s cycle=130
11:21:08 [S44-HARNESS] heartbeat h_x0_m175: 3066s cycle=132
11:22:08 [S44-HARNESS] heartbeat h_x0_m175: 3126s cycle=135
11:23:09 [S44-HARNESS] heartbeat h_x0_m175: 3186s cycle=137
11:23:59 [S44-HARNESS] finished h_x0_m175 pid=92165 exit=0 status=certified wall=3236s
11:24:04 [W155-RUN-h_x0_m175] gates {'G1_harness_clean': True, 'G2_eval_key': True, 'G3_append_reconcile': True, 'G4_tail_state_check': True, 'G5_solve_profile_reconciled_per_event': True, 'G6_v37_optimal_and_four_metrics': True, 'G7_append_sealed': True, 'G8_persistence_on_production_certificate': True, 'G9_ess_ageing_readback': True, 'G10_flex_price_readback': True, 'G11_acceptance_cross_check': True, 'G13_holds_inert_through_first_pass_held_after': True, 'G14_all_block_capture': True, 'G15_stopping_consistent': True, 'G16_lambda_sidecar_complete': True, 'G17_rule_v6_replay_reproduces_in_cycle': True, 'G18_line_fields_every_cycle': True, 'G20_production_counters_in_per_cycle_record': True, 'G21_creep_captures_complete': True, 'G22_t_sum_in_cycle_equals_stride_and_terminal': True, 'G23_overlap_recorded': True, 'G24_exit_capture_equals_the_solve_records_and_esso_logs': True, 'G24b_clean_capture_equals_the_solve_records_and_esso_logs': True, 'G25_record_status_follows_the_settling_decision': True, 'G26_floor_sidecar_end_cycle': True}
11:24:04 [W155-RUN-h_x0_m175] settling v6: status certified k* 139 branch oscillatory band_width 3591.7997792959213 Q_end 781484690.2081994 t_sum(end) -498.37177021905467 k0_run 108 cycles 139 floor_year None terminal step / threshold 0.0010823271237951839 record status certified
11:24:04 [W155] guards {'w155_checks': {'counts': {'permitted_solve': 0, 'permitted_exec': 0, 'blocked_solve': 0, 'blocked_exec': 0}, 'verify_0_failures': []}, 'w142_ext_checks': {'counts': {'permitted_solve': 0, 'permitted_exec': 0, 'blocked_solve': 0, 'blocked_exec': 0}, 'verify_0_failures': []}, 'w142_checks': {'counts': {'permitted_solve': 0, 'permitted_exec': 0, 'blocked_solve': 0, 'blocked_exec': 0}, 'verify_0_failures': []}, 'w139_checks': {'counts': {'permitted_solve': 0, 'permitted_exec': 0, 'blocked_solve': 0, 'blocked_exec': 0}, 'verify_0_failures': []}, 'w137_checks': {'counts': {'permitted_solve': 0, 'permitted_exec': 0, 'blocked_solve': 0, 'blocked_exec': 0}, 'verify_0_failures': []}, 'w132_checks': {'counts': {'permitted_solve': 0, 'permitted_exec': 0, 'blocked_solve': 0, 'blocked_exec': 0}, 'verify_0_failures': []}, 'w118_checks': {'counts': {'permitted_solve': 0, 'permitted_exec': 0, 'blocked_solve': 0, 'blocked_exec': 0}, 'verify_0_failures': []}, 'w105_checks_imported': {'counts': {'permitted_solve': 0, 'permitted_exec': 0, 'blocked_solve': 0, 'blocked_exec': 0}, 'verify_0_failures': []}, 'w101_checks_imported': {'counts': {'permitted_solve': 0, 'permitted_exec': 0, 'blocked_solve': 0, 'blocked_exec': 0}, 'verify_0_failures': []}, 'w98_checks_imported': {'counts': {'permitted_solve': 0, 'permitted_exec': 0, 'blocked_solve': 0, 'blocked_exec': 0}, 'verify_0_failures': []}, 'w112_imported': {'counts': {'permitted_solve': 0, 'permitted_exec': 0, 'blocked_solve': 0, 'blocked_exec': 0}, 'verify_0_failures': []}, 'w141_swing_variants': {'counts': {'permitted_solve': 0, 'permitted_exec': 0, 'blocked_solve': 0, 'blocked_exec': 0}, 'verify_0_failures': []}, 'w139_v5_from_records': {'counts': {'permitted_solve': 0, 'permitted_exec': 0, 'blocked_solve': 0, 'blocked_exec': 0}, 'verify_0_failures': []}, 'w131_imported': {'counts': {'permitted_solve': 0, 'permitted_exec': 0, 'blocked_solve': 0, 'blocked_exec': 0}, 'verify_0_failures': []}, 'w137_ra_imported': {'counts': {'permitted_solve': 0, 'permitted_exec': 0, 'blocked_solve': 0, 'blocked_exec': 0}, 'verify_0_failures': []}, 'w135_checks': {'counts': {'permitted_solve': 0, 'permitted_exec': 0, 'blocked_solve': 0, 'blocked_exec': 0}, 'verify_0_failures': []}, 's46_variant_checks_imported': {'counts': {'permitted_solve': 0, 'permitted_exec': 0, 'blocked_solve': 0, 'blocked_exec': 0}, 'verify_0_failures': []}, 'alpha_row_launcher': {'counts': {'permitted_solve': 0, 'permitted_exec': 0, 'blocked_solve': 0, 'blocked_exec': 0}, 'verify_0_failures': []}, 'w86_launcher': {'counts': {'permitted_solve': 0, 'permitted_exec': 0, 'blocked_solve': 0, 'blocked_exec': 0}, 'verify_0_failures': []}, 'w87': {'counts': {'permitted_solve': 0, 'permitted_exec': 0, 'blocked_solve': 0, 'blocked_exec': 0}, 'verify_0_failures': []}, 'w88': {'counts': {'permitted_solve': 0, 'permitted_exec': 0, 'blocked_solve': 0, 'blocked_exec': 0}, 'verify_0_failures': []}, 'w89_step1': {'counts': {'permitted_solve': 0, 'permitted_exec': 0, 'blocked_solve': 0, 'blocked_exec': 0}, 'verify_0_failures': []}, 'w89_3x3_launcher': {'counts': {'permitted_solve': 0, 'permitted_exec': 0, 'blocked_solve': 0, 'blocked_exec': 0}, 'verify_0_failures': []}, 'w90_3x3_parent': {'counts': {'permitted_solve': 0, 'permitted_exec': 0, 'blocked_solve': 0, 'blocked_exec': 0}, 'verify_0_failures': []}, 'w98_parent': {'counts': {'permitted_solve': 0, 'permitted_exec': 0, 'blocked_solve': 0, 'blocked_exec': 0}, 'verify_0_failures': []}, 'w101_parent': {'counts': {'permitted_solve': 0, 'permitted_exec': 0, 'blocked_solve': 0, 'blocked_exec': 0}, 'verify_0_failures': []}, 'w118_parent': {'counts': {'permitted_solve': 0, 'permitted_exec': 0, 'blocked_solve': 0, 'blocked_exec': 0}, 'verify_0_failures': []}, 'w132_parent': {'counts': {'permitted_solve': 0, 'permitted_exec': 0, 'blocked_solve': 0, 'blocked_exec': 0}, 'verify_0_failures': []}, 'w137_parent': {'counts': {'permitted_solve': 0, 'permitted_exec': 0, 'blocked_solve': 0, 'blocked_exec': 0}, 'verify_0_failures': []}, 'w139_parent': {'counts': {'permitted_solve': 0, 'permitted_exec': 0, 'blocked_solve': 0, 'blocked_exec': 0}, 'verify_0_failures': []}, 'w142_parent': {'counts': {'permitted_solve': 0, 'permitted_exec': 0, 'blocked_solve': 0, 'blocked_exec': 0}, 'verify_0_failures': []}, 's46_ageing_mechanism_imported': {'counts': {'permitted_solve': 0, 'permitted_exec': 0, 'blocked_solve': 0, 'blocked_exec': 0}, 'verify_0_failures': []}, 'w142_ext_parent': {'counts': {'permitted_solve': 0, 'permitted_exec': 0, 'blocked_solve': 0, 'blocked_exec': 0}, 'verify_0_failures': []}, 'w155_parent': {'counts': {'permitted_solve': 0, 'permitted_exec': 0, 'blocked_solve': 0, 'blocked_exec': 0}, 'verify_0_failures': []}} wall=3258s
