20:50:00 [W90-BPROBE-srp1_off] start (launcher, harness and production modules imported): rss 0.212 GiB, footprint 0.173 GiB, ru_maxrss 0.212 GiB
[INFO] Scenario random seed: 2026
[INFO] Reading MARKET DATA from file(s)...
[INFO] 	 - Generating market scenarios...
[INFO] 	 - Plotting market scenarios...
[INFO] Reading DISTRIBUTION NETWORK DATA from file(s)...
[INFO]	 - Generating load stochastic scenarios...
[INFO]	 - Generating RES generation stochastic scenarios...
[INFO]	 - Generating flexibility stochastic scenarios...
[INFO]	 - Plotting flexibility profiles...
[INFO]	 - Plotting load scenarios...
[INFO]	 - Plotting RES generation scenarios...
[INFO] Reading DISTRIBUTION NETWORK DATA from file(s)...
[INFO]	 - Generating load stochastic scenarios...
[INFO]	 - Generating RES generation stochastic scenarios...
[INFO]	 - Generating flexibility stochastic scenarios...
[INFO]	 - Plotting flexibility profiles...
[INFO]	 - Plotting load scenarios...
[INFO]	 - Plotting RES generation scenarios...
[INFO] Reading DISTRIBUTION NETWORK DATA from file(s)...
[INFO]	 - Generating load stochastic scenarios...
[INFO]	 - Generating RES generation stochastic scenarios...
[INFO]	 - Generating flexibility stochastic scenarios...
[INFO]	 - Plotting flexibility profiles...
[INFO]	 - Plotting load scenarios...
[INFO]	 - Plotting RES generation scenarios...
[INFO] Reading TRANSMISSION NETWORK DATA from file(s)...
[INFO]	 - Generating load stochastic scenarios...
[INFO]	 - Generating RES generation stochastic scenarios...
[INFO]	 - Generating flexibility stochastic scenarios...
[INFO]	 - Plotting flexibility profiles...
[INFO]	 - Plotting load scenarios...
[INFO]	 - Plotting RES generation scenarios...
[INFO] Scenario checksum: 5a02b77ccbbbbbb869de92958a3851d095624711abc2dbfc0157466064410358
[INFO] Reading SHARED ESS DATA from file(s)...
[INFO] Reading PLANNING PARAMETERS from file...
20:50:12 [W90-BPROBE-srp1_off] planning read (production reader): rss 0.428 GiB, footprint 0.252 GiB, ru_maxrss 0.428 GiB
[INFO] 		 - Distribution Network node 5...
[INFO] 		 - Distribution Network node 7...
[INFO] 		 - Distribution Network node 9...
[INFO] 		 - Transmission Network...
20:50:18 [W90-BPROBE-srp1_off] ADMM models built (the W89 probe build; network blocks + 3 ESSO): rss 0.883 GiB, footprint 0.700 GiB, ru_maxrss 0.883 GiB
20:50:18 [W90-BPROBE-srp1_off] block 1/48 TSO case9 2025 Spring: n 2450 m 2848 zL 1778 zU 1532 released False rss 0.888 GiB footprint 0.706 GiB (0.049 s)
20:50:19 [W90-BPROBE-srp1_off] block 11/48 TSO case9 2035 Autumn: n 2450 m 2812 zL 1778 zU 1508 released False rss 0.922 GiB footprint 0.739 GiB (0.045 s)
20:50:20 [W90-BPROBE-srp1_off] block 21/48 DSO case33_1 2035 Spring: n 9112 m 7511 zL 7432 zU 7282 released False rss 1.020 GiB footprint 0.830 GiB (0.149 s)
20:50:22 [W90-BPROBE-srp1_off] block 31/48 DSO case33_2 2030 Autumn: n 9330 m 7779 zL 7554 zU 7334 released False rss 1.129 GiB footprint 0.932 GiB (0.15 s)
20:50:24 [W90-BPROBE-srp1_off] block 41/48 DSO case33_3 2030 Spring: n 9112 m 7511 zL 7432 zU 7282 released False rss 1.245 GiB footprint 1.041 GiB (0.148 s)
20:50:25 [W90-BPROBE-srp1_off] block 48/48 DSO case33_3 2035 Winter: n 9112 m 7475 zL 7432 zU 7258 released False rss 1.322 GiB footprint 1.115 GiB (0.148 s)
20:50:25 [W90-BPROBE-srp1_off] all 48 network blocks loaded (bookkeeping KEPT): rss 1.322 GiB, footprint 1.115 GiB, ru_maxrss 1.323 GiB
20:50:26 [W90-BPROBE-srp1_off] after gc.collect(): rss 1.322 GiB, footprint 1.115 GiB, ru_maxrss 1.323 GiB
20:50:29 [W90-BPROBE-srp1_off] after the W32 attribution walk (reported only): rss 1.361 GiB, footprint 1.120 GiB, ru_maxrss 1.361 GiB
20:50:29 [W90-BPROBE-srp1_off] 48 blocks; sum n 360048 m 307284; growth over built: rss 0.439 GiB footprint 0.416 GiB (after gc 0.439 / 0.416)
20:50:29 [W90-BPROBE-srp1_off] W32 walk: freeable container bytes 0.226 GiB over 687156 entries
20:50:29 [W90-BPROBE-srp1_off] real-pair validation: {'n_m_equal': True, 'variable_entries_equal': True, 'constraint_entries_equal': True, 'dual_entries_equal': True, 'zl_plus_zu_equal': True, 'entry_containers_bytes_equal': True, 'n_objects_equal': True, 'whole_container_differs_only_by_message_strings': True} all=True
20:50:29 [W90-BPROBE-srp1_off] setter check: true took_effect True, false took_effect True
20:50:29 [W90-BPROBE-srp1_off] wrote data/SRP1/Results/P515S53/w90_3x3/memory_probe_b/b_probe_srp1_off.json sha256 22c57f26b77d0407beb7a5773c0cbf08d311391df34922daf2f1d57371d05604
20:50:29 [W90] guards {'alpha_row_launcher': {'counts': {'permitted_solve': 0, 'permitted_exec': 0, 'blocked_solve': 0, 'blocked_exec': 0}, 'verify_0_failures': []}, 'w86_launcher': {'counts': {'permitted_solve': 0, 'permitted_exec': 0, 'blocked_solve': 0, 'blocked_exec': 0}, 'verify_0_failures': []}, 'w87': {'counts': {'permitted_solve': 0, 'permitted_exec': 0, 'blocked_solve': 0, 'blocked_exec': 0}, 'verify_0_failures': []}, 'w88': {'counts': {'permitted_solve': 0, 'permitted_exec': 0, 'blocked_solve': 0, 'blocked_exec': 0}, 'verify_0_failures': []}, 'w89_step1': {'counts': {'permitted_solve': 0, 'permitted_exec': 0, 'blocked_solve': 0, 'blocked_exec': 0}, 'verify_0_failures': []}, 'w89_3x3_launcher': {'counts': {'permitted_solve': 0, 'permitted_exec': 0, 'blocked_solve': 0, 'blocked_exec': 0}, 'verify_0_failures': []}, 'w90_3x3_parent': {'counts': {'permitted_solve': 0, 'permitted_exec': 0, 'blocked_solve': 0, 'blocked_exec': 0}, 'verify_0_failures': []}} wall=30.4s
