20:50:41 [W90-BPROBE-s53_3x3_off] start (launcher, harness and production modules imported): rss 0.210 GiB, footprint 0.171 GiB, ru_maxrss 0.210 GiB
[INFO] Scenario random seed: 2026
[INFO] Reading MARKET DATA from file(s)...
[INFO] 	 - Generating market scenarios...
[INFO] 	 - Plotting market scenarios...
[INFO] Reading DISTRIBUTION NETWORK DATA from file(s)...
[INFO]	 - Generating load stochastic scenarios...
[INFO]	 - Generating RES generation stochastic scenarios...
[INFO]	 - Generating flexibility stochastic scenarios...
[INFO]	 - Plotting flexibility profiles...
[INFO]	 - Plotting load scenarios...
[INFO]	 - Plotting RES generation scenarios...
[INFO] Reading DISTRIBUTION NETWORK DATA from file(s)...
[INFO]	 - Generating load stochastic scenarios...
[INFO]	 - Generating RES generation stochastic scenarios...
[INFO]	 - Generating flexibility stochastic scenarios...
[INFO]	 - Plotting flexibility profiles...
[INFO]	 - Plotting load scenarios...
[INFO]	 - Plotting RES generation scenarios...
[INFO] Reading DISTRIBUTION NETWORK DATA from file(s)...
[INFO]	 - Generating load stochastic scenarios...
[INFO]	 - Generating RES generation stochastic scenarios...
[INFO]	 - Generating flexibility stochastic scenarios...
[INFO]	 - Plotting flexibility profiles...
[INFO]	 - Plotting load scenarios...
[INFO]	 - Plotting RES generation scenarios...
[INFO] Reading TRANSMISSION NETWORK DATA from file(s)...
[INFO]	 - Generating load stochastic scenarios...
[INFO]	 - Generating RES generation stochastic scenarios...
[INFO]	 - Generating flexibility stochastic scenarios...
[INFO]	 - Plotting flexibility profiles...
[INFO]	 - Plotting load scenarios...
[INFO]	 - Plotting RES generation scenarios...
[INFO] Scenario checksum: 0248a5c8710bdbdf047523ca036bd2f4639546aebf18fd08391a64b340a3b193
[INFO] Reading SHARED ESS DATA from file(s)...
[INFO] Reading PLANNING PARAMETERS from file...
20:50:53 [W90-BPROBE-s53_3x3_off] planning read (production reader): rss 0.432 GiB, footprint 0.282 GiB, ru_maxrss 0.432 GiB
[INFO] 		 - Distribution Network node 5...
[INFO] 		 - Distribution Network node 7...
[INFO] 		 - Distribution Network node 9...
[INFO] 		 - Transmission Network...
20:52:10 [W90-BPROBE-s53_3x3_off] ADMM models built (the W89 probe build; network blocks + 3 ESSO): rss 6.929 GiB, footprint 6.768 GiB, ru_maxrss 6.929 GiB
20:52:11 [W90-BPROBE-s53_3x3_off] block 1/80 TSO case9 2025 Spring: n 17426 m 21784 zL 13298 zU 12236 released False rss 6.973 GiB footprint 6.808 GiB (0.391 s)
20:52:22 [W90-BPROBE-s53_3x3_off] block 11/80 TSO case9 2031 Autumn: n 17426 m 21460 zL 13298 zU 12020 released False rss 7.269 GiB footprint 7.085 GiB (0.386 s)
20:52:27 [W90-BPROBE-s53_3x3_off] block 21/80 DSO case33_1 2025 Spring: n 82296 m 67455 zL 67560 zU 65538 released False rss 7.681 GiB footprint 7.434 GiB (1.463 s)
20:52:42 [W90-BPROBE-s53_3x3_off] block 31/80 DSO case33_1 2031 Autumn: n 82296 m 67131 zL 67560 zU 65322 released False rss 8.476 GiB footprint 8.327 GiB (1.445 s)
20:52:57 [W90-BPROBE-s53_3x3_off] block 41/80 DSO case33_2 2025 Spring: n 82514 m 67963 zL 67682 zU 65750 released False rss 7.864 GiB footprint 9.255 GiB (1.47 s)
20:53:12 [W90-BPROBE-s53_3x3_off] block 51/80 DSO case33_2 2031 Autumn: n 82514 m 67747 zL 67682 zU 65606 released False rss 7.953 GiB footprint 10.172 GiB (1.481 s)
20:53:27 [W90-BPROBE-s53_3x3_off] block 61/80 DSO case33_3 2025 Spring: n 82296 m 67455 zL 67560 zU 65538 released False rss 8.100 GiB footprint 11.198 GiB (1.527 s)
20:53:51 [W90-BPROBE-s53_3x3_off] block 71/80 DSO case33_3 2031 Autumn: n 82296 m 67131 zL 67560 zU 65322 released False rss 11.636 GiB footprint 12.417 GiB (1.475 s)
20:54:05 [W90-BPROBE-s53_3x3_off] block 80/80 DSO case33_3 2037 Winter: n 82296 m 67131 zL 67560 zU 65322 released False rss 9.970 GiB footprint 13.280 GiB (1.558 s)
20:54:05 [W90-BPROBE-s53_3x3_off] all 80 network blocks loaded (bookkeeping KEPT): rss 9.970 GiB, footprint 13.280 GiB, ru_maxrss 11.850 GiB
20:54:16 [W90-BPROBE-s53_3x3_off] after gc.collect(): rss 11.459 GiB, footprint 13.298 GiB, ru_maxrss 11.850 GiB
20:55:17 [W90-BPROBE-s53_3x3_off] after the W32 attribution walk (reported only): rss 10.853 GiB, footprint 13.334 GiB, ru_maxrss 11.850 GiB
20:55:17 [W90-BPROBE-s53_3x3_off] 80 blocks; sum n 5290640 m 4481233; growth over built: rss 3.041 GiB footprint 6.512 GiB (after gc 4.530 / 6.530)
20:55:17 [W90-BPROBE-s53_3x3_off] W32 walk: freeable container bytes 3.307 GiB over 10061553 entries
20:55:17 [W90-BPROBE-s53_3x3_off] wrote data/SRP1/Results/P515S53/w90_3x3/memory_probe_b/b_probe_s53_3x3_off.json sha256 ebd9aa53b3ed00c08be125ce81ca56d33cf8fcff4336ea8d3824ad822716c79c
20:55:17 [W90] guards {'alpha_row_launcher': {'counts': {'permitted_solve': 0, 'permitted_exec': 0, 'blocked_solve': 0, 'blocked_exec': 0}, 'verify_0_failures': []}, 'w86_launcher': {'counts': {'permitted_solve': 0, 'permitted_exec': 0, 'blocked_solve': 0, 'blocked_exec': 0}, 'verify_0_failures': []}, 'w87': {'counts': {'permitted_solve': 0, 'permitted_exec': 0, 'blocked_solve': 0, 'blocked_exec': 0}, 'verify_0_failures': []}, 'w88': {'counts': {'permitted_solve': 0, 'permitted_exec': 0, 'blocked_solve': 0, 'blocked_exec': 0}, 'verify_0_failures': []}, 'w89_step1': {'counts': {'permitted_solve': 0, 'permitted_exec': 0, 'blocked_solve': 0, 'blocked_exec': 0}, 'verify_0_failures': []}, 'w89_3x3_launcher': {'counts': {'permitted_solve': 0, 'permitted_exec': 0, 'blocked_solve': 0, 'blocked_exec': 0}, 'verify_0_failures': []}, 'w90_3x3_parent': {'counts': {'permitted_solve': 0, 'permitted_exec': 0, 'blocked_solve': 0, 'blocked_exec': 0}, 'verify_0_failures': []}} wall=277.4s
