20:55:51 [W90-BPROBE-s53_3x3_on] start (launcher, harness and production modules imported): rss 0.208 GiB, footprint 0.169 GiB, ru_maxrss 0.208 GiB
[INFO] Scenario random seed: 2026
[INFO] Reading MARKET DATA from file(s)...
[INFO] 	 - Generating market scenarios...
[INFO] 	 - Plotting market scenarios...
[INFO] Reading DISTRIBUTION NETWORK DATA from file(s)...
[INFO]	 - Generating load stochastic scenarios...
[INFO]	 - Generating RES generation stochastic scenarios...
[INFO]	 - Generating flexibility stochastic scenarios...
[INFO]	 - Plotting flexibility profiles...
[INFO]	 - Plotting load scenarios...
[INFO]	 - Plotting RES generation scenarios...
[INFO] Reading DISTRIBUTION NETWORK DATA from file(s)...
[INFO]	 - Generating load stochastic scenarios...
[INFO]	 - Generating RES generation stochastic scenarios...
[INFO]	 - Generating flexibility stochastic scenarios...
[INFO]	 - Plotting flexibility profiles...
[INFO]	 - Plotting load scenarios...
[INFO]	 - Plotting RES generation scenarios...
[INFO] Reading DISTRIBUTION NETWORK DATA from file(s)...
[INFO]	 - Generating load stochastic scenarios...
[INFO]	 - Generating RES generation stochastic scenarios...
[INFO]	 - Generating flexibility stochastic scenarios...
[INFO]	 - Plotting flexibility profiles...
[INFO]	 - Plotting load scenarios...
[INFO]	 - Plotting RES generation scenarios...
[INFO] Reading TRANSMISSION NETWORK DATA from file(s)...
[INFO]	 - Generating load stochastic scenarios...
[INFO]	 - Generating RES generation stochastic scenarios...
[INFO]	 - Generating flexibility stochastic scenarios...
[INFO]	 - Plotting flexibility profiles...
[INFO]	 - Plotting load scenarios...
[INFO]	 - Plotting RES generation scenarios...
[INFO] Scenario checksum: 0248a5c8710bdbdf047523ca036bd2f4639546aebf18fd08391a64b340a3b193
[INFO] Reading SHARED ESS DATA from file(s)...
[INFO] Reading PLANNING PARAMETERS from file...
20:56:04 [W90-BPROBE-s53_3x3_on] planning read (production reader): rss 0.424 GiB, footprint 0.267 GiB, ru_maxrss 0.424 GiB
[INFO] 		 - Distribution Network node 5...
[INFO] 		 - Distribution Network node 7...
[INFO] 		 - Distribution Network node 9...
[INFO] 		 - Transmission Network...
20:57:20 [W90-BPROBE-s53_3x3_on] ADMM models built (the W89 probe build; network blocks + 3 ESSO): rss 6.928 GiB, footprint 6.775 GiB, ru_maxrss 6.928 GiB
20:57:20 [W90-BPROBE-s53_3x3_on] block 1/80 TSO case9 2025 Spring: n 17426 m 21784 zL 13298 zU 12236 released True rss 6.977 GiB footprint 6.824 GiB (0.388 s)
20:57:32 [W90-BPROBE-s53_3x3_on] block 11/80 TSO case9 2031 Autumn: n 17426 m 21460 zL 13298 zU 12020 released True rss 7.103 GiB footprint 6.936 GiB (0.376 s)
20:57:37 [W90-BPROBE-s53_3x3_on] block 21/80 DSO case33_1 2025 Spring: n 82296 m 67455 zL 67560 zU 65538 released True rss 7.262 GiB footprint 7.039 GiB (1.438 s)
20:57:51 [W90-BPROBE-s53_3x3_on] block 31/80 DSO case33_1 2031 Autumn: n 82296 m 67131 zL 67560 zU 65322 released True rss 7.848 GiB footprint 7.353 GiB (1.444 s)
20:58:06 [W90-BPROBE-s53_3x3_on] block 41/80 DSO case33_2 2025 Spring: n 82514 m 67963 zL 67682 zU 65750 released True rss 7.918 GiB footprint 7.724 GiB (1.461 s)
20:58:21 [W90-BPROBE-s53_3x3_on] block 51/80 DSO case33_2 2031 Autumn: n 82514 m 67747 zL 67682 zU 65606 released True rss 7.726 GiB footprint 8.288 GiB (1.467 s)
20:58:35 [W90-BPROBE-s53_3x3_on] block 61/80 DSO case33_3 2025 Spring: n 82296 m 67455 zL 67560 zU 65538 released True rss 7.415 GiB footprint 8.619 GiB (1.465 s)
20:59:00 [W90-BPROBE-s53_3x3_on] block 71/80 DSO case33_3 2031 Autumn: n 82296 m 67131 zL 67560 zU 65322 released True rss 9.061 GiB footprint 8.980 GiB (1.46 s)
20:59:13 [W90-BPROBE-s53_3x3_on] block 80/80 DSO case33_3 2037 Winter: n 82296 m 67131 zL 67560 zU 65322 released True rss 9.530 GiB footprint 9.317 GiB (1.449 s)
20:59:13 [W90-BPROBE-s53_3x3_on] all 80 network blocks loaded (bookkeeping RELEASED after each load): rss 9.530 GiB, footprint 9.317 GiB, ru_maxrss 9.574 GiB
20:59:22 [W90-BPROBE-s53_3x3_on] after gc.collect(): rss 9.510 GiB, footprint 9.328 GiB, ru_maxrss 9.574 GiB
21:01:00 [W90-BPROBE-s53_3x3_on] certified-model pickle written, measured and deleted: rss 8.547 GiB, footprint 12.499 GiB, ru_maxrss 12.279 GiB
21:01:00 [W90-BPROBE-s53_3x3_on] 80 blocks; sum n 5290640 m 4481233; growth over built: rss 2.602 GiB footprint 2.542 GiB (after gc 2.582 / 2.553)
21:01:00 [W90-BPROBE-s53_3x3_on] pickle: measured {'transient_rss_sampled_bytes': 2.384, 'transient_footprint_sampled_bytes': 8.373, 'transient_ru_maxrss_bytes_W89_definition': 2.769} GiB
21:01:00 [W90-BPROBE-s53_3x3_on] wrote data/SRP1/Results/P515S53/w90_3x3/memory_probe_b/b_probe_s53_3x3_on.json sha256 06e119b1334337ecdfb6c957be5c097da98b8c6db88c4cffb973ecdbf49fc06c
21:01:00 [W90] guards {'alpha_row_launcher': {'counts': {'permitted_solve': 0, 'permitted_exec': 0, 'blocked_solve': 0, 'blocked_exec': 0}, 'verify_0_failures': []}, 'w86_launcher': {'counts': {'permitted_solve': 0, 'permitted_exec': 0, 'blocked_solve': 0, 'blocked_exec': 0}, 'verify_0_failures': []}, 'w87': {'counts': {'permitted_solve': 0, 'permitted_exec': 0, 'blocked_solve': 0, 'blocked_exec': 0}, 'verify_0_failures': []}, 'w88': {'counts': {'permitted_solve': 0, 'permitted_exec': 0, 'blocked_solve': 0, 'blocked_exec': 0}, 'verify_0_failures': []}, 'w89_step1': {'counts': {'permitted_solve': 0, 'permitted_exec': 0, 'blocked_solve': 0, 'blocked_exec': 0}, 'verify_0_failures': []}, 'w89_3x3_launcher': {'counts': {'permitted_solve': 0, 'permitted_exec': 0, 'blocked_solve': 0, 'blocked_exec': 0}, 'verify_0_failures': []}, 'w90_3x3_parent': {'counts': {'permitted_solve': 0, 'permitted_exec': 0, 'blocked_solve': 0, 'blocked_exec': 0}, 'verify_0_failures': []}} wall=310.9s
