21:21:21 [W91-V36] P5.15 Addendum 48, W90 / W91 -- option (b) measured at zero solves on the 3 x 3 instance; stage spec v36 (W91: the margin rule on ONE measure, footprint; G6 v36 closes the tier-2 vacuity hole); the two-arm 3 x 3 smoke ((b) on vs off, bitwise, measuring the runtime footprint peak directly) and the 3 x 3 pair (x = 0 and the smallest node-7 unit, concurrency 1, (b) on, persistence by the margin rule)
21:21:21 [W91-V36] wrote data/SRP1/Results/P515S53/frozen_s53_spec_v36_14bbddc7.json sha256=14bbddc7593c6ee3ee56854b12cb146d6770a27953e3f36bd88c3e0417c40110 (predecessor {'path': 'data/SRP1/Results/P515S53/frozen_s53_spec_v35_8aa98dbf.json', 'sha256': '8aa98dbf91a23d8c1b4010ffa64ef7ffc85260217b3967f465a78db47e27edcc'})
21:21:21 [W91-V36]   x0: eval_key f6e9cd53fdbb8ee8c80388a13d723c49de5b18173bcfa5c7351cbe0d9e5000d4 (v34 f6e9cd53fdbb8ee8; carried over True)
21:21:21 [W91-V36]   n7_4h_e1: eval_key c82522f470b35b58399bfe47ebd45612a95641ae308128de5d1c3c08ad5408a1 (v34 c82522f470b35b58; carried over True)
21:21:21 [W91-V36] (b) saving per child: central 3.977 GiB, range [2.9160922853809628, 3.977251783013344]; route A {'footprint_gib': 3.969, 'footprint_gib_after_gc': 3.977, 'rss_gib': 0.439, 'rss_gib_after_gc': 1.948}; route B [2.9160922853809628, 3.5700514600694637]; route W 3.3071642136201262
21:21:21 [W91-V36] peaks: smoke off 21.41 / on {'central_gib': 17.435035331290578, 'low_gib': 17.435035331290578, 'high_gib': 18.49619482892296}; pair on {'central_gib': 18.172597230609153, 'low_gib': 13.755171444972266, 'high_gib': 19.233756728241534}; with persist {'central_gib': 26.545162440474723, 'high_gib': 27.606321938107104} (T 8.37)
21:21:21 [W91-V36] plumbing all_hold True (enters key: False); G6 v36 self-tests True; identity recomputed all True True; pre-launch True
21:21:21 [W91-V36]   G6 v36 self-test V1: pass True (expect True); floor-testable 47 / min 44; nv false []; ok True
21:21:21 [W91-V36]   G6 v36 self-test V2: pass False (expect False); floor-testable 47 / min 44; nv false []; ok True
21:21:21 [W91-V36]   G6 v36 self-test V3: pass False (expect False); floor-testable 47 / min 44; nv false []; ok True
21:21:21 [W91-V36]   G6 v36 self-test V4: pass False (expect False); floor-testable 0 / min 44; nv false ['one_judged_attempt_per_terminal_block', 'terminal_blocks_eq_B', 'terminal_floor_testable_accepted_ge_min', 'terminal_judged_accepted_eq_B', 'v30_part']; ok True
21:21:21 [W91-V36]   G6 v36 self-test V5: pass False (expect False); floor-testable 0 / min 44; nv false ['terminal_floor_testable_accepted_ge_min']; ok True
21:21:21 [W91-V36]   G6 v36 self-test V6: pass False (expect False); floor-testable 47 / min 44; nv false ['terminal_blocks_eq_B', 'terminal_judged_accepted_eq_B', 'v30_part']; ok True
21:21:21 [W91-V36]   G6 v36 self-test V7: pass True (expect True); floor-testable 48 / min 44; nv false []; ok True
21:21:21 [W91-V36]   G6 v36 self-test V8: pass False (expect False); floor-testable 47 / min 44; nv false ['terminal_judged_accepted_eq_B']; ok True
21:21:21 [W91-V36]   G6 v36 self-test V9: pass False (expect False); floor-testable 48 / min 44; nv false []; ok True
21:21:21 [W91-V36]   G6 v36 self-test V10: pass True (expect True); floor-testable 48 / min 44; nv false []; ok True
21:21:21 [W91-V36]   G6 v36 self-test V11: pass False (expect False); floor-testable 47 / min 44; nv false ['terminal_judged_accepted_eq_B']; ok True
21:21:21 [W91-V36]   G6 v36 self-test V12: pass True (expect True); floor-testable 44 / min 44; nv false []; ok True
21:21:21 [W91-V36]   G6 v36 self-test V13: pass False (expect False); floor-testable 43 / min 44; nv false ['terminal_floor_testable_accepted_ge_min']; ok True
21:21:21 [W91-V36] footprint capture self-test: all_hold True checks {'reaped_by_wait4_exit_0': True, 'identity_verified': True, 'exit_event_registered': True, 'final_read_after_exit': True, 'lifetime_max_ge_allocation': True, 'capture_exact': True, 'monitor_threads_ended': True, 'negative_control_refuses_other_eval_key': True}; lifetime max 273531432 B for a 268435456 B allocation
21:21:21 [W91-V36] T_persist 8.3726 GiB (footprint); g 1.034446 (RSS-based); SRP1 hull-polish figure 3.091104e-06 (verified True, data/SRP1/Results/P515S41/hull_polish/hull_polish_results.json sha256 809e1c91a960fc22e746fe2966b86820063f72b47b7a2a2c653e7bd7f7c0ef57)
21:21:21 [W90] guards {'alpha_row_launcher': {'counts': {'permitted_solve': 0, 'permitted_exec': 0, 'blocked_solve': 0, 'blocked_exec': 0}, 'verify_0_failures': []}, 'w86_launcher': {'counts': {'permitted_solve': 0, 'permitted_exec': 0, 'blocked_solve': 0, 'blocked_exec': 0}, 'verify_0_failures': []}, 'w87': {'counts': {'permitted_solve': 0, 'permitted_exec': 0, 'blocked_solve': 0, 'blocked_exec': 0}, 'verify_0_failures': []}, 'w88': {'counts': {'permitted_solve': 0, 'permitted_exec': 0, 'blocked_solve': 0, 'blocked_exec': 0}, 'verify_0_failures': []}, 'w89_step1': {'counts': {'permitted_solve': 0, 'permitted_exec': 0, 'blocked_solve': 0, 'blocked_exec': 0}, 'verify_0_failures': []}, 'w89_3x3_launcher': {'counts': {'permitted_solve': 0, 'permitted_exec': 0, 'blocked_solve': 0, 'blocked_exec': 0}, 'verify_0_failures': []}, 'w90_3x3_parent': {'counts': {'permitted_solve': 0, 'permitted_exec': 0, 'blocked_solve': 0, 'blocked_exec': 0}, 'verify_0_failures': []}} -- next: --stage smoke --freeze
