10:20:56 [W90-PAIR] memory preflight: available 20.36083984375 GiB required 19.17 GiB -> PASS
10:20:56 [W90-PAIR] placed the smoke (b)-on x0 initialisation record as the x0 identity reference (126f95f344fbfcd8a7d40cbdfe138cf4b6166a3bc5a959fcba7a9e680b848874)
10:20:56 [W90-PAIR] P5.15 Addendum 48, W90 / W91 -- option (b) measured at zero solves on the 3 x 3 instance; stage spec v36 (W91: the margin rule on ONE measure, footprint; G6 v36 closes the tier-2 vacuity hole); the two-arm 3 x 3 smoke ((b) on vs off, bitwise, measuring the runtime footprint peak directly) and the 3 x 3 pair (x = 0 and the smallest node-7 unit, concurrency 1, (b) on, persistence by the margin rule); cells ['x0', 'n7_4h_e1'] at concurrency 1; post_certification {'hull_polish': False, 'persist_certified_models': False}; lock {'pid': 4708, 'campaign_id': 's53_w91_3x3_pair', 'campaign_spec_sha256': '231558f0705797327c10d8e0e82ff878e19ed3a4620766bd5b113995bb920e99', 'started_utc': '2026-09-26T10:20:56.554130+00:00'}
10:20:56 [S44-HARNESS] launched x0 (key 8435c71859ddde68) pid=4781
10:20:56 [S44-HARNESS] heartbeat x0: 0s cycle=None
10:21:56 [S44-HARNESS] heartbeat x0: 60s cycle=None
10:22:56 [S44-HARNESS] heartbeat x0: 120s cycle=None
10:23:56 [S44-HARNESS] heartbeat x0: 180s cycle=None
10:24:56 [S44-HARNESS] heartbeat x0: 240s cycle=None
10:25:56 [S44-HARNESS] heartbeat x0: 300s cycle=None
10:26:56 [S44-HARNESS] heartbeat x0: 360s cycle=None
10:27:56 [S44-HARNESS] heartbeat x0: 420s cycle=None
10:28:57 [S44-HARNESS] heartbeat x0: 480s cycle=None
10:29:57 [S44-HARNESS] heartbeat x0: 541s cycle=None
10:30:57 [S44-HARNESS] heartbeat x0: 601s cycle=None
10:31:57 [S44-HARNESS] heartbeat x0: 661s cycle=None
10:32:57 [S44-HARNESS] heartbeat x0: 721s cycle=None
10:33:57 [S44-HARNESS] heartbeat x0: 781s cycle=None
10:34:57 [S44-HARNESS] heartbeat x0: 841s cycle=None
10:35:57 [S44-HARNESS] heartbeat x0: 901s cycle=None
10:36:57 [S44-HARNESS] heartbeat x0: 961s cycle=None
10:37:57 [S44-HARNESS] heartbeat x0: 1021s cycle=1
10:38:57 [S44-HARNESS] heartbeat x0: 1081s cycle=1
10:39:57 [S44-HARNESS] heartbeat x0: 1141s cycle=1
10:40:57 [S44-HARNESS] heartbeat x0: 1201s cycle=1
10:41:58 [S44-HARNESS] heartbeat x0: 1261s cycle=1
10:42:58 [S44-HARNESS] heartbeat x0: 1322s cycle=1
10:43:58 [S44-HARNESS] heartbeat x0: 1382s cycle=1
10:44:58 [S44-HARNESS] heartbeat x0: 1442s cycle=1
10:45:58 [S44-HARNESS] heartbeat x0: 1502s cycle=1
10:46:58 [S44-HARNESS] heartbeat x0: 1562s cycle=1
10:47:58 [S44-HARNESS] heartbeat x0: 1622s cycle=1
10:48:58 [S44-HARNESS] heartbeat x0: 1682s cycle=1
10:49:58 [S44-HARNESS] heartbeat x0: 1742s cycle=2
10:50:59 [S44-HARNESS] heartbeat x0: 1802s cycle=2
10:51:59 [S44-HARNESS] heartbeat x0: 1863s cycle=2
10:52:59 [S44-HARNESS] heartbeat x0: 1923s cycle=2
10:53:59 [S44-HARNESS] heartbeat x0: 1983s cycle=2
10:54:59 [S44-HARNESS] heartbeat x0: 2043s cycle=2
10:55:59 [S44-HARNESS] heartbeat x0: 2103s cycle=2
10:56:59 [S44-HARNESS] heartbeat x0: 2163s cycle=3
10:57:59 [S44-HARNESS] heartbeat x0: 2223s cycle=3
10:58:59 [S44-HARNESS] heartbeat x0: 2283s cycle=3
10:59:59 [S44-HARNESS] heartbeat x0: 2343s cycle=3
11:00:59 [S44-HARNESS] heartbeat x0: 2403s cycle=3
11:01:59 [S44-HARNESS] heartbeat x0: 2463s cycle=3
11:03:00 [S44-HARNESS] heartbeat x0: 2523s cycle=4
11:04:00 [S44-HARNESS] heartbeat x0: 2584s cycle=4
11:05:00 [S44-HARNESS] heartbeat x0: 2644s cycle=4
11:06:00 [S44-HARNESS] heartbeat x0: 2704s cycle=4
11:07:00 [S44-HARNESS] heartbeat x0: 2764s cycle=4
11:08:00 [S44-HARNESS] heartbeat x0: 2824s cycle=4
11:09:00 [S44-HARNESS] heartbeat x0: 2884s cycle=5
11:10:00 [S44-HARNESS] heartbeat x0: 2944s cycle=5
11:11:00 [S44-HARNESS] heartbeat x0: 3004s cycle=5
11:12:00 [S44-HARNESS] heartbeat x0: 3064s cycle=5
11:13:00 [S44-HARNESS] heartbeat x0: 3124s cycle=5
11:14:01 [S44-HARNESS] heartbeat x0: 3184s cycle=5
11:15:01 [S44-HARNESS] heartbeat x0: 3245s cycle=6
11:16:01 [S44-HARNESS] heartbeat x0: 3305s cycle=6
11:17:01 [S44-HARNESS] heartbeat x0: 3365s cycle=6
11:18:01 [S44-HARNESS] heartbeat x0: 3425s cycle=6
11:19:01 [S44-HARNESS] heartbeat x0: 3485s cycle=6
11:20:01 [S44-HARNESS] heartbeat x0: 3545s cycle=6
11:21:01 [S44-HARNESS] heartbeat x0: 3605s cycle=6
11:22:01 [S44-HARNESS] heartbeat x0: 3665s cycle=7
11:23:02 [S44-HARNESS] heartbeat x0: 3726s cycle=7
11:24:02 [S44-HARNESS] heartbeat x0: 3786s cycle=7
11:25:02 [S44-HARNESS] heartbeat x0: 3846s cycle=7
11:26:02 [S44-HARNESS] heartbeat x0: 3906s cycle=7
11:27:02 [S44-HARNESS] heartbeat x0: 3966s cycle=7
11:28:02 [S44-HARNESS] heartbeat x0: 4026s cycle=8
11:29:02 [S44-HARNESS] heartbeat x0: 4086s cycle=8
11:30:02 [S44-HARNESS] heartbeat x0: 4146s cycle=8
11:31:03 [S44-HARNESS] heartbeat x0: 4206s cycle=8
11:32:03 [S44-HARNESS] heartbeat x0: 4267s cycle=8
11:33:03 [S44-HARNESS] heartbeat x0: 4327s cycle=8
11:34:03 [S44-HARNESS] heartbeat x0: 4387s cycle=9
11:35:03 [S44-HARNESS] heartbeat x0: 4447s cycle=9
11:36:03 [S44-HARNESS] heartbeat x0: 4507s cycle=9
11:37:03 [S44-HARNESS] heartbeat x0: 4567s cycle=9
11:38:03 [S44-HARNESS] heartbeat x0: 4627s cycle=9
11:39:03 [S44-HARNESS] heartbeat x0: 4687s cycle=9
11:40:04 [S44-HARNESS] heartbeat x0: 4748s cycle=10
11:41:04 [S44-HARNESS] heartbeat x0: 4808s cycle=10
11:42:04 [S44-HARNESS] heartbeat x0: 4868s cycle=10
11:43:04 [S44-HARNESS] heartbeat x0: 4928s cycle=10
11:44:04 [S44-HARNESS] heartbeat x0: 4988s cycle=10
11:45:04 [S44-HARNESS] heartbeat x0: 5048s cycle=10
11:46:04 [S44-HARNESS] heartbeat x0: 5108s cycle=11
11:47:04 [S44-HARNESS] heartbeat x0: 5168s cycle=11
11:48:05 [S44-HARNESS] heartbeat x0: 5228s cycle=11
11:49:05 [S44-HARNESS] heartbeat x0: 5289s cycle=11
11:50:05 [S44-HARNESS] heartbeat x0: 5349s cycle=11
11:51:05 [S44-HARNESS] heartbeat x0: 5409s cycle=11
11:52:05 [S44-HARNESS] heartbeat x0: 5469s cycle=11
11:53:05 [S44-HARNESS] heartbeat x0: 5529s cycle=12
11:54:05 [S44-HARNESS] heartbeat x0: 5589s cycle=12
11:55:05 [S44-HARNESS] heartbeat x0: 5649s cycle=12
11:56:05 [S44-HARNESS] heartbeat x0: 5709s cycle=12
11:57:06 [S44-HARNESS] heartbeat x0: 5770s cycle=12
11:58:06 [S44-HARNESS] heartbeat x0: 5830s cycle=12
11:59:06 [S44-HARNESS] heartbeat x0: 5890s cycle=13
12:00:06 [S44-HARNESS] heartbeat x0: 5950s cycle=13
12:01:06 [S44-HARNESS] heartbeat x0: 6010s cycle=13
12:02:06 [S44-HARNESS] heartbeat x0: 6070s cycle=13
12:03:06 [S44-HARNESS] heartbeat x0: 6130s cycle=13
12:04:06 [S44-HARNESS] heartbeat x0: 6190s cycle=13
12:05:07 [S44-HARNESS] heartbeat x0: 6250s cycle=14
12:06:07 [S44-HARNESS] heartbeat x0: 6311s cycle=14
12:07:07 [S44-HARNESS] heartbeat x0: 6371s cycle=14
12:08:07 [S44-HARNESS] heartbeat x0: 6431s cycle=14
12:09:07 [S44-HARNESS] heartbeat x0: 6491s cycle=14
12:10:07 [S44-HARNESS] heartbeat x0: 6551s cycle=14
12:11:07 [S44-HARNESS] heartbeat x0: 6611s cycle=14
12:12:07 [S44-HARNESS] heartbeat x0: 6671s cycle=15
12:13:07 [S44-HARNESS] heartbeat x0: 6731s cycle=15
12:14:07 [S44-HARNESS] heartbeat x0: 6791s cycle=15
12:15:07 [S44-HARNESS] heartbeat x0: 6851s cycle=15
12:16:07 [S44-HARNESS] heartbeat x0: 6911s cycle=15
12:17:07 [S44-HARNESS] heartbeat x0: 6971s cycle=15
12:18:07 [S44-HARNESS] heartbeat x0: 7031s cycle=16
12:19:07 [S44-HARNESS] heartbeat x0: 7091s cycle=16
12:20:08 [S44-HARNESS] heartbeat x0: 7151s cycle=16
12:21:08 [S44-HARNESS] heartbeat x0: 7212s cycle=16
12:22:08 [S44-HARNESS] heartbeat x0: 7272s cycle=16
12:23:08 [S44-HARNESS] heartbeat x0: 7332s cycle=16
12:24:08 [S44-HARNESS] heartbeat x0: 7392s cycle=16
12:25:08 [S44-HARNESS] heartbeat x0: 7452s cycle=17
12:26:08 [S44-HARNESS] heartbeat x0: 7512s cycle=17
12:27:08 [S44-HARNESS] heartbeat x0: 7572s cycle=17
12:28:08 [S44-HARNESS] heartbeat x0: 7632s cycle=17
12:29:08 [S44-HARNESS] heartbeat x0: 7692s cycle=17
12:30:08 [S44-HARNESS] heartbeat x0: 7752s cycle=17
12:31:08 [S44-HARNESS] heartbeat x0: 7812s cycle=17
12:32:08 [S44-HARNESS] heartbeat x0: 7872s cycle=18
12:33:08 [S44-HARNESS] heartbeat x0: 7932s cycle=18
12:34:08 [S44-HARNESS] heartbeat x0: 7992s cycle=18
12:35:08 [S44-HARNESS] heartbeat x0: 8052s cycle=18
12:36:08 [S44-HARNESS] heartbeat x0: 8112s cycle=18
12:37:09 [S44-HARNESS] heartbeat x0: 8173s cycle=18
12:38:09 [S44-HARNESS] heartbeat x0: 8233s cycle=18
12:39:09 [S44-HARNESS] heartbeat x0: 8293s cycle=19
12:40:09 [S44-HARNESS] heartbeat x0: 8353s cycle=19
12:41:09 [S44-HARNESS] heartbeat x0: 8413s cycle=19
12:42:09 [S44-HARNESS] heartbeat x0: 8473s cycle=19
12:43:09 [S44-HARNESS] heartbeat x0: 8533s cycle=19
12:44:09 [S44-HARNESS] heartbeat x0: 8593s cycle=19
12:45:09 [S44-HARNESS] heartbeat x0: 8653s cycle=20
12:46:10 [S44-HARNESS] heartbeat x0: 8714s cycle=20
12:47:10 [S44-HARNESS] heartbeat x0: 8774s cycle=20
12:48:10 [S44-HARNESS] heartbeat x0: 8834s cycle=20
12:49:10 [S44-HARNESS] heartbeat x0: 8894s cycle=20
12:50:10 [S44-HARNESS] heartbeat x0: 8954s cycle=20
12:51:10 [S44-HARNESS] heartbeat x0: 9014s cycle=20
12:52:10 [S44-HARNESS] heartbeat x0: 9074s cycle=21
12:53:10 [S44-HARNESS] heartbeat x0: 9134s cycle=21
12:54:10 [S44-HARNESS] heartbeat x0: 9194s cycle=21
12:55:10 [S44-HARNESS] heartbeat x0: 9254s cycle=21
12:56:11 [S44-HARNESS] heartbeat x0: 9315s cycle=21
12:57:11 [S44-HARNESS] heartbeat x0: 9375s cycle=21
12:58:11 [S44-HARNESS] heartbeat x0: 9435s cycle=22
12:59:11 [S44-HARNESS] heartbeat x0: 9495s cycle=22
13:00:11 [S44-HARNESS] heartbeat x0: 9555s cycle=22
13:01:11 [S44-HARNESS] heartbeat x0: 9615s cycle=22
13:02:11 [S44-HARNESS] heartbeat x0: 9675s cycle=22
13:03:11 [S44-HARNESS] heartbeat x0: 9735s cycle=22
13:04:12 [S44-HARNESS] heartbeat x0: 9796s cycle=23
13:05:12 [S44-HARNESS] heartbeat x0: 9856s cycle=23
13:06:12 [S44-HARNESS] heartbeat x0: 9916s cycle=23
13:07:12 [S44-HARNESS] heartbeat x0: 9976s cycle=23
13:08:12 [S44-HARNESS] heartbeat x0: 10036s cycle=23
13:09:12 [S44-HARNESS] heartbeat x0: 10096s cycle=23
13:10:12 [S44-HARNESS] heartbeat x0: 10156s cycle=24
13:11:12 [S44-HARNESS] heartbeat x0: 10216s cycle=24
13:12:13 [S44-HARNESS] heartbeat x0: 10276s cycle=24
13:13:13 [S44-HARNESS] heartbeat x0: 10337s cycle=24
13:14:13 [S44-HARNESS] heartbeat x0: 10397s cycle=24
13:15:13 [S44-HARNESS] heartbeat x0: 10457s cycle=24
13:16:13 [S44-HARNESS] heartbeat x0: 10517s cycle=24
13:17:13 [S44-HARNESS] heartbeat x0: 10577s cycle=25
13:18:13 [S44-HARNESS] heartbeat x0: 10637s cycle=25
13:19:13 [S44-HARNESS] heartbeat x0: 10697s cycle=25
13:20:13 [S44-HARNESS] heartbeat x0: 10757s cycle=25
13:21:13 [S44-HARNESS] heartbeat x0: 10817s cycle=25
13:22:13 [S44-HARNESS] heartbeat x0: 10877s cycle=25
13:23:13 [S44-HARNESS] heartbeat x0: 10937s cycle=25
13:24:13 [S44-HARNESS] heartbeat x0: 10997s cycle=26
13:25:14 [S44-HARNESS] heartbeat x0: 11057s cycle=26
13:26:14 [S44-HARNESS] heartbeat x0: 11118s cycle=26
13:27:14 [S44-HARNESS] heartbeat x0: 11178s cycle=26
13:28:14 [S44-HARNESS] heartbeat x0: 11238s cycle=26
13:29:14 [S44-HARNESS] heartbeat x0: 11298s cycle=26
13:30:14 [S44-HARNESS] heartbeat x0: 11358s cycle=27
13:31:14 [S44-HARNESS] heartbeat x0: 11418s cycle=27
13:32:14 [S44-HARNESS] heartbeat x0: 11478s cycle=27
13:33:14 [S44-HARNESS] heartbeat x0: 11538s cycle=27
13:34:14 [S44-HARNESS] heartbeat x0: 11598s cycle=27
13:35:14 [S44-HARNESS] heartbeat x0: 11658s cycle=27
13:36:14 [S44-HARNESS] heartbeat x0: 11718s cycle=27
13:37:14 [S44-HARNESS] heartbeat x0: 11778s cycle=28
13:38:15 [S44-HARNESS] heartbeat x0: 11838s cycle=28
13:39:15 [S44-HARNESS] heartbeat x0: 11899s cycle=28
13:40:15 [S44-HARNESS] heartbeat x0: 11959s cycle=28
13:41:15 [S44-HARNESS] heartbeat x0: 12019s cycle=28
13:42:15 [S44-HARNESS] heartbeat x0: 12079s cycle=28
13:43:15 [S44-HARNESS] heartbeat x0: 12139s cycle=29
13:44:15 [S44-HARNESS] heartbeat x0: 12199s cycle=29
13:45:15 [S44-HARNESS] heartbeat x0: 12259s cycle=29
13:46:15 [S44-HARNESS] heartbeat x0: 12319s cycle=29
13:47:16 [S44-HARNESS] heartbeat x0: 12380s cycle=29
13:48:16 [S44-HARNESS] heartbeat x0: 12440s cycle=29
13:49:16 [S44-HARNESS] heartbeat x0: 12500s cycle=30
13:50:16 [S44-HARNESS] heartbeat x0: 12560s cycle=30
13:51:16 [S44-HARNESS] heartbeat x0: 12620s cycle=30
13:52:16 [S44-HARNESS] heartbeat x0: 12680s cycle=30
13:53:16 [S44-HARNESS] heartbeat x0: 12740s cycle=30
13:54:16 [S44-HARNESS] heartbeat x0: 12800s cycle=30
13:55:16 [S44-HARNESS] heartbeat x0: 12860s cycle=30
13:56:16 [S44-HARNESS] heartbeat x0: 12920s cycle=31
13:57:16 [S44-HARNESS] heartbeat x0: 12980s cycle=31
13:58:16 [S44-HARNESS] heartbeat x0: 13040s cycle=31
13:59:16 [S44-HARNESS] heartbeat x0: 13100s cycle=31
14:00:16 [S44-HARNESS] heartbeat x0: 13160s cycle=31
14:01:17 [S44-HARNESS] heartbeat x0: 13220s cycle=31
14:02:17 [S44-HARNESS] heartbeat x0: 13281s cycle=32
14:03:17 [S44-HARNESS] heartbeat x0: 13341s cycle=32
14:04:17 [S44-HARNESS] heartbeat x0: 13401s cycle=32
14:05:17 [S44-HARNESS] heartbeat x0: 13461s cycle=32
14:06:17 [S44-HARNESS] heartbeat x0: 13521s cycle=32
14:07:17 [S44-HARNESS] heartbeat x0: 13581s cycle=32
14:08:17 [S44-HARNESS] heartbeat x0: 13641s cycle=32
14:09:17 [S44-HARNESS] heartbeat x0: 13701s cycle=33
14:10:17 [S44-HARNESS] heartbeat x0: 13761s cycle=33
14:11:17 [S44-HARNESS] heartbeat x0: 13821s cycle=33
14:12:17 [S44-HARNESS] heartbeat x0: 13881s cycle=33
14:13:17 [S44-HARNESS] heartbeat x0: 13941s cycle=33
14:14:18 [S44-HARNESS] heartbeat x0: 14001s cycle=33
14:15:18 [S44-HARNESS] heartbeat x0: 14062s cycle=34
14:16:18 [S44-HARNESS] heartbeat x0: 14122s cycle=34
14:17:18 [S44-HARNESS] heartbeat x0: 14182s cycle=34
14:18:18 [S44-HARNESS] heartbeat x0: 14242s cycle=34
14:19:18 [S44-HARNESS] heartbeat x0: 14302s cycle=34
14:20:18 [S44-HARNESS] heartbeat x0: 14362s cycle=34
14:21:18 [S44-HARNESS] heartbeat x0: 14422s cycle=34
14:22:18 [S44-HARNESS] heartbeat x0: 14482s cycle=35
14:23:18 [S44-HARNESS] heartbeat x0: 14542s cycle=35
14:24:19 [S44-HARNESS] heartbeat x0: 14603s cycle=35
14:25:19 [S44-HARNESS] heartbeat x0: 14663s cycle=35
14:26:19 [S44-HARNESS] heartbeat x0: 14723s cycle=35
14:27:19 [S44-HARNESS] heartbeat x0: 14783s cycle=35
14:28:19 [S44-HARNESS] heartbeat x0: 14843s cycle=36
14:29:19 [S44-HARNESS] heartbeat x0: 14903s cycle=36
14:30:19 [S44-HARNESS] heartbeat x0: 14963s cycle=36
14:31:19 [S44-HARNESS] heartbeat x0: 15023s cycle=36
14:32:20 [S44-HARNESS] heartbeat x0: 15083s cycle=36
14:33:20 [S44-HARNESS] heartbeat x0: 15144s cycle=36
14:34:20 [S44-HARNESS] heartbeat x0: 15204s cycle=37
14:35:20 [S44-HARNESS] heartbeat x0: 15264s cycle=37
14:36:20 [S44-HARNESS] heartbeat x0: 15324s cycle=37
14:37:20 [S44-HARNESS] heartbeat x0: 15384s cycle=37
14:38:20 [S44-HARNESS] heartbeat x0: 15444s cycle=37
14:39:20 [S44-HARNESS] heartbeat x0: 15504s cycle=37
14:40:20 [S44-HARNESS] heartbeat x0: 15564s cycle=38
14:41:20 [S44-HARNESS] heartbeat x0: 15624s cycle=38
14:42:20 [S44-HARNESS] heartbeat x0: 15684s cycle=38
14:43:20 [S44-HARNESS] heartbeat x0: 15744s cycle=38
14:44:20 [S44-HARNESS] heartbeat x0: 15804s cycle=38
14:45:20 [S44-HARNESS] heartbeat x0: 15864s cycle=38
14:46:20 [S44-HARNESS] heartbeat x0: 15924s cycle=38
14:47:20 [S44-HARNESS] heartbeat x0: 15984s cycle=39
14:48:20 [S44-HARNESS] heartbeat x0: 16044s cycle=39
14:49:21 [S44-HARNESS] heartbeat x0: 16104s cycle=39
14:50:21 [S44-HARNESS] heartbeat x0: 16165s cycle=39
14:51:21 [S44-HARNESS] heartbeat x0: 16225s cycle=39
14:52:21 [S44-HARNESS] heartbeat x0: 16285s cycle=39
14:53:21 [S44-HARNESS] heartbeat x0: 16345s cycle=40
14:54:21 [S44-HARNESS] heartbeat x0: 16405s cycle=40
14:55:21 [S44-HARNESS] heartbeat x0: 16465s cycle=40
14:56:21 [S44-HARNESS] heartbeat x0: 16525s cycle=40
14:57:21 [S44-HARNESS] heartbeat x0: 16585s cycle=40
14:58:21 [S44-HARNESS] heartbeat x0: 16645s cycle=40
14:59:21 [S44-HARNESS] heartbeat x0: 16705s cycle=41
15:00:21 [S44-HARNESS] heartbeat x0: 16765s cycle=41
15:01:21 [S44-HARNESS] heartbeat x0: 16825s cycle=41
15:02:21 [S44-HARNESS] heartbeat x0: 16885s cycle=41
15:03:22 [S44-HARNESS] heartbeat x0: 16946s cycle=41
15:04:22 [S44-HARNESS] heartbeat x0: 17006s cycle=41
15:05:22 [S44-HARNESS] heartbeat x0: 17066s cycle=41
15:06:22 [S44-HARNESS] heartbeat x0: 17126s cycle=42
15:07:22 [S44-HARNESS] heartbeat x0: 17186s cycle=42
15:08:22 [S44-HARNESS] heartbeat x0: 17246s cycle=42
15:09:22 [S44-HARNESS] heartbeat x0: 17306s cycle=42
15:10:22 [S44-HARNESS] heartbeat x0: 17366s cycle=42
15:11:22 [S44-HARNESS] heartbeat x0: 17426s cycle=42
15:12:23 [S44-HARNESS] heartbeat x0: 17486s cycle=43
15:13:23 [S44-HARNESS] heartbeat x0: 17547s cycle=43
15:14:23 [S44-HARNESS] heartbeat x0: 17607s cycle=43
15:15:23 [S44-HARNESS] heartbeat x0: 17667s cycle=43
15:16:23 [S44-HARNESS] heartbeat x0: 17727s cycle=43
15:17:23 [S44-HARNESS] heartbeat x0: 17787s cycle=43
15:18:23 [S44-HARNESS] heartbeat x0: 17847s cycle=43
15:19:23 [S44-HARNESS] heartbeat x0: 17907s cycle=44
15:20:23 [S44-HARNESS] heartbeat x0: 17967s cycle=44
15:21:23 [S44-HARNESS] heartbeat x0: 18027s cycle=44
15:22:23 [S44-HARNESS] heartbeat x0: 18087s cycle=44
15:23:23 [S44-HARNESS] heartbeat x0: 18147s cycle=44
15:24:23 [S44-HARNESS] heartbeat x0: 18207s cycle=44
15:25:23 [S44-HARNESS] heartbeat x0: 18267s cycle=45
15:26:24 [S44-HARNESS] heartbeat x0: 18327s cycle=45
15:27:24 [S44-HARNESS] heartbeat x0: 18388s cycle=45
15:28:24 [S44-HARNESS] heartbeat x0: 18448s cycle=45
15:29:24 [S44-HARNESS] heartbeat x0: 18508s cycle=45
15:30:24 [S44-HARNESS] heartbeat x0: 18568s cycle=45
15:31:24 [S44-HARNESS] heartbeat x0: 18628s cycle=46
15:32:24 [S44-HARNESS] heartbeat x0: 18688s cycle=46
15:33:24 [S44-HARNESS] heartbeat x0: 18748s cycle=46
15:34:24 [S44-HARNESS] heartbeat x0: 18808s cycle=46
15:35:24 [S44-HARNESS] heartbeat x0: 18868s cycle=46
15:36:24 [S44-HARNESS] heartbeat x0: 18928s cycle=46
15:37:24 [S44-HARNESS] heartbeat x0: 18988s cycle=46
15:38:24 [S44-HARNESS] heartbeat x0: 19048s cycle=47
15:39:24 [S44-HARNESS] heartbeat x0: 19108s cycle=47
15:40:24 [S44-HARNESS] heartbeat x0: 19168s cycle=47
15:41:24 [S44-HARNESS] heartbeat x0: 19228s cycle=47
15:42:25 [S44-HARNESS] heartbeat x0: 19288s cycle=47
15:43:25 [S44-HARNESS] heartbeat x0: 19349s cycle=47
15:44:25 [S44-HARNESS] heartbeat x0: 19409s cycle=48
15:45:25 [S44-HARNESS] heartbeat x0: 19469s cycle=48
15:46:25 [S44-HARNESS] heartbeat x0: 19529s cycle=48
15:47:25 [S44-HARNESS] heartbeat x0: 19589s cycle=48
15:48:25 [S44-HARNESS] heartbeat x0: 19649s cycle=48
15:49:25 [S44-HARNESS] heartbeat x0: 19709s cycle=48
15:50:25 [S44-HARNESS] heartbeat x0: 19769s cycle=49
15:51:25 [S44-HARNESS] heartbeat x0: 19829s cycle=49
15:52:26 [S44-HARNESS] heartbeat x0: 19889s cycle=49
15:53:26 [S44-HARNESS] heartbeat x0: 19950s cycle=49
15:54:26 [S44-HARNESS] heartbeat x0: 20010s cycle=49
15:55:26 [S44-HARNESS] heartbeat x0: 20070s cycle=49
15:56:26 [S44-HARNESS] heartbeat x0: 20130s cycle=50
15:57:26 [S44-HARNESS] heartbeat x0: 20190s cycle=50
15:58:26 [S44-HARNESS] heartbeat x0: 20250s cycle=50
15:59:26 [S44-HARNESS] heartbeat x0: 20310s cycle=50
16:00:26 [S44-HARNESS] heartbeat x0: 20370s cycle=50
16:01:26 [S44-HARNESS] heartbeat x0: 20430s cycle=50
16:02:26 [S44-HARNESS] heartbeat x0: 20490s cycle=51
16:03:26 [S44-HARNESS] heartbeat x0: 20550s cycle=51
16:04:27 [S44-HARNESS] heartbeat x0: 20611s cycle=51
16:05:27 [S44-HARNESS] heartbeat x0: 20671s cycle=51
16:06:27 [S44-HARNESS] heartbeat x0: 20731s cycle=51
16:07:27 [S44-HARNESS] heartbeat x0: 20791s cycle=51
16:08:27 [S44-HARNESS] heartbeat x0: 20851s cycle=52
16:09:27 [S44-HARNESS] heartbeat x0: 20911s cycle=52
16:10:27 [S44-HARNESS] heartbeat x0: 20971s cycle=52
16:11:27 [S44-HARNESS] heartbeat x0: 21031s cycle=52
16:12:28 [S44-HARNESS] heartbeat x0: 21091s cycle=52
16:13:28 [S44-HARNESS] heartbeat x0: 21152s cycle=52
16:14:28 [S44-HARNESS] heartbeat x0: 21212s cycle=53
16:15:28 [S44-HARNESS] heartbeat x0: 21272s cycle=53
16:16:28 [S44-HARNESS] heartbeat x0: 21332s cycle=53
16:17:28 [S44-HARNESS] heartbeat x0: 21392s cycle=53
16:18:28 [S44-HARNESS] heartbeat x0: 21452s cycle=53
16:19:28 [S44-HARNESS] heartbeat x0: 21512s cycle=53
16:20:28 [S44-HARNESS] heartbeat x0: 21572s cycle=54
16:21:29 [S44-HARNESS] heartbeat x0: 21633s cycle=54
16:22:29 [S44-HARNESS] heartbeat x0: 21693s cycle=54
16:23:29 [S44-HARNESS] heartbeat x0: 21753s cycle=54
16:24:29 [S44-HARNESS] heartbeat x0: 21813s cycle=54
16:25:29 [S44-HARNESS] heartbeat x0: 21873s cycle=54
16:26:29 [S44-HARNESS] heartbeat x0: 21933s cycle=55
16:27:29 [S44-HARNESS] heartbeat x0: 21993s cycle=55
16:28:29 [S44-HARNESS] heartbeat x0: 22053s cycle=55
16:29:30 [S44-HARNESS] heartbeat x0: 22113s cycle=55
16:30:30 [S44-HARNESS] heartbeat x0: 22174s cycle=55
16:31:30 [S44-HARNESS] heartbeat x0: 22234s cycle=55
16:32:30 [S44-HARNESS] heartbeat x0: 22294s cycle=56
16:33:30 [S44-HARNESS] heartbeat x0: 22354s cycle=56
16:34:30 [S44-HARNESS] heartbeat x0: 22414s cycle=56
16:35:30 [S44-HARNESS] heartbeat x0: 22474s cycle=56
16:36:30 [S44-HARNESS] heartbeat x0: 22534s cycle=56
16:37:30 [S44-HARNESS] heartbeat x0: 22594s cycle=56
16:38:31 [S44-HARNESS] heartbeat x0: 22655s cycle=57
16:39:31 [S44-HARNESS] heartbeat x0: 22715s cycle=57
16:40:31 [S44-HARNESS] heartbeat x0: 22775s cycle=57
16:41:31 [S44-HARNESS] heartbeat x0: 22835s cycle=57
16:42:31 [S44-HARNESS] heartbeat x0: 22895s cycle=57
16:43:31 [S44-HARNESS] heartbeat x0: 22955s cycle=57
16:44:31 [S44-HARNESS] heartbeat x0: 23015s cycle=58
16:45:31 [S44-HARNESS] heartbeat x0: 23075s cycle=58
16:46:31 [S44-HARNESS] heartbeat x0: 23135s cycle=58
16:47:31 [S44-HARNESS] heartbeat x0: 23195s cycle=58
16:48:32 [S44-HARNESS] heartbeat x0: 23256s cycle=58
16:49:32 [S44-HARNESS] heartbeat x0: 23316s cycle=58
16:50:32 [S44-HARNESS] heartbeat x0: 23376s cycle=59
16:51:32 [S44-HARNESS] heartbeat x0: 23436s cycle=59
16:52:32 [S44-HARNESS] heartbeat x0: 23496s cycle=59
16:53:32 [S44-HARNESS] heartbeat x0: 23556s cycle=59
16:54:32 [S44-HARNESS] heartbeat x0: 23616s cycle=59
16:55:32 [S44-HARNESS] heartbeat x0: 23676s cycle=59
16:56:33 [S44-HARNESS] heartbeat x0: 23737s cycle=60
16:57:33 [S44-HARNESS] heartbeat x0: 23797s cycle=60
16:58:33 [S44-HARNESS] heartbeat x0: 23857s cycle=60
16:59:33 [S44-HARNESS] heartbeat x0: 23917s cycle=60
17:00:33 [S44-HARNESS] heartbeat x0: 23977s cycle=60
17:01:33 [S44-HARNESS] heartbeat x0: 24037s cycle=60
17:02:33 [S44-HARNESS] heartbeat x0: 24097s cycle=61
17:03:33 [S44-HARNESS] heartbeat x0: 24157s cycle=61
17:04:33 [S44-HARNESS] heartbeat x0: 24217s cycle=61
17:05:34 [S44-HARNESS] heartbeat x0: 24277s cycle=61
17:06:34 [S44-HARNESS] heartbeat x0: 24338s cycle=61
17:07:34 [S44-HARNESS] heartbeat x0: 24398s cycle=61
17:08:34 [S44-HARNESS] heartbeat x0: 24458s cycle=62
17:09:34 [S44-HARNESS] heartbeat x0: 24518s cycle=62
17:10:34 [S44-HARNESS] heartbeat x0: 24578s cycle=62
17:11:34 [S44-HARNESS] heartbeat x0: 24638s cycle=62
17:12:34 [S44-HARNESS] heartbeat x0: 24698s cycle=62
17:13:34 [S44-HARNESS] heartbeat x0: 24758s cycle=62
17:14:35 [S44-HARNESS] heartbeat x0: 24819s cycle=63
17:15:35 [S44-HARNESS] heartbeat x0: 24879s cycle=63
17:16:35 [S44-HARNESS] heartbeat x0: 24939s cycle=63
17:17:35 [S44-HARNESS] heartbeat x0: 24999s cycle=63
17:18:35 [S44-HARNESS] heartbeat x0: 25059s cycle=63
17:19:35 [S44-HARNESS] heartbeat x0: 25119s cycle=63
17:20:35 [S44-HARNESS] heartbeat x0: 25179s cycle=64
17:21:35 [S44-HARNESS] heartbeat x0: 25239s cycle=64
17:22:36 [S44-HARNESS] heartbeat x0: 25299s cycle=64
17:23:36 [S44-HARNESS] heartbeat x0: 25360s cycle=64
17:24:36 [S44-HARNESS] heartbeat x0: 25420s cycle=64
17:25:36 [S44-HARNESS] heartbeat x0: 25480s cycle=64
17:26:36 [S44-HARNESS] heartbeat x0: 25540s cycle=65
17:27:36 [S44-HARNESS] heartbeat x0: 25600s cycle=65
17:28:36 [S44-HARNESS] heartbeat x0: 25660s cycle=65
17:29:36 [S44-HARNESS] heartbeat x0: 25720s cycle=65
17:30:36 [S44-HARNESS] heartbeat x0: 25780s cycle=65
17:31:37 [S44-HARNESS] heartbeat x0: 25841s cycle=65
17:32:37 [S44-HARNESS] heartbeat x0: 25901s cycle=66
17:33:37 [S44-HARNESS] heartbeat x0: 25961s cycle=66
17:34:37 [S44-HARNESS] heartbeat x0: 26021s cycle=66
17:35:37 [S44-HARNESS] heartbeat x0: 26081s cycle=66
17:36:37 [S44-HARNESS] heartbeat x0: 26141s cycle=66
17:37:37 [S44-HARNESS] heartbeat x0: 26201s cycle=66
17:38:37 [S44-HARNESS] heartbeat x0: 26261s cycle=67
17:39:37 [S44-HARNESS] heartbeat x0: 26321s cycle=67
17:40:38 [S44-HARNESS] heartbeat x0: 26381s cycle=67
17:41:38 [S44-HARNESS] heartbeat x0: 26442s cycle=67
17:42:38 [S44-HARNESS] heartbeat x0: 26502s cycle=67
17:43:38 [S44-HARNESS] heartbeat x0: 26562s cycle=67
17:44:38 [S44-HARNESS] heartbeat x0: 26622s cycle=67
17:45:38 [S44-HARNESS] heartbeat x0: 26682s cycle=68
17:46:38 [S44-HARNESS] heartbeat x0: 26742s cycle=68
17:47:38 [S44-HARNESS] heartbeat x0: 26802s cycle=68
17:48:38 [S44-HARNESS] heartbeat x0: 26862s cycle=68
17:49:39 [S44-HARNESS] heartbeat x0: 26922s cycle=68
17:50:39 [S44-HARNESS] heartbeat x0: 26983s cycle=68
17:51:39 [S44-HARNESS] heartbeat x0: 27043s cycle=69
17:52:39 [S44-HARNESS] heartbeat x0: 27103s cycle=69
17:53:39 [S44-HARNESS] heartbeat x0: 27163s cycle=69
17:54:39 [S44-HARNESS] heartbeat x0: 27223s cycle=69
17:55:39 [S44-HARNESS] heartbeat x0: 27283s cycle=69
17:56:39 [S44-HARNESS] heartbeat x0: 27343s cycle=69
17:57:39 [S44-HARNESS] heartbeat x0: 27403s cycle=70
17:58:40 [S44-HARNESS] heartbeat x0: 27463s cycle=70
17:59:40 [S44-HARNESS] heartbeat x0: 27524s cycle=70
18:00:40 [S44-HARNESS] heartbeat x0: 27584s cycle=70
18:01:40 [S44-HARNESS] heartbeat x0: 27644s cycle=70
18:02:40 [S44-HARNESS] heartbeat x0: 27704s cycle=70
18:03:40 [S44-HARNESS] heartbeat x0: 27764s cycle=71
18:04:40 [S44-HARNESS] heartbeat x0: 27824s cycle=71
18:05:40 [S44-HARNESS] heartbeat x0: 27884s cycle=71
18:06:41 [S44-HARNESS] heartbeat x0: 27944s cycle=71
18:07:41 [S44-HARNESS] heartbeat x0: 28005s cycle=71
18:08:41 [S44-HARNESS] heartbeat x0: 28065s cycle=71
18:09:41 [S44-HARNESS] heartbeat x0: 28125s cycle=71
18:10:41 [S44-HARNESS] heartbeat x0: 28185s cycle=72
18:11:41 [S44-HARNESS] heartbeat x0: 28245s cycle=72
18:12:41 [S44-HARNESS] heartbeat x0: 28305s cycle=72
18:13:41 [S44-HARNESS] heartbeat x0: 28365s cycle=72
18:14:41 [S44-HARNESS] heartbeat x0: 28425s cycle=72
18:15:42 [S44-HARNESS] heartbeat x0: 28485s cycle=72
18:16:32 [S44-HARNESS] finished x0 pid=4781 exit=0 status=certified wall=28536s
18:16:37 [S44-HARNESS] launched n7_4h_e1 (key db77e1549af855bc) pid=15017
18:16:42 [S44-HARNESS] heartbeat n7_4h_e1: 5s cycle=None
18:17:42 [S44-HARNESS] heartbeat n7_4h_e1: 65s cycle=None
18:18:42 [S44-HARNESS] heartbeat n7_4h_e1: 125s cycle=None
18:19:42 [S44-HARNESS] heartbeat n7_4h_e1: 185s cycle=None
18:20:42 [S44-HARNESS] heartbeat n7_4h_e1: 245s cycle=None
18:21:42 [S44-HARNESS] heartbeat n7_4h_e1: 306s cycle=None
18:22:42 [S44-HARNESS] heartbeat n7_4h_e1: 366s cycle=None
18:23:42 [S44-HARNESS] heartbeat n7_4h_e1: 426s cycle=None
18:24:43 [S44-HARNESS] heartbeat n7_4h_e1: 486s cycle=None
18:25:43 [S44-HARNESS] heartbeat n7_4h_e1: 546s cycle=None
18:26:43 [S44-HARNESS] heartbeat n7_4h_e1: 606s cycle=None
18:27:43 [S44-HARNESS] heartbeat n7_4h_e1: 666s cycle=None
18:28:43 [S44-HARNESS] heartbeat n7_4h_e1: 726s cycle=None
18:29:43 [S44-HARNESS] heartbeat n7_4h_e1: 786s cycle=None
18:30:43 [S44-HARNESS] heartbeat n7_4h_e1: 847s cycle=None
18:31:43 [S44-HARNESS] heartbeat n7_4h_e1: 907s cycle=None
18:32:43 [S44-HARNESS] heartbeat n7_4h_e1: 967s cycle=None
18:33:44 [S44-HARNESS] heartbeat n7_4h_e1: 1027s cycle=None
18:34:44 [S44-HARNESS] heartbeat n7_4h_e1: 1087s cycle=1
18:35:44 [S44-HARNESS] heartbeat n7_4h_e1: 1147s cycle=1
18:36:44 [S44-HARNESS] heartbeat n7_4h_e1: 1207s cycle=1
18:37:44 [S44-HARNESS] heartbeat n7_4h_e1: 1267s cycle=1
18:38:44 [S44-HARNESS] heartbeat n7_4h_e1: 1327s cycle=1
18:39:44 [S44-HARNESS] heartbeat n7_4h_e1: 1388s cycle=1
18:40:44 [S44-HARNESS] heartbeat n7_4h_e1: 1448s cycle=1
18:41:44 [S44-HARNESS] heartbeat n7_4h_e1: 1508s cycle=1
18:42:45 [S44-HARNESS] heartbeat n7_4h_e1: 1568s cycle=1
18:43:45 [S44-HARNESS] heartbeat n7_4h_e1: 1628s cycle=1
18:44:45 [S44-HARNESS] heartbeat n7_4h_e1: 1688s cycle=1
18:45:45 [S44-HARNESS] heartbeat n7_4h_e1: 1748s cycle=1
18:46:45 [S44-HARNESS] heartbeat n7_4h_e1: 1808s cycle=2
18:47:45 [S44-HARNESS] heartbeat n7_4h_e1: 1868s cycle=2
18:48:45 [S44-HARNESS] heartbeat n7_4h_e1: 1929s cycle=2
18:49:45 [S44-HARNESS] heartbeat n7_4h_e1: 1989s cycle=2
18:50:45 [S44-HARNESS] heartbeat n7_4h_e1: 2049s cycle=2
18:51:46 [S44-HARNESS] heartbeat n7_4h_e1: 2109s cycle=2
18:52:46 [S44-HARNESS] heartbeat n7_4h_e1: 2169s cycle=2
18:53:46 [S44-HARNESS] heartbeat n7_4h_e1: 2229s cycle=3
18:54:46 [S44-HARNESS] heartbeat n7_4h_e1: 2289s cycle=3
18:55:46 [S44-HARNESS] heartbeat n7_4h_e1: 2349s cycle=3
18:56:46 [S44-HARNESS] heartbeat n7_4h_e1: 2409s cycle=3
18:57:46 [S44-HARNESS] heartbeat n7_4h_e1: 2469s cycle=3
18:58:46 [S44-HARNESS] heartbeat n7_4h_e1: 2529s cycle=3
18:59:46 [S44-HARNESS] heartbeat n7_4h_e1: 2590s cycle=3
19:00:46 [S44-HARNESS] heartbeat n7_4h_e1: 2650s cycle=3
19:01:46 [S44-HARNESS] heartbeat n7_4h_e1: 2710s cycle=4
19:02:46 [S44-HARNESS] heartbeat n7_4h_e1: 2770s cycle=4
19:03:47 [S44-HARNESS] heartbeat n7_4h_e1: 2830s cycle=4
19:04:47 [S44-HARNESS] heartbeat n7_4h_e1: 2890s cycle=4
19:05:47 [S44-HARNESS] heartbeat n7_4h_e1: 2950s cycle=4
19:06:47 [S44-HARNESS] heartbeat n7_4h_e1: 3010s cycle=4
19:07:47 [S44-HARNESS] heartbeat n7_4h_e1: 3070s cycle=4
19:08:47 [S44-HARNESS] heartbeat n7_4h_e1: 3130s cycle=5
19:09:47 [S44-HARNESS] heartbeat n7_4h_e1: 3190s cycle=5
19:10:47 [S44-HARNESS] heartbeat n7_4h_e1: 3251s cycle=5
19:11:47 [S44-HARNESS] heartbeat n7_4h_e1: 3311s cycle=5
19:12:47 [S44-HARNESS] heartbeat n7_4h_e1: 3371s cycle=5
19:13:47 [S44-HARNESS] heartbeat n7_4h_e1: 3431s cycle=5
19:14:47 [S44-HARNESS] heartbeat n7_4h_e1: 3491s cycle=5
19:15:48 [S44-HARNESS] heartbeat n7_4h_e1: 3551s cycle=5
19:16:48 [S44-HARNESS] heartbeat n7_4h_e1: 3611s cycle=6
19:17:48 [S44-HARNESS] heartbeat n7_4h_e1: 3671s cycle=6
19:18:48 [S44-HARNESS] heartbeat n7_4h_e1: 3731s cycle=6
19:19:48 [S44-HARNESS] heartbeat n7_4h_e1: 3791s cycle=6
19:20:48 [S44-HARNESS] heartbeat n7_4h_e1: 3851s cycle=6
19:21:48 [S44-HARNESS] heartbeat n7_4h_e1: 3912s cycle=6
19:22:48 [S44-HARNESS] heartbeat n7_4h_e1: 3972s cycle=6
19:23:48 [S44-HARNESS] heartbeat n7_4h_e1: 4032s cycle=6
19:24:49 [S44-HARNESS] heartbeat n7_4h_e1: 4092s cycle=7
19:25:49 [S44-HARNESS] heartbeat n7_4h_e1: 4152s cycle=7
19:26:49 [S44-HARNESS] heartbeat n7_4h_e1: 4212s cycle=7
19:27:49 [S44-HARNESS] heartbeat n7_4h_e1: 4272s cycle=7
19:28:49 [S44-HARNESS] heartbeat n7_4h_e1: 4332s cycle=7
19:29:49 [S44-HARNESS] heartbeat n7_4h_e1: 4392s cycle=7
19:30:49 [S44-HARNESS] heartbeat n7_4h_e1: 4452s cycle=7
19:31:49 [S44-HARNESS] heartbeat n7_4h_e1: 4512s cycle=8
19:32:49 [S44-HARNESS] heartbeat n7_4h_e1: 4573s cycle=8
19:33:49 [S44-HARNESS] heartbeat n7_4h_e1: 4633s cycle=8
19:34:49 [S44-HARNESS] heartbeat n7_4h_e1: 4693s cycle=8
19:35:49 [S44-HARNESS] heartbeat n7_4h_e1: 4753s cycle=8
19:36:50 [S44-HARNESS] heartbeat n7_4h_e1: 4813s cycle=8
19:37:50 [S44-HARNESS] heartbeat n7_4h_e1: 4873s cycle=8
19:38:50 [S44-HARNESS] heartbeat n7_4h_e1: 4933s cycle=9
19:39:50 [S44-HARNESS] heartbeat n7_4h_e1: 4993s cycle=9
19:40:50 [S44-HARNESS] heartbeat n7_4h_e1: 5053s cycle=9
19:41:50 [S44-HARNESS] heartbeat n7_4h_e1: 5113s cycle=9
19:42:50 [S44-HARNESS] heartbeat n7_4h_e1: 5173s cycle=9
19:43:50 [S44-HARNESS] heartbeat n7_4h_e1: 5234s cycle=9
19:44:50 [S44-HARNESS] heartbeat n7_4h_e1: 5294s cycle=9
19:45:50 [S44-HARNESS] heartbeat n7_4h_e1: 5354s cycle=9
19:46:50 [S44-HARNESS] heartbeat n7_4h_e1: 5414s cycle=10
19:47:50 [S44-HARNESS] heartbeat n7_4h_e1: 5474s cycle=10
19:48:51 [S44-HARNESS] heartbeat n7_4h_e1: 5534s cycle=10
19:49:51 [S44-HARNESS] heartbeat n7_4h_e1: 5594s cycle=10
19:50:51 [S44-HARNESS] heartbeat n7_4h_e1: 5654s cycle=10
19:51:51 [S44-HARNESS] heartbeat n7_4h_e1: 5714s cycle=10
19:52:51 [S44-HARNESS] heartbeat n7_4h_e1: 5774s cycle=10
19:53:51 [S44-HARNESS] heartbeat n7_4h_e1: 5835s cycle=10
19:54:51 [S44-HARNESS] heartbeat n7_4h_e1: 5895s cycle=11
19:55:51 [S44-HARNESS] heartbeat n7_4h_e1: 5955s cycle=11
19:56:51 [S44-HARNESS] heartbeat n7_4h_e1: 6015s cycle=11
19:57:52 [S44-HARNESS] heartbeat n7_4h_e1: 6075s cycle=11
19:58:52 [S44-HARNESS] heartbeat n7_4h_e1: 6135s cycle=11
19:59:52 [S44-HARNESS] heartbeat n7_4h_e1: 6195s cycle=11
20:00:52 [S44-HARNESS] heartbeat n7_4h_e1: 6255s cycle=11
20:01:52 [S44-HARNESS] heartbeat n7_4h_e1: 6315s cycle=12
20:02:52 [S44-HARNESS] heartbeat n7_4h_e1: 6376s cycle=12
20:03:52 [S44-HARNESS] heartbeat n7_4h_e1: 6436s cycle=12
20:04:52 [S44-HARNESS] heartbeat n7_4h_e1: 6496s cycle=12
20:05:52 [S44-HARNESS] heartbeat n7_4h_e1: 6556s cycle=12
20:06:53 [S44-HARNESS] heartbeat n7_4h_e1: 6616s cycle=12
20:07:53 [S44-HARNESS] heartbeat n7_4h_e1: 6676s cycle=12
20:08:53 [S44-HARNESS] heartbeat n7_4h_e1: 6736s cycle=13
20:09:53 [S44-HARNESS] heartbeat n7_4h_e1: 6796s cycle=13
20:10:53 [S44-HARNESS] heartbeat n7_4h_e1: 6856s cycle=13
20:11:53 [S44-HARNESS] heartbeat n7_4h_e1: 6917s cycle=13
20:12:53 [S44-HARNESS] heartbeat n7_4h_e1: 6977s cycle=13
20:13:53 [S44-HARNESS] heartbeat n7_4h_e1: 7037s cycle=13
20:14:54 [S44-HARNESS] heartbeat n7_4h_e1: 7097s cycle=13
20:15:54 [S44-HARNESS] heartbeat n7_4h_e1: 7157s cycle=14
20:16:54 [S44-HARNESS] heartbeat n7_4h_e1: 7217s cycle=14
20:17:54 [S44-HARNESS] heartbeat n7_4h_e1: 7277s cycle=14
20:18:54 [S44-HARNESS] heartbeat n7_4h_e1: 7337s cycle=14
20:19:54 [S44-HARNESS] heartbeat n7_4h_e1: 7397s cycle=14
20:20:54 [S44-HARNESS] heartbeat n7_4h_e1: 7458s cycle=14
20:21:54 [S44-HARNESS] heartbeat n7_4h_e1: 7518s cycle=14
20:22:54 [S44-HARNESS] heartbeat n7_4h_e1: 7578s cycle=15
20:23:55 [S44-HARNESS] heartbeat n7_4h_e1: 7638s cycle=15
20:24:55 [S44-HARNESS] heartbeat n7_4h_e1: 7698s cycle=15
20:25:55 [S44-HARNESS] heartbeat n7_4h_e1: 7758s cycle=15
20:26:55 [S44-HARNESS] heartbeat n7_4h_e1: 7818s cycle=15
20:27:55 [S44-HARNESS] heartbeat n7_4h_e1: 7878s cycle=15
20:28:55 [S44-HARNESS] heartbeat n7_4h_e1: 7939s cycle=15
20:29:55 [S44-HARNESS] heartbeat n7_4h_e1: 7999s cycle=16
20:30:55 [S44-HARNESS] heartbeat n7_4h_e1: 8059s cycle=16
20:31:56 [S44-HARNESS] heartbeat n7_4h_e1: 8119s cycle=16
20:32:56 [S44-HARNESS] heartbeat n7_4h_e1: 8179s cycle=16
20:33:56 [S44-HARNESS] heartbeat n7_4h_e1: 8239s cycle=16
20:34:56 [S44-HARNESS] heartbeat n7_4h_e1: 8299s cycle=16
20:35:56 [S44-HARNESS] heartbeat n7_4h_e1: 8359s cycle=16
20:36:56 [S44-HARNESS] heartbeat n7_4h_e1: 8419s cycle=17
20:37:56 [S44-HARNESS] heartbeat n7_4h_e1: 8480s cycle=17
20:38:56 [S44-HARNESS] heartbeat n7_4h_e1: 8540s cycle=17
20:39:56 [S44-HARNESS] heartbeat n7_4h_e1: 8600s cycle=17
20:40:57 [S44-HARNESS] heartbeat n7_4h_e1: 8660s cycle=17
20:41:57 [S44-HARNESS] heartbeat n7_4h_e1: 8720s cycle=17
20:42:57 [S44-HARNESS] heartbeat n7_4h_e1: 8780s cycle=17
20:43:57 [S44-HARNESS] heartbeat n7_4h_e1: 8840s cycle=18
20:44:57 [S44-HARNESS] heartbeat n7_4h_e1: 8900s cycle=18
20:45:57 [S44-HARNESS] heartbeat n7_4h_e1: 8960s cycle=18
20:46:57 [S44-HARNESS] heartbeat n7_4h_e1: 9021s cycle=18
20:47:57 [S44-HARNESS] heartbeat n7_4h_e1: 9081s cycle=18
20:48:57 [S44-HARNESS] heartbeat n7_4h_e1: 9141s cycle=18
20:49:58 [S44-HARNESS] heartbeat n7_4h_e1: 9201s cycle=18
20:50:58 [S44-HARNESS] heartbeat n7_4h_e1: 9261s cycle=19
20:51:58 [S44-HARNESS] heartbeat n7_4h_e1: 9321s cycle=19
20:52:58 [S44-HARNESS] heartbeat n7_4h_e1: 9381s cycle=19
20:53:58 [S44-HARNESS] heartbeat n7_4h_e1: 9441s cycle=19
20:54:58 [S44-HARNESS] heartbeat n7_4h_e1: 9502s cycle=19
20:55:58 [S44-HARNESS] heartbeat n7_4h_e1: 9562s cycle=19
20:56:58 [S44-HARNESS] heartbeat n7_4h_e1: 9622s cycle=19
20:57:59 [S44-HARNESS] heartbeat n7_4h_e1: 9682s cycle=20
20:58:59 [S44-HARNESS] heartbeat n7_4h_e1: 9742s cycle=20
20:59:59 [S44-HARNESS] heartbeat n7_4h_e1: 9802s cycle=20
21:00:59 [S44-HARNESS] heartbeat n7_4h_e1: 9862s cycle=20
21:01:59 [S44-HARNESS] heartbeat n7_4h_e1: 9922s cycle=20
21:02:59 [S44-HARNESS] heartbeat n7_4h_e1: 9982s cycle=20
21:03:59 [S44-HARNESS] heartbeat n7_4h_e1: 10043s cycle=20
21:04:59 [S44-HARNESS] heartbeat n7_4h_e1: 10103s cycle=21
21:05:59 [S44-HARNESS] heartbeat n7_4h_e1: 10163s cycle=21
21:07:00 [S44-HARNESS] heartbeat n7_4h_e1: 10223s cycle=21
21:08:00 [S44-HARNESS] heartbeat n7_4h_e1: 10283s cycle=21
21:09:00 [S44-HARNESS] heartbeat n7_4h_e1: 10343s cycle=21
21:10:00 [S44-HARNESS] heartbeat n7_4h_e1: 10403s cycle=21
21:11:00 [S44-HARNESS] heartbeat n7_4h_e1: 10463s cycle=21
21:12:00 [S44-HARNESS] heartbeat n7_4h_e1: 10524s cycle=22
21:13:00 [S44-HARNESS] heartbeat n7_4h_e1: 10584s cycle=22
21:14:00 [S44-HARNESS] heartbeat n7_4h_e1: 10644s cycle=22
21:15:00 [S44-HARNESS] heartbeat n7_4h_e1: 10704s cycle=22
21:16:01 [S44-HARNESS] heartbeat n7_4h_e1: 10764s cycle=22
21:17:01 [S44-HARNESS] heartbeat n7_4h_e1: 10824s cycle=22
21:18:01 [S44-HARNESS] heartbeat n7_4h_e1: 10884s cycle=22
21:19:01 [S44-HARNESS] heartbeat n7_4h_e1: 10944s cycle=23
21:20:01 [S44-HARNESS] heartbeat n7_4h_e1: 11004s cycle=23
21:21:01 [S44-HARNESS] heartbeat n7_4h_e1: 11065s cycle=23
21:22:01 [S44-HARNESS] heartbeat n7_4h_e1: 11125s cycle=23
21:23:01 [S44-HARNESS] heartbeat n7_4h_e1: 11185s cycle=23
21:24:02 [S44-HARNESS] heartbeat n7_4h_e1: 11245s cycle=23
21:25:02 [S44-HARNESS] heartbeat n7_4h_e1: 11305s cycle=23
21:26:02 [S44-HARNESS] heartbeat n7_4h_e1: 11365s cycle=24
21:27:02 [S44-HARNESS] heartbeat n7_4h_e1: 11425s cycle=24
21:28:02 [S44-HARNESS] heartbeat n7_4h_e1: 11485s cycle=24
21:29:02 [S44-HARNESS] heartbeat n7_4h_e1: 11546s cycle=24
21:30:02 [S44-HARNESS] heartbeat n7_4h_e1: 11606s cycle=24
21:31:02 [S44-HARNESS] heartbeat n7_4h_e1: 11666s cycle=24
21:32:03 [S44-HARNESS] heartbeat n7_4h_e1: 11726s cycle=24
21:33:03 [S44-HARNESS] heartbeat n7_4h_e1: 11786s cycle=25
21:34:03 [S44-HARNESS] heartbeat n7_4h_e1: 11846s cycle=25
21:35:03 [S44-HARNESS] heartbeat n7_4h_e1: 11906s cycle=25
21:36:03 [S44-HARNESS] heartbeat n7_4h_e1: 11966s cycle=25
21:37:03 [S44-HARNESS] heartbeat n7_4h_e1: 12026s cycle=25
21:38:03 [S44-HARNESS] heartbeat n7_4h_e1: 12087s cycle=25
21:39:03 [S44-HARNESS] heartbeat n7_4h_e1: 12147s cycle=25
21:40:03 [S44-HARNESS] heartbeat n7_4h_e1: 12207s cycle=26
21:41:04 [S44-HARNESS] heartbeat n7_4h_e1: 12267s cycle=26
21:42:04 [S44-HARNESS] heartbeat n7_4h_e1: 12327s cycle=26
21:43:04 [S44-HARNESS] heartbeat n7_4h_e1: 12387s cycle=26
21:44:04 [S44-HARNESS] heartbeat n7_4h_e1: 12447s cycle=26
21:45:04 [S44-HARNESS] heartbeat n7_4h_e1: 12507s cycle=26
21:46:04 [S44-HARNESS] heartbeat n7_4h_e1: 12568s cycle=26
21:47:04 [S44-HARNESS] heartbeat n7_4h_e1: 12628s cycle=27
21:48:04 [S44-HARNESS] heartbeat n7_4h_e1: 12688s cycle=27
21:49:05 [S44-HARNESS] heartbeat n7_4h_e1: 12748s cycle=27
21:50:05 [S44-HARNESS] heartbeat n7_4h_e1: 12808s cycle=27
21:51:05 [S44-HARNESS] heartbeat n7_4h_e1: 12868s cycle=27
21:52:05 [S44-HARNESS] heartbeat n7_4h_e1: 12928s cycle=27
21:53:05 [S44-HARNESS] heartbeat n7_4h_e1: 12988s cycle=27
21:54:05 [S44-HARNESS] heartbeat n7_4h_e1: 13048s cycle=28
21:55:05 [S44-HARNESS] heartbeat n7_4h_e1: 13109s cycle=28
21:56:05 [S44-HARNESS] heartbeat n7_4h_e1: 13169s cycle=28
21:57:05 [S44-HARNESS] heartbeat n7_4h_e1: 13229s cycle=28
21:58:06 [S44-HARNESS] heartbeat n7_4h_e1: 13289s cycle=28
21:59:06 [S44-HARNESS] heartbeat n7_4h_e1: 13349s cycle=28
22:00:06 [S44-HARNESS] heartbeat n7_4h_e1: 13409s cycle=28
22:01:06 [S44-HARNESS] heartbeat n7_4h_e1: 13469s cycle=28
22:02:06 [S44-HARNESS] heartbeat n7_4h_e1: 13529s cycle=29
22:03:06 [S44-HARNESS] heartbeat n7_4h_e1: 13589s cycle=29
22:04:06 [S44-HARNESS] heartbeat n7_4h_e1: 13650s cycle=29
22:05:06 [S44-HARNESS] heartbeat n7_4h_e1: 13710s cycle=29
22:06:06 [S44-HARNESS] heartbeat n7_4h_e1: 13770s cycle=29
22:07:07 [S44-HARNESS] heartbeat n7_4h_e1: 13830s cycle=29
22:08:07 [S44-HARNESS] heartbeat n7_4h_e1: 13890s cycle=30
22:09:07 [S44-HARNESS] heartbeat n7_4h_e1: 13950s cycle=30
22:10:07 [S44-HARNESS] heartbeat n7_4h_e1: 14010s cycle=30
22:11:07 [S44-HARNESS] heartbeat n7_4h_e1: 14070s cycle=30
22:12:07 [S44-HARNESS] heartbeat n7_4h_e1: 14131s cycle=30
22:13:07 [S44-HARNESS] heartbeat n7_4h_e1: 14191s cycle=30
22:14:07 [S44-HARNESS] heartbeat n7_4h_e1: 14251s cycle=30
22:15:08 [S44-HARNESS] heartbeat n7_4h_e1: 14311s cycle=31
22:16:08 [S44-HARNESS] heartbeat n7_4h_e1: 14371s cycle=31
22:17:08 [S44-HARNESS] heartbeat n7_4h_e1: 14431s cycle=31
22:18:08 [S44-HARNESS] heartbeat n7_4h_e1: 14491s cycle=31
22:19:08 [S44-HARNESS] heartbeat n7_4h_e1: 14551s cycle=31
22:20:08 [S44-HARNESS] heartbeat n7_4h_e1: 14611s cycle=31
22:21:08 [S44-HARNESS] heartbeat n7_4h_e1: 14672s cycle=31
22:22:08 [S44-HARNESS] heartbeat n7_4h_e1: 14732s cycle=32
22:23:08 [S44-HARNESS] heartbeat n7_4h_e1: 14792s cycle=32
22:24:09 [S44-HARNESS] heartbeat n7_4h_e1: 14852s cycle=32
22:25:09 [S44-HARNESS] heartbeat n7_4h_e1: 14912s cycle=32
22:26:09 [S44-HARNESS] heartbeat n7_4h_e1: 14972s cycle=32
22:27:09 [S44-HARNESS] heartbeat n7_4h_e1: 15032s cycle=32
22:28:09 [S44-HARNESS] heartbeat n7_4h_e1: 15092s cycle=33
22:29:09 [S44-HARNESS] heartbeat n7_4h_e1: 15153s cycle=33
22:30:09 [S44-HARNESS] heartbeat n7_4h_e1: 15213s cycle=33
22:31:09 [S44-HARNESS] heartbeat n7_4h_e1: 15273s cycle=33
22:32:10 [S44-HARNESS] heartbeat n7_4h_e1: 15333s cycle=33
22:33:10 [S44-HARNESS] heartbeat n7_4h_e1: 15393s cycle=33
22:34:10 [S44-HARNESS] heartbeat n7_4h_e1: 15453s cycle=33
22:35:10 [S44-HARNESS] heartbeat n7_4h_e1: 15513s cycle=34
22:36:10 [S44-HARNESS] heartbeat n7_4h_e1: 15573s cycle=34
22:37:10 [S44-HARNESS] heartbeat n7_4h_e1: 15633s cycle=34
22:38:10 [S44-HARNESS] heartbeat n7_4h_e1: 15694s cycle=34
22:39:10 [S44-HARNESS] heartbeat n7_4h_e1: 15754s cycle=34
22:40:10 [S44-HARNESS] heartbeat n7_4h_e1: 15814s cycle=34
22:41:11 [S44-HARNESS] heartbeat n7_4h_e1: 15874s cycle=34
22:42:11 [S44-HARNESS] heartbeat n7_4h_e1: 15934s cycle=35
22:43:11 [S44-HARNESS] heartbeat n7_4h_e1: 15994s cycle=35
22:44:11 [S44-HARNESS] heartbeat n7_4h_e1: 16054s cycle=35
22:45:11 [S44-HARNESS] heartbeat n7_4h_e1: 16114s cycle=35
22:46:11 [S44-HARNESS] heartbeat n7_4h_e1: 16174s cycle=35
22:47:11 [S44-HARNESS] heartbeat n7_4h_e1: 16235s cycle=35
22:48:11 [S44-HARNESS] heartbeat n7_4h_e1: 16295s cycle=35
22:49:12 [S44-HARNESS] heartbeat n7_4h_e1: 16355s cycle=36
22:50:12 [S44-HARNESS] heartbeat n7_4h_e1: 16415s cycle=36
22:51:12 [S44-HARNESS] heartbeat n7_4h_e1: 16475s cycle=36
22:52:12 [S44-HARNESS] heartbeat n7_4h_e1: 16535s cycle=36
22:53:12 [S44-HARNESS] heartbeat n7_4h_e1: 16595s cycle=36
22:54:12 [S44-HARNESS] heartbeat n7_4h_e1: 16655s cycle=36
22:55:12 [S44-HARNESS] heartbeat n7_4h_e1: 16716s cycle=36
22:56:12 [S44-HARNESS] heartbeat n7_4h_e1: 16776s cycle=37
22:57:12 [S44-HARNESS] heartbeat n7_4h_e1: 16836s cycle=37
22:58:13 [S44-HARNESS] heartbeat n7_4h_e1: 16896s cycle=37
22:59:13 [S44-HARNESS] heartbeat n7_4h_e1: 16956s cycle=37
23:00:13 [S44-HARNESS] heartbeat n7_4h_e1: 17016s cycle=37
23:01:13 [S44-HARNESS] heartbeat n7_4h_e1: 17076s cycle=37
23:02:13 [S44-HARNESS] heartbeat n7_4h_e1: 17136s cycle=37
23:03:13 [S44-HARNESS] heartbeat n7_4h_e1: 17196s cycle=38
23:04:13 [S44-HARNESS] heartbeat n7_4h_e1: 17257s cycle=38
23:05:13 [S44-HARNESS] heartbeat n7_4h_e1: 17317s cycle=38
23:06:13 [S44-HARNESS] heartbeat n7_4h_e1: 17377s cycle=38
23:07:14 [S44-HARNESS] heartbeat n7_4h_e1: 17437s cycle=38
23:08:14 [S44-HARNESS] heartbeat n7_4h_e1: 17497s cycle=38
23:09:14 [S44-HARNESS] heartbeat n7_4h_e1: 17557s cycle=38
23:10:14 [S44-HARNESS] heartbeat n7_4h_e1: 17617s cycle=39
23:11:14 [S44-HARNESS] heartbeat n7_4h_e1: 17677s cycle=39
23:12:14 [S44-HARNESS] heartbeat n7_4h_e1: 17738s cycle=39
23:13:14 [S44-HARNESS] heartbeat n7_4h_e1: 17798s cycle=39
23:14:14 [S44-HARNESS] heartbeat n7_4h_e1: 17858s cycle=39
23:15:15 [S44-HARNESS] heartbeat n7_4h_e1: 17918s cycle=39
23:16:15 [S44-HARNESS] heartbeat n7_4h_e1: 17978s cycle=40
23:17:15 [S44-HARNESS] heartbeat n7_4h_e1: 18038s cycle=40
23:18:15 [S44-HARNESS] heartbeat n7_4h_e1: 18098s cycle=40
23:19:15 [S44-HARNESS] heartbeat n7_4h_e1: 18158s cycle=40
23:20:15 [S44-HARNESS] heartbeat n7_4h_e1: 18218s cycle=40
23:21:15 [S44-HARNESS] heartbeat n7_4h_e1: 18279s cycle=40
23:22:15 [S44-HARNESS] heartbeat n7_4h_e1: 18339s cycle=40
23:23:15 [S44-HARNESS] heartbeat n7_4h_e1: 18399s cycle=41
23:24:16 [S44-HARNESS] heartbeat n7_4h_e1: 18459s cycle=41
23:25:16 [S44-HARNESS] heartbeat n7_4h_e1: 18519s cycle=41
23:26:16 [S44-HARNESS] heartbeat n7_4h_e1: 18579s cycle=41
23:27:16 [S44-HARNESS] heartbeat n7_4h_e1: 18639s cycle=41
23:28:16 [S44-HARNESS] heartbeat n7_4h_e1: 18699s cycle=41
23:29:16 [S44-HARNESS] heartbeat n7_4h_e1: 18760s cycle=41
23:30:16 [S44-HARNESS] heartbeat n7_4h_e1: 18820s cycle=42
23:31:16 [S44-HARNESS] heartbeat n7_4h_e1: 18880s cycle=42
23:32:17 [S44-HARNESS] heartbeat n7_4h_e1: 18940s cycle=42
23:33:17 [S44-HARNESS] heartbeat n7_4h_e1: 19000s cycle=42
23:34:17 [S44-HARNESS] heartbeat n7_4h_e1: 19060s cycle=42
23:35:17 [S44-HARNESS] heartbeat n7_4h_e1: 19120s cycle=42
23:36:17 [S44-HARNESS] heartbeat n7_4h_e1: 19180s cycle=42
23:37:17 [S44-HARNESS] heartbeat n7_4h_e1: 19241s cycle=43
23:38:17 [S44-HARNESS] heartbeat n7_4h_e1: 19301s cycle=43
23:39:17 [S44-HARNESS] heartbeat n7_4h_e1: 19361s cycle=43
23:40:17 [S44-HARNESS] heartbeat n7_4h_e1: 19421s cycle=43
23:41:18 [S44-HARNESS] heartbeat n7_4h_e1: 19481s cycle=43
23:42:18 [S44-HARNESS] heartbeat n7_4h_e1: 19541s cycle=43
23:43:18 [S44-HARNESS] heartbeat n7_4h_e1: 19601s cycle=44
23:44:18 [S44-HARNESS] heartbeat n7_4h_e1: 19661s cycle=44
23:45:18 [S44-HARNESS] heartbeat n7_4h_e1: 19721s cycle=44
23:46:18 [S44-HARNESS] heartbeat n7_4h_e1: 19782s cycle=44
23:47:18 [S44-HARNESS] heartbeat n7_4h_e1: 19842s cycle=44
23:48:18 [S44-HARNESS] heartbeat n7_4h_e1: 19902s cycle=44
23:49:18 [S44-HARNESS] heartbeat n7_4h_e1: 19962s cycle=44
23:50:19 [S44-HARNESS] heartbeat n7_4h_e1: 20022s cycle=45
23:51:19 [S44-HARNESS] heartbeat n7_4h_e1: 20082s cycle=45
23:52:19 [S44-HARNESS] heartbeat n7_4h_e1: 20142s cycle=45
23:53:19 [S44-HARNESS] heartbeat n7_4h_e1: 20202s cycle=45
23:54:19 [S44-HARNESS] heartbeat n7_4h_e1: 20262s cycle=45
23:55:19 [S44-HARNESS] heartbeat n7_4h_e1: 20323s cycle=45
23:56:19 [S44-HARNESS] heartbeat n7_4h_e1: 20383s cycle=46
23:57:19 [S44-HARNESS] heartbeat n7_4h_e1: 20443s cycle=46
23:58:20 [S44-HARNESS] heartbeat n7_4h_e1: 20503s cycle=46
23:59:20 [S44-HARNESS] heartbeat n7_4h_e1: 20563s cycle=46
00:00:20 [S44-HARNESS] heartbeat n7_4h_e1: 20623s cycle=46
00:01:20 [S44-HARNESS] heartbeat n7_4h_e1: 20683s cycle=46
00:02:20 [S44-HARNESS] heartbeat n7_4h_e1: 20743s cycle=46
00:03:20 [S44-HARNESS] heartbeat n7_4h_e1: 20803s cycle=47
00:04:20 [S44-HARNESS] heartbeat n7_4h_e1: 20864s cycle=47
00:05:20 [S44-HARNESS] heartbeat n7_4h_e1: 20924s cycle=47
00:06:20 [S44-HARNESS] heartbeat n7_4h_e1: 20984s cycle=47
00:07:21 [S44-HARNESS] heartbeat n7_4h_e1: 21044s cycle=47
00:08:21 [S44-HARNESS] heartbeat n7_4h_e1: 21104s cycle=47
00:09:21 [S44-HARNESS] heartbeat n7_4h_e1: 21164s cycle=47
00:10:21 [S44-HARNESS] heartbeat n7_4h_e1: 21224s cycle=48
00:11:21 [S44-HARNESS] heartbeat n7_4h_e1: 21284s cycle=48
00:12:21 [S44-HARNESS] heartbeat n7_4h_e1: 21345s cycle=48
00:13:21 [S44-HARNESS] heartbeat n7_4h_e1: 21405s cycle=48
00:14:21 [S44-HARNESS] heartbeat n7_4h_e1: 21465s cycle=48
00:15:22 [S44-HARNESS] heartbeat n7_4h_e1: 21525s cycle=48
00:16:22 [S44-HARNESS] heartbeat n7_4h_e1: 21585s cycle=49
00:17:22 [S44-HARNESS] heartbeat n7_4h_e1: 21645s cycle=49
00:18:22 [S44-HARNESS] heartbeat n7_4h_e1: 21705s cycle=49
00:19:22 [S44-HARNESS] heartbeat n7_4h_e1: 21765s cycle=49
00:20:22 [S44-HARNESS] heartbeat n7_4h_e1: 21825s cycle=49
00:21:22 [S44-HARNESS] heartbeat n7_4h_e1: 21886s cycle=49
00:22:22 [S44-HARNESS] heartbeat n7_4h_e1: 21946s cycle=49
00:23:22 [S44-HARNESS] heartbeat n7_4h_e1: 22006s cycle=49
00:24:23 [S44-HARNESS] heartbeat n7_4h_e1: 22066s cycle=50
00:25:23 [S44-HARNESS] heartbeat n7_4h_e1: 22126s cycle=50
00:26:23 [S44-HARNESS] heartbeat n7_4h_e1: 22186s cycle=50
00:27:23 [S44-HARNESS] heartbeat n7_4h_e1: 22246s cycle=50
00:28:23 [S44-HARNESS] heartbeat n7_4h_e1: 22306s cycle=50
00:29:23 [S44-HARNESS] heartbeat n7_4h_e1: 22367s cycle=50
00:30:23 [S44-HARNESS] heartbeat n7_4h_e1: 22427s cycle=51
00:31:23 [S44-HARNESS] heartbeat n7_4h_e1: 22487s cycle=51
00:32:24 [S44-HARNESS] heartbeat n7_4h_e1: 22547s cycle=51
00:33:24 [S44-HARNESS] heartbeat n7_4h_e1: 22607s cycle=51
00:34:24 [S44-HARNESS] heartbeat n7_4h_e1: 22667s cycle=51
00:35:24 [S44-HARNESS] heartbeat n7_4h_e1: 22727s cycle=51
00:36:24 [S44-HARNESS] heartbeat n7_4h_e1: 22787s cycle=51
00:37:24 [S44-HARNESS] heartbeat n7_4h_e1: 22847s cycle=52
00:38:24 [S44-HARNESS] heartbeat n7_4h_e1: 22908s cycle=52
00:39:24 [S44-HARNESS] heartbeat n7_4h_e1: 22968s cycle=52
00:40:24 [S44-HARNESS] heartbeat n7_4h_e1: 23028s cycle=52
00:41:25 [S44-HARNESS] heartbeat n7_4h_e1: 23088s cycle=52
00:42:25 [S44-HARNESS] heartbeat n7_4h_e1: 23148s cycle=52
00:43:25 [S44-HARNESS] heartbeat n7_4h_e1: 23208s cycle=52
00:44:25 [S44-HARNESS] heartbeat n7_4h_e1: 23268s cycle=53
00:45:25 [S44-HARNESS] heartbeat n7_4h_e1: 23328s cycle=53
00:46:25 [S44-HARNESS] heartbeat n7_4h_e1: 23388s cycle=53
00:47:25 [S44-HARNESS] heartbeat n7_4h_e1: 23449s cycle=53
00:48:25 [S44-HARNESS] heartbeat n7_4h_e1: 23509s cycle=53
00:49:25 [S44-HARNESS] heartbeat n7_4h_e1: 23569s cycle=53
00:50:26 [S44-HARNESS] heartbeat n7_4h_e1: 23629s cycle=53
00:51:26 [S44-HARNESS] heartbeat n7_4h_e1: 23689s cycle=54
00:52:26 [S44-HARNESS] heartbeat n7_4h_e1: 23749s cycle=54
00:53:26 [S44-HARNESS] heartbeat n7_4h_e1: 23809s cycle=54
00:54:26 [S44-HARNESS] heartbeat n7_4h_e1: 23869s cycle=54
00:55:26 [S44-HARNESS] heartbeat n7_4h_e1: 23930s cycle=54
00:56:26 [S44-HARNESS] heartbeat n7_4h_e1: 23990s cycle=54
00:57:26 [S44-HARNESS] heartbeat n7_4h_e1: 24050s cycle=55
00:58:27 [S44-HARNESS] heartbeat n7_4h_e1: 24110s cycle=55
00:59:27 [S44-HARNESS] heartbeat n7_4h_e1: 24170s cycle=55
01:00:27 [S44-HARNESS] heartbeat n7_4h_e1: 24230s cycle=55
01:01:27 [S44-HARNESS] heartbeat n7_4h_e1: 24290s cycle=55
01:02:27 [S44-HARNESS] heartbeat n7_4h_e1: 24350s cycle=55
01:03:27 [S44-HARNESS] heartbeat n7_4h_e1: 24410s cycle=55
01:04:27 [S44-HARNESS] heartbeat n7_4h_e1: 24471s cycle=56
01:05:27 [S44-HARNESS] heartbeat n7_4h_e1: 24531s cycle=56
01:06:27 [S44-HARNESS] heartbeat n7_4h_e1: 24591s cycle=56
01:07:28 [S44-HARNESS] heartbeat n7_4h_e1: 24651s cycle=56
01:08:28 [S44-HARNESS] heartbeat n7_4h_e1: 24711s cycle=56
01:09:28 [S44-HARNESS] heartbeat n7_4h_e1: 24771s cycle=56
01:10:28 [S44-HARNESS] heartbeat n7_4h_e1: 24831s cycle=57
01:11:28 [S44-HARNESS] heartbeat n7_4h_e1: 24891s cycle=57
01:12:28 [S44-HARNESS] heartbeat n7_4h_e1: 24951s cycle=57
01:13:28 [S44-HARNESS] heartbeat n7_4h_e1: 25012s cycle=57
01:14:28 [S44-HARNESS] heartbeat n7_4h_e1: 25072s cycle=57
01:15:29 [S44-HARNESS] heartbeat n7_4h_e1: 25132s cycle=57
01:16:29 [S44-HARNESS] heartbeat n7_4h_e1: 25192s cycle=58
01:17:29 [S44-HARNESS] heartbeat n7_4h_e1: 25252s cycle=58
01:18:29 [S44-HARNESS] heartbeat n7_4h_e1: 25312s cycle=58
01:19:29 [S44-HARNESS] heartbeat n7_4h_e1: 25372s cycle=58
01:20:29 [S44-HARNESS] heartbeat n7_4h_e1: 25432s cycle=58
01:21:29 [S44-HARNESS] heartbeat n7_4h_e1: 25493s cycle=58
01:22:29 [S44-HARNESS] heartbeat n7_4h_e1: 25553s cycle=58
01:23:29 [S44-HARNESS] heartbeat n7_4h_e1: 25613s cycle=59
01:24:30 [S44-HARNESS] heartbeat n7_4h_e1: 25673s cycle=59
01:25:30 [S44-HARNESS] heartbeat n7_4h_e1: 25733s cycle=59
01:26:30 [S44-HARNESS] heartbeat n7_4h_e1: 25793s cycle=59
01:27:30 [S44-HARNESS] heartbeat n7_4h_e1: 25853s cycle=59
01:28:30 [S44-HARNESS] heartbeat n7_4h_e1: 25913s cycle=59
01:29:30 [S44-HARNESS] heartbeat n7_4h_e1: 25973s cycle=59
01:30:30 [S44-HARNESS] heartbeat n7_4h_e1: 26034s cycle=60
01:31:30 [S44-HARNESS] heartbeat n7_4h_e1: 26094s cycle=60
01:32:31 [S44-HARNESS] heartbeat n7_4h_e1: 26154s cycle=60
01:33:31 [S44-HARNESS] heartbeat n7_4h_e1: 26214s cycle=60
01:34:31 [S44-HARNESS] heartbeat n7_4h_e1: 26274s cycle=60
01:35:31 [S44-HARNESS] heartbeat n7_4h_e1: 26334s cycle=60
01:36:31 [S44-HARNESS] heartbeat n7_4h_e1: 26394s cycle=61
01:37:31 [S44-HARNESS] heartbeat n7_4h_e1: 26454s cycle=61
01:38:31 [S44-HARNESS] heartbeat n7_4h_e1: 26515s cycle=61
01:39:31 [S44-HARNESS] heartbeat n7_4h_e1: 26575s cycle=61
01:40:31 [S44-HARNESS] heartbeat n7_4h_e1: 26635s cycle=61
01:41:32 [S44-HARNESS] heartbeat n7_4h_e1: 26695s cycle=61
01:42:32 [S44-HARNESS] heartbeat n7_4h_e1: 26755s cycle=61
01:43:32 [S44-HARNESS] heartbeat n7_4h_e1: 26815s cycle=61
01:44:32 [S44-HARNESS] heartbeat n7_4h_e1: 26875s cycle=62
01:45:32 [S44-HARNESS] heartbeat n7_4h_e1: 26935s cycle=62
01:46:32 [S44-HARNESS] heartbeat n7_4h_e1: 26996s cycle=62
01:47:32 [S44-HARNESS] heartbeat n7_4h_e1: 27056s cycle=62
01:48:32 [S44-HARNESS] heartbeat n7_4h_e1: 27116s cycle=62
01:49:33 [S44-HARNESS] heartbeat n7_4h_e1: 27176s cycle=62
01:50:33 [S44-HARNESS] heartbeat n7_4h_e1: 27236s cycle=62
01:51:33 [S44-HARNESS] heartbeat n7_4h_e1: 27296s cycle=63
01:52:33 [S44-HARNESS] heartbeat n7_4h_e1: 27356s cycle=63
01:53:33 [S44-HARNESS] heartbeat n7_4h_e1: 27416s cycle=63
01:54:33 [S44-HARNESS] heartbeat n7_4h_e1: 27476s cycle=63
01:55:33 [S44-HARNESS] heartbeat n7_4h_e1: 27537s cycle=63
01:56:33 [S44-HARNESS] heartbeat n7_4h_e1: 27597s cycle=63
01:57:33 [S44-HARNESS] heartbeat n7_4h_e1: 27657s cycle=63
01:58:34 [S44-HARNESS] heartbeat n7_4h_e1: 27717s cycle=64
01:59:34 [S44-HARNESS] heartbeat n7_4h_e1: 27777s cycle=64
02:00:34 [S44-HARNESS] heartbeat n7_4h_e1: 27837s cycle=64
02:01:34 [S44-HARNESS] heartbeat n7_4h_e1: 27897s cycle=64
02:02:34 [S44-HARNESS] heartbeat n7_4h_e1: 27957s cycle=64
02:03:34 [S44-HARNESS] heartbeat n7_4h_e1: 28018s cycle=64
02:04:34 [S44-HARNESS] heartbeat n7_4h_e1: 28078s cycle=64
02:05:34 [S44-HARNESS] heartbeat n7_4h_e1: 28138s cycle=65
02:06:35 [S44-HARNESS] heartbeat n7_4h_e1: 28198s cycle=65
02:07:35 [S44-HARNESS] heartbeat n7_4h_e1: 28258s cycle=65
02:08:35 [S44-HARNESS] heartbeat n7_4h_e1: 28318s cycle=65
02:09:35 [S44-HARNESS] heartbeat n7_4h_e1: 28378s cycle=65
02:10:35 [S44-HARNESS] heartbeat n7_4h_e1: 28438s cycle=65
02:11:35 [S44-HARNESS] heartbeat n7_4h_e1: 28498s cycle=65
02:12:35 [S44-HARNESS] heartbeat n7_4h_e1: 28559s cycle=66
02:13:35 [S44-HARNESS] heartbeat n7_4h_e1: 28619s cycle=66
02:14:35 [S44-HARNESS] heartbeat n7_4h_e1: 28679s cycle=66
02:15:36 [S44-HARNESS] heartbeat n7_4h_e1: 28739s cycle=66
02:16:36 [S44-HARNESS] heartbeat n7_4h_e1: 28799s cycle=66
02:17:36 [S44-HARNESS] heartbeat n7_4h_e1: 28859s cycle=66
02:18:36 [S44-HARNESS] heartbeat n7_4h_e1: 28919s cycle=67
02:19:36 [S44-HARNESS] heartbeat n7_4h_e1: 28979s cycle=67
02:20:36 [S44-HARNESS] heartbeat n7_4h_e1: 29040s cycle=67
02:21:36 [S44-HARNESS] heartbeat n7_4h_e1: 29100s cycle=67
02:22:36 [S44-HARNESS] heartbeat n7_4h_e1: 29160s cycle=67
02:23:37 [S44-HARNESS] heartbeat n7_4h_e1: 29220s cycle=67
02:24:37 [S44-HARNESS] heartbeat n7_4h_e1: 29280s cycle=67
02:25:37 [S44-HARNESS] heartbeat n7_4h_e1: 29340s cycle=68
02:26:37 [S44-HARNESS] heartbeat n7_4h_e1: 29400s cycle=68
02:27:37 [S44-HARNESS] heartbeat n7_4h_e1: 29460s cycle=68
02:28:37 [S44-HARNESS] heartbeat n7_4h_e1: 29520s cycle=68
02:29:37 [S44-HARNESS] heartbeat n7_4h_e1: 29581s cycle=68
02:30:37 [S44-HARNESS] heartbeat n7_4h_e1: 29641s cycle=68
02:31:37 [S44-HARNESS] heartbeat n7_4h_e1: 29701s cycle=68
02:32:38 [S44-HARNESS] heartbeat n7_4h_e1: 29761s cycle=69
02:33:38 [S44-HARNESS] heartbeat n7_4h_e1: 29821s cycle=69
02:34:38 [S44-HARNESS] heartbeat n7_4h_e1: 29881s cycle=69
02:35:38 [S44-HARNESS] heartbeat n7_4h_e1: 29941s cycle=69
02:36:38 [S44-HARNESS] heartbeat n7_4h_e1: 30001s cycle=69
02:37:38 [S44-HARNESS] heartbeat n7_4h_e1: 30061s cycle=69
02:38:33 [S44-HARNESS] finished n7_4h_e1 pid=15017 exit=0 status=certified wall=30117s
02:38:34 [W90-PAIR] x0: status certified cycles 72 Q 842832534.7623764 bar 13954.375690460205 gates {'G1_harness_clean': True, 'G2_eval_key': True, 'G3_append_reconcile': True, 'G4_tail_state_check': True, 'G5_solve_profile_reconciled_per_event': True, 'G6_floor_records_v36': False, 'G7_append_sealed': True, 'G8_post_certification': True, 'G9_ess_ageing_readback': True, 'G10_alpha_row_capture': True, 'G11_acceptance_cross_check': True, 'G12_b_in_force': True}
02:38:34 [W90-PAIR] n7_4h_e1: status certified cycles 69 Q 842595839.5131028 bar 4010.5701702833176 gates {'G1_harness_clean': True, 'G2_eval_key': True, 'G3_append_reconcile': True, 'G4_tail_state_check': True, 'G5_solve_profile_reconciled_per_event': True, 'G6_floor_records_v36': False, 'G7_append_sealed': True, 'G8_post_certification': True, 'G9_ess_ageing_readback': True, 'G10_alpha_row_capture': True, 'G11_acceptance_cross_check': True, 'G12_b_in_force': True}
02:38:34 [W90-PAIR] value / R: {'value_eur': 236695.2492736578, 'resolution': 17964.945860743523, 'value_determinate': True, 'value_per_mwh': 236695.2492736578, 'I_eur': 317957.0085035586, 'value_minus_I': -81261.75922990078, 'value_minus_I_determinate': True, 'ratio_to_srp1_tail': 0.9125588483309005, 'ratio_resolution': 0.14046973172979096, 'band': [0.93, 1.09], 'inside_band': False, 'R_prefix_recorded': 0.9331, 'both_certified': True}
02:38:34 [W90] guards {'alpha_row_launcher': {'counts': {'permitted_solve': 0, 'permitted_exec': 0, 'blocked_solve': 0, 'blocked_exec': 0}, 'verify_0_failures': []}, 'w86_launcher': {'counts': {'permitted_solve': 0, 'permitted_exec': 0, 'blocked_solve': 0, 'blocked_exec': 0}, 'verify_0_failures': []}, 'w87': {'counts': {'permitted_solve': 0, 'permitted_exec': 0, 'blocked_solve': 0, 'blocked_exec': 0}, 'verify_0_failures': []}, 'w88': {'counts': {'permitted_solve': 0, 'permitted_exec': 0, 'blocked_solve': 0, 'blocked_exec': 0}, 'verify_0_failures': []}, 'w89_step1': {'counts': {'permitted_solve': 0, 'permitted_exec': 0, 'blocked_solve': 0, 'blocked_exec': 0}, 'verify_0_failures': []}, 'w89_3x3_launcher': {'counts': {'permitted_solve': 0, 'permitted_exec': 0, 'blocked_solve': 0, 'blocked_exec': 0}, 'verify_0_failures': []}, 'w90_3x3_parent': {'counts': {'permitted_solve': 0, 'permitted_exec': 0, 'blocked_solve': 0, 'blocked_exec': 0}, 'verify_0_failures': []}} wall=58663s
