08:30:54 [W90-SMOKE] A_post (post-reboot availability, recorded): 24.412490844726562 GiB
08:30:54 [W90-SMOKE] smoke_bon: preflight available 24.41241455078125 GiB required 18.50 GiB -> PASS
08:30:54 [W90-SMOKE] smoke_bon: ONE cell x0 cap 3 release_solution_bookkeeping True; lock {'pid': 2246, 'campaign_id': 's53_w91_3x3_smoke_bon', 'campaign_spec_sha256': '6e8fe1f355aa3345745d2259a253ee9776e34212aa4fba773b2c42759994f4c8', 'started_utc': '2026-09-26T08:30:54.241373+00:00'}
08:30:54 [S44-HARNESS] launched x0 (key 8435c71859ddde68) pid=2322
08:30:54 [S44-HARNESS] heartbeat x0: 0s cycle=None
08:31:54 [S44-HARNESS] heartbeat x0: 60s cycle=None
08:32:54 [S44-HARNESS] heartbeat x0: 120s cycle=None
08:33:54 [S44-HARNESS] heartbeat x0: 180s cycle=None
08:34:54 [S44-HARNESS] heartbeat x0: 240s cycle=None
08:35:54 [S44-HARNESS] heartbeat x0: 300s cycle=None
08:36:54 [S44-HARNESS] heartbeat x0: 360s cycle=None
08:37:54 [S44-HARNESS] heartbeat x0: 420s cycle=None
08:38:54 [S44-HARNESS] heartbeat x0: 481s cycle=None
08:39:54 [S44-HARNESS] heartbeat x0: 541s cycle=None
08:40:55 [S44-HARNESS] heartbeat x0: 601s cycle=None
08:41:55 [S44-HARNESS] heartbeat x0: 661s cycle=None
08:42:55 [S44-HARNESS] heartbeat x0: 721s cycle=None
08:43:55 [S44-HARNESS] heartbeat x0: 781s cycle=None
08:44:55 [S44-HARNESS] heartbeat x0: 841s cycle=None
08:45:55 [S44-HARNESS] heartbeat x0: 901s cycle=None
08:46:55 [S44-HARNESS] heartbeat x0: 962s cycle=None
08:47:55 [S44-HARNESS] heartbeat x0: 1022s cycle=1
08:48:55 [S44-HARNESS] heartbeat x0: 1082s cycle=1
08:49:56 [S44-HARNESS] heartbeat x0: 1142s cycle=1
08:50:56 [S44-HARNESS] heartbeat x0: 1202s cycle=1
08:51:56 [S44-HARNESS] heartbeat x0: 1262s cycle=1
08:52:56 [S44-HARNESS] heartbeat x0: 1322s cycle=1
08:53:56 [S44-HARNESS] heartbeat x0: 1382s cycle=1
08:54:56 [S44-HARNESS] heartbeat x0: 1442s cycle=1
08:55:56 [S44-HARNESS] heartbeat x0: 1502s cycle=1
08:56:56 [S44-HARNESS] heartbeat x0: 1562s cycle=1
08:57:56 [S44-HARNESS] heartbeat x0: 1622s cycle=1
08:58:56 [S44-HARNESS] heartbeat x0: 1682s cycle=2
08:59:56 [S44-HARNESS] heartbeat x0: 1743s cycle=2
09:00:56 [S44-HARNESS] heartbeat x0: 1803s cycle=2
09:01:56 [S44-HARNESS] heartbeat x0: 1863s cycle=2
09:02:57 [S44-HARNESS] heartbeat x0: 1923s cycle=2
09:03:57 [S44-HARNESS] heartbeat x0: 1983s cycle=2
09:04:57 [S44-HARNESS] heartbeat x0: 2043s cycle=2
09:05:57 [S44-HARNESS] heartbeat x0: 2103s cycle=3
09:06:57 [S44-HARNESS] heartbeat x0: 2163s cycle=3
09:07:57 [S44-HARNESS] heartbeat x0: 2223s cycle=3
09:08:57 [S44-HARNESS] heartbeat x0: 2284s cycle=3
09:09:57 [S44-HARNESS] heartbeat x0: 2344s cycle=3
09:10:57 [S44-HARNESS] heartbeat x0: 2404s cycle=3
09:11:48 [S44-HARNESS] finished x0 pid=2322 exit=0 status=not_certified wall=2454s
09:11:48 [W90-SMOKE] smoke_bon: child footprint peak 19898695232 B (exact True; errors [])
09:11:48 [W90-SMOKE]   smoke_bon S1_child_exit0_record_uncertified_cap_cycles: PASS
09:11:48 [W90-SMOKE]   smoke_bon S2_append_byte_identical: PASS
09:11:48 [W90-SMOKE]   smoke_bon S3_checklist_line1_before_any_solve: PASS
09:11:48 [W90-SMOKE]   smoke_bon S4_tail_state_check: PASS
09:11:48 [W90-SMOKE]   smoke_bon S5_solve_profile_base_plus_retries: PASS
09:11:48 [W90-SMOKE]   smoke_bon S6_tail_inactive_at_cap: PASS
09:11:48 [W90-SMOKE]   smoke_bon S7_records_pass_per_record_predicate_at_production_tol: PASS
09:11:48 [W90-SMOKE]   smoke_bon S8_append_sealed: PASS
09:11:48 [W90-SMOKE]   smoke_bon S9_no_post_certification: PASS
09:11:48 [W90-SMOKE]   smoke_bon S10_eval_key_equals_pair_x0_and_v34: PASS
09:11:48 [W90-SMOKE]   smoke_bon S11_ess_ageing_readback: PASS
09:11:48 [W90-SMOKE]   smoke_bon S12_alpha_row_capture: PASS
09:11:48 [W90-SMOKE]   smoke_bon S13_sigma_inside_band: PASS
09:11:48 [W90-SMOKE]   smoke_bon S15_b_in_force_as_declared: PASS
09:11:48 [W90-SMOKE] smoke_boff: preflight available 26.522491455078125 GiB required 21.41 GiB -> PASS
09:11:48 [W90-SMOKE] smoke_boff: ONE cell x0 cap 3 release_solution_bookkeeping False; lock {'pid': 2246, 'campaign_id': 's53_w91_3x3_smoke_boff', 'campaign_spec_sha256': 'b99acdc02e8b26cf0e1dc4e6d930b188e648606cf29e4bec635c67f656f160d3', 'started_utc': '2026-09-26T09:11:48.045509+00:00'}
09:11:48 [S44-HARNESS] launched x0 (key 8435c71859ddde68) pid=3093
09:11:48 [S44-HARNESS] heartbeat x0: 0s cycle=None
09:12:48 [S44-HARNESS] heartbeat x0: 60s cycle=None
09:13:48 [S44-HARNESS] heartbeat x0: 120s cycle=None
09:14:48 [S44-HARNESS] heartbeat x0: 180s cycle=None
09:15:48 [S44-HARNESS] heartbeat x0: 240s cycle=None
09:16:48 [S44-HARNESS] heartbeat x0: 300s cycle=None
09:17:48 [S44-HARNESS] heartbeat x0: 360s cycle=None
09:18:48 [S44-HARNESS] heartbeat x0: 420s cycle=None
09:19:48 [S44-HARNESS] heartbeat x0: 480s cycle=None
09:20:48 [S44-HARNESS] heartbeat x0: 541s cycle=None
09:21:48 [S44-HARNESS] heartbeat x0: 601s cycle=None
09:22:48 [S44-HARNESS] heartbeat x0: 661s cycle=None
09:23:48 [S44-HARNESS] heartbeat x0: 721s cycle=None
09:24:48 [S44-HARNESS] heartbeat x0: 781s cycle=None
09:25:48 [S44-HARNESS] heartbeat x0: 841s cycle=None
09:26:49 [S44-HARNESS] heartbeat x0: 901s cycle=None
09:27:49 [S44-HARNESS] heartbeat x0: 961s cycle=None
09:28:49 [S44-HARNESS] heartbeat x0: 1021s cycle=1
09:29:49 [S44-HARNESS] heartbeat x0: 1081s cycle=1
09:30:49 [S44-HARNESS] heartbeat x0: 1141s cycle=1
09:31:49 [S44-HARNESS] heartbeat x0: 1201s cycle=1
09:32:49 [S44-HARNESS] heartbeat x0: 1261s cycle=1
09:33:49 [S44-HARNESS] heartbeat x0: 1322s cycle=1
09:34:49 [S44-HARNESS] heartbeat x0: 1382s cycle=1
09:35:49 [S44-HARNESS] heartbeat x0: 1442s cycle=1
09:36:49 [S44-HARNESS] heartbeat x0: 1502s cycle=1
09:37:49 [S44-HARNESS] heartbeat x0: 1562s cycle=1
09:38:49 [S44-HARNESS] heartbeat x0: 1622s cycle=1
09:39:49 [S44-HARNESS] heartbeat x0: 1682s cycle=2
09:40:50 [S44-HARNESS] heartbeat x0: 1742s cycle=2
09:41:50 [S44-HARNESS] heartbeat x0: 1802s cycle=2
09:42:50 [S44-HARNESS] heartbeat x0: 1862s cycle=2
09:43:50 [S44-HARNESS] heartbeat x0: 1922s cycle=2
09:44:50 [S44-HARNESS] heartbeat x0: 1982s cycle=2
09:45:50 [S44-HARNESS] heartbeat x0: 2042s cycle=2
09:46:50 [S44-HARNESS] heartbeat x0: 2102s cycle=3
09:47:50 [S44-HARNESS] heartbeat x0: 2163s cycle=3
09:48:50 [S44-HARNESS] heartbeat x0: 2223s cycle=3
09:49:50 [S44-HARNESS] heartbeat x0: 2283s cycle=3
09:50:50 [S44-HARNESS] heartbeat x0: 2343s cycle=3
09:51:51 [S44-HARNESS] heartbeat x0: 2403s cycle=3
09:52:51 [S44-HARNESS] heartbeat x0: 2463s cycle=3
09:53:51 [S44-HARNESS] heartbeat x0: 2523s cycle=3
09:54:51 [S44-HARNESS] heartbeat x0: 2583s cycle=3
09:55:51 [S44-HARNESS] heartbeat x0: 2643s cycle=3
09:56:51 [S44-HARNESS] heartbeat x0: 2703s cycle=3
09:57:51 [S44-HARNESS] heartbeat x0: 2763s cycle=3
09:58:51 [S44-HARNESS] heartbeat x0: 2823s cycle=3
09:59:51 [S44-HARNESS] heartbeat x0: 2883s cycle=3
10:00:51 [S44-HARNESS] heartbeat x0: 2944s cycle=3
10:01:51 [S44-HARNESS] heartbeat x0: 3004s cycle=3
10:02:51 [S44-HARNESS] heartbeat x0: 3064s cycle=3
10:03:51 [S44-HARNESS] heartbeat x0: 3124s cycle=3
10:04:07 [S44-HARNESS] finished x0 pid=3093 exit=0 status=not_certified wall=3139s
10:04:07 [W90-SMOKE] smoke_boff: child footprint peak 24834214536 B (exact True; errors [])
10:04:07 [W90-SMOKE]   smoke_boff S1_child_exit0_record_uncertified_cap_cycles: PASS
10:04:07 [W90-SMOKE]   smoke_boff S2_append_byte_identical: PASS
10:04:07 [W90-SMOKE]   smoke_boff S3_checklist_line1_before_any_solve: PASS
10:04:07 [W90-SMOKE]   smoke_boff S4_tail_state_check: PASS
10:04:07 [W90-SMOKE]   smoke_boff S5_solve_profile_base_plus_retries: PASS
10:04:07 [W90-SMOKE]   smoke_boff S6_tail_inactive_at_cap: PASS
10:04:07 [W90-SMOKE]   smoke_boff S7_records_pass_per_record_predicate_at_production_tol: PASS
10:04:07 [W90-SMOKE]   smoke_boff S8_append_sealed: PASS
10:04:07 [W90-SMOKE]   smoke_boff S9_no_post_certification: PASS
10:04:07 [W90-SMOKE]   smoke_boff S10_eval_key_equals_pair_x0_and_v34: PASS
10:04:07 [W90-SMOKE]   smoke_boff S11_ess_ageing_readback: PASS
10:04:07 [W90-SMOKE]   smoke_boff S12_alpha_row_capture: PASS
10:04:07 [W90-SMOKE]   smoke_boff S13_sigma_inside_band: PASS
10:04:07 [W90-SMOKE]   smoke_boff S15_b_in_force_as_declared: PASS
10:04:07 [W90-SMOKE] runtime peaks {'smoke_bon': {'child_python_process_ru_maxrss': 18292523008, 'production_state_peak_rss_ru_maxrss': 16120676352, 'child_lifetime_max_phys_footprint': 19898695232}, 'smoke_boff': {'child_python_process_ru_maxrss': 19882868736, 'production_state_peak_rss_ru_maxrss': 19882868736, 'child_lifetime_max_phys_footprint': 24834214536}}; (b) saving at runtime {'child_lifetime_max_phys_footprint': 4.596560545265675, 'child_python_process_ru_maxrss': 1.4811248779296875, 'production_state_peak_rss_ru_maxrss': 3.503814697265625}
10:04:07 [W90-SMOKE] margin rule: {'P_on': 18.532104074954987, 'P_run': 19.170455961744437, 'P_persist': 27.543021171610008, 'T_persist': 8.37256520986557, 'A_post': 24.412490844726562, 'threshold': 20.750617218017577} -> persist False
10:04:07 [W90] guards {'alpha_row_launcher': {'counts': {'permitted_solve': 0, 'permitted_exec': 0, 'blocked_solve': 0, 'blocked_exec': 0}, 'verify_0_failures': []}, 'w86_launcher': {'counts': {'permitted_solve': 0, 'permitted_exec': 0, 'blocked_solve': 0, 'blocked_exec': 0}, 'verify_0_failures': []}, 'w87': {'counts': {'permitted_solve': 0, 'permitted_exec': 0, 'blocked_solve': 0, 'blocked_exec': 0}, 'verify_0_failures': []}, 'w88': {'counts': {'permitted_solve': 0, 'permitted_exec': 0, 'blocked_solve': 0, 'blocked_exec': 0}, 'verify_0_failures': []}, 'w89_step1': {'counts': {'permitted_solve': 0, 'permitted_exec': 0, 'blocked_solve': 0, 'blocked_exec': 0}, 'verify_0_failures': []}, 'w89_3x3_launcher': {'counts': {'permitted_solve': 0, 'permitted_exec': 0, 'blocked_solve': 0, 'blocked_exec': 0}, 'verify_0_failures': []}, 'w90_3x3_parent': {'counts': {'permitted_solve': 0, 'permitted_exec': 0, 'blocked_solve': 0, 'blocked_exec': 0}, 'verify_0_failures': []}} GATE PASS failing=[]
