[INFO] Running OPERATIONAL PLANNING (DISTRIBUTED)...
[INFO]	 - Initializing...
[INFO] 		 - Distribution Network node 5...
[INFO] 			 - Running SMOPF, Network case33_1, 2025, Spring...
[INFO] 			 - Running SMOPF, Network case33_1, 2025, Summer...
[INFO] 			 - Running SMOPF, Network case33_1, 2025, Autumn...
[INFO] 			 - Running SMOPF, Network case33_1, 2025, Winter...
[INFO] 			 - Running SMOPF, Network case33_1, 2030, Spring...
[INFO] 			 - Running SMOPF, Network case33_1, 2030, Summer...
[INFO] 			 - Running SMOPF, Network case33_1, 2030, Autumn...
[INFO] 			 - Running SMOPF, Network case33_1, 2030, Winter...
[INFO] 			 - Running SMOPF, Network case33_1, 2035, Spring...
[INFO] 			 - Running SMOPF, Network case33_1, 2035, Summer...
[INFO] 			 - Running SMOPF, Network case33_1, 2035, Autumn...
[INFO] 			 - Running SMOPF, Network case33_1, 2035, Winter...
[INFO] 		 - Distribution Network node 7...
[INFO] 			 - Running SMOPF, Network case33_2, 2025, Spring...
[INFO] 			 - Running SMOPF, Network case33_2, 2025, Summer...
[INFO] 			 - Running SMOPF, Network case33_2, 2025, Autumn...
[INFO] 			 - Running SMOPF, Network case33_2, 2025, Winter...
[INFO] 			 - Running SMOPF, Network case33_2, 2030, Spring...
[INFO] 			 - Running SMOPF, Network case33_2, 2030, Summer...
[INFO] 			 - Running SMOPF, Network case33_2, 2030, Autumn...
[INFO] 			 - Running SMOPF, Network case33_2, 2030, Winter...
[INFO] 			 - Running SMOPF, Network case33_2, 2035, Spring...
[INFO] 			 - Running SMOPF, Network case33_2, 2035, Summer...
[INFO] 			 - Running SMOPF, Network case33_2, 2035, Autumn...
[INFO] 			 - Running SMOPF, Network case33_2, 2035, Winter...
[INFO] 		 - Distribution Network node 9...
[INFO] 			 - Running SMOPF, Network case33_3, 2025, Spring...
[INFO] 			 - Running SMOPF, Network case33_3, 2025, Summer...
[INFO] 			 - Running SMOPF, Network case33_3, 2025, Autumn...
[INFO] 			 - Running SMOPF, Network case33_3, 2025, Winter...
[INFO] 			 - Running SMOPF, Network case33_3, 2030, Spring...
[INFO] 			 - Running SMOPF, Network case33_3, 2030, Summer...
[INFO] 			 - Running SMOPF, Network case33_3, 2030, Autumn...
[INFO] 			 - Running SMOPF, Network case33_3, 2030, Winter...
[INFO] 			 - Running SMOPF, Network case33_3, 2035, Spring...
[INFO] 			 - Running SMOPF, Network case33_3, 2035, Summer...
[INFO] 			 - Running SMOPF, Network case33_3, 2035, Autumn...
[INFO] 			 - Running SMOPF, Network case33_3, 2035, Winter...
[INFO] 		 - Transmission Network...
[INFO] 			 - Running SMOPF, Network case9, 2025, Spring...
[INFO] 			 - Running SMOPF, Network case9, 2025, Summer...
[INFO] 			 - Running SMOPF, Network case9, 2025, Autumn...
[INFO] 			 - Running SMOPF, Network case9, 2025, Winter...
[INFO] 			 - Running SMOPF, Network case9, 2030, Spring...
[INFO] 			 - Running SMOPF, Network case9, 2030, Summer...
[INFO] 			 - Running SMOPF, Network case9, 2030, Autumn...
[INFO] 			 - Running SMOPF, Network case9, 2030, Winter...
[INFO] 			 - Running SMOPF, Network case9, 2035, Spring...
[INFO] 			 - Running SMOPF, Network case9, 2035, Summer...
[INFO] 			 - Running SMOPF, Network case9, 2035, Autumn...
[INFO] 			 - Running SMOPF, Network case9, 2035, Winter...
[INFO] 		 - Running Shared ESS optimization (subproblem)...
[INFO] 			 - Node 5...
[INFO] Shared ESS complementarity diagnostics for ESS node=5: ratio_max=8.663330e-06 n_periods=288 mu_final=1.497458e-11 s_obj=1.000000e-01 eps=1.000000e-05 bound=4.312679e-03 measured=2.312858e-03
[INFO] 			 - Node 7...
[INFO] Shared ESS complementarity diagnostics for ESS node=7: ratio_max=8.664933e-06 n_periods=288 mu_final=1.499878e-11 s_obj=1.000000e-01 eps=1.000000e-05 bound=4.319650e-03 measured=2.305958e-03
[INFO] 			 - Node 9...
[INFO] Shared ESS complementarity diagnostics for ESS node=9: ratio_max=8.662105e-06 n_periods=288 mu_final=1.497387e-11 s_obj=1.000000e-01 eps=1.000000e-05 bound=4.312474e-03 measured=2.313052e-03
[ADMM OF SCALE] n=48 | min=2.430192e+07 | median=4.563872e+07 | max=9.363536e+07 | selected=9.363536e+07
[ADMM OF SCALE] Largest weighted objectives:
  TSO node=None year=2035 day=Winter | base=-9.363536e+07 | scenario=0.000000e+00 | total=-9.363536e+07
  TSO node=None year=2030 day=Autumn | base=-8.831557e+07 | scenario=0.000000e+00 | total=-8.831557e+07
  TSO node=None year=2030 day=Winter | base=-7.463930e+07 | scenario=0.000000e+00 | total=-7.463930e+07
  TSO node=None year=2035 day=Spring | base=-6.233022e+07 | scenario=0.000000e+00 | total=-6.233022e+07
  TSO node=None year=2035 day=Summer | base=-5.846825e+07 | scenario=0.000000e+00 | total=-5.846825e+07
  TSO node=None year=2035 day=Autumn | base=-5.808004e+07 | scenario=0.000000e+00 | total=-5.808004e+07
  TSO node=None year=2030 day=Summer | base=-5.747069e+07 | scenario=0.000000e+00 | total=-5.747069e+07
  DSO node=7 year=2035 day=Spring | base=5.722320e+07 | scenario=0.000000e+00 | total=5.722320e+07
  DSO node=9 year=2025 day=Winter | base=5.578761e+07 | scenario=0.000000e+00 | total=5.578761e+07
  DSO node=5 year=2035 day=Spring | base=5.561607e+07 | scenario=0.000000e+00 | total=5.561607e+07
[INFO] 	 - ADMM Iteration 1
[INFO] 		 - Updating distribution networks:
[INFO] 			 - Running SMOPF, Network case33_1, 2025, Spring...
[INFO] 			 - Running SMOPF, Network case33_1, 2025, Summer...
[INFO] 			 - Running SMOPF, Network case33_1, 2025, Autumn...
[INFO] 			 - Running SMOPF, Network case33_1, 2025, Winter...
[INFO] 			 - Running SMOPF, Network case33_1, 2030, Spring...
[INFO] 			 - Running SMOPF, Network case33_1, 2030, Summer...
[INFO] 			 - Running SMOPF, Network case33_1, 2030, Autumn...
[INFO] 			 - Running SMOPF, Network case33_1, 2030, Winter...
[INFO] 			 - Running SMOPF, Network case33_1, 2035, Spring...
[INFO] 			 - Running SMOPF, Network case33_1, 2035, Summer...
[INFO] 			 - Running SMOPF, Network case33_1, 2035, Autumn...
[INFO] 			 - Running SMOPF, Network case33_1, 2035, Winter...
[INFO] 			 - Running SMOPF, Network case33_2, 2025, Spring...
[INFO] 			 - Running SMOPF, Network case33_2, 2025, Summer...
[INFO] 			 - Running SMOPF, Network case33_2, 2025, Autumn...
[INFO] 			 - Running SMOPF, Network case33_2, 2025, Winter...
[INFO] 			 - Running SMOPF, Network case33_2, 2030, Spring...
[INFO] 			 - Running SMOPF, Network case33_2, 2030, Summer...
[INFO] 			 - Running SMOPF, Network case33_2, 2030, Autumn...
[INFO] 			 - Running SMOPF, Network case33_2, 2030, Winter...
[INFO] 			 - Running SMOPF, Network case33_2, 2035, Spring...
[INFO] 			 - Running SMOPF, Network case33_2, 2035, Summer...
[INFO] 			 - Running SMOPF, Network case33_2, 2035, Autumn...
[INFO] 			 - Running SMOPF, Network case33_2, 2035, Winter...
[INFO] 			 - Running SMOPF, Network case33_3, 2025, Spring...
[INFO] 			 - Running SMOPF, Network case33_3, 2025, Summer...
[INFO] 			 - Running SMOPF, Network case33_3, 2025, Autumn...
[INFO] 			 - Running SMOPF, Network case33_3, 2025, Winter...
[INFO] 			 - Running SMOPF, Network case33_3, 2030, Spring...
[INFO] 			 - Running SMOPF, Network case33_3, 2030, Summer...
[INFO] 			 - Running SMOPF, Network case33_3, 2030, Autumn...
[INFO] 			 - Running SMOPF, Network case33_3, 2030, Winter...
[INFO] 			 - Running SMOPF, Network case33_3, 2035, Spring...
[INFO] 			 - Running SMOPF, Network case33_3, 2035, Summer...
[INFO] 			 - Running SMOPF, Network case33_3, 2035, Autumn...
[INFO] 			 - Running SMOPF, Network case33_3, 2035, Winter...
[INFO] 		 - Updating transmission network...
[INFO] 			 - Running SMOPF, Network case9, 2025, Spring...
[INFO] 			 - Running SMOPF, Network case9, 2025, Summer...
[INFO] 			 - Running SMOPF, Network case9, 2025, Autumn...
[INFO] 			 - Running SMOPF, Network case9, 2025, Winter...
[INFO] 			 - Running SMOPF, Network case9, 2030, Spring...
[INFO] 			 - Running SMOPF, Network case9, 2030, Summer...
[INFO] 			 - Running SMOPF, Network case9, 2030, Autumn...
[INFO] 			 - Running SMOPF, Network case9, 2030, Winter...
[INFO] 			 - Running SMOPF, Network case9, 2035, Spring...
[INFO] 			 - Running SMOPF, Network case9, 2035, Summer...
[INFO] 			 - Running SMOPF, Network case9, 2035, Autumn...
[INFO] 			 - Running SMOPF, Network case9, 2035, Winter...
[TSO PROX] cycle=1 | updated_blocks=12 | held_failed_blocks=0 | V max=0.003994 | PF max=0.272067 | ESS max=0.000443
[TSO PROX][V MAX] node=5, year=2035, day=Winter, period=1 | dV=1.377884 kV | normalized=0.003994
[TSO PROX][PF MAX] node=5, year=2035, day=Summer, period=22, type=P | delta=54.413445 MW | normalized=0.272067
[TSO PROX][ESS MAX] node=9, year=2030, day=Spring, period=23, type=P | delta=0.000858 MW | normalized=0.000443
[INFO] 		 - Updating SharedESS...
[INFO] 		 - Running Shared ESS optimization (subproblem)...
[INFO] 			 - Node 5...
[INFO] Shared ESS complementarity diagnostics for ESS node=5: ratio_max=9.342203e-06 n_periods=288 mu_final=1.336497e-11 s_obj=1.000000e-01 eps=1.000000e-05 bound=3.849113e-03 measured=3.099372e-03
[INFO] 			 - Node 7...
[INFO] Shared ESS complementarity diagnostics for ESS node=7: ratio_max=9.433690e-06 n_periods=288 mu_final=1.080944e-11 s_obj=1.000000e-01 eps=1.000000e-05 bound=3.113118e-03 measured=3.253722e-03
[INFO] 			 - Node 9...
[INFO] Shared ESS complementarity diagnostics for ESS node=9: ratio_max=9.420362e-06 n_periods=288 mu_final=1.122433e-11 s_obj=1.000000e-01 eps=1.000000e-05 bound=3.232606e-03 measured=3.354644e-03
[DIAG][PF MAX] node=9, year=2035, day=Summer, period=10, type=P | TSO=14.457882 MW, DSO=62.689251 MW, diff=48.231370 MW, rating=150.000000 MVA, normalized=0.321542, rho(TSO/DSO)=1.000000/1.000000
[INFO]		 - interface Vmag mean primal residual failed. 0.002828 > 0.001000
[INFO]		 - interface PF max primal residual failed. 0.321542 > 0.010000
[INFO]		 - interface PF mean primal residual failed. 0.068969 > 0.001000
[INFO]		 - interface PF mean dual residual failed. 0.124172 > 0.010000
[INFO]		 - Recourse stationarity requires one previous successful cycle.
[ADMM RHO] V | primal max ratio=0.812 | primal mean ratio=2.828 | primal selected=2.828 | dual mean ratio=0.300 | increase threshold=5.0 | decrease threshold=5.0 | action=held
[ADMM RHO BOYD] V | r=1.011663e-01 | s=5.302716e-02 | eps_pri=3.228219e-03 | eps_dual=2.976884e-04 | primal_ratio=3.133812e+01 | dual_ratio=1.781298e+02 | dual_ratio_balance=1.259568e+02 | rho_before=1.000000e+00 | rho_after=1.000000e+00 | gamma_before=1.000000e+00 | gamma_after=1.000000e+00 | action=held
[ADMM RHO] PF | primal max ratio=32.154 | primal mean ratio=68.969 | primal selected=68.969 | dual mean ratio=12.417 | increase threshold=5.0 | decrease threshold=3.0 | action=held
[ADMM RHO BOYD] PF | r=3.640737e+00 | s=7.127406e+00 | eps_pri=1.432453e-03 | eps_dual=9.215441e-04 | primal_ratio=2.541610e+03 | dual_ratio=7.734200e+03 | dual_ratio_balance=5.468905e+03 | rho_before=1.000000e+00 | rho_after=1.000000e+00 | gamma_before=1.000000e+00 | gamma_after=1.000000e+00 | action=held
[ADMM RHO] ESS | primal max ratio=0.004 | primal mean ratio=0.004 | primal selected=0.004 | dual mean ratio=0.001 | increase threshold=5.0 | decrease threshold=5.0 | action=held
[ADMM RHO BOYD] ESS | r=5.287717e-03 | s=5.875285e-03 | eps_pri=7.300121e-04 | eps_dual=7.205288e-04 | primal_ratio=7.243328e+00 | dual_ratio=8.154130e+00 | dual_ratio_balance=2.554192e+00 | rho_before=1.000000e+00 | rho_after=1.000000e+00 | gamma_before=1.000000e+00 | gamma_after=1.000000e+00 | action=held
[INFO]		 - ADMM cycle 1 | Primal (V max/mean | PF max/mean | ESS max/mean) = 0.008118/0.002828 | 0.321542/0.068969 | 0.000411/0.000045 | Dual (V max/mean | PF max/mean | ESS max/mean) = 0.016336/0.002998 | 0.643030/0.124172 | 0.000122/0.000015 | Recourse change = N/A (tol. N/A) | Stable cycles = 0/3 | Penalty actions (V/PF/ESS) = held/held/held
[INFO] 	 - Iteration 1: 29.21 s
[INFO] 	 - ADMM Iteration 2
[INFO] 		 - Updating distribution networks:
[INFO] 			 - Running SMOPF, Network case33_1, 2025, Spring...
[INFO] 			 - Running SMOPF, Network case33_1, 2025, Summer...
[INFO] 			 - Running SMOPF, Network case33_1, 2025, Autumn...
[INFO] 			 - Running SMOPF, Network case33_1, 2025, Winter...
[INFO] 			 - Running SMOPF, Network case33_1, 2030, Spring...
[INFO] 			 - Running SMOPF, Network case33_1, 2030, Summer...
[INFO] 			 - Running SMOPF, Network case33_1, 2030, Autumn...
[INFO] 			 - Running SMOPF, Network case33_1, 2030, Winter...
[INFO] 			 - Running SMOPF, Network case33_1, 2035, Spring...
[INFO] 			 - Running SMOPF, Network case33_1, 2035, Summer...
[INFO] 			 - Running SMOPF, Network case33_1, 2035, Autumn...
[INFO] 			 - Running SMOPF, Network case33_1, 2035, Winter...
[INFO] 			 - Running SMOPF, Network case33_2, 2025, Spring...
[INFO] 			 - Running SMOPF, Network case33_2, 2025, Summer...
[INFO] 			 - Running SMOPF, Network case33_2, 2025, Autumn...
[INFO] 			 - Running SMOPF, Network case33_2, 2025, Winter...
[INFO] 			 - Running SMOPF, Network case33_2, 2030, Spring...
[INFO] 			 - Running SMOPF, Network case33_2, 2030, Summer...
[INFO] 			 - Running SMOPF, Network case33_2, 2030, Autumn...
[INFO] 			 - Running SMOPF, Network case33_2, 2030, Winter...
[INFO] 			 - Running SMOPF, Network case33_2, 2035, Spring...
[INFO] 			 - Running SMOPF, Network case33_2, 2035, Summer...
[INFO] 			 - Running SMOPF, Network case33_2, 2035, Autumn...
[INFO] 			 - Running SMOPF, Network case33_2, 2035, Winter...
[INFO] 			 - Running SMOPF, Network case33_3, 2025, Spring...
[INFO] 			 - Running SMOPF, Network case33_3, 2025, Summer...
[INFO] 			 - Running SMOPF, Network case33_3, 2025, Autumn...
[INFO] 			 - Running SMOPF, Network case33_3, 2025, Winter...
[INFO] 			 - Running SMOPF, Network case33_3, 2030, Spring...
[INFO] 			 - Running SMOPF, Network case33_3, 2030, Summer...
[INFO] 			 - Running SMOPF, Network case33_3, 2030, Autumn...
[INFO] 			 - Running SMOPF, Network case33_3, 2030, Winter...
[INFO] 			 - Running SMOPF, Network case33_3, 2035, Spring...
[INFO] 			 - Running SMOPF, Network case33_3, 2035, Summer...
[INFO] 			 - Running SMOPF, Network case33_3, 2035, Autumn...
[INFO] 			 - Running SMOPF, Network case33_3, 2035, Winter...
[INFO] 		 - Updating transmission network...
[INFO] 			 - Running SMOPF, Network case9, 2025, Spring...
[INFO] 			 - Running SMOPF, Network case9, 2025, Summer...
[INFO] 			 - Running SMOPF, Network case9, 2025, Autumn...
[INFO] 			 - Running SMOPF, Network case9, 2025, Winter...
[INFO] 			 - Running SMOPF, Network case9, 2030, Spring...
[INFO] 			 - Running SMOPF, Network case9, 2030, Summer...
[INFO] 			 - Running SMOPF, Network case9, 2030, Autumn...
[INFO] 			 - Running SMOPF, Network case9, 2030, Winter...
[INFO] 			 - Running SMOPF, Network case9, 2035, Spring...
[INFO] 			 - Running SMOPF, Network case9, 2035, Summer...
[INFO] 			 - Running SMOPF, Network case9, 2035, Autumn...
[INFO] 			 - Running SMOPF, Network case9, 2035, Winter...
[TSO PROX] cycle=2 | updated_blocks=12 | held_failed_blocks=0 | V max=0.004189 | PF max=0.130912 | ESS max=0.000195
[TSO PROX][V MAX] node=5, year=2035, day=Winter, period=1 | dV=1.445342 kV | normalized=0.004189
[TSO PROX][PF MAX] node=5, year=2025, day=Spring, period=14, type=P | delta=26.182355 MW | normalized=0.130912
[TSO PROX][ESS MAX] node=5, year=2035, day=Spring, period=20, type=Q | delta=0.000377 MVAr | normalized=0.000195
[INFO] 		 - Updating SharedESS...
[INFO] 		 - Running Shared ESS optimization (subproblem)...
[INFO] 			 - Node 5...
[INFO] Shared ESS complementarity diagnostics for ESS node=5: ratio_max=8.999475e-06 n_periods=288 mu_final=1.153361e-11 s_obj=1.000000e-01 eps=1.000000e-05 bound=3.321679e-03 measured=3.198962e-03
[INFO] 			 - Node 7...
[INFO] Shared ESS complementarity diagnostics for ESS node=7: ratio_max=8.768468e-06 n_periods=288 mu_final=1.156701e-11 s_obj=1.000000e-01 eps=1.000000e-05 bound=3.331299e-03 measured=3.196124e-03
[INFO] 			 - Node 9...
[INFO] Shared ESS complementarity diagnostics for ESS node=9: ratio_max=9.247756e-06 n_periods=288 mu_final=1.178230e-11 s_obj=1.000000e-01 eps=1.000000e-05 bound=3.393301e-03 measured=3.173647e-03
[DIAG][PF MAX] node=5, year=2035, day=Summer, period=22, type=P | TSO=69.240288 MW, DSO=32.814366 MW, diff=36.425922 MW, rating=200.000000 MVA, normalized=0.182130, rho(TSO/DSO)=1.000000/1.000000
[INFO]		 - interface PF max primal residual failed. 0.182130 > 0.010000
[INFO]		 - interface PF mean primal residual failed. 0.062020 > 0.001000
[INFO]		 - interface PF mean dual residual failed. 0.051892 > 0.010000
[RECOURSE JUMP] cycle=2 | abs_change=2.513257e+08 | tol=1.219821e+05 | signed_change=+2.513257e+08
[RECOURSE JUMP] Reconciliation | previous=9.684949e+08 | current=1.219821e+09 | block_delta=+2.513257e+08 | mismatch=-7.152557e-07
[RECOURSE JUMP] Aggregate signed changes:
  TSO | delta=+3.396931e+08
  DSO node=9 | delta=-3.558705e+07
  DSO node=5 | delta=-3.090047e+07
  DSO node=7 | delta=-2.187983e+07
  SALVAGE | delta=+1.053832e-35
[RECOURSE JUMP] Largest 10 block changes:
  TSO node=None year=2025 day=Winter | previous=8.734233e+07 | current=1.313299e+08 | delta=+4.398758e+07 | abs_delta=4.398758e+07
    [RECOURSE JUMP][TSO PROX] year=2025 day=Winter | V max=0.003051 | PF max=0.106248 | ESS max=0.000100
    [RECOURSE COMPONENTS] gen=+4.398758e+07 | flex=+0.000000e+00 | load_curt=+0.000000e+00 | res_curt=+0.000000e+00 | ess_usage=+0.000000e+00 | slacks=+4.953762e-10 | ess_comp=+8.039176e-05
    [SLACK COMPONENTS] voltage=+4.953762e-10 | node_P=+0.000000e+00 | node_Q=+0.000000e+00 | branch_ij=+0.000000e+00 | branch_ji=+0.000000e+00 | flex_P=+0.000000e+00 | flex_Q=+0.000000e+00
    [SLACK COMPONENT CHECK] classified_delta=+4.953762e-10 | objective_slack_delta=+4.953762e-10 | mismatch=+0.000000e+00
    [RECOURSE COMPONENT CHECK] classified_delta=+4.398758e+07 | block_delta=+4.398758e+07 | mismatch=+0.000000e+00
  TSO node=None year=2025 day=Autumn | previous=7.919307e+07 | current=1.190296e+08 | delta=+3.983650e+07 | abs_delta=3.983650e+07
    [RECOURSE JUMP][TSO PROX] year=2025 day=Autumn | V max=0.002745 | PF max=0.102850 | ESS max=0.000110
    [RECOURSE COMPONENTS] gen=+3.983650e+07 | flex=+0.000000e+00 | load_curt=+0.000000e+00 | res_curt=+0.000000e+00 | ess_usage=+0.000000e+00 | slacks=+4.096066e-10 | ess_comp=+7.493942e-05
    [SLACK COMPONENTS] voltage=+4.096066e-10 | node_P=+0.000000e+00 | node_Q=+0.000000e+00 | branch_ij=+0.000000e+00 | branch_ji=+0.000000e+00 | flex_P=+0.000000e+00 | flex_Q=+0.000000e+00
    [SLACK COMPONENT CHECK] classified_delta=+4.096066e-10 | objective_slack_delta=+4.096066e-10 | mismatch=+0.000000e+00
    [RECOURSE COMPONENT CHECK] classified_delta=+3.983650e+07 | block_delta=+3.983650e+07 | mismatch=+1.490116e-08
  TSO node=None year=2025 day=Summer | previous=8.227630e+07 | current=1.212565e+08 | delta=+3.898023e+07 | abs_delta=3.898023e+07
    [RECOURSE JUMP][TSO PROX] year=2025 day=Summer | V max=0.002497 | PF max=0.108001 | ESS max=0.000113
    [RECOURSE COMPONENTS] gen=+3.898023e+07 | flex=+0.000000e+00 | load_curt=+0.000000e+00 | res_curt=+0.000000e+00 | ess_usage=+0.000000e+00 | slacks=+4.116103e-10 | ess_comp=+6.355863e-05
    [SLACK COMPONENTS] voltage=+4.116103e-10 | node_P=+0.000000e+00 | node_Q=+0.000000e+00 | branch_ij=+0.000000e+00 | branch_ji=+0.000000e+00 | flex_P=+0.000000e+00 | flex_Q=+0.000000e+00
    [SLACK COMPONENT CHECK] classified_delta=+4.116103e-10 | objective_slack_delta=+4.116103e-10 | mismatch=+0.000000e+00
    [RECOURSE COMPONENT CHECK] classified_delta=+3.898023e+07 | block_delta=+3.898023e+07 | mismatch=-7.450581e-09
  TSO node=None year=2025 day=Spring | previous=8.258262e+07 | current=1.211351e+08 | delta=+3.855244e+07 | abs_delta=3.855244e+07
    [RECOURSE JUMP][TSO PROX] year=2025 day=Spring | V max=0.003055 | PF max=0.130912 | ESS max=0.000129
    [RECOURSE COMPONENTS] gen=+3.855244e+07 | flex=+0.000000e+00 | load_curt=+0.000000e+00 | res_curt=+0.000000e+00 | ess_usage=+0.000000e+00 | slacks=+4.972307e-10 | ess_comp=+5.243594e-05
    [SLACK COMPONENTS] voltage=+4.972307e-10 | node_P=+0.000000e+00 | node_Q=+0.000000e+00 | branch_ij=+0.000000e+00 | branch_ji=+0.000000e+00 | flex_P=+0.000000e+00 | flex_Q=+0.000000e+00
    [SLACK COMPONENT CHECK] classified_delta=+4.972307e-10 | objective_slack_delta=+4.972307e-10 | mismatch=+0.000000e+00
    [RECOURSE COMPONENT CHECK] classified_delta=+3.855244e+07 | block_delta=+3.855244e+07 | mismatch=+1.490116e-08
  TSO node=None year=2030 day=Spring | previous=6.354320e+07 | current=9.165782e+07 | delta=+2.811462e+07 | abs_delta=2.811462e+07
    [RECOURSE JUMP][TSO PROX] year=2030 day=Spring | V max=0.003450 | PF max=0.101468 | ESS max=0.000163
    [RECOURSE COMPONENTS] gen=+2.811462e+07 | flex=+0.000000e+00 | load_curt=+0.000000e+00 | res_curt=+0.000000e+00 | ess_usage=+0.000000e+00 | slacks=+4.140546e-10 | ess_comp=+2.436944e-05
    [SLACK COMPONENTS] voltage=+4.140546e-10 | node_P=+0.000000e+00 | node_Q=+0.000000e+00 | branch_ij=+0.000000e+00 | branch_ji=+0.000000e+00 | flex_P=+0.000000e+00 | flex_Q=+0.000000e+00
    [SLACK COMPONENT CHECK] classified_delta=+4.140546e-10 | objective_slack_delta=+4.140546e-10 | mismatch=+0.000000e+00
    [RECOURSE COMPONENT CHECK] classified_delta=+2.811462e+07 | block_delta=+2.811462e+07 | mismatch=+0.000000e+00
  TSO node=None year=2035 day=Spring | previous=7.099680e+07 | current=9.819395e+07 | delta=+2.719715e+07 | abs_delta=2.719715e+07
    [RECOURSE JUMP][TSO PROX] year=2035 day=Spring | V max=0.004162 | PF max=0.100269 | ESS max=0.000195
    [RECOURSE COMPONENTS] gen=+2.719715e+07 | flex=+0.000000e+00 | load_curt=+0.000000e+00 | res_curt=+0.000000e+00 | ess_usage=+0.000000e+00 | slacks=+3.667608e-10 | ess_comp=+3.870123e-05
    [SLACK COMPONENTS] voltage=+3.667608e-10 | node_P=+0.000000e+00 | node_Q=+0.000000e+00 | branch_ij=+0.000000e+00 | branch_ji=+0.000000e+00 | flex_P=+0.000000e+00 | flex_Q=+0.000000e+00
    [SLACK COMPONENT CHECK] classified_delta=+3.667608e-10 | objective_slack_delta=+3.667608e-10 | mismatch=+0.000000e+00
    [RECOURSE COMPONENT CHECK] classified_delta=+2.719715e+07 | block_delta=+2.719715e+07 | mismatch=-1.117587e-08
  TSO node=None year=2030 day=Summer | previous=6.222410e+07 | current=8.933496e+07 | delta=+2.711086e+07 | abs_delta=2.711086e+07
    [RECOURSE JUMP][TSO PROX] year=2030 day=Summer | V max=0.003205 | PF max=0.095427 | ESS max=0.000178
    [RECOURSE COMPONENTS] gen=+2.711086e+07 | flex=+0.000000e+00 | load_curt=+0.000000e+00 | res_curt=+0.000000e+00 | ess_usage=+0.000000e+00 | slacks=+3.497576e-10 | ess_comp=+7.781327e-06
    [SLACK COMPONENTS] voltage=+3.497576e-10 | node_P=+0.000000e+00 | node_Q=+0.000000e+00 | branch_ij=+0.000000e+00 | branch_ji=+0.000000e+00 | flex_P=+0.000000e+00 | flex_Q=+0.000000e+00
    [SLACK COMPONENT CHECK] classified_delta=+3.497576e-10 | objective_slack_delta=+3.497576e-10 | mismatch=+0.000000e+00
    [RECOURSE COMPONENT CHECK] classified_delta=+2.711086e+07 | block_delta=+2.711086e+07 | mismatch=-1.117587e-08
  TSO node=None year=2030 day=Winter | previous=4.616937e+07 | current=6.877136e+07 | delta=+2.260199e+07 | abs_delta=2.260199e+07
    [RECOURSE JUMP][TSO PROX] year=2030 day=Winter | V max=0.003764 | PF max=0.086328 | ESS max=0.000160
    [RECOURSE COMPONENTS] gen=+2.260199e+07 | flex=+0.000000e+00 | load_curt=+0.000000e+00 | res_curt=+0.000000e+00 | ess_usage=+0.000000e+00 | slacks=+3.842899e-10 | ess_comp=+3.329587e-05
    [SLACK COMPONENTS] voltage=+3.842899e-10 | node_P=+0.000000e+00 | node_Q=+0.000000e+00 | branch_ij=+0.000000e+00 | branch_ji=+0.000000e+00 | flex_P=+0.000000e+00 | flex_Q=+0.000000e+00
    [SLACK COMPONENT CHECK] classified_delta=+3.842899e-10 | objective_slack_delta=+3.842899e-10 | mismatch=+0.000000e+00
    [RECOURSE COMPONENT CHECK] classified_delta=+2.260199e+07 | block_delta=+2.260199e+07 | mismatch=+0.000000e+00
  TSO node=None year=2035 day=Summer | previous=5.919084e+07 | current=8.038489e+07 | delta=+2.119405e+07 | abs_delta=2.119405e+07
    [RECOURSE JUMP][TSO PROX] year=2035 day=Summer | V max=0.003222 | PF max=0.094834 | ESS max=0.000186
    [RECOURSE COMPONENTS] gen=+2.119405e+07 | flex=+0.000000e+00 | load_curt=+0.000000e+00 | res_curt=+0.000000e+00 | ess_usage=+0.000000e+00 | slacks=+3.166321e-10 | ess_comp=+3.136305e-05
    [SLACK COMPONENTS] voltage=+3.166321e-10 | node_P=+0.000000e+00 | node_Q=+0.000000e+00 | branch_ij=+0.000000e+00 | branch_ji=+0.000000e+00 | flex_P=+0.000000e+00 | flex_Q=+0.000000e+00
    [SLACK COMPONENT CHECK] classified_delta=+3.166321e-10 | objective_slack_delta=+3.166321e-10 | mismatch=+0.000000e+00
    [RECOURSE COMPONENT CHECK] classified_delta=+2.119405e+07 | block_delta=+2.119405e+07 | mismatch=-1.117587e-08
  TSO node=None year=2035 day=Winter | previous=4.307287e+07 | current=6.383883e+07 | delta=+2.076596e+07 | abs_delta=2.076596e+07
    [RECOURSE JUMP][TSO PROX] year=2035 day=Winter | V max=0.004189 | PF max=0.086296 | ESS max=0.000159
    [RECOURSE COMPONENTS] gen=+2.076596e+07 | flex=+0.000000e+00 | load_curt=+0.000000e+00 | res_curt=+0.000000e+00 | ess_usage=+0.000000e+00 | slacks=+3.200142e-10 | ess_comp=+3.814041e-05
    [SLACK COMPONENTS] voltage=+3.200142e-10 | node_P=+0.000000e+00 | node_Q=+0.000000e+00 | branch_ij=+0.000000e+00 | branch_ji=+0.000000e+00 | flex_P=+0.000000e+00 | flex_Q=+0.000000e+00
    [SLACK COMPONENT CHECK] classified_delta=+3.200142e-10 | objective_slack_delta=+3.200142e-10 | mismatch=+0.000000e+00
    [RECOURSE COMPONENT CHECK] classified_delta=+2.076596e+07 | block_delta=+2.076596e+07 | mismatch=-7.450581e-09
[INFO]		 - Recourse stationarity failed. 251325725.002428 > 121982.065010
[ADMM RHO] V | primal max ratio=0.076 | primal mean ratio=0.174 | primal selected=0.174 | dual mean ratio=0.220 | increase threshold=5.0 | decrease threshold=5.0 | action=decreased
[ADMM RHO BOYD] V | r=6.316490e-03 | s=5.610532e-02 | eps_pri=3.228469e-03 | eps_dual=2.979060e-04 | primal_ratio=1.956497e+00 | dual_ratio=1.883323e+02 | dual_ratio_balance=1.331710e+02 | rho_before=1.000000e+00 | rho_after=6.666667e-01 | gamma_before=1.000000e+00 | gamma_after=6.666667e-01 | action=decreased
[ADMM RHO] PF | primal max ratio=18.213 | primal mean ratio=62.020 | primal selected=62.020 | dual mean ratio=5.189 | increase threshold=5.0 | decrease threshold=3.0 | action=held
[ADMM RHO BOYD] PF | r=2.816025e+00 | s=3.263797e+00 | eps_pri=1.442642e-03 | eps_dual=6.490058e-04 | primal_ratio=1.951992e+03 | dual_ratio=5.028918e+03 | dual_ratio_balance=3.555982e+03 | rho_before=1.000000e+00 | rho_after=1.000000e+00 | gamma_before=1.000000e+00 | gamma_after=1.000000e+00 | action=held
[ADMM RHO] ESS | primal max ratio=0.004 | primal mean ratio=0.002 | primal selected=0.004 | dual mean ratio=0.002 | increase threshold=5.0 | decrease threshold=5.0 | action=held
[ADMM RHO BOYD] ESS | r=4.218201e-03 | s=3.751296e-03 | eps_pri=7.300425e-04 | eps_dual=7.209047e-04 | primal_ratio=5.778021e+00 | dual_ratio=5.203595e+00 | dual_ratio_balance=3.538755e+00 | rho_before=1.000000e+00 | rho_after=1.000000e+00 | gamma_before=1.000000e+00 | gamma_after=1.000000e+00 | action=held
[INFO]		 - ADMM cycle 2 | Primal (V max/mean | PF max/mean | ESS max/mean) = 0.000765/0.000174 | 0.182130/0.062020 | 0.000407/0.000025 | Dual (V max/mean | PF max/mean | ESS max/mean) = 0.010368/0.002201 | 0.328252/0.051892 | 0.000199/0.000019 | Recourse change = 251325725.002428 (tol. 121982.065010) | Stable cycles = 0/3 | Penalty actions (V/PF/ESS) = decreased/held/held
[INFO] 	 - Iteration 2: 27.79 s
[WARNING] 	 - ADMM did NOT converge in 2 iterations!
[INFO] 	 - Execution time: 83.18 s
