17:15:47 [W176] script p515_s53_w176_manuscript_number_check.py sha256 c66ed712e0e7ef78a612e35d19af6e7a45dd2ac19955a9921bc756e1ef4e843c committed clean True; 104 inputs committed clean; frozen JSON 590088fe, submitted main.tex ca07d7db, reviewers' docx c7afdc8b verified; manuscript manuscript/6a67305f25e8348fb71380c3 HEAD 8b764234533f19ffc8a8e72a276f2f96c20a456d (declared 8b76423); files cover_letter.tex 363ad821, highlights.tex d568f329, main.tex 7aa9e105, response_to_reviewers_draft.tex b7a269d5, section2_expert_draft.tex 7e347dc8; bibliography abb26cb5; W174a pin 260bd83:main.tex cb237b2d; W171a pin 42794d4:main.tex 7effd898
17:15:48 [W176] cover_letter.tex (manuscript): tokens 5 (excluded 3, in scope 2 body + 0 comment) -- match 2 (declared 2, rule 0, auto unique 0, auto ambiguous 0), MISMATCH 0 (vs reviewers' document 0), approximate 0, no table counterpart 0, submitted-version 0, reviewer quotation verified 0, unchecked 0, no source found 0, unassigned 0
17:15:48 [W176] highlights.tex (manuscript): tokens 2 (excluded 2, in scope 0 body + 0 comment) -- match 0 (declared 0, rule 0, auto unique 0, auto ambiguous 0), MISMATCH 0 (vs reviewers' document 0), approximate 0, no table counterpart 0, submitted-version 0, reviewer quotation verified 0, unchecked 0, no source found 0, unassigned 0
17:15:48 [W176] main.tex (manuscript): tokens 2393 (excluded 220, in scope 2140 body + 33 comment) -- match 388 (declared 305, rule 83, auto unique 0, auto ambiguous 0), MISMATCH 0 (vs reviewers' document 0), approximate 12, no table counterpart 0, submitted-version 559, reviewer quotation verified 0, unchecked 1214, no source found 0, unassigned 0
17:15:48 [W176] response_to_reviewers_draft.tex (manuscript): tokens 318 (excluded 10, in scope 306 body + 2 comment) -- match 97 (declared 97, rule 0, auto unique 0, auto ambiguous 0), MISMATCH 0 (vs reviewers' document 0), approximate 0, no table counterpart 1, submitted-version 0, reviewer quotation verified 62, unchecked 148, no source found 0, unassigned 0
17:15:48 [W176] section2_expert_draft.tex (draft, not compiled): tokens 231 (excluded 0, in scope 92 body + 139 comment) -- match 60 (declared 60, rule 0, auto unique 0, auto ambiguous 0), MISMATCH 4 (vs reviewers' document 0), approximate 0, no table counterpart 0, submitted-version 0, reviewer quotation verified 0, unchecked 167, no source found 0, unassigned 0
17:15:48 [W176]   main.tex:1066:294 approximate: written '35,851' -> None [V10] data/SRP1/Results/P515S53/w142_resettle_ext_v6/frozen_s53_resettle_ext_spec_v3_84775dc4.json (sha256 84775dc4) model_variant.k_closed_form_by_arm.C2_calfade; T8 tables.ageing.rows[arm=C2_calfade].k; c
17:15:48 [W176]   main.tex:1066:376 approximate: written '80' -> None [V10] data/SRP1/SharedESS/SRP1_ESS_Params.json (sha256 39106f93) ageing.calendar_retention_per_year ^ ageing.calendar_life_years = 0.985^15; data/SRP1/Results/P515S48/frozen_s48_spec_v18_8bda2a0a.json citat
17:15:48 [W176]   main.tex:1079:65 approximate: written '35,851' -> None [V14] data/SRP1/Results/P515S53/w142_resettle_ext_v6/frozen_s53_resettle_ext_spec_v3_84775dc4.json (sha256 84775dc4) model_variant.k_closed_form_by_arm.C2_calfade; closed form N D / -ln R = 35851.3609417964
17:15:48 [W176]   main.tex:1080:65 approximate: written '35,851' -> None [V15] data/SRP1/Results/P515S53/w142_resettle_ext_v6/frozen_s53_resettle_ext_spec_v3_84775dc4.json (sha256 84775dc4) model_variant.k_closed_form_by_arm.C2; closed form N D / -ln R = 35851.3609417964; T8 tab
17:15:48 [W176]   main.tex:1081:65 approximate: written '11,542' -> None [V16] data/SRP1/Results/P515S53/w142_resettle_ext_v6/frozen_s53_resettle_ext_spec_v3_84775dc4.json (sha256 84775dc4) model_variant.k_closed_form_by_arm.C3_unit; closed form N D / -ln R = 11541.560327111707;
17:15:48 [W176]   main.tex:1082:65 approximate: written '11,542' -> None [V17] data/SRP1/Results/P515S53/w142_resettle_ext_v6/frozen_s53_resettle_ext_spec_v3_84775dc4.json (sha256 84775dc4) model_variant.k_closed_form_by_arm.C3_midblock; closed form N D / -ln R = 11541.560327111
17:15:48 [W176]   main.tex:1083:65 approximate: written '22,429' -> None [V18v4] data/SRP1/Results/P515S53/w142_resettle_ext_v6/frozen_s53_resettle_ext_spec_v3_84775dc4.json (sha256 84775dc4) model_variant.k_closed_form_by_arm.C4; closed form N D / -ln R = 22429.38601645703; T8 ta
17:15:48 [W176]   main.tex:1085:65 approximate: written '35,851' -> None [V19] data/SRP1/Results/P515S53/w142_resettle_ext_v6/frozen_s53_resettle_ext_spec_v3_84775dc4.json (sha256 84775dc4) model_variant.k_closed_form_by_arm.C2_calfade; closed form N D / -ln R = 35851.3609417964
17:15:48 [W176]   main.tex:1102:8 approximate: written '227,211' -> None [V30] data/SRP1/SRP1_params.json:51 (sha256 dbfdb2a0); shared_resources_planning.py:4062 (sha256 0610d745); shared_resources_planning.py:4037 (sha256 0610d745); data/SRP1/SRP1.json (sha256 61a794a7); data/S
17:15:48 [W176]   main.tex:1102:53 approximate: written '386,259' -> None [V30] data/SRP1/SRP1_params.json:51 (sha256 dbfdb2a0); shared_resources_planning.py:4062 (sha256 0610d745); shared_resources_planning.py:4037 (sha256 0610d745); data/SRP1/SRP1.json (sha256 61a794a7); data/S
17:15:48 [W176]   main.tex:1112:59 approximate: written '4,539.07' -> None [V37] settling_criterion.py:57 (sha256 fbe5550b)
17:15:48 [W176]   main.tex:1116:70 approximate: written '18,449.66' -> None [V39] data/SRP1/Results/P515S47/campaign_s47_phase_b/campaign_results.json sigma_Q_eur (every occurrence) (sha256 906f9da3, blob 292f7f22); data/SRP1/Results/P515S51/campaign_s51_f2_phase_b/campaign_results
17:15:48 [W176]   response_to_reviewers_draft.tex:277:40 no table counterpart: written 'single' -> None [L52v2] None
17:15:48 [W176]   section2_expert_draft.tex:74:23 MISMATCH: written '2n' -> 'n+1' [d219] p515_s47_phase_b_record.py:199 (sha256 97f573e5); p515_s47_phase_b_record.py:509 (sha256 97f573e5); p515_s51_f2_phase_b.py:803 (sha256 87ab3b2d)
17:15:48 [W176]   section2_expert_draft.tex:79:34 MISMATCH: written '1' -> 'unit poll' [d225] p515_s47_phase_b_record.py:607 (sha256 97f573e5); p515_s47_phase_b_record.py:204 (sha256 97f573e5); p515_s47_phase_b_record.py:205 (sha256 97f573e5)
17:15:48 [W176]   section2_expert_draft.tex:233:37 MISMATCH: written 'third' -> 'third-last to last' [d205] settling_criterion_v2.py:166 (sha256 3db13b0e) (inherited by settling_criterion_v6); W163 N11 written 'the three most recent turning points: from the third-last to the last'
17:15:48 [W176]   section2_expert_draft.tex:496:31 MISMATCH: written '22,430' -> '22429' [dC08] data/SRP1/Results/P515S53/w142_resettle_ext_v6/frozen_s53_resettle_ext_spec_v3_84775dc4.json (sha256 84775dc4) model_variant.k_closed_form_by_arm.C4 (= T8 C4 k 22429.386)
17:15:48 [W176] relocation of v3 declarations: {'carried': 217, 'removed': 3}; V01 removed -> V01v4; V18 removed -> V18v4; V41 removed -> V41v4
17:15:48 [W176] v4 declarations applied: [('V01v4', 1062, []), ('V18v4', 1083, ['8,000', '8,000', '1.00', '0.70', '22,429', '1.000', '0.70']), ('V41v4', 1120, ['three']), ('V42', 1073, ['10,000', '0.80']), ('V43', 1095, ['three']), ('V44', 1120, ['1']), ('V45', 1120, []), ('S401', 445, ['three', 'two', 'one']), ('A401', 1632, ['one'])]
17:15:48 [W176] quotation segments: {'verbatim': 29, 'differs': 2}; quotation tokens: {'reviewer quotation, verified': 62}
17:15:48 [W176]   quotation 0.3 (l. 67) differs ratio 0.994: delete '"' -> ''; delete '."' -> ''
17:15:48 [W176]   quotation 12.0 (l. 231) differs ratio 0.999: replace '.' -> '⋅'
17:15:48 [W176] value table (l. 1058-1124): 172 rows {'match': 159, 'no source found': 1, 'approximate': 12}; values {'match': 133, 'approximate': 12}; named settings {'match': 26, 'no source found': 1}
17:15:48 [W176]   V01v4.1 l. 1062 chemistry of the shared ESS: match -- printed 'a utility-scale lithium-ion battery', in force ["'Cost breakdown NREL'!A2 = 'Li-Ion Battery cabinet'"];  the cost workbook names the battery line "Li-Ion Battery cabinet"; no other chemistry term in the workbook (0 hits for LFP / phosphate / LiFePO / NMC). Chemistry terms in the compiled manuscript at th
17:15:48 [W176]   V01v4.2 l. 1062 cost source: NREL utility-scale battery storage (cited nrel_ess_costs): match -- printed 'the NREL ... utility-scale battery category~\\cite{nrel_ess_costs}', in force {'workbook_sheets_named_NREL': ['Cost breakdown NREL', 'Investment Cost NREL, USD', 'Investment Cost NREL, EUR'], 'bib_n;  the investment costs are read from the workbook's NREL sheets ("Investment Cost NREL, USD": "Total Cost (4-h System)", Low / Mid / High Scenario; W167); the cited entry is NREL, "Utility-Scale Battery
17:15:48 [W176]   V01v4.3 l. 1062 'ATB' (Annual Technology Baseline) as the name of the category: no source found -- printed 'NREL ATB', in force None;  scope: the workbook (every string cell, every sheet name), the bibliography entry and the ESS parameter file were searched; "ATB" is in none of them. The ATB identity of the cited NREL page ("Utility-
17:15:48 [W176]   V10.4 l. 1066 baseline k = N D / (-ln R): approximate -- printed '$k = 35,851$', in force 35851.3609417964; printed at 0 decimal place(s): 35,851 = 35851.3609417964 rounded 
17:15:48 [W176]   V10.6 l. 1066 retention after the calendar life without cycling (percent) = phi^T: approximate -- printed '80 % retention over the 15-year calendar life', in force 0.7971562536487744; printed at 0 decimal place(s): 80 = 79.71562536487744 rounded 
17:15:48 [W176]   V42.1 l. 1073 C4 as entered: cycles N: match -- printed 'entered as 10,000 cycles', in force 10000;  the C4 arm varies eol_retention_r only; N and D are the file's
17:15:48 [W176]   V42.2 l. 1073 C4 as entered: depth of discharge D: match -- printed 'at 0.80 depth of discharge', in force 0.8;  
17:15:48 [W176]   V42.3 l. 1073 the same product N delta as the datasheet row, all the calibration uses: match -- printed 'the same product $N^{DS} \\delta^{DS}$, which is all (eq:cycle_life_calibration) uses', in force {'N_x_D_as_entered': 8000.0, 'N_x_D_datasheet_row': 8000.0, 'k_C4_spec': 22429.38601645703, 'k_from_entered_values': 224;  10,000 x 0.80 = 8,000 x 1.00; k(C4) from the entered values equals the spec's k
17:15:48 [W176]   V14.4 l. 1079 k_e: approximate -- printed '35,851', in force 35851.3609417964; printed at 0 decimal place(s): 35,851 = 35851.3609417964 rounded 
17:15:48 [W176]   V15.4 l. 1080 k_e: approximate -- printed '35,851', in force 35851.3609417964; printed at 0 decimal place(s): 35,851 = 35851.3609417964 rounded 
17:15:48 [W176]   V16.5 l. 1081 k_e: approximate -- printed '11,542', in force 11541.560327111707; printed at 0 decimal place(s): 11,542 = 11541.560327111707 rounded 
17:15:48 [W176]   V17.5 l. 1082 k_e: approximate -- printed '11,542', in force 11541.560327111707; printed at 0 decimal place(s): 11,542 = 11541.560327111707 rounded 
17:15:48 [W176]   V18v4.1 l. 1083 row label: datasheet cycles: match -- printed 'row label: 8,000', in force 8000.0;  
17:15:48 [W176]   V18v4.2 l. 1083 N^DS (datasheet cycles): match -- printed '8,000', in force 8000.0;  as run: the file's (N, D) = (10000, 0.8); N x D equal (8000 = 8000 x 1.0), the only product k uses; datasheet statement as recorded in spec v18 (proposed by the expert, author to confirm)
17:15:48 [W176]   V18v4.3 l. 1083 delta^DS (datasheet DoD): match -- printed '1.00', in force 1.0;  as run: the file's (N, D) = (10000, 0.8); N x D equal (8000 = 8000 x 1.0), the only product k uses; datasheet statement as recorded in spec v18 (proposed by the expert, author to confirm)
17:15:48 [W176]   V18v4.4 l. 1083 R^DS (retention): match -- printed '0.70', in force 0.7;  
17:15:48 [W176]   V18v4.5 l. 1083 k_e: approximate -- printed '22,429', in force 22429.38601645703; printed at 0 decimal place(s): 22,429 = 22429.38601645703 rounded 
17:15:48 [W176]   V18v4.6 l. 1083 phi^Cal: match -- printed '1.000', in force 1.0;  
17:15:48 [W176]   V18v4.7 l. 1083 SoH point: match -- printed 'end', in force end;  
17:15:48 [W176]   V18v4.8 l. 1083 SoH^Min: match -- printed '0.70', in force 0.7;  
17:15:48 [W176]   V19.5 l. 1085 k_e: approximate -- printed '35,851', in force 35851.3609417964; printed at 0 decimal place(s): 35,851 = 35851.3609417964 rounded 
17:15:48 [W176]   V43.1 l. 1095 number of planning-search campaigns that ran: match -- printed 'the three planning-search campaigns', in force ['data/SRP1/Results/P515S47/campaign_s47_phase_b/campaign_spec_s47_phase_b_8cfa264e.json', 'data/SRP1/Results/P515S51/ca;  specs carrying a poll design without a committed campaign_results.json beside them: ['data/SRP1/Results/P515S53/campaign_s53_f2_certificate/campaign_spec_s53_f2_certificate_3b9d6df9.json']
17:15:48 [W176]   V43.2 l. 1095 the search campaigns ran on earlier code states, without the tight tail: match -- printed 'ran on earlier states of the code, without the tight tail', in force {'s47': {'git_head_at_run': '353e094b', 'tail_code_occurrences': {'shared_resources_planning.py': 0, 'admm_parameters.py;  at each campaign's run head the tail code occurs 0 times in shared_resources_planning.py, admm_parameters.py and the campaign harness, and no spec declares it; the frozen configuration of the certifie
17:15:48 [W176]   V30.2 l. 1102 kappa^E single-scenario instance: approximate -- printed '227,211', in force 227210.996652; printed at 0 decimal place(s): 227,211 = 227210.996652 rounded recomputed: sigma / median w_b, median 412.10751847261173 over 48 blocks
17:15:48 [W176]   V30.3 l. 1102 kappa^E multi-scenario instance: approximate -- printed '386,259', in force 386258.694309; printed at 0 decimal place(s): 386,259 = 386258.694309 rounded recomputed: sigma / median w_b, median 242.4161873368304 over 80 blocks
17:15:48 [W176]   V37.3 l. 1112 tau = delta_R V / 4 (EUR): approximate -- printed '4,539.07', in force 4539.0682750000005; printed at 2 decimal place(s): 4,539.07 = 4539.0682750000005 rounded 
17:15:48 [W176]   V39.6 l. 1116 sigma_Q (EUR): approximate -- printed '$\\sigma_Q = 18,449.66$ EUR', in force [18449.663947025518]; printed at 2 decimal place(s): 18,449.66 = 18449.663947025518 rounded one value in all three search campaigns
17:15:48 [W176]   V41v4.1 l. 1120 solver starts per arrangement: match -- printed 'the best of three solver starts', in force {'passive': 3, 'price_taker': 3};  cold, perturbed, warm_from_certified; each arm = the minimum over its starts
17:15:48 [W176]   V44.1 l. 1120 consistency pass: match -- printed "each DN is then re-evaluated at the TN's interface voltage and, where a DN limit is violated, re-solved once at that voltage before the TSO dispatches again", in force {'consistency_convention': "Addendum 49: TN voltages bounded; each DN re-evaluated at the TN's actual interface voltage ;  one sequential pass (48 solves: the DSOs re-solved, then the TSO) defines the arm cost if a DN limit is violated; no magnitude of the pass is printed in the paragraph
17:15:48 [W176]   V44.2 l. 1120 passive DSO minimum-curtailment term (EUR/MWh): match -- printed 'a minimum-curtailment term of 1 EUR/MWh', in force 1.0;  unit: the penalty multiplies baseMVA x (available - dispatched) p.u. per hourly period, i.e. EUR per MWh curtailed; decision tie-breaker of the price-taker DSOs and the TSO 0 ({'passive_dso': 1.0, 'pr
17:15:48 [W176]   V44.3 l. 1120 arm cost = the common Q, settlement excluded, minimum-curtailment term at zero: match -- printed 'every arrangement is costed with the same function $Q$ as the coordinated value (settlement excluded, that term at zero)', in force {'objective_convention': 'Q = gross_operational_cost, settlement EXCLUDED (production _get_operational_recourse_componen;  
17:15:48 [W176]   V45.1 l. 1120 benchmark instance: match -- printed 'evaluated at the plan without shared storage, at the single-scenario instance', in force {'candidate': {'5': [0.0, 0.0], '7': [0.0, 0.0], '9': [0.0, 0.0]}, 'label': 'x0', 'problem': 'SRP1', 'NumMarketScenarios;  x = 0 (every node (P, E) = (0, 0)) on SRP1, one market and one operation scenario per network
17:15:48 [W176] submitted-version: W174a 559 -> W176 559 (same 559, removed 0, added 0); by section {'Front matter': 3, '3 Case Study': 26, '4 Results': 245, '5 Conclusions': 2, 'E Results': 283}
17:15:48 [W176] approximate: W174a 12 -> W176 12 (same 12, removed [], added [])
17:15:48 [W176] PREDICTION zero MISMATCH in main.tex: W174a 0 / W176 0 -- HELD
17:15:48 [W176] PREDICTION zero MISMATCH in the letter: W174a 0 / W176 0 -- HELD
17:15:48 [W176] PREDICTION the same twelve approximates as W174a (printed roundings): W174a 12 / W176 12 -- HELD: the same 12 tokens -- l. 1074->1066 35,851 (V10); l. 1074->1066 80 (V10); l. 1087->1079 35,851 (V14); l. 1088->1080 35,851 (V15); l. 1089->1081 11,542 (V16); l. 1090->1082 11,542 (V17); l. 1091->1083 22,429 (V18->V18v4); l. 1093->1085 35,851 (V19); l. 1122->1102 227,211 (V30); l. 1122->1102 386,259 (V30); l. 1132->1112 4,539.07 (V37); l. 1136->1116 18,449.66 (V39); matched by mapped line except l. 1083 (line edited; same column and text; check V18 -> V18v4)
17:15:48 [W176] PREDICTION submitted-version count reduced only where section 3.5-3.6 text replaced submitted text: W174a 559 / W176 559 -- HELD on "only where" (no reduction anywhere else); NO REDUCTION OBSERVED: the count is unchanged, 559 -> 559, every token at its mapped line -- sections 3.5-3.6 held no submitted-version figure at 260bd83 (W174a already treated l. 1066-1151 as a revised passage), so none could be replaced
17:15:48 [W176] parameter checks re-evaluated: {'match': 30, 'partial': 1}
17:15:48 [W176] regions kept [('r47', (1189, 1201)), ('r_delete', (1202, 1339)), ('r_delete', (1340, 1428)), ('keyins', (1429, 1448)), ('results', (1126, 1188)), ('appE', (2028, 2141))]; dropped []; line rules mapped {'REVISED': {'sec2': (315, 901), 'sec3_1': (939, 967), 'sec3_3': (975, 977), 'sec3_5_6': (1058, 1125), 'app_a': (1467, 1666)}, 'VALUE_TABLE_LINES': (1058, 1124), 'NETWORK_TABLES': (972, 1057), 'APP_BCD': (1667, 2027)}
17:15:48 [W176] main.tex lines changed since 260bd83: 34 ([445, 639, 671, 748, 833, 858, 1062, 1073, 1083, 1094, 1095, 1096, 1097, 1118, 1119, 1120, 1121, 1471, 1472, 1486, 1487, 1488, 1489, 1543, 1544, 1545, 1595, 1596, 1600, 1601, 1605, 1632, 1633, 1655]); letter: [76]
17:15:48 [W176]   finding G1 (l. 256, W171a finding re-checked): R3.6 now reads "(in 2035 under the baseline, the mid-block and the unit-retention calibrations; not within the horizon under the other two)"; T8 floor_year_070 = {'C3_unit': 2035, 'C2': None, 'C4': None, 'C2_calfade': 2035, 'C3_midblock': 2035, 'no_ageing': None}: consistent (L302 match). RESOLVED.
17:15:48 [W176]   finding G2 (l. -, W171a finding re-checked): The R3.5 clause on the 0.5 % / 2 % sentence is gone from the letter (Addendum 69 D8); the sentence itself is gone from main.tex (present at this commit: False; never in the submitted source: True). L43v2 removed with its sentence. RESOLVED.
17:15:48 [W176]   finding G3 (l. [100], W171a finding, unchanged): R1.5 \rchanges still says "Figure~2 and the graphical abstract" on lines [100]; Addendum 69 D8: waits for the PDF the reviewers read. OPEN.
17:15:48 [W176]   finding G4 (l. 224, W171a finding, unchanged): "Figure 15 of the submitted version" not derivable from the source (W171a G4); waits for the PDF (Addendum 69 D8). OPEN.
17:15:48 [W176]   finding G5 (l. [], W171a finding re-checked): stray double quote after "(Section~4.5)": lines []. RESOLVED.
17:15:48 [W176]   finding G6 (l. 78, W171a finding re-checked): B.6 qualifier: R1.2 now reads "three representative years standing for five-year blocks at the single-scenario instance; five three-year blocks at the multi-scenario instance" (True); counts checked (L301). RESOLVED.
17:15:48 [W176]   finding G7 (l. 279, W171a finding re-checked): "Further changes" names the cost-file correction (÷5 instead of ÷4, ×1.25): True; numbers checked (L303). RESOLVED.
17:15:48 [W176]   finding G8 (l. [176], W171a finding, unchanged): "The three references were added" beside the bracketed status ("not yet added" on lines [176]); B.8 keeps the note until the references are in. OPEN (by design).
17:15:48 [W176]   finding K1 (l. 213, claim checked): "two verdicts": T1 ['L:y2030__n5_p0.25_e0.5__n7_p1_e3'] and T4 2035 - 2030 (unchanged since W171a; L32v2).
17:15:48 [W176]   finding K5 (l. rcomment blocks, quotation check): 29 of 31 quotation segments verbatim, 2 differ, 0 not found.
17:15:48 [W176]   finding G9 (l. 76, Addendum 72 wording): R1.2(iv) reads "the reference technology is utility-scale lithium-ion battery storage; the cycling calibrations are datasheet readings (Section~3.5)" (1 occurrence); chemistry terms in the letter: [(76, 'body', 'lithium')]. No "LFP" / "iron phosphate" left. Section~3.5 is the shared-ESS parameters s
17:15:48 [W176]   finding M1 (l. 748, 832, 858, 899, cross-references to sections 3.5 / 3.6): every "given in Section~\ref{sec:case_...}" in section 2 points at the subsection that prints the values: l. 748 -> sec:case_ess_params (3.5) for \eta, SoC^{\text{Min}}, \varepsilon^{\text{Cl}} (printed in ['3.5']); l. 832 -> sec:case_ess_params (3.5) for no parameter symbol of the list in the sente
17:15:48 [W176]   finding M2 (l. 377, 415, 445, 631, 635, 671, 1066, 1119, literal section numbers): literal "Section~3.x / 4 / 4.x" in sections 2, 3.5-3.6 and Appendix A: [(377, 'Section~4'), (415, 'Section~4'), (445, 'Section~4.7'), (631, 'Section~4.5'), (635, 'Section~4.7'), (671, 'Section~4'), (1066, 'Section~4.3'), (1119, 'Section~4.4')]; sections 3.x and 4.x at this commit: {'3.1': 'Investmen
17:15:48 [W176]   finding M3 (l. 1062, 1182, 143, 535, chemistry terms (Addendum 72)): chemistry terms in main.tex: [(143, 'body', 'lithium'), (535, 'body', 'lithium'), (1062, 'body', 'lithium'), (1182, 'body', 'lithium')]; no "LFP" / "iron phosphate" left
17:15:48 [W176]   finding M4 (l. -, [CONFIRM / [AUTHOR comments): 0 line(s) carry "[CONFIRM" or "[AUTHOR" in main.tex at this commit
17:15:48 [W176] check clone_head_is_declared_commit: True
17:15:48 [W176] check file_set_equals_declared: True
17:15:48 [W176] check every_sha_equals_declared: True
17:15:48 [W176] check every_file_equals_its_blob_at_commit: True
17:15:48 [W176] check no_tex_or_bib_modified_or_untracked_in_clone: True
17:15:48 [W176] check bibliography_equals_its_blob_at_commit: True
17:15:48 [W176] check w174a_pin_readable_in_clone: True
17:15:48 [W176] check w171a_pin_readable_in_clone: True
17:15:48 [W176] check frozen_json_unchanged: True
17:15:48 [W176] check v3_declaration_set_reconstructed_equals_w174a_applied: True
17:15:48 [W176] check every_declaration_found_and_evaluated: True
17:15:48 [W176] check no_token_claimed_twice: True
17:15:48 [W176] check no_duplicate_declaration_id: True
17:15:48 [W176] check every_token_assigned: True
17:15:48 [W176] check every_map_citation_found_once: True
17:15:48 [W176] check statuses_in_vocabulary: True
17:15:48 [W176] check main_line_rules_pinned_to_this_main: True
17:15:48 [W176] check revised_passages_start_at_their_headings: True
17:15:48 [W176] check w174a_regions_recomputed_equal_w174a_constant_and_results: True
17:15:48 [W176] check w174a_regions_kept_or_dropped_with_reason: True
17:15:48 [W176] check w174a_regions_equal_pinned_expectation_v4: True
17:15:48 [W176] check line_rules_v4_equal_mapped_from_w174a: True
17:15:48 [W176] check every_v3_declaration_carried_superseded_or_replaced: True
17:15:48 [W176] check no_replacement_entry_for_a_carried_declaration: True
17:15:48 [W176] check parameter_table_evaluated: True
17:15:48 [W176] check every_value_declaration_applied: True
17:15:48 [W176] check every_value_row_status_in_vocabulary: True
17:15:48 [W176] check every_quotation_segment_located: True
17:15:48 [W176] check docx_sha_equals_declared: True
17:15:48 [W176] wrote data/SRP1/Results/P515S53/w176_manuscript_check/overleaf_8b76423/w176_manuscript_number_check.json 1860dca4, data/SRP1/Results/P515S53/w176_manuscript_check/overleaf_8b76423/w176_manuscript_number_check.md 120348eb, data/SRP1/Results/P515S53/w176_manuscript_check/overleaf_8b76423/manifest_sha256.json 57b1bdef
17:15:48 [W176] guards [('w176_manuscript_number_check', 0, 0, []), ('w174_manuscript_number_check', 0, 0, []), ('w171_manuscript_number_check', 0, 0, []), ('w164_manuscript_number_check', 0, 0, []), ('w163_paragraphs_v4_check', 0, 0, []), ('w162_paragraphs_v3_check', 0, 0, []), ('w161_paragraphs_v2', 0, 0, []), ('w160_step6_freeze_export', 0, 0, []), ('w157_step6_tables', 0, 0, []), ('w145_banded_fit', 0, 0, []), ('w142_checks', 0, 0, []), ('w139_checks', 0, 0, []), ('w137_checks', 0, 0, []), ('w132_checks', 0, 0, []), ('w118_checks', 0, 0, []), ('w105_checks_imported', 0, 0, []), ('w101_checks_imported', 0, 0, []), ('w98_checks_imported', 0, 0, []), ('w112_imported', 0, 0, []), ('w141_swing_variants', 0, 0, []), ('w139_v5_from_records', 0, 0, []), ('w131_imported', 0, 0, []), ('w137_ra_imported', 0, 0, []), ('alpha_row_launcher', 0, 0, []), ('w86_launcher', 0, 0, []), ('w87', 0, 0, []), ('w88', 0, 0, []), ('w89_step1', 0, 0, []), ('w89_3x3_launcher', 0, 0, []), ('w90_3x3_parent', 0, 0, []), ('w98_parent', 0, 0, []), ('w101_parent', 0, 0, []), ('w118_parent', 0, 0, []), ('w132_parent', 0, 0, []), ('w137_parent', 0, 0, []), ('w139_parent', 0, 0, []), ('w142_parent', 0, 0, [])]; pickle ok True; exit 0; wall 15.2 s
