{
 "A_cells": 46,
 "A_replay_reproduces_committed": 46,
 "A_not_reproduced": [],
 "A_text_reading_changes_decision": [
  "c_156ce2d1",
  "c_6597a79d",
  "d_3632b0ae",
  "d_4a82a64a",
  "d_9246ed01",
  "d_c7fee8be",
  "d_d3709599",
  "g_37b5c499",
  "g_48749148",
  "g_9abf31d4",
  "e_c2",
  "e_c2_calfade",
  "e_c3_midblock",
  "e_c4",
  "e_no_ageing",
  "pb_y2025_n5_v6",
  "e_soh050",
  "g070_neutrality",
  "d_c52e1670"
 ],
 "A_certified_cells_with_more_than_3_turning_points_at_k_star": [
  "c_156ce2d1",
  "c_6597a79d",
  "d_3632b0ae",
  "d_4a82a64a",
  "d_9246ed01",
  "d_c7fee8be",
  "d_d3709599",
  "g_37b5c499",
  "g_47dce43c",
  "g_48749148",
  "g_9abf31d4",
  "e_c2",
  "e_c2_calfade",
  "e_c3_midblock",
  "e_c4",
  "e_no_ageing",
  "pb_y2025_n5_v6",
  "e_soh050",
  "g070_neutrality",
  "d_c52e1670"
 ],
 "B_uncertified_cells": 12,
 "B_slack_code_equals_frozen_table_all": true,
 "C_uncertified_form_claims": 23,
 "C_bar_code_equals_frozen_all": true,
 "C_verdict_code_equals_frozen_all": true,
 "C_claims_whose_verdict_changes_under_text_slack": [],
 "C_claims_whose_bar_changes_under_text_slack": [
  "B:n7_2h_e2",
  "B:n7_2h_e3",
  "B:n7_4h_e5",
  "H:m1.5:value_minus_I",
  "J:e2_to_e3",
  "J:e3_to_e4",
  "J:e3_value_minus_I"
 ]
}
A         c_156ce2d1 reproduces=True code=(certified,176,oscillatory,W=33,P=30) text=(certified,173,oscillatory,W=30,P=27) dQ/tau=-0.051956165622955144
A         c_6597a79d reproduces=True code=(certified,193,oscillatory,W=33,P=30) text=(certified,191,oscillatory,W=31,P=28) dQ/tau=-0.051291056417842214
A         d_3632b0ae reproduces=True code=(certified,153,oscillatory,W=24,P=21) text=(None,None,None,W=None,P=None) dQ/tau=None
A         d_36686489 reproduces=True code=(uncertified,None,None,W=None,P=None) text=(uncertified,None,None,W=None,P=None) dQ/tau=None
A         d_4a82a64a reproduces=True code=(certified,142,oscillatory,W=27,P=24) text=(None,None,None,W=None,P=None) dQ/tau=None
A         d_9246ed01 reproduces=True code=(certified,138,oscillatory,W=25,P=22) text=(None,None,None,W=None,P=None) dQ/tau=None
A         d_a12d95a2 reproduces=True code=(uncertified,None,None,W=None,P=None) text=(uncertified,None,None,W=None,P=None) dQ/tau=None
A         d_c7fee8be reproduces=True code=(certified,145,oscillatory,W=27,P=24) text=(None,None,None,W=None,P=None) dQ/tau=None
A         d_d3709599 reproduces=True code=(certified,175,oscillatory,W=33,P=30) text=(certified,173,oscillatory,W=31,P=28) dQ/tau=-0.0493471571855895
A         d_f759dd48 reproduces=True code=(uncertified,None,None,W=None,P=None) text=(uncertified,None,None,W=None,P=None) dQ/tau=None
A         g_37b5c499 reproduces=True code=(certified,185,oscillatory,W=32,P=29) text=(certified,184,oscillatory,W=31,P=28) dQ/tau=-0.015971539581649787
A         g_47dce43c reproduces=True code=(certified,174,oscillatory,W=31,P=28) text=(certified,174,oscillatory,W=31,P=28) dQ/tau=0.0
A         g_48749148 reproduces=True code=(certified,170,oscillatory,W=32,P=29) text=(certified,169,oscillatory,W=31,P=28) dQ/tau=-0.01762457086800308
A         g_9abf31d4 reproduces=True code=(certified,172,oscillatory,W=29,P=26) text=(None,None,None,W=None,P=None) dQ/tau=None
A         h_50dea31c reproduces=True code=(certified,146,oscillatory,W=20,P=16) text=(certified,146,oscillatory,W=20,P=16) dQ/tau=0.0
A         h_74eda68d reproduces=True code=(certified,150,oscillatory,W=21,P=19) text=(certified,150,oscillatory,W=21,P=19) dQ/tau=0.0
A         h_aa8a76d7 reproduces=True code=(certified,153,oscillatory,W=42,P=38) text=(certified,153,oscillatory,W=42,P=38) dQ/tau=0.0
A         h_f9eae48f reproduces=True code=(uncertified,None,None,W=None,P=None) text=(uncertified,None,None,W=None,P=None) dQ/tau=None
A         i_5a6a88b4 reproduces=True code=(certified,198,monotone,W=60,P=None) text=(certified,198,monotone,W=60,P=None) dQ/tau=0.0
A         j_5f3cccb4 reproduces=True code=(uncertified,None,None,W=None,P=None) text=(uncertified,None,None,W=None,P=None) dQ/tau=None
A         j_a11d7966 reproduces=True code=(certified,158,oscillatory,W=20,P=2) text=(certified,158,oscillatory,W=20,P=2) dQ/tau=0.0
A         j_f3aa335e reproduces=True code=(uncertified,None,None,W=None,P=None) text=(uncertified,None,None,W=None,P=None) dQ/tau=None
A         l_0ee93aca reproduces=True code=(uncertified,None,None,W=None,P=None) text=(uncertified,None,None,W=None,P=None) dQ/tau=None
A         l_195156fa reproduces=True code=(certified,252,monotone,W=60,P=None) text=(certified,252,monotone,W=60,P=None) dQ/tau=0.0
A         l_2ab0ce2d reproduces=True code=(certified,400,monotone,W=60,P=None) text=(certified,400,monotone,W=60,P=None) dQ/tau=0.0
A         l_45aa25a6 reproduces=True code=(uncertified,None,None,W=None,P=None) text=(uncertified,None,None,W=None,P=None) dQ/tau=None
A         l_76c78064 reproduces=True code=(certified,229,monotone,W=60,P=None) text=(certified,229,monotone,W=60,P=None) dQ/tau=0.0
A         l_7b199ef9 reproduces=True code=(certified,188,oscillatory,W=20,P=15) text=(certified,188,oscillatory,W=20,P=15) dQ/tau=0.0
A         l_7c455554 reproduces=True code=(uncertified,None,None,W=None,P=None) text=(uncertified,None,None,W=None,P=None) dQ/tau=None
A         l_7db09f6c reproduces=True code=(certified,251,monotone,W=60,P=None) text=(certified,251,monotone,W=60,P=None) dQ/tau=0.0
A         l_8e4c220e reproduces=True code=(certified,233,monotone,W=60,P=None) text=(certified,233,monotone,W=60,P=None) dQ/tau=0.0
A         l_b2251bc5 reproduces=True code=(uncertified,None,None,W=None,P=None) text=(uncertified,None,None,W=None,P=None) dQ/tau=None
A         l_df1a5525 reproduces=True code=(certified,236,monotone,W=60,P=None) text=(certified,236,monotone,W=60,P=None) dQ/tau=0.0
A         l_e1da0984 reproduces=True code=(certified,235,monotone,W=60,P=None) text=(certified,235,monotone,W=60,P=None) dQ/tau=0.0
A               e_c2 reproduces=True code=(certified,172,oscillatory,W=32,P=29) text=(certified,170,oscillatory,W=30,P=27) dQ/tau=0.04542627610644568
A       e_c2_calfade reproduces=True code=(certified,172,oscillatory,W=33,P=30) text=(certified,168,oscillatory,W=29,P=26) dQ/tau=-0.0781953466914562
A      e_c3_midblock reproduces=True code=(certified,174,oscillatory,W=33,P=30) text=(certified,171,oscillatory,W=30,P=27) dQ/tau=-0.08709970973957384
A          e_c3_unit reproduces=True code=(certified,160,oscillatory,W=31,P=28) text=(certified,160,oscillatory,W=31,P=28) dQ/tau=0.0
A               e_c4 reproduces=True code=(certified,173,oscillatory,W=32,P=29) text=(certified,171,oscillatory,W=30,P=27) dQ/tau=0.05774451685821558
A        e_no_ageing reproduces=True code=(certified,177,oscillatory,W=32,P=29) text=(certified,174,oscillatory,W=29,P=26) dQ/tau=-0.0426499019986319
A     pb_y2025_n5_v6 reproduces=True code=(certified,199,oscillatory,W=32,P=29) text=(certified,198,oscillatory,W=31,P=28) dQ/tau=-0.0025422221682852805
A           e_soh050 reproduces=True code=(certified,184,oscillatory,W=32,P=29) text=(certified,182,oscillatory,W=30,P=27) dQ/tau=-0.036704647251262205
A    g070_neutrality reproduces=True code=(certified,172,oscillatory,W=33,P=30) text=(certified,168,oscillatory,W=29,P=26) dQ/tau=-0.0781953466914562
A        h_unit_m175 reproduces=True code=(certified,121,oscillatory,W=20,P=14) text=(certified,121,oscillatory,W=20,P=14) dQ/tau=0.0
A          h_x0_m175 reproduces=True code=(certified,139,oscillatory,W=22,P=20) text=(certified,139,oscillatory,W=22,P=20) dQ/tau=0.0
A         d_c52e1670 reproduces=True code=(certified,150,oscillatory,W=31,P=28) text=(certified,151,oscillatory,W=32,P=29) dQ/tau=-0.04163991208593015
B   d_36686489 gap=1082.2 slack_code=7973.221109390259 slack_text=19464.674984574318 bar_code=23919.663328170776 bar_text=58394.024953722954 table_eq=True
B   d_a12d95a2 gap=462.9 slack_code=8078.616846084595 slack_text=16624.266646265984 bar_code=24235.850538253784 bar_text=49872.79993879795 table_eq=True
B   d_f759dd48 gap=766.5 slack_code=13793.420052528381 slack_text=31417.66402721405 bar_code=41380.260157585144 bar_text=94252.99208164215 table_eq=True
B   h_f9eae48f gap=2481.7 slack_code=6250.360646247864 slack_text=13920.743495225906 bar_code=18751.08193874359 bar_text=41762.23048567772 table_eq=True
B   j_5f3cccb4 gap=8847.9 slack_code=6190.5195055007935 slack_text=8137.784590601921 bar_code=26543.70148380792 bar_text=26543.70148380792 table_eq=True
B   j_f3aa335e gap=251.6 slack_code=9231.494222283363 slack_text=9030.016976952553 bar_code=27694.48266685009 bar_text=27090.05093085766 table_eq=True
B   l_0ee93aca gap=9300.1 slack_code=1472.4118458032608 slack_text=889.9266775846481 bar_code=27900.265224859322 bar_text=27900.265224859322 table_eq=True
B   l_45aa25a6 gap=9197.6 slack_code=2191.6199942827225 slack_text=1784.0020978450775 bar_code=27592.835844256682 bar_text=27592.835844256682 table_eq=True
B   l_7c455554 gap=9247.8 slack_code=1468.8069834709167 slack_text=3220.0100721120834 bar_code=27743.278844739456 bar_text=27743.278844739456 table_eq=True
B   l_b2251bc5 gap=9401.9 slack_code=2335.0076694488525 slack_text=2146.668137907982 bar_code=28205.566421167616 bar_text=28205.566421167616 table_eq=True
B ref:5ca4f86c gap=9234.4 slack_code=1461.4875311851501 slack_text=2368.35054397583 bar_code=27703.27326627694 bar_text=27703.27326627694 table_eq=True
B ref:e28de4ac gap=9300.1 slack_code=997.838485956192 slack_text=886.2162458896637 bar_code=27900.378565777683 bar_text=27900.378565777683 table_eq=True
C                                           B:n7_2h_e2 d=231710 bar_code=24235.850538253784 (frozen 24235.850538253784) determinate | bar_text=49872.79993879795 determinate changes=False
C                                           B:n7_2h_e3 d=361684 bar_code=41380.260157585144 (frozen 41380.260157585144) determinate | bar_text=94252.99208164215 determinate changes=False
C                                           B:n7_4h_e5 d=347244 bar_code=23919.663328170776 (frozen 23919.663328170776) determinate | bar_text=58394.024953722954 determinate changes=False
C                                 H:m1.5:value_minus_I d=-14450 bar_code=18751.08193874359 (frozen 18751.08193874359) within the uncertified bar | bar_text=41762.23048567772 within the uncertified bar changes=False
C                                           J:e2_to_e3 d=40973 bar_code=27694.48266685009 (frozen 27694.48266685009) determinate | bar_text=27090.05093085766 determinate changes=False
C                                           J:e3_to_e4 d=42807 bar_code=27694.48266685009 (frozen 27694.48266685009) determinate | bar_text=27090.05093085766 determinate changes=False
C                                   J:e3_value_minus_I d=133773 bar_code=27694.48266685009 (frozen 27694.48266685009) determinate | bar_text=27090.05093085766 determinate changes=False
C                                           J:e4_to_e5 d=51820 bar_code=26543.70148380792 (frozen 26543.70148380792) determinate | bar_text=26543.70148380792 determinate changes=False
C                                   J:e5_value_minus_I d=228401 bar_code=26543.70148380792 (frozen 26543.70148380792) determinate | bar_text=26543.70148380792 determinate changes=False
C                           L:df1a5525_not_a_neighbour d=47651 bar_code=27703.27326627694 (frozen 27703.27326627694) determinate | bar_text=27703.27326627694 determinate changes=False
C                                 L:y2025__n7_p0.75_e3 d=94347 bar_code=27703.27326627694 (frozen 27703.27326627694) determinate | bar_text=27703.27326627694 determinate changes=False
C                  L:y2030__n5_p0.25_e0.5__n7_p0.75_e3 d=28621 bar_code=27703.27326627694 (frozen 27703.27326627694) determinate | bar_text=27703.27326627694 determinate changes=False
C   L:y2030__n5_p0.25_e0.5__n7_p0.75_e3__n9_p0.25_e0.5 d=9804 bar_code=28205.566421167616 (frozen 28205.566421167616) within the uncertified bar | bar_text=28205.566421167616 within the uncertified bar changes=False
C                  L:y2030__n5_p0.25_e0.5__n7_p1.25_e3 d=53259 bar_code=27703.27326627694 (frozen 27703.27326627694) determinate | bar_text=27703.27326627694 determinate changes=False
C                     L:y2030__n5_p0.25_e0.5__n7_p1_e3 d=26427 bar_code=27900.265224859322 (frozen 27900.265224859322) within the uncertified bar | bar_text=27900.265224859322 within the uncertified bar changes=False
C                       L:y2030__n5_p0.25_e1__n7_p1_e3 d=-6108 bar_code=27900.378565777683 (frozen 27900.378565777683) within the uncertified bar | bar_text=27900.378565777683 within the uncertified bar changes=False
C                                 L:y2030__n7_p0.75_e3 d=61486 bar_code=27703.27326627694 (frozen 27703.27326627694) determinate | bar_text=27703.27326627694 determinate changes=False
C                  L:y2030__n7_p0.75_e3__n9_p0.25_e0.5 d=35336 bar_code=27703.27326627694 (frozen 27703.27326627694) determinate | bar_text=27703.27326627694 determinate changes=False
C                                    L:y2030__n7_p1_e3 d=50617 bar_code=27703.27326627694 (frozen 27703.27326627694) determinate | bar_text=27703.27326627694 determinate changes=False
C                                  L:y2030__n7_p1_e3.5 d=23869 bar_code=27703.27326627694 (frozen 27703.27326627694) within the uncertified bar | bar_text=27703.27326627694 within the uncertified bar changes=False
C                   L:y2030__n7_p1_e3.5__n9_p0.25_e0.5 d=5577 bar_code=27743.278844739456 (frozen 27743.278844739456) within the uncertified bar | bar_text=27743.278844739456 within the uncertified bar changes=False
C                     L:y2030__n7_p1_e3__n9_p0.25_e0.5 d=31329 bar_code=27703.27326627694 (frozen 27703.27326627694) determinate | bar_text=27703.27326627694 determinate changes=False
C                                    L:y2030__n7_p1_e4 d=6384 bar_code=27703.27326627694 (frozen 27703.27326627694) within the uncertified bar | bar_text=27703.27326627694 within the uncertified bar changes=False
