[2026-09-28T19:04:33.290243+00:00] 5 inputs pinned
[2026-09-28T19:04:33.380337+00:00] unit check: W114 2420.636585 vs LL 2420.636585 MWh/day, per-node hourly max {'5': 0.0, '7': 0.0, '9': 0.0}; passed True
[2026-09-28T19:04:33.380520+00:00] sign/unit cross-check phase A: recomputed 73.44638932288092 recorded 73.44638932288092 passed True
[2026-09-28T19:04:33.396634+00:00] wrote /Users/micaelsimoes/Projects/share-resource-planning-no_esso-degradation/data/SRP1/Results/P515S53/w124_block_energy_check/w124_block_energy_check.json sha256 4ec29f1b5f37135ab53506224d19361fdefdd3ce44ddbf87755e6af19ac19c91
[2026-09-28T19:04:33.396699+00:00] decomposition: {"q_price_taker_phase_C": 744770310.5871649, "q_source": "data/SRP1/Results/P515S53/w116_benchmark_nrf/nrf_arm_price_taker_warm_from_certified_r2/nrf_arm_price_taker_warm_from_certified_r2.json phase_C_sequential_pass.evaluation.gross_operational_cost", "q181_coordinated": 653873702.1876609, "q181_source": "data/SRP1/Results/P515S53/w106_uncoordinated_settled/lambda_look/lambda_look.json coordinated_cell.certified_gross", "claim": 90896608.39950395, "dTSO_sum_12_blocks": 70166588.0611981, "dDSO_residual": 20730020.338305846}
[2026-09-28T19:04:33.396714+00:00] block        E_pt(MWh)   E_co(MWh)   rel_tot   rel_n5    rel_n7    rel_n9    dTSO(EUR)      C_pt(MWh-eq) ratio  pi_min  pi_max  night(MWh) hrs>1MW  R_total      R_node
[2026-09-28T19:04:33.396741+00:00] 2025|Winter    2827.781   2826.244 +0.0544% +0.0438% +0.0711% +0.0529%     1528415.83     18528.70   82.49   84.13  141.01    -44.563   9      outside_rule outside_rule
[2026-09-28T19:04:33.396763+00:00]     hours |dP|>1MW (h: pt-co MW): 3:+13.71, 4:+8.46, 5:+9.59, 6:+12.81, 9:-19.32, 10:-8.59, 14:+7.40, 18:-11.54, 20:-9.78
[2026-09-28T19:04:33.396787+00:00] 2025|Spring    2835.940   2835.141 +0.0282% +0.0407% +0.0089% +0.0348%     4576508.87     36701.05   124.7    3.26  158.09     21.243  10      H1           H1
[2026-09-28T19:04:33.396803+00:00]     hours |dP|>1MW (h: pt-co MW): 1:+40.11, 2:+1.60, 3:-7.24, 4:-19.34, 5:-19.87, 6:-18.91, 7:-19.25, 8:+6.67, 20:+34.63, 22:+2.40
[2026-09-28T19:04:33.396819+00:00] 2025|Summer    2727.366   2726.762 +0.0222% +0.0309% +0.0129% +0.0226%     1157889.95      9455.04  122.46   33.64  144.26     21.039   6      H1           H1
[2026-09-28T19:04:33.396833+00:00]     hours |dP|>1MW (h: pt-co MW): 4:-4.78, 5:-17.27, 6:+1.85, 7:+9.40, 10:+1.01, 20:+10.47
[2026-09-28T19:04:33.396848+00:00] 2025|Autumn    2598.596   2598.708 -0.0043% -0.0009% -0.0183% -0.0004%      111584.88         0.00    None   80.55  161.80      0.008   2      undetermined undetermined
[2026-09-28T19:04:33.396859+00:00]     hours |dP|>1MW (h: pt-co MW): 14:-3.33, 19:+3.16
[2026-09-28T19:04:33.396876+00:00] 2030|Winter    2385.112   2382.073 +0.1276% +0.1223% +0.1049% +0.1468%     5513284.84     57327.49   96.17   92.37  161.38    -78.559  10      H1           H1
[2026-09-28T19:04:33.396890+00:00]     hours |dP|>1MW (h: pt-co MW): 4:+30.53, 5:+41.95, 6:+5.74, 9:+1.77, 13:+13.57, 14:+40.89, 15:+6.61, 18:-51.67, 19:-31.86, 20:-55.12
[2026-09-28T19:04:33.396916+00:00] 2030|Spring    2717.828   2710.158 +0.2830% +0.2973% +0.2202% +0.3376%     9015330.28    119163.05   75.66    3.69  178.86    191.783  17      H1           H1
[2026-09-28T19:04:33.396938+00:00]     hours |dP|>1MW (h: pt-co MW): 1:-2.91, 2:-18.13, 3:-26.38, 4:-30.64, 5:-30.28, 6:-30.40, 7:-33.28, 8:-40.59, 9:+65.19, 10:+17.52, 18:+135.02, 19:+45.97, 20:+35.05, 21:-25.62, 22:-32.31, 23:-5.41, 24:-15.33
[2026-09-28T19:04:33.396953+00:00] 2030|Summer    2525.461   2520.627 +0.1918% +0.1997% +0.1264% +0.2875%    12089922.69     90393.69  133.75   42.76  183.24    121.076  15      H1           H1
[2026-09-28T19:04:33.396968+00:00]     hours |dP|>1MW (h: pt-co MW): 1:-9.33, 2:-11.76, 3:-20.10, 4:-26.55, 5:-26.37, 6:+66.68, 7:+42.73, 8:+21.25, 10:+2.10, 11:+16.97, 20:+76.30, 21:-33.53, 22:-52.81, 23:-17.54, 24:-23.30
[2026-09-28T19:04:33.396984+00:00] 2030|Autumn    2243.912   2243.424 +0.0217% +0.0090% +0.0125% +0.0445%     3014670.13     22508.66  133.93   92.15  175.07    -13.722  10      H1           H1
[2026-09-28T19:04:33.397009+00:00]     hours |dP|>1MW (h: pt-co MW): 1:-1.19, 3:-4.21, 4:+27.49, 6:-7.55, 10:-2.82, 11:-13.86, 12:-11.59, 13:-12.60, 19:+20.22, 20:+6.84
[2026-09-28T19:04:33.397023+00:00] 2035|Winter    2464.271   2461.566 +0.1099% +0.1008% +0.0808% +0.1386%     5687110.64     46107.95  123.34  115.34  171.51   -109.584  12      H1           H1
[2026-09-28T19:04:33.397037+00:00]     hours |dP|>1MW (h: pt-co MW): 4:+42.28, 5:+59.20, 6:+7.83, 9:+1.52, 10:-2.24, 11:-25.53, 12:-22.59, 13:-9.11, 15:-2.84, 18:+14.73, 19:-42.79, 20:-18.02
[2026-09-28T19:04:33.397050+00:00] 2035|Spring    2531.016   2520.077 +0.4341% +0.5270% +0.4116% +0.3559%    14322821.06    155349.22    92.2   23.43  219.34    262.461  16      H1           H1
[2026-09-28T19:04:33.397065+00:00]     hours |dP|>1MW (h: pt-co MW): 1:-36.89, 2:-37.23, 3:-38.43, 4:-35.66, 5:-35.02, 6:-35.82, 7:-39.23, 8:-47.97, 9:+27.87, 10:+199.34, 12:+148.31, 19:+55.36, 20:-41.36, 21:-29.11, 22:-42.38, 24:-1.03
[2026-09-28T19:04:33.397077+00:00] 2035|Summer    2424.316   2420.637 +0.1520% +0.1610% +0.1127% +0.2053%     7675807.35     70778.34  108.45   41.53  184.82     94.915  13      H1           H1
[2026-09-28T19:04:33.397091+00:00]     hours |dP|>1MW (h: pt-co MW): 1:-17.53, 2:-21.33, 3:-31.68, 4:-33.40, 5:-31.74, 6:+68.41, 7:+23.71, 9:-11.23, 10:+89.10, 11:+14.45, 20:-9.00, 21:-8.49, 22:-27.65
[2026-09-28T19:04:33.397105+00:00] 2035|Autumn    2578.505   2574.746 +0.1460% +0.1459% +0.1195% +0.1656%     5473241.55     75156.70   72.82   41.00  175.60     43.278   9      H1           H1
[2026-09-28T19:04:33.397116+00:00]     hours |dP|>1MW (h: pt-co MW): 10:-14.47, 11:-28.67, 13:+6.01, 14:+129.81, 18:+12.56, 21:-58.25, 22:-63.42, 23:-37.19, 24:+57.34
[2026-09-28T19:04:33.397132+00:00] verdict counts {'verdict_R_total': {'outside_rule': 1, 'H1': 10, 'undetermined': 1}, 'verdict_R_node': {'outside_rule': 1, 'H1': 10, 'undetermined': 1}}; readings differ on []
[2026-09-28T19:04:33.397144+00:00] night vacating (co - pt) {'plain_mwh': 509.37544913026704, 'day_weighted_mwh': 234143.26483677924}; rest of day {'plain_mwh': -549.3193282370197, 'day_weighted_mwh': -252414.7738927353}
[2026-09-28T19:04:33.397165+00:00] per hour of day (co - pt, MWh, sum 12 rep days): 1:+27.75, 2:+86.86, 3:+114.61, 4:+41.60, 5:+50.63, 6:-70.66, 7:+15.93, 8:+60.65, 9:-65.79, 10:-280.96, 11:+35.74, 12:-114.67, 13:+2.19, 14:-174.85, 15:-2.85, 16:+0.01, 17:+0.01, 18:-99.70, 19:-50.04, 20:-30.01, 21:+155.00, 22:+216.11, 23:+60.15, 24:-17.68
[2026-09-28T19:04:33.397182+00:00] guard verify(0) []; counts {'permitted_solve': 0, 'permitted_exec': 0, 'blocked_solve': 0, 'blocked_exec': 0}; wall 0.3 s
