08:12:53 [S48-X0CAP] memory preflight: available 19.740325927734375 GiB, required 2.75 GiB -> PASS; vm_stat pages {'pages_free': 23100, 'pages_active': 892378, 'pages_inactive': 904970, 'pages_speculative': 3093, 'pages_wired_down': 159900, 'pages_purgeable': 9872, 'file_backed_pages': 1221737, 'anonymous_pages': 578704, 'pages_stored_in_compressor': 155419, 'pages_occupied_by_compressor': 64846}
08:12:53 [S48-X0CAP] BASELINE (C2 + phi_cal 0.985 + soh_min 0.70)
08:12:53 [S48-X0CAP] preconditions passed; spec data/SRP1/Results/P515S48/x0_capture/campaign_spec_s48_x0_capture_4a50c0e2.json sha256=4a50c0e2277d937409f7471f8361268fea6e36254c1e21bdcf1e6ab8b1dd6a61; git HEAD 486b2dd80570047276dace2190bdec84c360a610 (spec frozen at 49b3a9c383fd73f6f5dc9d08f7866799d7a81cc0)
08:12:53 [S48-X0CAP] campaign lock acquired: {'pid': 85992, 'campaign_id': 's48_x0_capture', 'campaign_spec_sha256': '4a50c0e2277d937409f7471f8361268fea6e36254c1e21bdcf1e6ab8b1dd6a61', 'started_utc': '2026-09-22T08:12:53.660357+00:00'}
08:12:53 [S44-HARNESS] launched x0 (key 8435c71859ddde68) pid=86021
08:12:53 [S44-HARNESS] heartbeat x0: 0s cycle=None
08:13:53 [S44-HARNESS] heartbeat x0: 60s cycle=None
08:14:53 [S44-HARNESS] heartbeat x0: 120s cycle=3
08:15:53 [S44-HARNESS] heartbeat x0: 180s cycle=5
08:16:53 [S44-HARNESS] heartbeat x0: 240s cycle=7
08:17:53 [S44-HARNESS] heartbeat x0: 300s cycle=10
08:18:54 [S44-HARNESS] heartbeat x0: 360s cycle=12
08:19:54 [S44-HARNESS] heartbeat x0: 420s cycle=15
08:20:54 [S44-HARNESS] heartbeat x0: 480s cycle=17
08:21:54 [S44-HARNESS] heartbeat x0: 541s cycle=20
08:22:54 [S44-HARNESS] heartbeat x0: 601s cycle=22
08:23:54 [S44-HARNESS] heartbeat x0: 661s cycle=25
08:24:54 [S44-HARNESS] heartbeat x0: 721s cycle=27
08:25:54 [S44-HARNESS] heartbeat x0: 781s cycle=30
08:26:54 [S44-HARNESS] heartbeat x0: 841s cycle=32
08:27:54 [S44-HARNESS] heartbeat x0: 901s cycle=34
08:28:54 [S44-HARNESS] heartbeat x0: 961s cycle=37
08:29:54 [S44-HARNESS] heartbeat x0: 1021s cycle=39
08:30:54 [S44-HARNESS] heartbeat x0: 1081s cycle=42
08:31:54 [S44-HARNESS] heartbeat x0: 1141s cycle=44
08:32:54 [S44-HARNESS] heartbeat x0: 1201s cycle=47
08:33:54 [S44-HARNESS] heartbeat x0: 1261s cycle=49
08:34:54 [S44-HARNESS] heartbeat x0: 1321s cycle=52
08:35:54 [S44-HARNESS] heartbeat x0: 1381s cycle=54
08:36:55 [S44-HARNESS] heartbeat x0: 1441s cycle=57
08:37:55 [S44-HARNESS] heartbeat x0: 1501s cycle=59
08:38:55 [S44-HARNESS] heartbeat x0: 1561s cycle=62
08:39:55 [S44-HARNESS] heartbeat x0: 1622s cycle=64
08:40:55 [S44-HARNESS] heartbeat x0: 1682s cycle=67
08:41:55 [S44-HARNESS] heartbeat x0: 1742s cycle=69
08:42:55 [S44-HARNESS] heartbeat x0: 1802s cycle=72
08:43:55 [S44-HARNESS] heartbeat x0: 1862s cycle=75
08:44:55 [S44-HARNESS] heartbeat x0: 1922s cycle=77
08:45:55 [S44-HARNESS] heartbeat x0: 1982s cycle=80
08:46:55 [S44-HARNESS] heartbeat x0: 2042s cycle=82
08:47:55 [S44-HARNESS] heartbeat x0: 2102s cycle=85
08:48:56 [S44-HARNESS] heartbeat x0: 2162s cycle=87
08:49:56 [S44-HARNESS] heartbeat x0: 2223s cycle=90
08:50:56 [S44-HARNESS] heartbeat x0: 2283s cycle=93
08:51:56 [S44-HARNESS] heartbeat x0: 2343s cycle=95
08:52:56 [S44-HARNESS] heartbeat x0: 2403s cycle=98
08:53:56 [S44-HARNESS] heartbeat x0: 2463s cycle=100
08:54:56 [S44-HARNESS] heartbeat x0: 2523s cycle=103
08:55:56 [S44-HARNESS] heartbeat x0: 2583s cycle=106
08:56:56 [S44-HARNESS] heartbeat x0: 2643s cycle=108
08:57:57 [S44-HARNESS] heartbeat x0: 2703s cycle=111
08:58:57 [S44-HARNESS] heartbeat x0: 2763s cycle=113
08:59:57 [S44-HARNESS] heartbeat x0: 2824s cycle=116
09:00:57 [S44-HARNESS] heartbeat x0: 2884s cycle=119
09:01:57 [S44-HARNESS] heartbeat x0: 2944s cycle=121
09:02:57 [S44-HARNESS] heartbeat x0: 3004s cycle=124
09:03:57 [S44-HARNESS] heartbeat x0: 3064s cycle=126
09:04:57 [S44-HARNESS] heartbeat x0: 3124s cycle=129
09:05:57 [S44-HARNESS] heartbeat x0: 3184s cycle=132
09:06:12 [S44-HARNESS] finished x0 pid=86021 exit=0 status=certified wall=3199s
09:06:12 [S48-X0CAP] campaign lock released
09:06:13 [S48-X0CAP] x0: status=certified cycles=132 cert_cycle=132 Q=653859461.2279255 exit_code=0
09:06:13 [S48-X0CAP] post-certification: status=evaluated persisted={'path': 'data/SRP1/Results/P515S48/x0_capture/evals/d2c96b1480402a3b_x0/certified_models.pkl', 'sha256': '03b62593a23f748c819f18dce52c88c6a9802b8af3c52033ae09a3b88d10afce', 'size_bytes': 164013431} file_hash_verified=True
09:06:13 [S48-X0CAP] parent guard {'permitted_solve': 0, 'permitted_exec': 0, 'blocked_solve': 0, 'blocked_exec': 0} verify0_failures=[]
09:06:13 [S48-X0CAP] OK: certified and persisted; now run the gate (p515_s48_x0_capture_gate.py)
