[INFO] Running OPERATIONAL PLANNING (DISTRIBUTED)...
[INFO]	 - Initializing...
[INFO] 		 - Distribution Network node 5...
[INFO] 			 - Running SMOPF, Network case33_1, 2025, Spring...
[INFO] 			 - Running SMOPF, Network case33_1, 2025, Summer...
[INFO] 			 - Running SMOPF, Network case33_1, 2025, Autumn...
[INFO] 			 - Running SMOPF, Network case33_1, 2025, Winter...
[INFO] 			 - Running SMOPF, Network case33_1, 2030, Spring...
[INFO] 			 - Running SMOPF, Network case33_1, 2030, Summer...
[INFO] 			 - Running SMOPF, Network case33_1, 2030, Autumn...
[INFO] 			 - Running SMOPF, Network case33_1, 2030, Winter...
[INFO] 			 - Running SMOPF, Network case33_1, 2035, Spring...
[INFO] 			 - Running SMOPF, Network case33_1, 2035, Summer...
[INFO] 			 - Running SMOPF, Network case33_1, 2035, Autumn...
[INFO] 			 - Running SMOPF, Network case33_1, 2035, Winter...
[INFO] 		 - Distribution Network node 7...
[INFO] 			 - Running SMOPF, Network case33_2, 2025, Spring...
[INFO] 			 - Running SMOPF, Network case33_2, 2025, Summer...
[INFO] 			 - Running SMOPF, Network case33_2, 2025, Autumn...
[INFO] 			 - Running SMOPF, Network case33_2, 2025, Winter...
[INFO] 			 - Running SMOPF, Network case33_2, 2030, Spring...
[INFO] 			 - Running SMOPF, Network case33_2, 2030, Summer...
[INFO] 			 - Running SMOPF, Network case33_2, 2030, Autumn...
[INFO] 			 - Running SMOPF, Network case33_2, 2030, Winter...
[INFO] 			 - Running SMOPF, Network case33_2, 2035, Spring...
[INFO] 			 - Running SMOPF, Network case33_2, 2035, Summer...
[INFO] 			 - Running SMOPF, Network case33_2, 2035, Autumn...
[INFO] 			 - Running SMOPF, Network case33_2, 2035, Winter...
[INFO] 		 - Distribution Network node 9...
[INFO] 			 - Running SMOPF, Network case33_3, 2025, Spring...
[INFO] 			 - Running SMOPF, Network case33_3, 2025, Summer...
[INFO] 			 - Running SMOPF, Network case33_3, 2025, Autumn...
[INFO] 			 - Running SMOPF, Network case33_3, 2025, Winter...
[INFO] 			 - Running SMOPF, Network case33_3, 2030, Spring...
[INFO] 			 - Running SMOPF, Network case33_3, 2030, Summer...
[INFO] 			 - Running SMOPF, Network case33_3, 2030, Autumn...
[INFO] 			 - Running SMOPF, Network case33_3, 2030, Winter...
[INFO] 			 - Running SMOPF, Network case33_3, 2035, Spring...
[INFO] 			 - Running SMOPF, Network case33_3, 2035, Summer...
[INFO] 			 - Running SMOPF, Network case33_3, 2035, Autumn...
[INFO] 			 - Running SMOPF, Network case33_3, 2035, Winter...
[INFO] 		 - Transmission Network...
[INFO] 			 - Running SMOPF, Network case9, 2025, Spring...
[INFO] 			 - Running SMOPF, Network case9, 2025, Summer...
[INFO] 			 - Running SMOPF, Network case9, 2025, Autumn...
[INFO] 			 - Running SMOPF, Network case9, 2025, Winter...
[INFO] 			 - Running SMOPF, Network case9, 2030, Spring...
[INFO] 			 - Running SMOPF, Network case9, 2030, Summer...
[INFO] 			 - Running SMOPF, Network case9, 2030, Autumn...
[INFO] 			 - Running SMOPF, Network case9, 2030, Winter...
[INFO] 			 - Running SMOPF, Network case9, 2035, Spring...
[INFO] 			 - Running SMOPF, Network case9, 2035, Summer...
[INFO] 			 - Running SMOPF, Network case9, 2035, Autumn...
[INFO] 			 - Running SMOPF, Network case9, 2035, Winter...
[INFO] 		 - Running Shared ESS optimization (subproblem)...
[INFO] 			 - Node 5...
[INFO] Shared ESS complementarity diagnostics for ESS node=5: ratio_max=8.663330e-06 n_periods=288 mu_final=1.497458e-11 s_obj=1.000000e-01 eps=1.000000e-05 bound=4.312679e-03 measured=2.312858e-03
[INFO] 			 - Node 7...
[INFO] Shared ESS complementarity diagnostics for ESS node=7: ratio_max=8.664933e-06 n_periods=288 mu_final=1.499878e-11 s_obj=1.000000e-01 eps=1.000000e-05 bound=4.319650e-03 measured=2.305958e-03
[INFO] 			 - Node 9...
[INFO] Shared ESS complementarity diagnostics for ESS node=9: ratio_max=8.662105e-06 n_periods=288 mu_final=1.497387e-11 s_obj=1.000000e-01 eps=1.000000e-05 bound=4.312474e-03 measured=2.313052e-03
[ADMM OF SCALE] n=48 | min=2.430192e+07 | median=4.563872e+07 | max=9.363536e+07 | selected=9.363536e+07
[ADMM OF SCALE] Largest weighted objectives:
  TSO node=None year=2035 day=Winter | base=-9.363536e+07 | scenario=0.000000e+00 | total=-9.363536e+07
  TSO node=None year=2030 day=Autumn | base=-8.831557e+07 | scenario=0.000000e+00 | total=-8.831557e+07
  TSO node=None year=2030 day=Winter | base=-7.463930e+07 | scenario=0.000000e+00 | total=-7.463930e+07
  TSO node=None year=2035 day=Spring | base=-6.233022e+07 | scenario=0.000000e+00 | total=-6.233022e+07
  TSO node=None year=2035 day=Summer | base=-5.846825e+07 | scenario=0.000000e+00 | total=-5.846825e+07
  TSO node=None year=2035 day=Autumn | base=-5.808004e+07 | scenario=0.000000e+00 | total=-5.808004e+07
  TSO node=None year=2030 day=Summer | base=-5.747069e+07 | scenario=0.000000e+00 | total=-5.747069e+07
  DSO node=7 year=2035 day=Spring | base=5.722320e+07 | scenario=0.000000e+00 | total=5.722320e+07
  DSO node=9 year=2025 day=Winter | base=5.578761e+07 | scenario=0.000000e+00 | total=5.578761e+07
  DSO node=5 year=2035 day=Spring | base=5.561607e+07 | scenario=0.000000e+00 | total=5.561607e+07
[ADMM OF SCALE] Fixed sigma in force sigma_fixed=9.363536e+07 | sigma_computed=9.363536e+07 | ratio=1.000000e+00 | assert_factor=3.000
[ADMM ESSO AL SCALE] mode=sigma_over_median_block_weight | sigma=9.363536e+07 | median_block_weight=4.121075e+02 | al_scale_esso=2.272110e+05
[INFO] 	 - ADMM Iteration 1
[INFO] 		 - Updating distribution networks:
[INFO] 			 - Running SMOPF, Network case33_1, 2025, Spring...
[INFO] 			 - Running SMOPF, Network case33_1, 2025, Summer...
[INFO] 			 - Running SMOPF, Network case33_1, 2025, Autumn...
[INFO] 			 - Running SMOPF, Network case33_1, 2025, Winter...
[INFO] 			 - Running SMOPF, Network case33_1, 2030, Spring...
[INFO] 			 - Running SMOPF, Network case33_1, 2030, Summer...
[INFO] 			 - Running SMOPF, Network case33_1, 2030, Autumn...
[INFO] 			 - Running SMOPF, Network case33_1, 2030, Winter...
[INFO] 			 - Running SMOPF, Network case33_1, 2035, Spring...
[INFO] 			 - Running SMOPF, Network case33_1, 2035, Summer...
[INFO] 			 - Running SMOPF, Network case33_1, 2035, Autumn...
[INFO] 			 - Running SMOPF, Network case33_1, 2035, Winter...
[INFO] 			 - Running SMOPF, Network case33_2, 2025, Spring...
[INFO] 			 - Running SMOPF, Network case33_2, 2025, Summer...
[INFO] 			 - Running SMOPF, Network case33_2, 2025, Autumn...
[INFO] 			 - Running SMOPF, Network case33_2, 2025, Winter...
[INFO] 			 - Running SMOPF, Network case33_2, 2030, Spring...
[INFO] 			 - Running SMOPF, Network case33_2, 2030, Summer...
[INFO] 			 - Running SMOPF, Network case33_2, 2030, Autumn...
[INFO] 			 - Running SMOPF, Network case33_2, 2030, Winter...
[INFO] 			 - Running SMOPF, Network case33_2, 2035, Spring...
[INFO] 			 - Running SMOPF, Network case33_2, 2035, Summer...
[INFO] 			 - Running SMOPF, Network case33_2, 2035, Autumn...
[INFO] 			 - Running SMOPF, Network case33_2, 2035, Winter...
[INFO] 			 - Running SMOPF, Network case33_3, 2025, Spring...
[INFO] 			 - Running SMOPF, Network case33_3, 2025, Summer...
[INFO] 			 - Running SMOPF, Network case33_3, 2025, Autumn...
[INFO] 			 - Running SMOPF, Network case33_3, 2025, Winter...
[INFO] 			 - Running SMOPF, Network case33_3, 2030, Spring...
[INFO] 			 - Running SMOPF, Network case33_3, 2030, Summer...
[INFO] 			 - Running SMOPF, Network case33_3, 2030, Autumn...
[INFO] 			 - Running SMOPF, Network case33_3, 2030, Winter...
[INFO] 			 - Running SMOPF, Network case33_3, 2035, Spring...
[INFO] 			 - Running SMOPF, Network case33_3, 2035, Summer...
[INFO] 			 - Running SMOPF, Network case33_3, 2035, Autumn...
[INFO] 			 - Running SMOPF, Network case33_3, 2035, Winter...
[INFO] 		 - Updating transmission network...
[INFO] 			 - Running SMOPF, Network case9, 2025, Spring...
[INFO] 			 - Running SMOPF, Network case9, 2025, Summer...
[INFO] 			 - Running SMOPF, Network case9, 2025, Autumn...
[INFO] 			 - Running SMOPF, Network case9, 2025, Winter...
[INFO] 			 - Running SMOPF, Network case9, 2030, Spring...
[INFO] 			 - Running SMOPF, Network case9, 2030, Summer...
[INFO] 			 - Running SMOPF, Network case9, 2030, Autumn...
[INFO] 			 - Running SMOPF, Network case9, 2030, Winter...
[INFO] 			 - Running SMOPF, Network case9, 2035, Spring...
[INFO] 			 - Running SMOPF, Network case9, 2035, Summer...
[INFO] 			 - Running SMOPF, Network case9, 2035, Autumn...
[INFO] 			 - Running SMOPF, Network case9, 2035, Winter...
[TSO PROX] cycle=1 | updated_blocks=12 | held_failed_blocks=0 | V max=0.084652 | PF max=0.549710 | ESS max=0.127345
[TSO PROX][V MAX] node=5, year=2035, day=Summer, period=22 | dV=29.204784 kV | normalized=0.084652
[TSO PROX][PF MAX] node=5, year=2025, day=Spring, period=9, type=P | delta=109.941947 MW | normalized=0.549710
[TSO PROX][ESS MAX] node=5, year=2025, day=Autumn, period=18, type=P | delta=0.636726 MW | normalized=0.127345
[INFO] 		 - Updating SharedESS...
[INFO] 		 - Running Shared ESS optimization (subproblem)...
[INFO] 			 - Node 5...
[INFO] Shared ESS complementarity diagnostics for ESS node=5: ratio_max=9.338863e-06 n_periods=288 mu_final=1.197520e-11 s_obj=1.000000e-01 eps=1.000000e-05 bound=3.448859e-03 measured=3.002143e-03
[INFO] 			 - Node 7...
[INFO] Shared ESS complementarity diagnostics for ESS node=7: ratio_max=9.392658e-06 n_periods=288 mu_final=1.090586e-11 s_obj=1.000000e-01 eps=1.000000e-05 bound=3.140887e-03 measured=3.164456e-03
[INFO] 			 - Node 9...
[INFO] Shared ESS complementarity diagnostics for ESS node=9: ratio_max=9.373477e-06 n_periods=288 mu_final=1.126412e-11 s_obj=1.000000e-01 eps=1.000000e-05 bound=3.244067e-03 measured=3.283780e-03
[DIAG][V MAX] node=5, year=2035, day=Summer, period=22 | TSO=373.045955 kV, DSO=342.682360 kV, diff=30.363595 kV, base=345.000000 kV, normalized=0.088010, rho(TSO/DSO)=0.007700/0.007700
[DIAG][PF MAX] node=5, year=2035, day=Summer, period=22, type=P | TSO=102.784983 MW, DSO=32.265354 MW, diff=70.519629 MW, rating=200.000000 MVA, normalized=0.352598, rho(TSO/DSO)=0.198000/0.198000
[INFO]		 - interface Vmag max primal residual failed. 0.088010 > 0.010000
[INFO]		 - interface Vmag mean primal residual failed. 0.032598 > 0.001000
[INFO]		 - interface PF max primal residual failed. 0.352598 > 0.010000
[INFO]		 - interface PF mean primal residual failed. 0.143476 > 0.001000
[INFO]		 - interface PF mean dual residual failed. 0.034626 > 0.010000
[INFO]		 - Recourse stationarity requires one previous successful cycle.
[ADMM RHO] V | primal max ratio=8.801 | primal mean ratio=32.598 | primal selected=32.598 | dual mean ratio=0.014 | increase threshold=5.0 | decrease threshold=5.0 | action=increased
[ADMM RHO BOYD] V | r=1.085291e+00 | s=7.981864e-03 | eps_pri=3.319081e-03 | eps_dual=2.947370e-04 | primal_ratio=3.269855e+02 | dual_ratio=2.708131e+01 | dual_ratio_balance=2.708131e+01 | rho_before=7.700000e-03 | rho_after=1.155000e-02 | gamma_before=0.000000e+00 | gamma_after=0.000000e+00 | action=increased
[ADMM RHO] PF | primal max ratio=35.260 | primal mean ratio=143.476 | primal selected=143.476 | dual mean ratio=3.463 | increase threshold=5.0 | decrease threshold=3.0 | action=held
[ADMM RHO BOYD] PF | r=6.648838e+00 | s=2.030228e+00 | eps_pri=1.619218e-03 | eps_dual=4.208293e-04 | primal_ratio=4.106203e+03 | dual_ratio=4.824351e+03 | dual_ratio_balance=4.824351e+03 | rho_before=1.980000e-01 | rho_after=1.980000e-01 | gamma_before=0.000000e+00 | gamma_after=0.000000e+00 | action=held
[ADMM RHO] ESS | primal max ratio=0.849 | primal mean ratio=0.908 | primal selected=0.908 | dual mean ratio=0.007 | increase threshold=5.0 | decrease threshold=5.0 | action=exempt (fixed)
[ADMM RHO BOYD] ESS | r=1.225113e+00 | s=8.663498e-03 | eps_pri=8.700639e-04 | eps_dual=7.212251e-04 | primal_ratio=1.408072e+03 | dual_ratio=1.201220e+01 | dual_ratio_balance=1.201220e+01 | rho_before=1.000000e-02 | rho_after=1.000000e-02 | gamma_before=0.000000e+00 | gamma_after=0.000000e+00 | action=exempt (fixed)
[INFO]		 - ADMM cycle 1 | Primal (V max/mean | PF max/mean | ESS max/mean) = 0.088010/0.032598 | 0.352598/0.143476 | 0.084925/0.009080 | Dual (V max/mean | PF max/mean | ESS max/mean) = 0.000652/0.000138 | 0.128943/0.034626 | 0.000424/0.000068 | Recourse change = N/A (tol. N/A) | Stable cycles = 0/10 | Penalty actions (V/PF/ESS) = increased/held/exempt (fixed)
[INFO] 	 - Iteration 1: 26.89 s
[WARNING] 	 - ADMM did NOT converge in 1 iterations!
[INFO] 	 - Execution time: 54.23 s
