[INFO] Scenario random seed: 2026
[INFO] Reading MARKET DATA from file(s)...
[INFO] 	 - Generating market scenarios...
[INFO] 	 - Plotting market scenarios...
[INFO] Reading DISTRIBUTION NETWORK DATA from file(s)...
[INFO]	 - Generating load stochastic scenarios...
[INFO]	 - Generating RES generation stochastic scenarios...
[INFO]	 - Generating flexibility stochastic scenarios...
[INFO]	 - Plotting flexibility profiles...
[INFO]	 - Plotting load scenarios...
[INFO]	 - Plotting RES generation scenarios...
[INFO] Reading DISTRIBUTION NETWORK DATA from file(s)...
[INFO]	 - Generating load stochastic scenarios...
[INFO]	 - Generating RES generation stochastic scenarios...
[INFO]	 - Generating flexibility stochastic scenarios...
[INFO]	 - Plotting flexibility profiles...
[INFO]	 - Plotting load scenarios...
[INFO]	 - Plotting RES generation scenarios...
[INFO] Reading DISTRIBUTION NETWORK DATA from file(s)...
[INFO]	 - Generating load stochastic scenarios...
[INFO]	 - Generating RES generation stochastic scenarios...
[INFO]	 - Generating flexibility stochastic scenarios...
[INFO]	 - Plotting flexibility profiles...
[INFO]	 - Plotting load scenarios...
[INFO]	 - Plotting RES generation scenarios...
[INFO] Reading TRANSMISSION NETWORK DATA from file(s)...
[INFO]	 - Generating load stochastic scenarios...
[INFO]	 - Generating RES generation stochastic scenarios...
[INFO]	 - Generating flexibility stochastic scenarios...
[INFO]	 - Plotting flexibility profiles...
[INFO]	 - Plotting load scenarios...
[INFO]	 - Plotting RES generation scenarios...
[INFO] Scenario checksum: 1e8bdd3e5233442a87fbe44b78281c8ae61b09c09700388fed20ab9684d18aef
[INFO] Reading SHARED ESS DATA from file(s)...
[INFO] Reading PLANNING PARAMETERS from file...
[INFO] Running OPERATIONAL PLANNING (DISTRIBUTED)...
[INFO]	 - Initializing...
[INFO] 		 - Distribution Network node 5...
[INFO] 			 - Running SMOPF, Network case33_1, 2025, Spring...
[INFO] 			 - Running SMOPF, Network case33_1, 2025, Summer...
[INFO] 			 - Running SMOPF, Network case33_1, 2025, Autumn...
[INFO] 			 - Running SMOPF, Network case33_1, 2025, Winter...
[INFO] 			 - Running SMOPF, Network case33_1, 2028, Spring...
[INFO] 			 - Running SMOPF, Network case33_1, 2028, Summer...
[INFO] 			 - Running SMOPF, Network case33_1, 2028, Autumn...
[INFO] 			 - Running SMOPF, Network case33_1, 2028, Winter...
[INFO] 			 - Running SMOPF, Network case33_1, 2031, Spring...
[INFO] 			 - Running SMOPF, Network case33_1, 2031, Summer...
[INFO] 			 - Running SMOPF, Network case33_1, 2031, Autumn...
[INFO] 			 - Running SMOPF, Network case33_1, 2031, Winter...
[INFO] 			 - Running SMOPF, Network case33_1, 2034, Spring...
[INFO] 			 - Running SMOPF, Network case33_1, 2034, Summer...
[INFO] 			 - Running SMOPF, Network case33_1, 2034, Autumn...
[INFO] 			 - Running SMOPF, Network case33_1, 2034, Winter...
[INFO] 			 - Running SMOPF, Network case33_1, 2037, Spring...
[INFO] 			 - Running SMOPF, Network case33_1, 2037, Summer...
[INFO] 			 - Running SMOPF, Network case33_1, 2037, Autumn...
[INFO] 			 - Running SMOPF, Network case33_1, 2037, Winter...
[INFO] 		 - Distribution Network node 7...
[INFO] 			 - Running SMOPF, Network case33_2, 2025, Spring...
[INFO] 			 - Running SMOPF, Network case33_2, 2025, Summer...
[INFO] 			 - Running SMOPF, Network case33_2, 2025, Autumn...
[INFO] 			 - Running SMOPF, Network case33_2, 2025, Winter...
[INFO] 			 - Running SMOPF, Network case33_2, 2028, Spring...
[INFO] 			 - Running SMOPF, Network case33_2, 2028, Summer...
[INFO] 			 - Running SMOPF, Network case33_2, 2028, Autumn...
[INFO] 			 - Running SMOPF, Network case33_2, 2028, Winter...
[INFO] 			 - Running SMOPF, Network case33_2, 2031, Spring...
[INFO] 			 - Running SMOPF, Network case33_2, 2031, Summer...
[INFO] 			 - Running SMOPF, Network case33_2, 2031, Autumn...
[INFO] 			 - Running SMOPF, Network case33_2, 2031, Winter...
[INFO] 			 - Running SMOPF, Network case33_2, 2034, Spring...
[INFO] 			 - Running SMOPF, Network case33_2, 2034, Summer...
[INFO] 			 - Running SMOPF, Network case33_2, 2034, Autumn...
[INFO] 			 - Running SMOPF, Network case33_2, 2034, Winter...
[INFO] 			 - Running SMOPF, Network case33_2, 2037, Spring...
[INFO] 			 - Running SMOPF, Network case33_2, 2037, Summer...
[INFO] 			 - Running SMOPF, Network case33_2, 2037, Autumn...
[INFO] 			 - Running SMOPF, Network case33_2, 2037, Winter...
[INFO] 		 - Distribution Network node 9...
[INFO] 			 - Running SMOPF, Network case33_3, 2025, Spring...
[INFO] 			 - Running SMOPF, Network case33_3, 2025, Summer...
[INFO] 			 - Running SMOPF, Network case33_3, 2025, Autumn...
[INFO] 			 - Running SMOPF, Network case33_3, 2025, Winter...
[INFO] 			 - Running SMOPF, Network case33_3, 2028, Spring...
[INFO] 			 - Running SMOPF, Network case33_3, 2028, Summer...
[INFO] 			 - Running SMOPF, Network case33_3, 2028, Autumn...
[INFO] 			 - Running SMOPF, Network case33_3, 2028, Winter...
[INFO] 			 - Running SMOPF, Network case33_3, 2031, Spring...
[INFO] 			 - Running SMOPF, Network case33_3, 2031, Summer...
[INFO] 			 - Running SMOPF, Network case33_3, 2031, Autumn...
[INFO] 			 - Running SMOPF, Network case33_3, 2031, Winter...
[INFO] 			 - Running SMOPF, Network case33_3, 2034, Spring...
[INFO] 			 - Running SMOPF, Network case33_3, 2034, Summer...
[INFO] 			 - Running SMOPF, Network case33_3, 2034, Autumn...
[INFO] 			 - Running SMOPF, Network case33_3, 2034, Winter...
[INFO] 			 - Running SMOPF, Network case33_3, 2037, Spring...
[INFO] 			 - Running SMOPF, Network case33_3, 2037, Summer...
[INFO] 			 - Running SMOPF, Network case33_3, 2037, Autumn...
[INFO] 			 - Running SMOPF, Network case33_3, 2037, Winter...
[INFO] 		 - Transmission Network...
[INFO] 			 - Running SMOPF, Network case9, 2025, Spring...
[INFO] 			 - Running SMOPF, Network case9, 2025, Summer...
[INFO] 			 - Running SMOPF, Network case9, 2025, Autumn...
[INFO] 			 - Running SMOPF, Network case9, 2025, Winter...
[INFO] 			 - Running SMOPF, Network case9, 2028, Spring...
[INFO] 			 - Running SMOPF, Network case9, 2028, Summer...
[INFO] 			 - Running SMOPF, Network case9, 2028, Autumn...
[INFO] 			 - Running SMOPF, Network case9, 2028, Winter...
[INFO] 			 - Running SMOPF, Network case9, 2031, Spring...
[INFO] 			 - Running SMOPF, Network case9, 2031, Summer...
[INFO] 			 - Running SMOPF, Network case9, 2031, Autumn...
[INFO] 			 - Running SMOPF, Network case9, 2031, Winter...
[INFO] 			 - Running SMOPF, Network case9, 2034, Spring...
[INFO] 			 - Running SMOPF, Network case9, 2034, Summer...
[INFO] 			 - Running SMOPF, Network case9, 2034, Autumn...
