[INFO] Running OPERATIONAL PLANNING (DISTRIBUTED)...
[INFO]	 - Initializing...
[INFO] 		 - Distribution Network node 5...
[INFO] 			 - Running SMOPF, Network case33_1, 2025, Spring...
[INFO] 			 - Running SMOPF, Network case33_1, 2025, Summer...
[INFO] 			 - Running SMOPF, Network case33_1, 2025, Autumn...
[INFO] 			 - Running SMOPF, Network case33_1, 2025, Winter...
[INFO] 			 - Running SMOPF, Network case33_1, 2030, Spring...
[INFO] 			 - Running SMOPF, Network case33_1, 2030, Summer...
[INFO] 			 - Running SMOPF, Network case33_1, 2030, Autumn...
[INFO] 			 - Running SMOPF, Network case33_1, 2030, Winter...
[INFO] 			 - Running SMOPF, Network case33_1, 2035, Spring...
[INFO] 			 - Running SMOPF, Network case33_1, 2035, Summer...
[INFO] 			 - Running SMOPF, Network case33_1, 2035, Autumn...
[INFO] 			 - Running SMOPF, Network case33_1, 2035, Winter...
[INFO] 		 - Distribution Network node 7...
[INFO] 			 - Running SMOPF, Network case33_2, 2025, Spring...
[INFO] 			 - Running SMOPF, Network case33_2, 2025, Summer...
[INFO] 			 - Running SMOPF, Network case33_2, 2025, Autumn...
[INFO] 			 - Running SMOPF, Network case33_2, 2025, Winter...
[INFO] 			 - Running SMOPF, Network case33_2, 2030, Spring...
[INFO] 			 - Running SMOPF, Network case33_2, 2030, Summer...
[INFO] 			 - Running SMOPF, Network case33_2, 2030, Autumn...
[INFO] 			 - Running SMOPF, Network case33_2, 2030, Winter...
[INFO] 			 - Running SMOPF, Network case33_2, 2035, Spring...
[INFO] 			 - Running SMOPF, Network case33_2, 2035, Summer...
[INFO] 			 - Running SMOPF, Network case33_2, 2035, Autumn...
[INFO] 			 - Running SMOPF, Network case33_2, 2035, Winter...
[INFO] 		 - Distribution Network node 9...
[INFO] 			 - Running SMOPF, Network case33_3, 2025, Spring...
[INFO] 			 - Running SMOPF, Network case33_3, 2025, Summer...
[INFO] 			 - Running SMOPF, Network case33_3, 2025, Autumn...
[INFO] 			 - Running SMOPF, Network case33_3, 2025, Winter...
[INFO] 			 - Running SMOPF, Network case33_3, 2030, Spring...
[INFO] 			 - Running SMOPF, Network case33_3, 2030, Summer...
[INFO] 			 - Running SMOPF, Network case33_3, 2030, Autumn...
[INFO] 			 - Running SMOPF, Network case33_3, 2030, Winter...
[INFO] 			 - Running SMOPF, Network case33_3, 2035, Spring...
[INFO] 			 - Running SMOPF, Network case33_3, 2035, Summer...
[INFO] 			 - Running SMOPF, Network case33_3, 2035, Autumn...
[INFO] 			 - Running SMOPF, Network case33_3, 2035, Winter...
[INFO] 		 - Transmission Network...
[INFO] 			 - Running SMOPF, Network case9, 2025, Spring...
[INFO] 			 - Running SMOPF, Network case9, 2025, Summer...
[INFO] 			 - Running SMOPF, Network case9, 2025, Autumn...
[INFO] 			 - Running SMOPF, Network case9, 2025, Winter...
[INFO] 			 - Running SMOPF, Network case9, 2030, Spring...
[INFO] 			 - Running SMOPF, Network case9, 2030, Summer...
[INFO] 			 - Running SMOPF, Network case9, 2030, Autumn...
[INFO] 			 - Running SMOPF, Network case9, 2030, Winter...
[INFO] 			 - Running SMOPF, Network case9, 2035, Spring...
[INFO] 			 - Running SMOPF, Network case9, 2035, Summer...
[INFO] 			 - Running SMOPF, Network case9, 2035, Autumn...
[INFO] 			 - Running SMOPF, Network case9, 2035, Winter...
[INFO] 		 - Running Shared ESS optimization (subproblem)...
[INFO] 			 - Node 5...
[INFO] Shared ESS complementarity diagnostics for ESS node=5: ratio_max=0.000000e+00 n_periods=0 mu_final=9.090909e-12 s_obj=1.000000e-01 eps=1.000000e-05 bound=0.000000e+00 measured=0.000000e+00
[INFO] 			 - Node 7...
[INFO] Shared ESS complementarity diagnostics for ESS node=7: ratio_max=3.345235e-05 n_periods=288 mu_final=1.112406e-11 s_obj=1.000000e-01 eps=1.000000e-05 bound=3.203728e-03 measured=3.203104e-03
[INFO] 			 - Node 9...
[INFO] Shared ESS complementarity diagnostics for ESS node=9: ratio_max=0.000000e+00 n_periods=0 mu_final=9.090909e-12 s_obj=1.000000e-01 eps=1.000000e-05 bound=0.000000e+00 measured=0.000000e+00
[ADMM OF SCALE] n=48 | min=2.430205e+07 | median=4.563872e+07 | max=9.363550e+07 | selected=9.363550e+07
[ADMM OF SCALE] Largest weighted objectives:
  TSO node=None year=2035 day=Winter | base=-9.363550e+07 | scenario=0.000000e+00 | total=-9.363550e+07
  TSO node=None year=2030 day=Autumn | base=-8.831572e+07 | scenario=0.000000e+00 | total=-8.831572e+07
  TSO node=None year=2030 day=Winter | base=-7.463948e+07 | scenario=0.000000e+00 | total=-7.463948e+07
  TSO node=None year=2035 day=Spring | base=-6.233038e+07 | scenario=0.000000e+00 | total=-6.233038e+07
  TSO node=None year=2035 day=Summer | base=-5.846839e+07 | scenario=0.000000e+00 | total=-5.846839e+07
  TSO node=None year=2035 day=Autumn | base=-5.808015e+07 | scenario=0.000000e+00 | total=-5.808015e+07
  TSO node=None year=2030 day=Summer | base=-5.747085e+07 | scenario=0.000000e+00 | total=-5.747085e+07
  DSO node=7 year=2035 day=Spring | base=5.722320e+07 | scenario=0.000000e+00 | total=5.722320e+07
  DSO node=9 year=2025 day=Winter | base=5.578761e+07 | scenario=0.000000e+00 | total=5.578761e+07
  DSO node=5 year=2035 day=Spring | base=5.561607e+07 | scenario=0.000000e+00 | total=5.561607e+07
[ADMM OF SCALE] Fixed sigma in force sigma_fixed=9.363536e+07 | sigma_computed=9.363550e+07 | ratio=1.000001e+00 | assert_factor=3.000
[ADMM ESSO AL SCALE] mode=sigma_over_median_block_weight | sigma=9.363536e+07 | median_block_weight=4.121075e+02 | al_scale_esso=2.272110e+05
[INFO] 	 - ADMM Iteration 1
[INFO] 		 - Updating distribution networks:
[INFO] 			 - Running SMOPF, Network case33_1, 2025, Spring...
[INFO] 			 - Running SMOPF, Network case33_1, 2025, Summer...
[INFO] 			 - Running SMOPF, Network case33_1, 2025, Autumn...
[INFO] 			 - Running SMOPF, Network case33_1, 2025, Winter...
[INFO] 			 - Running SMOPF, Network case33_1, 2030, Spring...
[INFO] 			 - Running SMOPF, Network case33_1, 2030, Summer...
[INFO] 			 - Running SMOPF, Network case33_1, 2030, Autumn...
[INFO] 			 - Running SMOPF, Network case33_1, 2030, Winter...
[INFO] 			 - Running SMOPF, Network case33_1, 2035, Spring...
[INFO] 			 - Running SMOPF, Network case33_1, 2035, Summer...
[INFO] 			 - Running SMOPF, Network case33_1, 2035, Autumn...
[INFO] 			 - Running SMOPF, Network case33_1, 2035, Winter...
[INFO] 			 - Running SMOPF, Network case33_2, 2025, Spring...
[INFO] 			 - Running SMOPF, Network case33_2, 2025, Summer...
[INFO] 			 - Running SMOPF, Network case33_2, 2025, Autumn...
[INFO] 			 - Running SMOPF, Network case33_2, 2025, Winter...
[INFO] 			 - Running SMOPF, Network case33_2, 2030, Spring...
[INFO] 			 - Running SMOPF, Network case33_2, 2030, Summer...
[INFO] 			 - Running SMOPF, Network case33_2, 2030, Autumn...
[INFO] 			 - Running SMOPF, Network case33_2, 2030, Winter...
[INFO] 			 - Running SMOPF, Network case33_2, 2035, Spring...
[INFO] 			 - Running SMOPF, Network case33_2, 2035, Summer...
[INFO] 			 - Running SMOPF, Network case33_2, 2035, Autumn...
[INFO] 			 - Running SMOPF, Network case33_2, 2035, Winter...
[INFO] 			 - Running SMOPF, Network case33_3, 2025, Spring...
[INFO] 			 - Running SMOPF, Network case33_3, 2025, Summer...
[INFO] 			 - Running SMOPF, Network case33_3, 2025, Autumn...
[INFO] 			 - Running SMOPF, Network case33_3, 2025, Winter...
[INFO] 			 - Running SMOPF, Network case33_3, 2030, Spring...
[INFO] 			 - Running SMOPF, Network case33_3, 2030, Summer...
[INFO] 			 - Running SMOPF, Network case33_3, 2030, Autumn...
[INFO] 			 - Running SMOPF, Network case33_3, 2030, Winter...
[INFO] 			 - Running SMOPF, Network case33_3, 2035, Spring...
[INFO] 			 - Running SMOPF, Network case33_3, 2035, Summer...
[INFO] 			 - Running SMOPF, Network case33_3, 2035, Autumn...
[INFO] 			 - Running SMOPF, Network case33_3, 2035, Winter...
[INFO] 		 - Updating transmission network...
[INFO] 			 - Running SMOPF, Network case9, 2025, Spring...
[INFO] 			 - Running SMOPF, Network case9, 2025, Summer...
[INFO] 			 - Running SMOPF, Network case9, 2025, Autumn...
[INFO] 			 - Running SMOPF, Network case9, 2025, Winter...
[INFO] 			 - Running SMOPF, Network case9, 2030, Spring...
[INFO] 			 - Running SMOPF, Network case9, 2030, Summer...
[INFO] 			 - Running SMOPF, Network case9, 2030, Autumn...
[INFO] 			 - Running SMOPF, Network case9, 2030, Winter...
[INFO] 			 - Running SMOPF, Network case9, 2035, Spring...
[INFO] 			 - Running SMOPF, Network case9, 2035, Summer...
[INFO] 			 - Running SMOPF, Network case9, 2035, Autumn...
[INFO] 			 - Running SMOPF, Network case9, 2035, Winter...
[TSO PROX] cycle=1 | updated_blocks=12 | held_failed_blocks=0 | V max=0.085082 | PF max=0.549716 | ESS max=0.050009
[TSO PROX][V MAX] node=5, year=2035, day=Summer, period=22 | dV=29.353335 kV | normalized=0.085082
[TSO PROX][PF MAX] node=5, year=2025, day=Spring, period=9, type=P | delta=109.943126 MW | normalized=0.549716
[TSO PROX][ESS MAX] node=7, year=2035, day=Autumn, period=20, type=P | delta=0.250043 MW | normalized=0.050009
[INFO] 		 - Updating SharedESS...
[INFO] 		 - Running Shared ESS optimization (subproblem)...
[INFO] 			 - Node 5...
[INFO] Shared ESS complementarity diagnostics for ESS node=5: ratio_max=0.000000e+00 n_periods=0 mu_final=9.090909e-12 s_obj=1.000000e-01 eps=1.000000e-05 bound=0.000000e+00 measured=0.000000e+00
[INFO] 			 - Node 7...
[INFO] Shared ESS complementarity diagnostics for ESS node=7: ratio_max=3.317177e-05 n_periods=288 mu_final=1.089798e-11 s_obj=1.000000e-01 eps=1.000000e-05 bound=3.138619e-03 measured=3.187188e-03
[INFO] 			 - Node 9...
[INFO] Shared ESS complementarity diagnostics for ESS node=9: ratio_max=0.000000e+00 n_periods=0 mu_final=9.090909e-12 s_obj=1.000000e-01 eps=1.000000e-05 bound=0.000000e+00 measured=0.000000e+00
[DIAG][V MAX] node=5, year=2035, day=Summer, period=22 | TSO=373.194525 kV, DSO=342.682403 kV, diff=30.512121 kV, base=345.000000 kV, normalized=0.088441, rho(TSO/DSO)=0.007700/0.007700
[DIAG][PF MAX] node=5, year=2035, day=Summer, period=22, type=P | TSO=102.779291 MW, DSO=32.265365 MW, diff=70.513927 MW, rating=200.000000 MVA, normalized=0.352570, rho(TSO/DSO)=0.198000/0.198000
[INFO]		 - interface Vmag max primal residual failed. 0.088441 > 0.010000
[INFO]		 - interface Vmag mean primal residual failed. 0.032666 > 0.001000
[INFO]		 - interface PF max primal residual failed. 0.352570 > 0.010000
[INFO]		 - interface PF mean primal residual failed. 0.143446 > 0.001000
[INFO]		 - interface PF mean dual residual failed. 0.034625 > 0.010000
[INFO]		 - Recourse stationarity requires one previous successful cycle.
[ADMM RHO] V | primal max ratio=8.844 | primal mean ratio=32.666 | primal selected=32.666 | dual mean ratio=0.014 | increase threshold=5.0 | decrease threshold=5.0 | action=increased
[ADMM RHO BOYD] V | r=1.088408e+00 | s=8.006473e-03 | eps_pri=3.319285e-03 | eps_dual=2.947394e-04 | primal_ratio=3.279044e+02 | dual_ratio=2.716458e+01 | dual_ratio_balance=2.716458e+01 | rho_before=7.700000e-03 | rho_after=1.155000e-02 | gamma_before=0.000000e+00 | gamma_after=0.000000e+00 | action=increased
[ADMM RHO] PF | primal max ratio=35.257 | primal mean ratio=143.446 | primal selected=143.446 | dual mean ratio=3.463 | increase threshold=5.0 | decrease threshold=3.0 | action=held
[ADMM RHO BOYD] PF | r=6.647056e+00 | s=2.030236e+00 | eps_pri=1.619312e-03 | eps_dual=4.210074e-04 | primal_ratio=4.104865e+03 | dual_ratio=4.822328e+03 | dual_ratio_balance=4.822328e+03 | rho_before=1.980000e-01 | rho_after=1.980000e-01 | gamma_before=0.000000e+00 | gamma_after=0.000000e+00 | action=held
[ADMM RHO] ESS | primal max ratio=0.333 | primal mean ratio=0.105 | primal selected=0.333 | dual mean ratio=0.001 | increase threshold=5.0 | decrease threshold=5.0 | action=exempt (fixed)
[ADMM RHO BOYD] ESS | r=2.845780e-01 | s=2.012340e-03 | eps_pri=7.548546e-04 | eps_dual=7.202846e-04 | primal_ratio=3.769971e+02 | dual_ratio=2.793813e+00 | dual_ratio_balance=2.793813e+00 | rho_before=1.000000e-02 | rho_after=1.000000e-02 | gamma_before=0.000000e+00 | gamma_after=0.000000e+00 | action=exempt (fixed)
[INFO]		 - ADMM cycle 1 | Primal (V max/mean | PF max/mean | ESS max/mean) = 0.088441/0.032666 | 0.352570/0.143446 | 0.033344/0.001052 | Dual (V max/mean | PF max/mean | ESS max/mean) = 0.000655/0.000138 | 0.128943/0.034625 | 0.000167/0.000008 | Recourse change = N/A (tol. N/A) | Stable cycles = 0/10 | Penalty actions (V/PF/ESS) = increased/held/exempt (fixed)
[INFO] 	 - Iteration 1: 25.93 s
[INFO] 	 - ADMM Iteration 2
[INFO] 		 - Updating distribution networks:
[INFO] 			 - Running SMOPF, Network case33_1, 2025, Spring...
[INFO] 			 - Running SMOPF, Network case33_1, 2025, Summer...
[INFO] 			 - Running SMOPF, Network case33_1, 2025, Autumn...
[INFO] 			 - Running SMOPF, Network case33_1, 2025, Winter...
[INFO] 			 - Running SMOPF, Network case33_1, 2030, Spring...
[INFO] 			 - Running SMOPF, Network case33_1, 2030, Summer...
[INFO] 			 - Running SMOPF, Network case33_1, 2030, Autumn...
[INFO] 			 - Running SMOPF, Network case33_1, 2030, Winter...
[INFO] 			 - Running SMOPF, Network case33_1, 2035, Spring...
[INFO] 			 - Running SMOPF, Network case33_1, 2035, Summer...
[INFO] 			 - Running SMOPF, Network case33_1, 2035, Autumn...
[INFO] 			 - Running SMOPF, Network case33_1, 2035, Winter...
[INFO] 			 - Running SMOPF, Network case33_2, 2025, Spring...
[INFO] 			 - Running SMOPF, Network case33_2, 2025, Summer...
[INFO] 			 - Running SMOPF, Network case33_2, 2025, Autumn...
[INFO] 			 - Running SMOPF, Network case33_2, 2025, Winter...
[INFO] 			 - Running SMOPF, Network case33_2, 2030, Spring...
[INFO] 			 - Running SMOPF, Network case33_2, 2030, Summer...
[INFO] 			 - Running SMOPF, Network case33_2, 2030, Autumn...
[INFO] 			 - Running SMOPF, Network case33_2, 2030, Winter...
[INFO] 			 - Running SMOPF, Network case33_2, 2035, Spring...
[INFO] 			 - Running SMOPF, Network case33_2, 2035, Summer...
[INFO] 			 - Running SMOPF, Network case33_2, 2035, Autumn...
[INFO] 			 - Running SMOPF, Network case33_2, 2035, Winter...
[INFO] 			 - Running SMOPF, Network case33_3, 2025, Spring...
[INFO] 			 - Running SMOPF, Network case33_3, 2025, Summer...
[INFO] 			 - Running SMOPF, Network case33_3, 2025, Autumn...
[INFO] 			 - Running SMOPF, Network case33_3, 2025, Winter...
[INFO] 			 - Running SMOPF, Network case33_3, 2030, Spring...
[INFO] 			 - Running SMOPF, Network case33_3, 2030, Summer...
[INFO] 			 - Running SMOPF, Network case33_3, 2030, Autumn...
[INFO] 			 - Running SMOPF, Network case33_3, 2030, Winter...
[INFO] 			 - Running SMOPF, Network case33_3, 2035, Spring...
[INFO] 			 - Running SMOPF, Network case33_3, 2035, Summer...
[INFO] 			 - Running SMOPF, Network case33_3, 2035, Autumn...
[INFO] 			 - Running SMOPF, Network case33_3, 2035, Winter...
[INFO] 		 - Updating transmission network...
[INFO] 			 - Running SMOPF, Network case9, 2025, Spring...
[INFO] 			 - Running SMOPF, Network case9, 2025, Summer...
[INFO] 			 - Running SMOPF, Network case9, 2025, Autumn...
[INFO] 			 - Running SMOPF, Network case9, 2025, Winter...
[INFO] 			 - Running SMOPF, Network case9, 2030, Spring...
[INFO] 			 - Running SMOPF, Network case9, 2030, Summer...
[INFO] 			 - Running SMOPF, Network case9, 2030, Autumn...
[INFO] 			 - Running SMOPF, Network case9, 2030, Winter...
[INFO] 			 - Running SMOPF, Network case9, 2035, Spring...
[INFO] 			 - Running SMOPF, Network case9, 2035, Summer...
[INFO] 			 - Running SMOPF, Network case9, 2035, Autumn...
[INFO] 			 - Running SMOPF, Network case9, 2035, Winter...
[TSO PROX] cycle=2 | updated_blocks=12 | held_failed_blocks=0 | V max=0.022628 | PF max=0.304605 | ESS max=0.030916
[TSO PROX][V MAX] node=5, year=2035, day=Summer, period=22 | dV=7.806609 kV | normalized=0.022628
[TSO PROX][PF MAX] node=5, year=2025, day=Spring, period=20, type=P | delta=60.920975 MW | normalized=0.304605
[TSO PROX][ESS MAX] node=7, year=2035, day=Autumn, period=21, type=P | delta=0.154581 MW | normalized=0.030916
[INFO] 		 - Updating SharedESS...
[INFO] 		 - Running Shared ESS optimization (subproblem)...
[INFO] 			 - Node 5...
[INFO] Shared ESS complementarity diagnostics for ESS node=5: ratio_max=0.000000e+00 n_periods=0 mu_final=9.090909e-12 s_obj=1.000000e-01 eps=1.000000e-05 bound=0.000000e+00 measured=0.000000e+00
[INFO] 			 - Node 7...
[INFO] Shared ESS complementarity diagnostics for ESS node=7: ratio_max=2.463811e-05 n_periods=288 mu_final=1.015371e-11 s_obj=1.000000e-01 eps=1.000000e-05 bound=2.924268e-03 measured=2.677848e-03
[INFO] 			 - Node 9...
[INFO] Shared ESS complementarity diagnostics for ESS node=9: ratio_max=0.000000e+00 n_periods=0 mu_final=9.090909e-12 s_obj=1.000000e-01 eps=1.000000e-05 bound=0.000000e+00 measured=0.000000e+00
[DIAG][V MAX] node=9, year=2025, day=Spring, period=23 | TSO=362.304865 kV, DSO=379.498993 kV, diff=17.194129 kV, base=345.000000 kV, normalized=0.049838, rho(TSO/DSO)=0.011550/0.011550
[DIAG][PF MAX] node=5, year=2035, day=Spring, period=7, type=P | TSO=13.217345 MW, DSO=-25.615853 MW, diff=38.833198 MW, rating=200.000000 MVA, normalized=0.194166, rho(TSO/DSO)=0.198000/0.198000
[INFO]		 - interface Vmag max primal residual failed. 0.049838 > 0.010000
[INFO]		 - interface Vmag mean primal residual failed. 0.015838 > 0.001000
[INFO]		 - interface PF max primal residual failed. 0.194166 > 0.010000
[INFO]		 - interface PF mean primal residual failed. 0.003148 > 0.001000
[INFO]		 - interface PF mean dual residual failed. 0.016444 > 0.010000
[RECOURSE JUMP] cycle=2 | abs_change=8.470104e+08 | tol=1.589425e+05 | signed_change=-8.470104e+08
[RECOURSE JUMP] Reconciliation | previous=1.589425e+09 | current=7.424151e+08 | block_delta=-8.470104e+08 | mismatch=+1.072884e-06
[RECOURSE JUMP] Aggregate signed changes:
  TSO | delta=-7.794774e+08
  DSO node=5 | delta=-3.073395e+07
  DSO node=9 | delta=-2.413188e+07
  DSO node=7 | delta=-1.266710e+07
  SALVAGE | delta=-1.873751e-51
[RECOURSE JUMP] Largest 10 block changes:
  TSO node=None year=2025 day=Spring | previous=1.523135e+08 | current=5.323190e+07 | delta=-9.908161e+07 | abs_delta=9.908161e+07
    [RECOURSE JUMP][TSO PROX] year=2025 day=Spring | V max=0.013643 | PF max=0.304605 | ESS max=0.007596
    [RECOURSE COMPONENTS] gen=-9.908161e+07 | flex=+0.000000e+00 | load_curt=+0.000000e+00 | res_curt=+0.000000e+00 | ess_usage=+0.000000e+00 | slacks=+7.630518e-10 | ess_comp=-2.546991e-05
    [SLACK COMPONENTS] voltage=+7.630518e-10 | node_P=+0.000000e+00 | node_Q=+0.000000e+00 | branch_ij=+0.000000e+00 | branch_ji=+0.000000e+00 | flex_P=+0.000000e+00 | flex_Q=+0.000000e+00
    [SLACK COMPONENT CHECK] classified_delta=+7.630518e-10 | objective_slack_delta=+7.630518e-10 | mismatch=+0.000000e+00
    [RECOURSE COMPONENT CHECK] classified_delta=-9.908161e+07 | block_delta=-9.908161e+07 | mismatch=+2.980232e-08
  TSO node=None year=2035 day=Spring | previous=1.235059e+08 | current=3.747184e+07 | delta=-8.603403e+07 | abs_delta=8.603403e+07
    [RECOURSE JUMP][TSO PROX] year=2035 day=Spring | V max=0.018744 | PF max=0.260190 | ESS max=0.026802
    [RECOURSE COMPONENTS] gen=-8.603403e+07 | flex=+0.000000e+00 | load_curt=+0.000000e+00 | res_curt=+0.000000e+00 | ess_usage=+0.000000e+00 | slacks=+1.513811e-10 | ess_comp=-3.593348e-05
    [SLACK COMPONENTS] voltage=+1.513811e-10 | node_P=+0.000000e+00 | node_Q=+0.000000e+00 | branch_ij=+0.000000e+00 | branch_ji=+0.000000e+00 | flex_P=+0.000000e+00 | flex_Q=+0.000000e+00
    [SLACK COMPONENT CHECK] classified_delta=+1.513811e-10 | objective_slack_delta=+1.513811e-10 | mismatch=+0.000000e+00
    [RECOURSE COMPONENT CHECK] classified_delta=-8.603403e+07 | block_delta=-8.603403e+07 | mismatch=+1.490116e-08
  TSO node=None year=2025 day=Summer | previous=1.594998e+08 | current=7.408411e+07 | delta=-8.541567e+07 | abs_delta=8.541567e+07
    [RECOURSE JUMP][TSO PROX] year=2025 day=Summer | V max=0.011841 | PF max=0.303460 | ESS max=0.009272
    [RECOURSE COMPONENTS] gen=-8.541567e+07 | flex=+0.000000e+00 | load_curt=+0.000000e+00 | res_curt=+0.000000e+00 | ess_usage=+0.000000e+00 | slacks=+5.388969e-10 | ess_comp=-2.640108e-05
    [SLACK COMPONENTS] voltage=+5.388969e-10 | node_P=+0.000000e+00 | node_Q=+0.000000e+00 | branch_ij=+0.000000e+00 | branch_ji=+0.000000e+00 | flex_P=+0.000000e+00 | flex_Q=+0.000000e+00
    [SLACK COMPONENT CHECK] classified_delta=+5.388969e-10 | objective_slack_delta=+5.388969e-10 | mismatch=+0.000000e+00
    [RECOURSE COMPONENT CHECK] classified_delta=-8.541567e+07 | block_delta=-8.541567e+07 | mismatch=-2.980232e-08
  TSO node=None year=2025 day=Winter | previous=1.683728e+08 | current=8.437978e+07 | delta=-8.399306e+07 | abs_delta=8.399306e+07
    [RECOURSE JUMP][TSO PROX] year=2025 day=Winter | V max=0.014658 | PF max=0.211228 | ESS max=0.015796
    [RECOURSE COMPONENTS] gen=-8.399306e+07 | flex=+0.000000e+00 | load_curt=+0.000000e+00 | res_curt=+0.000000e+00 | ess_usage=+0.000000e+00 | slacks=+1.100965e-09 | ess_comp=-1.653435e-05
    [SLACK COMPONENTS] voltage=+1.100965e-09 | node_P=+0.000000e+00 | node_Q=+0.000000e+00 | branch_ij=+0.000000e+00 | branch_ji=+0.000000e+00 | flex_P=+0.000000e+00 | flex_Q=+0.000000e+00
    [SLACK COMPONENT CHECK] classified_delta=+1.100965e-09 | objective_slack_delta=+1.100965e-09 | mismatch=+0.000000e+00
    [RECOURSE COMPONENT CHECK] classified_delta=-8.399306e+07 | block_delta=-8.399306e+07 | mismatch=-4.470348e-08
  TSO node=None year=2030 day=Spring | previous=1.119526e+08 | current=2.942398e+07 | delta=-8.252857e+07 | abs_delta=8.252857e+07
    [RECOURSE JUMP][TSO PROX] year=2030 day=Spring | V max=0.012808 | PF max=0.255218 | ESS max=0.015534
    [RECOURSE COMPONENTS] gen=-8.252857e+07 | flex=+0.000000e+00 | load_curt=+0.000000e+00 | res_curt=+0.000000e+00 | ess_usage=+0.000000e+00 | slacks=+4.956036e-11 | ess_comp=-8.775790e-05
    [SLACK COMPONENTS] voltage=+4.956036e-11 | node_P=+0.000000e+00 | node_Q=+0.000000e+00 | branch_ij=+0.000000e+00 | branch_ji=+0.000000e+00 | flex_P=+0.000000e+00 | flex_Q=+0.000000e+00
    [SLACK COMPONENT CHECK] classified_delta=+4.956036e-11 | objective_slack_delta=+4.956036e-11 | mismatch=+0.000000e+00
    [RECOURSE COMPONENT CHECK] classified_delta=-8.252857e+07 | block_delta=-8.252857e+07 | mismatch=+0.000000e+00
  TSO node=None year=2025 day=Autumn | previous=1.534558e+08 | current=7.818750e+07 | delta=-7.526832e+07 | abs_delta=7.526832e+07
    [RECOURSE JUMP][TSO PROX] year=2025 day=Autumn | V max=0.019385 | PF max=0.221634 | ESS max=0.013227
    [RECOURSE COMPONENTS] gen=-7.526832e+07 | flex=+0.000000e+00 | load_curt=+0.000000e+00 | res_curt=+0.000000e+00 | ess_usage=+0.000000e+00 | slacks=+9.825172e-10 | ess_comp=+2.155867e-06
    [SLACK COMPONENTS] voltage=+9.825172e-10 | node_P=+0.000000e+00 | node_Q=+0.000000e+00 | branch_ij=+0.000000e+00 | branch_ji=+0.000000e+00 | flex_P=+0.000000e+00 | flex_Q=+0.000000e+00
    [SLACK COMPONENT CHECK] classified_delta=+9.825172e-10 | objective_slack_delta=+9.825172e-10 | mismatch=+0.000000e+00
    [RECOURSE COMPONENT CHECK] classified_delta=-7.526832e+07 | block_delta=-7.526832e+07 | mismatch=+2.980232e-08
  TSO node=None year=2030 day=Summer | previous=1.156392e+08 | current=5.121437e+07 | delta=-6.442480e+07 | abs_delta=6.442480e+07
    [RECOURSE JUMP][TSO PROX] year=2030 day=Summer | V max=0.012828 | PF max=0.220606 | ESS max=0.013143
    [RECOURSE COMPONENTS] gen=-6.442480e+07 | flex=+0.000000e+00 | load_curt=+0.000000e+00 | res_curt=+0.000000e+00 | ess_usage=+0.000000e+00 | slacks=+1.727329e-10 | ess_comp=-5.277392e-05
    [SLACK COMPONENTS] voltage=+1.727329e-10 | node_P=+0.000000e+00 | node_Q=+0.000000e+00 | branch_ij=+0.000000e+00 | branch_ji=+0.000000e+00 | flex_P=+0.000000e+00 | flex_Q=+0.000000e+00
    [SLACK COMPONENT CHECK] classified_delta=+1.727329e-10 | objective_slack_delta=+1.727329e-10 | mismatch=+0.000000e+00
    [RECOURSE COMPONENT CHECK] classified_delta=-6.442480e+07 | block_delta=-6.442480e+07 | mismatch=+7.450581e-09
  TSO node=None year=2035 day=Summer | previous=1.104968e+08 | current=4.672570e+07 | delta=-6.377113e+07 | abs_delta=6.377113e+07
    [RECOURSE JUMP][TSO PROX] year=2035 day=Summer | V max=0.022628 | PF max=0.267137 | ESS max=0.024787
    [RECOURSE COMPONENTS] gen=-6.377113e+07 | flex=+0.000000e+00 | load_curt=+0.000000e+00 | res_curt=+0.000000e+00 | ess_usage=+0.000000e+00 | slacks=-2.422240e-11 | ess_comp=-3.713133e-05
    [SLACK COMPONENTS] voltage=-2.422240e-11 | node_P=+0.000000e+00 | node_Q=+0.000000e+00 | branch_ij=+0.000000e+00 | branch_ji=+0.000000e+00 | flex_P=+0.000000e+00 | flex_Q=+0.000000e+00
    [SLACK COMPONENT CHECK] classified_delta=-2.422240e-11 | objective_slack_delta=-2.422240e-11 | mismatch=+0.000000e+00
    [RECOURSE COMPONENT CHECK] classified_delta=-6.377113e+07 | block_delta=-6.377113e+07 | mismatch=+7.450581e-09
  TSO node=None year=2030 day=Winter | previous=8.216512e+07 | current=3.863532e+07 | delta=-4.352980e+07 | abs_delta=4.352980e+07
    [RECOURSE JUMP][TSO PROX] year=2030 day=Winter | V max=0.014616 | PF max=0.154166 | ESS max=0.030686
    [RECOURSE COMPONENTS] gen=-4.352980e+07 | flex=+0.000000e+00 | load_curt=+0.000000e+00 | res_curt=+0.000000e+00 | ess_usage=+0.000000e+00 | slacks=-4.106937e-11 | ess_comp=-5.074282e-05
    [SLACK COMPONENTS] voltage=-4.106937e-11 | node_P=+0.000000e+00 | node_Q=+0.000000e+00 | branch_ij=+0.000000e+00 | branch_ji=+0.000000e+00 | flex_P=+0.000000e+00 | flex_Q=+0.000000e+00
    [SLACK COMPONENT CHECK] classified_delta=-4.106937e-11 | objective_slack_delta=-4.106937e-11 | mismatch=+0.000000e+00
    [RECOURSE COMPONENT CHECK] classified_delta=-4.352980e+07 | block_delta=-4.352980e+07 | mismatch=+0.000000e+00
  TSO node=None year=2035 day=Winter | previous=7.435681e+07 | current=3.711997e+07 | delta=-3.723684e+07 | abs_delta=3.723684e+07
    [RECOURSE JUMP][TSO PROX] year=2035 day=Winter | V max=0.016241 | PF max=0.128499 | ESS max=0.017105
    [RECOURSE COMPONENTS] gen=-3.723684e+07 | flex=+0.000000e+00 | load_curt=+0.000000e+00 | res_curt=+0.000000e+00 | ess_usage=+0.000000e+00 | slacks=+3.196732e-11 | ess_comp=-2.270813e-05
    [SLACK COMPONENTS] voltage=+3.196732e-11 | node_P=+0.000000e+00 | node_Q=+0.000000e+00 | branch_ij=+0.000000e+00 | branch_ji=+0.000000e+00 | flex_P=+0.000000e+00 | flex_Q=+0.000000e+00
    [SLACK COMPONENT CHECK] classified_delta=+3.196732e-11 | objective_slack_delta=+3.196732e-11 | mismatch=+0.000000e+00
    [RECOURSE COMPONENT CHECK] classified_delta=-3.723684e+07 | block_delta=-3.723684e+07 | mismatch=+1.490116e-08
[INFO]		 - Recourse stationarity failed. 847010352.994936 > 158942.549500
[ADMM RHO] V | primal max ratio=4.984 | primal mean ratio=15.838 | primal selected=15.838 | dual mean ratio=0.034 | increase threshold=5.0 | decrease threshold=5.0 | action=increased
[ADMM RHO BOYD] V | r=5.938808e-01 | s=2.497923e-03 | eps_pri=3.378894e-03 | eps_dual=2.941898e-04 | primal_ratio=1.757619e+02 | dual_ratio=8.490855e+00 | dual_ratio_balance=8.490855e+00 | rho_before=1.155000e-02 | rho_after=1.732500e-02 | gamma_before=0.000000e+00 | gamma_after=0.000000e+00 | action=increased
[ADMM RHO] PF | primal max ratio=19.417 | primal mean ratio=3.148 | primal selected=19.417 | dual mean ratio=1.644 | increase threshold=5.0 | decrease threshold=3.0 | action=decreased
[ADMM RHO BOYD] PF | r=4.646088e-01 | s=8.824152e-01 | eps_pri=1.291167e-03 | eps_dual=4.246761e-04 | primal_ratio=3.598363e+02 | dual_ratio=2.077855e+03 | dual_ratio_balance=2.077855e+03 | rho_before=1.980000e-01 | rho_after=1.320000e-01 | gamma_before=0.000000e+00 | gamma_after=0.000000e+00 | action=decreased
[ADMM RHO] ESS | primal max ratio=0.152 | primal mean ratio=0.030 | primal selected=0.152 | dual mean ratio=0.001 | increase threshold=5.0 | decrease threshold=5.0 | action=exempt (fixed)
[ADMM RHO BOYD] ESS | r=8.056916e-02 | s=2.280735e-03 | eps_pri=7.633918e-04 | eps_dual=7.203226e-04 | primal_ratio=1.055410e+02 | dual_ratio=3.166270e+00 | dual_ratio_balance=3.166270e+00 | rho_before=1.000000e-02 | rho_after=1.000000e-02 | gamma_before=0.000000e+00 | gamma_after=0.000000e+00 | action=exempt (fixed)
[INFO]		 - ADMM cycle 2 | Primal (V max/mean | PF max/mean | ESS max/mean) = 0.049838/0.015838 | 0.194166/0.003148 | 0.015159/0.000300 | Dual (V max/mean | PF max/mean | ESS max/mean) = 0.001274/0.000340 | 0.063914/0.016444 | 0.000222/0.000009 | Recourse change = 847010352.994936 (tol. 158942.549500) | Stable cycles = 0/10 | Penalty actions (V/PF/ESS) = increased/decreased/exempt (fixed)
[INFO] 	 - Iteration 2: 28.70 s
[WARNING] 	 - ADMM did NOT converge in 2 iterations!
[INFO] 	 - Execution time: 85.47 s
