[INFO] Running OPERATIONAL PLANNING (DISTRIBUTED)...
[INFO]	 - Initializing...
[INFO] 		 - Distribution Network node 5...
[INFO] 			 - Running SMOPF, Network case33_1, 2025, Spring...
[INFO] 			 - Running SMOPF, Network case33_1, 2025, Summer...
[INFO] 			 - Running SMOPF, Network case33_1, 2025, Autumn...
[INFO] 			 - Running SMOPF, Network case33_1, 2025, Winter...
[INFO] 		 - Distribution Network node 7...
[INFO] 			 - Running SMOPF, Network case33_2, 2025, Spring...
[INFO] 			 - Running SMOPF, Network case33_2, 2025, Summer...
[INFO] 			 - Running SMOPF, Network case33_2, 2025, Autumn...
[INFO] 			 - Running SMOPF, Network case33_2, 2025, Winter...
[INFO] 		 - Distribution Network node 9...
[INFO] 			 - Running SMOPF, Network case33_3, 2025, Spring...
[INFO] 			 - Running SMOPF, Network case33_3, 2025, Summer...
[INFO] 			 - Running SMOPF, Network case33_3, 2025, Autumn...
[INFO] 			 - Running SMOPF, Network case33_3, 2025, Winter...
[INFO] 		 - Transmission Network...
[INFO] 			 - Running SMOPF, Network case9, 2025, Spring...
[INFO] 			 - Running SMOPF, Network case9, 2025, Summer...
[INFO] 			 - Running SMOPF, Network case9, 2025, Autumn...
[INFO] 			 - Running SMOPF, Network case9, 2025, Winter...
[INFO] 		 - Running Shared ESS optimization (subproblem)...
[INFO] 			 - Node 5...
[INFO] Shared ESS complementarity diagnostics for ESS node=5: ratio_max=0.000000e+00 n_periods=0 mu_final=9.090909e-12 s_obj=1.000000e-01 eps=1.000000e-05 bound=0.000000e+00 measured=0.000000e+00
[INFO] 			 - Node 7...
[INFO] Shared ESS complementarity diagnostics for ESS node=7: ratio_max=0.000000e+00 n_periods=0 mu_final=9.090909e-12 s_obj=1.000000e-01 eps=1.000000e-05 bound=0.000000e+00 measured=0.000000e+00
[INFO] 			 - Node 9...
[INFO] Shared ESS complementarity diagnostics for ESS node=9: ratio_max=0.000000e+00 n_periods=0 mu_final=9.090909e-12 s_obj=1.000000e-01 eps=1.000000e-05 bound=0.000000e+00 measured=0.000000e+00
[ADMM OF SCALE] n=16 | min=1.818361e+07 | median=4.265049e+07 | max=5.627438e+07 | selected=5.627438e+07
[ADMM OF SCALE] Largest weighted objectives:
  DSO node=9 year=2025 day=Winter | base=5.627438e+07 | scenario=1.949176e-09 | total=5.627438e+07
  DSO node=9 year=2025 day=Autumn | base=5.444314e+07 | scenario=2.720312e-09 | total=5.444314e+07
  DSO node=9 year=2025 day=Spring | base=5.073812e+07 | scenario=1.869747e-09 | total=5.073812e+07
  DSO node=5 year=2025 day=Spring | base=4.823452e+07 | scenario=2.273929e-09 | total=4.823452e+07
  DSO node=5 year=2025 day=Autumn | base=4.717801e+07 | scenario=2.707963e-09 | total=4.717801e+07
  DSO node=5 year=2025 day=Summer | base=4.603118e+07 | scenario=2.021122e-09 | total=4.603118e+07
  DSO node=5 year=2025 day=Winter | base=4.591204e+07 | scenario=2.787469e-09 | total=4.591204e+07
  DSO node=7 year=2025 day=Spring | base=4.273104e+07 | scenario=2.111230e-08 | total=4.273104e+07
  DSO node=9 year=2025 day=Summer | base=4.256994e+07 | scenario=1.859702e-09 | total=4.256994e+07
  DSO node=7 year=2025 day=Summer | base=4.158851e+07 | scenario=2.604672e-09 | total=4.158851e+07
[ADMM OF SCALE] Fixed sigma in force sigma_fixed=9.363536e+07 | sigma_computed=5.627438e+07 | ratio=6.009950e-01 | assert_factor=3.000
[ADMM ESSO AL SCALE] mode=sigma_over_median_block_weight | sigma=9.363536e+07 | median_block_weight=4.550000e+02 | al_scale_esso=2.057920e+05
[INFO] 	 - ADMM Iteration 1
[INFO] 		 - Updating distribution networks:
[INFO] 			 - Running SMOPF, Network case33_1, 2025, Spring...
[INFO] 			 - Running SMOPF, Network case33_1, 2025, Summer...
[INFO] 			 - Running SMOPF, Network case33_1, 2025, Autumn...
[INFO] 			 - Running SMOPF, Network case33_1, 2025, Winter...
[INFO] 			 - Running SMOPF, Network case33_2, 2025, Spring...
[INFO] 			 - Running SMOPF, Network case33_2, 2025, Summer...
[INFO] 			 - Running SMOPF, Network case33_2, 2025, Autumn...
[INFO] 			 - Running SMOPF, Network case33_2, 2025, Winter...
[INFO] 			 - Running SMOPF, Network case33_3, 2025, Spring...
[INFO] 			 - Running SMOPF, Network case33_3, 2025, Summer...
[INFO] 			 - Running SMOPF, Network case33_3, 2025, Autumn...
[INFO] 			 - Running SMOPF, Network case33_3, 2025, Winter...
[INFO] 		 - Updating transmission network...
[INFO] 			 - Running SMOPF, Network case9, 2025, Spring...
[INFO] 			 - Running SMOPF, Network case9, 2025, Summer...
[INFO] 			 - Running SMOPF, Network case9, 2025, Autumn...
[INFO] 			 - Running SMOPF, Network case9, 2025, Winter...
[TSO PROX] cycle=1 | updated_blocks=4 | held_failed_blocks=0 | V max=0.190853 | PF max=1.997319 | ESS max=0.000000
[TSO PROX][V MAX] node=7, year=2025, day=Winter, period=11 | dV=65.844369 kV | normalized=0.190853
[TSO PROX][PF MAX] node=7, year=2025, day=Autumn, period=10, type=P | delta=199.731873 MW | normalized=1.997319
[TSO PROX][ESS MAX] node=5, year=2025, day=Spring, period=0, type=P | delta=0.000000 MW | normalized=0.000000
[INFO] 		 - Updating SharedESS...
[INFO] 		 - Running Shared ESS optimization (subproblem)...
[INFO] 			 - Node 5...
[INFO] Shared ESS complementarity diagnostics for ESS node=5: ratio_max=0.000000e+00 n_periods=0 mu_final=9.090909e-12 s_obj=1.000000e-01 eps=1.000000e-05 bound=0.000000e+00 measured=0.000000e+00
[INFO] 			 - Node 7...
[INFO] Shared ESS complementarity diagnostics for ESS node=7: ratio_max=0.000000e+00 n_periods=0 mu_final=9.090909e-12 s_obj=1.000000e-01 eps=1.000000e-05 bound=0.000000e+00 measured=0.000000e+00
[INFO] 			 - Node 9...
[INFO] Shared ESS complementarity diagnostics for ESS node=9: ratio_max=0.000000e+00 n_periods=0 mu_final=9.090909e-12 s_obj=1.000000e-01 eps=1.000000e-05 bound=0.000000e+00 measured=0.000000e+00
[DIAG][V MAX] node=9, year=2025, day=Autumn, period=15 | TSO=379.499909 kV, DSO=310.500310 kV, diff=68.999598 kV, base=345.000000 kV, normalized=0.199999, rho(TSO/DSO)=0.007700/0.007700
[DIAG][PF MAX] node=7, year=2025, day=Summer, period=8, type=P | TSO=128.729478 MW, DSO=29.167821 MW, diff=99.561657 MW, rating=100.000000 MVA, normalized=0.995617, rho(TSO/DSO)=0.198000/0.198000
[INFO]		 - interface Vmag max primal residual failed. 0.199999 > 0.010000
[INFO]		 - interface Vmag mean primal residual failed. 0.120336 > 0.001000
[INFO]		 - interface PF max primal residual failed. 0.995617 > 0.010000
[INFO]		 - interface PF mean primal residual failed. 0.714696 > 0.001000
[INFO]		 - interface PF mean dual residual failed. 0.145958 > 0.010000
[INFO]		 - Recourse stationarity requires one previous successful cycle.
[ADMM RHO] V | primal max ratio=20.000 | primal mean ratio=120.336 | primal selected=120.336 | dual mean ratio=0.072 | increase threshold=5.0 | decrease threshold=5.0 | action=increased
[ADMM RHO BOYD] V | r=2.182864e+00 | s=1.681352e-02 | eps_pri=1.970841e-03 | eps_dual=1.706398e-04 | primal_ratio=1.107580e+03 | dual_ratio=9.853223e+01 | dual_ratio_balance=9.853223e+01 | rho_before=7.700000e-03 | rho_after=1.155000e-02 | gamma_before=0.000000e+00 | gamma_after=0.000000e+00 | action=increased
[ADMM RHO] PF | primal max ratio=99.562 | primal mean ratio=714.696 | primal selected=714.696 | dual mean ratio=14.596 | increase threshold=5.0 | decrease threshold=3.0 | action=held
[ADMM RHO BOYD] PF | r=1.835545e+01 | s=6.659148e+00 | eps_pri=1.927763e-03 | eps_dual=2.451931e-04 | primal_ratio=9.521633e+03 | dual_ratio=2.715879e+04 | dual_ratio_balance=2.715879e+04 | rho_before=1.980000e-01 | rho_after=1.980000e-01 | gamma_before=0.000000e+00 | gamma_after=0.000000e+00 | action=held
[ADMM RHO] ESS | primal max ratio=0.000 | primal mean ratio=0.000 | primal selected=0.000 | dual mean ratio=0.000 | increase threshold=5.0 | decrease threshold=5.0 | action=exempt (fixed)
[ADMM RHO BOYD] ESS | r=1.635903e-24 | s=1.156758e-26 | eps_pri=4.156922e-04 | eps_dual=4.156922e-04 | primal_ratio=3.935370e-21 | dual_ratio=2.782727e-23 | dual_ratio_balance=2.782727e-23 | rho_before=1.000000e-02 | rho_after=1.000000e-02 | gamma_before=0.000000e+00 | gamma_after=0.000000e+00 | action=exempt (fixed)
[INFO]		 - ADMM cycle 1 | Primal (V max/mean | PF max/mean | ESS max/mean) = 0.199999/0.120336 | 0.995617/0.714696 | 0.000000/0.000000 | Dual (V max/mean | PF max/mean | ESS max/mean) = 0.001470/0.000718 | 0.395469/0.145958 | 0.000000/0.000000 | Recourse change = N/A (tol. N/A) | Stable cycles = 0/10 | Penalty actions (V/PF/ESS) = increased/held/exempt (fixed)
[INFO] 	 - Iteration 1: 46.74 s
[INFO] 	 - ADMM Iteration 2
[INFO] 		 - Updating distribution networks:
[INFO] 			 - Running SMOPF, Network case33_1, 2025, Spring...
[INFO] 			 - Running SMOPF, Network case33_1, 2025, Summer...
[INFO] 			 - Running SMOPF, Network case33_1, 2025, Autumn...
[INFO] 			 - Running SMOPF, Network case33_1, 2025, Winter...
[INFO] 			 - Running SMOPF, Network case33_2, 2025, Spring...
[INFO] 			 - Running SMOPF, Network case33_2, 2025, Summer...
[INFO] 			 - Running SMOPF, Network case33_2, 2025, Autumn...
[INFO] 			 - Running SMOPF, Network case33_2, 2025, Winter...
[INFO] 			 - Running SMOPF, Network case33_3, 2025, Spring...
[INFO] 			 - Running SMOPF, Network case33_3, 2025, Summer...
[INFO] 			 - Running SMOPF, Network case33_3, 2025, Autumn...
[INFO] 			 - Running SMOPF, Network case33_3, 2025, Winter...
[INFO] 		 - Updating transmission network...
[INFO] 			 - Running SMOPF, Network case9, 2025, Spring...
[INFO] 			 - Running SMOPF, Network case9, 2025, Summer...
[INFO] 			 - Running SMOPF, Network case9, 2025, Autumn...
[INFO] 			 - Running SMOPF, Network case9, 2025, Winter...
[TSO PROX] cycle=2 | updated_blocks=4 | held_failed_blocks=0 | V max=0.081177 | PF max=0.915641 | ESS max=0.000000
[TSO PROX][V MAX] node=9, year=2025, day=Summer, period=22 | dV=28.006089 kV | normalized=0.081177
[TSO PROX][PF MAX] node=9, year=2025, day=Summer, period=23, type=Q | delta=137.346087 MVAr | normalized=0.915641
[TSO PROX][ESS MAX] node=5, year=2025, day=Spring, period=0, type=P | delta=0.000000 MW | normalized=0.000000
[INFO] 		 - Updating SharedESS...
[INFO] 		 - Running Shared ESS optimization (subproblem)...
[INFO] 			 - Node 5...
[INFO] Shared ESS complementarity diagnostics for ESS node=5: ratio_max=0.000000e+00 n_periods=0 mu_final=9.090909e-12 s_obj=1.000000e-01 eps=1.000000e-05 bound=0.000000e+00 measured=0.000000e+00
[INFO] 			 - Node 7...
[INFO] Shared ESS complementarity diagnostics for ESS node=7: ratio_max=0.000000e+00 n_periods=0 mu_final=9.090909e-12 s_obj=1.000000e-01 eps=1.000000e-05 bound=0.000000e+00 measured=0.000000e+00
[INFO] 			 - Node 9...
[INFO] Shared ESS complementarity diagnostics for ESS node=9: ratio_max=0.000000e+00 n_periods=0 mu_final=9.090909e-12 s_obj=1.000000e-01 eps=1.000000e-05 bound=0.000000e+00 measured=0.000000e+00
[DIAG][V MAX] node=9, year=2025, day=Summer, period=22 | TSO=361.752996 kV, DSO=324.904869 kV, diff=36.848127 kV, base=345.000000 kV, normalized=0.106806, rho(TSO/DSO)=0.011550/0.011550
[DIAG][PF MAX] node=5, year=2025, day=Summer, period=14, type=P | TSO=12.037719 MW, DSO=-6.469762 MW, diff=18.507481 MW, rating=200.000000 MVA, normalized=0.092537, rho(TSO/DSO)=0.198000/0.198000
[INFO]		 - interface Vmag max primal residual failed. 0.106806 > 0.010000
[INFO]		 - interface Vmag mean primal residual failed. 0.042034 > 0.001000
[INFO]		 - interface PF max primal residual failed. 0.092537 > 0.010000
[INFO]		 - interface PF mean primal residual failed. 0.006379 > 0.001000
[INFO]		 - interface PF mean dual residual failed. 0.074629 > 0.010000
[RECOURSE JUMP] cycle=2 | abs_change=4.681321e+08 | tol=9.538183e+04 | signed_change=-4.681321e+08
[RECOURSE JUMP] Reconciliation | previous=9.538183e+08 | current=4.856862e+08 | block_delta=-4.681321e+08 | mismatch=-1.788139e-07
[RECOURSE JUMP] Aggregate signed changes:
  TSO | delta=-4.333324e+08
  DSO node=5 | delta=-2.039828e+07
  DSO node=9 | delta=-1.033024e+07
  DSO node=7 | delta=-4.071164e+06
  SALVAGE | delta=+0.000000e+00
[RECOURSE JUMP] Largest 10 block changes:
  TSO node=None year=2025 day=Spring | previous=2.517914e+08 | current=1.042422e+08 | delta=-1.475492e+08 | abs_delta=1.475492e+08
    [RECOURSE JUMP][TSO PROX] year=2025 day=Spring | V max=0.069323 | PF max=0.837062 | ESS max=0.000000
    [RECOURSE COMPONENTS] gen=-1.475492e+08 | flex=+0.000000e+00 | load_curt=+0.000000e+00 | res_curt=+0.000000e+00 | ess_usage=+0.000000e+00 | slacks=-4.348795e-08 | ess_comp=+0.000000e+00
    [SLACK COMPONENTS] voltage=-4.348792e-08 | node_P=+0.000000e+00 | node_Q=+0.000000e+00 | branch_ij=+0.000000e+00 | branch_ji=+0.000000e+00 | flex_P=+0.000000e+00 | flex_Q=+0.000000e+00
    [SLACK COMPONENT CHECK] classified_delta=-4.348792e-08 | objective_slack_delta=-4.348795e-08 | mismatch=+3.552714e-14
    [RECOURSE COMPONENT CHECK] classified_delta=-1.475492e+08 | block_delta=-1.475492e+08 | mismatch=+5.960464e-08
  TSO node=None year=2025 day=Summer | previous=2.188937e+08 | current=1.086275e+08 | delta=-1.102662e+08 | abs_delta=1.102662e+08
    [RECOURSE JUMP][TSO PROX] year=2025 day=Summer | V max=0.081177 | PF max=0.915641 | ESS max=0.000000
    [RECOURSE COMPONENTS] gen=-1.102662e+08 | flex=+0.000000e+00 | load_curt=+0.000000e+00 | res_curt=+0.000000e+00 | ess_usage=+0.000000e+00 | slacks=-5.836559e-08 | ess_comp=+0.000000e+00
    [SLACK COMPONENTS] voltage=-5.836560e-08 | node_P=+0.000000e+00 | node_Q=+0.000000e+00 | branch_ij=+0.000000e+00 | branch_ji=+0.000000e+00 | flex_P=+0.000000e+00 | flex_Q=+0.000000e+00
    [SLACK COMPONENT CHECK] classified_delta=-5.836560e-08 | objective_slack_delta=-5.836559e-08 | mismatch=-7.105427e-15
    [RECOURSE COMPONENT CHECK] classified_delta=-1.102662e+08 | block_delta=-1.102662e+08 | mismatch=+4.470348e-08
  TSO node=None year=2025 day=Winter | previous=1.975303e+08 | current=1.021369e+08 | delta=-9.539336e+07 | abs_delta=9.539336e+07
    [RECOURSE JUMP][TSO PROX] year=2025 day=Winter | V max=0.067348 | PF max=0.843726 | ESS max=0.000000
    [RECOURSE COMPONENTS] gen=-9.539353e+07 | flex=+0.000000e+00 | load_curt=+0.000000e+00 | res_curt=+0.000000e+00 | ess_usage=+0.000000e+00 | slacks=+1.741026e+02 | ess_comp=+0.000000e+00
    [SLACK COMPONENTS] voltage=+1.741026e+02 | node_P=+0.000000e+00 | node_Q=+0.000000e+00 | branch_ij=+0.000000e+00 | branch_ji=+0.000000e+00 | flex_P=+0.000000e+00 | flex_Q=+0.000000e+00
    [SLACK COMPONENT CHECK] classified_delta=+1.741026e+02 | objective_slack_delta=+1.741026e+02 | mismatch=+2.842171e-14
    [RECOURSE COMPONENT CHECK] classified_delta=-9.539336e+07 | block_delta=-9.539336e+07 | mismatch=+1.937151e-07
  TSO node=None year=2025 day=Autumn | previous=1.943818e+08 | current=1.142582e+08 | delta=-8.012360e+07 | abs_delta=8.012360e+07
    [RECOURSE JUMP][TSO PROX] year=2025 day=Autumn | V max=0.080085 | PF max=0.889051 | ESS max=0.000000
    [RECOURSE COMPONENTS] gen=-8.012360e+07 | flex=+0.000000e+00 | load_curt=+0.000000e+00 | res_curt=+0.000000e+00 | ess_usage=+0.000000e+00 | slacks=-7.248844e-08 | ess_comp=+0.000000e+00
    [SLACK COMPONENTS] voltage=-7.248844e-08 | node_P=+0.000000e+00 | node_Q=+0.000000e+00 | branch_ij=+0.000000e+00 | branch_ji=+0.000000e+00 | flex_P=+0.000000e+00 | flex_Q=+0.000000e+00
    [SLACK COMPONENT CHECK] classified_delta=-7.248844e-08 | objective_slack_delta=-7.248844e-08 | mismatch=+0.000000e+00
    [RECOURSE COMPONENT CHECK] classified_delta=-8.012360e+07 | block_delta=-8.012360e+07 | mismatch=+1.788139e-07
  DSO node=5 year=2025 day=Summer | previous=1.001774e+07 | current=1.498163e+06 | delta=-8.519573e+06 | abs_delta=8.519573e+06
    [RECOURSE COMPONENTS] gen=+0.000000e+00 | flex=-8.327358e+06 | load_curt=+0.000000e+00 | res_curt=+0.000000e+00 | ess_usage=+0.000000e+00 | slacks=-9.663398e-02 | ess_comp=+0.000000e+00
    [SLACK COMPONENTS] voltage=-5.676167e-04 | node_P=+0.000000e+00 | node_Q=+0.000000e+00 | branch_ij=+0.000000e+00 | branch_ji=+0.000000e+00 | flex_P=-9.606636e-02 | flex_Q=+0.000000e+00
    [SLACK COMPONENT CHECK] classified_delta=-9.663398e-02 | objective_slack_delta=-9.663398e-02 | mismatch=-1.811884e-13
    [RECOURSE COMPONENT CHECK] classified_delta=-8.327358e+06 | block_delta=-8.519573e+06 | mismatch=+1.922147e+05
  DSO node=9 year=2025 day=Spring | previous=1.089157e+07 | current=2.920340e+06 | delta=-7.971226e+06 | abs_delta=7.971226e+06
    [RECOURSE COMPONENTS] gen=+0.000000e+00 | flex=-7.644171e+06 | load_curt=+0.000000e+00 | res_curt=+0.000000e+00 | ess_usage=+0.000000e+00 | slacks=-4.539351e-01 | ess_comp=+0.000000e+00
    [SLACK COMPONENTS] voltage=-3.209863e-03 | node_P=+0.000000e+00 | node_Q=+0.000000e+00 | branch_ij=+0.000000e+00 | branch_ji=+0.000000e+00 | flex_P=-4.507252e-01 | flex_Q=+0.000000e+00
    [SLACK COMPONENT CHECK] classified_delta=-4.539351e-01 | objective_slack_delta=-4.539351e-01 | mismatch=-9.663381e-13
    [RECOURSE COMPONENT CHECK] classified_delta=-7.644171e+06 | block_delta=-7.971226e+06 | mismatch=+3.270550e+05
  DSO node=5 year=2025 day=Autumn | previous=9.033009e+06 | current=2.736612e+06 | delta=-6.296396e+06 | abs_delta=6.296396e+06
    [RECOURSE COMPONENTS] gen=+0.000000e+00 | flex=-4.017931e+06 | load_curt=+0.000000e+00 | res_curt=+0.000000e+00 | ess_usage=+0.000000e+00 | slacks=-1.459928e-01 | ess_comp=+0.000000e+00
    [SLACK COMPONENTS] voltage=-1.292130e-03 | node_P=+0.000000e+00 | node_Q=+0.000000e+00 | branch_ij=+0.000000e+00 | branch_ji=+0.000000e+00 | flex_P=-1.447006e-01 | flex_Q=+0.000000e+00
    [SLACK COMPONENT CHECK] classified_delta=-1.459928e-01 | objective_slack_delta=-1.459928e-01 | mismatch=-8.064660e-13
    [RECOURSE COMPONENT CHECK] classified_delta=-4.017931e+06 | block_delta=-6.296396e+06 | mismatch=+2.278465e+06
  DSO node=5 year=2025 day=Winter | previous=6.959226e+06 | current=2.099730e+06 | delta=-4.859496e+06 | abs_delta=4.859496e+06
    [RECOURSE COMPONENTS] gen=+0.000000e+00 | flex=-3.733381e+06 | load_curt=+0.000000e+00 | res_curt=+0.000000e+00 | ess_usage=+0.000000e+00 | slacks=-1.039899e-01 | ess_comp=+0.000000e+00
    [SLACK COMPONENTS] voltage=-9.720986e-04 | node_P=+0.000000e+00 | node_Q=+0.000000e+00 | branch_ij=+0.000000e+00 | branch_ji=+0.000000e+00 | flex_P=-1.030178e-01 | flex_Q=+0.000000e+00
    [SLACK COMPONENT CHECK] classified_delta=-1.039899e-01 | objective_slack_delta=-1.039899e-01 | mismatch=-3.659295e-13
    [RECOURSE COMPONENT CHECK] classified_delta=-3.733381e+06 | block_delta=-4.859496e+06 | mismatch=+1.126115e+06
  DSO node=9 year=2025 day=Winter | previous=8.996398e+06 | current=5.215984e+06 | delta=-3.780414e+06 | abs_delta=3.780414e+06
    [RECOURSE COMPONENTS] gen=+0.000000e+00 | flex=-3.922700e+06 | load_curt=+0.000000e+00 | res_curt=+0.000000e+00 | ess_usage=+0.000000e+00 | slacks=-3.331771e-02 | ess_comp=+0.000000e+00
    [SLACK COMPONENTS] voltage=+1.140781e-04 | node_P=+0.000000e+00 | node_Q=+0.000000e+00 | branch_ij=+0.000000e+00 | branch_ji=+0.000000e+00 | flex_P=-3.343179e-02 | flex_Q=+0.000000e+00
    [SLACK COMPONENT CHECK] classified_delta=-3.331771e-02 | objective_slack_delta=-3.331771e-02 | mismatch=-4.831691e-13
    [RECOURSE COMPONENT CHECK] classified_delta=-3.922700e+06 | block_delta=-3.780414e+06 | mismatch=-1.422861e+05
  DSO node=7 year=2025 day=Autumn | previous=4.063870e+06 | current=1.438396e+06 | delta=-2.625474e+06 | abs_delta=2.625474e+06
    [RECOURSE COMPONENTS] gen=+0.000000e+00 | flex=+1.007340e+05 | load_curt=+0.000000e+00 | res_curt=+0.000000e+00 | ess_usage=+0.000000e+00 | slacks=-1.155441e+06 | ess_comp=+0.000000e+00
    [SLACK COMPONENTS] voltage=-1.473022e-03 | node_P=+0.000000e+00 | node_Q=+0.000000e+00 | branch_ij=+0.000000e+00 | branch_ji=+0.000000e+00 | flex_P=-1.155441e+06 | flex_Q=+0.000000e+00
    [SLACK COMPONENT CHECK] classified_delta=-1.155441e+06 | objective_slack_delta=-1.155441e+06 | mismatch=+4.656613e-10
    [RECOURSE COMPONENT CHECK] classified_delta=-1.054707e+06 | block_delta=-2.625474e+06 | mismatch=+1.570767e+06
[INFO]		 - Recourse stationarity failed. 468132066.732338 > 95381.828074
[ADMM RHO] V | primal max ratio=10.681 | primal mean ratio=42.034 | primal selected=42.034 | dual mean ratio=0.094 | increase threshold=5.0 | decrease threshold=5.0 | action=increased
[ADMM RHO BOYD] V | r=7.854598e-01 | s=7.240105e-03 | eps_pri=1.981318e-03 | eps_dual=1.701849e-04 | primal_ratio=3.964330e+02 | dual_ratio=4.254258e+01 | dual_ratio_balance=4.254258e+01 | rho_before=1.155000e-02 | rho_after=1.732500e-02 | gamma_before=0.000000e+00 | gamma_after=0.000000e+00 | action=increased
[ADMM RHO] PF | primal max ratio=9.254 | primal mean ratio=6.379 | primal selected=9.254 | dual mean ratio=7.463 | increase threshold=5.0 | decrease threshold=3.0 | action=decreased
[ADMM RHO BOYD] PF | r=2.528692e-01 | s=2.518807e+00 | eps_pri=9.724516e-04 | eps_dual=2.430457e-04 | primal_ratio=2.600326e+02 | dual_ratio=1.036351e+04 | dual_ratio_balance=1.036351e+04 | rho_before=1.980000e-01 | rho_after=1.320000e-01 | gamma_before=0.000000e+00 | gamma_after=0.000000e+00 | action=decreased
[ADMM RHO] ESS | primal max ratio=0.000 | primal mean ratio=0.000 | primal selected=0.000 | dual mean ratio=0.000 | increase threshold=5.0 | decrease threshold=5.0 | action=exempt (fixed)
[ADMM RHO BOYD] ESS | r=9.105569e-25 | s=1.800619e-26 | eps_pri=4.156922e-04 | eps_dual=4.156922e-04 | primal_ratio=2.190459e-21 | dual_ratio=4.331615e-23 | dual_ratio_balance=4.331615e-23 | rho_before=1.000000e-02 | rho_after=1.000000e-02 | gamma_before=0.000000e+00 | gamma_after=0.000000e+00 | action=exempt (fixed)
[INFO]		 - ADMM cycle 2 | Primal (V max/mean | PF max/mean | ESS max/mean) = 0.106806/0.042034 | 0.092537/0.006379 | 0.000000/0.000000 | Dual (V max/mean | PF max/mean | ESS max/mean) = 0.002310/0.000936 | 0.248906/0.074629 | 0.000000/0.000000 | Recourse change = 468132066.732338 (tol. 95381.828074) | Stable cycles = 0/10 | Penalty actions (V/PF/ESS) = increased/decreased/exempt (fixed)
[INFO] 	 - Iteration 2: 46.28 s
[WARNING] 	 - ADMM did NOT converge in 2 iterations!
[INFO] 	 - Execution time: 126.18 s
