[INFO] Scenario random seed: 2026
[INFO] Reading MARKET DATA from file(s)...
[INFO] 	 - Generating market scenarios...
[INFO] 	 - Plotting market scenarios...
[INFO] Reading DISTRIBUTION NETWORK DATA from file(s)...
[INFO]	 - Generating load stochastic scenarios...
[INFO]	 - Generating RES generation stochastic scenarios...
[INFO]	 - Generating flexibility stochastic scenarios...
[INFO]	 - Plotting flexibility profiles...
[INFO]	 - Plotting load scenarios...
[INFO]	 - Plotting RES generation scenarios...
[INFO] Reading DISTRIBUTION NETWORK DATA from file(s)...
[INFO]	 - Generating load stochastic scenarios...
[INFO]	 - Generating RES generation stochastic scenarios...
[INFO]	 - Generating flexibility stochastic scenarios...
[INFO]	 - Plotting flexibility profiles...
[INFO]	 - Plotting load scenarios...
[INFO]	 - Plotting RES generation scenarios...
[INFO] Reading DISTRIBUTION NETWORK DATA from file(s)...
[INFO]	 - Generating load stochastic scenarios...
[INFO]	 - Generating RES generation stochastic scenarios...
[INFO]	 - Generating flexibility stochastic scenarios...
[INFO]	 - Plotting flexibility profiles...
[INFO]	 - Plotting load scenarios...
[INFO]	 - Plotting RES generation scenarios...
[INFO] Reading TRANSMISSION NETWORK DATA from file(s)...
[INFO]	 - Generating load stochastic scenarios...
[INFO]	 - Generating RES generation stochastic scenarios...
[INFO]	 - Generating flexibility stochastic scenarios...
[INFO]	 - Plotting flexibility profiles...
[INFO]	 - Plotting load scenarios...
[INFO]	 - Plotting RES generation scenarios...
[INFO] Scenario checksum: 9d6335848b80ee9bb484ffd0c82fc70362b0ee02d79c5d351c15da1e25b0c857
[INFO] Reading SHARED ESS DATA from file(s)...
[INFO] Reading PLANNING PARAMETERS from file...
18:07:34 [W39-gate2] declared 57 base solves per arm; 7 arms; alphas {'alpha_0.0': 0.0, 'alpha_0.25': 0.25, 'alpha_0.5': 0.5, 'alpha_1.0': 1.0, 'alpha_2.0': 2.0, 'alpha_5.0': 5.0, 'alpha_1000.0': 1000.0}
18:07:34 [W39-gate2] arm alpha_0.0: alpha = 0.0
[INFO] Running OPERATIONAL PLANNING (DISTRIBUTED)...
[INFO]	 - Initializing...
[INFO] 		 - Distribution Network node 5...
[INFO] 			 - Running SMOPF, Network case33_1, 2025, Spring...
[INFO] 			 - Running SMOPF, Network case33_1, 2025, Summer...
[INFO] 			 - Running SMOPF, Network case33_1, 2025, Autumn...
[INFO] 			 - Running SMOPF, Network case33_1, 2025, Winter...
[INFO] 		 - Distribution Network node 7...
[INFO] 			 - Running SMOPF, Network case33_2, 2025, Spring...
[INFO] 			 - Running SMOPF, Network case33_2, 2025, Summer...
[INFO] 			 - Running SMOPF, Network case33_2, 2025, Autumn...
[INFO] 			 - Running SMOPF, Network case33_2, 2025, Winter...
[INFO] 		 - Distribution Network node 9...
[INFO] 			 - Running SMOPF, Network case33_3, 2025, Spring...
[INFO] 			 - Running SMOPF, Network case33_3, 2025, Summer...
[INFO] 			 - Running SMOPF, Network case33_3, 2025, Autumn...
[INFO] 			 - Running SMOPF, Network case33_3, 2025, Winter...
[INFO] 		 - Transmission Network...
[INFO] 			 - Running SMOPF, Network case9, 2025, Spring...
[INFO] 			 - Running SMOPF, Network case9, 2025, Summer...
[INFO] 			 - Running SMOPF, Network case9, 2025, Autumn...
[INFO] 			 - Running SMOPF, Network case9, 2025, Winter...
[INFO] 		 - Running Shared ESS optimization (subproblem)...
[INFO] 			 - Node 5...
[INFO] Shared ESS complementarity diagnostics for ESS node=5: ratio_max=0.000000e+00 n_periods=0 mu_final=9.090909e-12 s_obj=1.000000e-01 eps=1.000000e-05 bound=0.000000e+00 measured=0.000000e+00
[INFO] 			 - Node 7...
[INFO] Shared ESS complementarity diagnostics for ESS node=7: ratio_max=0.000000e+00 n_periods=0 mu_final=9.090909e-12 s_obj=1.000000e-01 eps=1.000000e-05 bound=0.000000e+00 measured=0.000000e+00
[INFO] 			 - Node 9...
[INFO] Shared ESS complementarity diagnostics for ESS node=9: ratio_max=0.000000e+00 n_periods=0 mu_final=9.090909e-12 s_obj=1.000000e-01 eps=1.000000e-05 bound=0.000000e+00 measured=0.000000e+00
[ADMM OF SCALE] n=16 | min=1.817194e+07 | median=4.145836e+07 | max=5.581903e+07 | selected=5.581903e+07
[ADMM OF SCALE] Largest weighted objectives:
  DSO node=9 year=2025 day=Winter | base=5.581903e+07 | scenario=8.155004e-15 | total=5.581903e+07
  DSO node=9 year=2025 day=Autumn | base=5.355340e+07 | scenario=3.624285e-14 | total=5.355340e+07
  DSO node=9 year=2025 day=Spring | base=5.032857e+07 | scenario=1.486912e-14 | total=5.032857e+07
  DSO node=5 year=2025 day=Spring | base=4.729149e+07 | scenario=4.312310e-14 | total=4.729149e+07
  DSO node=5 year=2025 day=Summer | base=4.585757e+07 | scenario=1.197390e-15 | total=4.585757e+07
  DSO node=5 year=2025 day=Autumn | base=4.503590e+07 | scenario=9.383401e-14 | total=4.503590e+07
  DSO node=5 year=2025 day=Winter | base=4.470502e+07 | scenario=7.211866e-14 | total=4.470502e+07
  DSO node=9 year=2025 day=Summer | base=4.152797e+07 | scenario=6.567426e-14 | total=4.152797e+07
  DSO node=7 year=2025 day=Spring | base=4.138875e+07 | scenario=4.855756e-14 | total=4.138875e+07
  TSO node=None year=2025 day=Winter | base=-4.078625e+07 | scenario=2.392100e+02 | total=-4.078601e+07
[ADMM OF SCALE] Fixed sigma in force sigma_fixed=9.363536e+07 | sigma_computed=5.581903e+07 | ratio=5.961319e-01 | assert_factor=3.000
[ADMM ESSO AL SCALE] mode=sigma_over_median_block_weight | sigma=9.363536e+07 | median_block_weight=4.550000e+02 | al_scale_esso=2.057920e+05
[INFO] 	 - ADMM Iteration 1
[INFO] 		 - Updating distribution networks:
[INFO] 			 - Running SMOPF, Network case33_1, 2025, Spring...
[INFO] 			 - Running SMOPF, Network case33_1, 2025, Summer...
[INFO] 			 - Running SMOPF, Network case33_1, 2025, Autumn...
[INFO] 			 - Running SMOPF, Network case33_1, 2025, Winter...
[INFO] 			 - Running SMOPF, Network case33_2, 2025, Spring...
[INFO] 			 - Running SMOPF, Network case33_2, 2025, Summer...
[INFO] 			 - Running SMOPF, Network case33_2, 2025, Autumn...
[INFO] 			 - Running SMOPF, Network case33_2, 2025, Winter...
[INFO] 			 - Running SMOPF, Network case33_3, 2025, Spring...
[INFO] 			 - Running SMOPF, Network case33_3, 2025, Summer...
[INFO] 			 - Running SMOPF, Network case33_3, 2025, Autumn...
[INFO] 			 - Running SMOPF, Network case33_3, 2025, Winter...
[INFO] 		 - Updating transmission network...
[INFO] 			 - Running SMOPF, Network case9, 2025, Spring...
[INFO] 			 - Running SMOPF, Network case9, 2025, Summer...
[INFO] 			 - Running SMOPF, Network case9, 2025, Autumn...
[INFO] 			 - Running SMOPF, Network case9, 2025, Winter...
[TSO PROX] cycle=1 | updated_blocks=4 | held_failed_blocks=0 | V max=0.190964 | PF max=1.997320 | ESS max=0.000000
[TSO PROX][V MAX] node=7, year=2025, day=Winter, period=11 | dV=65.882431 kV | normalized=0.190964
[TSO PROX][PF MAX] node=7, year=2025, day=Autumn, period=10, type=P | delta=199.732038 MW | normalized=1.997320
[TSO PROX][ESS MAX] node=5, year=2025, day=Spring, period=0, type=P | delta=0.000000 MW | normalized=0.000000
[INFO] 		 - Updating SharedESS...
[INFO] 		 - Running Shared ESS optimization (subproblem)...
[INFO] 			 - Node 5...
[INFO] Shared ESS complementarity diagnostics for ESS node=5: ratio_max=0.000000e+00 n_periods=0 mu_final=9.090909e-12 s_obj=1.000000e-01 eps=1.000000e-05 bound=0.000000e+00 measured=0.000000e+00
[INFO] 			 - Node 7...
[INFO] Shared ESS complementarity diagnostics for ESS node=7: ratio_max=0.000000e+00 n_periods=0 mu_final=9.090909e-12 s_obj=1.000000e-01 eps=1.000000e-05 bound=0.000000e+00 measured=0.000000e+00
[INFO] 			 - Node 9...
[INFO] Shared ESS complementarity diagnostics for ESS node=9: ratio_max=0.000000e+00 n_periods=0 mu_final=9.090909e-12 s_obj=1.000000e-01 eps=1.000000e-05 bound=0.000000e+00 measured=0.000000e+00
[DIAG][V MAX] node=9, year=2025, day=Autumn, period=15 | TSO=379.499909 kV, DSO=310.500311 kV, diff=68.999598 kV, base=345.000000 kV, normalized=0.199999, rho(TSO/DSO)=0.007700/0.007700
[DIAG][PF MAX] node=7, year=2025, day=Summer, period=8, type=P | TSO=130.718503 MW, DSO=31.160788 MW, diff=99.557715 MW, rating=100.000000 MVA, normalized=0.995577, rho(TSO/DSO)=0.198000/0.198000
[INFO]		 - interface Vmag max primal residual failed. 0.199999 > 0.010000
[INFO]		 - interface Vmag mean primal residual failed. 0.120635 > 0.001000
[INFO]		 - interface PF max primal residual failed. 0.995577 > 0.010000
[INFO]		 - interface PF mean primal residual failed. 0.712440 > 0.001000
[INFO]		 - interface PF mean dual residual failed. 0.145781 > 0.010000
[INFO]		 - Recourse stationarity requires one previous successful cycle.
[ADMM RHO] V | primal max ratio=20.000 | primal mean ratio=120.635 | primal selected=120.635 | dual mean ratio=0.072 | increase threshold=5.0 | decrease threshold=5.0 | action=increased
[ADMM RHO BOYD] V | r=2.189266e+00 | s=1.682058e-02 | eps_pri=1.970455e-03 | eps_dual=1.706432e-04 | primal_ratio=1.111046e+03 | dual_ratio=9.857167e+01 | dual_ratio_balance=9.857167e+01 | rho_before=7.700000e-03 | rho_after=1.155000e-02 | gamma_before=0.000000e+00 | gamma_after=0.000000e+00 | action=increased
[ADMM RHO] PF | primal max ratio=99.558 | primal mean ratio=712.440 | primal selected=712.440 | dual mean ratio=14.578 | increase threshold=5.0 | decrease threshold=3.0 | action=held
[ADMM RHO BOYD] PF | r=1.830596e+01 | s=6.650186e+00 | eps_pri=1.918205e-03 | eps_dual=2.462905e-04 | primal_ratio=9.543277e+03 | dual_ratio=2.700139e+04 | dual_ratio_balance=2.700139e+04 | rho_before=1.980000e-01 | rho_after=1.980000e-01 | gamma_before=0.000000e+00 | gamma_after=0.000000e+00 | action=held
[ADMM RHO] ESS | primal max ratio=0.000 | primal mean ratio=0.000 | primal selected=0.000 | dual mean ratio=0.000 | increase threshold=5.0 | decrease threshold=5.0 | action=exempt (fixed)
[ADMM RHO BOYD] ESS | r=1.635903e-24 | s=1.156758e-26 | eps_pri=4.156922e-04 | eps_dual=4.156922e-04 | primal_ratio=3.935370e-21 | dual_ratio=2.782727e-23 | dual_ratio_balance=2.782727e-23 | rho_before=1.000000e-02 | rho_after=1.000000e-02 | gamma_before=0.000000e+00 | gamma_after=0.000000e+00 | action=exempt (fixed)
[INFO]		 - ADMM cycle 1 | Primal (V max/mean | PF max/mean | ESS max/mean) = 0.199999/0.120635 | 0.995577/0.712440 | 0.000000/0.000000 | Dual (V max/mean | PF max/mean | ESS max/mean) = 0.001470/0.000720 | 0.395469/0.145781 | 0.000000/0.000000 | Recourse change = N/A (tol. N/A) | Stable cycles = 0/10 | Penalty actions (V/PF/ESS) = increased/held/exempt (fixed)
[INFO] 	 - Iteration 1: 47.10 s
[INFO] 	 - ADMM Iteration 2
[INFO] 		 - Updating distribution networks:
[INFO] 			 - Running SMOPF, Network case33_1, 2025, Spring...
[INFO] 			 - Running SMOPF, Network case33_1, 2025, Summer...
[INFO] 			 - Running SMOPF, Network case33_1, 2025, Autumn...
[INFO] 			 - Running SMOPF, Network case33_1, 2025, Winter...
[INFO] 			 - Running SMOPF, Network case33_2, 2025, Spring...
[INFO] 			 - Running SMOPF, Network case33_2, 2025, Summer...
[INFO] 			 - Running SMOPF, Network case33_2, 2025, Autumn...
[INFO] 			 - Running SMOPF, Network case33_2, 2025, Winter...
[INFO] 			 - Running SMOPF, Network case33_3, 2025, Spring...
[INFO] 			 - Running SMOPF, Network case33_3, 2025, Summer...
[INFO] 			 - Running SMOPF, Network case33_3, 2025, Autumn...
[INFO] 			 - Running SMOPF, Network case33_3, 2025, Winter...
[INFO] 		 - Updating transmission network...
[INFO] 			 - Running SMOPF, Network case9, 2025, Spring...
[INFO] 			 - Running SMOPF, Network case9, 2025, Summer...
[INFO] 			 - Running SMOPF, Network case9, 2025, Autumn...
[INFO] 			 - Running SMOPF, Network case9, 2025, Winter...
[TSO PROX] cycle=2 | updated_blocks=4 | held_failed_blocks=0 | V max=0.081517 | PF max=0.907959 | ESS max=0.000000
[TSO PROX][V MAX] node=9, year=2025, day=Summer, period=22 | dV=28.123247 kV | normalized=0.081517
[TSO PROX][PF MAX] node=9, year=2025, day=Summer, period=22, type=Q | delta=136.193888 MVAr | normalized=0.907959
[TSO PROX][ESS MAX] node=5, year=2025, day=Spring, period=0, type=P | delta=0.000000 MW | normalized=0.000000
[INFO] 		 - Updating SharedESS...
[INFO] 		 - Running Shared ESS optimization (subproblem)...
[INFO] 			 - Node 5...
[INFO] Shared ESS complementarity diagnostics for ESS node=5: ratio_max=0.000000e+00 n_periods=0 mu_final=9.090909e-12 s_obj=1.000000e-01 eps=1.000000e-05 bound=0.000000e+00 measured=0.000000e+00
[INFO] 			 - Node 7...
[INFO] Shared ESS complementarity diagnostics for ESS node=7: ratio_max=0.000000e+00 n_periods=0 mu_final=9.090909e-12 s_obj=1.000000e-01 eps=1.000000e-05 bound=0.000000e+00 measured=0.000000e+00
[INFO] 			 - Node 9...
[INFO] Shared ESS complementarity diagnostics for ESS node=9: ratio_max=0.000000e+00 n_periods=0 mu_final=9.090909e-12 s_obj=1.000000e-01 eps=1.000000e-05 bound=0.000000e+00 measured=0.000000e+00
[DIAG][V MAX] node=9, year=2025, day=Summer, period=22 | TSO=361.561191 kV, DSO=324.871015 kV, diff=36.690177 kV, base=345.000000 kV, normalized=0.106348, rho(TSO/DSO)=0.011550/0.011550
[DIAG][PF MAX] node=5, year=2025, day=Summer, period=14, type=P | TSO=11.402703 MW, DSO=-7.691004 MW, diff=19.093707 MW, rating=200.000000 MVA, normalized=0.095469, rho(TSO/DSO)=0.198000/0.198000
[INFO]		 - interface Vmag max primal residual failed. 0.106348 > 0.010000
[INFO]		 - interface Vmag mean primal residual failed. 0.042055 > 0.001000
[INFO]		 - interface PF max primal residual failed. 0.095469 > 0.010000
[INFO]		 - interface PF mean primal residual failed. 0.007037 > 0.001000
[INFO]		 - interface PF mean dual residual failed. 0.074476 > 0.010000
[RECOURSE JUMP] cycle=2 | abs_change=4.479141e+08 | tol=9.219597e+04 | signed_change=-4.479141e+08
[RECOURSE JUMP] Reconciliation | previous=9.219597e+08 | current=4.740456e+08 | block_delta=-4.479141e+08 | mismatch=-1.192093e-07
[RECOURSE JUMP] Aggregate signed changes:
  TSO | delta=-4.202759e+08
  DSO node=5 | delta=-1.695178e+07
  DSO node=9 | delta=-1.175136e+07
  DSO node=7 | delta=+1.065026e+06
  SALVAGE | delta=+0.000000e+00
[RECOURSE JUMP] Largest 10 block changes:
  TSO node=None year=2025 day=Spring | previous=2.482274e+08 | current=1.040286e+08 | delta=-1.441988e+08 | abs_delta=1.441988e+08
    [RECOURSE JUMP][TSO PROX] year=2025 day=Spring | V max=0.068477 | PF max=0.850725 | ESS max=0.000000
    [RECOURSE COMPONENTS] gen=-1.441988e+08 | flex=+0.000000e+00 | load_curt=+0.000000e+00 | res_curt=+0.000000e+00 | ess_usage=+0.000000e+00 | slacks=-1.384808e-07 | ess_comp=+0.000000e+00
    [SLACK COMPONENTS] voltage=-1.384808e-07 | node_P=+0.000000e+00 | node_Q=+0.000000e+00 | branch_ij=+0.000000e+00 | branch_ji=+0.000000e+00 | flex_P=+0.000000e+00 | flex_Q=+0.000000e+00
    [SLACK COMPONENT CHECK] classified_delta=-1.384808e-07 | objective_slack_delta=-1.384808e-07 | mismatch=+2.842171e-14
    [RECOURSE COMPONENT CHECK] classified_delta=-1.441988e+08 | block_delta=-1.441988e+08 | mismatch=-2.384186e-07
  TSO node=None year=2025 day=Summer | previous=2.145344e+08 | current=1.062972e+08 | delta=-1.082372e+08 | abs_delta=1.082372e+08
    [RECOURSE JUMP][TSO PROX] year=2025 day=Summer | V max=0.081517 | PF max=0.907959 | ESS max=0.000000
    [RECOURSE COMPONENTS] gen=-1.082372e+08 | flex=+0.000000e+00 | load_curt=+0.000000e+00 | res_curt=+0.000000e+00 | ess_usage=+0.000000e+00 | slacks=-5.889381e-08 | ess_comp=+0.000000e+00
    [SLACK COMPONENTS] voltage=-5.889384e-08 | node_P=+0.000000e+00 | node_Q=+0.000000e+00 | branch_ij=+0.000000e+00 | branch_ji=+0.000000e+00 | flex_P=+0.000000e+00 | flex_Q=+0.000000e+00
    [SLACK COMPONENT CHECK] classified_delta=-5.889384e-08 | objective_slack_delta=-5.889381e-08 | mismatch=-2.842171e-14
    [RECOURSE COMPONENT CHECK] classified_delta=-1.082372e+08 | block_delta=-1.082372e+08 | mismatch=-4.619360e-07
  TSO node=None year=2025 day=Winter | previous=1.932869e+08 | current=1.006333e+08 | delta=-9.265351e+07 | abs_delta=9.265351e+07
    [RECOURSE JUMP][TSO PROX] year=2025 day=Winter | V max=0.067639 | PF max=0.840690 | ESS max=0.000000
    [RECOURSE COMPONENTS] gen=-9.265369e+07 | flex=+0.000000e+00 | load_curt=+0.000000e+00 | res_curt=+0.000000e+00 | ess_usage=+0.000000e+00 | slacks=+1.731458e+02 | ess_comp=+0.000000e+00
    [SLACK COMPONENTS] voltage=+1.731458e+02 | node_P=+0.000000e+00 | node_Q=+0.000000e+00 | branch_ij=+0.000000e+00 | branch_ji=+0.000000e+00 | flex_P=+0.000000e+00 | flex_Q=+0.000000e+00
    [SLACK COMPONENT CHECK] classified_delta=+1.731458e+02 | objective_slack_delta=+1.731458e+02 | mismatch=+0.000000e+00
    [RECOURSE COMPONENT CHECK] classified_delta=-9.265351e+07 | block_delta=-9.265351e+07 | mismatch=-1.490116e-08
  TSO node=None year=2025 day=Autumn | previous=1.881340e+08 | current=1.129476e+08 | delta=-7.518646e+07 | abs_delta=7.518646e+07
    [RECOURSE JUMP][TSO PROX] year=2025 day=Autumn | V max=0.080204 | PF max=0.891780 | ESS max=0.000000
    [RECOURSE COMPONENTS] gen=-7.518646e+07 | flex=+0.000000e+00 | load_curt=+0.000000e+00 | res_curt=+0.000000e+00 | ess_usage=+0.000000e+00 | slacks=-7.205691e-08 | ess_comp=+0.000000e+00
    [SLACK COMPONENTS] voltage=-7.205695e-08 | node_P=+0.000000e+00 | node_Q=+0.000000e+00 | branch_ij=+0.000000e+00 | branch_ji=+0.000000e+00 | flex_P=+0.000000e+00 | flex_Q=+0.000000e+00
    [SLACK COMPONENT CHECK] classified_delta=-7.205695e-08 | objective_slack_delta=-7.205691e-08 | mismatch=-3.552714e-14
    [RECOURSE COMPONENT CHECK] classified_delta=-7.518646e+07 | block_delta=-7.518646e+07 | mismatch=+1.490116e-07
  DSO node=5 year=2025 day=Summer | previous=9.784185e+06 | current=1.420810e+06 | delta=-8.363374e+06 | abs_delta=8.363374e+06
    [RECOURSE COMPONENTS] gen=+0.000000e+00 | flex=-8.238161e+06 | load_curt=+0.000000e+00 | res_curt=+0.000000e+00 | ess_usage=+0.000000e+00 | slacks=-9.578705e-02 | ess_comp=+0.000000e+00
    [SLACK COMPONENTS] voltage=-5.597230e-04 | node_P=+0.000000e+00 | node_Q=+0.000000e+00 | branch_ij=+0.000000e+00 | branch_ji=+0.000000e+00 | flex_P=-9.522733e-02 | flex_Q=+0.000000e+00
    [SLACK COMPONENT CHECK] classified_delta=-9.578705e-02 | objective_slack_delta=-9.578705e-02 | mismatch=-6.217249e-13
    [RECOURSE COMPONENT CHECK] classified_delta=-8.238161e+06 | block_delta=-8.363374e+06 | mismatch=+1.252134e+05
  DSO node=9 year=2025 day=Spring | previous=1.020294e+07 | current=2.406802e+06 | delta=-7.796134e+06 | abs_delta=7.796134e+06
    [RECOURSE COMPONENTS] gen=+0.000000e+00 | flex=-7.307463e+06 | load_curt=+0.000000e+00 | res_curt=+0.000000e+00 | ess_usage=+0.000000e+00 | slacks=-4.413503e-01 | ess_comp=+0.000000e+00
    [SLACK COMPONENTS] voltage=-3.320561e-03 | node_P=+0.000000e+00 | node_Q=+0.000000e+00 | branch_ij=+0.000000e+00 | branch_ji=+0.000000e+00 | flex_P=-4.380297e-01 | flex_Q=+0.000000e+00
    [SLACK COMPONENT CHECK] classified_delta=-4.413503e-01 | objective_slack_delta=-4.413503e-01 | mismatch=-2.131628e-14
    [RECOURSE COMPONENT CHECK] classified_delta=-7.307463e+06 | block_delta=-7.796134e+06 | mismatch=+4.886707e+05
  DSO node=5 year=2025 day=Autumn | previous=6.837448e+06 | current=2.659916e+06 | delta=-4.177533e+06 | abs_delta=4.177533e+06
    [RECOURSE COMPONENTS] gen=+0.000000e+00 | flex=-4.199885e+06 | load_curt=+0.000000e+00 | res_curt=+0.000000e+00 | ess_usage=+0.000000e+00 | slacks=-1.260042e-01 | ess_comp=+0.000000e+00
    [SLACK COMPONENTS] voltage=-1.250842e-03 | node_P=+0.000000e+00 | node_Q=+0.000000e+00 | branch_ij=+0.000000e+00 | branch_ji=+0.000000e+00 | flex_P=-1.247534e-01 | flex_Q=+0.000000e+00
    [SLACK COMPONENT CHECK] classified_delta=-1.260042e-01 | objective_slack_delta=-1.260042e-01 | mismatch=-1.239897e-12
    [RECOURSE COMPONENT CHECK] classified_delta=-4.199885e+06 | block_delta=-4.177533e+06 | mismatch=-2.235264e+04
  DSO node=9 year=2025 day=Winter | previous=8.600176e+06 | current=4.706157e+06 | delta=-3.894019e+06 | abs_delta=3.894019e+06
    [RECOURSE COMPONENTS] gen=+0.000000e+00 | flex=-3.866917e+06 | load_curt=+0.000000e+00 | res_curt=+0.000000e+00 | ess_usage=+0.000000e+00 | slacks=-4.117389e-02 | ess_comp=+0.000000e+00
    [SLACK COMPONENTS] voltage=+1.938677e-04 | node_P=+0.000000e+00 | node_Q=+0.000000e+00 | branch_ij=+0.000000e+00 | branch_ji=+0.000000e+00 | flex_P=-4.136776e-02 | flex_Q=+0.000000e+00
    [SLACK COMPONENT CHECK] classified_delta=-4.117389e-02 | objective_slack_delta=-4.117389e-02 | mismatch=-2.593481e-13
    [RECOURSE COMPONENT CHECK] classified_delta=-3.866917e+06 | block_delta=-3.894019e+06 | mismatch=+2.710153e+04
  DSO node=5 year=2025 day=Winter | previous=5.668078e+06 | current=2.008787e+06 | delta=-3.659290e+06 | abs_delta=3.659290e+06
    [RECOURSE COMPONENTS] gen=+0.000000e+00 | flex=-3.635407e+06 | load_curt=+0.000000e+00 | res_curt=+0.000000e+00 | ess_usage=+0.000000e+00 | slacks=-8.719017e-02 | ess_comp=+0.000000e+00
    [SLACK COMPONENTS] voltage=-9.271447e-04 | node_P=+0.000000e+00 | node_Q=+0.000000e+00 | branch_ij=+0.000000e+00 | branch_ji=+0.000000e+00 | flex_P=-8.626302e-02 | flex_Q=+0.000000e+00
    [SLACK COMPONENT CHECK] classified_delta=-8.719017e-02 | objective_slack_delta=-8.719017e-02 | mismatch=-3.410605e-13
    [RECOURSE COMPONENT CHECK] classified_delta=-3.635407e+06 | block_delta=-3.659290e+06 | mismatch=+2.388296e+04
  DSO node=7 year=2025 day=Spring | previous=2.844612e+06 | current=4.183977e+06 | delta=+1.339365e+06 | abs_delta=1.339365e+06
    [RECOURSE COMPONENTS] gen=+0.000000e+00 | flex=+1.412204e+06 | load_curt=+0.000000e+00 | res_curt=+0.000000e+00 | ess_usage=+0.000000e+00 | slacks=-4.251354e-01 | ess_comp=+0.000000e+00
    [SLACK COMPONENTS] voltage=-5.349413e-03 | node_P=+0.000000e+00 | node_Q=+0.000000e+00 | branch_ij=+0.000000e+00 | branch_ji=+0.000000e+00 | flex_P=-4.197860e-01 | flex_Q=+0.000000e+00
    [SLACK COMPONENT CHECK] classified_delta=-4.251354e-01 | objective_slack_delta=-4.251354e-01 | mismatch=-1.573852e-12
    [RECOURSE COMPONENT CHECK] classified_delta=+1.412204e+06 | block_delta=+1.339365e+06 | mismatch=+7.283880e+04
[INFO]		 - Recourse stationarity failed. 447914057.926853 > 92195.968059
[ADMM RHO] V | primal max ratio=10.635 | primal mean ratio=42.055 | primal selected=42.055 | dual mean ratio=0.094 | increase threshold=5.0 | decrease threshold=5.0 | action=increased
[ADMM RHO BOYD] V | r=7.854994e-01 | s=7.224868e-03 | eps_pri=1.980865e-03 | eps_dual=1.701826e-04 | primal_ratio=3.965436e+02 | dual_ratio=4.245363e+01 | dual_ratio_balance=4.245363e+01 | rho_before=1.155000e-02 | rho_after=1.732500e-02 | gamma_before=0.000000e+00 | gamma_after=0.000000e+00 | action=increased
[ADMM RHO] PF | primal max ratio=9.547 | primal mean ratio=7.037 | primal selected=9.547 | dual mean ratio=7.448 | increase threshold=5.0 | decrease threshold=3.0 | action=decreased
[ADMM RHO BOYD] PF | r=3.131072e-01 | s=2.504675e+00 | eps_pri=9.698633e-04 | eps_dual=2.432006e-04 | primal_ratio=3.228364e+02 | dual_ratio=1.029881e+04 | dual_ratio_balance=1.029881e+04 | rho_before=1.980000e-01 | rho_after=1.320000e-01 | gamma_before=0.000000e+00 | gamma_after=0.000000e+00 | action=decreased
[ADMM RHO] ESS | primal max ratio=0.000 | primal mean ratio=0.000 | primal selected=0.000 | dual mean ratio=0.000 | increase threshold=5.0 | decrease threshold=5.0 | action=exempt (fixed)
[ADMM RHO BOYD] ESS | r=9.105569e-25 | s=1.800619e-26 | eps_pri=4.156922e-04 | eps_dual=4.156922e-04 | primal_ratio=2.190459e-21 | dual_ratio=4.331615e-23 | dual_ratio_balance=4.331615e-23 | rho_before=1.000000e-02 | rho_after=1.000000e-02 | gamma_before=0.000000e+00 | gamma_after=0.000000e+00 | action=exempt (fixed)
[INFO]		 - ADMM cycle 2 | Primal (V max/mean | PF max/mean | ESS max/mean) = 0.106348/0.042055 | 0.095469/0.007037 | 0.000000/0.000000 | Dual (V max/mean | PF max/mean | ESS max/mean) = 0.002310/0.000937 | 0.251008/0.074476 | 0.000000/0.000000 | Recourse change = 447914057.926853 (tol. 92195.968059) | Stable cycles = 0/10 | Penalty actions (V/PF/ESS) = increased/decreased/exempt (fixed)
[INFO] 	 - Iteration 2: 42.09 s
[WARNING] 	 - ADMM did NOT converge in 2 iterations!
[INFO] 	 - Execution time: 117.79 s
[P5.15-G s51limit_alpha_0.0] recourse=474045622.6667074 cycles=2 solves=57 local_failures=0 wall=118s
   EFC/day max across nodes: None (threshold 1.4612)
   detector grouping clean: True (observed 9 / expected 9)
   network failures: {'n_blocks': 0, 'classes': {'recovered_tier1': 0, 'recovered_tier2': 0, 'unrecovered': 0, 'not_attempted': 0, 'indeterminate': 0, 'recovered': 0}, 'n_frozen_snapshots': 0, 'n_esso_recovery_events': 0, 'path': 'data/SRP1/Results/P515S51/2x2_limit_gate/alpha_sweep_r1/arm_alpha_0.0/network_failures_s51limit_alpha_0.0.jsonl'}
18:09:33 [W39-gate2] arm alpha_0.0: cycles=2 rms_mw=17.269047924630613 charge=0.0
18:09:33 [W39-gate2] arm alpha_0.0: solves=57 per-DSO rms={'5': 10.731688199466504, '7': 17.269047924630613, '9': 13.110402998907135} E|d|=2193.9285 Ecurt=1998.9110 Edown=2775.3777 settle_dev=-6989.6980 capture_errors=[]
18:09:33 [W39-gate2] arm alpha_0.25: alpha = 0.25
[INFO] Running OPERATIONAL PLANNING (DISTRIBUTED)...
[INFO]	 - Initializing...
[INFO] 		 - Distribution Network node 5...
[INFO] 			 - Running SMOPF, Network case33_1, 2025, Spring...
[INFO] 			 - Running SMOPF, Network case33_1, 2025, Summer...
[INFO] 			 - Running SMOPF, Network case33_1, 2025, Autumn...
[INFO] 			 - Running SMOPF, Network case33_1, 2025, Winter...
[INFO] 		 - Distribution Network node 7...
[INFO] 			 - Running SMOPF, Network case33_2, 2025, Spring...
[INFO] 			 - Running SMOPF, Network case33_2, 2025, Summer...
[INFO] 			 - Running SMOPF, Network case33_2, 2025, Autumn...
[INFO] 			 - Running SMOPF, Network case33_2, 2025, Winter...
[INFO] 		 - Distribution Network node 9...
[INFO] 			 - Running SMOPF, Network case33_3, 2025, Spring...
[INFO] 			 - Running SMOPF, Network case33_3, 2025, Summer...
[INFO] 			 - Running SMOPF, Network case33_3, 2025, Autumn...
[INFO] 			 - Running SMOPF, Network case33_3, 2025, Winter...
[INFO] 		 - Transmission Network...
[INFO] 			 - Running SMOPF, Network case9, 2025, Spring...
[INFO] 			 - Running SMOPF, Network case9, 2025, Summer...
[INFO] 			 - Running SMOPF, Network case9, 2025, Autumn...
[INFO] 			 - Running SMOPF, Network case9, 2025, Winter...
[INFO] 		 - Running Shared ESS optimization (subproblem)...
[INFO] 			 - Node 5...
[INFO] Shared ESS complementarity diagnostics for ESS node=5: ratio_max=0.000000e+00 n_periods=0 mu_final=9.090909e-12 s_obj=1.000000e-01 eps=1.000000e-05 bound=0.000000e+00 measured=0.000000e+00
[INFO] 			 - Node 7...
[INFO] Shared ESS complementarity diagnostics for ESS node=7: ratio_max=0.000000e+00 n_periods=0 mu_final=9.090909e-12 s_obj=1.000000e-01 eps=1.000000e-05 bound=0.000000e+00 measured=0.000000e+00
[INFO] 			 - Node 9...
[INFO] Shared ESS complementarity diagnostics for ESS node=9: ratio_max=0.000000e+00 n_periods=0 mu_final=9.090909e-12 s_obj=1.000000e-01 eps=1.000000e-05 bound=0.000000e+00 measured=0.000000e+00
[ADMM OF SCALE] n=16 | min=1.818361e+07 | median=4.265049e+07 | max=5.627452e+07 | selected=5.627452e+07
[ADMM OF SCALE] Largest weighted objectives:
  DSO node=9 year=2025 day=Winter | base=5.627452e+07 | scenario=1.949874e-09 | total=5.627452e+07
  DSO node=9 year=2025 day=Autumn | base=5.444314e+07 | scenario=2.720312e-09 | total=5.444314e+07
  DSO node=9 year=2025 day=Spring | base=5.073833e+07 | scenario=1.871975e-09 | total=5.073833e+07
  DSO node=5 year=2025 day=Spring | base=4.823452e+07 | scenario=2.273927e-09 | total=4.823452e+07
  DSO node=5 year=2025 day=Autumn | base=4.717801e+07 | scenario=2.707962e-09 | total=4.717801e+07
  DSO node=5 year=2025 day=Summer | base=4.603118e+07 | scenario=2.021122e-09 | total=4.603118e+07
  DSO node=5 year=2025 day=Winter | base=4.591204e+07 | scenario=2.787469e-09 | total=4.591204e+07
  DSO node=7 year=2025 day=Spring | base=4.273104e+07 | scenario=2.453140e-09 | total=4.273104e+07
  DSO node=9 year=2025 day=Summer | base=4.256994e+07 | scenario=1.859702e-09 | total=4.256994e+07
  DSO node=7 year=2025 day=Summer | base=4.158851e+07 | scenario=2.604672e-09 | total=4.158851e+07
[ADMM OF SCALE] Fixed sigma in force sigma_fixed=9.363536e+07 | sigma_computed=5.627452e+07 | ratio=6.009965e-01 | assert_factor=3.000
[ADMM ESSO AL SCALE] mode=sigma_over_median_block_weight | sigma=9.363536e+07 | median_block_weight=4.550000e+02 | al_scale_esso=2.057920e+05
[INFO] 	 - ADMM Iteration 1
[INFO] 		 - Updating distribution networks:
[INFO] 			 - Running SMOPF, Network case33_1, 2025, Spring...
[INFO] 			 - Running SMOPF, Network case33_1, 2025, Summer...
[INFO] 			 - Running SMOPF, Network case33_1, 2025, Autumn...
[INFO] 			 - Running SMOPF, Network case33_1, 2025, Winter...
[INFO] 			 - Running SMOPF, Network case33_2, 2025, Spring...
[INFO] 			 - Running SMOPF, Network case33_2, 2025, Summer...
[INFO] 			 - Running SMOPF, Network case33_2, 2025, Autumn...
[INFO] 			 - Running SMOPF, Network case33_2, 2025, Winter...
[INFO] 			 - Running SMOPF, Network case33_3, 2025, Spring...
[INFO] 			 - Running SMOPF, Network case33_3, 2025, Summer...
[INFO] 			 - Running SMOPF, Network case33_3, 2025, Autumn...
[INFO] 			 - Running SMOPF, Network case33_3, 2025, Winter...
[INFO] 		 - Updating transmission network...
[INFO] 			 - Running SMOPF, Network case9, 2025, Spring...
[INFO] 			 - Running SMOPF, Network case9, 2025, Summer...
[INFO] 			 - Running SMOPF, Network case9, 2025, Autumn...
[INFO] 			 - Running SMOPF, Network case9, 2025, Winter...
[TSO PROX] cycle=1 | updated_blocks=4 | held_failed_blocks=0 | V max=0.190853 | PF max=1.997319 | ESS max=0.000000
[TSO PROX][V MAX] node=7, year=2025, day=Winter, period=11 | dV=65.844368 kV | normalized=0.190853
[TSO PROX][PF MAX] node=7, year=2025, day=Autumn, period=10, type=P | delta=199.731873 MW | normalized=1.997319
[TSO PROX][ESS MAX] node=5, year=2025, day=Spring, period=0, type=P | delta=0.000000 MW | normalized=0.000000
[INFO] 		 - Updating SharedESS...
[INFO] 		 - Running Shared ESS optimization (subproblem)...
[INFO] 			 - Node 5...
[INFO] Shared ESS complementarity diagnostics for ESS node=5: ratio_max=0.000000e+00 n_periods=0 mu_final=9.090909e-12 s_obj=1.000000e-01 eps=1.000000e-05 bound=0.000000e+00 measured=0.000000e+00
[INFO] 			 - Node 7...
[INFO] Shared ESS complementarity diagnostics for ESS node=7: ratio_max=0.000000e+00 n_periods=0 mu_final=9.090909e-12 s_obj=1.000000e-01 eps=1.000000e-05 bound=0.000000e+00 measured=0.000000e+00
[INFO] 			 - Node 9...
[INFO] Shared ESS complementarity diagnostics for ESS node=9: ratio_max=0.000000e+00 n_periods=0 mu_final=9.090909e-12 s_obj=1.000000e-01 eps=1.000000e-05 bound=0.000000e+00 measured=0.000000e+00
[DIAG][V MAX] node=9, year=2025, day=Autumn, period=15 | TSO=379.499909 kV, DSO=310.500310 kV, diff=68.999599 kV, base=345.000000 kV, normalized=0.199999, rho(TSO/DSO)=0.007700/0.007700
[DIAG][PF MAX] node=7, year=2025, day=Summer, period=8, type=P | TSO=128.674650 MW, DSO=29.112793 MW, diff=99.561857 MW, rating=100.000000 MVA, normalized=0.995619, rho(TSO/DSO)=0.198000/0.198000
[INFO]		 - interface Vmag max primal residual failed. 0.199999 > 0.010000
[INFO]		 - interface Vmag mean primal residual failed. 0.120373 > 0.001000
[INFO]		 - interface PF max primal residual failed. 0.995619 > 0.010000
[INFO]		 - interface PF mean primal residual failed. 0.714587 > 0.001000
[INFO]		 - interface PF mean dual residual failed. 0.145987 > 0.010000
[INFO]		 - Recourse stationarity requires one previous successful cycle.
[ADMM RHO] V | primal max ratio=20.000 | primal mean ratio=120.373 | primal selected=120.373 | dual mean ratio=0.072 | increase threshold=5.0 | decrease threshold=5.0 | action=increased
[ADMM RHO BOYD] V | r=2.184228e+00 | s=1.681248e-02 | eps_pri=1.970907e-03 | eps_dual=1.706413e-04 | primal_ratio=1.108235e+03 | dual_ratio=9.852526e+01 | dual_ratio_balance=9.852526e+01 | rho_before=7.700000e-03 | rho_after=1.155000e-02 | gamma_before=0.000000e+00 | gamma_after=0.000000e+00 | action=increased
[ADMM RHO] PF | primal max ratio=99.562 | primal mean ratio=714.587 | primal selected=714.587 | dual mean ratio=14.599 | increase threshold=5.0 | decrease threshold=3.0 | action=held
[ADMM RHO BOYD] PF | r=1.835220e+01 | s=6.658262e+00 | eps_pri=1.927333e-03 | eps_dual=2.454137e-04 | primal_ratio=9.522073e+03 | dual_ratio=2.713077e+04 | dual_ratio_balance=2.713077e+04 | rho_before=1.980000e-01 | rho_after=1.980000e-01 | gamma_before=0.000000e+00 | gamma_after=0.000000e+00 | action=held
[ADMM RHO] ESS | primal max ratio=0.000 | primal mean ratio=0.000 | primal selected=0.000 | dual mean ratio=0.000 | increase threshold=5.0 | decrease threshold=5.0 | action=exempt (fixed)
[ADMM RHO BOYD] ESS | r=1.635903e-24 | s=1.156758e-26 | eps_pri=4.156922e-04 | eps_dual=4.156922e-04 | primal_ratio=3.935370e-21 | dual_ratio=2.782727e-23 | dual_ratio_balance=2.782727e-23 | rho_before=1.000000e-02 | rho_after=1.000000e-02 | gamma_before=0.000000e+00 | gamma_after=0.000000e+00 | action=exempt (fixed)
[INFO]		 - ADMM cycle 1 | Primal (V max/mean | PF max/mean | ESS max/mean) = 0.199999/0.120373 | 0.995619/0.714587 | 0.000000/0.000000 | Dual (V max/mean | PF max/mean | ESS max/mean) = 0.001470/0.000718 | 0.395469/0.145987 | 0.000000/0.000000 | Recourse change = N/A (tol. N/A) | Stable cycles = 0/10 | Penalty actions (V/PF/ESS) = increased/held/exempt (fixed)
[INFO] 	 - Iteration 1: 41.42 s
[INFO] 	 - ADMM Iteration 2
[INFO] 		 - Updating distribution networks:
[INFO] 			 - Running SMOPF, Network case33_1, 2025, Spring...
[INFO] 			 - Running SMOPF, Network case33_1, 2025, Summer...
[INFO] 			 - Running SMOPF, Network case33_1, 2025, Autumn...
[INFO] 			 - Running SMOPF, Network case33_1, 2025, Winter...
[INFO] 			 - Running SMOPF, Network case33_2, 2025, Spring...
[INFO] 			 - Running SMOPF, Network case33_2, 2025, Summer...
[INFO] 			 - Running SMOPF, Network case33_2, 2025, Autumn...
[INFO] 			 - Running SMOPF, Network case33_2, 2025, Winter...
[INFO] 			 - Running SMOPF, Network case33_3, 2025, Spring...
[INFO] 			 - Running SMOPF, Network case33_3, 2025, Summer...
[INFO] 			 - Running SMOPF, Network case33_3, 2025, Autumn...
[INFO] 			 - Running SMOPF, Network case33_3, 2025, Winter...
[INFO] 		 - Updating transmission network...
[INFO] 			 - Running SMOPF, Network case9, 2025, Spring...
[INFO] 			 - Running SMOPF, Network case9, 2025, Summer...
[INFO] 			 - Running SMOPF, Network case9, 2025, Autumn...
[INFO] 			 - Running SMOPF, Network case9, 2025, Winter...
[TSO PROX] cycle=2 | updated_blocks=4 | held_failed_blocks=0 | V max=0.079645 | PF max=0.914166 | ESS max=0.000000
[TSO PROX][V MAX] node=9, year=2025, day=Autumn, period=4 | dV=27.477600 kV | normalized=0.079645
[TSO PROX][PF MAX] node=9, year=2025, day=Summer, period=23, type=Q | delta=137.124839 MVAr | normalized=0.914166
[TSO PROX][ESS MAX] node=5, year=2025, day=Spring, period=0, type=P | delta=0.000000 MW | normalized=0.000000
[INFO] 		 - Updating SharedESS...
[INFO] 		 - Running Shared ESS optimization (subproblem)...
[INFO] 			 - Node 5...
[INFO] Shared ESS complementarity diagnostics for ESS node=5: ratio_max=0.000000e+00 n_periods=0 mu_final=9.090909e-12 s_obj=1.000000e-01 eps=1.000000e-05 bound=0.000000e+00 measured=0.000000e+00
[INFO] 			 - Node 7...
[INFO] Shared ESS complementarity diagnostics for ESS node=7: ratio_max=0.000000e+00 n_periods=0 mu_final=9.090909e-12 s_obj=1.000000e-01 eps=1.000000e-05 bound=0.000000e+00 measured=0.000000e+00
[INFO] 			 - Node 9...
[INFO] Shared ESS complementarity diagnostics for ESS node=9: ratio_max=0.000000e+00 n_periods=0 mu_final=9.090909e-12 s_obj=1.000000e-01 eps=1.000000e-05 bound=0.000000e+00 measured=0.000000e+00
[DIAG][V MAX] node=9, year=2025, day=Summer, period=22 | TSO=361.509718 kV, DSO=324.871156 kV, diff=36.638562 kV, base=345.000000 kV, normalized=0.106199, rho(TSO/DSO)=0.011550/0.011550
[DIAG][PF MAX] node=5, year=2025, day=Summer, period=14, type=P | TSO=11.611277 MW, DSO=-6.895009 MW, diff=18.506287 MW, rating=200.000000 MVA, normalized=0.092531, rho(TSO/DSO)=0.198000/0.198000
[INFO]		 - interface Vmag max primal residual failed. 0.106199 > 0.010000
[INFO]		 - interface Vmag mean primal residual failed. 0.041978 > 0.001000
[INFO]		 - interface PF max primal residual failed. 0.092531 > 0.010000
[INFO]		 - interface PF mean primal residual failed. 0.006512 > 0.001000
[INFO]		 - interface PF mean dual residual failed. 0.074684 > 0.010000
[RECOURSE JUMP] cycle=2 | abs_change=4.626478e+08 | tol=9.452016e+04 | signed_change=-4.626478e+08
[RECOURSE JUMP] Reconciliation | previous=9.452016e+08 | current=4.825538e+08 | block_delta=-4.626478e+08 | mismatch=+5.960464e-07
[RECOURSE JUMP] Aggregate signed changes:
  TSO | delta=-4.346462e+08
  DSO node=5 | delta=-1.704472e+07
  DSO node=9 | delta=-1.129592e+07
  DSO node=7 | delta=+3.390723e+05
  SALVAGE | delta=+0.000000e+00
[RECOURSE JUMP] Largest 10 block changes:
  TSO node=None year=2025 day=Spring | previous=2.519279e+08 | current=1.039828e+08 | delta=-1.479451e+08 | abs_delta=1.479451e+08
    [RECOURSE JUMP][TSO PROX] year=2025 day=Spring | V max=0.069328 | PF max=0.839977 | ESS max=0.000000
    [RECOURSE COMPONENTS] gen=-1.479451e+08 | flex=+0.000000e+00 | load_curt=+0.000000e+00 | res_curt=+0.000000e+00 | ess_usage=+0.000000e+00 | slacks=-4.602332e-08 | ess_comp=+0.000000e+00
    [SLACK COMPONENTS] voltage=-4.602336e-08 | node_P=+0.000000e+00 | node_Q=+0.000000e+00 | branch_ij=+0.000000e+00 | branch_ji=+0.000000e+00 | flex_P=+0.000000e+00 | flex_Q=+0.000000e+00
    [SLACK COMPONENT CHECK] classified_delta=-4.602336e-08 | objective_slack_delta=-4.602332e-08 | mismatch=-4.263256e-14
    [RECOURSE COMPONENT CHECK] classified_delta=-1.479451e+08 | block_delta=-1.479451e+08 | mismatch=+2.384186e-07
  TSO node=None year=2025 day=Summer | previous=2.186092e+08 | current=1.082158e+08 | delta=-1.103934e+08 | abs_delta=1.103934e+08
    [RECOURSE JUMP][TSO PROX] year=2025 day=Summer | V max=0.079618 | PF max=0.914166 | ESS max=0.000000
    [RECOURSE COMPONENTS] gen=-1.103934e+08 | flex=+0.000000e+00 | load_curt=+0.000000e+00 | res_curt=+0.000000e+00 | ess_usage=+0.000000e+00 | slacks=-5.892649e-08 | ess_comp=+0.000000e+00
    [SLACK COMPONENTS] voltage=-5.892652e-08 | node_P=+0.000000e+00 | node_Q=+0.000000e+00 | branch_ij=+0.000000e+00 | branch_ji=+0.000000e+00 | flex_P=+0.000000e+00 | flex_Q=+0.000000e+00
    [SLACK COMPONENT CHECK] classified_delta=-5.892652e-08 | objective_slack_delta=-5.892649e-08 | mismatch=-2.842171e-14
    [RECOURSE COMPONENT CHECK] classified_delta=-1.103934e+08 | block_delta=-1.103934e+08 | mismatch=-4.917383e-07
  TSO node=None year=2025 day=Winter | previous=1.975478e+08 | current=1.012777e+08 | delta=-9.627011e+07 | abs_delta=9.627011e+07
    [RECOURSE JUMP][TSO PROX] year=2025 day=Winter | V max=0.066961 | PF max=0.843733 | ESS max=0.000000
    [RECOURSE COMPONENTS] gen=-9.627028e+07 | flex=+0.000000e+00 | load_curt=+0.000000e+00 | res_curt=+0.000000e+00 | ess_usage=+0.000000e+00 | slacks=+1.748294e+02 | ess_comp=+0.000000e+00
    [SLACK COMPONENTS] voltage=+1.748294e+02 | node_P=+0.000000e+00 | node_Q=+0.000000e+00 | branch_ij=+0.000000e+00 | branch_ji=+0.000000e+00 | flex_P=+0.000000e+00 | flex_Q=+0.000000e+00
    [SLACK COMPONENT CHECK] classified_delta=+1.748294e+02 | objective_slack_delta=+1.748294e+02 | mismatch=+8.526513e-14
    [RECOURSE COMPONENT CHECK] classified_delta=-9.627011e+07 | block_delta=-9.627011e+07 | mismatch=-1.639128e-07
  TSO node=None year=2025 day=Autumn | previous=1.941589e+08 | current=1.141212e+08 | delta=-8.003769e+07 | abs_delta=8.003769e+07
    [RECOURSE JUMP][TSO PROX] year=2025 day=Autumn | V max=0.079645 | PF max=0.889050 | ESS max=0.000000
    [RECOURSE COMPONENTS] gen=-8.003769e+07 | flex=+0.000000e+00 | load_curt=+0.000000e+00 | res_curt=+0.000000e+00 | ess_usage=+0.000000e+00 | slacks=-7.307906e-08 | ess_comp=+0.000000e+00
    [SLACK COMPONENTS] voltage=-7.307910e-08 | node_P=+0.000000e+00 | node_Q=+0.000000e+00 | branch_ij=+0.000000e+00 | branch_ji=+0.000000e+00 | flex_P=+0.000000e+00 | flex_Q=+0.000000e+00
    [SLACK COMPONENT CHECK] classified_delta=-7.307910e-08 | objective_slack_delta=-7.307906e-08 | mismatch=-4.263256e-14
    [RECOURSE COMPONENT CHECK] classified_delta=-8.003769e+07 | block_delta=-8.003769e+07 | mismatch=-3.129244e-07
  DSO node=5 year=2025 day=Summer | previous=9.969611e+06 | current=1.511536e+06 | delta=-8.458075e+06 | abs_delta=8.458075e+06
    [RECOURSE COMPONENTS] gen=+0.000000e+00 | flex=-8.371269e+06 | load_curt=+0.000000e+00 | res_curt=+0.000000e+00 | ess_usage=+0.000000e+00 | slacks=-9.674918e-02 | ess_comp=+0.000000e+00
    [SLACK COMPONENTS] voltage=-5.727459e-04 | node_P=+0.000000e+00 | node_Q=+0.000000e+00 | branch_ij=+0.000000e+00 | branch_ji=+0.000000e+00 | flex_P=-9.617643e-02 | flex_Q=+0.000000e+00
    [SLACK COMPONENT CHECK] classified_delta=-9.674918e-02 | objective_slack_delta=-9.674918e-02 | mismatch=+1.740830e-13
    [RECOURSE COMPONENT CHECK] classified_delta=-8.371269e+06 | block_delta=-8.458075e+06 | mismatch=+8.680658e+04
  DSO node=9 year=2025 day=Spring | previous=1.062535e+07 | current=2.987712e+06 | delta=-7.637642e+06 | abs_delta=7.637642e+06
    [RECOURSE COMPONENTS] gen=+0.000000e+00 | flex=-7.612810e+06 | load_curt=+0.000000e+00 | res_curt=+0.000000e+00 | ess_usage=+0.000000e+00 | slacks=-4.417426e-01 | ess_comp=+0.000000e+00
    [SLACK COMPONENTS] voltage=-3.235481e-03 | node_P=+0.000000e+00 | node_Q=+0.000000e+00 | branch_ij=+0.000000e+00 | branch_ji=+0.000000e+00 | flex_P=-4.385071e-01 | flex_Q=+0.000000e+00
    [SLACK COMPONENT CHECK] classified_delta=-4.417426e-01 | objective_slack_delta=-4.417426e-01 | mismatch=-3.588241e-13
    [RECOURSE COMPONENT CHECK] classified_delta=-7.612810e+06 | block_delta=-7.637642e+06 | mismatch=+2.483198e+04
  DSO node=5 year=2025 day=Autumn | previous=7.500767e+06 | current=3.112740e+06 | delta=-4.388027e+06 | abs_delta=4.388027e+06
    [RECOURSE COMPONENTS] gen=+0.000000e+00 | flex=-4.077359e+06 | load_curt=+0.000000e+00 | res_curt=+0.000000e+00 | ess_usage=+0.000000e+00 | slacks=-1.324885e-01 | ess_comp=+0.000000e+00
    [SLACK COMPONENTS] voltage=-1.282971e-03 | node_P=+0.000000e+00 | node_Q=+0.000000e+00 | branch_ij=+0.000000e+00 | branch_ji=+0.000000e+00 | flex_P=-1.312055e-01 | flex_Q=+0.000000e+00
    [SLACK COMPONENT CHECK] classified_delta=-1.324885e-01 | objective_slack_delta=-1.324885e-01 | mismatch=-7.425172e-13
    [RECOURSE COMPONENT CHECK] classified_delta=-4.077359e+06 | block_delta=-4.388027e+06 | mismatch=+3.106680e+05
  DSO node=9 year=2025 day=Winter | previous=8.751960e+06 | current=4.911985e+06 | delta=-3.839976e+06 | abs_delta=3.839976e+06
    [RECOURSE COMPONENTS] gen=+0.000000e+00 | flex=-3.922774e+06 | load_curt=+0.000000e+00 | res_curt=+0.000000e+00 | ess_usage=+0.000000e+00 | slacks=-3.977385e-02 | ess_comp=+0.000000e+00
    [SLACK COMPONENTS] voltage=+9.705300e-05 | node_P=+0.000000e+00 | node_Q=+0.000000e+00 | branch_ij=+0.000000e+00 | branch_ji=+0.000000e+00 | flex_P=-3.987090e-02 | flex_Q=+0.000000e+00
    [SLACK COMPONENT CHECK] classified_delta=-3.977385e-02 | objective_slack_delta=-3.977385e-02 | mismatch=+7.354117e-13
    [RECOURSE COMPONENT CHECK] classified_delta=-3.922774e+06 | block_delta=-3.839976e+06 | mismatch=-8.279852e+04
  DSO node=5 year=2025 day=Winter | previous=6.129187e+06 | current=2.330443e+06 | delta=-3.798745e+06 | abs_delta=3.798745e+06
    [RECOURSE COMPONENTS] gen=+0.000000e+00 | flex=-3.750475e+06 | load_curt=+0.000000e+00 | res_curt=+0.000000e+00 | ess_usage=+0.000000e+00 | slacks=-9.244242e-02 | ess_comp=+0.000000e+00
    [SLACK COMPONENTS] voltage=-9.429284e-04 | node_P=+0.000000e+00 | node_Q=+0.000000e+00 | branch_ij=+0.000000e+00 | branch_ji=+0.000000e+00 | flex_P=-9.149949e-02 | flex_Q=+0.000000e+00
    [SLACK COMPONENT CHECK] classified_delta=-9.244242e-02 | objective_slack_delta=-9.244242e-02 | mismatch=-9.130474e-13
    [RECOURSE COMPONENT CHECK] classified_delta=-3.750475e+06 | block_delta=-3.798745e+06 | mismatch=+4.826920e+04
  DSO node=7 year=2025 day=Spring | previous=3.556925e+06 | current=4.865404e+06 | delta=+1.308479e+06 | abs_delta=1.308479e+06
    [RECOURSE COMPONENTS] gen=+0.000000e+00 | flex=+1.230709e+06 | load_curt=+0.000000e+00 | res_curt=+0.000000e+00 | ess_usage=+0.000000e+00 | slacks=-4.337783e-01 | ess_comp=+0.000000e+00
    [SLACK COMPONENTS] voltage=-5.503189e-03 | node_P=+0.000000e+00 | node_Q=+0.000000e+00 | branch_ij=+0.000000e+00 | branch_ji=+0.000000e+00 | flex_P=-4.282751e-01 | flex_Q=+0.000000e+00
    [SLACK COMPONENT CHECK] classified_delta=-4.337783e-01 | objective_slack_delta=-4.337783e-01 | mismatch=+1.705303e-13
    [RECOURSE COMPONENT CHECK] classified_delta=+1.230709e+06 | block_delta=+1.308479e+06 | mismatch=-7.777042e+04
[INFO]		 - Recourse stationarity failed. 462647805.623111 > 94520.162177
[ADMM RHO] V | primal max ratio=10.620 | primal mean ratio=41.978 | primal selected=41.978 | dual mean ratio=0.094 | increase threshold=5.0 | decrease threshold=5.0 | action=increased
[ADMM RHO BOYD] V | r=7.841381e-01 | s=7.220050e-03 | eps_pri=1.981374e-03 | eps_dual=1.701854e-04 | primal_ratio=3.957547e+02 | dual_ratio=4.242462e+01 | dual_ratio_balance=4.242462e+01 | rho_before=1.155000e-02 | rho_after=1.732500e-02 | gamma_before=0.000000e+00 | gamma_after=0.000000e+00 | action=increased
[ADMM RHO] PF | primal max ratio=9.253 | primal mean ratio=6.512 | primal selected=9.253 | dual mean ratio=7.468 | increase threshold=5.0 | decrease threshold=3.0 | action=decreased
[ADMM RHO BOYD] PF | r=2.658249e-01 | s=2.516804e+00 | eps_pri=9.724546e-04 | eps_dual=2.430968e-04 | primal_ratio=2.733546e+02 | dual_ratio=1.035310e+04 | dual_ratio_balance=1.035310e+04 | rho_before=1.980000e-01 | rho_after=1.320000e-01 | gamma_before=0.000000e+00 | gamma_after=0.000000e+00 | action=decreased
[ADMM RHO] ESS | primal max ratio=0.000 | primal mean ratio=0.000 | primal selected=0.000 | dual mean ratio=0.000 | increase threshold=5.0 | decrease threshold=5.0 | action=exempt (fixed)
[ADMM RHO BOYD] ESS | r=9.105569e-25 | s=1.800619e-26 | eps_pri=4.156922e-04 | eps_dual=4.156922e-04 | primal_ratio=2.190459e-21 | dual_ratio=4.331615e-23 | dual_ratio_balance=4.331615e-23 | rho_before=1.000000e-02 | rho_after=1.000000e-02 | gamma_before=0.000000e+00 | gamma_after=0.000000e+00 | action=exempt (fixed)
[INFO]		 - ADMM cycle 2 | Primal (V max/mean | PF max/mean | ESS max/mean) = 0.106199/0.041978 | 0.092531/0.006512 | 0.000000/0.000000 | Dual (V max/mean | PF max/mean | ESS max/mean) = 0.002310/0.000935 | 0.249177/0.074684 | 0.000000/0.000000 | Recourse change = 462647805.623111 (tol. 94520.162177) | Stable cycles = 0/10 | Penalty actions (V/PF/ESS) = increased/decreased/exempt (fixed)
[INFO] 	 - Iteration 2: 39.61 s
[WARNING] 	 - ADMM did NOT converge in 2 iterations!
[INFO] 	 - Execution time: 117.42 s
[P5.15-G s51limit_alpha_0.25] recourse=482553816.1513592 cycles=2 solves=57 local_failures=0 wall=118s
   EFC/day max across nodes: None (threshold 1.4612)
   detector grouping clean: True (observed 9 / expected 9)
   network failures: {'n_blocks': 0, 'classes': {'recovered_tier1': 0, 'recovered_tier2': 0, 'unrecovered': 0, 'not_attempted': 0, 'indeterminate': 0, 'recovered': 0}, 'n_frozen_snapshots': 0, 'n_esso_recovery_events': 0, 'path': 'data/SRP1/Results/P515S51/2x2_limit_gate/alpha_sweep_r1/arm_alpha_0.25/network_failures_s51limit_alpha_0.25.jsonl'}
18:11:31 [W39-gate2] arm alpha_0.25: cycles=2 rms_mw=2.48311302275417 charge=5051.840037383292
18:11:31 [W39-gate2] arm alpha_0.25: solves=57 per-DSO rms={'5': 2.0886883068814135, '7': 2.477231293897483, '9': 2.48311302275417} E|d|=151.1776 Ecurt=2127.1344 Edown=2737.4353 settle_dev=-215.1949 capture_errors=[]
18:11:31 [W39-gate2] arm alpha_0.5: alpha = 0.5
[INFO] Running OPERATIONAL PLANNING (DISTRIBUTED)...
[INFO]	 - Initializing...
[INFO] 		 - Distribution Network node 5...
[INFO] 			 - Running SMOPF, Network case33_1, 2025, Spring...
[INFO] 			 - Running SMOPF, Network case33_1, 2025, Summer...
[INFO] 			 - Running SMOPF, Network case33_1, 2025, Autumn...
[INFO] 			 - Running SMOPF, Network case33_1, 2025, Winter...
[INFO] 		 - Distribution Network node 7...
[INFO] 			 - Running SMOPF, Network case33_2, 2025, Spring...
[INFO] 			 - Running SMOPF, Network case33_2, 2025, Summer...
[INFO] 			 - Running SMOPF, Network case33_2, 2025, Autumn...
[INFO] 			 - Running SMOPF, Network case33_2, 2025, Winter...
[INFO] 		 - Distribution Network node 9...
[INFO] 			 - Running SMOPF, Network case33_3, 2025, Spring...
[INFO] 			 - Running SMOPF, Network case33_3, 2025, Summer...
[INFO] 			 - Running SMOPF, Network case33_3, 2025, Autumn...
[INFO] 			 - Running SMOPF, Network case33_3, 2025, Winter...
[INFO] 		 - Transmission Network...
[INFO] 			 - Running SMOPF, Network case9, 2025, Spring...
[INFO] 			 - Running SMOPF, Network case9, 2025, Summer...
[INFO] 			 - Running SMOPF, Network case9, 2025, Autumn...
[INFO] 			 - Running SMOPF, Network case9, 2025, Winter...
[INFO] 		 - Running Shared ESS optimization (subproblem)...
[INFO] 			 - Node 5...
[INFO] Shared ESS complementarity diagnostics for ESS node=5: ratio_max=0.000000e+00 n_periods=0 mu_final=9.090909e-12 s_obj=1.000000e-01 eps=1.000000e-05 bound=0.000000e+00 measured=0.000000e+00
[INFO] 			 - Node 7...
[INFO] Shared ESS complementarity diagnostics for ESS node=7: ratio_max=0.000000e+00 n_periods=0 mu_final=9.090909e-12 s_obj=1.000000e-01 eps=1.000000e-05 bound=0.000000e+00 measured=0.000000e+00
[INFO] 			 - Node 9...
[INFO] Shared ESS complementarity diagnostics for ESS node=9: ratio_max=0.000000e+00 n_periods=0 mu_final=9.090909e-12 s_obj=1.000000e-01 eps=1.000000e-05 bound=0.000000e+00 measured=0.000000e+00
[ADMM OF SCALE] n=16 | min=1.818361e+07 | median=4.265049e+07 | max=5.627439e+07 | selected=5.627439e+07
[ADMM OF SCALE] Largest weighted objectives:
  DSO node=9 year=2025 day=Winter | base=5.627439e+07 | scenario=1.949159e-09 | total=5.627439e+07
  DSO node=9 year=2025 day=Autumn | base=5.444314e+07 | scenario=2.720312e-09 | total=5.444314e+07
  DSO node=9 year=2025 day=Spring | base=5.073812e+07 | scenario=1.869747e-09 | total=5.073812e+07
  DSO node=5 year=2025 day=Spring | base=4.823452e+07 | scenario=2.273929e-09 | total=4.823452e+07
  DSO node=5 year=2025 day=Autumn | base=4.717801e+07 | scenario=2.707960e-09 | total=4.717801e+07
  DSO node=5 year=2025 day=Summer | base=4.603118e+07 | scenario=2.021123e-09 | total=4.603118e+07
  DSO node=5 year=2025 day=Winter | base=4.591204e+07 | scenario=2.787469e-09 | total=4.591204e+07
  DSO node=7 year=2025 day=Spring | base=4.273104e+07 | scenario=2.453168e-09 | total=4.273104e+07
  DSO node=9 year=2025 day=Summer | base=4.256994e+07 | scenario=1.859702e-09 | total=4.256994e+07
  DSO node=7 year=2025 day=Summer | base=4.158851e+07 | scenario=2.604672e-09 | total=4.158851e+07
[ADMM OF SCALE] Fixed sigma in force sigma_fixed=9.363536e+07 | sigma_computed=5.627439e+07 | ratio=6.009950e-01 | assert_factor=3.000
[ADMM ESSO AL SCALE] mode=sigma_over_median_block_weight | sigma=9.363536e+07 | median_block_weight=4.550000e+02 | al_scale_esso=2.057920e+05
[INFO] 	 - ADMM Iteration 1
[INFO] 		 - Updating distribution networks:
[INFO] 			 - Running SMOPF, Network case33_1, 2025, Spring...
[INFO] 			 - Running SMOPF, Network case33_1, 2025, Summer...
[INFO] 			 - Running SMOPF, Network case33_1, 2025, Autumn...
[INFO] 			 - Running SMOPF, Network case33_1, 2025, Winter...
[INFO] 			 - Running SMOPF, Network case33_2, 2025, Spring...
[INFO] 			 - Running SMOPF, Network case33_2, 2025, Summer...
[INFO] 			 - Running SMOPF, Network case33_2, 2025, Autumn...
[INFO] 			 - Running SMOPF, Network case33_2, 2025, Winter...
[INFO] 			 - Running SMOPF, Network case33_3, 2025, Spring...
[INFO] 			 - Running SMOPF, Network case33_3, 2025, Summer...
[INFO] 			 - Running SMOPF, Network case33_3, 2025, Autumn...
[INFO] 			 - Running SMOPF, Network case33_3, 2025, Winter...
[INFO] 		 - Updating transmission network...
[INFO] 			 - Running SMOPF, Network case9, 2025, Spring...
[INFO] 			 - Running SMOPF, Network case9, 2025, Summer...
[INFO] 			 - Running SMOPF, Network case9, 2025, Autumn...
[INFO] 			 - Running SMOPF, Network case9, 2025, Winter...
[TSO PROX] cycle=1 | updated_blocks=4 | held_failed_blocks=0 | V max=0.190853 | PF max=1.997319 | ESS max=0.000000
[TSO PROX][V MAX] node=7, year=2025, day=Winter, period=11 | dV=65.844368 kV | normalized=0.190853
[TSO PROX][PF MAX] node=7, year=2025, day=Autumn, period=10, type=P | delta=199.731873 MW | normalized=1.997319
[TSO PROX][ESS MAX] node=5, year=2025, day=Spring, period=0, type=P | delta=0.000000 MW | normalized=0.000000
[INFO] 		 - Updating SharedESS...
[INFO] 		 - Running Shared ESS optimization (subproblem)...
[INFO] 			 - Node 5...
[INFO] Shared ESS complementarity diagnostics for ESS node=5: ratio_max=0.000000e+00 n_periods=0 mu_final=9.090909e-12 s_obj=1.000000e-01 eps=1.000000e-05 bound=0.000000e+00 measured=0.000000e+00
[INFO] 			 - Node 7...
[INFO] Shared ESS complementarity diagnostics for ESS node=7: ratio_max=0.000000e+00 n_periods=0 mu_final=9.090909e-12 s_obj=1.000000e-01 eps=1.000000e-05 bound=0.000000e+00 measured=0.000000e+00
[INFO] 			 - Node 9...
[INFO] Shared ESS complementarity diagnostics for ESS node=9: ratio_max=0.000000e+00 n_periods=0 mu_final=9.090909e-12 s_obj=1.000000e-01 eps=1.000000e-05 bound=0.000000e+00 measured=0.000000e+00
[DIAG][V MAX] node=9, year=2025, day=Autumn, period=15 | TSO=379.499909 kV, DSO=310.500310 kV, diff=68.999599 kV, base=345.000000 kV, normalized=0.199999, rho(TSO/DSO)=0.007700/0.007700
[DIAG][PF MAX] node=7, year=2025, day=Summer, period=8, type=P | TSO=128.706522 MW, DSO=29.144724 MW, diff=99.561798 MW, rating=100.000000 MVA, normalized=0.995618, rho(TSO/DSO)=0.198000/0.198000
[INFO]		 - interface Vmag max primal residual failed. 0.199999 > 0.010000
[INFO]		 - interface Vmag mean primal residual failed. 0.120395 > 0.001000
[INFO]		 - interface PF max primal residual failed. 0.995618 > 0.010000
[INFO]		 - interface PF mean primal residual failed. 0.714613 > 0.001000
[INFO]		 - interface PF mean dual residual failed. 0.145975 > 0.010000
[INFO]		 - Recourse stationarity requires one previous successful cycle.
[ADMM RHO] V | primal max ratio=20.000 | primal mean ratio=120.395 | primal selected=120.395 | dual mean ratio=0.072 | increase threshold=5.0 | decrease threshold=5.0 | action=increased
[ADMM RHO BOYD] V | r=2.184532e+00 | s=1.681280e-02 | eps_pri=1.970862e-03 | eps_dual=1.706415e-04 | primal_ratio=1.108415e+03 | dual_ratio=9.852704e+01 | dual_ratio_balance=9.852704e+01 | rho_before=7.700000e-03 | rho_after=1.155000e-02 | gamma_before=0.000000e+00 | gamma_after=0.000000e+00 | action=increased
[ADMM RHO] PF | primal max ratio=99.562 | primal mean ratio=714.613 | primal selected=714.613 | dual mean ratio=14.597 | increase threshold=5.0 | decrease threshold=3.0 | action=held
[ADMM RHO BOYD] PF | r=1.835294e+01 | s=6.658538e+00 | eps_pri=1.927541e-03 | eps_dual=2.453174e-04 | primal_ratio=9.521428e+03 | dual_ratio=2.714254e+04 | dual_ratio_balance=2.714254e+04 | rho_before=1.980000e-01 | rho_after=1.980000e-01 | gamma_before=0.000000e+00 | gamma_after=0.000000e+00 | action=held
[ADMM RHO] ESS | primal max ratio=0.000 | primal mean ratio=0.000 | primal selected=0.000 | dual mean ratio=0.000 | increase threshold=5.0 | decrease threshold=5.0 | action=exempt (fixed)
[ADMM RHO BOYD] ESS | r=1.635903e-24 | s=1.156758e-26 | eps_pri=4.156922e-04 | eps_dual=4.156922e-04 | primal_ratio=3.935370e-21 | dual_ratio=2.782727e-23 | dual_ratio_balance=2.782727e-23 | rho_before=1.000000e-02 | rho_after=1.000000e-02 | gamma_before=0.000000e+00 | gamma_after=0.000000e+00 | action=exempt (fixed)
[INFO]		 - ADMM cycle 1 | Primal (V max/mean | PF max/mean | ESS max/mean) = 0.199999/0.120395 | 0.995618/0.714613 | 0.000000/0.000000 | Dual (V max/mean | PF max/mean | ESS max/mean) = 0.001470/0.000719 | 0.395469/0.145975 | 0.000000/0.000000 | Recourse change = N/A (tol. N/A) | Stable cycles = 0/10 | Penalty actions (V/PF/ESS) = increased/held/exempt (fixed)
[INFO] 	 - Iteration 1: 43.51 s
[INFO] 	 - ADMM Iteration 2
[INFO] 		 - Updating distribution networks:
[INFO] 			 - Running SMOPF, Network case33_1, 2025, Spring...
[INFO] 			 - Running SMOPF, Network case33_1, 2025, Summer...
[INFO] 			 - Running SMOPF, Network case33_1, 2025, Autumn...
[INFO] 			 - Running SMOPF, Network case33_1, 2025, Winter...
[INFO] 			 - Running SMOPF, Network case33_2, 2025, Spring...
[INFO] 			 - Running SMOPF, Network case33_2, 2025, Summer...
[INFO] 			 - Running SMOPF, Network case33_2, 2025, Autumn...
[INFO] 			 - Running SMOPF, Network case33_2, 2025, Winter...
[INFO] 			 - Running SMOPF, Network case33_3, 2025, Spring...
[INFO] 			 - Running SMOPF, Network case33_3, 2025, Summer...
[INFO] 			 - Running SMOPF, Network case33_3, 2025, Autumn...
[INFO] 			 - Running SMOPF, Network case33_3, 2025, Winter...
[INFO] 		 - Updating transmission network...
[INFO] 			 - Running SMOPF, Network case9, 2025, Spring...
[INFO] 			 - Running SMOPF, Network case9, 2025, Summer...
[INFO] 			 - Running SMOPF, Network case9, 2025, Autumn...
[INFO] 			 - Running SMOPF, Network case9, 2025, Winter...
[TSO PROX] cycle=2 | updated_blocks=4 | held_failed_blocks=0 | V max=0.080988 | PF max=0.914482 | ESS max=0.000000
[TSO PROX][V MAX] node=9, year=2025, day=Summer, period=22 | dV=27.940720 kV | normalized=0.080988
[TSO PROX][PF MAX] node=9, year=2025, day=Summer, period=23, type=Q | delta=137.172329 MVAr | normalized=0.914482
[TSO PROX][ESS MAX] node=5, year=2025, day=Spring, period=0, type=P | delta=0.000000 MW | normalized=0.000000
[INFO] 		 - Updating SharedESS...
[INFO] 		 - Running Shared ESS optimization (subproblem)...
[INFO] 			 - Node 5...
[INFO] Shared ESS complementarity diagnostics for ESS node=5: ratio_max=0.000000e+00 n_periods=0 mu_final=9.090909e-12 s_obj=1.000000e-01 eps=1.000000e-05 bound=0.000000e+00 measured=0.000000e+00
[INFO] 			 - Node 7...
[INFO] Shared ESS complementarity diagnostics for ESS node=7: ratio_max=0.000000e+00 n_periods=0 mu_final=9.090909e-12 s_obj=1.000000e-01 eps=1.000000e-05 bound=0.000000e+00 measured=0.000000e+00
[INFO] 			 - Node 9...
[INFO] Shared ESS complementarity diagnostics for ESS node=9: ratio_max=0.000000e+00 n_periods=0 mu_final=9.090909e-12 s_obj=1.000000e-01 eps=1.000000e-05 bound=0.000000e+00 measured=0.000000e+00
[DIAG][V MAX] node=9, year=2025, day=Summer, period=22 | TSO=361.686873 kV, DSO=324.896221 kV, diff=36.790652 kV, base=345.000000 kV, normalized=0.106640, rho(TSO/DSO)=0.011550/0.011550
[DIAG][PF MAX] node=5, year=2025, day=Summer, period=14, type=P | TSO=11.808984 MW, DSO=-6.698001 MW, diff=18.506985 MW, rating=200.000000 MVA, normalized=0.092535, rho(TSO/DSO)=0.198000/0.198000
[INFO]		 - interface Vmag max primal residual failed. 0.106640 > 0.010000
[INFO]		 - interface Vmag mean primal residual failed. 0.041983 > 0.001000
[INFO]		 - interface PF max primal residual failed. 0.092535 > 0.010000
[INFO]		 - interface PF mean primal residual failed. 0.006475 > 0.001000
[INFO]		 - interface PF mean dual residual failed. 0.074649 > 0.010000
[RECOURSE JUMP] cycle=2 | abs_change=4.637457e+08 | tol=9.480844e+04 | signed_change=-4.637457e+08
[RECOURSE JUMP] Reconciliation | previous=9.480844e+08 | current=4.843387e+08 | block_delta=-4.637457e+08 | mismatch=-1.788139e-07
[RECOURSE JUMP] Aggregate signed changes:
  TSO | delta=-4.335557e+08
  DSO node=5 | delta=-1.834768e+07
  DSO node=9 | delta=-1.094514e+07
  DSO node=7 | delta=-8.971539e+05
  SALVAGE | delta=+0.000000e+00
[RECOURSE JUMP] Largest 10 block changes:
  TSO node=None year=2025 day=Spring | previous=2.518568e+08 | current=1.039978e+08 | delta=-1.478590e+08 | abs_delta=1.478590e+08
    [RECOURSE JUMP][TSO PROX] year=2025 day=Spring | V max=0.069338 | PF max=0.838076 | ESS max=0.000000
    [RECOURSE COMPONENTS] gen=-1.478590e+08 | flex=+0.000000e+00 | load_curt=+0.000000e+00 | res_curt=+0.000000e+00 | ess_usage=+0.000000e+00 | slacks=-4.434246e-08 | ess_comp=+0.000000e+00
    [SLACK COMPONENTS] voltage=-4.434251e-08 | node_P=+0.000000e+00 | node_Q=+0.000000e+00 | branch_ij=+0.000000e+00 | branch_ji=+0.000000e+00 | flex_P=+0.000000e+00 | flex_Q=+0.000000e+00
    [SLACK COMPONENT CHECK] classified_delta=-4.434251e-08 | objective_slack_delta=-4.434246e-08 | mismatch=-4.973799e-14
    [RECOURSE COMPONENT CHECK] classified_delta=-1.478590e+08 | block_delta=-1.478590e+08 | mismatch=+2.384186e-07
  TSO node=None year=2025 day=Summer | previous=2.189009e+08 | current=1.086872e+08 | delta=-1.102137e+08 | abs_delta=1.102137e+08
    [RECOURSE JUMP][TSO PROX] year=2025 day=Summer | V max=0.080988 | PF max=0.914482 | ESS max=0.000000
    [RECOURSE COMPONENTS] gen=-1.102137e+08 | flex=+0.000000e+00 | load_curt=+0.000000e+00 | res_curt=+0.000000e+00 | ess_usage=+0.000000e+00 | slacks=-5.855855e-08 | ess_comp=+0.000000e+00
    [SLACK COMPONENTS] voltage=-5.855854e-08 | node_P=+0.000000e+00 | node_Q=+0.000000e+00 | branch_ij=+0.000000e+00 | branch_ji=+0.000000e+00 | flex_P=+0.000000e+00 | flex_Q=+0.000000e+00
    [SLACK COMPONENT CHECK] classified_delta=-5.855854e-08 | objective_slack_delta=-5.855855e-08 | mismatch=+7.105427e-15
    [RECOURSE COMPONENT CHECK] classified_delta=-1.102137e+08 | block_delta=-1.102137e+08 | mismatch=-1.937151e-07
  TSO node=None year=2025 day=Winter | previous=1.975684e+08 | current=1.019914e+08 | delta=-9.557703e+07 | abs_delta=9.557703e+07
    [RECOURSE JUMP][TSO PROX] year=2025 day=Winter | V max=0.067071 | PF max=0.843729 | ESS max=0.000000
    [RECOURSE COMPONENTS] gen=-9.557720e+07 | flex=+0.000000e+00 | load_curt=+0.000000e+00 | res_curt=+0.000000e+00 | ess_usage=+0.000000e+00 | slacks=+1.740948e+02 | ess_comp=+0.000000e+00
    [SLACK COMPONENTS] voltage=+1.740948e+02 | node_P=+0.000000e+00 | node_Q=+0.000000e+00 | branch_ij=+0.000000e+00 | branch_ji=+0.000000e+00 | flex_P=+0.000000e+00 | flex_Q=+0.000000e+00
    [SLACK COMPONENT CHECK] classified_delta=+1.740948e+02 | objective_slack_delta=+1.740948e+02 | mismatch=+2.842171e-14
    [RECOURSE COMPONENT CHECK] classified_delta=-9.557703e+07 | block_delta=-9.557703e+07 | mismatch=-1.192093e-07
  TSO node=None year=2025 day=Autumn | previous=1.942816e+08 | current=1.143756e+08 | delta=-7.990605e+07 | abs_delta=7.990605e+07
    [RECOURSE JUMP][TSO PROX] year=2025 day=Autumn | V max=0.079741 | PF max=0.888828 | ESS max=0.000000
    [RECOURSE COMPONENTS] gen=-7.990605e+07 | flex=+0.000000e+00 | load_curt=+0.000000e+00 | res_curt=+0.000000e+00 | ess_usage=+0.000000e+00 | slacks=-7.238167e-08 | ess_comp=+0.000000e+00
    [SLACK COMPONENTS] voltage=-7.238168e-08 | node_P=+0.000000e+00 | node_Q=+0.000000e+00 | branch_ij=+0.000000e+00 | branch_ji=+0.000000e+00 | flex_P=+0.000000e+00 | flex_Q=+0.000000e+00
    [SLACK COMPONENT CHECK] classified_delta=-7.238168e-08 | objective_slack_delta=-7.238167e-08 | mismatch=-1.421085e-14
    [RECOURSE COMPONENT CHECK] classified_delta=-7.990605e+07 | block_delta=-7.990605e+07 | mismatch=+5.066395e-07
  DSO node=5 year=2025 day=Summer | previous=9.991169e+06 | current=1.494566e+06 | delta=-8.496602e+06 | abs_delta=8.496602e+06
    [RECOURSE COMPONENTS] gen=+0.000000e+00 | flex=-8.352173e+06 | load_curt=+0.000000e+00 | res_curt=+0.000000e+00 | ess_usage=+0.000000e+00 | slacks=-9.668172e-02 | ess_comp=+0.000000e+00
    [SLACK COMPONENTS] voltage=-5.681654e-04 | node_P=+0.000000e+00 | node_Q=+0.000000e+00 | branch_ij=+0.000000e+00 | branch_ji=+0.000000e+00 | flex_P=-9.611356e-02 | flex_Q=+0.000000e+00
    [SLACK COMPONENT CHECK] classified_delta=-9.668172e-02 | objective_slack_delta=-9.668172e-02 | mismatch=+8.206769e-13
    [RECOURSE COMPONENT CHECK] classified_delta=-8.352173e+06 | block_delta=-8.496602e+06 | mismatch=+1.444292e+05
  DSO node=9 year=2025 day=Spring | previous=1.075540e+07 | current=2.903448e+06 | delta=-7.851952e+06 | abs_delta=7.851952e+06
    [RECOURSE COMPONENTS] gen=+0.000000e+00 | flex=-7.670408e+06 | load_curt=+0.000000e+00 | res_curt=+0.000000e+00 | ess_usage=+0.000000e+00 | slacks=-4.439103e-01 | ess_comp=+0.000000e+00
    [SLACK COMPONENTS] voltage=-3.229548e-03 | node_P=+0.000000e+00 | node_Q=+0.000000e+00 | branch_ij=+0.000000e+00 | branch_ji=+0.000000e+00 | flex_P=-4.406807e-01 | flex_Q=+0.000000e+00
    [SLACK COMPONENT CHECK] classified_delta=-4.439103e-01 | objective_slack_delta=-4.439103e-01 | mismatch=-7.354117e-13
    [RECOURSE COMPONENT CHECK] classified_delta=-7.670408e+06 | block_delta=-7.851952e+06 | mismatch=+1.815433e+05
  DSO node=5 year=2025 day=Autumn | previous=8.002451e+06 | current=2.840079e+06 | delta=-5.162372e+06 | abs_delta=5.162372e+06
    [RECOURSE COMPONENTS] gen=+0.000000e+00 | flex=-4.001684e+06 | load_curt=+0.000000e+00 | res_curt=+0.000000e+00 | ess_usage=+0.000000e+00 | slacks=-1.345194e-01 | ess_comp=+0.000000e+00
    [SLACK COMPONENTS] voltage=-1.283264e-03 | node_P=+0.000000e+00 | node_Q=+0.000000e+00 | branch_ij=+0.000000e+00 | branch_ji=+0.000000e+00 | flex_P=-1.332362e-01 | flex_Q=+0.000000e+00
    [SLACK COMPONENT CHECK] classified_delta=-1.345194e-01 | objective_slack_delta=-1.345194e-01 | mismatch=-7.105427e-15
    [RECOURSE COMPONENT CHECK] classified_delta=-4.001684e+06 | block_delta=-5.162372e+06 | mismatch=+1.160688e+06
  DSO node=5 year=2025 day=Winter | previous=6.403976e+06 | current=2.214185e+06 | delta=-4.189790e+06 | abs_delta=4.189790e+06
    [RECOURSE COMPONENTS] gen=+0.000000e+00 | flex=-3.739125e+06 | load_curt=+0.000000e+00 | res_curt=+0.000000e+00 | ess_usage=+0.000000e+00 | slacks=-9.352933e-02 | ess_comp=+0.000000e+00
    [SLACK COMPONENTS] voltage=-9.509880e-04 | node_P=+0.000000e+00 | node_Q=+0.000000e+00 | branch_ij=+0.000000e+00 | branch_ji=+0.000000e+00 | flex_P=-9.257834e-02 | flex_Q=+0.000000e+00
    [SLACK COMPONENT CHECK] classified_delta=-9.352933e-02 | objective_slack_delta=-9.352933e-02 | mismatch=+1.563194e-13
    [RECOURSE COMPONENT CHECK] classified_delta=-3.739125e+06 | block_delta=-4.189790e+06 | mismatch=+4.506651e+05
  DSO node=9 year=2025 day=Winter | previous=8.837867e+06 | current=5.047705e+06 | delta=-3.790162e+06 | abs_delta=3.790162e+06
    [RECOURSE COMPONENTS] gen=+0.000000e+00 | flex=-3.920383e+06 | load_curt=+0.000000e+00 | res_curt=+0.000000e+00 | ess_usage=+0.000000e+00 | slacks=-3.828058e-02 | ess_comp=+0.000000e+00
    [SLACK COMPONENTS] voltage=+1.057112e-04 | node_P=+0.000000e+00 | node_Q=+0.000000e+00 | branch_ij=+0.000000e+00 | branch_ji=+0.000000e+00 | flex_P=-3.838629e-02 | flex_Q=+0.000000e+00
    [SLACK COMPONENT CHECK] classified_delta=-3.828058e-02 | objective_slack_delta=-3.828058e-02 | mismatch=-3.126388e-13
    [RECOURSE COMPONENT CHECK] classified_delta=-3.920383e+06 | block_delta=-3.790162e+06 | mismatch=-1.302209e+05
  DSO node=7 year=2025 day=Spring | previous=3.555525e+06 | current=4.853916e+06 | delta=+1.298390e+06 | abs_delta=1.298390e+06
    [RECOURSE COMPONENTS] gen=+0.000000e+00 | flex=+1.222374e+06 | load_curt=+0.000000e+00 | res_curt=+0.000000e+00 | ess_usage=+0.000000e+00 | slacks=-4.345727e-01 | ess_comp=+0.000000e+00
    [SLACK COMPONENTS] voltage=-5.506929e-03 | node_P=+0.000000e+00 | node_Q=+0.000000e+00 | branch_ij=+0.000000e+00 | branch_ji=+0.000000e+00 | flex_P=-4.290657e-01 | flex_Q=+0.000000e+00
    [SLACK COMPONENT CHECK] classified_delta=-4.345727e-01 | objective_slack_delta=-4.345727e-01 | mismatch=+1.243450e-13
    [RECOURSE COMPONENT CHECK] classified_delta=+1.222373e+06 | block_delta=+1.298390e+06 | mismatch=-7.601711e+04
[INFO]		 - Recourse stationarity failed. 463745707.928317 > 94808.442896
[ADMM RHO] V | primal max ratio=10.664 | primal mean ratio=41.983 | primal selected=41.983 | dual mean ratio=0.094 | increase threshold=5.0 | decrease threshold=5.0 | action=increased
[ADMM RHO BOYD] V | r=7.846124e-01 | s=7.231836e-03 | eps_pri=1.981338e-03 | eps_dual=1.701858e-04 | primal_ratio=3.960013e+02 | dual_ratio=4.249378e+01 | dual_ratio_balance=4.249378e+01 | rho_before=1.155000e-02 | rho_after=1.732500e-02 | gamma_before=0.000000e+00 | gamma_after=0.000000e+00 | action=increased
[ADMM RHO] PF | primal max ratio=9.253 | primal mean ratio=6.475 | primal selected=9.253 | dual mean ratio=7.465 | increase threshold=5.0 | decrease threshold=3.0 | action=decreased
[ADMM RHO BOYD] PF | r=2.600672e-01 | s=2.517310e+00 | eps_pri=9.730236e-04 | eps_dual=2.430732e-04 | primal_ratio=2.672774e+02 | dual_ratio=1.035618e+04 | dual_ratio_balance=1.035618e+04 | rho_before=1.980000e-01 | rho_after=1.320000e-01 | gamma_before=0.000000e+00 | gamma_after=0.000000e+00 | action=decreased
[ADMM RHO] ESS | primal max ratio=0.000 | primal mean ratio=0.000 | primal selected=0.000 | dual mean ratio=0.000 | increase threshold=5.0 | decrease threshold=5.0 | action=exempt (fixed)
[ADMM RHO BOYD] ESS | r=9.105569e-25 | s=1.800619e-26 | eps_pri=4.156922e-04 | eps_dual=4.156922e-04 | primal_ratio=2.190459e-21 | dual_ratio=4.331615e-23 | dual_ratio_balance=4.331615e-23 | rho_before=1.000000e-02 | rho_after=1.000000e-02 | gamma_before=0.000000e+00 | gamma_after=0.000000e+00 | action=exempt (fixed)
[INFO]		 - ADMM cycle 2 | Primal (V max/mean | PF max/mean | ESS max/mean) = 0.106640/0.041983 | 0.092535/0.006475 | 0.000000/0.000000 | Dual (V max/mean | PF max/mean | ESS max/mean) = 0.002310/0.000936 | 0.248920/0.074649 | 0.000000/0.000000 | Recourse change = 463745707.928317 (tol. 94808.442896) | Stable cycles = 0/10 | Penalty actions (V/PF/ESS) = increased/decreased/exempt (fixed)
[INFO] 	 - Iteration 2: 46.23 s
[WARNING] 	 - ADMM did NOT converge in 2 iterations!
[INFO] 	 - Execution time: 126.05 s
[P5.15-G s51limit_alpha_0.5] recourse=484338721.0317226 cycles=2 solves=57 local_failures=0 wall=126s
   EFC/day max across nodes: None (threshold 1.4612)
   detector grouping clean: True (observed 9 / expected 9)
   network failures: {'n_blocks': 0, 'classes': {'recovered_tier1': 0, 'recovered_tier2': 0, 'unrecovered': 0, 'not_attempted': 0, 'indeterminate': 0, 'recovered': 0}, 'n_frozen_snapshots': 0, 'n_esso_recovery_events': 0, 'path': 'data/SRP1/Results/P515S51/2x2_limit_gate/alpha_sweep_r1/arm_alpha_0.5/network_failures_s51limit_alpha_0.5.jsonl'}
18:13:40 [W39-gate2] arm alpha_0.5: cycles=2 rms_mw=3.384588911459707 charge=5501.180098659375
18:13:40 [W39-gate2] arm alpha_0.5: solves=57 per-DSO rms={'5': 1.2295437707197818, '7': 3.384588911459707, '9': 2.5457214128289216} E|d|=101.9891 Ecurt=2158.6154 Edown=2740.0017 settle_dev=-102.2844 capture_errors=[]
18:13:40 [W39-gate2] SWEEP STOPPED after alpha_0.5: ['non-monotone: DSO 7 rms 3.384588911459707 at alpha 0.5 > 2.477231293897483 at alpha 0.25 + tol', 'non-monotone: DSO 9 rms 2.5457214128289216 at alpha 0.5 > 2.48311302275417 at alpha 0.25 + tol']; not run: ['alpha_1.0', 'alpha_2.0', 'alpha_5.0', 'alpha_1000.0']
18:13:40 [W39-gate2]    sweep_completed_without_stop: False
18:13:40 [W39-gate2]    all_arms_ran_the_declared_cycles: True
18:13:40 [W39-gate2]    all_arms_reconcile_their_solves: True
18:13:40 [W39-gate2]    process_guard_verified_exactly: True
18:13:40 [W39-gate2]    no_blocked_solver_calls: True
18:13:40 [W39-gate2]    row18_wired_on_every_dso_block_of_every_positive_alpha_arm: True
18:13:40 [W39-gate2]    row18_absent_on_every_dso_block_of_every_zero_alpha_arm: True
18:13:40 [W39-gate2]    alpha_recorded_per_arm_matches_the_declaration: True
18:13:40 [W39-gate2]    mechanism_and_prices_captured_on_every_dso_block: True
18:13:40 [W39-gate2]    large_arm_dispersion_below_the_declared_tolerance: None
18:13:40 [W39-gate2]    large_arm_dispersion_collapses_against_the_pilot: None
18:13:40 [W39-gate2] GATE_PASS=False; ratio large/pilot = None
