[INFO] Scenario random seed: 2026
[INFO] Reading MARKET DATA from file(s)...
[INFO] 	 - Generating market scenarios...
[INFO] 	 - Plotting market scenarios...
[INFO] Reading DISTRIBUTION NETWORK DATA from file(s)...
[INFO]	 - Generating load stochastic scenarios...
[INFO]	 - Generating RES generation stochastic scenarios...
[INFO]	 - Generating flexibility stochastic scenarios...
[INFO]	 - Plotting flexibility profiles...
[INFO]	 - Plotting load scenarios...
[INFO]	 - Plotting RES generation scenarios...
[INFO] Reading DISTRIBUTION NETWORK DATA from file(s)...
[INFO]	 - Generating load stochastic scenarios...
[INFO]	 - Generating RES generation stochastic scenarios...
[INFO]	 - Generating flexibility stochastic scenarios...
[INFO]	 - Plotting flexibility profiles...
[INFO]	 - Plotting load scenarios...
[INFO]	 - Plotting RES generation scenarios...
[INFO] Reading DISTRIBUTION NETWORK DATA from file(s)...
[INFO]	 - Generating load stochastic scenarios...
[INFO]	 - Generating RES generation stochastic scenarios...
[INFO]	 - Generating flexibility stochastic scenarios...
[INFO]	 - Plotting flexibility profiles...
[INFO]	 - Plotting load scenarios...
[INFO]	 - Plotting RES generation scenarios...
[INFO] Reading TRANSMISSION NETWORK DATA from file(s)...
[INFO]	 - Generating load stochastic scenarios...
[INFO]	 - Generating RES generation stochastic scenarios...
[INFO]	 - Generating flexibility stochastic scenarios...
[INFO]	 - Plotting flexibility profiles...
[INFO]	 - Plotting load scenarios...
[INFO]	 - Plotting RES generation scenarios...
[INFO] Scenario checksum: 9d6335848b80ee9bb484ffd0c82fc70362b0ee02d79c5d351c15da1e25b0c857
[INFO] Reading SHARED ESS DATA from file(s)...
[INFO] Reading PLANNING PARAMETERS from file...
16:43:34 [W39-gate2] declared 57 base solves per arm; 2 arms; alphas {'pilot': 0.5, 'large': 1000.0}
16:43:34 [W39-gate2] arm pilot: alpha = 0.5
[INFO] Running OPERATIONAL PLANNING (DISTRIBUTED)...
[INFO]	 - Initializing...
[INFO] 		 - Distribution Network node 5...
[INFO] 			 - Running SMOPF, Network case33_1, 2025, Spring...
[INFO] 			 - Running SMOPF, Network case33_1, 2025, Summer...
[INFO] 			 - Running SMOPF, Network case33_1, 2025, Autumn...
[INFO] 			 - Running SMOPF, Network case33_1, 2025, Winter...
[INFO] 		 - Distribution Network node 7...
[INFO] 			 - Running SMOPF, Network case33_2, 2025, Spring...
[INFO] 			 - Running SMOPF, Network case33_2, 2025, Summer...
[INFO] 			 - Running SMOPF, Network case33_2, 2025, Autumn...
[INFO] 			 - Running SMOPF, Network case33_2, 2025, Winter...
[INFO] 		 - Distribution Network node 9...
[INFO] 			 - Running SMOPF, Network case33_3, 2025, Spring...
[INFO] 			 - Running SMOPF, Network case33_3, 2025, Summer...
[INFO] 			 - Running SMOPF, Network case33_3, 2025, Autumn...
[INFO] 			 - Running SMOPF, Network case33_3, 2025, Winter...
[INFO] 		 - Transmission Network...
[INFO] 			 - Running SMOPF, Network case9, 2025, Spring...
[INFO] 			 - Running SMOPF, Network case9, 2025, Summer...
[INFO] 			 - Running SMOPF, Network case9, 2025, Autumn...
[INFO] 			 - Running SMOPF, Network case9, 2025, Winter...
[INFO] 		 - Running Shared ESS optimization (subproblem)...
[INFO] 			 - Node 5...
[INFO] Shared ESS complementarity diagnostics for ESS node=5: ratio_max=0.000000e+00 n_periods=0 mu_final=9.090909e-12 s_obj=1.000000e-01 eps=1.000000e-05 bound=0.000000e+00 measured=0.000000e+00
[INFO] 			 - Node 7...
[INFO] Shared ESS complementarity diagnostics for ESS node=7: ratio_max=0.000000e+00 n_periods=0 mu_final=9.090909e-12 s_obj=1.000000e-01 eps=1.000000e-05 bound=0.000000e+00 measured=0.000000e+00
[INFO] 			 - Node 9...
[INFO] Shared ESS complementarity diagnostics for ESS node=9: ratio_max=0.000000e+00 n_periods=0 mu_final=9.090909e-12 s_obj=1.000000e-01 eps=1.000000e-05 bound=0.000000e+00 measured=0.000000e+00
[ADMM OF SCALE] n=16 | min=1.818361e+07 | median=4.265049e+07 | max=5.627439e+07 | selected=5.627439e+07
[ADMM OF SCALE] Largest weighted objectives:
  DSO node=9 year=2025 day=Winter | base=5.627439e+07 | scenario=1.949159e-09 | total=5.627439e+07
  DSO node=9 year=2025 day=Autumn | base=5.444314e+07 | scenario=2.720312e-09 | total=5.444314e+07
  DSO node=9 year=2025 day=Spring | base=5.073812e+07 | scenario=1.869747e-09 | total=5.073812e+07
  DSO node=5 year=2025 day=Spring | base=4.823452e+07 | scenario=2.273929e-09 | total=4.823452e+07
  DSO node=5 year=2025 day=Autumn | base=4.717801e+07 | scenario=2.707960e-09 | total=4.717801e+07
  DSO node=5 year=2025 day=Summer | base=4.603118e+07 | scenario=2.021123e-09 | total=4.603118e+07
  DSO node=5 year=2025 day=Winter | base=4.591204e+07 | scenario=2.787469e-09 | total=4.591204e+07
  DSO node=7 year=2025 day=Spring | base=4.273104e+07 | scenario=2.453168e-09 | total=4.273104e+07
  DSO node=9 year=2025 day=Summer | base=4.256994e+07 | scenario=1.859702e-09 | total=4.256994e+07
  DSO node=7 year=2025 day=Summer | base=4.158851e+07 | scenario=2.604672e-09 | total=4.158851e+07
[ADMM OF SCALE] Fixed sigma in force sigma_fixed=9.363536e+07 | sigma_computed=5.627439e+07 | ratio=6.009950e-01 | assert_factor=3.000
[ADMM ESSO AL SCALE] mode=sigma_over_median_block_weight | sigma=9.363536e+07 | median_block_weight=4.550000e+02 | al_scale_esso=2.057920e+05
[INFO] 	 - ADMM Iteration 1
[INFO] 		 - Updating distribution networks:
[INFO] 			 - Running SMOPF, Network case33_1, 2025, Spring...
[INFO] 			 - Running SMOPF, Network case33_1, 2025, Summer...
[INFO] 			 - Running SMOPF, Network case33_1, 2025, Autumn...
[INFO] 			 - Running SMOPF, Network case33_1, 2025, Winter...
[INFO] 			 - Running SMOPF, Network case33_2, 2025, Spring...
[INFO] 			 - Running SMOPF, Network case33_2, 2025, Summer...
[INFO] 			 - Running SMOPF, Network case33_2, 2025, Autumn...
[INFO] 			 - Running SMOPF, Network case33_2, 2025, Winter...
[INFO] 			 - Running SMOPF, Network case33_3, 2025, Spring...
[INFO] 			 - Running SMOPF, Network case33_3, 2025, Summer...
[INFO] 			 - Running SMOPF, Network case33_3, 2025, Autumn...
[INFO] 			 - Running SMOPF, Network case33_3, 2025, Winter...
[INFO] 		 - Updating transmission network...
[INFO] 			 - Running SMOPF, Network case9, 2025, Spring...
[INFO] 			 - Running SMOPF, Network case9, 2025, Summer...
[INFO] 			 - Running SMOPF, Network case9, 2025, Autumn...
[INFO] 			 - Running SMOPF, Network case9, 2025, Winter...
[TSO PROX] cycle=1 | updated_blocks=4 | held_failed_blocks=0 | V max=0.190853 | PF max=1.997319 | ESS max=0.000000
[TSO PROX][V MAX] node=7, year=2025, day=Winter, period=11 | dV=65.844368 kV | normalized=0.190853
[TSO PROX][PF MAX] node=7, year=2025, day=Autumn, period=10, type=P | delta=199.731873 MW | normalized=1.997319
[TSO PROX][ESS MAX] node=5, year=2025, day=Spring, period=0, type=P | delta=0.000000 MW | normalized=0.000000
[INFO] 		 - Updating SharedESS...
[INFO] 		 - Running Shared ESS optimization (subproblem)...
[INFO] 			 - Node 5...
[INFO] Shared ESS complementarity diagnostics for ESS node=5: ratio_max=0.000000e+00 n_periods=0 mu_final=9.090909e-12 s_obj=1.000000e-01 eps=1.000000e-05 bound=0.000000e+00 measured=0.000000e+00
[INFO] 			 - Node 7...
[INFO] Shared ESS complementarity diagnostics for ESS node=7: ratio_max=0.000000e+00 n_periods=0 mu_final=9.090909e-12 s_obj=1.000000e-01 eps=1.000000e-05 bound=0.000000e+00 measured=0.000000e+00
[INFO] 			 - Node 9...
[INFO] Shared ESS complementarity diagnostics for ESS node=9: ratio_max=0.000000e+00 n_periods=0 mu_final=9.090909e-12 s_obj=1.000000e-01 eps=1.000000e-05 bound=0.000000e+00 measured=0.000000e+00
[DIAG][V MAX] node=9, year=2025, day=Autumn, period=15 | TSO=379.499909 kV, DSO=310.500310 kV, diff=68.999599 kV, base=345.000000 kV, normalized=0.199999, rho(TSO/DSO)=0.007700/0.007700
[DIAG][PF MAX] node=7, year=2025, day=Summer, period=8, type=P | TSO=128.706522 MW, DSO=29.144724 MW, diff=99.561798 MW, rating=100.000000 MVA, normalized=0.995618, rho(TSO/DSO)=0.198000/0.198000
[INFO]		 - interface Vmag max primal residual failed. 0.199999 > 0.010000
[INFO]		 - interface Vmag mean primal residual failed. 0.120395 > 0.001000
[INFO]		 - interface PF max primal residual failed. 0.995618 > 0.010000
[INFO]		 - interface PF mean primal residual failed. 0.714613 > 0.001000
[INFO]		 - interface PF mean dual residual failed. 0.145975 > 0.010000
[INFO]		 - Recourse stationarity requires one previous successful cycle.
[ADMM RHO] V | primal max ratio=20.000 | primal mean ratio=120.395 | primal selected=120.395 | dual mean ratio=0.072 | increase threshold=5.0 | decrease threshold=5.0 | action=increased
[ADMM RHO BOYD] V | r=2.184532e+00 | s=1.681280e-02 | eps_pri=1.970862e-03 | eps_dual=1.706415e-04 | primal_ratio=1.108415e+03 | dual_ratio=9.852704e+01 | dual_ratio_balance=9.852704e+01 | rho_before=7.700000e-03 | rho_after=1.155000e-02 | gamma_before=0.000000e+00 | gamma_after=0.000000e+00 | action=increased
[ADMM RHO] PF | primal max ratio=99.562 | primal mean ratio=714.613 | primal selected=714.613 | dual mean ratio=14.597 | increase threshold=5.0 | decrease threshold=3.0 | action=held
[ADMM RHO BOYD] PF | r=1.835294e+01 | s=6.658538e+00 | eps_pri=1.927541e-03 | eps_dual=2.453174e-04 | primal_ratio=9.521428e+03 | dual_ratio=2.714254e+04 | dual_ratio_balance=2.714254e+04 | rho_before=1.980000e-01 | rho_after=1.980000e-01 | gamma_before=0.000000e+00 | gamma_after=0.000000e+00 | action=held
[ADMM RHO] ESS | primal max ratio=0.000 | primal mean ratio=0.000 | primal selected=0.000 | dual mean ratio=0.000 | increase threshold=5.0 | decrease threshold=5.0 | action=exempt (fixed)
[ADMM RHO BOYD] ESS | r=1.635903e-24 | s=1.156758e-26 | eps_pri=4.156922e-04 | eps_dual=4.156922e-04 | primal_ratio=3.935370e-21 | dual_ratio=2.782727e-23 | dual_ratio_balance=2.782727e-23 | rho_before=1.000000e-02 | rho_after=1.000000e-02 | gamma_before=0.000000e+00 | gamma_after=0.000000e+00 | action=exempt (fixed)
[INFO]		 - ADMM cycle 1 | Primal (V max/mean | PF max/mean | ESS max/mean) = 0.199999/0.120395 | 0.995618/0.714613 | 0.000000/0.000000 | Dual (V max/mean | PF max/mean | ESS max/mean) = 0.001470/0.000719 | 0.395469/0.145975 | 0.000000/0.000000 | Recourse change = N/A (tol. N/A) | Stable cycles = 0/10 | Penalty actions (V/PF/ESS) = increased/held/exempt (fixed)
[INFO] 	 - Iteration 1: 42.00 s
[INFO] 	 - ADMM Iteration 2
[INFO] 		 - Updating distribution networks:
[INFO] 			 - Running SMOPF, Network case33_1, 2025, Spring...
[INFO] 			 - Running SMOPF, Network case33_1, 2025, Summer...
[INFO] 			 - Running SMOPF, Network case33_1, 2025, Autumn...
[INFO] 			 - Running SMOPF, Network case33_1, 2025, Winter...
[INFO] 			 - Running SMOPF, Network case33_2, 2025, Spring...
[INFO] 			 - Running SMOPF, Network case33_2, 2025, Summer...
[INFO] 			 - Running SMOPF, Network case33_2, 2025, Autumn...
[INFO] 			 - Running SMOPF, Network case33_2, 2025, Winter...
[INFO] 			 - Running SMOPF, Network case33_3, 2025, Spring...
[INFO] 			 - Running SMOPF, Network case33_3, 2025, Summer...
[INFO] 			 - Running SMOPF, Network case33_3, 2025, Autumn...
[INFO] 			 - Running SMOPF, Network case33_3, 2025, Winter...
[INFO] 		 - Updating transmission network...
[INFO] 			 - Running SMOPF, Network case9, 2025, Spring...
[INFO] 			 - Running SMOPF, Network case9, 2025, Summer...
[INFO] 			 - Running SMOPF, Network case9, 2025, Autumn...
[INFO] 			 - Running SMOPF, Network case9, 2025, Winter...
[TSO PROX] cycle=2 | updated_blocks=4 | held_failed_blocks=0 | V max=0.080988 | PF max=0.914482 | ESS max=0.000000
[TSO PROX][V MAX] node=9, year=2025, day=Summer, period=22 | dV=27.940720 kV | normalized=0.080988
[TSO PROX][PF MAX] node=9, year=2025, day=Summer, period=23, type=Q | delta=137.172329 MVAr | normalized=0.914482
[TSO PROX][ESS MAX] node=5, year=2025, day=Spring, period=0, type=P | delta=0.000000 MW | normalized=0.000000
[INFO] 		 - Updating SharedESS...
[INFO] 		 - Running Shared ESS optimization (subproblem)...
[INFO] 			 - Node 5...
[INFO] Shared ESS complementarity diagnostics for ESS node=5: ratio_max=0.000000e+00 n_periods=0 mu_final=9.090909e-12 s_obj=1.000000e-01 eps=1.000000e-05 bound=0.000000e+00 measured=0.000000e+00
[INFO] 			 - Node 7...
[INFO] Shared ESS complementarity diagnostics for ESS node=7: ratio_max=0.000000e+00 n_periods=0 mu_final=9.090909e-12 s_obj=1.000000e-01 eps=1.000000e-05 bound=0.000000e+00 measured=0.000000e+00
[INFO] 			 - Node 9...
[INFO] Shared ESS complementarity diagnostics for ESS node=9: ratio_max=0.000000e+00 n_periods=0 mu_final=9.090909e-12 s_obj=1.000000e-01 eps=1.000000e-05 bound=0.000000e+00 measured=0.000000e+00
[DIAG][V MAX] node=9, year=2025, day=Summer, period=22 | TSO=361.686873 kV, DSO=324.896221 kV, diff=36.790652 kV, base=345.000000 kV, normalized=0.106640, rho(TSO/DSO)=0.011550/0.011550
[DIAG][PF MAX] node=5, year=2025, day=Summer, period=14, type=P | TSO=11.808984 MW, DSO=-6.698001 MW, diff=18.506985 MW, rating=200.000000 MVA, normalized=0.092535, rho(TSO/DSO)=0.198000/0.198000
[INFO]		 - interface Vmag max primal residual failed. 0.106640 > 0.010000
[INFO]		 - interface Vmag mean primal residual failed. 0.041983 > 0.001000
[INFO]		 - interface PF max primal residual failed. 0.092535 > 0.010000
[INFO]		 - interface PF mean primal residual failed. 0.006475 > 0.001000
[INFO]		 - interface PF mean dual residual failed. 0.074649 > 0.010000
[RECOURSE JUMP] cycle=2 | abs_change=4.637457e+08 | tol=9.480844e+04 | signed_change=-4.637457e+08
[RECOURSE JUMP] Reconciliation | previous=9.480844e+08 | current=4.843387e+08 | block_delta=-4.637457e+08 | mismatch=-1.788139e-07
[RECOURSE JUMP] Aggregate signed changes:
  TSO | delta=-4.335557e+08
  DSO node=5 | delta=-1.834768e+07
  DSO node=9 | delta=-1.094514e+07
  DSO node=7 | delta=-8.971539e+05
  SALVAGE | delta=+0.000000e+00
[RECOURSE JUMP] Largest 10 block changes:
  TSO node=None year=2025 day=Spring | previous=2.518568e+08 | current=1.039978e+08 | delta=-1.478590e+08 | abs_delta=1.478590e+08
    [RECOURSE JUMP][TSO PROX] year=2025 day=Spring | V max=0.069338 | PF max=0.838076 | ESS max=0.000000
    [RECOURSE COMPONENTS] gen=-1.478590e+08 | flex=+0.000000e+00 | load_curt=+0.000000e+00 | res_curt=+0.000000e+00 | ess_usage=+0.000000e+00 | slacks=-4.434246e-08 | ess_comp=+0.000000e+00
    [SLACK COMPONENTS] voltage=-4.434251e-08 | node_P=+0.000000e+00 | node_Q=+0.000000e+00 | branch_ij=+0.000000e+00 | branch_ji=+0.000000e+00 | flex_P=+0.000000e+00 | flex_Q=+0.000000e+00
    [SLACK COMPONENT CHECK] classified_delta=-4.434251e-08 | objective_slack_delta=-4.434246e-08 | mismatch=-4.973799e-14
    [RECOURSE COMPONENT CHECK] classified_delta=-1.478590e+08 | block_delta=-1.478590e+08 | mismatch=+2.384186e-07
  TSO node=None year=2025 day=Summer | previous=2.189009e+08 | current=1.086872e+08 | delta=-1.102137e+08 | abs_delta=1.102137e+08
    [RECOURSE JUMP][TSO PROX] year=2025 day=Summer | V max=0.080988 | PF max=0.914482 | ESS max=0.000000
    [RECOURSE COMPONENTS] gen=-1.102137e+08 | flex=+0.000000e+00 | load_curt=+0.000000e+00 | res_curt=+0.000000e+00 | ess_usage=+0.000000e+00 | slacks=-5.855855e-08 | ess_comp=+0.000000e+00
    [SLACK COMPONENTS] voltage=-5.855854e-08 | node_P=+0.000000e+00 | node_Q=+0.000000e+00 | branch_ij=+0.000000e+00 | branch_ji=+0.000000e+00 | flex_P=+0.000000e+00 | flex_Q=+0.000000e+00
    [SLACK COMPONENT CHECK] classified_delta=-5.855854e-08 | objective_slack_delta=-5.855855e-08 | mismatch=+7.105427e-15
    [RECOURSE COMPONENT CHECK] classified_delta=-1.102137e+08 | block_delta=-1.102137e+08 | mismatch=-1.937151e-07
  TSO node=None year=2025 day=Winter | previous=1.975684e+08 | current=1.019914e+08 | delta=-9.557703e+07 | abs_delta=9.557703e+07
    [RECOURSE JUMP][TSO PROX] year=2025 day=Winter | V max=0.067071 | PF max=0.843729 | ESS max=0.000000
    [RECOURSE COMPONENTS] gen=-9.557720e+07 | flex=+0.000000e+00 | load_curt=+0.000000e+00 | res_curt=+0.000000e+00 | ess_usage=+0.000000e+00 | slacks=+1.740948e+02 | ess_comp=+0.000000e+00
    [SLACK COMPONENTS] voltage=+1.740948e+02 | node_P=+0.000000e+00 | node_Q=+0.000000e+00 | branch_ij=+0.000000e+00 | branch_ji=+0.000000e+00 | flex_P=+0.000000e+00 | flex_Q=+0.000000e+00
    [SLACK COMPONENT CHECK] classified_delta=+1.740948e+02 | objective_slack_delta=+1.740948e+02 | mismatch=+2.842171e-14
    [RECOURSE COMPONENT CHECK] classified_delta=-9.557703e+07 | block_delta=-9.557703e+07 | mismatch=-1.192093e-07
  TSO node=None year=2025 day=Autumn | previous=1.942816e+08 | current=1.143756e+08 | delta=-7.990605e+07 | abs_delta=7.990605e+07
    [RECOURSE JUMP][TSO PROX] year=2025 day=Autumn | V max=0.079741 | PF max=0.888828 | ESS max=0.000000
    [RECOURSE COMPONENTS] gen=-7.990605e+07 | flex=+0.000000e+00 | load_curt=+0.000000e+00 | res_curt=+0.000000e+00 | ess_usage=+0.000000e+00 | slacks=-7.238167e-08 | ess_comp=+0.000000e+00
    [SLACK COMPONENTS] voltage=-7.238168e-08 | node_P=+0.000000e+00 | node_Q=+0.000000e+00 | branch_ij=+0.000000e+00 | branch_ji=+0.000000e+00 | flex_P=+0.000000e+00 | flex_Q=+0.000000e+00
    [SLACK COMPONENT CHECK] classified_delta=-7.238168e-08 | objective_slack_delta=-7.238167e-08 | mismatch=-1.421085e-14
    [RECOURSE COMPONENT CHECK] classified_delta=-7.990605e+07 | block_delta=-7.990605e+07 | mismatch=+5.066395e-07
  DSO node=5 year=2025 day=Summer | previous=9.991169e+06 | current=1.494566e+06 | delta=-8.496602e+06 | abs_delta=8.496602e+06
    [RECOURSE COMPONENTS] gen=+0.000000e+00 | flex=-8.352173e+06 | load_curt=+0.000000e+00 | res_curt=+0.000000e+00 | ess_usage=+0.000000e+00 | slacks=-9.668172e-02 | ess_comp=+0.000000e+00
    [SLACK COMPONENTS] voltage=-5.681654e-04 | node_P=+0.000000e+00 | node_Q=+0.000000e+00 | branch_ij=+0.000000e+00 | branch_ji=+0.000000e+00 | flex_P=-9.611356e-02 | flex_Q=+0.000000e+00
    [SLACK COMPONENT CHECK] classified_delta=-9.668172e-02 | objective_slack_delta=-9.668172e-02 | mismatch=+8.206769e-13
    [RECOURSE COMPONENT CHECK] classified_delta=-8.352173e+06 | block_delta=-8.496602e+06 | mismatch=+1.444292e+05
  DSO node=9 year=2025 day=Spring | previous=1.075540e+07 | current=2.903448e+06 | delta=-7.851952e+06 | abs_delta=7.851952e+06
    [RECOURSE COMPONENTS] gen=+0.000000e+00 | flex=-7.670408e+06 | load_curt=+0.000000e+00 | res_curt=+0.000000e+00 | ess_usage=+0.000000e+00 | slacks=-4.439103e-01 | ess_comp=+0.000000e+00
    [SLACK COMPONENTS] voltage=-3.229548e-03 | node_P=+0.000000e+00 | node_Q=+0.000000e+00 | branch_ij=+0.000000e+00 | branch_ji=+0.000000e+00 | flex_P=-4.406807e-01 | flex_Q=+0.000000e+00
    [SLACK COMPONENT CHECK] classified_delta=-4.439103e-01 | objective_slack_delta=-4.439103e-01 | mismatch=-7.354117e-13
    [RECOURSE COMPONENT CHECK] classified_delta=-7.670408e+06 | block_delta=-7.851952e+06 | mismatch=+1.815433e+05
  DSO node=5 year=2025 day=Autumn | previous=8.002451e+06 | current=2.840079e+06 | delta=-5.162372e+06 | abs_delta=5.162372e+06
    [RECOURSE COMPONENTS] gen=+0.000000e+00 | flex=-4.001684e+06 | load_curt=+0.000000e+00 | res_curt=+0.000000e+00 | ess_usage=+0.000000e+00 | slacks=-1.345194e-01 | ess_comp=+0.000000e+00
    [SLACK COMPONENTS] voltage=-1.283264e-03 | node_P=+0.000000e+00 | node_Q=+0.000000e+00 | branch_ij=+0.000000e+00 | branch_ji=+0.000000e+00 | flex_P=-1.332362e-01 | flex_Q=+0.000000e+00
    [SLACK COMPONENT CHECK] classified_delta=-1.345194e-01 | objective_slack_delta=-1.345194e-01 | mismatch=-7.105427e-15
    [RECOURSE COMPONENT CHECK] classified_delta=-4.001684e+06 | block_delta=-5.162372e+06 | mismatch=+1.160688e+06
  DSO node=5 year=2025 day=Winter | previous=6.403976e+06 | current=2.214185e+06 | delta=-4.189790e+06 | abs_delta=4.189790e+06
    [RECOURSE COMPONENTS] gen=+0.000000e+00 | flex=-3.739125e+06 | load_curt=+0.000000e+00 | res_curt=+0.000000e+00 | ess_usage=+0.000000e+00 | slacks=-9.352933e-02 | ess_comp=+0.000000e+00
    [SLACK COMPONENTS] voltage=-9.509880e-04 | node_P=+0.000000e+00 | node_Q=+0.000000e+00 | branch_ij=+0.000000e+00 | branch_ji=+0.000000e+00 | flex_P=-9.257834e-02 | flex_Q=+0.000000e+00
    [SLACK COMPONENT CHECK] classified_delta=-9.352933e-02 | objective_slack_delta=-9.352933e-02 | mismatch=+1.563194e-13
    [RECOURSE COMPONENT CHECK] classified_delta=-3.739125e+06 | block_delta=-4.189790e+06 | mismatch=+4.506651e+05
  DSO node=9 year=2025 day=Winter | previous=8.837867e+06 | current=5.047705e+06 | delta=-3.790162e+06 | abs_delta=3.790162e+06
    [RECOURSE COMPONENTS] gen=+0.000000e+00 | flex=-3.920383e+06 | load_curt=+0.000000e+00 | res_curt=+0.000000e+00 | ess_usage=+0.000000e+00 | slacks=-3.828058e-02 | ess_comp=+0.000000e+00
    [SLACK COMPONENTS] voltage=+1.057112e-04 | node_P=+0.000000e+00 | node_Q=+0.000000e+00 | branch_ij=+0.000000e+00 | branch_ji=+0.000000e+00 | flex_P=-3.838629e-02 | flex_Q=+0.000000e+00
    [SLACK COMPONENT CHECK] classified_delta=-3.828058e-02 | objective_slack_delta=-3.828058e-02 | mismatch=-3.126388e-13
    [RECOURSE COMPONENT CHECK] classified_delta=-3.920383e+06 | block_delta=-3.790162e+06 | mismatch=-1.302209e+05
  DSO node=7 year=2025 day=Spring | previous=3.555525e+06 | current=4.853916e+06 | delta=+1.298390e+06 | abs_delta=1.298390e+06
    [RECOURSE COMPONENTS] gen=+0.000000e+00 | flex=+1.222374e+06 | load_curt=+0.000000e+00 | res_curt=+0.000000e+00 | ess_usage=+0.000000e+00 | slacks=-4.345727e-01 | ess_comp=+0.000000e+00
    [SLACK COMPONENTS] voltage=-5.506929e-03 | node_P=+0.000000e+00 | node_Q=+0.000000e+00 | branch_ij=+0.000000e+00 | branch_ji=+0.000000e+00 | flex_P=-4.290657e-01 | flex_Q=+0.000000e+00
    [SLACK COMPONENT CHECK] classified_delta=-4.345727e-01 | objective_slack_delta=-4.345727e-01 | mismatch=+1.243450e-13
    [RECOURSE COMPONENT CHECK] classified_delta=+1.222373e+06 | block_delta=+1.298390e+06 | mismatch=-7.601711e+04
[INFO]		 - Recourse stationarity failed. 463745707.928317 > 94808.442896
[ADMM RHO] V | primal max ratio=10.664 | primal mean ratio=41.983 | primal selected=41.983 | dual mean ratio=0.094 | increase threshold=5.0 | decrease threshold=5.0 | action=increased
[ADMM RHO BOYD] V | r=7.846124e-01 | s=7.231836e-03 | eps_pri=1.981338e-03 | eps_dual=1.701858e-04 | primal_ratio=3.960013e+02 | dual_ratio=4.249378e+01 | dual_ratio_balance=4.249378e+01 | rho_before=1.155000e-02 | rho_after=1.732500e-02 | gamma_before=0.000000e+00 | gamma_after=0.000000e+00 | action=increased
[ADMM RHO] PF | primal max ratio=9.253 | primal mean ratio=6.475 | primal selected=9.253 | dual mean ratio=7.465 | increase threshold=5.0 | decrease threshold=3.0 | action=decreased
[ADMM RHO BOYD] PF | r=2.600672e-01 | s=2.517310e+00 | eps_pri=9.730236e-04 | eps_dual=2.430732e-04 | primal_ratio=2.672774e+02 | dual_ratio=1.035618e+04 | dual_ratio_balance=1.035618e+04 | rho_before=1.980000e-01 | rho_after=1.320000e-01 | gamma_before=0.000000e+00 | gamma_after=0.000000e+00 | action=decreased
[ADMM RHO] ESS | primal max ratio=0.000 | primal mean ratio=0.000 | primal selected=0.000 | dual mean ratio=0.000 | increase threshold=5.0 | decrease threshold=5.0 | action=exempt (fixed)
[ADMM RHO BOYD] ESS | r=9.105569e-25 | s=1.800619e-26 | eps_pri=4.156922e-04 | eps_dual=4.156922e-04 | primal_ratio=2.190459e-21 | dual_ratio=4.331615e-23 | dual_ratio_balance=4.331615e-23 | rho_before=1.000000e-02 | rho_after=1.000000e-02 | gamma_before=0.000000e+00 | gamma_after=0.000000e+00 | action=exempt (fixed)
[INFO]		 - ADMM cycle 2 | Primal (V max/mean | PF max/mean | ESS max/mean) = 0.106640/0.041983 | 0.092535/0.006475 | 0.000000/0.000000 | Dual (V max/mean | PF max/mean | ESS max/mean) = 0.002310/0.000936 | 0.248920/0.074649 | 0.000000/0.000000 | Recourse change = 463745707.928317 (tol. 94808.442896) | Stable cycles = 0/10 | Penalty actions (V/PF/ESS) = increased/decreased/exempt (fixed)
[INFO] 	 - Iteration 2: 43.08 s
[WARNING] 	 - ADMM did NOT converge in 2 iterations!
[INFO] 	 - Execution time: 117.18 s
[P5.15-G s51limit_pilot] recourse=484338721.0317226 cycles=2 solves=57 local_failures=0 wall=117s
   EFC/day max across nodes: None (threshold 1.4612)
   detector grouping clean: True (observed 9 / expected 9)
   network failures: {'n_blocks': 0, 'classes': {'recovered_tier1': 0, 'recovered_tier2': 0, 'unrecovered': 0, 'not_attempted': 0, 'indeterminate': 0, 'recovered': 0}, 'n_frozen_snapshots': 0, 'n_esso_recovery_events': 0, 'path': 'data/SRP1/Results/P515S51/2x2_limit_gate/limit_r1/arm_pilot/network_failures_s51limit_pilot.jsonl'}
16:45:32 [W39-gate2] arm pilot: cycles=2 rms_mw=3.384588911459707 charge=5501.180098659375
16:45:32 [W39-gate2] arm large: alpha = 1000.0
[INFO] Running OPERATIONAL PLANNING (DISTRIBUTED)...
[INFO]	 - Initializing...
[INFO] 		 - Distribution Network node 5...
[INFO] 			 - Running SMOPF, Network case33_1, 2025, Spring...
[INFO] 			 - Running SMOPF, Network case33_1, 2025, Summer...
[INFO] 			 - Running SMOPF, Network case33_1, 2025, Autumn...
[INFO] 			 - Running SMOPF, Network case33_1, 2025, Winter...
[INFO] 		 - Distribution Network node 7...
[INFO] 			 - Running SMOPF, Network case33_2, 2025, Spring...
[INFO] 			 - Running SMOPF, Network case33_2, 2025, Summer...
[INFO] 			 - Running SMOPF, Network case33_2, 2025, Autumn...
[INFO] 			 - Running SMOPF, Network case33_2, 2025, Winter...
[INFO] 		 - Distribution Network node 9...
[INFO] 			 - Running SMOPF, Network case33_3, 2025, Spring...
[INFO] 			 - Running SMOPF, Network case33_3, 2025, Summer...
[INFO] 			 - Running SMOPF, Network case33_3, 2025, Autumn...
[INFO] 			 - Running SMOPF, Network case33_3, 2025, Winter...
[INFO] 		 - Transmission Network...
[INFO] 			 - Running SMOPF, Network case9, 2025, Spring...
[INFO] 			 - Running SMOPF, Network case9, 2025, Summer...
[INFO] 			 - Running SMOPF, Network case9, 2025, Autumn...
[INFO] 			 - Running SMOPF, Network case9, 2025, Winter...
[INFO] 		 - Running Shared ESS optimization (subproblem)...
[INFO] 			 - Node 5...
[INFO] Shared ESS complementarity diagnostics for ESS node=5: ratio_max=0.000000e+00 n_periods=0 mu_final=9.090909e-12 s_obj=1.000000e-01 eps=1.000000e-05 bound=0.000000e+00 measured=0.000000e+00
[INFO] 			 - Node 7...
[INFO] Shared ESS complementarity diagnostics for ESS node=7: ratio_max=0.000000e+00 n_periods=0 mu_final=9.090909e-12 s_obj=1.000000e-01 eps=1.000000e-05 bound=0.000000e+00 measured=0.000000e+00
[INFO] 			 - Node 9...
[INFO] Shared ESS complementarity diagnostics for ESS node=9: ratio_max=0.000000e+00 n_periods=0 mu_final=9.090909e-12 s_obj=1.000000e-01 eps=1.000000e-05 bound=0.000000e+00 measured=0.000000e+00
[ADMM OF SCALE] n=16 | min=1.818377e+07 | median=4.280648e+07 | max=5.642210e+07 | selected=5.642210e+07
[ADMM OF SCALE] Largest weighted objectives:
  DSO node=9 year=2025 day=Winter | base=5.642210e+07 | scenario=2.601371e-06 | total=5.642210e+07
  DSO node=9 year=2025 day=Autumn | base=5.444429e+07 | scenario=2.206727e-07 | total=5.444429e+07
  DSO node=9 year=2025 day=Spring | base=5.088698e+07 | scenario=3.343921e-06 | total=5.088698e+07
  DSO node=5 year=2025 day=Spring | base=4.823466e+07 | scenario=1.318708e-07 | total=4.823466e+07
  DSO node=5 year=2025 day=Autumn | base=4.717992e+07 | scenario=1.468746e-07 | total=4.717992e+07
  DSO node=5 year=2025 day=Summer | base=4.603006e+07 | scenario=1.064073e-07 | total=4.603006e+07
  DSO node=5 year=2025 day=Winter | base=4.591306e+07 | scenario=1.310009e-07 | total=4.591306e+07
  DSO node=7 year=2025 day=Spring | base=4.287095e+07 | scenario=8.803636e-07 | total=4.287095e+07
  DSO node=9 year=2025 day=Summer | base=4.274200e+07 | scenario=3.313357e-06 | total=4.274200e+07
  DSO node=7 year=2025 day=Summer | base=4.173246e+07 | scenario=1.282552e-06 | total=4.173246e+07
[ADMM OF SCALE] Fixed sigma in force sigma_fixed=9.363536e+07 | sigma_computed=5.642210e+07 | ratio=6.025725e-01 | assert_factor=3.000
[ADMM ESSO AL SCALE] mode=sigma_over_median_block_weight | sigma=9.363536e+07 | median_block_weight=4.550000e+02 | al_scale_esso=2.057920e+05
[INFO] 	 - ADMM Iteration 1
[INFO] 		 - Updating distribution networks:
[INFO] 			 - Running SMOPF, Network case33_1, 2025, Spring...
[INFO] 			 - Running SMOPF, Network case33_1, 2025, Summer...
[INFO] 			 - Running SMOPF, Network case33_1, 2025, Autumn...
[INFO] 			 - Running SMOPF, Network case33_1, 2025, Winter...
[INFO] 			 - Running SMOPF, Network case33_2, 2025, Spring...
[INFO] 			 - Running SMOPF, Network case33_2, 2025, Summer...
[INFO] 			 - Running SMOPF, Network case33_2, 2025, Autumn...
[INFO] 			 - Running SMOPF, Network case33_2, 2025, Winter...
[INFO] 			 - Running SMOPF, Network case33_3, 2025, Spring...
[INFO] 			 - Running SMOPF, Network case33_3, 2025, Summer...
[INFO] 			 - Running SMOPF, Network case33_3, 2025, Autumn...
[INFO] 			 - Running SMOPF, Network case33_3, 2025, Winter...
[INFO] 		 - Updating transmission network...
[INFO] 			 - Running SMOPF, Network case9, 2025, Spring...
[INFO] 			 - Running SMOPF, Network case9, 2025, Summer...
[INFO] 			 - Running SMOPF, Network case9, 2025, Autumn...
[INFO] 			 - Running SMOPF, Network case9, 2025, Winter...
[TSO PROX] cycle=1 | updated_blocks=4 | held_failed_blocks=0 | V max=0.190852 | PF max=1.997319 | ESS max=0.000000
[TSO PROX][V MAX] node=7, year=2025, day=Winter, period=11 | dV=65.844056 kV | normalized=0.190852
[TSO PROX][PF MAX] node=7, year=2025, day=Autumn, period=10, type=P | delta=199.731852 MW | normalized=1.997319
[TSO PROX][ESS MAX] node=5, year=2025, day=Spring, period=0, type=P | delta=0.000000 MW | normalized=0.000000
[INFO] 		 - Updating SharedESS...
[INFO] 		 - Running Shared ESS optimization (subproblem)...
[INFO] 			 - Node 5...
[INFO] Shared ESS complementarity diagnostics for ESS node=5: ratio_max=0.000000e+00 n_periods=0 mu_final=9.090909e-12 s_obj=1.000000e-01 eps=1.000000e-05 bound=0.000000e+00 measured=0.000000e+00
[INFO] 			 - Node 7...
[INFO] Shared ESS complementarity diagnostics for ESS node=7: ratio_max=0.000000e+00 n_periods=0 mu_final=9.090909e-12 s_obj=1.000000e-01 eps=1.000000e-05 bound=0.000000e+00 measured=0.000000e+00
[INFO] 			 - Node 9...
[INFO] Shared ESS complementarity diagnostics for ESS node=9: ratio_max=0.000000e+00 n_periods=0 mu_final=9.090909e-12 s_obj=1.000000e-01 eps=1.000000e-05 bound=0.000000e+00 measured=0.000000e+00
[DIAG][V MAX] node=9, year=2025, day=Autumn, period=15 | TSO=379.499911 kV, DSO=310.503388 kV, diff=68.996522 kV, base=345.000000 kV, normalized=0.199990, rho(TSO/DSO)=0.007700/0.007700
[DIAG][PF MAX] node=7, year=2025, day=Summer, period=8, type=P | TSO=128.675860 MW, DSO=29.114298 MW, diff=99.561561 MW, rating=100.000000 MVA, normalized=0.995616, rho(TSO/DSO)=0.198000/0.198000
[INFO]		 - interface Vmag max primal residual failed. 0.199990 > 0.010000
[INFO]		 - interface Vmag mean primal residual failed. 0.120436 > 0.001000
[INFO]		 - interface PF max primal residual failed. 0.995616 > 0.010000
[INFO]		 - interface PF mean primal residual failed. 0.714566 > 0.001000
[INFO]		 - interface PF mean dual residual failed. 0.146066 > 0.010000
[INFO]		 - Recourse stationarity requires one previous successful cycle.
[ADMM RHO] V | primal max ratio=19.999 | primal mean ratio=120.436 | primal selected=120.436 | dual mean ratio=0.072 | increase threshold=5.0 | decrease threshold=5.0 | action=increased
[ADMM RHO BOYD] V | r=2.185358e+00 | s=1.683824e-02 | eps_pri=1.971342e-03 | eps_dual=1.706407e-04 | primal_ratio=1.108564e+03 | dual_ratio=9.867660e+01 | dual_ratio_balance=9.867660e+01 | rho_before=7.700000e-03 | rho_after=1.155000e-02 | gamma_before=0.000000e+00 | gamma_after=0.000000e+00 | action=increased
[ADMM RHO] PF | primal max ratio=99.562 | primal mean ratio=714.566 | primal selected=714.566 | dual mean ratio=14.607 | increase threshold=5.0 | decrease threshold=3.0 | action=held
[ADMM RHO BOYD] PF | r=1.835223e+01 | s=6.669330e+00 | eps_pri=1.933317e-03 | eps_dual=2.454799e-04 | primal_ratio=9.492610e+03 | dual_ratio=2.716854e+04 | dual_ratio_balance=2.716854e+04 | rho_before=1.980000e-01 | rho_after=1.980000e-01 | gamma_before=0.000000e+00 | gamma_after=0.000000e+00 | action=held
[ADMM RHO] ESS | primal max ratio=0.000 | primal mean ratio=0.000 | primal selected=0.000 | dual mean ratio=0.000 | increase threshold=5.0 | decrease threshold=5.0 | action=exempt (fixed)
[ADMM RHO BOYD] ESS | r=1.635903e-24 | s=1.156758e-26 | eps_pri=4.156922e-04 | eps_dual=4.156922e-04 | primal_ratio=3.935370e-21 | dual_ratio=2.782727e-23 | dual_ratio_balance=2.782727e-23 | rho_before=1.000000e-02 | rho_after=1.000000e-02 | gamma_before=0.000000e+00 | gamma_after=0.000000e+00 | action=exempt (fixed)
[INFO]		 - ADMM cycle 1 | Primal (V max/mean | PF max/mean | ESS max/mean) = 0.199990/0.120436 | 0.995616/0.714566 | 0.000000/0.000000 | Dual (V max/mean | PF max/mean | ESS max/mean) = 0.001470/0.000719 | 0.395469/0.146066 | 0.000000/0.000000 | Recourse change = N/A (tol. N/A) | Stable cycles = 0/10 | Penalty actions (V/PF/ESS) = increased/held/exempt (fixed)
[INFO] 	 - Iteration 1: 81.20 s
[INFO] 	 - ADMM Iteration 2
[INFO] 		 - Updating distribution networks:
[INFO] 			 - Running SMOPF, Network case33_1, 2025, Spring...
[INFO] 			 - Running SMOPF, Network case33_1, 2025, Summer...
[INFO] 			 - Running SMOPF, Network case33_1, 2025, Autumn...
[INFO] 			 - Running SMOPF, Network case33_1, 2025, Winter...
[INFO] 			 - Running SMOPF, Network case33_2, 2025, Spring...
[INFO] 			 - Running SMOPF, Network case33_2, 2025, Summer...
[INFO] 			 - Running SMOPF, Network case33_2, 2025, Autumn...
[INFO] 			 - Running SMOPF, Network case33_2, 2025, Winter...
[INFO] 			 - Running SMOPF, Network case33_3, 2025, Spring...
[INFO] 			 - Running SMOPF, Network case33_3, 2025, Summer...
[INFO] 			 - Running SMOPF, Network case33_3, 2025, Autumn...
[INFO] 			 - Running SMOPF, Network case33_3, 2025, Winter...
[INFO] 		 - Updating transmission network...
[INFO] 			 - Running SMOPF, Network case9, 2025, Spring...
[INFO] 			 - Running SMOPF, Network case9, 2025, Summer...
[INFO] 			 - Running SMOPF, Network case9, 2025, Autumn...
[INFO] 			 - Running SMOPF, Network case9, 2025, Winter...
[TSO PROX] cycle=2 | updated_blocks=4 | held_failed_blocks=0 | V max=0.081907 | PF max=0.924892 | ESS max=0.000000
[TSO PROX][V MAX] node=9, year=2025, day=Summer, period=22 | dV=28.257848 kV | normalized=0.081907
[TSO PROX][PF MAX] node=9, year=2025, day=Summer, period=23, type=Q | delta=138.733755 MVAr | normalized=0.924892
[TSO PROX][ESS MAX] node=5, year=2025, day=Spring, period=0, type=P | delta=0.000000 MW | normalized=0.000000
[INFO] 		 - Updating SharedESS...
[INFO] 		 - Running Shared ESS optimization (subproblem)...
[INFO] 			 - Node 5...
[INFO] Shared ESS complementarity diagnostics for ESS node=5: ratio_max=0.000000e+00 n_periods=0 mu_final=9.090909e-12 s_obj=1.000000e-01 eps=1.000000e-05 bound=0.000000e+00 measured=0.000000e+00
[INFO] 			 - Node 7...
[INFO] Shared ESS complementarity diagnostics for ESS node=7: ratio_max=0.000000e+00 n_periods=0 mu_final=9.090909e-12 s_obj=1.000000e-01 eps=1.000000e-05 bound=0.000000e+00 measured=0.000000e+00
[INFO] 			 - Node 9...
[INFO] Shared ESS complementarity diagnostics for ESS node=9: ratio_max=0.000000e+00 n_periods=0 mu_final=9.090909e-12 s_obj=1.000000e-01 eps=1.000000e-05 bound=0.000000e+00 measured=0.000000e+00
[DIAG][V MAX] node=9, year=2025, day=Summer, period=22 | TSO=362.041108 kV, DSO=324.867324 kV, diff=37.173785 kV, base=345.000000 kV, normalized=0.107750, rho(TSO/DSO)=0.011550/0.011550
[DIAG][PF MAX] node=5, year=2025, day=Summer, period=14, type=P | TSO=11.792812 MW, DSO=-6.715702 MW, diff=18.508514 MW, rating=200.000000 MVA, normalized=0.092543, rho(TSO/DSO)=0.198000/0.198000
[INFO]		 - interface Vmag max primal residual failed. 0.107750 > 0.010000
[INFO]		 - interface Vmag mean primal residual failed. 0.042136 > 0.001000
[INFO]		 - interface PF max primal residual failed. 0.092543 > 0.010000
[INFO]		 - interface PF mean primal residual failed. 0.006442 > 0.001000
[INFO]		 - interface PF mean dual residual failed. 0.074715 > 0.010000
[RECOURSE JUMP] cycle=2 | abs_change=4.866123e+08 | tol=9.705123e+04 | signed_change=-4.866123e+08
[RECOURSE JUMP] Reconciliation | previous=9.705123e+08 | current=4.839000e+08 | block_delta=-4.866123e+08 | mismatch=+4.768372e-07
[RECOURSE JUMP] Aggregate signed changes:
  TSO | delta=-4.357959e+08
  DSO node=7 | delta=-2.123751e+07
  DSO node=5 | delta=-1.579256e+07
  DSO node=9 | delta=-1.378626e+07
  SALVAGE | delta=+0.000000e+00
[RECOURSE JUMP] Largest 10 block changes:
  TSO node=None year=2025 day=Spring | previous=2.533571e+08 | current=1.053385e+08 | delta=-1.480186e+08 | abs_delta=1.480186e+08
    [RECOURSE JUMP][TSO PROX] year=2025 day=Spring | V max=0.069299 | PF max=0.850901 | ESS max=0.000000
    [RECOURSE COMPONENTS] gen=-1.480186e+08 | flex=+0.000000e+00 | load_curt=+0.000000e+00 | res_curt=+0.000000e+00 | ess_usage=+0.000000e+00 | slacks=-5.193967e-08 | ess_comp=+0.000000e+00
    [SLACK COMPONENTS] voltage=-5.193970e-08 | node_P=+0.000000e+00 | node_Q=+0.000000e+00 | branch_ij=+0.000000e+00 | branch_ji=+0.000000e+00 | flex_P=+0.000000e+00 | flex_Q=+0.000000e+00
    [SLACK COMPONENT CHECK] classified_delta=-5.193970e-08 | objective_slack_delta=-5.193967e-08 | mismatch=-2.842171e-14
    [RECOURSE COMPONENT CHECK] classified_delta=-1.480186e+08 | block_delta=-1.480186e+08 | mismatch=+1.788139e-07
  TSO node=None year=2025 day=Summer | previous=2.193466e+08 | current=1.095270e+08 | delta=-1.098196e+08 | abs_delta=1.098196e+08
    [RECOURSE JUMP][TSO PROX] year=2025 day=Summer | V max=0.081907 | PF max=0.924892 | ESS max=0.000000
    [RECOURSE COMPONENTS] gen=-1.098196e+08 | flex=+0.000000e+00 | load_curt=+0.000000e+00 | res_curt=+0.000000e+00 | ess_usage=+0.000000e+00 | slacks=-5.930366e-08 | ess_comp=+0.000000e+00
    [SLACK COMPONENTS] voltage=-5.930368e-08 | node_P=+0.000000e+00 | node_Q=+0.000000e+00 | branch_ij=+0.000000e+00 | branch_ji=+0.000000e+00 | flex_P=+0.000000e+00 | flex_Q=+0.000000e+00
    [SLACK COMPONENT CHECK] classified_delta=-5.930368e-08 | objective_slack_delta=-5.930366e-08 | mismatch=-2.131628e-14
    [RECOURSE COMPONENT CHECK] classified_delta=-1.098196e+08 | block_delta=-1.098196e+08 | mismatch=+5.960464e-08
  TSO node=None year=2025 day=Winter | previous=1.993134e+08 | current=1.026208e+08 | delta=-9.669262e+07 | abs_delta=9.669262e+07
    [RECOURSE JUMP][TSO PROX] year=2025 day=Winter | V max=0.067155 | PF max=0.849050 | ESS max=0.000000
    [RECOURSE COMPONENTS] gen=-9.669280e+07 | flex=+0.000000e+00 | load_curt=+0.000000e+00 | res_curt=+0.000000e+00 | ess_usage=+0.000000e+00 | slacks=+1.792480e+02 | ess_comp=+0.000000e+00
    [SLACK COMPONENTS] voltage=+1.792480e+02 | node_P=+0.000000e+00 | node_Q=+0.000000e+00 | branch_ij=+0.000000e+00 | branch_ji=+0.000000e+00 | flex_P=+0.000000e+00 | flex_Q=+0.000000e+00
    [SLACK COMPONENT CHECK] classified_delta=+1.792480e+02 | objective_slack_delta=+1.792480e+02 | mismatch=-5.684342e-14
    [RECOURSE COMPONENT CHECK] classified_delta=-9.669262e+07 | block_delta=-9.669262e+07 | mismatch=+1.341105e-07
  TSO node=None year=2025 day=Autumn | previous=1.963782e+08 | current=1.151131e+08 | delta=-8.126511e+07 | abs_delta=8.126511e+07
    [RECOURSE JUMP][TSO PROX] year=2025 day=Autumn | V max=0.079774 | PF max=0.892519 | ESS max=0.000000
    [RECOURSE COMPONENTS] gen=-8.126511e+07 | flex=+0.000000e+00 | load_curt=+0.000000e+00 | res_curt=+0.000000e+00 | ess_usage=+0.000000e+00 | slacks=-7.322556e-08 | ess_comp=+0.000000e+00
    [SLACK COMPONENTS] voltage=-7.322557e-08 | node_P=+0.000000e+00 | node_Q=+0.000000e+00 | branch_ij=+0.000000e+00 | branch_ji=+0.000000e+00 | flex_P=+0.000000e+00 | flex_Q=+0.000000e+00
    [SLACK COMPONENT CHECK] classified_delta=-7.322557e-08 | objective_slack_delta=-7.322556e-08 | mismatch=-7.105427e-15
    [RECOURSE COMPONENT CHECK] classified_delta=-8.126511e+07 | block_delta=-8.126511e+07 | mismatch=+4.917383e-07
  DSO node=9 year=2025 day=Spring | previous=1.161010e+07 | current=2.788787e+06 | delta=-8.821310e+06 | abs_delta=8.821310e+06
    [RECOURSE COMPONENTS] gen=+0.000000e+00 | flex=-7.732059e+06 | load_curt=+0.000000e+00 | res_curt=+0.000000e+00 | ess_usage=+0.000000e+00 | slacks=-1.089251e+06 | ess_comp=+0.000000e+00
    [SLACK COMPONENTS] voltage=-3.947272e-02 | node_P=+0.000000e+00 | node_Q=+0.000000e+00 | branch_ij=+0.000000e+00 | branch_ji=+0.000000e+00 | flex_P=-1.089251e+06 | flex_Q=+0.000000e+00
    [SLACK COMPONENT CHECK] classified_delta=-1.089251e+06 | objective_slack_delta=-1.089251e+06 | mismatch=-2.328306e-10
    [RECOURSE COMPONENT CHECK] classified_delta=-8.821310e+06 | block_delta=-8.821310e+06 | mismatch=+1.050642e-03
  DSO node=5 year=2025 day=Summer | previous=9.765935e+06 | current=1.485756e+06 | delta=-8.280179e+06 | abs_delta=8.280179e+06
    [RECOURSE COMPONENTS] gen=+0.000000e+00 | flex=-8.280178e+06 | load_curt=+0.000000e+00 | res_curt=+0.000000e+00 | ess_usage=+0.000000e+00 | slacks=-1.035419e+00 | ess_comp=+0.000000e+00
    [SLACK COMPONENTS] voltage=-6.021382e-03 | node_P=+0.000000e+00 | node_Q=+0.000000e+00 | branch_ij=+0.000000e+00 | branch_ji=+0.000000e+00 | flex_P=-1.029397e+00 | flex_Q=+0.000000e+00
    [SLACK COMPONENT CHECK] classified_delta=-1.035419e+00 | objective_slack_delta=-1.035419e+00 | mismatch=-2.131628e-14
    [RECOURSE COMPONENT CHECK] classified_delta=-8.280179e+06 | block_delta=-8.280179e+06 | mismatch=+1.125131e-05
  DSO node=7 year=2025 day=Summer | previous=1.540754e+07 | current=7.760915e+06 | delta=-7.646622e+06 | abs_delta=7.646622e+06
    [RECOURSE COMPONENTS] gen=+0.000000e+00 | flex=-3.666160e+05 | load_curt=+0.000000e+00 | res_curt=+0.000000e+00 | ess_usage=+0.000000e+00 | slacks=-7.280006e+06 | ess_comp=+0.000000e+00
    [SLACK COMPONENTS] voltage=-3.479073e-02 | node_P=+0.000000e+00 | node_Q=+0.000000e+00 | branch_ij=+0.000000e+00 | branch_ji=+0.000000e+00 | flex_P=-7.280006e+06 | flex_Q=+0.000000e+00
    [SLACK COMPONENT CHECK] classified_delta=-7.280006e+06 | objective_slack_delta=-7.280006e+06 | mismatch=+9.313226e-10
    [RECOURSE COMPONENT CHECK] classified_delta=-7.646622e+06 | block_delta=-7.646622e+06 | mismatch=+1.482195e-03
  DSO node=7 year=2025 day=Autumn | previous=8.916856e+06 | current=1.395669e+06 | delta=-7.521188e+06 | abs_delta=7.521188e+06
    [RECOURSE COMPONENTS] gen=+0.000000e+00 | flex=-2.411820e+05 | load_curt=+0.000000e+00 | res_curt=+0.000000e+00 | ess_usage=+0.000000e+00 | slacks=-7.280006e+06 | ess_comp=+0.000000e+00
    [SLACK COMPONENTS] voltage=-1.438623e-02 | node_P=+0.000000e+00 | node_Q=+0.000000e+00 | branch_ij=+0.000000e+00 | branch_ji=+0.000000e+00 | flex_P=-7.280006e+06 | flex_Q=+0.000000e+00
    [SLACK COMPONENT CHECK] classified_delta=-7.280006e+06 | objective_slack_delta=-7.280006e+06 | mismatch=+1.862645e-09
    [RECOURSE COMPONENT CHECK] classified_delta=-7.521188e+06 | block_delta=-7.521188e+06 | mismatch=+1.007220e-03
  DSO node=7 year=2025 day=Winter | previous=1.199483e+07 | current=4.940954e+06 | delta=-7.053876e+06 | abs_delta=7.053876e+06
    [RECOURSE COMPONENTS] gen=+0.000000e+00 | flex=+2.261305e+05 | load_curt=+0.000000e+00 | res_curt=+0.000000e+00 | ess_usage=+0.000000e+00 | slacks=-7.280006e+06 | ess_comp=+0.000000e+00
    [SLACK COMPONENTS] voltage=-4.257919e-03 | node_P=+0.000000e+00 | node_Q=+0.000000e+00 | branch_ij=+0.000000e+00 | branch_ji=+0.000000e+00 | flex_P=-7.280006e+06 | flex_Q=+0.000000e+00
    [SLACK COMPONENT CHECK] classified_delta=-7.280006e+06 | objective_slack_delta=-7.280006e+06 | mismatch=-2.793968e-09
    [RECOURSE COMPONENT CHECK] classified_delta=-7.053876e+06 | block_delta=-7.053876e+06 | mismatch=+6.737914e-04
  DSO node=9 year=2025 day=Winter | previous=8.606044e+06 | current=4.609935e+06 | delta=-3.996109e+06 | abs_delta=3.996109e+06
    [RECOURSE COMPONENTS] gen=+0.000000e+00 | flex=-3.996108e+06 | load_curt=+0.000000e+00 | res_curt=+0.000000e+00 | ess_usage=+0.000000e+00 | slacks=-8.731069e-01 | ess_comp=+0.000000e+00
    [SLACK COMPONENTS] voltage=+1.546938e-03 | node_P=+0.000000e+00 | node_Q=+0.000000e+00 | branch_ij=+0.000000e+00 | branch_ji=+0.000000e+00 | flex_P=-8.746538e-01 | flex_Q=+0.000000e+00
    [SLACK COMPONENT CHECK] classified_delta=-8.731069e-01 | objective_slack_delta=-8.731069e-01 | mismatch=+9.947598e-14
    [RECOURSE COMPONENT CHECK] classified_delta=-3.996109e+06 | block_delta=-3.996109e+06 | mismatch=+1.281057e-04
[INFO]		 - Recourse stationarity failed. 486612275.071337 > 97051.230953
[ADMM RHO] V | primal max ratio=10.775 | primal mean ratio=42.136 | primal selected=42.136 | dual mean ratio=0.094 | increase threshold=5.0 | decrease threshold=5.0 | action=increased
[ADMM RHO BOYD] V | r=7.874286e-01 | s=7.257313e-03 | eps_pri=1.981923e-03 | eps_dual=1.701837e-04 | primal_ratio=3.973054e+02 | dual_ratio=4.264399e+01 | dual_ratio_balance=4.264399e+01 | rho_before=1.155000e-02 | rho_after=1.732500e-02 | gamma_before=0.000000e+00 | gamma_after=0.000000e+00 | action=increased
[ADMM RHO] PF | primal max ratio=9.254 | primal mean ratio=6.442 | primal selected=9.254 | dual mean ratio=7.472 | increase threshold=5.0 | decrease threshold=3.0 | action=decreased
[ADMM RHO BOYD] PF | r=2.666156e-01 | s=2.536729e+00 | eps_pri=9.733081e-04 | eps_dual=2.430143e-04 | primal_ratio=2.739272e+02 | dual_ratio=1.043860e+04 | dual_ratio_balance=1.043860e+04 | rho_before=1.980000e-01 | rho_after=1.320000e-01 | gamma_before=0.000000e+00 | gamma_after=0.000000e+00 | action=decreased
[ADMM RHO] ESS | primal max ratio=0.000 | primal mean ratio=0.000 | primal selected=0.000 | dual mean ratio=0.000 | increase threshold=5.0 | decrease threshold=5.0 | action=exempt (fixed)
[ADMM RHO BOYD] ESS | r=9.105569e-25 | s=1.800619e-26 | eps_pri=4.156922e-04 | eps_dual=4.156922e-04 | primal_ratio=2.190459e-21 | dual_ratio=4.331615e-23 | dual_ratio_balance=4.331615e-23 | rho_before=1.000000e-02 | rho_after=1.000000e-02 | gamma_before=0.000000e+00 | gamma_after=0.000000e+00 | action=exempt (fixed)
[INFO]		 - ADMM cycle 2 | Primal (V max/mean | PF max/mean | ESS max/mean) = 0.107750/0.042136 | 0.092543/0.006442 | 0.000000/0.000000 | Dual (V max/mean | PF max/mean | ESS max/mean) = 0.002310/0.000937 | 0.248485/0.074715 | 0.000000/0.000000 | Recourse change = 486612275.071337 (tol. 97051.230953) | Stable cycles = 0/10 | Penalty actions (V/PF/ESS) = increased/decreased/exempt (fixed)
[INFO] 	 - Iteration 2: 46.65 s
[WARNING] 	 - ADMM did NOT converge in 2 iterations!
[INFO] 	 - Execution time: 160.98 s
[P5.15-G s51limit_large] recourse=483900034.45910597 cycles=2 solves=57 local_failures=0 wall=161s
   EFC/day max across nodes: None (threshold 1.4612)
   detector grouping clean: True (observed 9 / expected 9)
   network failures: {'n_blocks': 0, 'classes': {'recovered_tier1': 0, 'recovered_tier2': 0, 'unrecovered': 0, 'not_attempted': 0, 'indeterminate': 0, 'recovered': 0}, 'n_frozen_snapshots': 0, 'n_esso_recovery_events': 0, 'path': 'data/SRP1/Results/P515S51/2x2_limit_gate/limit_r1/arm_large/network_failures_s51limit_large.jsonl'}
16:48:13 [W39-gate2] arm large: cycles=2 rms_mw=8.356475752402994e-10 charge=-113.36940690709964
16:48:13 [W39-gate2]    both_arms_ran_the_declared_cycles: True
16:48:13 [W39-gate2]    both_arms_reconcile_their_solves: True
16:48:13 [W39-gate2]    process_guard_verified_exactly: True
16:48:13 [W39-gate2]    no_blocked_solver_calls: True
16:48:13 [W39-gate2]    row18_wired_on_every_dso_block_in_both_arms: True
16:48:13 [W39-gate2]    alpha_recorded_per_arm_matches_the_declaration: True
16:48:13 [W39-gate2]    large_arm_dispersion_below_the_declared_tolerance: True
16:48:13 [W39-gate2]    large_arm_dispersion_collapses_against_the_pilot: True
16:48:13 [W39-gate2] GATE_PASS=True; ratio large/pilot = 2.468978056421927e-10
