[W43] inputs verified against manifests: ['ab_r2', 'alpha_star_r1', 'alpha_star_r2_fine', 'alpha_legs_r1']; instance fe054c22; node 7
[W43] solves: {'permitted_solve': 0, 'permitted_exec': 0, 'blocked_solve': 0, 'blocked_exec': 0} (declared 0)
[W43] alpha_star_r2_fine alpha_0.06   2025:Spring  E|d|=   0.6594 Ecurt=  26.5737 Eup=0.0010 Edown=0.0010 Eres=  22.6117 kappa_eff=1.0000000000000002 curt_chk=-7.11e-15 obj_res_all=0.00e+00 obj_res_4=5.34e-12
[W43] alpha_star_r2_fine alpha_0.06   2025:Summer  E|d|=   0.0001 Ecurt=  50.3495 Eup=0.0005 Edown=0.0005 Eres=  23.9727 kappa_eff=0.9999999999999999 curt_chk=7.11e-15 obj_res_all=0.00e+00 obj_res_4=5.73e-12
[W43] alpha_star_r2_fine alpha_0.06   2025:Autumn  E|d|=   0.0000 Ecurt=  31.3143 Eup=0.0003 Edown=0.0003 Eres=  17.8537 kappa_eff=0.9999999999999998 curt_chk=7.11e-15 obj_res_all=0.00e+00 obj_res_4=6.30e-12
[W43] alpha_star_r2_fine alpha_0.06   2025:Winter  E|d|=   0.0000 Ecurt=  43.1724 Eup=0.0011 Edown=0.0011 Eres=  20.8965 kappa_eff=1.0000000000000002 curt_chk=-1.42e-14 obj_res_all=0.00e+00 obj_res_4=6.30e-12
[W43] alpha_star_r2_fine alpha_0.07   2025:Spring  E|d|=   0.6586 Ecurt=  26.5743 Eup=0.0010 Edown=0.0010 Eres=  22.6118 kappa_eff=1.0 curt_chk=0.00e+00 obj_res_all=0.00e+00 obj_res_4=5.34e-12
[W43] alpha_star_r2_fine alpha_0.07   2025:Summer  E|d|=   0.0001 Ecurt=  50.3495 Eup=0.0005 Edown=0.0005 Eres=  23.9727 kappa_eff=1.0000000000000002 curt_chk=-1.42e-14 obj_res_all=0.00e+00 obj_res_4=5.73e-12
[W43] alpha_star_r2_fine alpha_0.07   2025:Autumn  E|d|=   0.0000 Ecurt=  31.3143 Eup=0.0003 Edown=0.0003 Eres=  17.8537 kappa_eff=0.9999999999999996 curt_chk=1.42e-14 obj_res_all=0.00e+00 obj_res_4=6.30e-12
[W43] alpha_star_r2_fine alpha_0.07   2025:Winter  E|d|=   0.0000 Ecurt=  43.1724 Eup=0.0011 Edown=0.0011 Eres=  20.8965 kappa_eff=0.9999999999999999 curt_chk=7.11e-15 obj_res_all=0.00e+00 obj_res_4=6.30e-12
[W43] alpha_star_r2_fine alpha_0.08   2025:Spring  E|d|=   0.6565 Ecurt=  26.5760 Eup=0.0010 Edown=0.0010 Eres=  22.6122 kappa_eff=0.9999999999999998 curt_chk=7.11e-15 obj_res_all=0.00e+00 obj_res_4=5.34e-12
[W43] alpha_star_r2_fine alpha_0.08   2025:Summer  E|d|=   0.0001 Ecurt=  50.3496 Eup=0.0005 Edown=0.0005 Eres=  23.9727 kappa_eff=0.9999999999999999 curt_chk=7.11e-15 obj_res_all=0.00e+00 obj_res_4=5.73e-12
[W43] alpha_star_r2_fine alpha_0.08   2025:Autumn  E|d|=   0.0000 Ecurt=  31.3143 Eup=0.0003 Edown=0.0003 Eres=  17.8537 kappa_eff=1.0 curt_chk=0.00e+00 obj_res_all=0.00e+00 obj_res_4=6.30e-12
[W43] alpha_star_r2_fine alpha_0.08   2025:Winter  E|d|=   0.0000 Ecurt=  43.1725 Eup=0.0011 Edown=0.0011 Eres=  20.8965 kappa_eff=1.0 curt_chk=0.00e+00 obj_res_all=0.00e+00 obj_res_4=6.30e-12
[W43] alpha_star_r2_fine alpha_0.09   2025:Spring  E|d|=   0.6343 Ecurt=  26.5958 Eup=0.0010 Edown=0.0010 Eres=  22.6145 kappa_eff=1.0 curt_chk=0.00e+00 obj_res_all=0.00e+00 obj_res_4=4.96e-11
[W43] alpha_star_r2_fine alpha_0.09   2025:Summer  E|d|=   0.0000 Ecurt=  50.3496 Eup=0.0005 Edown=0.0005 Eres=  23.9727 kappa_eff=0.9999999999999999 curt_chk=7.11e-15 obj_res_all=0.00e+00 obj_res_4=5.73e-12
[W43] alpha_star_r2_fine alpha_0.09   2025:Autumn  E|d|=   0.0000 Ecurt=  31.3143 Eup=0.0003 Edown=0.0003 Eres=  17.8537 kappa_eff=0.9999999999999999 curt_chk=3.55e-15 obj_res_all=0.00e+00 obj_res_4=6.30e-12
[W43] alpha_star_r2_fine alpha_0.09   2025:Winter  E|d|=   0.0000 Ecurt=  43.1725 Eup=0.0011 Edown=0.0011 Eres=  20.8965 kappa_eff=1.0000000000000002 curt_chk=-1.42e-14 obj_res_all=0.00e+00 obj_res_4=6.30e-12
[W43] alpha_legs_r1      alpha_0.0    2025:Spring  E|d|=  31.8654 Ecurt=   0.0005 Eup=0.0010 Edown=0.0010 Eres=  21.3511 kappa_eff=None curt_chk=-8.42e-15 obj_res_all=0.00e+00 obj_res_4=1.11e-16
[W43] alpha_legs_r1      alpha_0.0    2025:Summer  E|d|=  56.1555 Ecurt=  -0.0010 Eup=0.0005 Edown=0.0005 Eres=  21.8909 kappa_eff=None curt_chk=1.34e-14 obj_res_all=0.00e+00 obj_res_4=4.44e-16
[W43] alpha_legs_r1      alpha_0.0    2025:Autumn  E|d|=  35.4457 Ecurt=  -0.0003 Eup=0.0003 Edown=0.0003 Eres=  16.4501 kappa_eff=None curt_chk=-6.54e-15 obj_res_all=0.00e+00 obj_res_4=0.00e+00
[W43] alpha_legs_r1      alpha_0.0    2025:Winter  E|d|=  48.3722 Ecurt=  -0.0020 Eup=0.0011 Edown=0.0011 Eres=  18.8734 kappa_eff=None curt_chk=-2.00e-14 obj_res_all=0.00e+00 obj_res_4=1.11e-16
[W43] alpha_legs_r1      alpha_0.05   2025:Spring  E|d|=   0.6629 Ecurt=  26.5706 Eup=0.0010 Edown=0.0010 Eres=  22.6116 kappa_eff=0.9999999999999998 curt_chk=7.11e-15 obj_res_all=0.00e+00 obj_res_4=5.34e-12
[W43] alpha_legs_r1      alpha_0.05   2025:Summer  E|d|=   0.0002 Ecurt=  50.3495 Eup=0.0005 Edown=0.0005 Eres=  23.9727 kappa_eff=1.0 curt_chk=0.00e+00 obj_res_all=0.00e+00 obj_res_4=5.72e-12
[W43] alpha_legs_r1      alpha_0.05   2025:Autumn  E|d|=   0.0001 Ecurt=  31.3143 Eup=0.0003 Edown=0.0003 Eres=  17.8537 kappa_eff=1.0000000000000004 curt_chk=-1.42e-14 obj_res_all=0.00e+00 obj_res_4=6.30e-12
[W43] alpha_legs_r1      alpha_0.05   2025:Winter  E|d|=   0.0001 Ecurt=  43.1724 Eup=0.0011 Edown=0.0011 Eres=  20.8965 kappa_eff=1.0000000000000002 curt_chk=-7.11e-15 obj_res_all=0.00e+00 obj_res_4=6.30e-12
[W43] 2025:Spring  predicted alpha*=0.10191555704151364 (hour 14, min pibar over deviating hours 9.81204468708017); measured bracket [0.09, 0.1]; inside=False
[W43] 2025:Summer  predicted alpha*=0.026696332994469756 (hour 14, min pibar over deviating hours 37.458328086001686); measured bracket [0.02, 0.05]; inside=True
[W43] 2025:Autumn  predicted alpha*=0.012279048657975912 (hour 13, min pibar over deviating hours 81.43953394552642); measured bracket [0.01, 0.02]; inside=True
[W43] 2025:Winter  predicted alpha*=0.01177456683927155 (hour 4, min pibar over deviating hours 84.92881425282786); measured bracket [0.01, 0.02]; inside=True
[W43] hour test alpha_star_r2_fine alpha_0.06 2025:Spring: 24/24 agree; disagreements []
[W43] hour test alpha_star_r2_fine alpha_0.06 2025:Summer: 24/24 agree; disagreements []
[W43] hour test alpha_star_r2_fine alpha_0.06 2025:Autumn: 24/24 agree; disagreements []
[W43] hour test alpha_star_r2_fine alpha_0.06 2025:Winter: 24/24 agree; disagreements []
[W43] hour test alpha_star_r2_fine alpha_0.07 2025:Spring: 24/24 agree; disagreements []
[W43] hour test alpha_star_r2_fine alpha_0.07 2025:Summer: 24/24 agree; disagreements []
[W43] hour test alpha_star_r2_fine alpha_0.07 2025:Autumn: 24/24 agree; disagreements []
[W43] hour test alpha_star_r2_fine alpha_0.07 2025:Winter: 24/24 agree; disagreements []
[W43] hour test alpha_star_r2_fine alpha_0.08 2025:Spring: 24/24 agree; disagreements []
[W43] hour test alpha_star_r2_fine alpha_0.08 2025:Summer: 24/24 agree; disagreements []
[W43] hour test alpha_star_r2_fine alpha_0.08 2025:Autumn: 24/24 agree; disagreements []
[W43] hour test alpha_star_r2_fine alpha_0.08 2025:Winter: 24/24 agree; disagreements []
[W43] hour test alpha_star_r2_fine alpha_0.09 2025:Spring: 24/24 agree; disagreements []
[W43] hour test alpha_star_r2_fine alpha_0.09 2025:Summer: 24/24 agree; disagreements []
[W43] hour test alpha_star_r2_fine alpha_0.09 2025:Autumn: 24/24 agree; disagreements []
[W43] hour test alpha_star_r2_fine alpha_0.09 2025:Winter: 24/24 agree; disagreements []
[W43] hour test alpha_legs_r1 alpha_0.05 2025:Spring: 23/24 agree; disagreements [(13, -0.028, 0.00293)]
[W43] hour test alpha_legs_r1 alpha_0.05 2025:Summer: 24/24 agree; disagreements []
[W43] hour test alpha_legs_r1 alpha_0.05 2025:Autumn: 24/24 agree; disagreements []
[W43] hour test alpha_legs_r1 alpha_0.05 2025:Winter: 24/24 agree; disagreements []
[W43] duplicate-alpha checks: 12, all bitwise equal = True
[W43] wrote data/SRP1/Results/P515S51/mechanism_analysis/w43_r1/analysis.json
