[INFO] Scenario random seed: 2026
[INFO] Reading MARKET DATA from file(s)...
[INFO] 	 - Generating market scenarios...
[INFO] 	 - Plotting market scenarios...
[INFO] Reading DISTRIBUTION NETWORK DATA from file(s)...
[INFO]	 - Generating load stochastic scenarios...
[INFO]	 - Generating RES generation stochastic scenarios...
[INFO]	 - Generating flexibility stochastic scenarios...
[INFO]	 - Plotting flexibility profiles...
[INFO]	 - Plotting load scenarios...
[INFO]	 - Plotting RES generation scenarios...
[INFO] Reading DISTRIBUTION NETWORK DATA from file(s)...
[INFO]	 - Generating load stochastic scenarios...
[INFO]	 - Generating RES generation stochastic scenarios...
[INFO]	 - Generating flexibility stochastic scenarios...
[INFO]	 - Plotting flexibility profiles...
[INFO]	 - Plotting load scenarios...
[INFO]	 - Plotting RES generation scenarios...
[INFO] Reading DISTRIBUTION NETWORK DATA from file(s)...
[INFO]	 - Generating load stochastic scenarios...
[INFO]	 - Generating RES generation stochastic scenarios...
[INFO]	 - Generating flexibility stochastic scenarios...
[INFO]	 - Plotting flexibility profiles...
[INFO]	 - Plotting load scenarios...
[INFO]	 - Plotting RES generation scenarios...
[INFO] Reading TRANSMISSION NETWORK DATA from file(s)...
[INFO]	 - Generating load stochastic scenarios...
[INFO]	 - Generating RES generation stochastic scenarios...
[INFO]	 - Generating flexibility stochastic scenarios...
[INFO]	 - Plotting flexibility profiles...
[INFO]	 - Plotting load scenarios...
[INFO]	 - Plotting RES generation scenarios...
[INFO] Scenario checksum: 9d6335848b80ee9bb484ffd0c82fc70362b0ee02d79c5d351c15da1e25b0c857
[INFO] Reading SHARED ESS DATA from file(s)...
[INFO] Reading PLANNING PARAMETERS from file...
16:41:43 [W39-gate3] declared 12 solves (3 arms x 4 blocks); price table written for 12 DSO blocks
16:41:43 [W39-gate3] arm alpha = 0.0
[INFO] 		 - Distribution Network node 7...
[INFO] 			 - Running SMOPF, Network case33_2, 2025, Spring...
[INFO] 			 - Running SMOPF, Network case33_2, 2025, Summer...
[INFO] 			 - Running SMOPF, Network case33_2, 2025, Autumn...
[INFO] 			 - Running SMOPF, Network case33_2, 2025, Winter...
16:41:52 [W39-gate3] arm alpha=0.0: solved=True rms_mw=3.221496928776706 charge=0.0
16:41:52 [W39-gate3] arm alpha = 0.5
[INFO] 		 - Distribution Network node 7...
[INFO] 			 - Running SMOPF, Network case33_2, 2025, Spring...
[INFO] 			 - Running SMOPF, Network case33_2, 2025, Summer...
[INFO] 			 - Running SMOPF, Network case33_2, 2025, Autumn...
[INFO] 			 - Running SMOPF, Network case33_2, 2025, Winter...
16:42:03 [W39-gate3] arm alpha=0.5: solved=True rms_mw=8.580167911679501e-07 charge=-0.004992902559029581
16:42:03 [W39-gate3] arm alpha = 1000.0
[INFO] 		 - Distribution Network node 7...
[INFO] 			 - Running SMOPF, Network case33_2, 2025, Spring...
[INFO] 			 - Running SMOPF, Network case33_2, 2025, Summer...
[INFO] 			 - Running SMOPF, Network case33_2, 2025, Autumn...
[INFO] 			 - Running SMOPF, Network case33_2, 2025, Winter...
16:42:15 [W39-gate3] arm alpha=1000.0: solved=True rms_mw=2.4859884848362756e-12 charge=-37.789803800560264
16:42:15 [W39-gate3]    every_arm_solved_every_block: True
16:42:15 [W39-gate3]    solve_count_verified_exactly: True
16:42:15 [W39-gate3]    no_blocked_solver_calls: True
16:42:15 [W39-gate3]    row18_present_iff_alpha_positive: True
16:42:15 [W39-gate3]    alpha_zero_arm_has_no_row18_component: True
16:42:15 [W39-gate3]    large_arm_dispersion_below_the_declared_tolerance: True
16:42:15 [W39-gate3]    dispersion_non_increasing_in_alpha: True
16:42:15 [W39-gate3]    objective_equals_objective_function_rule_on_every_block: True
16:42:15 [W39-gate3] GATE_PASS=True; dispersion by alpha (MW) = {0.0: 3.221496928776706, 0.5: 8.580167911679501e-07, 1000.0: 2.4859884848362756e-12}
