[INFO] Scenario random seed: 2026
[INFO] Reading MARKET DATA from file(s)...
[INFO] 	 - Generating market scenarios...
[INFO] 	 - Plotting market scenarios...
[INFO] Reading DISTRIBUTION NETWORK DATA from file(s)...
[INFO]	 - Generating load stochastic scenarios...
[INFO]	 - Generating RES generation stochastic scenarios...
[INFO]	 - Generating flexibility stochastic scenarios...
[INFO]	 - Plotting flexibility profiles...
[INFO]	 - Plotting load scenarios...
[INFO]	 - Plotting RES generation scenarios...
[INFO] Reading DISTRIBUTION NETWORK DATA from file(s)...
[INFO]	 - Generating load stochastic scenarios...
[INFO]	 - Generating RES generation stochastic scenarios...
[INFO]	 - Generating flexibility stochastic scenarios...
[INFO]	 - Plotting flexibility profiles...
[INFO]	 - Plotting load scenarios...
[INFO]	 - Plotting RES generation scenarios...
[INFO] Reading DISTRIBUTION NETWORK DATA from file(s)...
[INFO]	 - Generating load stochastic scenarios...
[INFO]	 - Generating RES generation stochastic scenarios...
[INFO]	 - Generating flexibility stochastic scenarios...
[INFO]	 - Plotting flexibility profiles...
[INFO]	 - Plotting load scenarios...
[INFO]	 - Plotting RES generation scenarios...
[INFO] Reading TRANSMISSION NETWORK DATA from file(s)...
[INFO]	 - Generating load stochastic scenarios...
[INFO]	 - Generating RES generation stochastic scenarios...
[INFO]	 - Generating flexibility stochastic scenarios...
[INFO]	 - Plotting flexibility profiles...
[INFO]	 - Plotting load scenarios...
[INFO]	 - Plotting RES generation scenarios...
[INFO] Scenario checksum: 9d6335848b80ee9bb484ffd0c82fc70362b0ee02d79c5d351c15da1e25b0c857
[INFO] Reading SHARED ESS DATA from file(s)...
[INFO] Reading PLANNING PARAMETERS from file...
17:41:48 [W39-gate3] declared 16 solves (4 arms x 4 blocks); price table written for 12 DSO blocks
17:41:48 [W39-gate3] arm alpha = 0.06
[INFO] 		 - Distribution Network node 7...
[INFO] 			 - Running SMOPF, Network case33_2, 2025, Spring...
[INFO] 			 - Running SMOPF, Network case33_2, 2025, Summer...
[INFO] 			 - Running SMOPF, Network case33_2, 2025, Autumn...
[INFO] 			 - Running SMOPF, Network case33_2, 2025, Winter...
17:41:59 [W39-gate3] arm alpha=0.06: solved=True rms_mw=0.09529380611004751 charge=0.40747782740022576
17:41:59 [W39-gate3] arm alpha = 0.07
[INFO] 		 - Distribution Network node 7...
[INFO] 			 - Running SMOPF, Network case33_2, 2025, Spring...
[INFO] 			 - Running SMOPF, Network case33_2, 2025, Summer...
[INFO] 			 - Running SMOPF, Network case33_2, 2025, Autumn...
[INFO] 			 - Running SMOPF, Network case33_2, 2025, Winter...
17:42:10 [W39-gate3] arm alpha=0.07: solved=True rms_mw=0.09519355816065429 charge=0.4722951076273612
17:42:10 [W39-gate3] arm alpha = 0.08
[INFO] 		 - Distribution Network node 7...
[INFO] 			 - Running SMOPF, Network case33_2, 2025, Spring...
[INFO] 			 - Running SMOPF, Network case33_2, 2025, Summer...
[INFO] 			 - Running SMOPF, Network case33_2, 2025, Autumn...
[INFO] 			 - Running SMOPF, Network case33_2, 2025, Winter...
17:42:22 [W39-gate3] arm alpha=0.08: solved=True rms_mw=0.09490268119639181 charge=0.5360171554176015
17:42:22 [W39-gate3] arm alpha = 0.09
[INFO] 		 - Distribution Network node 7...
[INFO] 			 - Running SMOPF, Network case33_2, 2025, Spring...
[INFO] 			 - Running SMOPF, Network case33_2, 2025, Summer...
[INFO] 			 - Running SMOPF, Network case33_2, 2025, Autumn...
[INFO] 			 - Running SMOPF, Network case33_2, 2025, Winter...
17:42:33 [W39-gate3] arm alpha=0.09: solved=True rms_mw=0.0918078431836925 charge=0.5811099317917818
17:42:33 [W39-gate3]    every_arm_solved_every_block: True
17:42:33 [W39-gate3]    solve_count_verified_exactly: True
17:42:33 [W39-gate3]    no_blocked_solver_calls: True
17:42:33 [W39-gate3]    row18_present_iff_alpha_positive: True
17:42:33 [W39-gate3]    dispersion_non_increasing_in_alpha: True
17:42:33 [W39-gate3]    objective_equals_objective_function_rule_on_every_block: True
17:42:33 [W39-gate3] GATE_PASS=True; dispersion by alpha (MW) = {0.06: 0.09529380611004751, 0.07: 0.09519355816065429, 0.08: 0.09490268119639181, 0.09: 0.0918078431836925}
17:42:33 [W39-gate3] alpha* = None; bracket = [0.09, None]
