[INFO] Scenario random seed: 2026
[INFO] Reading MARKET DATA from file(s)...
[INFO] 	 - Generating market scenarios...
[INFO] 	 - Plotting market scenarios...
[INFO] Reading DISTRIBUTION NETWORK DATA from file(s)...
[INFO]	 - Generating load stochastic scenarios...
[INFO]	 - Generating RES generation stochastic scenarios...
[INFO]	 - Generating flexibility stochastic scenarios...
[INFO]	 - Plotting flexibility profiles...
[INFO]	 - Plotting load scenarios...
[INFO]	 - Plotting RES generation scenarios...
[INFO] Reading DISTRIBUTION NETWORK DATA from file(s)...
[INFO]	 - Generating load stochastic scenarios...
[INFO]	 - Generating RES generation stochastic scenarios...
[INFO]	 - Generating flexibility stochastic scenarios...
[INFO]	 - Plotting flexibility profiles...
[INFO]	 - Plotting load scenarios...
[INFO]	 - Plotting RES generation scenarios...
[INFO] Reading DISTRIBUTION NETWORK DATA from file(s)...
[INFO]	 - Generating load stochastic scenarios...
[INFO]	 - Generating RES generation stochastic scenarios...
[INFO]	 - Generating flexibility stochastic scenarios...
[INFO]	 - Plotting flexibility profiles...
[INFO]	 - Plotting load scenarios...
[INFO]	 - Plotting RES generation scenarios...
[INFO] Reading TRANSMISSION NETWORK DATA from file(s)...
[INFO]	 - Generating load stochastic scenarios...
[INFO]	 - Generating RES generation stochastic scenarios...
[INFO]	 - Generating flexibility stochastic scenarios...
[INFO]	 - Plotting flexibility profiles...
[INFO]	 - Plotting load scenarios...
[INFO]	 - Plotting RES generation scenarios...
[INFO] Scenario checksum: 9d6335848b80ee9bb484ffd0c82fc70362b0ee02d79c5d351c15da1e25b0c857
[INFO] Reading SHARED ESS DATA from file(s)...
[INFO] Reading PLANNING PARAMETERS from file...
17:34:16 [W39-gate3] declared 24 solves (6 arms x 4 blocks); price table written for 12 DSO blocks
17:34:16 [W39-gate3] arm alpha = 0.0
[INFO] 		 - Distribution Network node 7...
[INFO] 			 - Running SMOPF, Network case33_2, 2025, Spring...
[INFO] 			 - Running SMOPF, Network case33_2, 2025, Summer...
[INFO] 			 - Running SMOPF, Network case33_2, 2025, Autumn...
[INFO] 			 - Running SMOPF, Network case33_2, 2025, Winter...
17:34:25 [W39-gate3] arm alpha=0.0: solved=True rms_mw=3.221496928776706 charge=0.0
17:34:25 [W39-gate3] arm alpha = 0.01
[INFO] 		 - Distribution Network node 7...
[INFO] 			 - Running SMOPF, Network case33_2, 2025, Spring...
[INFO] 			 - Running SMOPF, Network case33_2, 2025, Summer...
[INFO] 			 - Running SMOPF, Network case33_2, 2025, Autumn...
[INFO] 			 - Running SMOPF, Network case33_2, 2025, Winter...
17:34:36 [W39-gate3] arm alpha=0.01: solved=True rms_mw=1.4643924632425966 charge=45.91445899422452
17:34:36 [W39-gate3] arm alpha = 0.02
[INFO] 		 - Distribution Network node 7...
[INFO] 			 - Running SMOPF, Network case33_2, 2025, Spring...
[INFO] 			 - Running SMOPF, Network case33_2, 2025, Summer...
[INFO] 			 - Running SMOPF, Network case33_2, 2025, Autumn...
[INFO] 			 - Running SMOPF, Network case33_2, 2025, Winter...
17:34:47 [W39-gate3] arm alpha=0.02: solved=True rms_mw=0.7073909288543178 charge=10.226947444289559
17:34:47 [W39-gate3] arm alpha = 0.05
[INFO] 		 - Distribution Network node 7...
[INFO] 			 - Running SMOPF, Network case33_2, 2025, Spring...
[INFO] 			 - Running SMOPF, Network case33_2, 2025, Summer...
[INFO] 			 - Running SMOPF, Network case33_2, 2025, Autumn...
[INFO] 			 - Running SMOPF, Network case33_2, 2025, Winter...
17:34:58 [W39-gate3] arm alpha=0.05: solved=True rms_mw=0.09535252491075302 charge=0.34517651342378797
17:34:58 [W39-gate3] arm alpha = 0.1
[INFO] 		 - Distribution Network node 7...
[INFO] 			 - Running SMOPF, Network case33_2, 2025, Spring...
[INFO] 			 - Running SMOPF, Network case33_2, 2025, Summer...
[INFO] 			 - Running SMOPF, Network case33_2, 2025, Autumn...
[INFO] 			 - Running SMOPF, Network case33_2, 2025, Winter...
17:35:10 [W39-gate3] arm alpha=0.1: solved=True rms_mw=0.00019073993037310065 charge=0.011492472950977413
17:35:10 [W39-gate3] arm alpha = 0.25
[INFO] 		 - Distribution Network node 7...
[INFO] 			 - Running SMOPF, Network case33_2, 2025, Spring...
[INFO] 			 - Running SMOPF, Network case33_2, 2025, Summer...
[INFO] 			 - Running SMOPF, Network case33_2, 2025, Autumn...
[INFO] 			 - Running SMOPF, Network case33_2, 2025, Winter...
17:35:21 [W39-gate3] arm alpha=0.25: solved=True rms_mw=3.8782151175806115e-06 charge=0.004524753457021315
17:35:21 [W39-gate3]    every_arm_solved_every_block: True
17:35:21 [W39-gate3]    solve_count_verified_exactly: True
17:35:21 [W39-gate3]    no_blocked_solver_calls: True
17:35:21 [W39-gate3]    row18_present_iff_alpha_positive: True
17:35:21 [W39-gate3]    alpha_zero_arm_has_no_row18_component: True
17:35:21 [W39-gate3]    dispersion_non_increasing_in_alpha: True
17:35:21 [W39-gate3]    objective_equals_objective_function_rule_on_every_block: True
17:35:21 [W39-gate3] GATE_PASS=True; dispersion by alpha (MW) = {0.0: 3.221496928776706, 0.01: 1.4643924632425966, 0.02: 0.7073909288543178, 0.05: 0.09535252491075302, 0.1: 0.00019073993037310065, 0.25: 3.8782151175806115e-06}
17:35:21 [W39-gate3] alpha* = 0.1; bracket = [0.05, 0.1]
