[INFO] Scenario random seed: 2026
[INFO] Reading MARKET DATA from file(s)...
[INFO] 	 - Generating market scenarios...
[INFO] 	 - Plotting market scenarios...
[INFO] Reading DISTRIBUTION NETWORK DATA from file(s)...
[INFO]	 - Generating load stochastic scenarios...
[INFO]	 - Generating RES generation stochastic scenarios...
[INFO]	 - Generating flexibility stochastic scenarios...
[INFO]	 - Plotting flexibility profiles...
[INFO]	 - Plotting load scenarios...
[INFO]	 - Plotting RES generation scenarios...
[INFO] Reading DISTRIBUTION NETWORK DATA from file(s)...
[INFO]	 - Generating load stochastic scenarios...
[INFO]	 - Generating RES generation stochastic scenarios...
[INFO]	 - Generating flexibility stochastic scenarios...
[INFO]	 - Plotting flexibility profiles...
[INFO]	 - Plotting load scenarios...
[INFO]	 - Plotting RES generation scenarios...
[INFO] Reading DISTRIBUTION NETWORK DATA from file(s)...
[INFO]	 - Generating load stochastic scenarios...
[INFO]	 - Generating RES generation stochastic scenarios...
[INFO]	 - Generating flexibility stochastic scenarios...
[INFO]	 - Plotting flexibility profiles...
[INFO]	 - Plotting load scenarios...
[INFO]	 - Plotting RES generation scenarios...
[INFO] Reading TRANSMISSION NETWORK DATA from file(s)...
[INFO]	 - Generating load stochastic scenarios...
[INFO]	 - Generating RES generation stochastic scenarios...
[INFO]	 - Generating flexibility stochastic scenarios...
[INFO]	 - Plotting flexibility profiles...
[INFO]	 - Plotting load scenarios...
[INFO]	 - Plotting RES generation scenarios...
[INFO] Scenario checksum: 9d6335848b80ee9bb484ffd0c82fc70362b0ee02d79c5d351c15da1e25b0c857
[INFO] Reading SHARED ESS DATA from file(s)...
[INFO] Reading PLANNING PARAMETERS from file...
17:51:55 [W39-gate3] declared 8 solves (2 arms x 4 blocks); price table written for 12 DSO blocks
17:51:55 [W39-gate3] arm alpha = 0.0
[INFO] 		 - Distribution Network node 7...
[INFO] 			 - Running SMOPF, Network case33_2, 2025, Spring...
[INFO] 			 - Running SMOPF, Network case33_2, 2025, Summer...
[INFO] 			 - Running SMOPF, Network case33_2, 2025, Autumn...
[INFO] 			 - Running SMOPF, Network case33_2, 2025, Winter...
17:52:04 [W39-gate3] arm alpha=0.0: solved=True rms_mw=3.221496928776706 charge=0.0
17:52:04 [W39-gate3] arm alpha = 0.05
[INFO] 		 - Distribution Network node 7...
[INFO] 			 - Running SMOPF, Network case33_2, 2025, Spring...
[INFO] 			 - Running SMOPF, Network case33_2, 2025, Summer...
[INFO] 			 - Running SMOPF, Network case33_2, 2025, Autumn...
[INFO] 			 - Running SMOPF, Network case33_2, 2025, Winter...
17:52:16 [W39-gate3] arm alpha=0.05: solved=True rms_mw=0.09535252491075302 charge=0.34517651342378797
17:52:16 [W39-gate3]    every_arm_solved_every_block: True
17:52:16 [W39-gate3]    solve_count_verified_exactly: True
17:52:16 [W39-gate3]    no_blocked_solver_calls: True
17:52:16 [W39-gate3]    row18_present_iff_alpha_positive: True
17:52:16 [W39-gate3]    alpha_zero_arm_has_no_row18_component: True
17:52:16 [W39-gate3]    dispersion_non_increasing_in_alpha: True
17:52:16 [W39-gate3]    objective_equals_objective_function_rule_on_every_block: True
17:52:16 [W39-gate3] GATE_PASS=True; dispersion by alpha (MW) = {0.0: 3.221496928776706, 0.05: 0.09535252491075302}
17:52:16 [W39-gate3] alpha* = None; bracket = [0.05, None]
