12:25:47 [W105-RUN] memory preflight: available 16.408966064453125 GiB required 3.50 GiB -> PASS
12:25:47 [W105-RUN] P5.15 Addendum 54 Ruling 1, W105 -- C* settling extension diagnostic: C* replayed under W104's configuration, gated bitwise per cycle against W104's committed records through 187 (abort on the first divergence), W104's holds after 87 (AA off, tight tail on, rho frozen), then exactly 100 more cycles 188-287 under the same holds; the settling rule report-only; per cycle: Q by block and component, sum |dp_ess| per node and side, all six Boyd residuals; cell c_star_ext eval_key 8864266d3c064ed08783f6eb7c2ef078ee5d0a97793c88f55b17f11a1e1e1238; cap 287; lock {'pid': 86640, 'campaign_id': 's53_w105_c_star_ext_r2', 'campaign_spec_sha256': '7c1ee4dacc1d334a775071861cfa9c97e21f561ddf500803c465943faaea09ad', 'started_utc': '2026-09-28T12:25:47.967420+00:00'}
12:25:47 [S44-HARNESS] launched c_star_ext (key 578636daa6d6360d) pid=86800
12:25:47 [S44-HARNESS] heartbeat c_star_ext: 0s cycle=None
12:26:47 [S44-HARNESS] heartbeat c_star_ext: 60s cycle=None
12:27:48 [S44-HARNESS] heartbeat c_star_ext: 120s cycle=2
12:28:48 [S44-HARNESS] heartbeat c_star_ext: 180s cycle=4
12:29:48 [S44-HARNESS] heartbeat c_star_ext: 240s cycle=5
12:30:48 [S44-HARNESS] heartbeat c_star_ext: 300s cycle=7
12:31:48 [S44-HARNESS] heartbeat c_star_ext: 360s cycle=9
12:32:48 [S44-HARNESS] heartbeat c_star_ext: 420s cycle=10
12:33:48 [S44-HARNESS] heartbeat c_star_ext: 480s cycle=12
12:34:48 [S44-HARNESS] heartbeat c_star_ext: 540s cycle=13
12:35:48 [S44-HARNESS] heartbeat c_star_ext: 600s cycle=15
12:36:48 [S44-HARNESS] heartbeat c_star_ext: 660s cycle=17
12:37:48 [S44-HARNESS] heartbeat c_star_ext: 720s cycle=19
12:38:48 [S44-HARNESS] heartbeat c_star_ext: 780s cycle=21
12:39:48 [S44-HARNESS] heartbeat c_star_ext: 840s cycle=22
12:40:48 [S44-HARNESS] heartbeat c_star_ext: 900s cycle=23
12:41:48 [S44-HARNESS] heartbeat c_star_ext: 960s cycle=25
12:42:48 [S44-HARNESS] heartbeat c_star_ext: 1020s cycle=27
12:43:48 [S44-HARNESS] heartbeat c_star_ext: 1080s cycle=29
12:44:48 [S44-HARNESS] heartbeat c_star_ext: 1140s cycle=31
12:45:48 [S44-HARNESS] heartbeat c_star_ext: 1200s cycle=33
12:46:48 [S44-HARNESS] heartbeat c_star_ext: 1260s cycle=35
12:47:48 [S44-HARNESS] heartbeat c_star_ext: 1320s cycle=38
12:48:48 [S44-HARNESS] heartbeat c_star_ext: 1380s cycle=40
12:49:48 [S44-HARNESS] heartbeat c_star_ext: 1440s cycle=42
12:50:48 [S44-HARNESS] heartbeat c_star_ext: 1500s cycle=44
12:51:48 [S44-HARNESS] heartbeat c_star_ext: 1560s cycle=46
12:52:48 [S44-HARNESS] heartbeat c_star_ext: 1620s cycle=49
12:53:48 [S44-HARNESS] heartbeat c_star_ext: 1680s cycle=51
12:54:48 [S44-HARNESS] heartbeat c_star_ext: 1740s cycle=53
12:55:48 [S44-HARNESS] heartbeat c_star_ext: 1801s cycle=55
12:56:48 [S44-HARNESS] heartbeat c_star_ext: 1861s cycle=58
12:57:48 [S44-HARNESS] heartbeat c_star_ext: 1921s cycle=60
12:58:48 [S44-HARNESS] heartbeat c_star_ext: 1981s cycle=62
12:59:48 [S44-HARNESS] heartbeat c_star_ext: 2041s cycle=64
13:00:48 [S44-HARNESS] heartbeat c_star_ext: 2101s cycle=66
13:01:48 [S44-HARNESS] heartbeat c_star_ext: 2161s cycle=69
13:02:48 [S44-HARNESS] heartbeat c_star_ext: 2221s cycle=71
13:03:48 [S44-HARNESS] heartbeat c_star_ext: 2281s cycle=73
13:04:48 [S44-HARNESS] heartbeat c_star_ext: 2341s cycle=75
13:05:48 [S44-HARNESS] heartbeat c_star_ext: 2401s cycle=77
13:06:48 [S44-HARNESS] heartbeat c_star_ext: 2461s cycle=80
13:07:48 [S44-HARNESS] heartbeat c_star_ext: 2521s cycle=82
13:08:48 [S44-HARNESS] heartbeat c_star_ext: 2581s cycle=84
13:09:48 [S44-HARNESS] heartbeat c_star_ext: 2641s cycle=86
13:10:48 [S44-HARNESS] heartbeat c_star_ext: 2701s cycle=89
13:11:48 [S44-HARNESS] heartbeat c_star_ext: 2761s cycle=91
13:12:48 [S44-HARNESS] heartbeat c_star_ext: 2821s cycle=93
13:13:48 [S44-HARNESS] heartbeat c_star_ext: 2881s cycle=95
13:14:48 [S44-HARNESS] heartbeat c_star_ext: 2941s cycle=97
13:15:48 [S44-HARNESS] heartbeat c_star_ext: 3001s cycle=99
13:16:48 [S44-HARNESS] heartbeat c_star_ext: 3061s cycle=102
13:17:48 [S44-HARNESS] heartbeat c_star_ext: 3121s cycle=104
13:18:49 [S44-HARNESS] heartbeat c_star_ext: 3181s cycle=106
13:19:49 [S44-HARNESS] heartbeat c_star_ext: 3241s cycle=108
13:20:49 [S44-HARNESS] heartbeat c_star_ext: 3301s cycle=111
13:21:49 [S44-HARNESS] heartbeat c_star_ext: 3361s cycle=113
13:22:49 [S44-HARNESS] heartbeat c_star_ext: 3421s cycle=115
13:23:49 [S44-HARNESS] heartbeat c_star_ext: 3481s cycle=117
13:24:49 [S44-HARNESS] heartbeat c_star_ext: 3541s cycle=119
13:25:49 [S44-HARNESS] heartbeat c_star_ext: 3601s cycle=121
13:26:49 [S44-HARNESS] heartbeat c_star_ext: 3661s cycle=123
13:27:49 [S44-HARNESS] heartbeat c_star_ext: 3721s cycle=126
13:28:49 [S44-HARNESS] heartbeat c_star_ext: 3781s cycle=128
13:29:49 [S44-HARNESS] heartbeat c_star_ext: 3841s cycle=130
13:30:49 [S44-HARNESS] heartbeat c_star_ext: 3901s cycle=132
13:31:49 [S44-HARNESS] heartbeat c_star_ext: 3961s cycle=134
13:32:49 [S44-HARNESS] heartbeat c_star_ext: 4021s cycle=136
13:33:49 [S44-HARNESS] heartbeat c_star_ext: 4081s cycle=138
13:34:49 [S44-HARNESS] heartbeat c_star_ext: 4141s cycle=140
13:35:49 [S44-HARNESS] heartbeat c_star_ext: 4201s cycle=143
13:36:49 [S44-HARNESS] heartbeat c_star_ext: 4261s cycle=145
13:37:49 [S44-HARNESS] heartbeat c_star_ext: 4321s cycle=147
13:38:49 [S44-HARNESS] heartbeat c_star_ext: 4381s cycle=149
13:39:49 [S44-HARNESS] heartbeat c_star_ext: 4441s cycle=152
13:40:49 [S44-HARNESS] heartbeat c_star_ext: 4501s cycle=154
13:41:49 [S44-HARNESS] heartbeat c_star_ext: 4561s cycle=156
13:42:49 [S44-HARNESS] heartbeat c_star_ext: 4622s cycle=158
13:43:49 [S44-HARNESS] heartbeat c_star_ext: 4682s cycle=161
13:44:49 [S44-HARNESS] heartbeat c_star_ext: 4742s cycle=163
13:45:49 [S44-HARNESS] heartbeat c_star_ext: 4802s cycle=165
13:46:49 [S44-HARNESS] heartbeat c_star_ext: 4862s cycle=167
13:47:49 [S44-HARNESS] heartbeat c_star_ext: 4922s cycle=170
13:48:49 [S44-HARNESS] heartbeat c_star_ext: 4982s cycle=172
13:49:49 [S44-HARNESS] heartbeat c_star_ext: 5042s cycle=174
13:50:49 [S44-HARNESS] heartbeat c_star_ext: 5102s cycle=177
13:51:49 [S44-HARNESS] heartbeat c_star_ext: 5162s cycle=179
13:52:49 [S44-HARNESS] heartbeat c_star_ext: 5222s cycle=181
13:53:49 [S44-HARNESS] heartbeat c_star_ext: 5282s cycle=183
13:54:49 [S44-HARNESS] heartbeat c_star_ext: 5342s cycle=186
13:55:49 [S44-HARNESS] heartbeat c_star_ext: 5402s cycle=188
13:56:49 [S44-HARNESS] heartbeat c_star_ext: 5462s cycle=190
13:57:49 [S44-HARNESS] heartbeat c_star_ext: 5522s cycle=193
13:58:49 [S44-HARNESS] heartbeat c_star_ext: 5582s cycle=195
13:59:49 [S44-HARNESS] heartbeat c_star_ext: 5642s cycle=197
14:00:49 [S44-HARNESS] heartbeat c_star_ext: 5702s cycle=199
14:01:49 [S44-HARNESS] heartbeat c_star_ext: 5762s cycle=202
14:02:49 [S44-HARNESS] heartbeat c_star_ext: 5822s cycle=204
14:03:50 [S44-HARNESS] heartbeat c_star_ext: 5882s cycle=206
14:04:50 [S44-HARNESS] heartbeat c_star_ext: 5942s cycle=208
14:05:50 [S44-HARNESS] heartbeat c_star_ext: 6002s cycle=211
14:06:50 [S44-HARNESS] heartbeat c_star_ext: 6062s cycle=213
14:07:50 [S44-HARNESS] heartbeat c_star_ext: 6122s cycle=215
14:08:50 [S44-HARNESS] heartbeat c_star_ext: 6182s cycle=217
14:09:50 [S44-HARNESS] heartbeat c_star_ext: 6242s cycle=220
14:10:50 [S44-HARNESS] heartbeat c_star_ext: 6302s cycle=222
14:11:50 [S44-HARNESS] heartbeat c_star_ext: 6362s cycle=224
14:12:50 [S44-HARNESS] heartbeat c_star_ext: 6422s cycle=226
14:13:50 [S44-HARNESS] heartbeat c_star_ext: 6482s cycle=228
14:14:50 [S44-HARNESS] heartbeat c_star_ext: 6542s cycle=230
14:15:50 [S44-HARNESS] heartbeat c_star_ext: 6602s cycle=233
14:16:50 [S44-HARNESS] heartbeat c_star_ext: 6662s cycle=235
14:17:50 [S44-HARNESS] heartbeat c_star_ext: 6722s cycle=237
14:18:50 [S44-HARNESS] heartbeat c_star_ext: 6782s cycle=239
14:19:50 [S44-HARNESS] heartbeat c_star_ext: 6842s cycle=242
14:20:50 [S44-HARNESS] heartbeat c_star_ext: 6902s cycle=244
14:21:50 [S44-HARNESS] heartbeat c_star_ext: 6962s cycle=246
14:22:50 [S44-HARNESS] heartbeat c_star_ext: 7022s cycle=248
14:23:50 [S44-HARNESS] heartbeat c_star_ext: 7083s cycle=251
14:24:50 [S44-HARNESS] heartbeat c_star_ext: 7143s cycle=253
14:25:50 [S44-HARNESS] heartbeat c_star_ext: 7203s cycle=255
14:26:50 [S44-HARNESS] heartbeat c_star_ext: 7263s cycle=257
14:27:50 [S44-HARNESS] heartbeat c_star_ext: 7323s cycle=260
14:28:50 [S44-HARNESS] heartbeat c_star_ext: 7383s cycle=262
14:29:50 [S44-HARNESS] heartbeat c_star_ext: 7443s cycle=264
14:30:50 [S44-HARNESS] heartbeat c_star_ext: 7503s cycle=267
14:31:50 [S44-HARNESS] heartbeat c_star_ext: 7563s cycle=269
14:32:50 [S44-HARNESS] heartbeat c_star_ext: 7623s cycle=271
14:33:50 [S44-HARNESS] heartbeat c_star_ext: 7683s cycle=273
14:34:50 [S44-HARNESS] heartbeat c_star_ext: 7743s cycle=276
14:35:50 [S44-HARNESS] heartbeat c_star_ext: 7803s cycle=278
14:36:50 [S44-HARNESS] heartbeat c_star_ext: 7863s cycle=280
14:37:50 [S44-HARNESS] heartbeat c_star_ext: 7923s cycle=282
14:38:50 [S44-HARNESS] heartbeat c_star_ext: 7983s cycle=285
14:39:50 [S44-HARNESS] heartbeat c_star_ext: 8043s cycle=287
14:40:00 [S44-HARNESS] finished c_star_ext pid=86800 exit=0 status=certified wall=8053s
14:40:03 [W105-RUN] gates {'G1_harness_clean': True, 'G2_eval_key': True, 'G3_append_reconcile': True, 'G4_tail_state_check': True, 'G5_solve_profile_reconciled_per_event': True, 'G6_v37_optimal_and_four_metrics': True, 'G7_append_sealed': True, 'G8_persistence_as_w104': True, 'G9_ess_ageing_readback': True, 'G11_acceptance_cross_check': True, 'G13_holds_inert_through_87_held_after': True, 'G14_all_block_capture': True, 'G15_fixed_length_287': True, 'G16_lambda_sidecar_complete': True, 'G17_rule_replays_reproduce_in_cycle': True, 'G18_line_fields_every_cycle': True, 'G19_replay_bitwise_1_187_every_field': True, 'G20_production_counters_in_per_cycle_record': True, 'G21_creep_captures_complete': True, 'G22_w104_cycle_lines_and_block_lines_1_187': True}
14:40:03 [W105-RUN] outcome mixed held {'P_a': True, 'P_b': True, 'P_c': False, 'P_d': True} fired [] mean dQ -153.50788616895676 first would-certify None
14:40:03 [W105] guards {'w105_checks': {'counts': {'permitted_solve': 0, 'permitted_exec': 0, 'blocked_solve': 0, 'blocked_exec': 0}, 'verify_0_failures': []}, 'w98_checks_imported': {'counts': {'permitted_solve': 0, 'permitted_exec': 0, 'blocked_solve': 0, 'blocked_exec': 0}, 'verify_0_failures': []}, 'w101_checks_imported': {'counts': {'permitted_solve': 0, 'permitted_exec': 0, 'blocked_solve': 0, 'blocked_exec': 0}, 'verify_0_failures': []}, 'alpha_row_launcher': {'counts': {'permitted_solve': 0, 'permitted_exec': 0, 'blocked_solve': 0, 'blocked_exec': 0}, 'verify_0_failures': []}, 'w86_launcher': {'counts': {'permitted_solve': 0, 'permitted_exec': 0, 'blocked_solve': 0, 'blocked_exec': 0}, 'verify_0_failures': []}, 'w87': {'counts': {'permitted_solve': 0, 'permitted_exec': 0, 'blocked_solve': 0, 'blocked_exec': 0}, 'verify_0_failures': []}, 'w88': {'counts': {'permitted_solve': 0, 'permitted_exec': 0, 'blocked_solve': 0, 'blocked_exec': 0}, 'verify_0_failures': []}, 'w89_step1': {'counts': {'permitted_solve': 0, 'permitted_exec': 0, 'blocked_solve': 0, 'blocked_exec': 0}, 'verify_0_failures': []}, 'w89_3x3_launcher': {'counts': {'permitted_solve': 0, 'permitted_exec': 0, 'blocked_solve': 0, 'blocked_exec': 0}, 'verify_0_failures': []}, 'w90_3x3_parent': {'counts': {'permitted_solve': 0, 'permitted_exec': 0, 'blocked_solve': 0, 'blocked_exec': 0}, 'verify_0_failures': []}, 'w98_parent': {'counts': {'permitted_solve': 0, 'permitted_exec': 0, 'blocked_solve': 0, 'blocked_exec': 0}, 'verify_0_failures': []}, 'w101_parent': {'counts': {'permitted_solve': 0, 'permitted_exec': 0, 'blocked_solve': 0, 'blocked_exec': 0}, 'verify_0_failures': []}, 'w105_parent': {'counts': {'permitted_solve': 0, 'permitted_exec': 0, 'blocked_solve': 0, 'blocked_exec': 0}, 'verify_0_failures': []}} wall=8103s
