17:01:39 [W118-FREEZE] f2_challenger: frozen data/SRP1/Results/P515S53/w118_resettle/campaign_s53_w118_resettle_r2_f2_challenger/campaign_spec_s53_w118_resettle_r2_f2_challenger_c7c9aea8.json sha256=c7c9aea8f7ee96ffe7ee472d60a37ea4affc333d178ca3c366cec8749bfc7e54
17:01:39 [W118-FREEZE]   eval_key=1fe91e86f11e76af948c5d4dc659636da9680b02e22426760259710c7241353c eval_dir=1fe91e86f11e76af_f2_challenger cap=261
17:01:39 [W118-FREEZE]   spec checks all=True failing=[]; pre-launch on the frozen spec holds=True
17:01:39 [W118-FREEZE]   LAUNCH: cd /Users/micaelsimoes/Projects/share-resource-planning-no_esso-degradation && set -o noclobber && NLP_SOLVER_PATH=/usr/local/bin/ipopt /Users/micaelsimoes/miniconda3/envs/opf_env_py311/bin/python -u p515_s53_w118_resettle_campaign.py --run --cell f2_challenger --spec-sha256 c7c9aea8f7ee96ffe7ee472d60a37ea4affc333d178ca3c366cec8749bfc7e54 > data/SRP1/Results/P515S53/w118_resettle/run_f2_challenger_v2_launch.log 2>&1
17:01:40 [W118-FREEZE] f2_incumbent: frozen data/SRP1/Results/P515S53/w118_resettle/campaign_s53_w118_resettle_r2_f2_incumbent/campaign_spec_s53_w118_resettle_r2_f2_incumbent_b1dd9b82.json sha256=b1dd9b82655072dcb9c6318914bd5abc840b7bbea2d4f9b33e61db62b556ef30
17:01:40 [W118-FREEZE]   eval_key=24c5ccb6f285219f112f54709f268a76b7eace266d5c3ea1320f92f06859c7f3 eval_dir=24c5ccb6f285219f_f2_incumbent cap=281
17:01:40 [W118-FREEZE]   spec checks all=True failing=[]; pre-launch on the frozen spec holds=True
17:01:40 [W118-FREEZE]   LAUNCH: cd /Users/micaelsimoes/Projects/share-resource-planning-no_esso-degradation && set -o noclobber && NLP_SOLVER_PATH=/usr/local/bin/ipopt /Users/micaelsimoes/miniconda3/envs/opf_env_py311/bin/python -u p515_s53_w118_resettle_campaign.py --run --cell f2_incumbent --spec-sha256 b1dd9b82655072dcb9c6318914bd5abc840b7bbea2d4f9b33e61db62b556ef30 > data/SRP1/Results/P515S53/w118_resettle/run_f2_incumbent_v2_launch.log 2>&1
17:01:40 [W118-FREEZE] pb_y2030_n9: frozen data/SRP1/Results/P515S53/w118_resettle/campaign_s53_w118_resettle_r2_pb_y2030_n9/campaign_spec_s53_w118_resettle_r2_pb_y2030_n9_88c4456d.json sha256=88c4456d2b381c65460294873b7e7a39ae1d7cd31954143f37e2fa10a1dbf481
17:01:40 [W118-FREEZE]   eval_key=344c936fc23919be83c033b49a35dc7b465bf7fa51d9d0eb190e9cc0b988341e eval_dir=344c936fc23919be_pb_y2030_n9 cap=229
17:01:40 [W118-FREEZE]   spec checks all=True failing=[]; pre-launch on the frozen spec holds=True
17:01:40 [W118-FREEZE]   LAUNCH: cd /Users/micaelsimoes/Projects/share-resource-planning-no_esso-degradation && set -o noclobber && NLP_SOLVER_PATH=/usr/local/bin/ipopt /Users/micaelsimoes/miniconda3/envs/opf_env_py311/bin/python -u p515_s53_w118_resettle_campaign.py --run --cell pb_y2030_n9 --spec-sha256 88c4456d2b381c65460294873b7e7a39ae1d7cd31954143f37e2fa10a1dbf481 > data/SRP1/Results/P515S53/w118_resettle/run_pb_y2030_n9_v2_launch.log 2>&1
17:01:41 [W118-FREEZE] pb_y2030_n7: frozen data/SRP1/Results/P515S53/w118_resettle/campaign_s53_w118_resettle_r2_pb_y2030_n7/campaign_spec_s53_w118_resettle_r2_pb_y2030_n7_6d3f53e2.json sha256=6d3f53e2fe5db0f9f4cf5eb1e3f3c9e256b4ddb7431614b5c933e2d9646b4b59
17:01:41 [W118-FREEZE]   eval_key=828f03fa9ac2ca6e384f5bf78db0fe2b64a6be874905226aed267a83d2a7ed83 eval_dir=828f03fa9ac2ca6e_pb_y2030_n7 cap=234
17:01:41 [W118-FREEZE]   spec checks all=True failing=[]; pre-launch on the frozen spec holds=True
17:01:41 [W118-FREEZE]   LAUNCH: cd /Users/micaelsimoes/Projects/share-resource-planning-no_esso-degradation && set -o noclobber && NLP_SOLVER_PATH=/usr/local/bin/ipopt /Users/micaelsimoes/miniconda3/envs/opf_env_py311/bin/python -u p515_s53_w118_resettle_campaign.py --run --cell pb_y2030_n7 --spec-sha256 6d3f53e2fe5db0f9f4cf5eb1e3f3c9e256b4ddb7431614b5c933e2d9646b4b59 > data/SRP1/Results/P515S53/w118_resettle/run_pb_y2030_n7_v2_launch.log 2>&1
17:01:41 [W118-FREEZE] pb_y2025_n5: frozen data/SRP1/Results/P515S53/w118_resettle/campaign_s53_w118_resettle_r2_pb_y2025_n5/campaign_spec_s53_w118_resettle_r2_pb_y2025_n5_d3223edb.json sha256=d3223edbf3f9961ade557848453efd2f3b9f4c90e5c3fbb7efa48e61976fafe4
17:01:41 [W118-FREEZE]   eval_key=ca29c5e818366a6e37669b8390b1931fd8daf5d04cd2f8922f479b72aa54859e eval_dir=ca29c5e818366a6e_pb_y2025_n5 cap=219
17:01:41 [W118-FREEZE]   spec checks all=True failing=[]; pre-launch on the frozen spec holds=True
17:01:41 [W118-FREEZE]   LAUNCH: cd /Users/micaelsimoes/Projects/share-resource-planning-no_esso-degradation && set -o noclobber && NLP_SOLVER_PATH=/usr/local/bin/ipopt /Users/micaelsimoes/miniconda3/envs/opf_env_py311/bin/python -u p515_s53_w118_resettle_campaign.py --run --cell pb_y2025_n5 --spec-sha256 d3223edbf3f9961ade557848453efd2f3b9f4c90e5c3fbb7efa48e61976fafe4 > data/SRP1/Results/P515S53/w118_resettle/run_pb_y2025_n5_v2_launch.log 2>&1
17:01:42 [W118-FREEZE] pb_y2030_n5: frozen data/SRP1/Results/P515S53/w118_resettle/campaign_s53_w118_resettle_r2_pb_y2030_n5/campaign_spec_s53_w118_resettle_r2_pb_y2030_n5_19adf88a.json sha256=19adf88ab9efd372248a75313ab53844b0e3adf343c0c4b3a2ae1092c3e7ad0a
17:01:42 [W118-FREEZE]   eval_key=3846675acea98ea7666b8f4868222d7dd089c71a948789012c21844a49d43493 eval_dir=3846675acea98ea7_pb_y2030_n5 cap=231
17:01:42 [W118-FREEZE]   spec checks all=True failing=[]; pre-launch on the frozen spec holds=True
17:01:42 [W118-FREEZE]   LAUNCH: cd /Users/micaelsimoes/Projects/share-resource-planning-no_esso-degradation && set -o noclobber && NLP_SOLVER_PATH=/usr/local/bin/ipopt /Users/micaelsimoes/miniconda3/envs/opf_env_py311/bin/python -u p515_s53_w118_resettle_campaign.py --run --cell pb_y2030_n5 --spec-sha256 19adf88ab9efd372248a75313ab53844b0e3adf343c0c4b3a2ae1092c3e7ad0a > data/SRP1/Results/P515S53/w118_resettle/run_pb_y2030_n5_v2_launch.log 2>&1
17:01:42 [W118-FREEZE] pb_y2025_n9: frozen data/SRP1/Results/P515S53/w118_resettle/campaign_s53_w118_resettle_r2_pb_y2025_n9/campaign_spec_s53_w118_resettle_r2_pb_y2025_n9_106fd385.json sha256=106fd385c80c0d87d6877e105fbf0136cda8f6f4d0a7c098fd9d13d34f8c0e2b
17:01:42 [W118-FREEZE]   eval_key=b7bce5a8bf2365b921cbd4349c644836af57089d910e72c0baa2ef5720dfd81c eval_dir=b7bce5a8bf2365b9_pb_y2025_n9 cap=222
17:01:42 [W118-FREEZE]   spec checks all=True failing=[]; pre-launch on the frozen spec holds=True
17:01:42 [W118-FREEZE]   LAUNCH: cd /Users/micaelsimoes/Projects/share-resource-planning-no_esso-degradation && set -o noclobber && NLP_SOLVER_PATH=/usr/local/bin/ipopt /Users/micaelsimoes/miniconda3/envs/opf_env_py311/bin/python -u p515_s53_w118_resettle_campaign.py --run --cell pb_y2025_n9 --spec-sha256 106fd385c80c0d87d6877e105fbf0136cda8f6f4d0a7c098fd9d13d34f8c0e2b > data/SRP1/Results/P515S53/w118_resettle/run_pb_y2025_n9_v2_launch.log 2>&1
17:01:43 [W118-FREEZE] pb_y2025_n7: frozen data/SRP1/Results/P515S53/w118_resettle/campaign_s53_w118_resettle_r2_pb_y2025_n7/campaign_spec_s53_w118_resettle_r2_pb_y2025_n7_fd95aa25.json sha256=fd95aa256e774b49c56c0ab1d17486675ae04ed037dc1eb3bfd0d09756e9a920
17:01:43 [W118-FREEZE]   eval_key=b9b8e4be4a6c82b64236540c479e5bbc32b34aeb08a94af84498e9afab693ebe eval_dir=b9b8e4be4a6c82b6_pb_y2025_n7 cap=221
17:01:43 [W118-FREEZE]   spec checks all=True failing=[]; pre-launch on the frozen spec holds=True
17:01:43 [W118-FREEZE]   LAUNCH: cd /Users/micaelsimoes/Projects/share-resource-planning-no_esso-degradation && set -o noclobber && NLP_SOLVER_PATH=/usr/local/bin/ipopt /Users/micaelsimoes/miniconda3/envs/opf_env_py311/bin/python -u p515_s53_w118_resettle_campaign.py --run --cell pb_y2025_n7 --spec-sha256 fd95aa256e774b49c56c0ab1d17486675ae04ed037dc1eb3bfd0d09756e9a920 > data/SRP1/Results/P515S53/w118_resettle/run_pb_y2025_n7_v2_launch.log 2>&1
17:01:43 [W118-FREEZE] yl_y2030: frozen data/SRP1/Results/P515S53/w118_resettle/campaign_s53_w118_resettle_r2_yl_y2030/campaign_spec_s53_w118_resettle_r2_yl_y2030_fa79efec.json sha256=fa79efec91cbcb6f109a97b68f383b09daada1065ebfdde569e0c5217e4f893f
17:01:43 [W118-FREEZE]   eval_key=6e4f11a95dc3d585f6b76ba8fbde9beef4f757c91a9e3b8e5001828b9c33bd6f eval_dir=6e4f11a95dc3d585_yl_y2030 cap=300
17:01:43 [W118-FREEZE]   spec checks all=True failing=[]; pre-launch on the frozen spec holds=True
17:01:43 [W118-FREEZE]   LAUNCH: cd /Users/micaelsimoes/Projects/share-resource-planning-no_esso-degradation && set -o noclobber && NLP_SOLVER_PATH=/usr/local/bin/ipopt /Users/micaelsimoes/miniconda3/envs/opf_env_py311/bin/python -u p515_s53_w118_resettle_campaign.py --run --cell yl_y2030 --spec-sha256 fa79efec91cbcb6f109a97b68f383b09daada1065ebfdde569e0c5217e4f893f > data/SRP1/Results/P515S53/w118_resettle/run_yl_y2030_v2_launch.log 2>&1
17:01:43 [W118-FREEZE] yl_y2035: frozen data/SRP1/Results/P515S53/w118_resettle/campaign_s53_w118_resettle_r2_yl_y2035/campaign_spec_s53_w118_resettle_r2_yl_y2035_316eed36.json sha256=316eed367e5c30590e7960c367964e5ebc00d4d3bae06b5505c5074c744945a5
17:01:43 [W118-FREEZE]   eval_key=3a2387f46448f9db7272cbe0a8c541b381ad37488c27fbc7aeebc8cf80d4e049 eval_dir=3a2387f46448f9db_yl_y2035 cap=300
17:01:43 [W118-FREEZE]   spec checks all=True failing=[]; pre-launch on the frozen spec holds=True
17:01:43 [W118-FREEZE]   LAUNCH: cd /Users/micaelsimoes/Projects/share-resource-planning-no_esso-degradation && set -o noclobber && NLP_SOLVER_PATH=/usr/local/bin/ipopt /Users/micaelsimoes/miniconda3/envs/opf_env_py311/bin/python -u p515_s53_w118_resettle_campaign.py --run --cell yl_y2035 --spec-sha256 316eed367e5c30590e7960c367964e5ebc00d4d3bae06b5505c5074c744945a5 > data/SRP1/Results/P515S53/w118_resettle/run_yl_y2035_v2_launch.log 2>&1
17:01:43 [W118-FREEZE]   DRY RUN (F2 challenger): run the LAUNCH line above for f2_challenger with --preconditions-only and log run_f2_challenger_v2_preconditions_only.log
17:01:43 [W118] guards {'w118_checks': {'counts': {'permitted_solve': 0, 'permitted_exec': 0, 'blocked_solve': 0, 'blocked_exec': 0}, 'verify_0_failures': []}, 'w105_checks_imported': {'counts': {'permitted_solve': 0, 'permitted_exec': 0, 'blocked_solve': 0, 'blocked_exec': 0}, 'verify_0_failures': []}, 'w101_checks_imported': {'counts': {'permitted_solve': 0, 'permitted_exec': 0, 'blocked_solve': 0, 'blocked_exec': 0}, 'verify_0_failures': []}, 'w98_checks_imported': {'counts': {'permitted_solve': 0, 'permitted_exec': 0, 'blocked_solve': 0, 'blocked_exec': 0}, 'verify_0_failures': []}, 'w112_imported': {'counts': {'permitted_solve': 0, 'permitted_exec': 0, 'blocked_solve': 0, 'blocked_exec': 0}, 'verify_0_failures': []}, 'alpha_row_launcher': {'counts': {'permitted_solve': 0, 'permitted_exec': 0, 'blocked_solve': 0, 'blocked_exec': 0}, 'verify_0_failures': []}, 'w86_launcher': {'counts': {'permitted_solve': 0, 'permitted_exec': 0, 'blocked_solve': 0, 'blocked_exec': 0}, 'verify_0_failures': []}, 'w87': {'counts': {'permitted_solve': 0, 'permitted_exec': 0, 'blocked_solve': 0, 'blocked_exec': 0}, 'verify_0_failures': []}, 'w88': {'counts': {'permitted_solve': 0, 'permitted_exec': 0, 'blocked_solve': 0, 'blocked_exec': 0}, 'verify_0_failures': []}, 'w89_step1': {'counts': {'permitted_solve': 0, 'permitted_exec': 0, 'blocked_solve': 0, 'blocked_exec': 0}, 'verify_0_failures': []}, 'w89_3x3_launcher': {'counts': {'permitted_solve': 0, 'permitted_exec': 0, 'blocked_solve': 0, 'blocked_exec': 0}, 'verify_0_failures': []}, 'w90_3x3_parent': {'counts': {'permitted_solve': 0, 'permitted_exec': 0, 'blocked_solve': 0, 'blocked_exec': 0}, 'verify_0_failures': []}, 'w98_parent': {'counts': {'permitted_solve': 0, 'permitted_exec': 0, 'blocked_solve': 0, 'blocked_exec': 0}, 'verify_0_failures': []}, 'w101_parent': {'counts': {'permitted_solve': 0, 'permitted_exec': 0, 'blocked_solve': 0, 'blocked_exec': 0}, 'verify_0_failures': []}, 'w118_parent': {'counts': {'permitted_solve': 0, 'permitted_exec': 0, 'blocked_solve': 0, 'blocked_exec': 0}, 'verify_0_failures': []}} freeze OK
