15:45:22 [W118-RUN-yl_y2030] memory preflight: available 18.3426513671875 GiB required 3.50 GiB -> PASS
15:45:22 [W118-RUN-yl_y2030] P5.15 Addendum 57, W118 -- SRP1 re-settling campaign (10 cells) under the current production configuration: gated cells replayed bitwise against their original record through the first residual pass k0 (abort on the first divergence), the year-ladder cells as first C2 evaluations; the certifying regime held after the run's k0 (AA off, tight tail on, rho frozen); settling rule v2 (gap clause |t_sum| <= tau/2; monotone branch with |dQ| x 60 <= tau) until it certifies or the cap; W105 captures + per-cycle t_sum and Q_cc; cell yl_y2030 eval_key 6e4f11a95dc3d585f6b76ba8fbde9beef4f757c91a9e3b8e5001828b9c33bd6f; cap 300; lock {'pid': 50203, 'campaign_id': 's53_w118_resettle_r2_yl_y2030', 'campaign_spec_sha256': 'fa79efec91cbcb6f109a97b68f383b09daada1065ebfdde569e0c5217e4f893f', 'started_utc': '2026-09-29T15:45:22.739693+00:00'}
15:45:22 [S44-HARNESS] launched yl_y2030 (key c408836ee5888f63) pid=50464
15:45:22 [S44-HARNESS] heartbeat yl_y2030: 0s cycle=None
15:46:22 [S44-HARNESS] heartbeat yl_y2030: 60s cycle=None
15:47:22 [S44-HARNESS] heartbeat yl_y2030: 120s cycle=3
15:48:22 [S44-HARNESS] heartbeat yl_y2030: 180s cycle=5
15:49:22 [S44-HARNESS] heartbeat yl_y2030: 240s cycle=8
15:50:22 [S44-HARNESS] heartbeat yl_y2030: 300s cycle=10
15:51:22 [S44-HARNESS] heartbeat yl_y2030: 360s cycle=12
15:52:22 [S44-HARNESS] heartbeat yl_y2030: 420s cycle=15
15:53:22 [S44-HARNESS] heartbeat yl_y2030: 480s cycle=17
15:54:22 [S44-HARNESS] heartbeat yl_y2030: 540s cycle=20
15:55:22 [S44-HARNESS] heartbeat yl_y2030: 600s cycle=22
15:56:23 [S44-HARNESS] heartbeat yl_y2030: 660s cycle=25
15:57:23 [S44-HARNESS] heartbeat yl_y2030: 720s cycle=27
15:58:23 [S44-HARNESS] heartbeat yl_y2030: 780s cycle=30
15:59:23 [S44-HARNESS] heartbeat yl_y2030: 840s cycle=32
16:00:23 [S44-HARNESS] heartbeat yl_y2030: 900s cycle=35
16:01:23 [S44-HARNESS] heartbeat yl_y2030: 960s cycle=37
16:02:23 [S44-HARNESS] heartbeat yl_y2030: 1020s cycle=39
16:03:23 [S44-HARNESS] heartbeat yl_y2030: 1080s cycle=42
16:04:23 [S44-HARNESS] heartbeat yl_y2030: 1140s cycle=44
16:05:23 [S44-HARNESS] heartbeat yl_y2030: 1200s cycle=47
16:06:23 [S44-HARNESS] heartbeat yl_y2030: 1261s cycle=49
16:07:23 [S44-HARNESS] heartbeat yl_y2030: 1321s cycle=52
16:08:23 [S44-HARNESS] heartbeat yl_y2030: 1381s cycle=54
16:09:23 [S44-HARNESS] heartbeat yl_y2030: 1441s cycle=57
16:10:23 [S44-HARNESS] heartbeat yl_y2030: 1501s cycle=59
16:11:23 [S44-HARNESS] heartbeat yl_y2030: 1561s cycle=62
16:12:23 [S44-HARNESS] heartbeat yl_y2030: 1621s cycle=64
16:13:23 [S44-HARNESS] heartbeat yl_y2030: 1681s cycle=67
16:14:23 [S44-HARNESS] heartbeat yl_y2030: 1741s cycle=69
16:15:23 [S44-HARNESS] heartbeat yl_y2030: 1801s cycle=72
16:16:23 [S44-HARNESS] heartbeat yl_y2030: 1861s cycle=74
16:17:23 [S44-HARNESS] heartbeat yl_y2030: 1921s cycle=77
16:18:23 [S44-HARNESS] heartbeat yl_y2030: 1981s cycle=79
16:19:23 [S44-HARNESS] heartbeat yl_y2030: 2041s cycle=82
16:20:23 [S44-HARNESS] heartbeat yl_y2030: 2101s cycle=84
16:21:23 [S44-HARNESS] heartbeat yl_y2030: 2161s cycle=87
16:22:23 [S44-HARNESS] heartbeat yl_y2030: 2221s cycle=89
16:23:23 [S44-HARNESS] heartbeat yl_y2030: 2281s cycle=92
16:24:23 [S44-HARNESS] heartbeat yl_y2030: 2341s cycle=94
16:25:23 [S44-HARNESS] heartbeat yl_y2030: 2401s cycle=97
16:26:23 [S44-HARNESS] heartbeat yl_y2030: 2461s cycle=99
16:27:23 [S44-HARNESS] heartbeat yl_y2030: 2521s cycle=102
16:28:23 [S44-HARNESS] heartbeat yl_y2030: 2581s cycle=104
16:29:23 [S44-HARNESS] heartbeat yl_y2030: 2641s cycle=107
16:30:23 [S44-HARNESS] heartbeat yl_y2030: 2701s cycle=109
16:31:23 [S44-HARNESS] heartbeat yl_y2030: 2761s cycle=112
16:32:23 [S44-HARNESS] heartbeat yl_y2030: 2821s cycle=114
16:33:23 [S44-HARNESS] heartbeat yl_y2030: 2881s cycle=116
16:34:23 [S44-HARNESS] heartbeat yl_y2030: 2941s cycle=119
16:35:23 [S44-HARNESS] heartbeat yl_y2030: 3001s cycle=121
16:36:23 [S44-HARNESS] heartbeat yl_y2030: 3061s cycle=123
16:37:24 [S44-HARNESS] heartbeat yl_y2030: 3121s cycle=126
16:38:24 [S44-HARNESS] heartbeat yl_y2030: 3181s cycle=128
16:39:24 [S44-HARNESS] heartbeat yl_y2030: 3241s cycle=131
16:40:24 [S44-HARNESS] heartbeat yl_y2030: 3301s cycle=133
16:41:24 [S44-HARNESS] heartbeat yl_y2030: 3361s cycle=136
16:42:24 [S44-HARNESS] heartbeat yl_y2030: 3421s cycle=138
16:43:24 [S44-HARNESS] heartbeat yl_y2030: 3481s cycle=140
16:44:24 [S44-HARNESS] heartbeat yl_y2030: 3541s cycle=143
16:45:24 [S44-HARNESS] heartbeat yl_y2030: 3601s cycle=145
16:46:24 [S44-HARNESS] heartbeat yl_y2030: 3662s cycle=148
16:47:24 [S44-HARNESS] heartbeat yl_y2030: 3722s cycle=150
16:48:24 [S44-HARNESS] heartbeat yl_y2030: 3782s cycle=152
16:49:24 [S44-HARNESS] heartbeat yl_y2030: 3842s cycle=155
16:50:24 [S44-HARNESS] heartbeat yl_y2030: 3902s cycle=157
16:51:24 [S44-HARNESS] heartbeat yl_y2030: 3962s cycle=160
16:52:24 [S44-HARNESS] heartbeat yl_y2030: 4022s cycle=162
16:53:24 [S44-HARNESS] heartbeat yl_y2030: 4082s cycle=165
16:54:24 [S44-HARNESS] heartbeat yl_y2030: 4142s cycle=167
16:55:24 [S44-HARNESS] finished yl_y2030 pid=50464 exit=0 status=certified wall=4202s
16:55:26 [W118-RUN-yl_y2030] gates {'G1_harness_clean': True, 'G2_eval_key': True, 'G3_append_reconcile': True, 'G4_tail_state_check': True, 'G5_solve_profile_reconciled_per_event': True, 'G6_v37_optimal_and_four_metrics': True, 'G7_append_sealed': True, 'G8_persistence_as_w101': True, 'G9_ess_ageing_readback': True, 'G11_acceptance_cross_check': True, 'G13_holds_inert_through_first_pass_held_after': True, 'G14_all_block_capture': True, 'G15_stopping_consistent': True, 'G16_lambda_sidecar_complete': True, 'G17_rule_v2_replay_reproduces_in_cycle': True, 'G18_line_fields_every_cycle': True, 'G20_production_counters_in_per_cycle_record': True, 'G21_creep_captures_complete': True, 'G22_t_sum_in_cycle_equals_stride_and_terminal': True, 'G23_overlap_recorded': True}
16:55:26 [W118-RUN-yl_y2030] settling v2: status certified k* 169 branch oscillatory band_width 4084.7481145858765 s None t_sum(k*) 493.4760420794428 k0_run 107 cycles 169
16:55:26 [W118] guards {'w118_checks': {'counts': {'permitted_solve': 0, 'permitted_exec': 0, 'blocked_solve': 0, 'blocked_exec': 0}, 'verify_0_failures': []}, 'w105_checks_imported': {'counts': {'permitted_solve': 0, 'permitted_exec': 0, 'blocked_solve': 0, 'blocked_exec': 0}, 'verify_0_failures': []}, 'w101_checks_imported': {'counts': {'permitted_solve': 0, 'permitted_exec': 0, 'blocked_solve': 0, 'blocked_exec': 0}, 'verify_0_failures': []}, 'w98_checks_imported': {'counts': {'permitted_solve': 0, 'permitted_exec': 0, 'blocked_solve': 0, 'blocked_exec': 0}, 'verify_0_failures': []}, 'w112_imported': {'counts': {'permitted_solve': 0, 'permitted_exec': 0, 'blocked_solve': 0, 'blocked_exec': 0}, 'verify_0_failures': []}, 'alpha_row_launcher': {'counts': {'permitted_solve': 0, 'permitted_exec': 0, 'blocked_solve': 0, 'blocked_exec': 0}, 'verify_0_failures': []}, 'w86_launcher': {'counts': {'permitted_solve': 0, 'permitted_exec': 0, 'blocked_solve': 0, 'blocked_exec': 0}, 'verify_0_failures': []}, 'w87': {'counts': {'permitted_solve': 0, 'permitted_exec': 0, 'blocked_solve': 0, 'blocked_exec': 0}, 'verify_0_failures': []}, 'w88': {'counts': {'permitted_solve': 0, 'permitted_exec': 0, 'blocked_solve': 0, 'blocked_exec': 0}, 'verify_0_failures': []}, 'w89_step1': {'counts': {'permitted_solve': 0, 'permitted_exec': 0, 'blocked_solve': 0, 'blocked_exec': 0}, 'verify_0_failures': []}, 'w89_3x3_launcher': {'counts': {'permitted_solve': 0, 'permitted_exec': 0, 'blocked_solve': 0, 'blocked_exec': 0}, 'verify_0_failures': []}, 'w90_3x3_parent': {'counts': {'permitted_solve': 0, 'permitted_exec': 0, 'blocked_solve': 0, 'blocked_exec': 0}, 'verify_0_failures': []}, 'w98_parent': {'counts': {'permitted_solve': 0, 'permitted_exec': 0, 'blocked_solve': 0, 'blocked_exec': 0}, 'verify_0_failures': []}, 'w101_parent': {'counts': {'permitted_solve': 0, 'permitted_exec': 0, 'blocked_solve': 0, 'blocked_exec': 0}, 'verify_0_failures': []}, 'w118_parent': {'counts': {'permitted_solve': 0, 'permitted_exec': 0, 'blocked_solve': 0, 'blocked_exec': 0}, 'verify_0_failures': []}} wall=4254s
