19:39:50 [W118-RUN-yl_y2035] memory preflight: available 18.132766723632812 GiB required 3.50 GiB -> PASS
19:39:50 [W118-RUN-yl_y2035] P5.15 Addendum 57, W118 -- SRP1 re-settling campaign (10 cells) under the current production configuration: gated cells replayed bitwise against their original record through the first residual pass k0 (abort on the first divergence), the year-ladder cells as first C2 evaluations; the certifying regime held after the run's k0 (AA off, tight tail on, rho frozen); settling rule v2 (gap clause |t_sum| <= tau/2; monotone branch with |dQ| x 60 <= tau) until it certifies or the cap; W105 captures + per-cycle t_sum and Q_cc; cell yl_y2035 eval_key 3a2387f46448f9db7272cbe0a8c541b381ad37488c27fbc7aeebc8cf80d4e049; cap 300; lock {'pid': 63086, 'campaign_id': 's53_w118_resettle_r2_yl_y2035', 'campaign_spec_sha256': '316eed367e5c30590e7960c367964e5ebc00d4d3bae06b5505c5074c744945a5', 'started_utc': '2026-09-29T19:39:50.643201+00:00'}
19:39:50 [S44-HARNESS] launched yl_y2035 (key 7fca7670b9b79fef) pid=63321
19:39:50 [S44-HARNESS] heartbeat yl_y2035: 0s cycle=None
19:40:50 [S44-HARNESS] heartbeat yl_y2035: 60s cycle=None
19:41:50 [S44-HARNESS] heartbeat yl_y2035: 120s cycle=3
19:42:50 [S44-HARNESS] heartbeat yl_y2035: 180s cycle=5
19:43:50 [S44-HARNESS] heartbeat yl_y2035: 240s cycle=7
19:44:50 [S44-HARNESS] heartbeat yl_y2035: 300s cycle=10
19:45:50 [S44-HARNESS] heartbeat yl_y2035: 360s cycle=12
19:46:50 [S44-HARNESS] heartbeat yl_y2035: 420s cycle=14
19:47:50 [S44-HARNESS] heartbeat yl_y2035: 480s cycle=17
19:48:50 [S44-HARNESS] heartbeat yl_y2035: 540s cycle=19
19:49:50 [S44-HARNESS] heartbeat yl_y2035: 600s cycle=22
19:50:50 [S44-HARNESS] heartbeat yl_y2035: 660s cycle=24
19:51:50 [S44-HARNESS] heartbeat yl_y2035: 720s cycle=26
19:52:50 [S44-HARNESS] heartbeat yl_y2035: 780s cycle=29
19:53:50 [S44-HARNESS] heartbeat yl_y2035: 840s cycle=31
19:54:50 [S44-HARNESS] heartbeat yl_y2035: 900s cycle=34
19:55:50 [S44-HARNESS] heartbeat yl_y2035: 960s cycle=36
19:56:50 [S44-HARNESS] heartbeat yl_y2035: 1020s cycle=38
19:57:50 [S44-HARNESS] heartbeat yl_y2035: 1080s cycle=41
19:58:50 [S44-HARNESS] heartbeat yl_y2035: 1140s cycle=43
19:59:50 [S44-HARNESS] heartbeat yl_y2035: 1200s cycle=46
20:00:50 [S44-HARNESS] heartbeat yl_y2035: 1260s cycle=48
20:01:50 [S44-HARNESS] heartbeat yl_y2035: 1320s cycle=51
20:02:50 [S44-HARNESS] heartbeat yl_y2035: 1380s cycle=53
20:03:50 [S44-HARNESS] heartbeat yl_y2035: 1440s cycle=55
20:04:51 [S44-HARNESS] heartbeat yl_y2035: 1500s cycle=58
20:05:51 [S44-HARNESS] heartbeat yl_y2035: 1560s cycle=60
20:06:51 [S44-HARNESS] heartbeat yl_y2035: 1620s cycle=63
20:07:51 [S44-HARNESS] heartbeat yl_y2035: 1680s cycle=65
20:08:51 [S44-HARNESS] heartbeat yl_y2035: 1740s cycle=68
20:09:51 [S44-HARNESS] heartbeat yl_y2035: 1800s cycle=70
20:10:51 [S44-HARNESS] heartbeat yl_y2035: 1860s cycle=73
20:11:51 [S44-HARNESS] heartbeat yl_y2035: 1920s cycle=75
20:12:51 [S44-HARNESS] heartbeat yl_y2035: 1980s cycle=78
20:13:51 [S44-HARNESS] heartbeat yl_y2035: 2040s cycle=80
20:14:51 [S44-HARNESS] heartbeat yl_y2035: 2100s cycle=82
20:15:51 [S44-HARNESS] heartbeat yl_y2035: 2161s cycle=85
20:16:51 [S44-HARNESS] heartbeat yl_y2035: 2221s cycle=87
20:17:51 [S44-HARNESS] heartbeat yl_y2035: 2281s cycle=90
20:18:51 [S44-HARNESS] heartbeat yl_y2035: 2341s cycle=92
20:19:51 [S44-HARNESS] heartbeat yl_y2035: 2401s cycle=95
20:20:51 [S44-HARNESS] heartbeat yl_y2035: 2461s cycle=97
20:21:51 [S44-HARNESS] heartbeat yl_y2035: 2521s cycle=100
20:22:51 [S44-HARNESS] heartbeat yl_y2035: 2581s cycle=102
20:23:51 [S44-HARNESS] heartbeat yl_y2035: 2641s cycle=105
20:24:51 [S44-HARNESS] heartbeat yl_y2035: 2701s cycle=108
20:25:51 [S44-HARNESS] heartbeat yl_y2035: 2761s cycle=110
20:26:51 [S44-HARNESS] heartbeat yl_y2035: 2821s cycle=113
20:27:51 [S44-HARNESS] heartbeat yl_y2035: 2881s cycle=115
20:28:51 [S44-HARNESS] heartbeat yl_y2035: 2941s cycle=118
20:29:51 [S44-HARNESS] heartbeat yl_y2035: 3001s cycle=120
20:30:51 [S44-HARNESS] heartbeat yl_y2035: 3061s cycle=123
20:31:51 [S44-HARNESS] heartbeat yl_y2035: 3121s cycle=125
20:32:51 [S44-HARNESS] heartbeat yl_y2035: 3181s cycle=128
20:33:51 [S44-HARNESS] heartbeat yl_y2035: 3241s cycle=130
20:34:51 [S44-HARNESS] heartbeat yl_y2035: 3301s cycle=133
20:35:51 [S44-HARNESS] heartbeat yl_y2035: 3361s cycle=135
20:36:51 [S44-HARNESS] heartbeat yl_y2035: 3421s cycle=138
20:37:51 [S44-HARNESS] heartbeat yl_y2035: 3481s cycle=140
20:38:51 [S44-HARNESS] heartbeat yl_y2035: 3541s cycle=142
20:39:51 [S44-HARNESS] heartbeat yl_y2035: 3601s cycle=145
20:40:51 [S44-HARNESS] heartbeat yl_y2035: 3661s cycle=147
20:41:51 [S44-HARNESS] heartbeat yl_y2035: 3721s cycle=150
20:42:51 [S44-HARNESS] heartbeat yl_y2035: 3781s cycle=152
20:43:51 [S44-HARNESS] heartbeat yl_y2035: 3841s cycle=155
20:44:51 [S44-HARNESS] heartbeat yl_y2035: 3901s cycle=157
20:45:51 [S44-HARNESS] heartbeat yl_y2035: 3961s cycle=160
20:46:51 [S44-HARNESS] heartbeat yl_y2035: 4021s cycle=162
20:47:51 [S44-HARNESS] heartbeat yl_y2035: 4081s cycle=165
20:48:46 [S44-HARNESS] finished yl_y2035 pid=63321 exit=0 status=certified wall=4136s
20:48:48 [W118-RUN-yl_y2035] gates {'G1_harness_clean': True, 'G2_eval_key': True, 'G3_append_reconcile': True, 'G4_tail_state_check': True, 'G5_solve_profile_reconciled_per_event': True, 'G6_v37_optimal_and_four_metrics': True, 'G7_append_sealed': True, 'G8_persistence_as_w101': True, 'G9_ess_ageing_readback': True, 'G11_acceptance_cross_check': True, 'G13_holds_inert_through_first_pass_held_after': True, 'G14_all_block_capture': True, 'G15_stopping_consistent': True, 'G16_lambda_sidecar_complete': True, 'G17_rule_v2_replay_reproduces_in_cycle': True, 'G18_line_fields_every_cycle': True, 'G20_production_counters_in_per_cycle_record': True, 'G21_creep_captures_complete': True, 'G22_t_sum_in_cycle_equals_stride_and_terminal': True, 'G23_overlap_recorded': True}
20:48:48 [W118-RUN-yl_y2035] settling v2: status certified k* 167 branch oscillatory band_width 4051.796447992325 s None t_sum(k*) 576.7994951596219 k0_run 106 cycles 167
20:48:48 [W118] guards {'w118_checks': {'counts': {'permitted_solve': 0, 'permitted_exec': 0, 'blocked_solve': 0, 'blocked_exec': 0}, 'verify_0_failures': []}, 'w105_checks_imported': {'counts': {'permitted_solve': 0, 'permitted_exec': 0, 'blocked_solve': 0, 'blocked_exec': 0}, 'verify_0_failures': []}, 'w101_checks_imported': {'counts': {'permitted_solve': 0, 'permitted_exec': 0, 'blocked_solve': 0, 'blocked_exec': 0}, 'verify_0_failures': []}, 'w98_checks_imported': {'counts': {'permitted_solve': 0, 'permitted_exec': 0, 'blocked_solve': 0, 'blocked_exec': 0}, 'verify_0_failures': []}, 'w112_imported': {'counts': {'permitted_solve': 0, 'permitted_exec': 0, 'blocked_solve': 0, 'blocked_exec': 0}, 'verify_0_failures': []}, 'alpha_row_launcher': {'counts': {'permitted_solve': 0, 'permitted_exec': 0, 'blocked_solve': 0, 'blocked_exec': 0}, 'verify_0_failures': []}, 'w86_launcher': {'counts': {'permitted_solve': 0, 'permitted_exec': 0, 'blocked_solve': 0, 'blocked_exec': 0}, 'verify_0_failures': []}, 'w87': {'counts': {'permitted_solve': 0, 'permitted_exec': 0, 'blocked_solve': 0, 'blocked_exec': 0}, 'verify_0_failures': []}, 'w88': {'counts': {'permitted_solve': 0, 'permitted_exec': 0, 'blocked_solve': 0, 'blocked_exec': 0}, 'verify_0_failures': []}, 'w89_step1': {'counts': {'permitted_solve': 0, 'permitted_exec': 0, 'blocked_solve': 0, 'blocked_exec': 0}, 'verify_0_failures': []}, 'w89_3x3_launcher': {'counts': {'permitted_solve': 0, 'permitted_exec': 0, 'blocked_solve': 0, 'blocked_exec': 0}, 'verify_0_failures': []}, 'w90_3x3_parent': {'counts': {'permitted_solve': 0, 'permitted_exec': 0, 'blocked_solve': 0, 'blocked_exec': 0}, 'verify_0_failures': []}, 'w98_parent': {'counts': {'permitted_solve': 0, 'permitted_exec': 0, 'blocked_solve': 0, 'blocked_exec': 0}, 'verify_0_failures': []}, 'w101_parent': {'counts': {'permitted_solve': 0, 'permitted_exec': 0, 'blocked_solve': 0, 'blocked_exec': 0}, 'verify_0_failures': []}, 'w118_parent': {'counts': {'permitted_solve': 0, 'permitted_exec': 0, 'blocked_solve': 0, 'blocked_exec': 0}, 'verify_0_failures': []}} wall=4186s
