14:07:40 [W118-RUN-pb_y2025_n7] memory preflight: available 18.160446166992188 GiB required 3.50 GiB -> PASS
14:07:40 [W118-RUN-pb_y2025_n7] P5.15 Addendum 57, W118 -- SRP1 re-settling campaign (10 cells) under the current production configuration: gated cells replayed bitwise against their original record through the first residual pass k0 (abort on the first divergence), the year-ladder cells as first C2 evaluations; the certifying regime held after the run's k0 (AA off, tight tail on, rho frozen); settling rule v2 (gap clause |t_sum| <= tau/2; monotone branch with |dQ| x 60 <= tau) until it certifies or the cap; W105 captures + per-cycle t_sum and Q_cc; cell pb_y2025_n7 eval_key b9b8e4be4a6c82b64236540c479e5bbc32b34aeb08a94af84498e9afab693ebe; cap 221; lock {'pid': 37759, 'campaign_id': 's53_w118_resettle_r2_pb_y2025_n7', 'campaign_spec_sha256': 'fd95aa256e774b49c56c0ab1d17486675ae04ed037dc1eb3bfd0d09756e9a920', 'started_utc': '2026-09-29T14:07:40.260509+00:00'}
14:07:40 [S44-HARNESS] launched pb_y2025_n7 (key 56b9730bfb7b78c7) pid=37981
14:07:40 [S44-HARNESS] heartbeat pb_y2025_n7: 0s cycle=None
14:08:40 [S44-HARNESS] heartbeat pb_y2025_n7: 60s cycle=None
14:09:40 [S44-HARNESS] heartbeat pb_y2025_n7: 120s cycle=2
14:10:40 [S44-HARNESS] heartbeat pb_y2025_n7: 180s cycle=5
14:11:40 [S44-HARNESS] heartbeat pb_y2025_n7: 240s cycle=7
14:12:40 [S44-HARNESS] heartbeat pb_y2025_n7: 300s cycle=9
14:13:40 [S44-HARNESS] heartbeat pb_y2025_n7: 360s cycle=11
14:14:40 [S44-HARNESS] heartbeat pb_y2025_n7: 420s cycle=14
14:15:40 [S44-HARNESS] heartbeat pb_y2025_n7: 480s cycle=16
14:16:40 [S44-HARNESS] heartbeat pb_y2025_n7: 540s cycle=18
14:17:40 [S44-HARNESS] heartbeat pb_y2025_n7: 600s cycle=21
14:18:40 [S44-HARNESS] heartbeat pb_y2025_n7: 660s cycle=23
14:19:40 [S44-HARNESS] heartbeat pb_y2025_n7: 720s cycle=26
14:20:40 [S44-HARNESS] heartbeat pb_y2025_n7: 780s cycle=28
14:21:40 [S44-HARNESS] heartbeat pb_y2025_n7: 840s cycle=30
14:22:40 [S44-HARNESS] heartbeat pb_y2025_n7: 900s cycle=33
14:23:40 [S44-HARNESS] heartbeat pb_y2025_n7: 960s cycle=35
14:24:40 [S44-HARNESS] heartbeat pb_y2025_n7: 1020s cycle=37
14:25:40 [S44-HARNESS] heartbeat pb_y2025_n7: 1080s cycle=40
14:26:40 [S44-HARNESS] heartbeat pb_y2025_n7: 1140s cycle=42
14:27:40 [S44-HARNESS] heartbeat pb_y2025_n7: 1200s cycle=44
14:28:40 [S44-HARNESS] heartbeat pb_y2025_n7: 1260s cycle=47
14:29:40 [S44-HARNESS] heartbeat pb_y2025_n7: 1320s cycle=49
14:30:40 [S44-HARNESS] heartbeat pb_y2025_n7: 1381s cycle=52
14:31:40 [S44-HARNESS] heartbeat pb_y2025_n7: 1441s cycle=54
14:32:40 [S44-HARNESS] heartbeat pb_y2025_n7: 1501s cycle=57
14:33:40 [S44-HARNESS] heartbeat pb_y2025_n7: 1561s cycle=59
14:34:40 [S44-HARNESS] heartbeat pb_y2025_n7: 1621s cycle=61
14:35:40 [S44-HARNESS] heartbeat pb_y2025_n7: 1681s cycle=64
14:36:40 [S44-HARNESS] heartbeat pb_y2025_n7: 1741s cycle=66
14:37:40 [S44-HARNESS] heartbeat pb_y2025_n7: 1801s cycle=69
14:38:40 [S44-HARNESS] heartbeat pb_y2025_n7: 1861s cycle=71
14:39:41 [S44-HARNESS] heartbeat pb_y2025_n7: 1921s cycle=73
14:40:41 [S44-HARNESS] heartbeat pb_y2025_n7: 1981s cycle=76
14:41:41 [S44-HARNESS] heartbeat pb_y2025_n7: 2041s cycle=78
14:42:41 [S44-HARNESS] heartbeat pb_y2025_n7: 2101s cycle=81
14:43:41 [S44-HARNESS] heartbeat pb_y2025_n7: 2161s cycle=83
14:44:41 [S44-HARNESS] heartbeat pb_y2025_n7: 2221s cycle=86
14:45:41 [S44-HARNESS] heartbeat pb_y2025_n7: 2281s cycle=88
14:46:41 [S44-HARNESS] heartbeat pb_y2025_n7: 2341s cycle=90
14:47:41 [S44-HARNESS] heartbeat pb_y2025_n7: 2401s cycle=93
14:48:41 [S44-HARNESS] heartbeat pb_y2025_n7: 2461s cycle=95
14:49:41 [S44-HARNESS] heartbeat pb_y2025_n7: 2521s cycle=98
14:50:41 [S44-HARNESS] heartbeat pb_y2025_n7: 2581s cycle=100
14:51:41 [S44-HARNESS] heartbeat pb_y2025_n7: 2641s cycle=102
14:52:41 [S44-HARNESS] heartbeat pb_y2025_n7: 2701s cycle=105
14:53:41 [S44-HARNESS] heartbeat pb_y2025_n7: 2761s cycle=107
14:54:41 [S44-HARNESS] heartbeat pb_y2025_n7: 2821s cycle=110
14:55:41 [S44-HARNESS] heartbeat pb_y2025_n7: 2881s cycle=112
14:56:41 [S44-HARNESS] heartbeat pb_y2025_n7: 2941s cycle=114
14:57:41 [S44-HARNESS] heartbeat pb_y2025_n7: 3001s cycle=117
14:58:41 [S44-HARNESS] heartbeat pb_y2025_n7: 3061s cycle=119
14:59:41 [S44-HARNESS] heartbeat pb_y2025_n7: 3121s cycle=122
15:00:41 [S44-HARNESS] heartbeat pb_y2025_n7: 3181s cycle=124
15:01:41 [S44-HARNESS] heartbeat pb_y2025_n7: 3241s cycle=126
15:02:41 [S44-HARNESS] heartbeat pb_y2025_n7: 3301s cycle=129
15:03:41 [S44-HARNESS] heartbeat pb_y2025_n7: 3361s cycle=131
15:04:41 [S44-HARNESS] heartbeat pb_y2025_n7: 3421s cycle=134
15:05:41 [S44-HARNESS] heartbeat pb_y2025_n7: 3481s cycle=136
15:06:41 [S44-HARNESS] heartbeat pb_y2025_n7: 3541s cycle=138
15:07:41 [S44-HARNESS] heartbeat pb_y2025_n7: 3601s cycle=141
15:08:41 [S44-HARNESS] heartbeat pb_y2025_n7: 3661s cycle=143
15:09:41 [S44-HARNESS] heartbeat pb_y2025_n7: 3721s cycle=146
15:10:41 [S44-HARNESS] heartbeat pb_y2025_n7: 3781s cycle=148
15:11:41 [S44-HARNESS] heartbeat pb_y2025_n7: 3842s cycle=150
15:12:41 [S44-HARNESS] heartbeat pb_y2025_n7: 3902s cycle=153
15:13:41 [S44-HARNESS] heartbeat pb_y2025_n7: 3962s cycle=155
15:14:41 [S44-HARNESS] heartbeat pb_y2025_n7: 4022s cycle=158
15:15:41 [S44-HARNESS] heartbeat pb_y2025_n7: 4082s cycle=160
15:16:41 [S44-HARNESS] heartbeat pb_y2025_n7: 4142s cycle=162
15:17:41 [S44-HARNESS] heartbeat pb_y2025_n7: 4202s cycle=165
15:18:41 [S44-HARNESS] heartbeat pb_y2025_n7: 4262s cycle=167
15:19:41 [S44-HARNESS] heartbeat pb_y2025_n7: 4322s cycle=170
15:20:42 [S44-HARNESS] heartbeat pb_y2025_n7: 4382s cycle=172
15:20:47 [S44-HARNESS] finished pb_y2025_n7 pid=37981 exit=0 status=certified wall=4387s
15:20:49 [W118-RUN-pb_y2025_n7] gates {'G1_harness_clean': True, 'G2_eval_key': True, 'G3_append_reconcile': True, 'G4_tail_state_check': True, 'G5_solve_profile_reconciled_per_event': True, 'G6_v37_optimal_and_four_metrics': True, 'G7_append_sealed': True, 'G8_persistence_as_w101': True, 'G9_ess_ageing_readback': True, 'G11_acceptance_cross_check': True, 'G13_holds_inert_through_first_pass_held_after': True, 'G14_all_block_capture': True, 'G15_stopping_consistent': True, 'G16_lambda_sidecar_complete': True, 'G17_rule_v2_replay_reproduces_in_cycle': True, 'G18_line_fields_every_cycle': True, 'G19_replay_bitwise_1_k0_every_field': True, 'G20_production_counters_in_per_cycle_record': True, 'G21_creep_captures_complete': True, 'G22_t_sum_in_cycle_equals_stride_and_terminal': True, 'G23_overlap_recorded': True}
15:20:49 [W118-RUN-pb_y2025_n7] settling v2: status certified k* 172 branch oscillatory band_width 4421.739609241486 s 11770.29779446125 t_sum(k*) 223.32203454050304 k0_run 112 cycles 172
15:20:49 [W118] guards {'w118_checks': {'counts': {'permitted_solve': 0, 'permitted_exec': 0, 'blocked_solve': 0, 'blocked_exec': 0}, 'verify_0_failures': []}, 'w105_checks_imported': {'counts': {'permitted_solve': 0, 'permitted_exec': 0, 'blocked_solve': 0, 'blocked_exec': 0}, 'verify_0_failures': []}, 'w101_checks_imported': {'counts': {'permitted_solve': 0, 'permitted_exec': 0, 'blocked_solve': 0, 'blocked_exec': 0}, 'verify_0_failures': []}, 'w98_checks_imported': {'counts': {'permitted_solve': 0, 'permitted_exec': 0, 'blocked_solve': 0, 'blocked_exec': 0}, 'verify_0_failures': []}, 'w112_imported': {'counts': {'permitted_solve': 0, 'permitted_exec': 0, 'blocked_solve': 0, 'blocked_exec': 0}, 'verify_0_failures': []}, 'alpha_row_launcher': {'counts': {'permitted_solve': 0, 'permitted_exec': 0, 'blocked_solve': 0, 'blocked_exec': 0}, 'verify_0_failures': []}, 'w86_launcher': {'counts': {'permitted_solve': 0, 'permitted_exec': 0, 'blocked_solve': 0, 'blocked_exec': 0}, 'verify_0_failures': []}, 'w87': {'counts': {'permitted_solve': 0, 'permitted_exec': 0, 'blocked_solve': 0, 'blocked_exec': 0}, 'verify_0_failures': []}, 'w88': {'counts': {'permitted_solve': 0, 'permitted_exec': 0, 'blocked_solve': 0, 'blocked_exec': 0}, 'verify_0_failures': []}, 'w89_step1': {'counts': {'permitted_solve': 0, 'permitted_exec': 0, 'blocked_solve': 0, 'blocked_exec': 0}, 'verify_0_failures': []}, 'w89_3x3_launcher': {'counts': {'permitted_solve': 0, 'permitted_exec': 0, 'blocked_solve': 0, 'blocked_exec': 0}, 'verify_0_failures': []}, 'w90_3x3_parent': {'counts': {'permitted_solve': 0, 'permitted_exec': 0, 'blocked_solve': 0, 'blocked_exec': 0}, 'verify_0_failures': []}, 'w98_parent': {'counts': {'permitted_solve': 0, 'permitted_exec': 0, 'blocked_solve': 0, 'blocked_exec': 0}, 'verify_0_failures': []}, 'w101_parent': {'counts': {'permitted_solve': 0, 'permitted_exec': 0, 'blocked_solve': 0, 'blocked_exec': 0}, 'verify_0_failures': []}, 'w118_parent': {'counts': {'permitted_solve': 0, 'permitted_exec': 0, 'blocked_solve': 0, 'blocked_exec': 0}, 'verify_0_failures': []}} wall=4436s
