12:07:08 [W118-RUN-pb_y2025_n9] memory preflight: available 17.10394287109375 GiB required 3.50 GiB -> PASS
12:07:08 [W118-RUN-pb_y2025_n9] P5.15 Addendum 57, W118 -- SRP1 re-settling campaign (10 cells) under the current production configuration: gated cells replayed bitwise against their original record through the first residual pass k0 (abort on the first divergence), the year-ladder cells as first C2 evaluations; the certifying regime held after the run's k0 (AA off, tight tail on, rho frozen); settling rule v2 (gap clause |t_sum| <= tau/2; monotone branch with |dQ| x 60 <= tau) until it certifies or the cap; W105 captures + per-cycle t_sum and Q_cc; cell pb_y2025_n9 eval_key b7bce5a8bf2365b921cbd4349c644836af57089d910e72c0baa2ef5720dfd81c; cap 222; lock {'pid': 25062, 'campaign_id': 's53_w118_resettle_r2_pb_y2025_n9', 'campaign_spec_sha256': '106fd385c80c0d87d6877e105fbf0136cda8f6f4d0a7c098fd9d13d34f8c0e2b', 'started_utc': '2026-09-29T12:07:08.160118+00:00'}
12:07:08 [S44-HARNESS] launched pb_y2025_n9 (key c50a0e021a232e7d) pid=25298
12:07:08 [S44-HARNESS] heartbeat pb_y2025_n9: 0s cycle=None
12:08:08 [S44-HARNESS] heartbeat pb_y2025_n9: 60s cycle=None
12:09:08 [S44-HARNESS] heartbeat pb_y2025_n9: 120s cycle=3
12:10:08 [S44-HARNESS] heartbeat pb_y2025_n9: 180s cycle=5
12:11:08 [S44-HARNESS] heartbeat pb_y2025_n9: 240s cycle=7
12:12:08 [S44-HARNESS] heartbeat pb_y2025_n9: 300s cycle=9
12:13:08 [S44-HARNESS] heartbeat pb_y2025_n9: 360s cycle=12
12:14:08 [S44-HARNESS] heartbeat pb_y2025_n9: 420s cycle=14
12:15:08 [S44-HARNESS] heartbeat pb_y2025_n9: 480s cycle=16
12:16:08 [S44-HARNESS] heartbeat pb_y2025_n9: 540s cycle=19
12:17:08 [S44-HARNESS] heartbeat pb_y2025_n9: 600s cycle=21
12:18:08 [S44-HARNESS] heartbeat pb_y2025_n9: 660s cycle=23
12:19:08 [S44-HARNESS] heartbeat pb_y2025_n9: 720s cycle=26
12:20:08 [S44-HARNESS] heartbeat pb_y2025_n9: 780s cycle=28
12:21:08 [S44-HARNESS] heartbeat pb_y2025_n9: 840s cycle=30
12:22:08 [S44-HARNESS] heartbeat pb_y2025_n9: 900s cycle=33
12:23:08 [S44-HARNESS] heartbeat pb_y2025_n9: 960s cycle=35
12:24:08 [S44-HARNESS] heartbeat pb_y2025_n9: 1020s cycle=38
12:25:08 [S44-HARNESS] heartbeat pb_y2025_n9: 1080s cycle=40
12:26:08 [S44-HARNESS] heartbeat pb_y2025_n9: 1140s cycle=43
12:27:08 [S44-HARNESS] heartbeat pb_y2025_n9: 1200s cycle=45
12:28:08 [S44-HARNESS] heartbeat pb_y2025_n9: 1260s cycle=47
12:29:08 [S44-HARNESS] heartbeat pb_y2025_n9: 1321s cycle=50
12:30:08 [S44-HARNESS] heartbeat pb_y2025_n9: 1381s cycle=52
12:31:08 [S44-HARNESS] heartbeat pb_y2025_n9: 1441s cycle=54
12:32:08 [S44-HARNESS] heartbeat pb_y2025_n9: 1501s cycle=57
12:33:08 [S44-HARNESS] heartbeat pb_y2025_n9: 1561s cycle=59
12:34:08 [S44-HARNESS] heartbeat pb_y2025_n9: 1621s cycle=62
12:35:08 [S44-HARNESS] heartbeat pb_y2025_n9: 1681s cycle=64
12:36:08 [S44-HARNESS] heartbeat pb_y2025_n9: 1741s cycle=67
12:37:08 [S44-HARNESS] heartbeat pb_y2025_n9: 1801s cycle=69
12:38:08 [S44-HARNESS] heartbeat pb_y2025_n9: 1861s cycle=71
12:39:08 [S44-HARNESS] heartbeat pb_y2025_n9: 1921s cycle=74
12:40:08 [S44-HARNESS] heartbeat pb_y2025_n9: 1981s cycle=76
12:41:08 [S44-HARNESS] heartbeat pb_y2025_n9: 2041s cycle=79
12:42:09 [S44-HARNESS] heartbeat pb_y2025_n9: 2101s cycle=81
12:43:09 [S44-HARNESS] heartbeat pb_y2025_n9: 2161s cycle=83
12:44:09 [S44-HARNESS] heartbeat pb_y2025_n9: 2221s cycle=86
12:45:09 [S44-HARNESS] heartbeat pb_y2025_n9: 2281s cycle=88
12:46:09 [S44-HARNESS] heartbeat pb_y2025_n9: 2341s cycle=90
12:47:09 [S44-HARNESS] heartbeat pb_y2025_n9: 2401s cycle=93
12:48:09 [S44-HARNESS] heartbeat pb_y2025_n9: 2461s cycle=95
12:49:09 [S44-HARNESS] heartbeat pb_y2025_n9: 2521s cycle=97
12:50:09 [S44-HARNESS] heartbeat pb_y2025_n9: 2581s cycle=100
12:51:09 [S44-HARNESS] heartbeat pb_y2025_n9: 2641s cycle=102
12:52:09 [S44-HARNESS] heartbeat pb_y2025_n9: 2701s cycle=105
12:53:09 [S44-HARNESS] heartbeat pb_y2025_n9: 2761s cycle=107
12:54:09 [S44-HARNESS] heartbeat pb_y2025_n9: 2821s cycle=109
12:55:09 [S44-HARNESS] heartbeat pb_y2025_n9: 2881s cycle=112
12:56:09 [S44-HARNESS] heartbeat pb_y2025_n9: 2941s cycle=114
12:57:09 [S44-HARNESS] heartbeat pb_y2025_n9: 3001s cycle=116
12:58:09 [S44-HARNESS] heartbeat pb_y2025_n9: 3061s cycle=119
12:59:09 [S44-HARNESS] heartbeat pb_y2025_n9: 3121s cycle=121
13:00:09 [S44-HARNESS] heartbeat pb_y2025_n9: 3181s cycle=124
13:01:09 [S44-HARNESS] heartbeat pb_y2025_n9: 3241s cycle=126
13:02:09 [S44-HARNESS] heartbeat pb_y2025_n9: 3301s cycle=128
13:03:09 [S44-HARNESS] heartbeat pb_y2025_n9: 3361s cycle=131
13:04:09 [S44-HARNESS] heartbeat pb_y2025_n9: 3421s cycle=133
13:05:09 [S44-HARNESS] heartbeat pb_y2025_n9: 3481s cycle=135
13:06:09 [S44-HARNESS] heartbeat pb_y2025_n9: 3541s cycle=138
13:07:09 [S44-HARNESS] heartbeat pb_y2025_n9: 3601s cycle=140
13:08:09 [S44-HARNESS] heartbeat pb_y2025_n9: 3661s cycle=142
13:09:09 [S44-HARNESS] heartbeat pb_y2025_n9: 3722s cycle=145
13:10:09 [S44-HARNESS] heartbeat pb_y2025_n9: 3782s cycle=147
13:11:09 [S44-HARNESS] heartbeat pb_y2025_n9: 3842s cycle=149
13:12:09 [S44-HARNESS] heartbeat pb_y2025_n9: 3902s cycle=152
13:13:09 [S44-HARNESS] heartbeat pb_y2025_n9: 3962s cycle=154
13:14:09 [S44-HARNESS] heartbeat pb_y2025_n9: 4022s cycle=156
13:15:09 [S44-HARNESS] heartbeat pb_y2025_n9: 4082s cycle=159
13:16:09 [S44-HARNESS] heartbeat pb_y2025_n9: 4142s cycle=161
13:17:09 [S44-HARNESS] heartbeat pb_y2025_n9: 4202s cycle=163
13:18:09 [S44-HARNESS] heartbeat pb_y2025_n9: 4262s cycle=166
13:19:09 [S44-HARNESS] heartbeat pb_y2025_n9: 4322s cycle=168
13:20:09 [S44-HARNESS] heartbeat pb_y2025_n9: 4382s cycle=170
13:21:09 [S44-HARNESS] heartbeat pb_y2025_n9: 4442s cycle=173
13:21:50 [S44-HARNESS] finished pb_y2025_n9 pid=25298 exit=0 status=certified wall=4482s
13:21:52 [W118-RUN-pb_y2025_n9] gates {'G1_harness_clean': True, 'G2_eval_key': True, 'G3_append_reconcile': True, 'G4_tail_state_check': True, 'G5_solve_profile_reconciled_per_event': True, 'G6_v37_optimal_and_four_metrics': True, 'G7_append_sealed': True, 'G8_persistence_as_w101': True, 'G9_ess_ageing_readback': True, 'G11_acceptance_cross_check': True, 'G13_holds_inert_through_first_pass_held_after': True, 'G14_all_block_capture': True, 'G15_stopping_consistent': True, 'G16_lambda_sidecar_complete': True, 'G17_rule_v2_replay_reproduces_in_cycle': True, 'G18_line_fields_every_cycle': True, 'G19_replay_bitwise_1_k0_every_field': True, 'G20_production_counters_in_per_cycle_record': True, 'G21_creep_captures_complete': True, 'G22_t_sum_in_cycle_equals_stride_and_terminal': True, 'G23_overlap_recorded': True}
13:21:52 [W118-RUN-pb_y2025_n9] settling v2: status certified k* 174 branch oscillatory band_width 3696.4868445396423 s 12211.802668094635 t_sum(k*) 431.47784142924854 k0_run 113 cycles 174
13:21:52 [W118] guards {'w118_checks': {'counts': {'permitted_solve': 0, 'permitted_exec': 0, 'blocked_solve': 0, 'blocked_exec': 0}, 'verify_0_failures': []}, 'w105_checks_imported': {'counts': {'permitted_solve': 0, 'permitted_exec': 0, 'blocked_solve': 0, 'blocked_exec': 0}, 'verify_0_failures': []}, 'w101_checks_imported': {'counts': {'permitted_solve': 0, 'permitted_exec': 0, 'blocked_solve': 0, 'blocked_exec': 0}, 'verify_0_failures': []}, 'w98_checks_imported': {'counts': {'permitted_solve': 0, 'permitted_exec': 0, 'blocked_solve': 0, 'blocked_exec': 0}, 'verify_0_failures': []}, 'w112_imported': {'counts': {'permitted_solve': 0, 'permitted_exec': 0, 'blocked_solve': 0, 'blocked_exec': 0}, 'verify_0_failures': []}, 'alpha_row_launcher': {'counts': {'permitted_solve': 0, 'permitted_exec': 0, 'blocked_solve': 0, 'blocked_exec': 0}, 'verify_0_failures': []}, 'w86_launcher': {'counts': {'permitted_solve': 0, 'permitted_exec': 0, 'blocked_solve': 0, 'blocked_exec': 0}, 'verify_0_failures': []}, 'w87': {'counts': {'permitted_solve': 0, 'permitted_exec': 0, 'blocked_solve': 0, 'blocked_exec': 0}, 'verify_0_failures': []}, 'w88': {'counts': {'permitted_solve': 0, 'permitted_exec': 0, 'blocked_solve': 0, 'blocked_exec': 0}, 'verify_0_failures': []}, 'w89_step1': {'counts': {'permitted_solve': 0, 'permitted_exec': 0, 'blocked_solve': 0, 'blocked_exec': 0}, 'verify_0_failures': []}, 'w89_3x3_launcher': {'counts': {'permitted_solve': 0, 'permitted_exec': 0, 'blocked_solve': 0, 'blocked_exec': 0}, 'verify_0_failures': []}, 'w90_3x3_parent': {'counts': {'permitted_solve': 0, 'permitted_exec': 0, 'blocked_solve': 0, 'blocked_exec': 0}, 'verify_0_failures': []}, 'w98_parent': {'counts': {'permitted_solve': 0, 'permitted_exec': 0, 'blocked_solve': 0, 'blocked_exec': 0}, 'verify_0_failures': []}, 'w101_parent': {'counts': {'permitted_solve': 0, 'permitted_exec': 0, 'blocked_solve': 0, 'blocked_exec': 0}, 'verify_0_failures': []}, 'w118_parent': {'counts': {'permitted_solve': 0, 'permitted_exec': 0, 'blocked_solve': 0, 'blocked_exec': 0}, 'verify_0_failures': []}} wall=4534s
