09:58:25 [W118-RUN-pb_y2030_n5] memory preflight: available 16.899322509765625 GiB required 3.50 GiB -> PASS
09:58:25 [W118-RUN-pb_y2030_n5] P5.15 Addendum 57, W118 -- SRP1 re-settling campaign (10 cells) under the current production configuration: gated cells replayed bitwise against their original record through the first residual pass k0 (abort on the first divergence), the year-ladder cells as first C2 evaluations; the certifying regime held after the run's k0 (AA off, tight tail on, rho frozen); settling rule v2 (gap clause |t_sum| <= tau/2; monotone branch with |dQ| x 60 <= tau) until it certifies or the cap; W105 captures + per-cycle t_sum and Q_cc; cell pb_y2030_n5 eval_key 3846675acea98ea7666b8f4868222d7dd089c71a948789012c21844a49d43493; cap 231; lock {'pid': 8613, 'campaign_id': 's53_w118_resettle_r2_pb_y2030_n5', 'campaign_spec_sha256': '19adf88ab9efd372248a75313ab53844b0e3adf343c0c4b3a2ae1092c3e7ad0a', 'started_utc': '2026-09-29T09:58:25.360567+00:00'}
09:58:25 [S44-HARNESS] launched pb_y2030_n5 (key e0e614845a23e067) pid=8831
09:58:25 [S44-HARNESS] heartbeat pb_y2030_n5: 0s cycle=None
09:59:25 [S44-HARNESS] heartbeat pb_y2030_n5: 60s cycle=None
10:00:25 [S44-HARNESS] heartbeat pb_y2030_n5: 120s cycle=2
10:01:25 [S44-HARNESS] heartbeat pb_y2030_n5: 180s cycle=4
10:02:25 [S44-HARNESS] heartbeat pb_y2030_n5: 240s cycle=6
10:03:25 [S44-HARNESS] heartbeat pb_y2030_n5: 300s cycle=8
10:04:25 [S44-HARNESS] heartbeat pb_y2030_n5: 360s cycle=11
10:05:25 [S44-HARNESS] heartbeat pb_y2030_n5: 420s cycle=13
10:06:25 [S44-HARNESS] heartbeat pb_y2030_n5: 480s cycle=15
10:07:25 [S44-HARNESS] heartbeat pb_y2030_n5: 540s cycle=17
10:08:25 [S44-HARNESS] heartbeat pb_y2030_n5: 600s cycle=19
10:09:25 [S44-HARNESS] heartbeat pb_y2030_n5: 660s cycle=22
10:10:25 [S44-HARNESS] heartbeat pb_y2030_n5: 720s cycle=24
10:11:25 [S44-HARNESS] heartbeat pb_y2030_n5: 780s cycle=26
10:12:25 [S44-HARNESS] heartbeat pb_y2030_n5: 840s cycle=28
10:13:25 [S44-HARNESS] heartbeat pb_y2030_n5: 900s cycle=30
10:14:25 [S44-HARNESS] heartbeat pb_y2030_n5: 960s cycle=33
10:15:25 [S44-HARNESS] heartbeat pb_y2030_n5: 1020s cycle=35
10:16:25 [S44-HARNESS] heartbeat pb_y2030_n5: 1080s cycle=37
10:17:25 [S44-HARNESS] heartbeat pb_y2030_n5: 1140s cycle=39
10:18:25 [S44-HARNESS] heartbeat pb_y2030_n5: 1200s cycle=42
10:19:25 [S44-HARNESS] heartbeat pb_y2030_n5: 1260s cycle=44
10:20:25 [S44-HARNESS] heartbeat pb_y2030_n5: 1320s cycle=46
10:21:25 [S44-HARNESS] heartbeat pb_y2030_n5: 1380s cycle=49
10:22:25 [S44-HARNESS] heartbeat pb_y2030_n5: 1440s cycle=51
10:23:25 [S44-HARNESS] heartbeat pb_y2030_n5: 1501s cycle=54
10:24:25 [S44-HARNESS] heartbeat pb_y2030_n5: 1561s cycle=56
10:25:25 [S44-HARNESS] heartbeat pb_y2030_n5: 1621s cycle=58
10:26:25 [S44-HARNESS] heartbeat pb_y2030_n5: 1681s cycle=61
10:27:25 [S44-HARNESS] heartbeat pb_y2030_n5: 1741s cycle=63
10:28:26 [S44-HARNESS] heartbeat pb_y2030_n5: 1801s cycle=66
10:29:26 [S44-HARNESS] heartbeat pb_y2030_n5: 1861s cycle=68
10:30:26 [S44-HARNESS] heartbeat pb_y2030_n5: 1921s cycle=71
10:31:26 [S44-HARNESS] heartbeat pb_y2030_n5: 1981s cycle=73
10:32:26 [S44-HARNESS] heartbeat pb_y2030_n5: 2041s cycle=75
10:33:26 [S44-HARNESS] heartbeat pb_y2030_n5: 2101s cycle=77
10:34:26 [S44-HARNESS] heartbeat pb_y2030_n5: 2161s cycle=80
10:35:26 [S44-HARNESS] heartbeat pb_y2030_n5: 2221s cycle=82
10:36:26 [S44-HARNESS] heartbeat pb_y2030_n5: 2281s cycle=84
10:37:26 [S44-HARNESS] heartbeat pb_y2030_n5: 2341s cycle=86
10:38:26 [S44-HARNESS] heartbeat pb_y2030_n5: 2401s cycle=89
10:39:26 [S44-HARNESS] heartbeat pb_y2030_n5: 2461s cycle=91
10:40:26 [S44-HARNESS] heartbeat pb_y2030_n5: 2521s cycle=93
10:41:26 [S44-HARNESS] heartbeat pb_y2030_n5: 2581s cycle=95
10:42:26 [S44-HARNESS] heartbeat pb_y2030_n5: 2641s cycle=98
10:43:26 [S44-HARNESS] heartbeat pb_y2030_n5: 2701s cycle=100
10:44:26 [S44-HARNESS] heartbeat pb_y2030_n5: 2761s cycle=102
10:45:26 [S44-HARNESS] heartbeat pb_y2030_n5: 2821s cycle=104
10:46:26 [S44-HARNESS] heartbeat pb_y2030_n5: 2881s cycle=107
10:47:26 [S44-HARNESS] heartbeat pb_y2030_n5: 2941s cycle=109
10:48:26 [S44-HARNESS] heartbeat pb_y2030_n5: 3001s cycle=111
10:49:26 [S44-HARNESS] heartbeat pb_y2030_n5: 3061s cycle=113
10:50:26 [S44-HARNESS] heartbeat pb_y2030_n5: 3121s cycle=116
10:51:26 [S44-HARNESS] heartbeat pb_y2030_n5: 3181s cycle=118
10:52:26 [S44-HARNESS] heartbeat pb_y2030_n5: 3241s cycle=120
10:53:26 [S44-HARNESS] heartbeat pb_y2030_n5: 3301s cycle=122
10:54:26 [S44-HARNESS] heartbeat pb_y2030_n5: 3361s cycle=124
10:55:26 [S44-HARNESS] heartbeat pb_y2030_n5: 3421s cycle=127
10:56:26 [S44-HARNESS] heartbeat pb_y2030_n5: 3481s cycle=129
10:57:26 [S44-HARNESS] heartbeat pb_y2030_n5: 3541s cycle=131
10:58:26 [S44-HARNESS] heartbeat pb_y2030_n5: 3601s cycle=134
10:59:26 [S44-HARNESS] heartbeat pb_y2030_n5: 3661s cycle=136
11:00:26 [S44-HARNESS] heartbeat pb_y2030_n5: 3721s cycle=138
11:01:26 [S44-HARNESS] heartbeat pb_y2030_n5: 3781s cycle=141
11:02:26 [S44-HARNESS] heartbeat pb_y2030_n5: 3841s cycle=143
11:03:26 [S44-HARNESS] heartbeat pb_y2030_n5: 3901s cycle=145
11:04:26 [S44-HARNESS] heartbeat pb_y2030_n5: 3961s cycle=148
11:05:26 [S44-HARNESS] heartbeat pb_y2030_n5: 4021s cycle=150
11:06:26 [S44-HARNESS] heartbeat pb_y2030_n5: 4081s cycle=152
11:07:26 [S44-HARNESS] heartbeat pb_y2030_n5: 4141s cycle=155
11:08:26 [S44-HARNESS] heartbeat pb_y2030_n5: 4201s cycle=157
11:09:26 [S44-HARNESS] heartbeat pb_y2030_n5: 4261s cycle=160
11:10:26 [S44-HARNESS] heartbeat pb_y2030_n5: 4321s cycle=162
11:11:26 [S44-HARNESS] heartbeat pb_y2030_n5: 4381s cycle=164
11:12:26 [S44-HARNESS] heartbeat pb_y2030_n5: 4441s cycle=166
11:13:26 [S44-HARNESS] heartbeat pb_y2030_n5: 4501s cycle=169
11:14:26 [S44-HARNESS] heartbeat pb_y2030_n5: 4561s cycle=171
11:15:26 [S44-HARNESS] heartbeat pb_y2030_n5: 4621s cycle=173
11:16:26 [S44-HARNESS] heartbeat pb_y2030_n5: 4682s cycle=176
11:17:26 [S44-HARNESS] heartbeat pb_y2030_n5: 4742s cycle=178
11:18:26 [S44-HARNESS] heartbeat pb_y2030_n5: 4802s cycle=180
11:19:21 [S44-HARNESS] finished pb_y2030_n5 pid=8831 exit=0 status=certified wall=4857s
11:19:24 [W118-RUN-pb_y2030_n5] gates {'G1_harness_clean': True, 'G2_eval_key': True, 'G3_append_reconcile': True, 'G4_tail_state_check': True, 'G5_solve_profile_reconciled_per_event': True, 'G6_v37_optimal_and_four_metrics': True, 'G7_append_sealed': True, 'G8_persistence_as_w101': True, 'G9_ess_ageing_readback': True, 'G11_acceptance_cross_check': True, 'G13_holds_inert_through_first_pass_held_after': True, 'G14_all_block_capture': True, 'G15_stopping_consistent': True, 'G16_lambda_sidecar_complete': True, 'G17_rule_v2_replay_reproduces_in_cycle': True, 'G18_line_fields_every_cycle': True, 'G19_replay_bitwise_1_k0_every_field': True, 'G20_production_counters_in_per_cycle_record': True, 'G21_creep_captures_complete': True, 'G22_t_sum_in_cycle_equals_stride_and_terminal': True, 'G23_overlap_recorded': True}
11:19:24 [W118-RUN-pb_y2030_n5] settling v2: status certified k* 182 branch oscillatory band_width 4249.3788031339645 s 13890.699867010117 t_sum(k*) 244.62998423902835 k0_run 122 cycles 182
11:19:24 [W118] guards {'w118_checks': {'counts': {'permitted_solve': 0, 'permitted_exec': 0, 'blocked_solve': 0, 'blocked_exec': 0}, 'verify_0_failures': []}, 'w105_checks_imported': {'counts': {'permitted_solve': 0, 'permitted_exec': 0, 'blocked_solve': 0, 'blocked_exec': 0}, 'verify_0_failures': []}, 'w101_checks_imported': {'counts': {'permitted_solve': 0, 'permitted_exec': 0, 'blocked_solve': 0, 'blocked_exec': 0}, 'verify_0_failures': []}, 'w98_checks_imported': {'counts': {'permitted_solve': 0, 'permitted_exec': 0, 'blocked_solve': 0, 'blocked_exec': 0}, 'verify_0_failures': []}, 'w112_imported': {'counts': {'permitted_solve': 0, 'permitted_exec': 0, 'blocked_solve': 0, 'blocked_exec': 0}, 'verify_0_failures': []}, 'alpha_row_launcher': {'counts': {'permitted_solve': 0, 'permitted_exec': 0, 'blocked_solve': 0, 'blocked_exec': 0}, 'verify_0_failures': []}, 'w86_launcher': {'counts': {'permitted_solve': 0, 'permitted_exec': 0, 'blocked_solve': 0, 'blocked_exec': 0}, 'verify_0_failures': []}, 'w87': {'counts': {'permitted_solve': 0, 'permitted_exec': 0, 'blocked_solve': 0, 'blocked_exec': 0}, 'verify_0_failures': []}, 'w88': {'counts': {'permitted_solve': 0, 'permitted_exec': 0, 'blocked_solve': 0, 'blocked_exec': 0}, 'verify_0_failures': []}, 'w89_step1': {'counts': {'permitted_solve': 0, 'permitted_exec': 0, 'blocked_solve': 0, 'blocked_exec': 0}, 'verify_0_failures': []}, 'w89_3x3_launcher': {'counts': {'permitted_solve': 0, 'permitted_exec': 0, 'blocked_solve': 0, 'blocked_exec': 0}, 'verify_0_failures': []}, 'w90_3x3_parent': {'counts': {'permitted_solve': 0, 'permitted_exec': 0, 'blocked_solve': 0, 'blocked_exec': 0}, 'verify_0_failures': []}, 'w98_parent': {'counts': {'permitted_solve': 0, 'permitted_exec': 0, 'blocked_solve': 0, 'blocked_exec': 0}, 'verify_0_failures': []}, 'w101_parent': {'counts': {'permitted_solve': 0, 'permitted_exec': 0, 'blocked_solve': 0, 'blocked_exec': 0}, 'verify_0_failures': []}, 'w118_parent': {'counts': {'permitted_solve': 0, 'permitted_exec': 0, 'blocked_solve': 0, 'blocked_exec': 0}, 'verify_0_failures': []}} wall=4910s
