06:37:12 [W118-RUN-pb_y2030_n7] memory preflight: available 18.0394287109375 GiB required 3.50 GiB -> PASS
06:37:12 [W118-RUN-pb_y2030_n7] P5.15 Addendum 57, W118 -- SRP1 re-settling campaign (10 cells) under the current production configuration: gated cells replayed bitwise against their original record through the first residual pass k0 (abort on the first divergence), the year-ladder cells as first C2 evaluations; the certifying regime held after the run's k0 (AA off, tight tail on, rho frozen); settling rule v2 (gap clause |t_sum| <= tau/2; monotone branch with |dQ| x 60 <= tau) until it certifies or the cap; W105 captures + per-cycle t_sum and Q_cc; cell pb_y2030_n7 eval_key 828f03fa9ac2ca6e384f5bf78db0fe2b64a6be874905226aed267a83d2a7ed83; cap 234; lock {'pid': 79373, 'campaign_id': 's53_w118_resettle_r2_pb_y2030_n7', 'campaign_spec_sha256': '6d3f53e2fe5db0f9f4cf5eb1e3f3c9e256b4ddb7431614b5c933e2d9646b4b59', 'started_utc': '2026-09-29T06:37:12.041693+00:00'}
06:37:12 [S44-HARNESS] launched pb_y2030_n7 (key 53c1de5c5a539484) pid=79627
06:37:12 [S44-HARNESS] heartbeat pb_y2030_n7: 0s cycle=None
06:38:12 [S44-HARNESS] heartbeat pb_y2030_n7: 60s cycle=None
06:39:12 [S44-HARNESS] heartbeat pb_y2030_n7: 120s cycle=3
06:40:12 [S44-HARNESS] heartbeat pb_y2030_n7: 180s cycle=5
06:41:12 [S44-HARNESS] heartbeat pb_y2030_n7: 240s cycle=7
06:42:12 [S44-HARNESS] heartbeat pb_y2030_n7: 300s cycle=10
06:43:12 [S44-HARNESS] heartbeat pb_y2030_n7: 360s cycle=12
06:44:12 [S44-HARNESS] heartbeat pb_y2030_n7: 420s cycle=15
06:45:12 [S44-HARNESS] heartbeat pb_y2030_n7: 480s cycle=17
06:46:12 [S44-HARNESS] heartbeat pb_y2030_n7: 540s cycle=20
06:47:12 [S44-HARNESS] heartbeat pb_y2030_n7: 600s cycle=22
06:48:12 [S44-HARNESS] heartbeat pb_y2030_n7: 660s cycle=25
06:49:12 [S44-HARNESS] heartbeat pb_y2030_n7: 720s cycle=27
06:50:12 [S44-HARNESS] heartbeat pb_y2030_n7: 780s cycle=30
06:51:12 [S44-HARNESS] heartbeat pb_y2030_n7: 840s cycle=32
06:52:12 [S44-HARNESS] heartbeat pb_y2030_n7: 900s cycle=34
06:53:12 [S44-HARNESS] heartbeat pb_y2030_n7: 960s cycle=37
06:54:12 [S44-HARNESS] heartbeat pb_y2030_n7: 1020s cycle=39
06:55:12 [S44-HARNESS] heartbeat pb_y2030_n7: 1080s cycle=42
06:56:12 [S44-HARNESS] heartbeat pb_y2030_n7: 1140s cycle=44
06:57:12 [S44-HARNESS] heartbeat pb_y2030_n7: 1200s cycle=47
06:58:12 [S44-HARNESS] heartbeat pb_y2030_n7: 1261s cycle=49
06:59:12 [S44-HARNESS] heartbeat pb_y2030_n7: 1321s cycle=52
07:00:12 [S44-HARNESS] heartbeat pb_y2030_n7: 1381s cycle=54
07:01:12 [S44-HARNESS] heartbeat pb_y2030_n7: 1441s cycle=56
07:02:12 [S44-HARNESS] heartbeat pb_y2030_n7: 1501s cycle=59
07:03:12 [S44-HARNESS] heartbeat pb_y2030_n7: 1561s cycle=61
07:04:12 [S44-HARNESS] heartbeat pb_y2030_n7: 1621s cycle=64
07:05:12 [S44-HARNESS] heartbeat pb_y2030_n7: 1681s cycle=66
07:06:12 [S44-HARNESS] heartbeat pb_y2030_n7: 1741s cycle=69
07:07:12 [S44-HARNESS] heartbeat pb_y2030_n7: 1801s cycle=71
07:08:12 [S44-HARNESS] heartbeat pb_y2030_n7: 1861s cycle=74
07:09:12 [S44-HARNESS] heartbeat pb_y2030_n7: 1921s cycle=76
07:10:12 [S44-HARNESS] heartbeat pb_y2030_n7: 1981s cycle=79
07:11:12 [S44-HARNESS] heartbeat pb_y2030_n7: 2041s cycle=81
07:12:12 [S44-HARNESS] heartbeat pb_y2030_n7: 2101s cycle=84
07:13:12 [S44-HARNESS] heartbeat pb_y2030_n7: 2161s cycle=86
07:14:12 [S44-HARNESS] heartbeat pb_y2030_n7: 2221s cycle=89
07:15:12 [S44-HARNESS] heartbeat pb_y2030_n7: 2281s cycle=91
07:16:12 [S44-HARNESS] heartbeat pb_y2030_n7: 2341s cycle=94
07:17:13 [S44-HARNESS] heartbeat pb_y2030_n7: 2401s cycle=96
07:18:13 [S44-HARNESS] heartbeat pb_y2030_n7: 2461s cycle=99
07:19:13 [S44-HARNESS] heartbeat pb_y2030_n7: 2521s cycle=101
07:20:13 [S44-HARNESS] heartbeat pb_y2030_n7: 2581s cycle=104
07:21:13 [S44-HARNESS] heartbeat pb_y2030_n7: 2641s cycle=106
07:22:13 [S44-HARNESS] heartbeat pb_y2030_n7: 2701s cycle=108
07:23:13 [S44-HARNESS] heartbeat pb_y2030_n7: 2761s cycle=111
07:24:13 [S44-HARNESS] heartbeat pb_y2030_n7: 2821s cycle=113
07:25:13 [S44-HARNESS] heartbeat pb_y2030_n7: 2881s cycle=116
07:26:13 [S44-HARNESS] heartbeat pb_y2030_n7: 2941s cycle=118
07:27:13 [S44-HARNESS] heartbeat pb_y2030_n7: 3001s cycle=120
07:28:13 [S44-HARNESS] heartbeat pb_y2030_n7: 3061s cycle=123
07:29:13 [S44-HARNESS] heartbeat pb_y2030_n7: 3121s cycle=125
07:30:13 [S44-HARNESS] heartbeat pb_y2030_n7: 3181s cycle=128
07:31:13 [S44-HARNESS] heartbeat pb_y2030_n7: 3241s cycle=130
07:32:13 [S44-HARNESS] heartbeat pb_y2030_n7: 3301s cycle=132
07:33:13 [S44-HARNESS] heartbeat pb_y2030_n7: 3361s cycle=135
07:34:13 [S44-HARNESS] heartbeat pb_y2030_n7: 3421s cycle=137
07:35:13 [S44-HARNESS] heartbeat pb_y2030_n7: 3481s cycle=140
07:36:13 [S44-HARNESS] heartbeat pb_y2030_n7: 3541s cycle=142
07:37:13 [S44-HARNESS] heartbeat pb_y2030_n7: 3601s cycle=144
07:38:13 [S44-HARNESS] heartbeat pb_y2030_n7: 3661s cycle=147
07:39:13 [S44-HARNESS] heartbeat pb_y2030_n7: 3722s cycle=149
07:40:13 [S44-HARNESS] heartbeat pb_y2030_n7: 3782s cycle=151
07:41:13 [S44-HARNESS] heartbeat pb_y2030_n7: 3842s cycle=154
07:42:13 [S44-HARNESS] heartbeat pb_y2030_n7: 3902s cycle=156
07:43:13 [S44-HARNESS] heartbeat pb_y2030_n7: 3962s cycle=158
07:44:13 [S44-HARNESS] heartbeat pb_y2030_n7: 4022s cycle=161
07:45:13 [S44-HARNESS] heartbeat pb_y2030_n7: 4082s cycle=163
07:46:13 [S44-HARNESS] heartbeat pb_y2030_n7: 4142s cycle=166
07:47:13 [S44-HARNESS] heartbeat pb_y2030_n7: 4202s cycle=168
07:48:13 [S44-HARNESS] heartbeat pb_y2030_n7: 4262s cycle=170
07:49:13 [S44-HARNESS] heartbeat pb_y2030_n7: 4322s cycle=173
07:50:13 [S44-HARNESS] heartbeat pb_y2030_n7: 4382s cycle=175
07:51:13 [S44-HARNESS] heartbeat pb_y2030_n7: 4442s cycle=177
07:52:13 [S44-HARNESS] heartbeat pb_y2030_n7: 4502s cycle=180
07:53:13 [S44-HARNESS] heartbeat pb_y2030_n7: 4562s cycle=182
07:54:13 [S44-HARNESS] heartbeat pb_y2030_n7: 4622s cycle=185
07:55:13 [S44-HARNESS] heartbeat pb_y2030_n7: 4682s cycle=187
07:56:13 [S44-HARNESS] heartbeat pb_y2030_n7: 4742s cycle=189
07:57:14 [S44-HARNESS] heartbeat pb_y2030_n7: 4802s cycle=192
07:58:14 [S44-HARNESS] heartbeat pb_y2030_n7: 4862s cycle=194
07:58:49 [S44-HARNESS] finished pb_y2030_n7 pid=79627 exit=0 status=certified wall=4897s
07:58:51 [W118-RUN-pb_y2030_n7] gates {'G1_harness_clean': True, 'G2_eval_key': True, 'G3_append_reconcile': True, 'G4_tail_state_check': True, 'G5_solve_profile_reconciled_per_event': True, 'G6_v37_optimal_and_four_metrics': True, 'G7_append_sealed': True, 'G8_persistence_as_w101': True, 'G9_ess_ageing_readback': True, 'G11_acceptance_cross_check': True, 'G13_holds_inert_through_first_pass_held_after': True, 'G14_all_block_capture': True, 'G15_stopping_consistent': True, 'G16_lambda_sidecar_complete': True, 'G17_rule_v2_replay_reproduces_in_cycle': True, 'G18_line_fields_every_cycle': True, 'G19_replay_bitwise_1_k0_every_field': True, 'G20_production_counters_in_per_cycle_record': True, 'G21_creep_captures_complete': True, 'G22_t_sum_in_cycle_equals_stride_and_terminal': True, 'G23_overlap_recorded': True}
07:58:51 [W118-RUN-pb_y2030_n7] settling v2: status certified k* 195 branch oscillatory band_width 4512.0154839754105 s 20994.38438796997 t_sum(k*) 723.2072896191556 k0_run 125 cycles 195
07:58:51 [W118] guards {'w118_checks': {'counts': {'permitted_solve': 0, 'permitted_exec': 0, 'blocked_solve': 0, 'blocked_exec': 0}, 'verify_0_failures': []}, 'w105_checks_imported': {'counts': {'permitted_solve': 0, 'permitted_exec': 0, 'blocked_solve': 0, 'blocked_exec': 0}, 'verify_0_failures': []}, 'w101_checks_imported': {'counts': {'permitted_solve': 0, 'permitted_exec': 0, 'blocked_solve': 0, 'blocked_exec': 0}, 'verify_0_failures': []}, 'w98_checks_imported': {'counts': {'permitted_solve': 0, 'permitted_exec': 0, 'blocked_solve': 0, 'blocked_exec': 0}, 'verify_0_failures': []}, 'w112_imported': {'counts': {'permitted_solve': 0, 'permitted_exec': 0, 'blocked_solve': 0, 'blocked_exec': 0}, 'verify_0_failures': []}, 'alpha_row_launcher': {'counts': {'permitted_solve': 0, 'permitted_exec': 0, 'blocked_solve': 0, 'blocked_exec': 0}, 'verify_0_failures': []}, 'w86_launcher': {'counts': {'permitted_solve': 0, 'permitted_exec': 0, 'blocked_solve': 0, 'blocked_exec': 0}, 'verify_0_failures': []}, 'w87': {'counts': {'permitted_solve': 0, 'permitted_exec': 0, 'blocked_solve': 0, 'blocked_exec': 0}, 'verify_0_failures': []}, 'w88': {'counts': {'permitted_solve': 0, 'permitted_exec': 0, 'blocked_solve': 0, 'blocked_exec': 0}, 'verify_0_failures': []}, 'w89_step1': {'counts': {'permitted_solve': 0, 'permitted_exec': 0, 'blocked_solve': 0, 'blocked_exec': 0}, 'verify_0_failures': []}, 'w89_3x3_launcher': {'counts': {'permitted_solve': 0, 'permitted_exec': 0, 'blocked_solve': 0, 'blocked_exec': 0}, 'verify_0_failures': []}, 'w90_3x3_parent': {'counts': {'permitted_solve': 0, 'permitted_exec': 0, 'blocked_solve': 0, 'blocked_exec': 0}, 'verify_0_failures': []}, 'w98_parent': {'counts': {'permitted_solve': 0, 'permitted_exec': 0, 'blocked_solve': 0, 'blocked_exec': 0}, 'verify_0_failures': []}, 'w101_parent': {'counts': {'permitted_solve': 0, 'permitted_exec': 0, 'blocked_solve': 0, 'blocked_exec': 0}, 'verify_0_failures': []}, 'w118_parent': {'counts': {'permitted_solve': 0, 'permitted_exec': 0, 'blocked_solve': 0, 'blocked_exec': 0}, 'verify_0_failures': []}} wall=4949s
