08:22:28 [W118-RUN-pb_y2025_n5] memory preflight: available 17.364959716796875 GiB required 3.50 GiB -> PASS
08:22:28 [W118-RUN-pb_y2025_n5] P5.15 Addendum 57, W118 -- SRP1 re-settling campaign (10 cells) under the current production configuration: gated cells replayed bitwise against their original record through the first residual pass k0 (abort on the first divergence), the year-ladder cells as first C2 evaluations; the certifying regime held after the run's k0 (AA off, tight tail on, rho frozen); settling rule v2 (gap clause |t_sum| <= tau/2; monotone branch with |dQ| x 60 <= tau) until it certifies or the cap; W105 captures + per-cycle t_sum and Q_cc; cell pb_y2025_n5 eval_key ca29c5e818366a6e37669b8390b1931fd8daf5d04cd2f8922f479b72aa54859e; cap 219; lock {'pid': 94579, 'campaign_id': 's53_w118_resettle_r2_pb_y2025_n5', 'campaign_spec_sha256': 'd3223edbf3f9961ade557848453efd2f3b9f4c90e5c3fbb7efa48e61976fafe4', 'started_utc': '2026-09-29T08:22:28.776247+00:00'}
08:22:28 [S44-HARNESS] launched pb_y2025_n5 (key 33031c083b68c655) pid=94823
08:22:28 [S44-HARNESS] heartbeat pb_y2025_n5: 0s cycle=None
08:23:28 [S44-HARNESS] heartbeat pb_y2025_n5: 60s cycle=None
08:24:28 [S44-HARNESS] heartbeat pb_y2025_n5: 120s cycle=2
08:25:28 [S44-HARNESS] heartbeat pb_y2025_n5: 180s cycle=4
08:26:28 [S44-HARNESS] heartbeat pb_y2025_n5: 240s cycle=7
08:27:28 [S44-HARNESS] heartbeat pb_y2025_n5: 300s cycle=9
08:28:28 [S44-HARNESS] heartbeat pb_y2025_n5: 360s cycle=11
08:29:28 [S44-HARNESS] heartbeat pb_y2025_n5: 420s cycle=13
08:30:28 [S44-HARNESS] heartbeat pb_y2025_n5: 480s cycle=15
08:31:28 [S44-HARNESS] heartbeat pb_y2025_n5: 540s cycle=17
08:32:28 [S44-HARNESS] heartbeat pb_y2025_n5: 600s cycle=19
08:33:28 [S44-HARNESS] heartbeat pb_y2025_n5: 660s cycle=21
08:34:29 [S44-HARNESS] heartbeat pb_y2025_n5: 720s cycle=24
08:35:29 [S44-HARNESS] heartbeat pb_y2025_n5: 780s cycle=26
08:36:29 [S44-HARNESS] heartbeat pb_y2025_n5: 840s cycle=29
08:37:29 [S44-HARNESS] heartbeat pb_y2025_n5: 900s cycle=31
08:38:29 [S44-HARNESS] heartbeat pb_y2025_n5: 960s cycle=33
08:39:29 [S44-HARNESS] heartbeat pb_y2025_n5: 1020s cycle=36
08:40:29 [S44-HARNESS] heartbeat pb_y2025_n5: 1080s cycle=38
08:41:29 [S44-HARNESS] heartbeat pb_y2025_n5: 1140s cycle=41
08:42:29 [S44-HARNESS] heartbeat pb_y2025_n5: 1200s cycle=43
08:43:29 [S44-HARNESS] heartbeat pb_y2025_n5: 1260s cycle=45
08:44:29 [S44-HARNESS] heartbeat pb_y2025_n5: 1320s cycle=48
08:45:29 [S44-HARNESS] heartbeat pb_y2025_n5: 1380s cycle=50
08:46:29 [S44-HARNESS] heartbeat pb_y2025_n5: 1441s cycle=53
08:47:29 [S44-HARNESS] heartbeat pb_y2025_n5: 1501s cycle=55
08:48:29 [S44-HARNESS] heartbeat pb_y2025_n5: 1561s cycle=58
08:49:29 [S44-HARNESS] heartbeat pb_y2025_n5: 1621s cycle=60
08:50:29 [S44-HARNESS] heartbeat pb_y2025_n5: 1681s cycle=63
08:51:29 [S44-HARNESS] heartbeat pb_y2025_n5: 1741s cycle=65
08:52:29 [S44-HARNESS] heartbeat pb_y2025_n5: 1801s cycle=68
08:53:29 [S44-HARNESS] heartbeat pb_y2025_n5: 1861s cycle=70
08:54:29 [S44-HARNESS] heartbeat pb_y2025_n5: 1921s cycle=72
08:55:29 [S44-HARNESS] heartbeat pb_y2025_n5: 1981s cycle=75
08:56:29 [S44-HARNESS] heartbeat pb_y2025_n5: 2041s cycle=77
08:57:29 [S44-HARNESS] heartbeat pb_y2025_n5: 2101s cycle=80
08:58:29 [S44-HARNESS] heartbeat pb_y2025_n5: 2161s cycle=82
08:59:29 [S44-HARNESS] heartbeat pb_y2025_n5: 2221s cycle=85
09:00:29 [S44-HARNESS] heartbeat pb_y2025_n5: 2281s cycle=87
09:01:29 [S44-HARNESS] heartbeat pb_y2025_n5: 2341s cycle=89
09:02:29 [S44-HARNESS] heartbeat pb_y2025_n5: 2401s cycle=92
09:03:29 [S44-HARNESS] heartbeat pb_y2025_n5: 2461s cycle=94
09:04:29 [S44-HARNESS] heartbeat pb_y2025_n5: 2521s cycle=97
09:05:29 [S44-HARNESS] heartbeat pb_y2025_n5: 2581s cycle=99
09:06:29 [S44-HARNESS] heartbeat pb_y2025_n5: 2641s cycle=102
09:07:29 [S44-HARNESS] heartbeat pb_y2025_n5: 2701s cycle=104
09:08:29 [S44-HARNESS] heartbeat pb_y2025_n5: 2761s cycle=106
09:09:29 [S44-HARNESS] heartbeat pb_y2025_n5: 2821s cycle=109
09:10:29 [S44-HARNESS] heartbeat pb_y2025_n5: 2881s cycle=111
09:11:29 [S44-HARNESS] heartbeat pb_y2025_n5: 2941s cycle=114
09:12:29 [S44-HARNESS] heartbeat pb_y2025_n5: 3001s cycle=116
09:13:29 [S44-HARNESS] heartbeat pb_y2025_n5: 3061s cycle=119
09:14:29 [S44-HARNESS] heartbeat pb_y2025_n5: 3121s cycle=121
09:15:30 [S44-HARNESS] heartbeat pb_y2025_n5: 3181s cycle=123
09:16:30 [S44-HARNESS] heartbeat pb_y2025_n5: 3241s cycle=126
09:17:30 [S44-HARNESS] heartbeat pb_y2025_n5: 3301s cycle=128
09:18:30 [S44-HARNESS] heartbeat pb_y2025_n5: 3361s cycle=130
09:19:30 [S44-HARNESS] heartbeat pb_y2025_n5: 3421s cycle=133
09:20:30 [S44-HARNESS] heartbeat pb_y2025_n5: 3481s cycle=135
09:21:30 [S44-HARNESS] heartbeat pb_y2025_n5: 3541s cycle=137
09:22:30 [S44-HARNESS] heartbeat pb_y2025_n5: 3601s cycle=140
09:23:30 [S44-HARNESS] heartbeat pb_y2025_n5: 3661s cycle=142
09:24:30 [S44-HARNESS] heartbeat pb_y2025_n5: 3721s cycle=145
09:25:30 [S44-HARNESS] heartbeat pb_y2025_n5: 3781s cycle=147
09:26:30 [S44-HARNESS] heartbeat pb_y2025_n5: 3842s cycle=149
09:27:30 [S44-HARNESS] heartbeat pb_y2025_n5: 3902s cycle=152
09:28:30 [S44-HARNESS] heartbeat pb_y2025_n5: 3962s cycle=154
09:29:30 [S44-HARNESS] heartbeat pb_y2025_n5: 4022s cycle=156
09:30:30 [S44-HARNESS] heartbeat pb_y2025_n5: 4082s cycle=159
09:31:30 [S44-HARNESS] heartbeat pb_y2025_n5: 4142s cycle=161
09:32:30 [S44-HARNESS] heartbeat pb_y2025_n5: 4202s cycle=163
09:33:30 [S44-HARNESS] heartbeat pb_y2025_n5: 4262s cycle=166
09:34:10 [S44-HARNESS] finished pb_y2025_n5 pid=94823 exit=0 status=certified wall=4302s
09:34:12 [W118-RUN-pb_y2025_n5] gates {'G1_harness_clean': True, 'G2_eval_key': True, 'G3_append_reconcile': True, 'G4_tail_state_check': True, 'G5_solve_profile_reconciled_per_event': True, 'G6_v37_optimal_and_four_metrics': False, 'G7_append_sealed': True, 'G8_persistence_as_w101': True, 'G9_ess_ageing_readback': True, 'G11_acceptance_cross_check': True, 'G13_holds_inert_through_first_pass_held_after': True, 'G14_all_block_capture': True, 'G15_stopping_consistent': True, 'G16_lambda_sidecar_complete': True, 'G17_rule_v2_replay_reproduces_in_cycle': True, 'G18_line_fields_every_cycle': True, 'G19_replay_bitwise_1_k0_every_field': True, 'G20_production_counters_in_per_cycle_record': True, 'G21_creep_captures_complete': True, 'G22_t_sum_in_cycle_equals_stride_and_terminal': True, 'G23_overlap_recorded': True}
09:34:12 [W118-RUN-pb_y2025_n5] settling v2: status certified k* 167 branch oscillatory band_width 4508.629555821419 s 22483.30167901516 t_sum(k*) -586.604564885437 k0_run 110 cycles 167
09:34:12 [W118] guards {'w118_checks': {'counts': {'permitted_solve': 0, 'permitted_exec': 0, 'blocked_solve': 0, 'blocked_exec': 0}, 'verify_0_failures': []}, 'w105_checks_imported': {'counts': {'permitted_solve': 0, 'permitted_exec': 0, 'blocked_solve': 0, 'blocked_exec': 0}, 'verify_0_failures': []}, 'w101_checks_imported': {'counts': {'permitted_solve': 0, 'permitted_exec': 0, 'blocked_solve': 0, 'blocked_exec': 0}, 'verify_0_failures': []}, 'w98_checks_imported': {'counts': {'permitted_solve': 0, 'permitted_exec': 0, 'blocked_solve': 0, 'blocked_exec': 0}, 'verify_0_failures': []}, 'w112_imported': {'counts': {'permitted_solve': 0, 'permitted_exec': 0, 'blocked_solve': 0, 'blocked_exec': 0}, 'verify_0_failures': []}, 'alpha_row_launcher': {'counts': {'permitted_solve': 0, 'permitted_exec': 0, 'blocked_solve': 0, 'blocked_exec': 0}, 'verify_0_failures': []}, 'w86_launcher': {'counts': {'permitted_solve': 0, 'permitted_exec': 0, 'blocked_solve': 0, 'blocked_exec': 0}, 'verify_0_failures': []}, 'w87': {'counts': {'permitted_solve': 0, 'permitted_exec': 0, 'blocked_solve': 0, 'blocked_exec': 0}, 'verify_0_failures': []}, 'w88': {'counts': {'permitted_solve': 0, 'permitted_exec': 0, 'blocked_solve': 0, 'blocked_exec': 0}, 'verify_0_failures': []}, 'w89_step1': {'counts': {'permitted_solve': 0, 'permitted_exec': 0, 'blocked_solve': 0, 'blocked_exec': 0}, 'verify_0_failures': []}, 'w89_3x3_launcher': {'counts': {'permitted_solve': 0, 'permitted_exec': 0, 'blocked_solve': 0, 'blocked_exec': 0}, 'verify_0_failures': []}, 'w90_3x3_parent': {'counts': {'permitted_solve': 0, 'permitted_exec': 0, 'blocked_solve': 0, 'blocked_exec': 0}, 'verify_0_failures': []}, 'w98_parent': {'counts': {'permitted_solve': 0, 'permitted_exec': 0, 'blocked_solve': 0, 'blocked_exec': 0}, 'verify_0_failures': []}, 'w101_parent': {'counts': {'permitted_solve': 0, 'permitted_exec': 0, 'blocked_solve': 0, 'blocked_exec': 0}, 'verify_0_failures': []}, 'w118_parent': {'counts': {'permitted_solve': 0, 'permitted_exec': 0, 'blocked_solve': 0, 'blocked_exec': 0}, 'verify_0_failures': []}} wall=4351s
