18:46:58 [W118-RUN-f2_challenger] memory preflight: available 18.589813232421875 GiB required 3.50 GiB -> PASS
18:46:58 [W118-RUN-f2_challenger] P5.15 Addendum 57, W118 -- SRP1 re-settling campaign (10 cells) under the current production configuration: gated cells replayed bitwise against their original record through the first residual pass k0 (abort on the first divergence), the year-ladder cells as first C2 evaluations; the certifying regime held after the run's k0 (AA off, tight tail on, rho frozen); settling rule v2 (gap clause |t_sum| <= tau/2; monotone branch with |dQ| x 60 <= tau) until it certifies or the cap; W105 captures + per-cycle t_sum and Q_cc; cell f2_challenger eval_key 1fe91e86f11e76af948c5d4dc659636da9680b02e22426760259710c7241353c; cap 261; lock {'pid': 18227, 'campaign_id': 's53_w118_resettle_r2_f2_challenger', 'campaign_spec_sha256': 'c7c9aea8f7ee96ffe7ee472d60a37ea4affc333d178ca3c366cec8749bfc7e54', 'started_utc': '2026-09-28T18:46:58.723202+00:00'}
18:46:58 [S44-HARNESS] launched f2_challenger (key 4032a138125d4222) pid=18501
18:46:58 [S44-HARNESS] heartbeat f2_challenger: 0s cycle=None
18:47:58 [S44-HARNESS] heartbeat f2_challenger: 60s cycle=None
18:48:58 [S44-HARNESS] heartbeat f2_challenger: 120s cycle=2
18:49:58 [S44-HARNESS] heartbeat f2_challenger: 180s cycle=4
18:50:58 [S44-HARNESS] heartbeat f2_challenger: 240s cycle=6
18:51:58 [S44-HARNESS] heartbeat f2_challenger: 300s cycle=8
18:52:58 [S44-HARNESS] heartbeat f2_challenger: 360s cycle=10
18:53:58 [S44-HARNESS] heartbeat f2_challenger: 420s cycle=12
18:54:58 [S44-HARNESS] heartbeat f2_challenger: 480s cycle=14
18:55:58 [S44-HARNESS] heartbeat f2_challenger: 540s cycle=16
18:56:58 [S44-HARNESS] heartbeat f2_challenger: 600s cycle=18
18:57:58 [S44-HARNESS] heartbeat f2_challenger: 660s cycle=20
18:58:58 [S44-HARNESS] heartbeat f2_challenger: 720s cycle=22
18:59:58 [S44-HARNESS] heartbeat f2_challenger: 780s cycle=25
19:00:58 [S44-HARNESS] heartbeat f2_challenger: 840s cycle=27
19:01:58 [S44-HARNESS] heartbeat f2_challenger: 900s cycle=29
19:02:59 [S44-HARNESS] heartbeat f2_challenger: 960s cycle=32
19:03:59 [S44-HARNESS] heartbeat f2_challenger: 1020s cycle=34
19:04:59 [S44-HARNESS] heartbeat f2_challenger: 1080s cycle=36
19:05:59 [S44-HARNESS] heartbeat f2_challenger: 1140s cycle=38
19:06:59 [S44-HARNESS] heartbeat f2_challenger: 1200s cycle=40
19:07:59 [S44-HARNESS] heartbeat f2_challenger: 1260s cycle=43
19:08:59 [S44-HARNESS] heartbeat f2_challenger: 1320s cycle=45
19:09:59 [S44-HARNESS] heartbeat f2_challenger: 1380s cycle=47
19:10:59 [S44-HARNESS] heartbeat f2_challenger: 1440s cycle=49
19:11:59 [S44-HARNESS] heartbeat f2_challenger: 1500s cycle=52
19:12:59 [S44-HARNESS] heartbeat f2_challenger: 1561s cycle=54
19:13:59 [S44-HARNESS] heartbeat f2_challenger: 1621s cycle=56
19:14:59 [S44-HARNESS] heartbeat f2_challenger: 1681s cycle=59
19:15:59 [S44-HARNESS] heartbeat f2_challenger: 1741s cycle=61
19:16:59 [S44-HARNESS] heartbeat f2_challenger: 1801s cycle=63
19:17:59 [S44-HARNESS] heartbeat f2_challenger: 1861s cycle=66
19:18:59 [S44-HARNESS] heartbeat f2_challenger: 1921s cycle=68
19:19:59 [S44-HARNESS] heartbeat f2_challenger: 1981s cycle=70
19:20:59 [S44-HARNESS] heartbeat f2_challenger: 2041s cycle=73
19:21:59 [S44-HARNESS] heartbeat f2_challenger: 2101s cycle=75
19:22:59 [S44-HARNESS] heartbeat f2_challenger: 2161s cycle=78
19:23:59 [S44-HARNESS] heartbeat f2_challenger: 2221s cycle=80
19:24:59 [S44-HARNESS] heartbeat f2_challenger: 2281s cycle=82
19:25:59 [S44-HARNESS] heartbeat f2_challenger: 2341s cycle=84
19:26:59 [S44-HARNESS] heartbeat f2_challenger: 2401s cycle=87
19:27:59 [S44-HARNESS] heartbeat f2_challenger: 2461s cycle=89
19:28:59 [S44-HARNESS] heartbeat f2_challenger: 2521s cycle=91
19:29:59 [S44-HARNESS] heartbeat f2_challenger: 2581s cycle=94
19:30:59 [S44-HARNESS] heartbeat f2_challenger: 2641s cycle=96
19:31:59 [S44-HARNESS] heartbeat f2_challenger: 2701s cycle=98
19:32:59 [S44-HARNESS] heartbeat f2_challenger: 2761s cycle=101
19:33:59 [S44-HARNESS] heartbeat f2_challenger: 2821s cycle=103
19:34:59 [S44-HARNESS] heartbeat f2_challenger: 2881s cycle=105
19:35:59 [S44-HARNESS] heartbeat f2_challenger: 2941s cycle=107
19:36:59 [S44-HARNESS] heartbeat f2_challenger: 3001s cycle=110
19:37:59 [S44-HARNESS] heartbeat f2_challenger: 3061s cycle=112
19:38:59 [S44-HARNESS] heartbeat f2_challenger: 3121s cycle=114
19:39:59 [S44-HARNESS] heartbeat f2_challenger: 3181s cycle=117
19:40:59 [S44-HARNESS] heartbeat f2_challenger: 3241s cycle=119
19:41:59 [S44-HARNESS] heartbeat f2_challenger: 3301s cycle=122
19:42:59 [S44-HARNESS] heartbeat f2_challenger: 3361s cycle=124
19:43:59 [S44-HARNESS] heartbeat f2_challenger: 3421s cycle=127
19:44:59 [S44-HARNESS] heartbeat f2_challenger: 3481s cycle=129
19:45:59 [S44-HARNESS] heartbeat f2_challenger: 3541s cycle=131
19:47:00 [S44-HARNESS] heartbeat f2_challenger: 3601s cycle=134
19:48:00 [S44-HARNESS] heartbeat f2_challenger: 3661s cycle=136
19:49:00 [S44-HARNESS] heartbeat f2_challenger: 3721s cycle=138
19:50:00 [S44-HARNESS] heartbeat f2_challenger: 3781s cycle=141
19:51:00 [S44-HARNESS] heartbeat f2_challenger: 3841s cycle=143
19:52:00 [S44-HARNESS] heartbeat f2_challenger: 3901s cycle=145
19:53:00 [S44-HARNESS] heartbeat f2_challenger: 3961s cycle=147
19:54:00 [S44-HARNESS] heartbeat f2_challenger: 4021s cycle=150
19:55:00 [S44-HARNESS] heartbeat f2_challenger: 4081s cycle=152
19:56:00 [S44-HARNESS] heartbeat f2_challenger: 4141s cycle=154
19:57:00 [S44-HARNESS] heartbeat f2_challenger: 4202s cycle=156
19:58:00 [S44-HARNESS] heartbeat f2_challenger: 4262s cycle=158
19:59:00 [S44-HARNESS] heartbeat f2_challenger: 4322s cycle=160
20:00:00 [S44-HARNESS] heartbeat f2_challenger: 4382s cycle=162
20:01:00 [S44-HARNESS] heartbeat f2_challenger: 4442s cycle=164
20:02:00 [S44-HARNESS] heartbeat f2_challenger: 4502s cycle=167
20:03:00 [S44-HARNESS] heartbeat f2_challenger: 4562s cycle=169
20:04:00 [S44-HARNESS] heartbeat f2_challenger: 4622s cycle=171
20:05:00 [S44-HARNESS] heartbeat f2_challenger: 4682s cycle=173
20:06:00 [S44-HARNESS] heartbeat f2_challenger: 4742s cycle=175
20:07:00 [S44-HARNESS] heartbeat f2_challenger: 4802s cycle=177
20:08:00 [S44-HARNESS] heartbeat f2_challenger: 4862s cycle=179
20:09:00 [S44-HARNESS] heartbeat f2_challenger: 4922s cycle=182
20:10:00 [S44-HARNESS] heartbeat f2_challenger: 4982s cycle=184
20:11:00 [S44-HARNESS] heartbeat f2_challenger: 5042s cycle=186
20:12:00 [S44-HARNESS] heartbeat f2_challenger: 5102s cycle=188
20:13:00 [S44-HARNESS] heartbeat f2_challenger: 5162s cycle=190
20:14:00 [S44-HARNESS] heartbeat f2_challenger: 5222s cycle=192
20:15:00 [S44-HARNESS] heartbeat f2_challenger: 5282s cycle=195
20:16:00 [S44-HARNESS] heartbeat f2_challenger: 5342s cycle=197
20:17:00 [S44-HARNESS] heartbeat f2_challenger: 5402s cycle=199
20:18:00 [S44-HARNESS] heartbeat f2_challenger: 5462s cycle=201
20:19:00 [S44-HARNESS] heartbeat f2_challenger: 5522s cycle=204
20:20:00 [S44-HARNESS] heartbeat f2_challenger: 5582s cycle=206
20:21:00 [S44-HARNESS] heartbeat f2_challenger: 5642s cycle=208
20:22:00 [S44-HARNESS] heartbeat f2_challenger: 5702s cycle=210
20:23:00 [S44-HARNESS] heartbeat f2_challenger: 5762s cycle=213
20:24:00 [S44-HARNESS] heartbeat f2_challenger: 5822s cycle=215
20:25:00 [S44-HARNESS] heartbeat f2_challenger: 5882s cycle=217
20:26:00 [S44-HARNESS] heartbeat f2_challenger: 5942s cycle=219
20:27:00 [S44-HARNESS] heartbeat f2_challenger: 6002s cycle=222
20:28:00 [S44-HARNESS] heartbeat f2_challenger: 6062s cycle=224
20:29:00 [S44-HARNESS] heartbeat f2_challenger: 6122s cycle=226
20:30:00 [S44-HARNESS] heartbeat f2_challenger: 6182s cycle=228
20:31:00 [S44-HARNESS] heartbeat f2_challenger: 6242s cycle=230
20:32:00 [S44-HARNESS] heartbeat f2_challenger: 6302s cycle=233
20:33:00 [S44-HARNESS] heartbeat f2_challenger: 6362s cycle=235
20:34:00 [S44-HARNESS] heartbeat f2_challenger: 6422s cycle=237
20:35:01 [S44-HARNESS] heartbeat f2_challenger: 6482s cycle=239
20:36:01 [S44-HARNESS] heartbeat f2_challenger: 6542s cycle=242
20:37:01 [S44-HARNESS] heartbeat f2_challenger: 6602s cycle=244
20:38:01 [S44-HARNESS] heartbeat f2_challenger: 6662s cycle=246
20:39:01 [S44-HARNESS] heartbeat f2_challenger: 6722s cycle=248
20:40:01 [S44-HARNESS] heartbeat f2_challenger: 6782s cycle=251
20:41:01 [S44-HARNESS] heartbeat f2_challenger: 6842s cycle=253
20:42:01 [S44-HARNESS] heartbeat f2_challenger: 6902s cycle=255
20:43:01 [S44-HARNESS] heartbeat f2_challenger: 6962s cycle=257
20:44:01 [S44-HARNESS] heartbeat f2_challenger: 7022s cycle=259
20:44:51 [S44-HARNESS] finished f2_challenger pid=18501 exit=0 status=certified wall=7073s
20:44:54 [W118-RUN-f2_challenger] gates {'G1_harness_clean': True, 'G2_eval_key': True, 'G3_append_reconcile': True, 'G4_tail_state_check': True, 'G5_solve_profile_reconciled_per_event': True, 'G6_v37_optimal_and_four_metrics': True, 'G7_append_sealed': True, 'G8_persistence_as_w101': True, 'G9_ess_ageing_readback': True, 'G11_acceptance_cross_check': True, 'G13_holds_inert_through_first_pass_held_after': True, 'G14_all_block_capture': True, 'G15_stopping_consistent': True, 'G16_lambda_sidecar_complete': True, 'G17_rule_v2_replay_reproduces_in_cycle': True, 'G18_line_fields_every_cycle': True, 'G19_replay_bitwise_1_k0_every_field': True, 'G20_production_counters_in_per_cycle_record': True, 'G21_creep_captures_complete': True, 'G22_t_sum_in_cycle_equals_stride_and_terminal': True, 'G23_overlap_recorded': True}
20:44:54 [W118-RUN-f2_challenger] settling v2: status uncertified k* None branch None band_width 1219.023425579071 s -997.838485956192 t_sum(k*) None k0_run 152 cycles 261
20:44:54 [W118] guards {'w118_checks': {'counts': {'permitted_solve': 0, 'permitted_exec': 0, 'blocked_solve': 0, 'blocked_exec': 0}, 'verify_0_failures': []}, 'w105_checks_imported': {'counts': {'permitted_solve': 0, 'permitted_exec': 0, 'blocked_solve': 0, 'blocked_exec': 0}, 'verify_0_failures': []}, 'w101_checks_imported': {'counts': {'permitted_solve': 0, 'permitted_exec': 0, 'blocked_solve': 0, 'blocked_exec': 0}, 'verify_0_failures': []}, 'w98_checks_imported': {'counts': {'permitted_solve': 0, 'permitted_exec': 0, 'blocked_solve': 0, 'blocked_exec': 0}, 'verify_0_failures': []}, 'w112_imported': {'counts': {'permitted_solve': 0, 'permitted_exec': 0, 'blocked_solve': 0, 'blocked_exec': 0}, 'verify_0_failures': []}, 'alpha_row_launcher': {'counts': {'permitted_solve': 0, 'permitted_exec': 0, 'blocked_solve': 0, 'blocked_exec': 0}, 'verify_0_failures': []}, 'w86_launcher': {'counts': {'permitted_solve': 0, 'permitted_exec': 0, 'blocked_solve': 0, 'blocked_exec': 0}, 'verify_0_failures': []}, 'w87': {'counts': {'permitted_solve': 0, 'permitted_exec': 0, 'blocked_solve': 0, 'blocked_exec': 0}, 'verify_0_failures': []}, 'w88': {'counts': {'permitted_solve': 0, 'permitted_exec': 0, 'blocked_solve': 0, 'blocked_exec': 0}, 'verify_0_failures': []}, 'w89_step1': {'counts': {'permitted_solve': 0, 'permitted_exec': 0, 'blocked_solve': 0, 'blocked_exec': 0}, 'verify_0_failures': []}, 'w89_3x3_launcher': {'counts': {'permitted_solve': 0, 'permitted_exec': 0, 'blocked_solve': 0, 'blocked_exec': 0}, 'verify_0_failures': []}, 'w90_3x3_parent': {'counts': {'permitted_solve': 0, 'permitted_exec': 0, 'blocked_solve': 0, 'blocked_exec': 0}, 'verify_0_failures': []}, 'w98_parent': {'counts': {'permitted_solve': 0, 'permitted_exec': 0, 'blocked_solve': 0, 'blocked_exec': 0}, 'verify_0_failures': []}, 'w101_parent': {'counts': {'permitted_solve': 0, 'permitted_exec': 0, 'blocked_solve': 0, 'blocked_exec': 0}, 'verify_0_failures': []}, 'w118_parent': {'counts': {'permitted_solve': 0, 'permitted_exec': 0, 'blocked_solve': 0, 'blocked_exec': 0}, 'verify_0_failures': []}} wall=7126s
