04:42:08 [W118-RUN-pb_y2030_n9] memory preflight: available 17.594161987304688 GiB required 3.50 GiB -> PASS
04:42:08 [W118-RUN-pb_y2030_n9] P5.15 Addendum 57, W118 -- SRP1 re-settling campaign (10 cells) under the current production configuration: gated cells replayed bitwise against their original record through the first residual pass k0 (abort on the first divergence), the year-ladder cells as first C2 evaluations; the certifying regime held after the run's k0 (AA off, tight tail on, rho frozen); settling rule v2 (gap clause |t_sum| <= tau/2; monotone branch with |dQ| x 60 <= tau) until it certifies or the cap; W105 captures + per-cycle t_sum and Q_cc; cell pb_y2030_n9 eval_key 344c936fc23919be83c033b49a35dc7b465bf7fa51d9d0eb190e9cc0b988341e; cap 229; lock {'pid': 64754, 'campaign_id': 's53_w118_resettle_r2_pb_y2030_n9', 'campaign_spec_sha256': '88c4456d2b381c65460294873b7e7a39ae1d7cd31954143f37e2fa10a1dbf481', 'started_utc': '2026-09-29T04:42:08.791555+00:00'}
04:42:08 [S44-HARNESS] launched pb_y2030_n9 (key da2f6bc13b10aabe) pid=64970
04:42:08 [S44-HARNESS] heartbeat pb_y2030_n9: 0s cycle=None
04:43:08 [S44-HARNESS] heartbeat pb_y2030_n9: 60s cycle=None
04:44:08 [S44-HARNESS] heartbeat pb_y2030_n9: 120s cycle=3
04:45:08 [S44-HARNESS] heartbeat pb_y2030_n9: 180s cycle=5
04:46:08 [S44-HARNESS] heartbeat pb_y2030_n9: 240s cycle=7
04:47:08 [S44-HARNESS] heartbeat pb_y2030_n9: 300s cycle=9
04:48:08 [S44-HARNESS] heartbeat pb_y2030_n9: 360s cycle=12
04:49:08 [S44-HARNESS] heartbeat pb_y2030_n9: 420s cycle=14
04:50:08 [S44-HARNESS] heartbeat pb_y2030_n9: 480s cycle=16
04:51:08 [S44-HARNESS] heartbeat pb_y2030_n9: 540s cycle=19
04:52:08 [S44-HARNESS] heartbeat pb_y2030_n9: 600s cycle=21
04:53:08 [S44-HARNESS] heartbeat pb_y2030_n9: 660s cycle=24
04:54:09 [S44-HARNESS] heartbeat pb_y2030_n9: 720s cycle=26
04:55:09 [S44-HARNESS] heartbeat pb_y2030_n9: 780s cycle=29
04:56:09 [S44-HARNESS] heartbeat pb_y2030_n9: 840s cycle=31
04:57:09 [S44-HARNESS] heartbeat pb_y2030_n9: 900s cycle=33
04:58:09 [S44-HARNESS] heartbeat pb_y2030_n9: 960s cycle=36
04:59:09 [S44-HARNESS] heartbeat pb_y2030_n9: 1020s cycle=38
05:00:09 [S44-HARNESS] heartbeat pb_y2030_n9: 1080s cycle=41
05:01:09 [S44-HARNESS] heartbeat pb_y2030_n9: 1140s cycle=43
05:02:09 [S44-HARNESS] heartbeat pb_y2030_n9: 1200s cycle=46
05:03:09 [S44-HARNESS] heartbeat pb_y2030_n9: 1260s cycle=48
05:04:09 [S44-HARNESS] heartbeat pb_y2030_n9: 1320s cycle=51
05:05:09 [S44-HARNESS] heartbeat pb_y2030_n9: 1381s cycle=53
05:06:09 [S44-HARNESS] heartbeat pb_y2030_n9: 1441s cycle=56
05:07:09 [S44-HARNESS] heartbeat pb_y2030_n9: 1501s cycle=58
05:08:09 [S44-HARNESS] heartbeat pb_y2030_n9: 1561s cycle=60
05:09:09 [S44-HARNESS] heartbeat pb_y2030_n9: 1621s cycle=63
05:10:09 [S44-HARNESS] heartbeat pb_y2030_n9: 1681s cycle=65
05:11:09 [S44-HARNESS] heartbeat pb_y2030_n9: 1741s cycle=68
05:12:09 [S44-HARNESS] heartbeat pb_y2030_n9: 1801s cycle=70
05:13:09 [S44-HARNESS] heartbeat pb_y2030_n9: 1861s cycle=73
05:14:09 [S44-HARNESS] heartbeat pb_y2030_n9: 1921s cycle=75
05:15:09 [S44-HARNESS] heartbeat pb_y2030_n9: 1981s cycle=78
05:16:09 [S44-HARNESS] heartbeat pb_y2030_n9: 2041s cycle=80
05:17:09 [S44-HARNESS] heartbeat pb_y2030_n9: 2101s cycle=83
05:18:09 [S44-HARNESS] heartbeat pb_y2030_n9: 2161s cycle=85
05:19:09 [S44-HARNESS] heartbeat pb_y2030_n9: 2221s cycle=88
05:20:09 [S44-HARNESS] heartbeat pb_y2030_n9: 2281s cycle=90
05:21:09 [S44-HARNESS] heartbeat pb_y2030_n9: 2341s cycle=93
05:22:09 [S44-HARNESS] heartbeat pb_y2030_n9: 2401s cycle=95
05:23:09 [S44-HARNESS] heartbeat pb_y2030_n9: 2461s cycle=98
05:24:09 [S44-HARNESS] heartbeat pb_y2030_n9: 2521s cycle=100
05:25:09 [S44-HARNESS] heartbeat pb_y2030_n9: 2581s cycle=102
05:26:09 [S44-HARNESS] heartbeat pb_y2030_n9: 2641s cycle=105
05:27:09 [S44-HARNESS] heartbeat pb_y2030_n9: 2701s cycle=107
05:28:09 [S44-HARNESS] heartbeat pb_y2030_n9: 2761s cycle=110
05:29:09 [S44-HARNESS] heartbeat pb_y2030_n9: 2821s cycle=112
05:30:09 [S44-HARNESS] heartbeat pb_y2030_n9: 2881s cycle=115
05:31:09 [S44-HARNESS] heartbeat pb_y2030_n9: 2941s cycle=117
05:32:09 [S44-HARNESS] heartbeat pb_y2030_n9: 3001s cycle=120
05:33:09 [S44-HARNESS] heartbeat pb_y2030_n9: 3061s cycle=122
05:34:10 [S44-HARNESS] heartbeat pb_y2030_n9: 3121s cycle=124
05:35:10 [S44-HARNESS] heartbeat pb_y2030_n9: 3181s cycle=127
05:36:10 [S44-HARNESS] heartbeat pb_y2030_n9: 3241s cycle=129
05:37:10 [S44-HARNESS] heartbeat pb_y2030_n9: 3301s cycle=131
05:38:10 [S44-HARNESS] heartbeat pb_y2030_n9: 3361s cycle=134
05:39:10 [S44-HARNESS] heartbeat pb_y2030_n9: 3421s cycle=136
05:40:10 [S44-HARNESS] heartbeat pb_y2030_n9: 3481s cycle=139
05:41:10 [S44-HARNESS] heartbeat pb_y2030_n9: 3541s cycle=141
05:42:10 [S44-HARNESS] heartbeat pb_y2030_n9: 3601s cycle=143
05:43:10 [S44-HARNESS] heartbeat pb_y2030_n9: 3661s cycle=146
05:44:10 [S44-HARNESS] heartbeat pb_y2030_n9: 3721s cycle=148
05:45:10 [S44-HARNESS] heartbeat pb_y2030_n9: 3781s cycle=151
05:46:10 [S44-HARNESS] heartbeat pb_y2030_n9: 3842s cycle=153
05:47:10 [S44-HARNESS] heartbeat pb_y2030_n9: 3902s cycle=155
05:48:10 [S44-HARNESS] heartbeat pb_y2030_n9: 3962s cycle=158
05:49:10 [S44-HARNESS] heartbeat pb_y2030_n9: 4022s cycle=160
05:50:10 [S44-HARNESS] heartbeat pb_y2030_n9: 4082s cycle=163
05:51:10 [S44-HARNESS] heartbeat pb_y2030_n9: 4142s cycle=165
05:52:10 [S44-HARNESS] heartbeat pb_y2030_n9: 4202s cycle=167
05:53:10 [S44-HARNESS] heartbeat pb_y2030_n9: 4262s cycle=170
05:54:10 [S44-HARNESS] heartbeat pb_y2030_n9: 4322s cycle=172
05:55:10 [S44-HARNESS] heartbeat pb_y2030_n9: 4382s cycle=174
05:56:10 [S44-HARNESS] heartbeat pb_y2030_n9: 4442s cycle=177
05:57:10 [S44-HARNESS] heartbeat pb_y2030_n9: 4502s cycle=179
05:58:10 [S44-HARNESS] heartbeat pb_y2030_n9: 4562s cycle=182
05:59:10 [S44-HARNESS] heartbeat pb_y2030_n9: 4622s cycle=184
06:00:10 [S44-HARNESS] heartbeat pb_y2030_n9: 4682s cycle=186
06:01:10 [S44-HARNESS] heartbeat pb_y2030_n9: 4742s cycle=189
06:02:10 [S44-HARNESS] heartbeat pb_y2030_n9: 4802s cycle=191
06:02:40 [S44-HARNESS] finished pb_y2030_n9 pid=64970 exit=0 status=certified wall=4832s
06:02:43 [W118-RUN-pb_y2030_n9] gates {'G1_harness_clean': True, 'G2_eval_key': True, 'G3_append_reconcile': True, 'G4_tail_state_check': True, 'G5_solve_profile_reconciled_per_event': True, 'G6_v37_optimal_and_four_metrics': True, 'G7_append_sealed': True, 'G8_persistence_as_w101': True, 'G9_ess_ageing_readback': True, 'G11_acceptance_cross_check': True, 'G13_holds_inert_through_first_pass_held_after': True, 'G14_all_block_capture': True, 'G15_stopping_consistent': True, 'G16_lambda_sidecar_complete': True, 'G17_rule_v2_replay_reproduces_in_cycle': True, 'G18_line_fields_every_cycle': True, 'G19_replay_bitwise_1_k0_every_field': True, 'G20_production_counters_in_per_cycle_record': True, 'G21_creep_captures_complete': True, 'G22_t_sum_in_cycle_equals_stride_and_terminal': True, 'G23_overlap_recorded': True}
06:02:43 [W118-RUN-pb_y2030_n9] settling v2: status certified k* 192 branch oscillatory band_width 4275.442954301834 s 27487.607365846634 t_sum(k*) 453.33539859616104 k0_run 120 cycles 192
06:02:43 [W118] guards {'w118_checks': {'counts': {'permitted_solve': 0, 'permitted_exec': 0, 'blocked_solve': 0, 'blocked_exec': 0}, 'verify_0_failures': []}, 'w105_checks_imported': {'counts': {'permitted_solve': 0, 'permitted_exec': 0, 'blocked_solve': 0, 'blocked_exec': 0}, 'verify_0_failures': []}, 'w101_checks_imported': {'counts': {'permitted_solve': 0, 'permitted_exec': 0, 'blocked_solve': 0, 'blocked_exec': 0}, 'verify_0_failures': []}, 'w98_checks_imported': {'counts': {'permitted_solve': 0, 'permitted_exec': 0, 'blocked_solve': 0, 'blocked_exec': 0}, 'verify_0_failures': []}, 'w112_imported': {'counts': {'permitted_solve': 0, 'permitted_exec': 0, 'blocked_solve': 0, 'blocked_exec': 0}, 'verify_0_failures': []}, 'alpha_row_launcher': {'counts': {'permitted_solve': 0, 'permitted_exec': 0, 'blocked_solve': 0, 'blocked_exec': 0}, 'verify_0_failures': []}, 'w86_launcher': {'counts': {'permitted_solve': 0, 'permitted_exec': 0, 'blocked_solve': 0, 'blocked_exec': 0}, 'verify_0_failures': []}, 'w87': {'counts': {'permitted_solve': 0, 'permitted_exec': 0, 'blocked_solve': 0, 'blocked_exec': 0}, 'verify_0_failures': []}, 'w88': {'counts': {'permitted_solve': 0, 'permitted_exec': 0, 'blocked_solve': 0, 'blocked_exec': 0}, 'verify_0_failures': []}, 'w89_step1': {'counts': {'permitted_solve': 0, 'permitted_exec': 0, 'blocked_solve': 0, 'blocked_exec': 0}, 'verify_0_failures': []}, 'w89_3x3_launcher': {'counts': {'permitted_solve': 0, 'permitted_exec': 0, 'blocked_solve': 0, 'blocked_exec': 0}, 'verify_0_failures': []}, 'w90_3x3_parent': {'counts': {'permitted_solve': 0, 'permitted_exec': 0, 'blocked_solve': 0, 'blocked_exec': 0}, 'verify_0_failures': []}, 'w98_parent': {'counts': {'permitted_solve': 0, 'permitted_exec': 0, 'blocked_solve': 0, 'blocked_exec': 0}, 'verify_0_failures': []}, 'w101_parent': {'counts': {'permitted_solve': 0, 'permitted_exec': 0, 'blocked_solve': 0, 'blocked_exec': 0}, 'verify_0_failures': []}, 'w118_parent': {'counts': {'permitted_solve': 0, 'permitted_exec': 0, 'blocked_solve': 0, 'blocked_exec': 0}, 'verify_0_failures': []}} wall=4881s
