20:52:01 [W118-RUN-f2_incumbent] memory preflight: available 18.8095703125 GiB required 3.50 GiB -> PASS
20:52:01 [W118-RUN-f2_incumbent] P5.15 Addendum 57, W118 -- SRP1 re-settling campaign (10 cells) under the current production configuration: gated cells replayed bitwise against their original record through the first residual pass k0 (abort on the first divergence), the year-ladder cells as first C2 evaluations; the certifying regime held after the run's k0 (AA off, tight tail on, rho frozen); settling rule v2 (gap clause |t_sum| <= tau/2; monotone branch with |dQ| x 60 <= tau) until it certifies or the cap; W105 captures + per-cycle t_sum and Q_cc; cell f2_incumbent eval_key 24c5ccb6f285219f112f54709f268a76b7eace266d5c3ea1320f92f06859c7f3; cap 281; lock {'pid': 38531, 'campaign_id': 's53_w118_resettle_r2_f2_incumbent', 'campaign_spec_sha256': 'b1dd9b82655072dcb9c6318914bd5abc840b7bbea2d4f9b33e61db62b556ef30', 'started_utc': '2026-09-28T20:52:01.077184+00:00'}
20:52:01 [S44-HARNESS] launched f2_incumbent (key 59757776a2da3ffe) pid=38840
20:52:01 [S44-HARNESS] heartbeat f2_incumbent: 0s cycle=None
20:53:01 [S44-HARNESS] heartbeat f2_incumbent: 60s cycle=None
20:54:01 [S44-HARNESS] heartbeat f2_incumbent: 120s cycle=2
20:55:01 [S44-HARNESS] heartbeat f2_incumbent: 180s cycle=4
20:56:01 [S44-HARNESS] heartbeat f2_incumbent: 240s cycle=6
20:57:01 [S44-HARNESS] heartbeat f2_incumbent: 300s cycle=8
20:58:01 [S44-HARNESS] heartbeat f2_incumbent: 360s cycle=10
20:59:01 [S44-HARNESS] heartbeat f2_incumbent: 420s cycle=12
21:00:01 [S44-HARNESS] heartbeat f2_incumbent: 480s cycle=14
21:01:01 [S44-HARNESS] heartbeat f2_incumbent: 540s cycle=16
21:02:01 [S44-HARNESS] heartbeat f2_incumbent: 600s cycle=18
21:03:01 [S44-HARNESS] heartbeat f2_incumbent: 660s cycle=21
21:04:01 [S44-HARNESS] heartbeat f2_incumbent: 720s cycle=23
21:05:01 [S44-HARNESS] heartbeat f2_incumbent: 780s cycle=25
21:06:01 [S44-HARNESS] heartbeat f2_incumbent: 840s cycle=27
21:07:01 [S44-HARNESS] heartbeat f2_incumbent: 900s cycle=29
21:08:01 [S44-HARNESS] heartbeat f2_incumbent: 960s cycle=32
21:09:01 [S44-HARNESS] heartbeat f2_incumbent: 1020s cycle=34
21:10:01 [S44-HARNESS] heartbeat f2_incumbent: 1080s cycle=36
21:11:01 [S44-HARNESS] heartbeat f2_incumbent: 1140s cycle=39
21:12:01 [S44-HARNESS] heartbeat f2_incumbent: 1200s cycle=41
21:13:01 [S44-HARNESS] heartbeat f2_incumbent: 1260s cycle=43
21:14:01 [S44-HARNESS] heartbeat f2_incumbent: 1320s cycle=46
21:15:01 [S44-HARNESS] heartbeat f2_incumbent: 1381s cycle=48
21:16:01 [S44-HARNESS] heartbeat f2_incumbent: 1441s cycle=50
21:17:01 [S44-HARNESS] heartbeat f2_incumbent: 1501s cycle=53
21:18:01 [S44-HARNESS] heartbeat f2_incumbent: 1561s cycle=55
21:19:01 [S44-HARNESS] heartbeat f2_incumbent: 1621s cycle=58
21:20:01 [S44-HARNESS] heartbeat f2_incumbent: 1681s cycle=60
21:21:01 [S44-HARNESS] heartbeat f2_incumbent: 1741s cycle=62
21:22:01 [S44-HARNESS] heartbeat f2_incumbent: 1801s cycle=65
21:23:01 [S44-HARNESS] heartbeat f2_incumbent: 1861s cycle=67
21:24:01 [S44-HARNESS] heartbeat f2_incumbent: 1921s cycle=69
21:25:01 [S44-HARNESS] heartbeat f2_incumbent: 1981s cycle=71
21:26:01 [S44-HARNESS] heartbeat f2_incumbent: 2041s cycle=74
21:27:01 [S44-HARNESS] heartbeat f2_incumbent: 2101s cycle=76
21:28:01 [S44-HARNESS] heartbeat f2_incumbent: 2161s cycle=78
21:29:01 [S44-HARNESS] heartbeat f2_incumbent: 2221s cycle=81
21:30:01 [S44-HARNESS] heartbeat f2_incumbent: 2281s cycle=83
21:31:01 [S44-HARNESS] heartbeat f2_incumbent: 2341s cycle=85
21:32:02 [S44-HARNESS] heartbeat f2_incumbent: 2401s cycle=88
21:33:02 [S44-HARNESS] heartbeat f2_incumbent: 2461s cycle=90
21:34:02 [S44-HARNESS] heartbeat f2_incumbent: 2521s cycle=92
21:35:02 [S44-HARNESS] heartbeat f2_incumbent: 2581s cycle=95
21:36:02 [S44-HARNESS] heartbeat f2_incumbent: 2641s cycle=97
21:37:02 [S44-HARNESS] heartbeat f2_incumbent: 2701s cycle=100
21:38:02 [S44-HARNESS] heartbeat f2_incumbent: 2761s cycle=102
21:39:02 [S44-HARNESS] heartbeat f2_incumbent: 2821s cycle=104
21:40:02 [S44-HARNESS] heartbeat f2_incumbent: 2881s cycle=107
21:41:02 [S44-HARNESS] heartbeat f2_incumbent: 2941s cycle=109
21:42:02 [S44-HARNESS] heartbeat f2_incumbent: 3001s cycle=111
21:43:02 [S44-HARNESS] heartbeat f2_incumbent: 3061s cycle=114
21:44:02 [S44-HARNESS] heartbeat f2_incumbent: 3121s cycle=116
21:45:02 [S44-HARNESS] heartbeat f2_incumbent: 3181s cycle=118
21:46:02 [S44-HARNESS] heartbeat f2_incumbent: 3241s cycle=121
21:47:02 [S44-HARNESS] heartbeat f2_incumbent: 3301s cycle=123
21:48:02 [S44-HARNESS] heartbeat f2_incumbent: 3361s cycle=126
21:49:02 [S44-HARNESS] heartbeat f2_incumbent: 3421s cycle=128
21:50:02 [S44-HARNESS] heartbeat f2_incumbent: 3481s cycle=131
21:51:02 [S44-HARNESS] heartbeat f2_incumbent: 3541s cycle=133
21:52:02 [S44-HARNESS] heartbeat f2_incumbent: 3601s cycle=135
21:53:02 [S44-HARNESS] heartbeat f2_incumbent: 3661s cycle=138
21:54:02 [S44-HARNESS] heartbeat f2_incumbent: 3721s cycle=140
21:55:02 [S44-HARNESS] heartbeat f2_incumbent: 3781s cycle=143
21:56:02 [S44-HARNESS] heartbeat f2_incumbent: 3842s cycle=145
21:57:02 [S44-HARNESS] heartbeat f2_incumbent: 3902s cycle=147
21:58:02 [S44-HARNESS] heartbeat f2_incumbent: 3962s cycle=150
21:59:02 [S44-HARNESS] heartbeat f2_incumbent: 4022s cycle=152
22:00:02 [S44-HARNESS] heartbeat f2_incumbent: 4082s cycle=155
22:01:02 [S44-HARNESS] heartbeat f2_incumbent: 4142s cycle=157
22:02:02 [S44-HARNESS] heartbeat f2_incumbent: 4202s cycle=159
22:03:02 [S44-HARNESS] heartbeat f2_incumbent: 4262s cycle=162
22:04:02 [S44-HARNESS] heartbeat f2_incumbent: 4322s cycle=164
22:05:02 [S44-HARNESS] heartbeat f2_incumbent: 4382s cycle=166
22:06:02 [S44-HARNESS] heartbeat f2_incumbent: 4442s cycle=169
22:07:02 [S44-HARNESS] heartbeat f2_incumbent: 4502s cycle=171
22:08:02 [S44-HARNESS] heartbeat f2_incumbent: 4562s cycle=173
22:09:02 [S44-HARNESS] heartbeat f2_incumbent: 4622s cycle=175
22:10:02 [S44-HARNESS] heartbeat f2_incumbent: 4682s cycle=177
22:11:02 [S44-HARNESS] heartbeat f2_incumbent: 4742s cycle=180
22:12:02 [S44-HARNESS] heartbeat f2_incumbent: 4802s cycle=182
22:13:02 [S44-HARNESS] heartbeat f2_incumbent: 4862s cycle=184
22:14:02 [S44-HARNESS] heartbeat f2_incumbent: 4922s cycle=186
22:15:02 [S44-HARNESS] heartbeat f2_incumbent: 4982s cycle=188
22:16:02 [S44-HARNESS] heartbeat f2_incumbent: 5042s cycle=190
22:17:02 [S44-HARNESS] heartbeat f2_incumbent: 5102s cycle=192
22:18:02 [S44-HARNESS] heartbeat f2_incumbent: 5162s cycle=194
22:19:03 [S44-HARNESS] heartbeat f2_incumbent: 5222s cycle=197
22:20:03 [S44-HARNESS] heartbeat f2_incumbent: 5282s cycle=199
22:21:03 [S44-HARNESS] heartbeat f2_incumbent: 5342s cycle=201
22:22:03 [S44-HARNESS] heartbeat f2_incumbent: 5402s cycle=203
22:23:03 [S44-HARNESS] heartbeat f2_incumbent: 5462s cycle=205
22:24:03 [S44-HARNESS] heartbeat f2_incumbent: 5522s cycle=207
22:25:03 [S44-HARNESS] heartbeat f2_incumbent: 5582s cycle=209
22:26:03 [S44-HARNESS] heartbeat f2_incumbent: 5642s cycle=212
22:27:03 [S44-HARNESS] heartbeat f2_incumbent: 5702s cycle=214
22:28:03 [S44-HARNESS] heartbeat f2_incumbent: 5762s cycle=216
22:29:03 [S44-HARNESS] heartbeat f2_incumbent: 5822s cycle=218
22:30:03 [S44-HARNESS] heartbeat f2_incumbent: 5882s cycle=220
22:31:03 [S44-HARNESS] heartbeat f2_incumbent: 5942s cycle=222
22:32:03 [S44-HARNESS] heartbeat f2_incumbent: 6002s cycle=224
22:33:03 [S44-HARNESS] heartbeat f2_incumbent: 6062s cycle=226
22:34:03 [S44-HARNESS] heartbeat f2_incumbent: 6122s cycle=229
22:35:03 [S44-HARNESS] heartbeat f2_incumbent: 6182s cycle=231
22:36:03 [S44-HARNESS] heartbeat f2_incumbent: 6242s cycle=233
22:37:03 [S44-HARNESS] heartbeat f2_incumbent: 6302s cycle=235
22:38:03 [S44-HARNESS] heartbeat f2_incumbent: 6362s cycle=237
22:39:03 [S44-HARNESS] heartbeat f2_incumbent: 6422s cycle=239
22:40:03 [S44-HARNESS] heartbeat f2_incumbent: 6482s cycle=241
22:41:03 [S44-HARNESS] heartbeat f2_incumbent: 6542s cycle=243
22:42:03 [S44-HARNESS] heartbeat f2_incumbent: 6602s cycle=246
22:43:03 [S44-HARNESS] heartbeat f2_incumbent: 6662s cycle=248
22:44:03 [S44-HARNESS] heartbeat f2_incumbent: 6722s cycle=250
22:45:03 [S44-HARNESS] heartbeat f2_incumbent: 6782s cycle=252
22:46:03 [S44-HARNESS] heartbeat f2_incumbent: 6842s cycle=254
22:47:03 [S44-HARNESS] heartbeat f2_incumbent: 6902s cycle=256
22:48:03 [S44-HARNESS] heartbeat f2_incumbent: 6962s cycle=258
22:49:03 [S44-HARNESS] heartbeat f2_incumbent: 7022s cycle=261
22:50:03 [S44-HARNESS] heartbeat f2_incumbent: 7082s cycle=263
22:51:03 [S44-HARNESS] heartbeat f2_incumbent: 7142s cycle=265
22:52:03 [S44-HARNESS] heartbeat f2_incumbent: 7202s cycle=267
22:53:03 [S44-HARNESS] heartbeat f2_incumbent: 7262s cycle=269
22:54:03 [S44-HARNESS] heartbeat f2_incumbent: 7322s cycle=271
22:55:03 [S44-HARNESS] heartbeat f2_incumbent: 7382s cycle=273
22:56:03 [S44-HARNESS] heartbeat f2_incumbent: 7442s cycle=275
22:57:03 [S44-HARNESS] heartbeat f2_incumbent: 7502s cycle=277
22:58:03 [S44-HARNESS] heartbeat f2_incumbent: 7562s cycle=279
22:59:03 [S44-HARNESS] heartbeat f2_incumbent: 7622s cycle=281
22:59:08 [S44-HARNESS] finished f2_incumbent pid=38840 exit=0 status=certified wall=7627s
22:59:12 [W118-RUN-f2_incumbent] gates {'G1_harness_clean': True, 'G2_eval_key': True, 'G3_append_reconcile': True, 'G4_tail_state_check': True, 'G5_solve_profile_reconciled_per_event': True, 'G6_v37_optimal_and_four_metrics': True, 'G7_append_sealed': True, 'G8_persistence_as_w101': True, 'G9_ess_ageing_readback': True, 'G11_acceptance_cross_check': True, 'G13_holds_inert_through_first_pass_held_after': True, 'G14_all_block_capture': True, 'G15_stopping_consistent': True, 'G16_lambda_sidecar_complete': True, 'G17_rule_v2_replay_reproduces_in_cycle': True, 'G18_line_fields_every_cycle': True, 'G19_replay_bitwise_1_k0_every_field': True, 'G20_production_counters_in_per_cycle_record': True, 'G21_creep_captures_complete': True, 'G22_t_sum_in_cycle_equals_stride_and_terminal': True, 'G23_overlap_recorded': True}
22:59:12 [W118-RUN-f2_incumbent] settling v2: status uncertified k* None branch None band_width 398.1944086551666 s -1461.4875311851501 t_sum(k*) None k0_run 172 cycles 281
22:59:12 [W118] guards {'w118_checks': {'counts': {'permitted_solve': 0, 'permitted_exec': 0, 'blocked_solve': 0, 'blocked_exec': 0}, 'verify_0_failures': []}, 'w105_checks_imported': {'counts': {'permitted_solve': 0, 'permitted_exec': 0, 'blocked_solve': 0, 'blocked_exec': 0}, 'verify_0_failures': []}, 'w101_checks_imported': {'counts': {'permitted_solve': 0, 'permitted_exec': 0, 'blocked_solve': 0, 'blocked_exec': 0}, 'verify_0_failures': []}, 'w98_checks_imported': {'counts': {'permitted_solve': 0, 'permitted_exec': 0, 'blocked_solve': 0, 'blocked_exec': 0}, 'verify_0_failures': []}, 'w112_imported': {'counts': {'permitted_solve': 0, 'permitted_exec': 0, 'blocked_solve': 0, 'blocked_exec': 0}, 'verify_0_failures': []}, 'alpha_row_launcher': {'counts': {'permitted_solve': 0, 'permitted_exec': 0, 'blocked_solve': 0, 'blocked_exec': 0}, 'verify_0_failures': []}, 'w86_launcher': {'counts': {'permitted_solve': 0, 'permitted_exec': 0, 'blocked_solve': 0, 'blocked_exec': 0}, 'verify_0_failures': []}, 'w87': {'counts': {'permitted_solve': 0, 'permitted_exec': 0, 'blocked_solve': 0, 'blocked_exec': 0}, 'verify_0_failures': []}, 'w88': {'counts': {'permitted_solve': 0, 'permitted_exec': 0, 'blocked_solve': 0, 'blocked_exec': 0}, 'verify_0_failures': []}, 'w89_step1': {'counts': {'permitted_solve': 0, 'permitted_exec': 0, 'blocked_solve': 0, 'blocked_exec': 0}, 'verify_0_failures': []}, 'w89_3x3_launcher': {'counts': {'permitted_solve': 0, 'permitted_exec': 0, 'blocked_solve': 0, 'blocked_exec': 0}, 'verify_0_failures': []}, 'w90_3x3_parent': {'counts': {'permitted_solve': 0, 'permitted_exec': 0, 'blocked_solve': 0, 'blocked_exec': 0}, 'verify_0_failures': []}, 'w98_parent': {'counts': {'permitted_solve': 0, 'permitted_exec': 0, 'blocked_solve': 0, 'blocked_exec': 0}, 'verify_0_failures': []}, 'w101_parent': {'counts': {'permitted_solve': 0, 'permitted_exec': 0, 'blocked_solve': 0, 'blocked_exec': 0}, 'verify_0_failures': []}, 'w118_parent': {'counts': {'permitted_solve': 0, 'permitted_exec': 0, 'blocked_solve': 0, 'blocked_exec': 0}, 'verify_0_failures': []}} wall=7680s
