19:25:30 [W116 +     0.1s] P5.15 Addendum 57 W116 -- uncoordinated benchmark spec v3: no-reverse-flow arms, the feasibility sweep of the unconstrained arms, the coordinated reverse-flow count; spec v4 (W119): per-block exact solve accounting of the NRF arm and tie-breaker stages; spec v5 (W121): the consistency re-evaluation admits the fixed reference voltage (setpoint bounds cleared), NRF arms and tie-breakers under _r2 run ids, the sweeps carried from W120 -- nrf_arm_passive_perturbed_r2 (permitted solve sites (('uncoordinated_benchmark.py', '_solve_block'),)); output data/SRP1/Results/P515S53/w116_benchmark_nrf/nrf_arm_passive_perturbed_r2
19:25:42 [W93 +    12.4s] unpickling data/SRP1/Results/P515S53/w101_srp1_continuation/campaign_s53_w101_srp1_cont_x0/evals/d110bd1a5977df1e_x0/certified_models.pkl (sha256 verified 99ab1070)
19:25:49 [W93 +    18.9s] unpickling data/SRP1/Results/P515S53/w101_srp1_continuation/campaign_s53_w101_srp1_cont_x0/evals/d110bd1a5977df1e_x0/esso_models_s39_D.pkl (sha256 verified 118487e1)
19:25:51 [W93 +    21.4s] capture-path checklist at nrf_arm_passive_perturbed_r2 (before any solve): 97 items, all True
[INFO] 			 - Running SMOPF, Network case33_1, 2025, Spring...
19:26:00 [W93 +    29.9s] solve    1                passive:perturbed:dso DSO|5|2025|Spring        ok iter 124 attempts 1 0.6s
[INFO] 			 - Running SMOPF, Network case33_1, 2025, Summer...
19:26:00 [W93 +    30.5s] solve    2                passive:perturbed:dso DSO|5|2025|Summer        ok iter 129 attempts 1 0.6s
[INFO] 			 - Running SMOPF, Network case33_1, 2025, Autumn...
19:26:01 [W93 +    31.1s] solve    3                passive:perturbed:dso DSO|5|2025|Autumn        ok iter 112 attempts 1 0.6s
[INFO] 			 - Running SMOPF, Network case33_1, 2025, Winter...
19:26:01 [W93 +    31.7s] solve    4                passive:perturbed:dso DSO|5|2025|Winter        ok iter 103 attempts 1 0.6s
[INFO] 			 - Running SMOPF, Network case33_1, 2030, Spring...
19:26:02 [W93 +    32.3s] solve    5                passive:perturbed:dso DSO|5|2030|Spring        ok iter 128 attempts 1 0.6s
[INFO] 			 - Running SMOPF, Network case33_1, 2030, Summer...
19:26:03 [W93 +    33.0s] solve    6                passive:perturbed:dso DSO|5|2030|Summer        ok iter 120 attempts 1 0.6s
[INFO] 			 - Running SMOPF, Network case33_1, 2030, Autumn...
19:26:03 [W93 +    33.6s] solve    7                passive:perturbed:dso DSO|5|2030|Autumn        ok iter 114 attempts 1 0.6s
[INFO] 			 - Running SMOPF, Network case33_1, 2030, Winter...
19:26:04 [W93 +    34.2s] solve    8                passive:perturbed:dso DSO|5|2030|Winter        ok iter 131 attempts 1 0.7s
[INFO] 			 - Running SMOPF, Network case33_1, 2035, Spring...
19:26:05 [W93 +    34.8s] solve    9                passive:perturbed:dso DSO|5|2035|Spring        ok iter 98 attempts 1 0.5s
[INFO] 			 - Running SMOPF, Network case33_1, 2035, Summer...
19:26:05 [W93 +    35.4s] solve   10                passive:perturbed:dso DSO|5|2035|Summer        ok iter 137 attempts 1 0.7s
[INFO] 			 - Running SMOPF, Network case33_1, 2035, Autumn...
19:26:06 [W93 +    36.1s] solve   11                passive:perturbed:dso DSO|5|2035|Autumn        ok iter 143 attempts 1 0.7s
[INFO] 			 - Running SMOPF, Network case33_1, 2035, Winter...
19:26:07 [W93 +    36.8s] solve   12                passive:perturbed:dso DSO|5|2035|Winter        ok iter 131 attempts 1 0.6s
[INFO] 			 - Running SMOPF, Network case33_2, 2025, Spring...
19:26:07 [W93 +    37.5s] solve   13                passive:perturbed:dso DSO|7|2025|Spring        ok iter 145 attempts 1 0.7s
[INFO] 			 - Running SMOPF, Network case33_2, 2025, Summer...
19:26:08 [W93 +    38.1s] solve   14                passive:perturbed:dso DSO|7|2025|Summer        ok iter 110 attempts 1 0.6s
[INFO] 			 - Running SMOPF, Network case33_2, 2025, Autumn...
19:26:09 [W93 +    38.7s] solve   15                passive:perturbed:dso DSO|7|2025|Autumn        ok iter 120 attempts 1 0.6s
[INFO] 			 - Running SMOPF, Network case33_2, 2025, Winter...
19:26:09 [W93 +    39.4s] solve   16                passive:perturbed:dso DSO|7|2025|Winter        ok iter 137 attempts 1 0.7s
[INFO] 			 - Running SMOPF, Network case33_2, 2030, Spring...
19:26:10 [W93 +    40.0s] solve   17                passive:perturbed:dso DSO|7|2030|Spring        ok iter 113 attempts 1 0.6s
[INFO] 			 - Running SMOPF, Network case33_2, 2030, Summer...
19:26:10 [W93 +    40.5s] solve   18                passive:perturbed:dso DSO|7|2030|Summer        ok iter 95 attempts 1 0.5s
[INFO] 			 - Running SMOPF, Network case33_2, 2030, Autumn...
19:26:11 [W93 +    41.3s] solve   19                passive:perturbed:dso DSO|7|2030|Autumn        ok iter 162 attempts 1 0.7s
[INFO] 			 - Running SMOPF, Network case33_2, 2030, Winter...
19:26:12 [W93 +    42.1s] solve   20                passive:perturbed:dso DSO|7|2030|Winter        ok iter 156 attempts 1 0.8s
[INFO] 			 - Running SMOPF, Network case33_2, 2035, Spring...
19:26:12 [W93 +    42.6s] solve   21                passive:perturbed:dso DSO|7|2035|Spring        ok iter 103 attempts 1 0.6s
[INFO] 			 - Running SMOPF, Network case33_2, 2035, Summer...
19:26:13 [W93 +    43.3s] solve   22                passive:perturbed:dso DSO|7|2035|Summer        ok iter 120 attempts 1 0.6s
[INFO] 			 - Running SMOPF, Network case33_2, 2035, Autumn...
19:26:14 [W93 +    43.9s] solve   23                passive:perturbed:dso DSO|7|2035|Autumn        ok iter 126 attempts 1 0.6s
[INFO] 			 - Running SMOPF, Network case33_2, 2035, Winter...
19:26:14 [W93 +    44.6s] solve   24                passive:perturbed:dso DSO|7|2035|Winter        ok iter 136 attempts 1 0.7s
[INFO] 			 - Running SMOPF, Network case33_3, 2025, Spring...
19:26:15 [W93 +    45.2s] solve   25                passive:perturbed:dso DSO|9|2025|Spring        ok iter 110 attempts 1 0.6s
[INFO] 			 - Running SMOPF, Network case33_3, 2025, Summer...
19:26:16 [W93 +    45.9s] solve   26                passive:perturbed:dso DSO|9|2025|Summer        ok iter 153 attempts 1 0.7s
[INFO] 			 - Running SMOPF, Network case33_3, 2025, Autumn...
19:26:16 [W93 +    46.6s] solve   27                passive:perturbed:dso DSO|9|2025|Autumn        ok iter 147 attempts 1 0.7s
[INFO] 			 - Running SMOPF, Network case33_3, 2025, Winter...
19:26:17 [W93 +    47.2s] solve   28                passive:perturbed:dso DSO|9|2025|Winter        ok iter 118 attempts 1 0.6s
[INFO] 			 - Running SMOPF, Network case33_3, 2030, Spring...
19:26:18 [W93 +    47.8s] solve   29                passive:perturbed:dso DSO|9|2030|Spring        ok iter 110 attempts 1 0.6s
[INFO] 			 - Running SMOPF, Network case33_3, 2030, Summer...
19:26:18 [W93 +    48.6s] solve   30                passive:perturbed:dso DSO|9|2030|Summer        ok iter 136 attempts 1 0.7s
[INFO] 			 - Running SMOPF, Network case33_3, 2030, Autumn...
19:26:19 [W93 +    49.1s] solve   31                passive:perturbed:dso DSO|9|2030|Autumn        ok iter 107 attempts 1 0.6s
[INFO] 			 - Running SMOPF, Network case33_3, 2030, Winter...
19:26:20 [W93 +    49.8s] solve   32                passive:perturbed:dso DSO|9|2030|Winter        ok iter 141 attempts 1 0.7s
[INFO] 			 - Running SMOPF, Network case33_3, 2035, Spring...
19:26:21 [W93 +    50.8s] solve   33                passive:perturbed:dso DSO|9|2035|Spring        ok iter 183 attempts 1 0.9s
[INFO] 			 - Running SMOPF, Network case33_3, 2035, Summer...
19:26:21 [W93 +    51.7s] solve   34                passive:perturbed:dso DSO|9|2035|Summer        ok iter 185 attempts 1 0.9s
[INFO] 			 - Running SMOPF, Network case33_3, 2035, Autumn...
19:26:23 [W93 +    53.0s] solve   35                passive:perturbed:dso DSO|9|2035|Autumn        ok iter 128 attempts 1 1.3s
[INFO] 			 - Running SMOPF, Network case33_3, 2035, Winter...
19:26:23 [W93 +    53.7s] solve   36                passive:perturbed:dso DSO|9|2035|Winter        ok iter 127 attempts 1 0.6s
[INFO] 			 - Running SMOPF, Network case9, 2025, Spring...
19:26:24 [W93 +    54.5s] solve   37                passive:perturbed:tso TSO|-|2025|Spring        ok iter 42 attempts 1 0.1s
[INFO] 			 - Running SMOPF, Network case9, 2025, Summer...
19:26:24 [W93 +    54.6s] solve   38                passive:perturbed:tso TSO|-|2025|Summer        ok iter 53 attempts 1 0.2s
[INFO] 			 - Running SMOPF, Network case9, 2025, Autumn...
19:26:25 [W93 +    54.8s] solve   39                passive:perturbed:tso TSO|-|2025|Autumn        ok iter 51 attempts 1 0.1s
[INFO] 			 - Running SMOPF, Network case9, 2025, Winter...
19:26:25 [W93 +    54.9s] solve   40                passive:perturbed:tso TSO|-|2025|Winter        ok iter 44 attempts 1 0.1s
[INFO] 			 - Running SMOPF, Network case9, 2030, Spring...
19:26:25 [W93 +    55.1s] solve   41                passive:perturbed:tso TSO|-|2030|Spring        ok iter 52 attempts 1 0.1s
[INFO] 			 - Running SMOPF, Network case9, 2030, Summer...
19:26:25 [W93 +    55.2s] solve   42                passive:perturbed:tso TSO|-|2030|Summer        ok iter 44 attempts 1 0.1s
[INFO] 			 - Running SMOPF, Network case9, 2030, Autumn...
19:26:25 [W93 +    55.3s] solve   43                passive:perturbed:tso TSO|-|2030|Autumn        ok iter 39 attempts 1 0.1s
[INFO] 			 - Running SMOPF, Network case9, 2030, Winter...
19:26:25 [W93 +    55.5s] solve   44                passive:perturbed:tso TSO|-|2030|Winter        ok iter 42 attempts 1 0.1s
[INFO] 			 - Running SMOPF, Network case9, 2035, Spring...
19:26:25 [W93 +    55.6s] solve   45                passive:perturbed:tso TSO|-|2035|Spring        ok iter 43 attempts 1 0.1s
[INFO] 			 - Running SMOPF, Network case9, 2035, Summer...
19:26:26 [W93 +    55.7s] solve   46                passive:perturbed:tso TSO|-|2035|Summer        ok iter 44 attempts 1 0.1s
[INFO] 			 - Running SMOPF, Network case9, 2035, Autumn...
19:26:26 [W93 +    55.9s] solve   47                passive:perturbed:tso TSO|-|2035|Autumn        ok iter 44 attempts 1 0.1s
[INFO] 			 - Running SMOPF, Network case9, 2035, Winter...
19:26:26 [W93 +    56.0s] solve   48                passive:perturbed:tso TSO|-|2035|Winter        ok iter 39 attempts 1 0.1s
19:26:26 [W116 +    56.4s] nrf_arm_passive_perturbed_r2: phase A Q = 895119758.7130497; NRF check: min p_int -9.144835776845793e-07 MW, strict reverse entries 35, at zero 35
[INFO] 			 - Running SMOPF, Network case33_1, 2025, Spring...
WARNING: model contains export suffix 'dual' that contains 2639 component keys
that are not exported as part of the NL file.  Skipping.
19:26:27 [W93 +    56.8s] solve   49             consistency:reevaluation DSO|5|2025|Spring        ok iter 3 attempts 1 0.2s
[INFO] 			 - Running SMOPF, Network case33_1, 2025, Summer...
WARNING: model contains export suffix 'dual' that contains 2639 component keys
that are not exported as part of the NL file.  Skipping.
19:26:27 [W93 +    57.3s] solve   50             consistency:reevaluation DSO|5|2025|Summer        ok iter 3 attempts 1 0.2s
[INFO] 			 - Running SMOPF, Network case33_1, 2025, Autumn...
WARNING: model contains export suffix 'dual' that contains 2603 component keys
that are not exported as part of the NL file.  Skipping.
19:26:28 [W93 +    57.7s] solve   51             consistency:reevaluation DSO|5|2025|Autumn        ok iter 3 attempts 1 0.2s
[INFO] 			 - Running SMOPF, Network case33_1, 2025, Winter...
WARNING: model contains export suffix 'dual' that contains 2603 component keys
that are not exported as part of the NL file.  Skipping.
19:26:28 [W93 +    58.1s] solve   52             consistency:reevaluation DSO|5|2025|Winter        ok iter 3 attempts 1 0.2s
[INFO] 			 - Running SMOPF, Network case33_1, 2030, Spring...
WARNING: model contains export suffix 'dual' that contains 2639 component keys
that are not exported as part of the NL file.  Skipping.
19:26:29 [W93 +    59.6s] solve   53             consistency:reevaluation DSO|5|2030|Spring        ok iter 3 attempts 1 1.1s
[INFO] 			 - Running SMOPF, Network case33_1, 2030, Summer...
WARNING: model contains export suffix 'dual' that contains 2639 component keys
that are not exported as part of the NL file.  Skipping.
19:26:30 [W93 +    60.0s] solve   54             consistency:reevaluation DSO|5|2030|Summer        ok iter 3 attempts 1 0.2s
[INFO] 			 - Running SMOPF, Network case33_1, 2030, Autumn...
WARNING: model contains export suffix 'dual' that contains 2603 component keys
that are not exported as part of the NL file.  Skipping.
19:26:30 [W93 +    60.4s] solve   55             consistency:reevaluation DSO|5|2030|Autumn        ok iter 3 attempts 1 0.2s
[INFO] 			 - Running SMOPF, Network case33_1, 2030, Winter...
WARNING: model contains export suffix 'dual' that contains 2603 component keys
that are not exported as part of the NL file.  Skipping.
19:26:31 [W93 +    60.9s] solve   56             consistency:reevaluation DSO|5|2030|Winter        ok iter 3 attempts 1 0.2s
[INFO] 			 - Running SMOPF, Network case33_1, 2035, Spring...
WARNING: model contains export suffix 'dual' that contains 2639 component keys
that are not exported as part of the NL file.  Skipping.
19:26:31 [W93 +    61.3s] solve   57             consistency:reevaluation DSO|5|2035|Spring        ok iter 3 attempts 1 0.2s
[INFO] 			 - Running SMOPF, Network case33_1, 2035, Summer...
WARNING: model contains export suffix 'dual' that contains 2639 component keys
that are not exported as part of the NL file.  Skipping.
19:26:32 [W93 +    61.8s] solve   58             consistency:reevaluation DSO|5|2035|Summer        ok iter 3 attempts 1 0.2s
[INFO] 			 - Running SMOPF, Network case33_1, 2035, Autumn...
WARNING: model contains export suffix 'dual' that contains 2603 component keys
that are not exported as part of the NL file.  Skipping.
19:26:32 [W93 +    62.2s] solve   59             consistency:reevaluation DSO|5|2035|Autumn        ok iter 3 attempts 1 0.2s
[INFO] 			 - Running SMOPF, Network case33_1, 2035, Winter...
WARNING: model contains export suffix 'dual' that contains 2603 component keys
that are not exported as part of the NL file.  Skipping.
19:26:32 [W93 +    62.7s] solve   60             consistency:reevaluation DSO|5|2035|Winter        ok iter 3 attempts 1 0.2s
[INFO] 			 - Running SMOPF, Network case33_2, 2025, Spring...
WARNING: model contains export suffix 'dual' that contains 2666 component keys
that are not exported as part of the NL file.  Skipping.
19:26:33 [W93 +    63.1s] solve   61             consistency:reevaluation DSO|7|2025|Spring        ok iter 3 attempts 1 0.2s
[INFO] 			 - Running SMOPF, Network case33_2, 2025, Summer...
WARNING: model contains export suffix 'dual' that contains 2666 component keys
that are not exported as part of the NL file.  Skipping.
19:26:33 [W93 +    63.6s] solve   62             consistency:reevaluation DSO|7|2025|Summer        ok iter 3 attempts 1 0.2s
[INFO] 			 - Running SMOPF, Network case33_2, 2025, Autumn...
WARNING: model contains export suffix 'dual' that contains 2642 component keys
that are not exported as part of the NL file.  Skipping.
19:26:35 [W93 +    65.4s] solve   63             consistency:reevaluation DSO|7|2025|Autumn        ok iter 3 attempts 1 1.5s
[INFO] 			 - Running SMOPF, Network case33_2, 2025, Winter...
WARNING: model contains export suffix 'dual' that contains 2642 component keys
that are not exported as part of the NL file.  Skipping.
19:26:36 [W93 +    65.8s] solve   64             consistency:reevaluation DSO|7|2025|Winter        ok iter 3 attempts 1 0.2s
[INFO] 			 - Running SMOPF, Network case33_2, 2030, Spring...
WARNING: model contains export suffix 'dual' that contains 2666 component keys
that are not exported as part of the NL file.  Skipping.
19:26:36 [W93 +    66.3s] solve   65             consistency:reevaluation DSO|7|2030|Spring        ok iter 3 attempts 1 0.2s
[INFO] 			 - Running SMOPF, Network case33_2, 2030, Summer...
WARNING: model contains export suffix 'dual' that contains 2666 component keys
that are not exported as part of the NL file.  Skipping.
19:26:36 [W93 +    66.7s] solve   66             consistency:reevaluation DSO|7|2030|Summer        ok iter 3 attempts 1 0.2s
[INFO] 			 - Running SMOPF, Network case33_2, 2030, Autumn...
WARNING: model contains export suffix 'dual' that contains 2642 component keys
that are not exported as part of the NL file.  Skipping.
19:26:37 [W93 +    67.1s] solve   67             consistency:reevaluation DSO|7|2030|Autumn        ok iter 3 attempts 1 0.2s
[INFO] 			 - Running SMOPF, Network case33_2, 2030, Winter...
WARNING: model contains export suffix 'dual' that contains 2642 component keys
that are not exported as part of the NL file.  Skipping.
19:26:37 [W93 +    67.6s] solve   68             consistency:reevaluation DSO|7|2030|Winter        ok iter 3 attempts 1 0.2s
[INFO] 			 - Running SMOPF, Network case33_2, 2035, Spring...
WARNING: model contains export suffix 'dual' that contains 2666 component keys
that are not exported as part of the NL file.  Skipping.
19:26:38 [W93 +    68.0s] solve   69             consistency:reevaluation DSO|7|2035|Spring        ok iter 3 attempts 1 0.2s
[INFO] 			 - Running SMOPF, Network case33_2, 2035, Summer...
WARNING: model contains export suffix 'dual' that contains 2666 component keys
that are not exported as part of the NL file.  Skipping.
19:26:38 [W93 +    68.5s] solve   70             consistency:reevaluation DSO|7|2035|Summer        ok iter 3 attempts 1 0.2s
[INFO] 			 - Running SMOPF, Network case33_2, 2035, Autumn...
WARNING: model contains export suffix 'dual' that contains 2642 component keys
that are not exported as part of the NL file.  Skipping.
19:26:39 [W93 +    68.9s] solve   71             consistency:reevaluation DSO|7|2035|Autumn        ok iter 3 attempts 1 0.2s
[INFO] 			 - Running SMOPF, Network case33_2, 2035, Winter...
WARNING: model contains export suffix 'dual' that contains 2642 component keys
that are not exported as part of the NL file.  Skipping.
19:26:40 [W93 +    70.6s] solve   72             consistency:reevaluation DSO|7|2035|Winter        ok iter 3 attempts 1 1.4s
[INFO] 			 - Running SMOPF, Network case33_3, 2025, Spring...
WARNING: model contains export suffix 'dual' that contains 2639 component keys
that are not exported as part of the NL file.  Skipping.
19:26:41 [W93 +    71.1s] solve   73             consistency:reevaluation DSO|9|2025|Spring        ok iter 3 attempts 1 0.2s
[INFO] 			 - Running SMOPF, Network case33_3, 2025, Summer...
WARNING: model contains export suffix 'dual' that contains 2639 component keys
that are not exported as part of the NL file.  Skipping.
19:26:41 [W93 +    71.5s] solve   74             consistency:reevaluation DSO|9|2025|Summer        ok iter 3 attempts 1 0.2s
[INFO] 			 - Running SMOPF, Network case33_3, 2025, Autumn...
WARNING: model contains export suffix 'dual' that contains 2603 component keys
that are not exported as part of the NL file.  Skipping.
19:26:42 [W93 +    71.9s] solve   75             consistency:reevaluation DSO|9|2025|Autumn        ok iter 3 attempts 1 0.2s
[INFO] 			 - Running SMOPF, Network case33_3, 2025, Winter...
WARNING: model contains export suffix 'dual' that contains 2603 component keys
that are not exported as part of the NL file.  Skipping.
19:26:42 [W93 +    72.4s] solve   76             consistency:reevaluation DSO|9|2025|Winter        ok iter 3 attempts 1 0.2s
[INFO] 			 - Running SMOPF, Network case33_3, 2030, Spring...
WARNING: model contains export suffix 'dual' that contains 2639 component keys
that are not exported as part of the NL file.  Skipping.
19:26:43 [W93 +    72.8s] solve   77             consistency:reevaluation DSO|9|2030|Spring        ok iter 3 attempts 1 0.2s
[INFO] 			 - Running SMOPF, Network case33_3, 2030, Summer...
WARNING: model contains export suffix 'dual' that contains 2639 component keys
that are not exported as part of the NL file.  Skipping.
19:26:43 [W93 +    73.3s] solve   78             consistency:reevaluation DSO|9|2030|Summer        ok iter 3 attempts 1 0.2s
[INFO] 			 - Running SMOPF, Network case33_3, 2030, Autumn...
WARNING: model contains export suffix 'dual' that contains 2603 component keys
that are not exported as part of the NL file.  Skipping.
19:26:44 [W93 +    73.7s] solve   79             consistency:reevaluation DSO|9|2030|Autumn        ok iter 3 attempts 1 0.2s
[INFO] 			 - Running SMOPF, Network case33_3, 2030, Winter...
WARNING: model contains export suffix 'dual' that contains 2603 component keys
that are not exported as part of the NL file.  Skipping.
19:26:44 [W93 +    74.1s] solve   80             consistency:reevaluation DSO|9|2030|Winter        ok iter 3 attempts 1 0.2s
[INFO] 			 - Running SMOPF, Network case33_3, 2035, Spring...
WARNING: model contains export suffix 'dual' that contains 2639 component keys
that are not exported as part of the NL file.  Skipping.
19:26:46 [W93 +    75.8s] solve   81             consistency:reevaluation DSO|9|2035|Spring        ok iter 3 attempts 1 1.4s
[INFO] 			 - Running SMOPF, Network case33_3, 2035, Summer...
WARNING: model contains export suffix 'dual' that contains 2639 component keys
that are not exported as part of the NL file.  Skipping.
19:26:46 [W93 +    76.3s] solve   82             consistency:reevaluation DSO|9|2035|Summer        ok iter 3 attempts 1 0.2s
[INFO] 			 - Running SMOPF, Network case33_3, 2035, Autumn...
WARNING: model contains export suffix 'dual' that contains 2603 component keys
that are not exported as part of the NL file.  Skipping.
19:26:47 [W93 +    76.7s] solve   83             consistency:reevaluation DSO|9|2035|Autumn        ok iter 3 attempts 1 0.2s
[INFO] 			 - Running SMOPF, Network case33_3, 2035, Winter...
WARNING: model contains export suffix 'dual' that contains 2603 component keys
that are not exported as part of the NL file.  Skipping.
19:26:47 [W93 +    77.2s] solve   84             consistency:reevaluation DSO|9|2035|Winter        ok iter 3 attempts 1 0.2s
[INFO] 			 - Running SMOPF, Network case33_1, 2025, Spring...
19:26:47 [W93 +    77.5s] solve   85                  sequential_pass:dso DSO|5|2025|Spring        ok iter 25 attempts 1 0.3s
[INFO] 			 - Running SMOPF, Network case33_1, 2025, Summer...
19:26:48 [W93 +    77.8s] solve   86                  sequential_pass:dso DSO|5|2025|Summer        ok iter 29 attempts 1 0.3s
[INFO] 			 - Running SMOPF, Network case33_1, 2025, Autumn...
19:26:48 [W93 +    78.1s] solve   87                  sequential_pass:dso DSO|5|2025|Autumn        ok iter 26 attempts 1 0.3s
[INFO] 			 - Running SMOPF, Network case33_1, 2025, Winter...
19:26:48 [W93 +    78.4s] solve   88                  sequential_pass:dso DSO|5|2025|Winter        ok iter 28 attempts 1 0.3s
[INFO] 			 - Running SMOPF, Network case33_1, 2030, Spring...
19:26:49 [W93 +    78.7s] solve   89                  sequential_pass:dso DSO|5|2030|Spring        ok iter 24 attempts 1 0.3s
[INFO] 			 - Running SMOPF, Network case33_1, 2030, Summer...
19:26:49 [W93 +    79.0s] solve   90                  sequential_pass:dso DSO|5|2030|Summer        ok iter 28 attempts 1 0.3s
[INFO] 			 - Running SMOPF, Network case33_1, 2030, Autumn...
19:26:49 [W93 +    79.3s] solve   91                  sequential_pass:dso DSO|5|2030|Autumn        ok iter 30 attempts 1 0.3s
[INFO] 			 - Running SMOPF, Network case33_1, 2030, Winter...
19:26:49 [W93 +    79.6s] solve   92                  sequential_pass:dso DSO|5|2030|Winter        ok iter 28 attempts 1 0.3s
[INFO] 			 - Running SMOPF, Network case33_1, 2035, Spring...
19:26:50 [W93 +    79.9s] solve   93                  sequential_pass:dso DSO|5|2035|Spring        ok iter 25 attempts 1 0.3s
[INFO] 			 - Running SMOPF, Network case33_1, 2035, Summer...
19:26:50 [W93 +    80.3s] solve   94                  sequential_pass:dso DSO|5|2035|Summer        ok iter 35 attempts 1 0.3s
[INFO] 			 - Running SMOPF, Network case33_1, 2035, Autumn...
19:26:50 [W93 +    80.6s] solve   95                  sequential_pass:dso DSO|5|2035|Autumn        ok iter 26 attempts 1 0.3s
[INFO] 			 - Running SMOPF, Network case33_1, 2035, Winter...
19:26:51 [W93 +    80.9s] solve   96                  sequential_pass:dso DSO|5|2035|Winter        ok iter 28 attempts 1 0.3s
[INFO] 			 - Running SMOPF, Network case33_2, 2025, Spring...
19:26:51 [W93 +    81.2s] solve   97                  sequential_pass:dso DSO|7|2025|Spring        ok iter 25 attempts 1 0.3s
[INFO] 			 - Running SMOPF, Network case33_2, 2025, Summer...
19:26:51 [W93 +    81.5s] solve   98                  sequential_pass:dso DSO|7|2025|Summer        ok iter 27 attempts 1 0.3s
[INFO] 			 - Running SMOPF, Network case33_2, 2025, Autumn...
19:26:52 [W93 +    81.8s] solve   99                  sequential_pass:dso DSO|7|2025|Autumn        ok iter 25 attempts 1 0.3s
[INFO] 			 - Running SMOPF, Network case33_2, 2025, Winter...
19:26:52 [W93 +    82.0s] solve  100                  sequential_pass:dso DSO|7|2025|Winter        ok iter 27 attempts 1 0.3s
[INFO] 			 - Running SMOPF, Network case33_2, 2030, Spring...
19:26:52 [W93 +    82.3s] solve  101                  sequential_pass:dso DSO|7|2030|Spring        ok iter 25 attempts 1 0.3s
[INFO] 			 - Running SMOPF, Network case33_2, 2030, Summer...
19:26:52 [W93 +    82.7s] solve  102                  sequential_pass:dso DSO|7|2030|Summer        ok iter 30 attempts 1 0.3s
[INFO] 			 - Running SMOPF, Network case33_2, 2030, Autumn...
19:26:53 [W93 +    83.0s] solve  103                  sequential_pass:dso DSO|7|2030|Autumn        ok iter 26 attempts 1 0.3s
[INFO] 			 - Running SMOPF, Network case33_2, 2030, Winter...
19:26:53 [W93 +    83.3s] solve  104                  sequential_pass:dso DSO|7|2030|Winter        ok iter 27 attempts 1 0.3s
[INFO] 			 - Running SMOPF, Network case33_2, 2035, Spring...
19:26:53 [W93 +    83.5s] solve  105                  sequential_pass:dso DSO|7|2035|Spring        ok iter 23 attempts 1 0.3s
[INFO] 			 - Running SMOPF, Network case33_2, 2035, Summer...
19:26:54 [W93 +    83.9s] solve  106                  sequential_pass:dso DSO|7|2035|Summer        ok iter 30 attempts 1 0.3s
[INFO] 			 - Running SMOPF, Network case33_2, 2035, Autumn...
19:26:54 [W93 +    84.1s] solve  107                  sequential_pass:dso DSO|7|2035|Autumn        ok iter 23 attempts 1 0.3s
[INFO] 			 - Running SMOPF, Network case33_2, 2035, Winter...
19:26:54 [W93 +    84.4s] solve  108                  sequential_pass:dso DSO|7|2035|Winter        ok iter 27 attempts 1 0.3s
[INFO] 			 - Running SMOPF, Network case33_3, 2025, Spring...
19:26:55 [W93 +    84.7s] solve  109                  sequential_pass:dso DSO|9|2025|Spring        ok iter 24 attempts 1 0.3s
[INFO] 			 - Running SMOPF, Network case33_3, 2025, Summer...
19:26:55 [W93 +    85.2s] solve  110                  sequential_pass:dso DSO|9|2025|Summer        ok iter 53 attempts 1 0.4s
[INFO] 			 - Running SMOPF, Network case33_3, 2025, Autumn...
19:26:55 [W93 +    85.5s] solve  111                  sequential_pass:dso DSO|9|2025|Autumn        ok iter 25 attempts 1 0.3s
[INFO] 			 - Running SMOPF, Network case33_3, 2025, Winter...
19:26:56 [W93 +    85.8s] solve  112                  sequential_pass:dso DSO|9|2025|Winter        ok iter 27 attempts 1 0.3s
[INFO] 			 - Running SMOPF, Network case33_3, 2030, Spring...
19:26:56 [W93 +    86.1s] solve  113                  sequential_pass:dso DSO|9|2030|Spring        ok iter 24 attempts 1 0.3s
[INFO] 			 - Running SMOPF, Network case33_3, 2030, Summer...
19:26:56 [W93 +    86.5s] solve  114                  sequential_pass:dso DSO|9|2030|Summer        ok iter 59 attempts 1 0.5s
[INFO] 			 - Running SMOPF, Network case33_3, 2030, Autumn...
19:26:57 [W93 +    86.8s] solve  115                  sequential_pass:dso DSO|9|2030|Autumn        ok iter 28 attempts 1 0.3s
[INFO] 			 - Running SMOPF, Network case33_3, 2030, Winter...
19:26:57 [W93 +    87.1s] solve  116                  sequential_pass:dso DSO|9|2030|Winter        ok iter 28 attempts 1 0.3s
[INFO] 			 - Running SMOPF, Network case33_3, 2035, Spring...
19:26:57 [W93 +    87.5s] solve  117                  sequential_pass:dso DSO|9|2035|Spring        ok iter 38 attempts 1 0.3s
[INFO] 			 - Running SMOPF, Network case33_3, 2035, Summer...
19:26:58 [W93 +    87.9s] solve  118                  sequential_pass:dso DSO|9|2035|Summer        ok iter 41 attempts 1 0.4s
[INFO] 			 - Running SMOPF, Network case33_3, 2035, Autumn...
19:26:58 [W93 +    88.2s] solve  119                  sequential_pass:dso DSO|9|2035|Autumn        ok iter 28 attempts 1 0.3s
[INFO] 			 - Running SMOPF, Network case33_3, 2035, Winter...
19:26:58 [W93 +    88.5s] solve  120                  sequential_pass:dso DSO|9|2035|Winter        ok iter 28 attempts 1 0.3s
[INFO] 			 - Running SMOPF, Network case9, 2025, Spring...
19:27:00 [W93 +    89.9s] solve  121                  sequential_pass:tso TSO|-|2025|Spring        ok iter 28 attempts 1 1.4s
[INFO] 			 - Running SMOPF, Network case9, 2025, Summer...
19:27:00 [W93 +    90.0s] solve  122                  sequential_pass:tso TSO|-|2025|Summer        ok iter 28 attempts 1 0.1s
[INFO] 			 - Running SMOPF, Network case9, 2025, Autumn...
19:27:00 [W93 +    90.1s] solve  123                  sequential_pass:tso TSO|-|2025|Autumn        ok iter 28 attempts 1 0.1s
[INFO] 			 - Running SMOPF, Network case9, 2025, Winter...
19:27:00 [W93 +    90.2s] solve  124                  sequential_pass:tso TSO|-|2025|Winter        ok iter 28 attempts 1 0.1s
[INFO] 			 - Running SMOPF, Network case9, 2030, Spring...
19:27:00 [W93 +    90.4s] solve  125                  sequential_pass:tso TSO|-|2030|Spring        ok iter 27 attempts 1 0.1s
[INFO] 			 - Running SMOPF, Network case9, 2030, Summer...
19:27:00 [W93 +    90.5s] solve  126                  sequential_pass:tso TSO|-|2030|Summer        ok iter 30 attempts 1 0.1s
[INFO] 			 - Running SMOPF, Network case9, 2030, Autumn...
19:27:00 [W93 +    90.6s] solve  127                  sequential_pass:tso TSO|-|2030|Autumn        ok iter 28 attempts 1 0.1s
[INFO] 			 - Running SMOPF, Network case9, 2030, Winter...
19:27:00 [W93 +    90.7s] solve  128                  sequential_pass:tso TSO|-|2030|Winter        ok iter 30 attempts 1 0.1s
[INFO] 			 - Running SMOPF, Network case9, 2035, Spring...
19:27:01 [W93 +    90.8s] solve  129                  sequential_pass:tso TSO|-|2035|Spring        ok iter 26 attempts 1 0.1s
[INFO] 			 - Running SMOPF, Network case9, 2035, Summer...
19:27:01 [W93 +    90.9s] solve  130                  sequential_pass:tso TSO|-|2035|Summer        ok iter 30 attempts 1 0.1s
[INFO] 			 - Running SMOPF, Network case9, 2035, Autumn...
19:27:01 [W93 +    91.1s] solve  131                  sequential_pass:tso TSO|-|2035|Autumn        ok iter 31 attempts 1 0.1s
[INFO] 			 - Running SMOPF, Network case9, 2035, Winter...
19:27:01 [W93 +    91.2s] solve  132                  sequential_pass:tso TSO|-|2035|Winter        ok iter 29 attempts 1 0.1s
19:27:02 [W116 +    91.7s] nrf_arm_passive_perturbed_r2: exit 0; guard counts {'permitted_solve': 132, 'permitted_exec': 132, 'blocked_solve': 0, 'blocked_exec': 0}
