19:27:14 [W116 +     0.1s] P5.15 Addendum 57 W116 -- uncoordinated benchmark spec v3: no-reverse-flow arms, the feasibility sweep of the unconstrained arms, the coordinated reverse-flow count; spec v4 (W119): per-block exact solve accounting of the NRF arm and tie-breaker stages; spec v5 (W121): the consistency re-evaluation admits the fixed reference voltage (setpoint bounds cleared), NRF arms and tie-breakers under _r2 run ids, the sweeps carried from W120 -- nrf_arm_price_taker_cold_r2 (permitted solve sites (('uncoordinated_benchmark.py', '_solve_block'),)); output data/SRP1/Results/P515S53/w116_benchmark_nrf/nrf_arm_price_taker_cold_r2
19:27:27 [W93 +    12.4s] unpickling data/SRP1/Results/P515S53/w101_srp1_continuation/campaign_s53_w101_srp1_cont_x0/evals/d110bd1a5977df1e_x0/certified_models.pkl (sha256 verified 99ab1070)
19:27:33 [W93 +    18.9s] unpickling data/SRP1/Results/P515S53/w101_srp1_continuation/campaign_s53_w101_srp1_cont_x0/evals/d110bd1a5977df1e_x0/esso_models_s39_D.pkl (sha256 verified 118487e1)
19:27:35 [W93 +    20.4s] capture-path checklist at nrf_arm_price_taker_cold_r2 (before any solve): 97 items, all True
[INFO] 			 - Running SMOPF, Network case33_1, 2025, Spring...
19:27:41 [W93 +    26.6s] solve    1                 price_taker:cold:dso DSO|5|2025|Spring        ok iter 43 attempts 1 0.4s
[INFO] 			 - Running SMOPF, Network case33_1, 2025, Summer...
19:27:41 [W93 +    27.0s] solve    2                 price_taker:cold:dso DSO|5|2025|Summer        ok iter 42 attempts 1 0.4s
[INFO] 			 - Running SMOPF, Network case33_1, 2025, Autumn...
19:27:42 [W93 +    27.4s] solve    3                 price_taker:cold:dso DSO|5|2025|Autumn        ok iter 40 attempts 1 0.4s
[INFO] 			 - Running SMOPF, Network case33_1, 2025, Winter...
19:27:42 [W93 +    27.8s] solve    4                 price_taker:cold:dso DSO|5|2025|Winter        ok iter 41 attempts 1 0.4s
[INFO] 			 - Running SMOPF, Network case33_1, 2030, Spring...
19:27:42 [W93 +    28.2s] solve    5                 price_taker:cold:dso DSO|5|2030|Spring        ok iter 44 attempts 1 0.4s
[INFO] 			 - Running SMOPF, Network case33_1, 2030, Summer...
19:27:43 [W93 +    28.6s] solve    6                 price_taker:cold:dso DSO|5|2030|Summer        ok iter 42 attempts 1 0.4s
[INFO] 			 - Running SMOPF, Network case33_1, 2030, Autumn...
19:27:43 [W93 +    29.0s] solve    7                 price_taker:cold:dso DSO|5|2030|Autumn        ok iter 39 attempts 1 0.4s
[INFO] 			 - Running SMOPF, Network case33_1, 2030, Winter...
19:27:44 [W93 +    29.4s] solve    8                 price_taker:cold:dso DSO|5|2030|Winter        ok iter 39 attempts 1 0.4s
[INFO] 			 - Running SMOPF, Network case33_1, 2035, Spring...
19:27:44 [W93 +    29.8s] solve    9                 price_taker:cold:dso DSO|5|2035|Spring        ok iter 44 attempts 1 0.4s
[INFO] 			 - Running SMOPF, Network case33_1, 2035, Summer...
19:27:44 [W93 +    30.2s] solve   10                 price_taker:cold:dso DSO|5|2035|Summer        ok iter 41 attempts 1 0.4s
[INFO] 			 - Running SMOPF, Network case33_1, 2035, Autumn...
19:27:45 [W93 +    30.6s] solve   11                 price_taker:cold:dso DSO|5|2035|Autumn        ok iter 43 attempts 1 0.4s
[INFO] 			 - Running SMOPF, Network case33_1, 2035, Winter...
19:27:45 [W93 +    31.0s] solve   12                 price_taker:cold:dso DSO|5|2035|Winter        ok iter 40 attempts 1 0.4s
[INFO] 			 - Running SMOPF, Network case33_2, 2025, Spring...
19:27:46 [W93 +    31.4s] solve   13                 price_taker:cold:dso DSO|7|2025|Spring        ok iter 46 attempts 1 0.4s
[INFO] 			 - Running SMOPF, Network case33_2, 2025, Summer...
19:27:46 [W93 +    31.8s] solve   14                 price_taker:cold:dso DSO|7|2025|Summer        ok iter 47 attempts 1 0.4s
[INFO] 			 - Running SMOPF, Network case33_2, 2025, Autumn...
19:27:46 [W93 +    32.2s] solve   15                 price_taker:cold:dso DSO|7|2025|Autumn        ok iter 41 attempts 1 0.4s
[INFO] 			 - Running SMOPF, Network case33_2, 2025, Winter...
19:27:47 [W93 +    32.6s] solve   16                 price_taker:cold:dso DSO|7|2025|Winter        ok iter 41 attempts 1 0.4s
[INFO] 			 - Running SMOPF, Network case33_2, 2030, Spring...
19:27:47 [W93 +    33.0s] solve   17                 price_taker:cold:dso DSO|7|2030|Spring        ok iter 47 attempts 1 0.4s
[INFO] 			 - Running SMOPF, Network case33_2, 2030, Summer...
19:27:48 [W93 +    33.5s] solve   18                 price_taker:cold:dso DSO|7|2030|Summer        ok iter 45 attempts 1 0.4s
[INFO] 			 - Running SMOPF, Network case33_2, 2030, Autumn...
19:27:48 [W93 +    33.8s] solve   19                 price_taker:cold:dso DSO|7|2030|Autumn        ok iter 38 attempts 1 0.4s
[INFO] 			 - Running SMOPF, Network case33_2, 2030, Winter...
19:27:48 [W93 +    34.2s] solve   20                 price_taker:cold:dso DSO|7|2030|Winter        ok iter 40 attempts 1 0.4s
[INFO] 			 - Running SMOPF, Network case33_2, 2035, Spring...
19:27:49 [W93 +    34.7s] solve   21                 price_taker:cold:dso DSO|7|2035|Spring        ok iter 49 attempts 1 0.4s
[INFO] 			 - Running SMOPF, Network case33_2, 2035, Summer...
19:27:49 [W93 +    35.1s] solve   22                 price_taker:cold:dso DSO|7|2035|Summer        ok iter 48 attempts 1 0.4s
[INFO] 			 - Running SMOPF, Network case33_2, 2035, Autumn...
19:27:50 [W93 +    35.5s] solve   23                 price_taker:cold:dso DSO|7|2035|Autumn        ok iter 42 attempts 1 0.4s
[INFO] 			 - Running SMOPF, Network case33_2, 2035, Winter...
19:27:50 [W93 +    35.9s] solve   24                 price_taker:cold:dso DSO|7|2035|Winter        ok iter 40 attempts 1 0.4s
[INFO] 			 - Running SMOPF, Network case33_3, 2025, Spring...
19:27:50 [W93 +    36.3s] solve   25                 price_taker:cold:dso DSO|9|2025|Spring        ok iter 44 attempts 1 0.4s
[INFO] 			 - Running SMOPF, Network case33_3, 2025, Summer...
19:27:51 [W93 +    36.7s] solve   26                 price_taker:cold:dso DSO|9|2025|Summer        ok iter 43 attempts 1 0.4s
[INFO] 			 - Running SMOPF, Network case33_3, 2025, Autumn...
19:27:51 [W93 +    37.1s] solve   27                 price_taker:cold:dso DSO|9|2025|Autumn        ok iter 39 attempts 1 0.4s
[INFO] 			 - Running SMOPF, Network case33_3, 2025, Winter...
19:27:52 [W93 +    37.5s] solve   28                 price_taker:cold:dso DSO|9|2025|Winter        ok iter 41 attempts 1 0.4s
[INFO] 			 - Running SMOPF, Network case33_3, 2030, Spring...
19:27:52 [W93 +    37.9s] solve   29                 price_taker:cold:dso DSO|9|2030|Spring        ok iter 49 attempts 1 0.4s
[INFO] 			 - Running SMOPF, Network case33_3, 2030, Summer...
19:27:53 [W93 +    39.0s] solve   30                 price_taker:cold:dso DSO|9|2030|Summer        ok iter 48 attempts 1 1.1s
[INFO] 			 - Running SMOPF, Network case33_3, 2030, Autumn...
19:27:54 [W93 +    39.4s] solve   31                 price_taker:cold:dso DSO|9|2030|Autumn        ok iter 36 attempts 1 0.4s
[INFO] 			 - Running SMOPF, Network case33_3, 2030, Winter...
19:27:54 [W93 +    39.8s] solve   32                 price_taker:cold:dso DSO|9|2030|Winter        ok iter 40 attempts 1 0.4s
[INFO] 			 - Running SMOPF, Network case33_3, 2035, Spring...
19:27:54 [W93 +    40.2s] solve   33                 price_taker:cold:dso DSO|9|2035|Spring        ok iter 45 attempts 1 0.4s
[INFO] 			 - Running SMOPF, Network case33_3, 2035, Summer...
19:27:55 [W93 +    40.6s] solve   34                 price_taker:cold:dso DSO|9|2035|Summer        ok iter 45 attempts 1 0.4s
[INFO] 			 - Running SMOPF, Network case33_3, 2035, Autumn...
19:27:55 [W93 +    41.0s] solve   35                 price_taker:cold:dso DSO|9|2035|Autumn        ok iter 44 attempts 1 0.4s
[INFO] 			 - Running SMOPF, Network case33_3, 2035, Winter...
19:27:56 [W93 +    41.4s] solve   36                 price_taker:cold:dso DSO|9|2035|Winter        ok iter 41 attempts 1 0.4s
[INFO] 			 - Running SMOPF, Network case9, 2025, Spring...
19:27:56 [W93 +    42.1s] solve   37                 price_taker:cold:tso TSO|-|2025|Spring        ok iter 33 attempts 1 0.1s
[INFO] 			 - Running SMOPF, Network case9, 2025, Summer...
19:27:56 [W93 +    42.2s] solve   38                 price_taker:cold:tso TSO|-|2025|Summer        ok iter 40 attempts 1 0.1s
[INFO] 			 - Running SMOPF, Network case9, 2025, Autumn...
19:27:56 [W93 +    42.3s] solve   39                 price_taker:cold:tso TSO|-|2025|Autumn        ok iter 32 attempts 1 0.1s
[INFO] 			 - Running SMOPF, Network case9, 2025, Winter...
19:27:57 [W93 +    42.4s] solve   40                 price_taker:cold:tso TSO|-|2025|Winter        ok iter 28 attempts 1 0.1s
[INFO] 			 - Running SMOPF, Network case9, 2030, Spring...
19:27:57 [W93 +    42.6s] solve   41                 price_taker:cold:tso TSO|-|2030|Spring        ok iter 39 attempts 1 0.1s
[INFO] 			 - Running SMOPF, Network case9, 2030, Summer...
19:27:57 [W93 +    42.7s] solve   42                 price_taker:cold:tso TSO|-|2030|Summer        ok iter 35 attempts 1 0.1s
[INFO] 			 - Running SMOPF, Network case9, 2030, Autumn...
19:27:57 [W93 +    42.8s] solve   43                 price_taker:cold:tso TSO|-|2030|Autumn        ok iter 32 attempts 1 0.1s
[INFO] 			 - Running SMOPF, Network case9, 2030, Winter...
19:27:57 [W93 +    42.9s] solve   44                 price_taker:cold:tso TSO|-|2030|Winter        ok iter 32 attempts 1 0.1s
[INFO] 			 - Running SMOPF, Network case9, 2035, Spring...
19:27:57 [W93 +    43.0s] solve   45                 price_taker:cold:tso TSO|-|2035|Spring        ok iter 39 attempts 1 0.1s
[INFO] 			 - Running SMOPF, Network case9, 2035, Summer...
19:27:57 [W93 +    43.2s] solve   46                 price_taker:cold:tso TSO|-|2035|Summer        ok iter 42 attempts 1 0.1s
[INFO] 			 - Running SMOPF, Network case9, 2035, Autumn...
19:27:57 [W93 +    43.3s] solve   47                 price_taker:cold:tso TSO|-|2035|Autumn        ok iter 39 attempts 1 0.1s
[INFO] 			 - Running SMOPF, Network case9, 2035, Winter...
19:27:58 [W93 +    43.4s] solve   48                 price_taker:cold:tso TSO|-|2035|Winter        ok iter 29 attempts 1 0.1s
19:27:58 [W116 +    43.8s] nrf_arm_price_taker_cold_r2: phase A Q = 744770076.4953755; NRF check: min p_int -9.985054715661986e-07 MW, strict reverse entries 93, at zero 94
[INFO] 			 - Running SMOPF, Network case33_1, 2025, Spring...
WARNING: model contains export suffix 'dual' that contains 2639 component keys
that are not exported as part of the NL file.  Skipping.
19:27:58 [W93 +    44.3s] solve   49             consistency:reevaluation DSO|5|2025|Spring        ok iter 3 attempts 1 0.2s
[INFO] 			 - Running SMOPF, Network case33_1, 2025, Summer...
WARNING: model contains export suffix 'dual' that contains 2639 component keys
that are not exported as part of the NL file.  Skipping.
19:27:59 [W93 +    44.7s] solve   50             consistency:reevaluation DSO|5|2025|Summer        ok iter 3 attempts 1 0.2s
[INFO] 			 - Running SMOPF, Network case33_1, 2025, Autumn...
WARNING: model contains export suffix 'dual' that contains 2603 component keys
that are not exported as part of the NL file.  Skipping.
19:28:00 [W93 +    46.0s] solve   51             consistency:reevaluation DSO|5|2025|Autumn        ok iter 3 attempts 1 1.0s
[INFO] 			 - Running SMOPF, Network case33_1, 2025, Winter...
WARNING: model contains export suffix 'dual' that contains 2603 component keys
that are not exported as part of the NL file.  Skipping.
19:28:01 [W93 +    46.5s] solve   52             consistency:reevaluation DSO|5|2025|Winter        ok iter 3 attempts 1 0.2s
[INFO] 			 - Running SMOPF, Network case33_1, 2030, Spring...
WARNING: model contains export suffix 'dual' that contains 2639 component keys
that are not exported as part of the NL file.  Skipping.
19:28:01 [W93 +    46.9s] solve   53             consistency:reevaluation DSO|5|2030|Spring        ok iter 3 attempts 1 0.2s
[INFO] 			 - Running SMOPF, Network case33_1, 2030, Summer...
WARNING: model contains export suffix 'dual' that contains 2639 component keys
that are not exported as part of the NL file.  Skipping.
19:28:02 [W93 +    47.4s] solve   54             consistency:reevaluation DSO|5|2030|Summer        ok iter 3 attempts 1 0.2s
[INFO] 			 - Running SMOPF, Network case33_1, 2030, Autumn...
WARNING: model contains export suffix 'dual' that contains 2603 component keys
that are not exported as part of the NL file.  Skipping.
19:28:02 [W93 +    47.8s] solve   55             consistency:reevaluation DSO|5|2030|Autumn        ok iter 3 attempts 1 0.2s
[INFO] 			 - Running SMOPF, Network case33_1, 2030, Winter...
WARNING: model contains export suffix 'dual' that contains 2603 component keys
that are not exported as part of the NL file.  Skipping.
19:28:02 [W93 +    48.3s] solve   56             consistency:reevaluation DSO|5|2030|Winter        ok iter 3 attempts 1 0.2s
[INFO] 			 - Running SMOPF, Network case33_1, 2035, Spring...
WARNING: model contains export suffix 'dual' that contains 2639 component keys
that are not exported as part of the NL file.  Skipping.
19:28:03 [W93 +    48.8s] solve   57             consistency:reevaluation DSO|5|2035|Spring        ok iter 3 attempts 1 0.2s
[INFO] 			 - Running SMOPF, Network case33_1, 2035, Summer...
WARNING: model contains export suffix 'dual' that contains 2639 component keys
that are not exported as part of the NL file.  Skipping.
19:28:03 [W93 +    49.2s] solve   58             consistency:reevaluation DSO|5|2035|Summer        ok iter 3 attempts 1 0.2s
[INFO] 			 - Running SMOPF, Network case33_1, 2035, Autumn...
WARNING: model contains export suffix 'dual' that contains 2603 component keys
that are not exported as part of the NL file.  Skipping.
19:28:04 [W93 +    49.7s] solve   59             consistency:reevaluation DSO|5|2035|Autumn        ok iter 3 attempts 1 0.2s
[INFO] 			 - Running SMOPF, Network case33_1, 2035, Winter...
WARNING: model contains export suffix 'dual' that contains 2603 component keys
that are not exported as part of the NL file.  Skipping.
19:28:06 [W93 +    51.4s] solve   60             consistency:reevaluation DSO|5|2035|Winter        ok iter 3 attempts 1 1.4s
[INFO] 			 - Running SMOPF, Network case33_2, 2025, Spring...
WARNING: model contains export suffix 'dual' that contains 2666 component keys
that are not exported as part of the NL file.  Skipping.
19:28:06 [W93 +    51.9s] solve   61             consistency:reevaluation DSO|7|2025|Spring        ok iter 3 attempts 1 0.2s
[INFO] 			 - Running SMOPF, Network case33_2, 2025, Summer...
WARNING: model contains export suffix 'dual' that contains 2666 component keys
that are not exported as part of the NL file.  Skipping.
19:28:06 [W93 +    52.3s] solve   62             consistency:reevaluation DSO|7|2025|Summer        ok iter 3 attempts 1 0.2s
[INFO] 			 - Running SMOPF, Network case33_2, 2025, Autumn...
WARNING: model contains export suffix 'dual' that contains 2642 component keys
that are not exported as part of the NL file.  Skipping.
19:28:07 [W93 +    52.8s] solve   63             consistency:reevaluation DSO|7|2025|Autumn        ok iter 3 attempts 1 0.2s
[INFO] 			 - Running SMOPF, Network case33_2, 2025, Winter...
WARNING: model contains export suffix 'dual' that contains 2642 component keys
that are not exported as part of the NL file.  Skipping.
19:28:07 [W93 +    53.2s] solve   64             consistency:reevaluation DSO|7|2025|Winter        ok iter 3 attempts 1 0.2s
[INFO] 			 - Running SMOPF, Network case33_2, 2030, Spring...
WARNING: model contains export suffix 'dual' that contains 2666 component keys
that are not exported as part of the NL file.  Skipping.
19:28:08 [W93 +    53.7s] solve   65             consistency:reevaluation DSO|7|2030|Spring        ok iter 3 attempts 1 0.2s
[INFO] 			 - Running SMOPF, Network case33_2, 2030, Summer...
WARNING: model contains export suffix 'dual' that contains 2666 component keys
that are not exported as part of the NL file.  Skipping.
19:28:08 [W93 +    54.1s] solve   66             consistency:reevaluation DSO|7|2030|Summer        ok iter 3 attempts 1 0.2s
[INFO] 			 - Running SMOPF, Network case33_2, 2030, Autumn...
WARNING: model contains export suffix 'dual' that contains 2642 component keys
that are not exported as part of the NL file.  Skipping.
19:28:09 [W93 +    54.6s] solve   67             consistency:reevaluation DSO|7|2030|Autumn        ok iter 3 attempts 1 0.2s
[INFO] 			 - Running SMOPF, Network case33_2, 2030, Winter...
WARNING: model contains export suffix 'dual' that contains 2642 component keys
that are not exported as part of the NL file.  Skipping.
19:28:09 [W93 +    55.1s] solve   68             consistency:reevaluation DSO|7|2030|Winter        ok iter 3 attempts 1 0.2s
[INFO] 			 - Running SMOPF, Network case33_2, 2035, Spring...
WARNING: model contains export suffix 'dual' that contains 2666 component keys
that are not exported as part of the NL file.  Skipping.
19:28:10 [W93 +    55.5s] solve   69             consistency:reevaluation DSO|7|2035|Spring        ok iter 3 attempts 1 0.2s
[INFO] 			 - Running SMOPF, Network case33_2, 2035, Summer...
WARNING: model contains export suffix 'dual' that contains 2666 component keys
that are not exported as part of the NL file.  Skipping.
19:28:11 [W93 +    57.3s] solve   70             consistency:reevaluation DSO|7|2035|Summer        ok iter 3 attempts 1 1.5s
[INFO] 			 - Running SMOPF, Network case33_2, 2035, Autumn...
WARNING: model contains export suffix 'dual' that contains 2642 component keys
that are not exported as part of the NL file.  Skipping.
19:28:12 [W93 +    57.8s] solve   71             consistency:reevaluation DSO|7|2035|Autumn        ok iter 3 attempts 1 0.2s
[INFO] 			 - Running SMOPF, Network case33_2, 2035, Winter...
WARNING: model contains export suffix 'dual' that contains 2642 component keys
that are not exported as part of the NL file.  Skipping.
19:28:12 [W93 +    58.3s] solve   72             consistency:reevaluation DSO|7|2035|Winter        ok iter 3 attempts 1 0.2s
[INFO] 			 - Running SMOPF, Network case33_3, 2025, Spring...
WARNING: model contains export suffix 'dual' that contains 2639 component keys
that are not exported as part of the NL file.  Skipping.
19:28:13 [W93 +    58.7s] solve   73             consistency:reevaluation DSO|9|2025|Spring        ok iter 3 attempts 1 0.2s
[INFO] 			 - Running SMOPF, Network case33_3, 2025, Summer...
WARNING: model contains export suffix 'dual' that contains 2639 component keys
that are not exported as part of the NL file.  Skipping.
19:28:13 [W93 +    59.2s] solve   74             consistency:reevaluation DSO|9|2025|Summer        ok iter 3 attempts 1 0.2s
[INFO] 			 - Running SMOPF, Network case33_3, 2025, Autumn...
WARNING: model contains export suffix 'dual' that contains 2603 component keys
that are not exported as part of the NL file.  Skipping.
19:28:14 [W93 +    59.6s] solve   75             consistency:reevaluation DSO|9|2025|Autumn        ok iter 3 attempts 1 0.2s
[INFO] 			 - Running SMOPF, Network case33_3, 2025, Winter...
WARNING: model contains export suffix 'dual' that contains 2603 component keys
that are not exported as part of the NL file.  Skipping.
19:28:14 [W93 +    60.1s] solve   76             consistency:reevaluation DSO|9|2025|Winter        ok iter 3 attempts 1 0.2s
[INFO] 			 - Running SMOPF, Network case33_3, 2030, Spring...
WARNING: model contains export suffix 'dual' that contains 2639 component keys
that are not exported as part of the NL file.  Skipping.
19:28:15 [W93 +    60.6s] solve   77             consistency:reevaluation DSO|9|2030|Spring        ok iter 3 attempts 1 0.2s
[INFO] 			 - Running SMOPF, Network case33_3, 2030, Summer...
WARNING: model contains export suffix 'dual' that contains 2639 component keys
that are not exported as part of the NL file.  Skipping.
19:28:15 [W93 +    61.0s] solve   78             consistency:reevaluation DSO|9|2030|Summer        ok iter 3 attempts 1 0.2s
[INFO] 			 - Running SMOPF, Network case33_3, 2030, Autumn...
WARNING: model contains export suffix 'dual' that contains 2603 component keys
that are not exported as part of the NL file.  Skipping.
19:28:16 [W93 +    61.5s] solve   79             consistency:reevaluation DSO|9|2030|Autumn        ok iter 3 attempts 1 0.2s
[INFO] 			 - Running SMOPF, Network case33_3, 2030, Winter...
WARNING: model contains export suffix 'dual' that contains 2603 component keys
that are not exported as part of the NL file.  Skipping.
19:28:17 [W93 +    63.3s] solve   80             consistency:reevaluation DSO|9|2030|Winter        ok iter 3 attempts 1 1.6s
[INFO] 			 - Running SMOPF, Network case33_3, 2035, Spring...
WARNING: model contains export suffix 'dual' that contains 2639 component keys
that are not exported as part of the NL file.  Skipping.
19:28:18 [W93 +    63.8s] solve   81             consistency:reevaluation DSO|9|2035|Spring        ok iter 3 attempts 1 0.2s
[INFO] 			 - Running SMOPF, Network case33_3, 2035, Summer...
WARNING: model contains export suffix 'dual' that contains 2639 component keys
that are not exported as part of the NL file.  Skipping.
19:28:18 [W93 +    64.2s] solve   82             consistency:reevaluation DSO|9|2035|Summer        ok iter 3 attempts 1 0.2s
[INFO] 			 - Running SMOPF, Network case33_3, 2035, Autumn...
WARNING: model contains export suffix 'dual' that contains 2603 component keys
that are not exported as part of the NL file.  Skipping.
19:28:19 [W93 +    64.7s] solve   83             consistency:reevaluation DSO|9|2035|Autumn        ok iter 3 attempts 1 0.2s
[INFO] 			 - Running SMOPF, Network case33_3, 2035, Winter...
WARNING: model contains export suffix 'dual' that contains 2603 component keys
that are not exported as part of the NL file.  Skipping.
19:28:19 [W93 +    65.1s] solve   84             consistency:reevaluation DSO|9|2035|Winter        ok iter 3 attempts 1 0.2s
[INFO] 			 - Running SMOPF, Network case33_1, 2025, Spring...
19:28:20 [W93 +    65.6s] solve   85                  sequential_pass:dso DSO|5|2025|Spring        ok iter 45 attempts 1 0.4s
[INFO] 			 - Running SMOPF, Network case33_1, 2025, Summer...
19:28:20 [W93 +    66.0s] solve   86                  sequential_pass:dso DSO|5|2025|Summer        ok iter 43 attempts 1 0.4s
[INFO] 			 - Running SMOPF, Network case33_1, 2025, Autumn...
19:28:21 [W93 +    66.4s] solve   87                  sequential_pass:dso DSO|5|2025|Autumn        ok iter 40 attempts 1 0.4s
[INFO] 			 - Running SMOPF, Network case33_1, 2025, Winter...
19:28:21 [W93 +    66.9s] solve   88                  sequential_pass:dso DSO|5|2025|Winter        ok iter 43 attempts 1 0.4s
[INFO] 			 - Running SMOPF, Network case33_1, 2030, Spring...
19:28:21 [W93 +    67.3s] solve   89                  sequential_pass:dso DSO|5|2030|Spring        ok iter 47 attempts 1 0.4s
[INFO] 			 - Running SMOPF, Network case33_1, 2030, Summer...
19:28:22 [W93 +    67.7s] solve   90                  sequential_pass:dso DSO|5|2030|Summer        ok iter 45 attempts 1 0.4s
[INFO] 			 - Running SMOPF, Network case33_1, 2030, Autumn...
19:28:22 [W93 +    68.1s] solve   91                  sequential_pass:dso DSO|5|2030|Autumn        ok iter 40 attempts 1 0.4s
[INFO] 			 - Running SMOPF, Network case33_1, 2030, Winter...
19:28:23 [W93 +    68.6s] solve   92                  sequential_pass:dso DSO|5|2030|Winter        ok iter 43 attempts 1 0.4s
[INFO] 			 - Running SMOPF, Network case33_1, 2035, Spring...
19:28:23 [W93 +    69.0s] solve   93                  sequential_pass:dso DSO|5|2035|Spring        ok iter 46 attempts 1 0.4s
[INFO] 			 - Running SMOPF, Network case33_1, 2035, Summer...
19:28:24 [W93 +    69.4s] solve   94                  sequential_pass:dso DSO|5|2035|Summer        ok iter 44 attempts 1 0.4s
[INFO] 			 - Running SMOPF, Network case33_1, 2035, Autumn...
19:28:24 [W93 +    69.9s] solve   95                  sequential_pass:dso DSO|5|2035|Autumn        ok iter 46 attempts 1 0.4s
[INFO] 			 - Running SMOPF, Network case33_1, 2035, Winter...
19:28:24 [W93 +    70.3s] solve   96                  sequential_pass:dso DSO|5|2035|Winter        ok iter 43 attempts 1 0.4s
[INFO] 			 - Running SMOPF, Network case33_2, 2025, Spring...
19:28:25 [W93 +    70.7s] solve   97                  sequential_pass:dso DSO|7|2025|Spring        ok iter 51 attempts 1 0.5s
[INFO] 			 - Running SMOPF, Network case33_2, 2025, Summer...
19:28:25 [W93 +    71.2s] solve   98                  sequential_pass:dso DSO|7|2025|Summer        ok iter 49 attempts 1 0.4s
[INFO] 			 - Running SMOPF, Network case33_2, 2025, Autumn...
19:28:26 [W93 +    71.6s] solve   99                  sequential_pass:dso DSO|7|2025|Autumn        ok iter 42 attempts 1 0.4s
[INFO] 			 - Running SMOPF, Network case33_2, 2025, Winter...
19:28:26 [W93 +    72.0s] solve  100                  sequential_pass:dso DSO|7|2025|Winter        ok iter 42 attempts 1 0.4s
[INFO] 			 - Running SMOPF, Network case33_2, 2030, Spring...
19:28:27 [W93 +    72.5s] solve  101                  sequential_pass:dso DSO|7|2030|Spring        ok iter 53 attempts 1 0.5s
[INFO] 			 - Running SMOPF, Network case33_2, 2030, Summer...
19:28:27 [W93 +    72.9s] solve  102                  sequential_pass:dso DSO|7|2030|Summer        ok iter 50 attempts 1 0.5s
[INFO] 			 - Running SMOPF, Network case33_2, 2030, Autumn...
19:28:27 [W93 +    73.3s] solve  103                  sequential_pass:dso DSO|7|2030|Autumn        ok iter 40 attempts 1 0.4s
[INFO] 			 - Running SMOPF, Network case33_2, 2030, Winter...
19:28:28 [W93 +    73.8s] solve  104                  sequential_pass:dso DSO|7|2030|Winter        ok iter 45 attempts 1 0.4s
[INFO] 			 - Running SMOPF, Network case33_2, 2035, Spring...
19:28:28 [W93 +    74.2s] solve  105                  sequential_pass:dso DSO|7|2035|Spring        ok iter 49 attempts 1 0.5s
[INFO] 			 - Running SMOPF, Network case33_2, 2035, Summer...
19:28:29 [W93 +    74.7s] solve  106                  sequential_pass:dso DSO|7|2035|Summer        ok iter 51 attempts 1 0.5s
[INFO] 			 - Running SMOPF, Network case33_2, 2035, Autumn...
19:28:29 [W93 +    75.1s] solve  107                  sequential_pass:dso DSO|7|2035|Autumn        ok iter 47 attempts 1 0.4s
[INFO] 			 - Running SMOPF, Network case33_2, 2035, Winter...
19:28:31 [W93 +    76.6s] solve  108                  sequential_pass:dso DSO|7|2035|Winter        ok iter 41 attempts 1 1.4s
[INFO] 			 - Running SMOPF, Network case33_3, 2025, Spring...
19:28:31 [W93 +    77.0s] solve  109                  sequential_pass:dso DSO|9|2025|Spring        ok iter 48 attempts 1 0.4s
[INFO] 			 - Running SMOPF, Network case33_3, 2025, Summer...
19:28:32 [W93 +    77.5s] solve  110                  sequential_pass:dso DSO|9|2025|Summer        ok iter 45 attempts 1 0.4s
[INFO] 			 - Running SMOPF, Network case33_3, 2025, Autumn...
19:28:32 [W93 +    77.9s] solve  111                  sequential_pass:dso DSO|9|2025|Autumn        ok iter 44 attempts 1 0.4s
[INFO] 			 - Running SMOPF, Network case33_3, 2025, Winter...
19:28:33 [W93 +    78.4s] solve  112                  sequential_pass:dso DSO|9|2025|Winter        ok iter 43 attempts 1 0.4s
[INFO] 			 - Running SMOPF, Network case33_3, 2030, Spring...
19:28:33 [W93 +    78.8s] solve  113                  sequential_pass:dso DSO|9|2030|Spring        ok iter 49 attempts 1 0.5s
[INFO] 			 - Running SMOPF, Network case33_3, 2030, Summer...
19:28:33 [W93 +    79.3s] solve  114                  sequential_pass:dso DSO|9|2030|Summer        ok iter 50 attempts 1 0.5s
[INFO] 			 - Running SMOPF, Network case33_3, 2030, Autumn...
19:28:34 [W93 +    79.7s] solve  115                  sequential_pass:dso DSO|9|2030|Autumn        ok iter 38 attempts 1 0.4s
[INFO] 			 - Running SMOPF, Network case33_3, 2030, Winter...
19:28:34 [W93 +    80.1s] solve  116                  sequential_pass:dso DSO|9|2030|Winter        ok iter 43 attempts 1 0.4s
[INFO] 			 - Running SMOPF, Network case33_3, 2035, Spring...
19:28:35 [W93 +    80.5s] solve  117                  sequential_pass:dso DSO|9|2035|Spring        ok iter 47 attempts 1 0.4s
[INFO] 			 - Running SMOPF, Network case33_3, 2035, Summer...
19:28:35 [W93 +    81.0s] solve  118                  sequential_pass:dso DSO|9|2035|Summer        ok iter 48 attempts 1 0.4s
[INFO] 			 - Running SMOPF, Network case33_3, 2035, Autumn...
19:28:36 [W93 +    81.4s] solve  119                  sequential_pass:dso DSO|9|2035|Autumn        ok iter 45 attempts 1 0.4s
[INFO] 			 - Running SMOPF, Network case33_3, 2035, Winter...
19:28:36 [W93 +    81.8s] solve  120                  sequential_pass:dso DSO|9|2035|Winter        ok iter 44 attempts 1 0.4s
[INFO] 			 - Running SMOPF, Network case9, 2025, Spring...
19:28:36 [W93 +    82.0s] solve  121                  sequential_pass:tso TSO|-|2025|Spring        ok iter 27 attempts 1 0.1s
[INFO] 			 - Running SMOPF, Network case9, 2025, Summer...
19:28:36 [W93 +    82.1s] solve  122                  sequential_pass:tso TSO|-|2025|Summer        ok iter 31 attempts 1 0.1s
[INFO] 			 - Running SMOPF, Network case9, 2025, Autumn...
19:28:36 [W93 +    82.2s] solve  123                  sequential_pass:tso TSO|-|2025|Autumn        ok iter 28 attempts 1 0.1s
[INFO] 			 - Running SMOPF, Network case9, 2025, Winter...
19:28:36 [W93 +    82.3s] solve  124                  sequential_pass:tso TSO|-|2025|Winter        ok iter 28 attempts 1 0.1s
[INFO] 			 - Running SMOPF, Network case9, 2030, Spring...
19:28:37 [W93 +    82.4s] solve  125                  sequential_pass:tso TSO|-|2030|Spring        ok iter 27 attempts 1 0.1s
[INFO] 			 - Running SMOPF, Network case9, 2030, Summer...
19:28:37 [W93 +    82.6s] solve  126                  sequential_pass:tso TSO|-|2030|Summer        ok iter 31 attempts 1 0.1s
[INFO] 			 - Running SMOPF, Network case9, 2030, Autumn...
19:28:37 [W93 +    82.7s] solve  127                  sequential_pass:tso TSO|-|2030|Autumn        ok iter 27 attempts 1 0.1s
[INFO] 			 - Running SMOPF, Network case9, 2030, Winter...
19:28:37 [W93 +    82.8s] solve  128                  sequential_pass:tso TSO|-|2030|Winter        ok iter 29 attempts 1 0.1s
[INFO] 			 - Running SMOPF, Network case9, 2035, Spring...
19:28:37 [W93 +    82.9s] solve  129                  sequential_pass:tso TSO|-|2035|Spring        ok iter 27 attempts 1 0.1s
[INFO] 			 - Running SMOPF, Network case9, 2035, Summer...
19:28:37 [W93 +    83.0s] solve  130                  sequential_pass:tso TSO|-|2035|Summer        ok iter 32 attempts 1 0.1s
[INFO] 			 - Running SMOPF, Network case9, 2035, Autumn...
19:28:37 [W93 +    83.2s] solve  131                  sequential_pass:tso TSO|-|2035|Autumn        ok iter 31 attempts 1 0.1s
[INFO] 			 - Running SMOPF, Network case9, 2035, Winter...
19:28:37 [W93 +    83.3s] solve  132                  sequential_pass:tso TSO|-|2035|Winter        ok iter 29 attempts 1 0.1s
19:28:38 [W116 +    84.2s] nrf_arm_price_taker_cold_r2: exit 0; guard counts {'permitted_solve': 132, 'permitted_exec': 132, 'blocked_solve': 0, 'blocked_exec': 0}
