18:30:23 [W116 +     0.2s] P5.15 Addendum 57 W116 -- uncoordinated benchmark spec v3: no-reverse-flow arms, the feasibility sweep of the unconstrained arms, the coordinated reverse-flow count; spec v4 (W119): per-block exact solve accounting of the NRF arm and tie-breaker stages -- nrf_arm_passive_cold (permitted solve sites (('uncoordinated_benchmark.py', '_solve_block'),)); output data/SRP1/Results/P515S53/w116_benchmark_nrf/nrf_arm_passive_cold
18:30:37 [W93 +    13.6s] unpickling data/SRP1/Results/P515S53/w101_srp1_continuation/campaign_s53_w101_srp1_cont_x0/evals/d110bd1a5977df1e_x0/certified_models.pkl (sha256 verified 99ab1070)
18:30:44 [W93 +    20.6s] unpickling data/SRP1/Results/P515S53/w101_srp1_continuation/campaign_s53_w101_srp1_cont_x0/evals/d110bd1a5977df1e_x0/esso_models_s39_D.pkl (sha256 verified 118487e1)
18:30:45 [W93 +    22.2s] capture-path checklist at nrf_arm_passive_cold (before any solve): 97 items, all True
[INFO] 			 - Running SMOPF, Network case33_1, 2025, Spring...
18:30:53 [W93 +    29.6s] solve    1                     passive:cold:dso DSO|5|2025|Spring        ok iter 26 attempts 1 0.3s
[INFO] 			 - Running SMOPF, Network case33_1, 2025, Summer...
18:30:53 [W93 +    29.9s] solve    2                     passive:cold:dso DSO|5|2025|Summer        ok iter 29 attempts 1 0.3s
[INFO] 			 - Running SMOPF, Network case33_1, 2025, Autumn...
18:30:54 [W93 +    30.2s] solve    3                     passive:cold:dso DSO|5|2025|Autumn        ok iter 29 attempts 1 0.3s
[INFO] 			 - Running SMOPF, Network case33_1, 2025, Winter...
18:30:54 [W93 +    30.5s] solve    4                     passive:cold:dso DSO|5|2025|Winter        ok iter 28 attempts 1 0.3s
[INFO] 			 - Running SMOPF, Network case33_1, 2030, Spring...
18:30:54 [W93 +    30.8s] solve    5                     passive:cold:dso DSO|5|2030|Spring        ok iter 22 attempts 1 0.3s
[INFO] 			 - Running SMOPF, Network case33_1, 2030, Summer...
18:30:54 [W93 +    31.1s] solve    6                     passive:cold:dso DSO|5|2030|Summer        ok iter 28 attempts 1 0.3s
[INFO] 			 - Running SMOPF, Network case33_1, 2030, Autumn...
18:30:55 [W93 +    31.5s] solve    7                     passive:cold:dso DSO|5|2030|Autumn        ok iter 31 attempts 1 0.3s
[INFO] 			 - Running SMOPF, Network case33_1, 2030, Winter...
18:30:55 [W93 +    31.8s] solve    8                     passive:cold:dso DSO|5|2030|Winter        ok iter 28 attempts 1 0.3s
[INFO] 			 - Running SMOPF, Network case33_1, 2035, Spring...
18:30:55 [W93 +    32.1s] solve    9                     passive:cold:dso DSO|5|2035|Spring        ok iter 24 attempts 1 0.3s
[INFO] 			 - Running SMOPF, Network case33_1, 2035, Summer...
18:30:56 [W93 +    32.5s] solve   10                     passive:cold:dso DSO|5|2035|Summer        ok iter 35 attempts 1 0.4s
[INFO] 			 - Running SMOPF, Network case33_1, 2035, Autumn...
18:30:56 [W93 +    32.8s] solve   11                     passive:cold:dso DSO|5|2035|Autumn        ok iter 26 attempts 1 0.3s
[INFO] 			 - Running SMOPF, Network case33_1, 2035, Winter...
18:30:56 [W93 +    33.1s] solve   12                     passive:cold:dso DSO|5|2035|Winter        ok iter 29 attempts 1 0.3s
[INFO] 			 - Running SMOPF, Network case33_2, 2025, Spring...
18:30:57 [W93 +    33.4s] solve   13                     passive:cold:dso DSO|7|2025|Spring        ok iter 23 attempts 1 0.3s
[INFO] 			 - Running SMOPF, Network case33_2, 2025, Summer...
18:30:57 [W93 +    33.7s] solve   14                     passive:cold:dso DSO|7|2025|Summer        ok iter 28 attempts 1 0.3s
[INFO] 			 - Running SMOPF, Network case33_2, 2025, Autumn...
18:30:57 [W93 +    34.0s] solve   15                     passive:cold:dso DSO|7|2025|Autumn        ok iter 26 attempts 1 0.3s
[INFO] 			 - Running SMOPF, Network case33_2, 2025, Winter...
18:30:58 [W93 +    34.3s] solve   16                     passive:cold:dso DSO|7|2025|Winter        ok iter 28 attempts 1 0.3s
[INFO] 			 - Running SMOPF, Network case33_2, 2030, Spring...
18:30:58 [W93 +    34.6s] solve   17                     passive:cold:dso DSO|7|2030|Spring        ok iter 24 attempts 1 0.3s
[INFO] 			 - Running SMOPF, Network case33_2, 2030, Summer...
18:30:58 [W93 +    34.9s] solve   18                     passive:cold:dso DSO|7|2030|Summer        ok iter 27 attempts 1 0.3s
[INFO] 			 - Running SMOPF, Network case33_2, 2030, Autumn...
18:30:59 [W93 +    35.2s] solve   19                     passive:cold:dso DSO|7|2030|Autumn        ok iter 28 attempts 1 0.3s
[INFO] 			 - Running SMOPF, Network case33_2, 2030, Winter...
18:30:59 [W93 +    35.5s] solve   20                     passive:cold:dso DSO|7|2030|Winter        ok iter 28 attempts 1 0.3s
[INFO] 			 - Running SMOPF, Network case33_2, 2035, Spring...
18:30:59 [W93 +    35.8s] solve   21                     passive:cold:dso DSO|7|2035|Spring        ok iter 24 attempts 1 0.3s
[INFO] 			 - Running SMOPF, Network case33_2, 2035, Summer...
18:30:59 [W93 +    36.1s] solve   22                     passive:cold:dso DSO|7|2035|Summer        ok iter 30 attempts 1 0.3s
[INFO] 			 - Running SMOPF, Network case33_2, 2035, Autumn...
18:31:00 [W93 +    36.4s] solve   23                     passive:cold:dso DSO|7|2035|Autumn        ok iter 28 attempts 1 0.3s
[INFO] 			 - Running SMOPF, Network case33_2, 2035, Winter...
18:31:00 [W93 +    36.8s] solve   24                     passive:cold:dso DSO|7|2035|Winter        ok iter 28 attempts 1 0.3s
[INFO] 			 - Running SMOPF, Network case33_3, 2025, Spring...
18:31:00 [W93 +    37.1s] solve   25                     passive:cold:dso DSO|9|2025|Spring        ok iter 23 attempts 1 0.3s
[INFO] 			 - Running SMOPF, Network case33_3, 2025, Summer...
18:31:01 [W93 +    37.4s] solve   26                     passive:cold:dso DSO|9|2025|Summer        ok iter 38 attempts 1 0.3s
[INFO] 			 - Running SMOPF, Network case33_3, 2025, Autumn...
18:31:01 [W93 +    37.7s] solve   27                     passive:cold:dso DSO|9|2025|Autumn        ok iter 26 attempts 1 0.3s
[INFO] 			 - Running SMOPF, Network case33_3, 2025, Winter...
18:31:01 [W93 +    38.0s] solve   28                     passive:cold:dso DSO|9|2025|Winter        ok iter 27 attempts 1 0.3s
[INFO] 			 - Running SMOPF, Network case33_3, 2030, Spring...
18:31:02 [W93 +    38.3s] solve   29                     passive:cold:dso DSO|9|2030|Spring        ok iter 23 attempts 1 0.3s
[INFO] 			 - Running SMOPF, Network case33_3, 2030, Summer...
18:31:02 [W93 +    38.8s] solve   30                     passive:cold:dso DSO|9|2030|Summer        ok iter 65 attempts 1 0.5s
[INFO] 			 - Running SMOPF, Network case33_3, 2030, Autumn...
18:31:02 [W93 +    39.1s] solve   31                     passive:cold:dso DSO|9|2030|Autumn        ok iter 26 attempts 1 0.3s
[INFO] 			 - Running SMOPF, Network case33_3, 2030, Winter...
18:31:03 [W93 +    39.4s] solve   32                     passive:cold:dso DSO|9|2030|Winter        ok iter 28 attempts 1 0.3s
[INFO] 			 - Running SMOPF, Network case33_3, 2035, Spring...
18:31:03 [W93 +    39.9s] solve   33                     passive:cold:dso DSO|9|2035|Spring        ok iter 53 attempts 1 0.4s
[INFO] 			 - Running SMOPF, Network case33_3, 2035, Summer...
18:31:04 [W93 +    40.4s] solve   34                     passive:cold:dso DSO|9|2035|Summer        ok iter 68 attempts 1 0.5s
[INFO] 			 - Running SMOPF, Network case33_3, 2035, Autumn...
18:31:05 [W93 +    41.5s] solve   35                     passive:cold:dso DSO|9|2035|Autumn        ok iter 27 attempts 1 1.1s
[INFO] 			 - Running SMOPF, Network case33_3, 2035, Winter...
18:31:05 [W93 +    41.8s] solve   36                     passive:cold:dso DSO|9|2035|Winter        ok iter 29 attempts 1 0.3s
[INFO] 			 - Running SMOPF, Network case9, 2025, Spring...
18:31:06 [W93 +    42.5s] solve   37                     passive:cold:tso TSO|-|2025|Spring        ok iter 31 attempts 1 0.1s
[INFO] 			 - Running SMOPF, Network case9, 2025, Summer...
18:31:06 [W93 +    42.6s] solve   38                     passive:cold:tso TSO|-|2025|Summer        ok iter 28 attempts 1 0.1s
[INFO] 			 - Running SMOPF, Network case9, 2025, Autumn...
18:31:06 [W93 +    42.7s] solve   39                     passive:cold:tso TSO|-|2025|Autumn        ok iter 32 attempts 1 0.1s
[INFO] 			 - Running SMOPF, Network case9, 2025, Winter...
18:31:06 [W93 +    42.9s] solve   40                     passive:cold:tso TSO|-|2025|Winter        ok iter 32 attempts 1 0.1s
[INFO] 			 - Running SMOPF, Network case9, 2030, Spring...
18:31:06 [W93 +    43.0s] solve   41                     passive:cold:tso TSO|-|2030|Spring        ok iter 35 attempts 1 0.1s
[INFO] 			 - Running SMOPF, Network case9, 2030, Summer...
18:31:06 [W93 +    43.1s] solve   42                     passive:cold:tso TSO|-|2030|Summer        ok iter 32 attempts 1 0.1s
[INFO] 			 - Running SMOPF, Network case9, 2030, Autumn...
18:31:07 [W93 +    43.3s] solve   43                     passive:cold:tso TSO|-|2030|Autumn        ok iter 35 attempts 1 0.1s
[INFO] 			 - Running SMOPF, Network case9, 2030, Winter...
18:31:07 [W93 +    43.4s] solve   44                     passive:cold:tso TSO|-|2030|Winter        ok iter 31 attempts 1 0.1s
[INFO] 			 - Running SMOPF, Network case9, 2035, Spring...
18:31:07 [W93 +    43.5s] solve   45                     passive:cold:tso TSO|-|2035|Spring        ok iter 35 attempts 1 0.1s
[INFO] 			 - Running SMOPF, Network case9, 2035, Summer...
18:31:07 [W93 +    43.7s] solve   46                     passive:cold:tso TSO|-|2035|Summer        ok iter 35 attempts 1 0.1s
[INFO] 			 - Running SMOPF, Network case9, 2035, Autumn...
18:31:07 [W93 +    43.8s] solve   47                     passive:cold:tso TSO|-|2035|Autumn        ok iter 32 attempts 1 0.1s
[INFO] 			 - Running SMOPF, Network case9, 2035, Winter...
18:31:07 [W93 +    43.9s] solve   48                     passive:cold:tso TSO|-|2035|Winter        ok iter 31 attempts 1 0.1s
18:31:08 [W116 +    44.3s] nrf_arm_passive_cold: phase A Q = 895119758.5132563; NRF check: min p_int -9.144835776845784e-07 MW, strict reverse entries 35, at zero 35
[INFO] 			 - Running SMOPF, Network case33_1, 2025, Spring...
Traceback (most recent call last):
  File "/Users/micaelsimoes/Projects/share-resource-planning-no_esso-degradation/p515_s53_w116_benchmark_nrf.py", line 1404, in main
    code = stage_nrf_arm(run_dir, run_id, arm=args.arm, start=args.start,
           ^^^^^^^^^^^^^^^^^^^^^^^^^^^^^^^^^^^^^^^^^^^^^^^^^^^^^^^^^^^^^^
  File "/Users/micaelsimoes/Projects/share-resource-planning-no_esso-degradation/p515_s53_w116_benchmark_nrf.py", line 569, in stage_nrf_arm
    reeval = UB.reevaluate_dso_at_actual_voltage(planning, arm_out['models']['dso'], mismatch['v_actual_dn_pu'],
             ^^^^^^^^^^^^^^^^^^^^^^^^^^^^^^^^^^^^^^^^^^^^^^^^^^^^^^^^^^^^^^^^^^^^^^^^^^^^^^^^^^^^^^^^^^^^^^^^^^^
  File "/Users/micaelsimoes/Projects/share-resource-planning-no_esso-degradation/uncoordinated_benchmark.py", line 1580, in reevaluate_dso_at_actual_voltage
    _result, solve_record = _solve_block(planning_problem, dn, network, clone, kind='DSO',
                            ^^^^^^^^^^^^^^^^^^^^^^^^^^^^^^^^^^^^^^^^^^^^^^^^^^^^^^^^^^^^^^
  File "/Users/micaelsimoes/Projects/share-resource-planning-no_esso-degradation/uncoordinated_benchmark.py", line 1017, in _solve_block
    result = network.run_smopf(block, network_data.params, from_warm_start=False, print_header=True)
             ^^^^^^^^^^^^^^^^^^^^^^^^^^^^^^^^^^^^^^^^^^^^^^^^^^^^^^^^^^^^^^^^^^^^^^^^^^^^^^^^^^^^^^^
  File "/Users/micaelsimoes/Projects/share-resource-planning-no_esso-degradation/network.py", line 67, in run_smopf
    return _run_smopf(self, model, params, from_warm_start=from_warm_start)
           ^^^^^^^^^^^^^^^^^^^^^^^^^^^^^^^^^^^^^^^^^^^^^^^^^^^^^^^^^^^^^^^^
  File "/Users/micaelsimoes/Projects/share-resource-planning-no_esso-degradation/network.py", line 949, in _run_smopf
    primary_result, primary_log_path = _run_smopf_solver_attempt(network, model, params, from_warm_start=from_warm_start)
                                       ^^^^^^^^^^^^^^^^^^^^^^^^^^^^^^^^^^^^^^^^^^^^^^^^^^^^^^^^^^^^^^^^^^^^^^^^^^^^^^^^^^
  File "/Users/micaelsimoes/Projects/share-resource-planning-no_esso-degradation/network.py", line 764, in _run_smopf_solver_attempt
    result = solver.solve(model, tee=params.solver_params.verbose, load_solutions=False)
             ^^^^^^^^^^^^^^^^^^^^^^^^^^^^^^^^^^^^^^^^^^^^^^^^^^^^^^^^^^^^^^^^^^^^^^^^^^^
  File "/Users/micaelsimoes/Projects/share-resource-planning-no_esso-degradation/p513_solve_profile_guard.py", line 64, in guarded_solve
    return guard._original_solve(solver_self, *args, **kwargs)
           ^^^^^^^^^^^^^^^^^^^^^^^^^^^^^^^^^^^^^^^^^^^^^^^^^^^
  File "/Users/micaelsimoes/miniconda3/envs/opf_env_py311/lib/python3.11/site-packages/pyomo/opt/base/solvers.py", line 624, in solve
    self._presolve(*args, **kwds)
  File "/Users/micaelsimoes/miniconda3/envs/opf_env_py311/lib/python3.11/site-packages/pyomo/opt/solver/shellcmd.py", line 223, in _presolve
    OptSolver._presolve(self, *args, **kwds)
  File "/Users/micaelsimoes/miniconda3/envs/opf_env_py311/lib/python3.11/site-packages/pyomo/opt/base/solvers.py", line 730, in _presolve
    self._convert_problem(
  File "/Users/micaelsimoes/miniconda3/envs/opf_env_py311/lib/python3.11/site-packages/pyomo/opt/base/solvers.py", line 782, in _convert_problem
    return convert_problem(
           ^^^^^^^^^^^^^^^^
  File "/Users/micaelsimoes/miniconda3/envs/opf_env_py311/lib/python3.11/site-packages/pyomo/opt/base/convert.py", line 97, in convert_problem
    problem_files, symbol_map = converter.apply(*tmp, **tmpkw)
                                ^^^^^^^^^^^^^^^^^^^^^^^^^^^^^^
  File "/Users/micaelsimoes/miniconda3/envs/opf_env_py311/lib/python3.11/site-packages/pyomo/solvers/plugins/converter/model.py", line 184, in apply
    (problem_filename, symbol_map_id) = instance.write(
                                        ^^^^^^^^^^^^^^^
  File "/Users/micaelsimoes/miniconda3/envs/opf_env_py311/lib/python3.11/site-packages/pyomo/core/base/block.py", line 2009, in write
    (filename, smap) = problem_writer(self, filename, solver_capability, io_options)
                       ^^^^^^^^^^^^^^^^^^^^^^^^^^^^^^^^^^^^^^^^^^^^^^^^^^^^^^^^^^^^^
  File "/Users/micaelsimoes/miniconda3/envs/opf_env_py311/lib/python3.11/site-packages/pyomo/repn/plugins/nl_writer.py", line 317, in __call__
    info = self.write(model, FILE, ROWFILE, COLFILE, config=config)
           ^^^^^^^^^^^^^^^^^^^^^^^^^^^^^^^^^^^^^^^^^^^^^^^^^^^^^^^^
  File "/Users/micaelsimoes/miniconda3/envs/opf_env_py311/lib/python3.11/site-packages/pyomo/repn/plugins/nl_writer.py", line 374, in write
    return impl.write(model)
           ^^^^^^^^^^^^^^^^^
  File "/Users/micaelsimoes/miniconda3/envs/opf_env_py311/lib/python3.11/site-packages/pyomo/repn/plugins/nl_writer.py", line 689, in write
    expr_info = visitor.walk_expression((body, con, 0, scale))
                ^^^^^^^^^^^^^^^^^^^^^^^^^^^^^^^^^^^^^^^^^^^^^^
  File "/Users/micaelsimoes/miniconda3/envs/opf_env_py311/lib/python3.11/site-packages/pyomo/core/expr/visitor.py", line 276, in walk_expression
    result = self._process_node(root, RECURSION_LIMIT)
             ^^^^^^^^^^^^^^^^^^^^^^^^^^^^^^^^^^^^^^^^^
  File "/Users/micaelsimoes/miniconda3/envs/opf_env_py311/lib/python3.11/site-packages/pyomo/core/expr/visitor.py", line 429, in _process_node_bex
    data.append(self._process_node(child, recursion_limit))
                ^^^^^^^^^^^^^^^^^^^^^^^^^^^^^^^^^^^^^^^^^^
  File "/Users/micaelsimoes/miniconda3/envs/opf_env_py311/lib/python3.11/site-packages/pyomo/core/expr/visitor.py", line 429, in _process_node_bex
    data.append(self._process_node(child, recursion_limit))
                ^^^^^^^^^^^^^^^^^^^^^^^^^^^^^^^^^^^^^^^^^^
  File "/Users/micaelsimoes/miniconda3/envs/opf_env_py311/lib/python3.11/site-packages/pyomo/core/expr/visitor.py", line 429, in _process_node_bex
    data.append(self._process_node(child, recursion_limit))
                ^^^^^^^^^^^^^^^^^^^^^^^^^^^^^^^^^^^^^^^^^^
  File "/Users/micaelsimoes/miniconda3/envs/opf_env_py311/lib/python3.11/site-packages/pyomo/core/expr/visitor.py", line 422, in _process_node_bex
    tmp = self.beforeChild(node, child, child_idx)
          ^^^^^^^^^^^^^^^^^^^^^^^^^^^^^^^^^^^^^^^^
  File "/Users/micaelsimoes/miniconda3/envs/opf_env_py311/lib/python3.11/site-packages/pyomo/repn/ampl.py", line 1157, in beforeChild
    return _before_child_handlers[child.__class__](self, child)
           ^^^^^^^^^^^^^^^^^^^^^^^^^^^^^^^^^^^^^^^^^^^^^^^^^^^^
  File "/Users/micaelsimoes/miniconda3/envs/opf_env_py311/lib/python3.11/site-packages/pyomo/repn/ampl.py", line 959, in _before_var
    visitor.cache_fixed_var(_id, child)
  File "/Users/micaelsimoes/miniconda3/envs/opf_env_py311/lib/python3.11/site-packages/pyomo/repn/ampl.py", line 1127, in cache_fixed_var
    raise InfeasibleConstraintException(
pyomo.common.errors.InfeasibleConstraintException: model contains a trivially infeasible variable 'e[0,0,0,0]' (fixed value 1.1000000042330327 outside bounds [0.9999, 1.0001]).
18:31:08 [W116 +    44.7s] nrf_arm_passive_cold: exit 1; guard counts {'permitted_solve': 49, 'permitted_exec': 48, 'blocked_solve': 0, 'blocked_exec': 0}
