19:30:28 [W116 +     0.1s] P5.15 Addendum 57 W116 -- uncoordinated benchmark spec v3: no-reverse-flow arms, the feasibility sweep of the unconstrained arms, the coordinated reverse-flow count; spec v4 (W119): per-block exact solve accounting of the NRF arm and tie-breaker stages; spec v5 (W121): the consistency re-evaluation admits the fixed reference voltage (setpoint bounds cleared), NRF arms and tie-breakers under _r2 run ids, the sweeps carried from W120 -- nrf_arm_price_taker_perturbed_r2 (permitted solve sites (('uncoordinated_benchmark.py', '_solve_block'),)); output data/SRP1/Results/P515S53/w116_benchmark_nrf/nrf_arm_price_taker_perturbed_r2
19:30:40 [W93 +    12.4s] unpickling data/SRP1/Results/P515S53/w101_srp1_continuation/campaign_s53_w101_srp1_cont_x0/evals/d110bd1a5977df1e_x0/certified_models.pkl (sha256 verified 99ab1070)
19:30:47 [W93 +    18.9s] unpickling data/SRP1/Results/P515S53/w101_srp1_continuation/campaign_s53_w101_srp1_cont_x0/evals/d110bd1a5977df1e_x0/esso_models_s39_D.pkl (sha256 verified 118487e1)
19:30:49 [W93 +    21.4s] capture-path checklist at nrf_arm_price_taker_perturbed_r2 (before any solve): 97 items, all True
[INFO] 			 - Running SMOPF, Network case33_1, 2025, Spring...
19:30:58 [W93 +    30.2s] solve    1            price_taker:perturbed:dso DSO|5|2025|Spring        ok iter 143 attempts 1 0.9s
[INFO] 			 - Running SMOPF, Network case33_1, 2025, Summer...
19:30:59 [W93 +    31.0s] solve    2            price_taker:perturbed:dso DSO|5|2025|Summer        ok iter 121 attempts 1 0.8s
[INFO] 			 - Running SMOPF, Network case33_1, 2025, Autumn...
19:31:00 [W93 +    31.9s] solve    3            price_taker:perturbed:dso DSO|5|2025|Autumn        ok iter 148 attempts 1 0.9s
[INFO] 			 - Running SMOPF, Network case33_1, 2025, Winter...
19:31:01 [W93 +    33.1s] solve    4            price_taker:perturbed:dso DSO|5|2025|Winter        ok iter 201 attempts 1 1.2s
[INFO] 			 - Running SMOPF, Network case33_1, 2030, Spring...
19:31:02 [W93 +    34.0s] solve    5            price_taker:perturbed:dso DSO|5|2030|Spring        ok iter 145 attempts 1 0.9s
[INFO] 			 - Running SMOPF, Network case33_1, 2030, Summer...
19:31:03 [W93 +    34.8s] solve    6            price_taker:perturbed:dso DSO|5|2030|Summer        ok iter 125 attempts 1 0.8s
[INFO] 			 - Running SMOPF, Network case33_1, 2030, Autumn...
19:31:04 [W93 +    35.8s] solve    7            price_taker:perturbed:dso DSO|5|2030|Autumn        ok iter 148 attempts 1 0.9s
[INFO] 			 - Running SMOPF, Network case33_1, 2030, Winter...
19:31:05 [W93 +    36.7s] solve    8            price_taker:perturbed:dso DSO|5|2030|Winter        ok iter 130 attempts 1 0.9s
[INFO] 			 - Running SMOPF, Network case33_1, 2035, Spring...
19:31:06 [W93 +    37.7s] solve    9            price_taker:perturbed:dso DSO|5|2035|Spring        ok iter 165 attempts 1 1.0s
[INFO] 			 - Running SMOPF, Network case33_1, 2035, Summer...
19:31:07 [W93 +    38.5s] solve   10            price_taker:perturbed:dso DSO|5|2035|Summer        ok iter 123 attempts 1 0.8s
[INFO] 			 - Running SMOPF, Network case33_1, 2035, Autumn...
19:31:08 [W93 +    39.5s] solve   11            price_taker:perturbed:dso DSO|5|2035|Autumn        ok iter 158 attempts 1 1.0s
[INFO] 			 - Running SMOPF, Network case33_1, 2035, Winter...
19:31:08 [W93 +    40.4s] solve   12            price_taker:perturbed:dso DSO|5|2035|Winter        ok iter 138 attempts 1 0.9s
[INFO] 			 - Running SMOPF, Network case33_2, 2025, Spring...
19:31:09 [W93 +    41.3s] solve   13            price_taker:perturbed:dso DSO|7|2025|Spring        ok iter 157 attempts 1 1.0s
[INFO] 			 - Running SMOPF, Network case33_2, 2025, Summer...
19:31:10 [W93 +    42.4s] solve   14            price_taker:perturbed:dso DSO|7|2025|Summer        ok iter 148 attempts 1 1.0s
[INFO] 			 - Running SMOPF, Network case33_2, 2025, Autumn...
19:31:11 [W93 +    43.3s] solve   15            price_taker:perturbed:dso DSO|7|2025|Autumn        ok iter 133 attempts 1 0.9s
[INFO] 			 - Running SMOPF, Network case33_2, 2025, Winter...
19:31:12 [W93 +    44.1s] solve   16            price_taker:perturbed:dso DSO|7|2025|Winter        ok iter 136 attempts 1 0.9s
[INFO] 			 - Running SMOPF, Network case33_2, 2030, Spring...
19:31:13 [W93 +    45.2s] solve   17            price_taker:perturbed:dso DSO|7|2030|Spring        ok iter 169 attempts 1 1.1s
[INFO] 			 - Running SMOPF, Network case33_2, 2030, Summer...
19:31:14 [W93 +    46.3s] solve   18            price_taker:perturbed:dso DSO|7|2030|Summer        ok iter 161 attempts 1 1.1s
[INFO] 			 - Running SMOPF, Network case33_2, 2030, Autumn...
19:31:15 [W93 +    47.3s] solve   19            price_taker:perturbed:dso DSO|7|2030|Autumn        ok iter 144 attempts 1 0.9s
[INFO] 			 - Running SMOPF, Network case33_2, 2030, Winter...
19:31:16 [W93 +    48.1s] solve   20            price_taker:perturbed:dso DSO|7|2030|Winter        ok iter 128 attempts 1 0.8s
[INFO] 			 - Running SMOPF, Network case33_2, 2035, Spring...
19:31:18 [W93 +    49.4s] solve   21            price_taker:perturbed:dso DSO|7|2035|Spring        ok iter 208 attempts 1 1.3s
[INFO] 			 - Running SMOPF, Network case33_2, 2035, Summer...
19:31:18 [W93 +    50.4s] solve   22            price_taker:perturbed:dso DSO|7|2035|Summer        ok iter 157 attempts 1 0.9s
[INFO] 			 - Running SMOPF, Network case33_2, 2035, Autumn...
19:31:19 [W93 +    51.4s] solve   23            price_taker:perturbed:dso DSO|7|2035|Autumn        ok iter 173 attempts 1 1.0s
[INFO] 			 - Running SMOPF, Network case33_2, 2035, Winter...
19:31:20 [W93 +    52.2s] solve   24            price_taker:perturbed:dso DSO|7|2035|Winter        ok iter 116 attempts 1 0.8s
[INFO] 			 - Running SMOPF, Network case33_3, 2025, Spring...
19:31:21 [W93 +    53.2s] solve   25            price_taker:perturbed:dso DSO|9|2025|Spring        ok iter 168 attempts 1 1.0s
[INFO] 			 - Running SMOPF, Network case33_3, 2025, Summer...
19:31:23 [W93 +    54.4s] solve   26            price_taker:perturbed:dso DSO|9|2025|Summer        ok iter 210 attempts 1 1.2s
[INFO] 			 - Running SMOPF, Network case33_3, 2025, Autumn...
19:31:23 [W93 +    55.4s] solve   27            price_taker:perturbed:dso DSO|9|2025|Autumn        ok iter 139 attempts 1 0.9s
[INFO] 			 - Running SMOPF, Network case33_3, 2025, Winter...
19:31:24 [W93 +    56.3s] solve   28            price_taker:perturbed:dso DSO|9|2025|Winter        ok iter 149 attempts 1 0.9s
[INFO] 			 - Running SMOPF, Network case33_3, 2030, Spring...
19:31:25 [W93 +    57.2s] solve   29            price_taker:perturbed:dso DSO|9|2030|Spring        ok iter 136 attempts 1 0.9s
[INFO] 			 - Running SMOPF, Network case33_3, 2030, Summer...
19:31:27 [W93 +    58.9s] solve   30            price_taker:perturbed:dso DSO|9|2030|Summer        ok iter 171 attempts 1 1.7s
[INFO] 			 - Running SMOPF, Network case33_3, 2030, Autumn...
19:31:28 [W93 +    59.9s] solve   31            price_taker:perturbed:dso DSO|9|2030|Autumn        ok iter 144 attempts 1 0.9s
[INFO] 			 - Running SMOPF, Network case33_3, 2030, Winter...
19:31:29 [W93 +    60.7s] solve   32            price_taker:perturbed:dso DSO|9|2030|Winter        ok iter 130 attempts 1 0.9s
[INFO] 			 - Running SMOPF, Network case33_3, 2035, Spring...
19:31:30 [W93 +    62.0s] solve   33            price_taker:perturbed:dso DSO|9|2035|Spring        ok iter 190 attempts 1 1.3s
[INFO] 			 - Running SMOPF, Network case33_3, 2035, Summer...
19:31:31 [W93 +    62.9s] solve   34            price_taker:perturbed:dso DSO|9|2035|Summer        ok iter 151 attempts 1 0.9s
[INFO] 			 - Running SMOPF, Network case33_3, 2035, Autumn...
19:31:32 [W93 +    64.0s] solve   35            price_taker:perturbed:dso DSO|9|2035|Autumn        ok iter 181 attempts 1 1.1s
[INFO] 			 - Running SMOPF, Network case33_3, 2035, Winter...
19:31:33 [W93 +    64.9s] solve   36            price_taker:perturbed:dso DSO|9|2035|Winter        ok iter 133 attempts 1 0.9s
[INFO] 			 - Running SMOPF, Network case9, 2025, Spring...
19:31:34 [W93 +    65.7s] solve   37            price_taker:perturbed:tso TSO|-|2025|Spring        ok iter 49 attempts 1 0.2s
[INFO] 			 - Running SMOPF, Network case9, 2025, Summer...
19:31:34 [W93 +    65.9s] solve   38            price_taker:perturbed:tso TSO|-|2025|Summer        ok iter 52 attempts 1 0.2s
[INFO] 			 - Running SMOPF, Network case9, 2025, Autumn...
19:31:34 [W93 +    66.0s] solve   39            price_taker:perturbed:tso TSO|-|2025|Autumn        ok iter 43 attempts 1 0.1s
[INFO] 			 - Running SMOPF, Network case9, 2025, Winter...
19:31:34 [W93 +    66.2s] solve   40            price_taker:perturbed:tso TSO|-|2025|Winter        ok iter 46 attempts 1 0.1s
[INFO] 			 - Running SMOPF, Network case9, 2030, Spring...
19:31:34 [W93 +    66.4s] solve   41            price_taker:perturbed:tso TSO|-|2030|Spring        ok iter 53 attempts 1 0.2s
[INFO] 			 - Running SMOPF, Network case9, 2030, Summer...
19:31:35 [W93 +    66.5s] solve   42            price_taker:perturbed:tso TSO|-|2030|Summer        ok iter 48 attempts 1 0.1s
[INFO] 			 - Running SMOPF, Network case9, 2030, Autumn...
19:31:35 [W93 +    66.6s] solve   43            price_taker:perturbed:tso TSO|-|2030|Autumn        ok iter 37 attempts 1 0.1s
[INFO] 			 - Running SMOPF, Network case9, 2030, Winter...
19:31:35 [W93 +    66.8s] solve   44            price_taker:perturbed:tso TSO|-|2030|Winter        ok iter 43 attempts 1 0.1s
[INFO] 			 - Running SMOPF, Network case9, 2035, Spring...
19:31:35 [W93 +    66.9s] solve   45            price_taker:perturbed:tso TSO|-|2035|Spring        ok iter 46 attempts 1 0.1s
[INFO] 			 - Running SMOPF, Network case9, 2035, Summer...
19:31:35 [W93 +    67.0s] solve   46            price_taker:perturbed:tso TSO|-|2035|Summer        ok iter 49 attempts 1 0.1s
[INFO] 			 - Running SMOPF, Network case9, 2035, Autumn...
19:31:35 [W93 +    67.2s] solve   47            price_taker:perturbed:tso TSO|-|2035|Autumn        ok iter 44 attempts 1 0.1s
[INFO] 			 - Running SMOPF, Network case9, 2035, Winter...
19:31:35 [W93 +    67.3s] solve   48            price_taker:perturbed:tso TSO|-|2035|Winter        ok iter 38 attempts 1 0.1s
19:31:36 [W116 +    67.7s] nrf_arm_price_taker_perturbed_r2: phase A Q = 744770076.1131489; NRF check: min p_int -9.985054715661986e-07 MW, strict reverse entries 93, at zero 94
[INFO] 			 - Running SMOPF, Network case33_1, 2025, Spring...
WARNING: model contains export suffix 'dual' that contains 2639 component keys
that are not exported as part of the NL file.  Skipping.
19:31:36 [W93 +    68.1s] solve   49             consistency:reevaluation DSO|5|2025|Spring        ok iter 3 attempts 1 0.2s
[INFO] 			 - Running SMOPF, Network case33_1, 2025, Summer...
WARNING: model contains export suffix 'dual' that contains 2639 component keys
that are not exported as part of the NL file.  Skipping.
19:31:37 [W93 +    68.6s] solve   50             consistency:reevaluation DSO|5|2025|Summer        ok iter 3 attempts 1 0.2s
[INFO] 			 - Running SMOPF, Network case33_1, 2025, Autumn...
WARNING: model contains export suffix 'dual' that contains 2603 component keys
that are not exported as part of the NL file.  Skipping.
19:31:38 [W93 +    69.9s] solve   51             consistency:reevaluation DSO|5|2025|Autumn        ok iter 3 attempts 1 1.0s
[INFO] 			 - Running SMOPF, Network case33_1, 2025, Winter...
WARNING: model contains export suffix 'dual' that contains 2603 component keys
that are not exported as part of the NL file.  Skipping.
19:31:38 [W93 +    70.4s] solve   52             consistency:reevaluation DSO|5|2025|Winter        ok iter 3 attempts 1 0.2s
[INFO] 			 - Running SMOPF, Network case33_1, 2030, Spring...
WARNING: model contains export suffix 'dual' that contains 2639 component keys
that are not exported as part of the NL file.  Skipping.
19:31:39 [W93 +    70.8s] solve   53             consistency:reevaluation DSO|5|2030|Spring        ok iter 3 attempts 1 0.2s
[INFO] 			 - Running SMOPF, Network case33_1, 2030, Summer...
WARNING: model contains export suffix 'dual' that contains 2639 component keys
that are not exported as part of the NL file.  Skipping.
19:31:39 [W93 +    71.3s] solve   54             consistency:reevaluation DSO|5|2030|Summer        ok iter 3 attempts 1 0.2s
[INFO] 			 - Running SMOPF, Network case33_1, 2030, Autumn...
WARNING: model contains export suffix 'dual' that contains 2603 component keys
that are not exported as part of the NL file.  Skipping.
19:31:40 [W93 +    71.7s] solve   55             consistency:reevaluation DSO|5|2030|Autumn        ok iter 3 attempts 1 0.2s
[INFO] 			 - Running SMOPF, Network case33_1, 2030, Winter...
WARNING: model contains export suffix 'dual' that contains 2603 component keys
that are not exported as part of the NL file.  Skipping.
19:31:40 [W93 +    72.2s] solve   56             consistency:reevaluation DSO|5|2030|Winter        ok iter 3 attempts 1 0.2s
[INFO] 			 - Running SMOPF, Network case33_1, 2035, Spring...
WARNING: model contains export suffix 'dual' that contains 2639 component keys
that are not exported as part of the NL file.  Skipping.
19:31:41 [W93 +    72.7s] solve   57             consistency:reevaluation DSO|5|2035|Spring        ok iter 3 attempts 1 0.2s
[INFO] 			 - Running SMOPF, Network case33_1, 2035, Summer...
WARNING: model contains export suffix 'dual' that contains 2639 component keys
that are not exported as part of the NL file.  Skipping.
19:31:41 [W93 +    73.1s] solve   58             consistency:reevaluation DSO|5|2035|Summer        ok iter 3 attempts 1 0.2s
[INFO] 			 - Running SMOPF, Network case33_1, 2035, Autumn...
WARNING: model contains export suffix 'dual' that contains 2603 component keys
that are not exported as part of the NL file.  Skipping.
19:31:42 [W93 +    73.6s] solve   59             consistency:reevaluation DSO|5|2035|Autumn        ok iter 3 attempts 1 0.2s
[INFO] 			 - Running SMOPF, Network case33_1, 2035, Winter...
WARNING: model contains export suffix 'dual' that contains 2603 component keys
that are not exported as part of the NL file.  Skipping.
19:31:42 [W93 +    74.0s] solve   60             consistency:reevaluation DSO|5|2035|Winter        ok iter 3 attempts 1 0.2s
[INFO] 			 - Running SMOPF, Network case33_2, 2025, Spring...
WARNING: model contains export suffix 'dual' that contains 2666 component keys
that are not exported as part of the NL file.  Skipping.
19:31:44 [W93 +    75.9s] solve   61             consistency:reevaluation DSO|7|2025|Spring        ok iter 3 attempts 1 1.5s
[INFO] 			 - Running SMOPF, Network case33_2, 2025, Summer...
WARNING: model contains export suffix 'dual' that contains 2666 component keys
that are not exported as part of the NL file.  Skipping.
19:31:44 [W93 +    76.3s] solve   62             consistency:reevaluation DSO|7|2025|Summer        ok iter 3 attempts 1 0.2s
[INFO] 			 - Running SMOPF, Network case33_2, 2025, Autumn...
WARNING: model contains export suffix 'dual' that contains 2642 component keys
that are not exported as part of the NL file.  Skipping.
19:31:45 [W93 +    76.8s] solve   63             consistency:reevaluation DSO|7|2025|Autumn        ok iter 3 attempts 1 0.2s
[INFO] 			 - Running SMOPF, Network case33_2, 2025, Winter...
WARNING: model contains export suffix 'dual' that contains 2642 component keys
that are not exported as part of the NL file.  Skipping.
19:31:45 [W93 +    77.2s] solve   64             consistency:reevaluation DSO|7|2025|Winter        ok iter 3 attempts 1 0.2s
[INFO] 			 - Running SMOPF, Network case33_2, 2030, Spring...
WARNING: model contains export suffix 'dual' that contains 2666 component keys
that are not exported as part of the NL file.  Skipping.
19:31:46 [W93 +    77.7s] solve   65             consistency:reevaluation DSO|7|2030|Spring        ok iter 3 attempts 1 0.2s
[INFO] 			 - Running SMOPF, Network case33_2, 2030, Summer...
WARNING: model contains export suffix 'dual' that contains 2666 component keys
that are not exported as part of the NL file.  Skipping.
19:31:46 [W93 +    78.2s] solve   66             consistency:reevaluation DSO|7|2030|Summer        ok iter 3 attempts 1 0.2s
[INFO] 			 - Running SMOPF, Network case33_2, 2030, Autumn...
WARNING: model contains export suffix 'dual' that contains 2642 component keys
that are not exported as part of the NL file.  Skipping.
19:31:47 [W93 +    78.6s] solve   67             consistency:reevaluation DSO|7|2030|Autumn        ok iter 3 attempts 1 0.2s
[INFO] 			 - Running SMOPF, Network case33_2, 2030, Winter...
WARNING: model contains export suffix 'dual' that contains 2642 component keys
that are not exported as part of the NL file.  Skipping.
19:31:47 [W93 +    79.1s] solve   68             consistency:reevaluation DSO|7|2030|Winter        ok iter 3 attempts 1 0.2s
[INFO] 			 - Running SMOPF, Network case33_2, 2035, Spring...
WARNING: model contains export suffix 'dual' that contains 2666 component keys
that are not exported as part of the NL file.  Skipping.
19:31:48 [W93 +    79.6s] solve   69             consistency:reevaluation DSO|7|2035|Spring        ok iter 3 attempts 1 0.2s
[INFO] 			 - Running SMOPF, Network case33_2, 2035, Summer...
WARNING: model contains export suffix 'dual' that contains 2666 component keys
that are not exported as part of the NL file.  Skipping.
19:31:48 [W93 +    80.0s] solve   70             consistency:reevaluation DSO|7|2035|Summer        ok iter 3 attempts 1 0.2s
[INFO] 			 - Running SMOPF, Network case33_2, 2035, Autumn...
WARNING: model contains export suffix 'dual' that contains 2642 component keys
that are not exported as part of the NL file.  Skipping.
19:31:50 [W93 +    81.8s] solve   71             consistency:reevaluation DSO|7|2035|Autumn        ok iter 3 attempts 1 1.5s
[INFO] 			 - Running SMOPF, Network case33_2, 2035, Winter...
WARNING: model contains export suffix 'dual' that contains 2642 component keys
that are not exported as part of the NL file.  Skipping.
19:31:50 [W93 +    82.3s] solve   72             consistency:reevaluation DSO|7|2035|Winter        ok iter 3 attempts 1 0.2s
[INFO] 			 - Running SMOPF, Network case33_3, 2025, Spring...
WARNING: model contains export suffix 'dual' that contains 2639 component keys
that are not exported as part of the NL file.  Skipping.
19:31:51 [W93 +    82.7s] solve   73             consistency:reevaluation DSO|9|2025|Spring        ok iter 3 attempts 1 0.2s
[INFO] 			 - Running SMOPF, Network case33_3, 2025, Summer...
WARNING: model contains export suffix 'dual' that contains 2639 component keys
that are not exported as part of the NL file.  Skipping.
19:31:51 [W93 +    83.2s] solve   74             consistency:reevaluation DSO|9|2025|Summer        ok iter 3 attempts 1 0.2s
[INFO] 			 - Running SMOPF, Network case33_3, 2025, Autumn...
WARNING: model contains export suffix 'dual' that contains 2603 component keys
that are not exported as part of the NL file.  Skipping.
19:31:52 [W93 +    83.7s] solve   75             consistency:reevaluation DSO|9|2025|Autumn        ok iter 3 attempts 1 0.2s
[INFO] 			 - Running SMOPF, Network case33_3, 2025, Winter...
WARNING: model contains export suffix 'dual' that contains 2603 component keys
that are not exported as part of the NL file.  Skipping.
19:31:52 [W93 +    84.1s] solve   76             consistency:reevaluation DSO|9|2025|Winter        ok iter 3 attempts 1 0.2s
[INFO] 			 - Running SMOPF, Network case33_3, 2030, Spring...
WARNING: model contains export suffix 'dual' that contains 2639 component keys
that are not exported as part of the NL file.  Skipping.
19:31:53 [W93 +    84.6s] solve   77             consistency:reevaluation DSO|9|2030|Spring        ok iter 3 attempts 1 0.2s
[INFO] 			 - Running SMOPF, Network case33_3, 2030, Summer...
WARNING: model contains export suffix 'dual' that contains 2639 component keys
that are not exported as part of the NL file.  Skipping.
19:31:53 [W93 +    85.1s] solve   78             consistency:reevaluation DSO|9|2030|Summer        ok iter 3 attempts 1 0.2s
[INFO] 			 - Running SMOPF, Network case33_3, 2030, Autumn...
WARNING: model contains export suffix 'dual' that contains 2603 component keys
that are not exported as part of the NL file.  Skipping.
19:31:54 [W93 +    85.5s] solve   79             consistency:reevaluation DSO|9|2030|Autumn        ok iter 3 attempts 1 0.2s
[INFO] 			 - Running SMOPF, Network case33_3, 2030, Winter...
WARNING: model contains export suffix 'dual' that contains 2603 component keys
that are not exported as part of the NL file.  Skipping.
19:31:55 [W93 +    87.3s] solve   80             consistency:reevaluation DSO|9|2030|Winter        ok iter 3 attempts 1 1.5s
[INFO] 			 - Running SMOPF, Network case33_3, 2035, Spring...
WARNING: model contains export suffix 'dual' that contains 2639 component keys
that are not exported as part of the NL file.  Skipping.
19:31:56 [W93 +    87.7s] solve   81             consistency:reevaluation DSO|9|2035|Spring        ok iter 3 attempts 1 0.2s
[INFO] 			 - Running SMOPF, Network case33_3, 2035, Summer...
WARNING: model contains export suffix 'dual' that contains 2639 component keys
that are not exported as part of the NL file.  Skipping.
19:31:56 [W93 +    88.2s] solve   82             consistency:reevaluation DSO|9|2035|Summer        ok iter 3 attempts 1 0.2s
[INFO] 			 - Running SMOPF, Network case33_3, 2035, Autumn...
WARNING: model contains export suffix 'dual' that contains 2603 component keys
that are not exported as part of the NL file.  Skipping.
19:31:57 [W93 +    88.6s] solve   83             consistency:reevaluation DSO|9|2035|Autumn        ok iter 3 attempts 1 0.2s
[INFO] 			 - Running SMOPF, Network case33_3, 2035, Winter...
WARNING: model contains export suffix 'dual' that contains 2603 component keys
that are not exported as part of the NL file.  Skipping.
19:31:57 [W93 +    89.1s] solve   84             consistency:reevaluation DSO|9|2035|Winter        ok iter 3 attempts 1 0.2s
[INFO] 			 - Running SMOPF, Network case33_1, 2025, Spring...
19:31:58 [W93 +    89.6s] solve   85                  sequential_pass:dso DSO|5|2025|Spring        ok iter 44 attempts 1 0.4s
[INFO] 			 - Running SMOPF, Network case33_1, 2025, Summer...
19:31:58 [W93 +    90.0s] solve   86                  sequential_pass:dso DSO|5|2025|Summer        ok iter 43 attempts 1 0.4s
[INFO] 			 - Running SMOPF, Network case33_1, 2025, Autumn...
19:31:58 [W93 +    90.4s] solve   87                  sequential_pass:dso DSO|5|2025|Autumn        ok iter 40 attempts 1 0.4s
[INFO] 			 - Running SMOPF, Network case33_1, 2025, Winter...
19:31:59 [W93 +    90.8s] solve   88                  sequential_pass:dso DSO|5|2025|Winter        ok iter 43 attempts 1 0.4s
[INFO] 			 - Running SMOPF, Network case33_1, 2030, Spring...
19:31:59 [W93 +    91.3s] solve   89                  sequential_pass:dso DSO|5|2030|Spring        ok iter 46 attempts 1 0.4s
[INFO] 			 - Running SMOPF, Network case33_1, 2030, Summer...
19:32:00 [W93 +    91.7s] solve   90                  sequential_pass:dso DSO|5|2030|Summer        ok iter 45 attempts 1 0.4s
[INFO] 			 - Running SMOPF, Network case33_1, 2030, Autumn...
19:32:00 [W93 +    92.1s] solve   91                  sequential_pass:dso DSO|5|2030|Autumn        ok iter 40 attempts 1 0.4s
[INFO] 			 - Running SMOPF, Network case33_1, 2030, Winter...
19:32:01 [W93 +    92.5s] solve   92                  sequential_pass:dso DSO|5|2030|Winter        ok iter 43 attempts 1 0.4s
[INFO] 			 - Running SMOPF, Network case33_1, 2035, Spring...
19:32:01 [W93 +    93.0s] solve   93                  sequential_pass:dso DSO|5|2035|Spring        ok iter 46 attempts 1 0.4s
[INFO] 			 - Running SMOPF, Network case33_1, 2035, Summer...
19:32:01 [W93 +    93.4s] solve   94                  sequential_pass:dso DSO|5|2035|Summer        ok iter 42 attempts 1 0.4s
[INFO] 			 - Running SMOPF, Network case33_1, 2035, Autumn...
19:32:02 [W93 +    93.8s] solve   95                  sequential_pass:dso DSO|5|2035|Autumn        ok iter 46 attempts 1 0.4s
[INFO] 			 - Running SMOPF, Network case33_1, 2035, Winter...
19:32:02 [W93 +    94.2s] solve   96                  sequential_pass:dso DSO|5|2035|Winter        ok iter 43 attempts 1 0.4s
[INFO] 			 - Running SMOPF, Network case33_2, 2025, Spring...
19:32:03 [W93 +    94.7s] solve   97                  sequential_pass:dso DSO|7|2025|Spring        ok iter 51 attempts 1 0.5s
[INFO] 			 - Running SMOPF, Network case33_2, 2025, Summer...
19:32:03 [W93 +    95.2s] solve   98                  sequential_pass:dso DSO|7|2025|Summer        ok iter 50 attempts 1 0.5s
[INFO] 			 - Running SMOPF, Network case33_2, 2025, Autumn...
19:32:04 [W93 +    95.6s] solve   99                  sequential_pass:dso DSO|7|2025|Autumn        ok iter 42 attempts 1 0.4s
[INFO] 			 - Running SMOPF, Network case33_2, 2025, Winter...
19:32:04 [W93 +    96.0s] solve  100                  sequential_pass:dso DSO|7|2025|Winter        ok iter 42 attempts 1 0.4s
[INFO] 			 - Running SMOPF, Network case33_2, 2030, Spring...
19:32:05 [W93 +    96.5s] solve  101                  sequential_pass:dso DSO|7|2030|Spring        ok iter 52 attempts 1 0.5s
[INFO] 			 - Running SMOPF, Network case33_2, 2030, Summer...
19:32:05 [W93 +    96.9s] solve  102                  sequential_pass:dso DSO|7|2030|Summer        ok iter 50 attempts 1 0.5s
[INFO] 			 - Running SMOPF, Network case33_2, 2030, Autumn...
19:32:05 [W93 +    97.3s] solve  103                  sequential_pass:dso DSO|7|2030|Autumn        ok iter 40 attempts 1 0.4s
[INFO] 			 - Running SMOPF, Network case33_2, 2030, Winter...
19:32:06 [W93 +    97.8s] solve  104                  sequential_pass:dso DSO|7|2030|Winter        ok iter 45 attempts 1 0.4s
[INFO] 			 - Running SMOPF, Network case33_2, 2035, Spring...
19:32:06 [W93 +    98.2s] solve  105                  sequential_pass:dso DSO|7|2035|Spring        ok iter 49 attempts 1 0.5s
[INFO] 			 - Running SMOPF, Network case33_2, 2035, Summer...
19:32:07 [W93 +    98.7s] solve  106                  sequential_pass:dso DSO|7|2035|Summer        ok iter 51 attempts 1 0.5s
[INFO] 			 - Running SMOPF, Network case33_2, 2035, Autumn...
19:32:07 [W93 +    99.1s] solve  107                  sequential_pass:dso DSO|7|2035|Autumn        ok iter 47 attempts 1 0.4s
[INFO] 			 - Running SMOPF, Network case33_2, 2035, Winter...
19:32:08 [W93 +    99.5s] solve  108                  sequential_pass:dso DSO|7|2035|Winter        ok iter 41 attempts 1 0.4s
[INFO] 			 - Running SMOPF, Network case33_3, 2025, Spring...
19:32:08 [W93 +   100.0s] solve  109                  sequential_pass:dso DSO|9|2025|Spring        ok iter 48 attempts 1 0.4s
[INFO] 			 - Running SMOPF, Network case33_3, 2025, Summer...
19:32:09 [W93 +   100.4s] solve  110                  sequential_pass:dso DSO|9|2025|Summer        ok iter 48 attempts 1 0.5s
[INFO] 			 - Running SMOPF, Network case33_3, 2025, Autumn...
19:32:10 [W93 +   101.9s] solve  111                  sequential_pass:dso DSO|9|2025|Autumn        ok iter 44 attempts 1 1.5s
[INFO] 			 - Running SMOPF, Network case33_3, 2025, Winter...
19:32:10 [W93 +   102.4s] solve  112                  sequential_pass:dso DSO|9|2025|Winter        ok iter 43 attempts 1 0.4s
[INFO] 			 - Running SMOPF, Network case33_3, 2030, Spring...
19:32:11 [W93 +   102.8s] solve  113                  sequential_pass:dso DSO|9|2030|Spring        ok iter 52 attempts 1 0.5s
[INFO] 			 - Running SMOPF, Network case33_3, 2030, Summer...
19:32:11 [W93 +   103.3s] solve  114                  sequential_pass:dso DSO|9|2030|Summer        ok iter 50 attempts 1 0.5s
[INFO] 			 - Running SMOPF, Network case33_3, 2030, Autumn...
19:32:12 [W93 +   103.7s] solve  115                  sequential_pass:dso DSO|9|2030|Autumn        ok iter 38 attempts 1 0.4s
[INFO] 			 - Running SMOPF, Network case33_3, 2030, Winter...
19:32:12 [W93 +   104.1s] solve  116                  sequential_pass:dso DSO|9|2030|Winter        ok iter 43 attempts 1 0.4s
[INFO] 			 - Running SMOPF, Network case33_3, 2035, Spring...
19:32:13 [W93 +   104.6s] solve  117                  sequential_pass:dso DSO|9|2035|Spring        ok iter 47 attempts 1 0.4s
[INFO] 			 - Running SMOPF, Network case33_3, 2035, Summer...
19:32:13 [W93 +   105.0s] solve  118                  sequential_pass:dso DSO|9|2035|Summer        ok iter 47 attempts 1 0.4s
[INFO] 			 - Running SMOPF, Network case33_3, 2035, Autumn...
19:32:14 [W93 +   105.4s] solve  119                  sequential_pass:dso DSO|9|2035|Autumn        ok iter 45 attempts 1 0.4s
[INFO] 			 - Running SMOPF, Network case33_3, 2035, Winter...
19:32:14 [W93 +   105.9s] solve  120                  sequential_pass:dso DSO|9|2035|Winter        ok iter 44 attempts 1 0.4s
[INFO] 			 - Running SMOPF, Network case9, 2025, Spring...
19:32:14 [W93 +   106.0s] solve  121                  sequential_pass:tso TSO|-|2025|Spring        ok iter 27 attempts 1 0.1s
[INFO] 			 - Running SMOPF, Network case9, 2025, Summer...
19:32:14 [W93 +   106.1s] solve  122                  sequential_pass:tso TSO|-|2025|Summer        ok iter 32 attempts 1 0.1s
[INFO] 			 - Running SMOPF, Network case9, 2025, Autumn...
19:32:14 [W93 +   106.2s] solve  123                  sequential_pass:tso TSO|-|2025|Autumn        ok iter 28 attempts 1 0.1s
[INFO] 			 - Running SMOPF, Network case9, 2025, Winter...
19:32:14 [W93 +   106.4s] solve  124                  sequential_pass:tso TSO|-|2025|Winter        ok iter 28 attempts 1 0.1s
[INFO] 			 - Running SMOPF, Network case9, 2030, Spring...
19:32:15 [W93 +   106.5s] solve  125                  sequential_pass:tso TSO|-|2030|Spring        ok iter 27 attempts 1 0.1s
[INFO] 			 - Running SMOPF, Network case9, 2030, Summer...
19:32:15 [W93 +   106.6s] solve  126                  sequential_pass:tso TSO|-|2030|Summer        ok iter 31 attempts 1 0.1s
[INFO] 			 - Running SMOPF, Network case9, 2030, Autumn...
19:32:15 [W93 +   106.7s] solve  127                  sequential_pass:tso TSO|-|2030|Autumn        ok iter 28 attempts 1 0.1s
[INFO] 			 - Running SMOPF, Network case9, 2030, Winter...
19:32:15 [W93 +   106.8s] solve  128                  sequential_pass:tso TSO|-|2030|Winter        ok iter 29 attempts 1 0.1s
[INFO] 			 - Running SMOPF, Network case9, 2035, Spring...
19:32:15 [W93 +   106.9s] solve  129                  sequential_pass:tso TSO|-|2035|Spring        ok iter 27 attempts 1 0.1s
[INFO] 			 - Running SMOPF, Network case9, 2035, Summer...
19:32:15 [W93 +   107.1s] solve  130                  sequential_pass:tso TSO|-|2035|Summer        ok iter 32 attempts 1 0.1s
[INFO] 			 - Running SMOPF, Network case9, 2035, Autumn...
19:32:15 [W93 +   107.2s] solve  131                  sequential_pass:tso TSO|-|2035|Autumn        ok iter 31 attempts 1 0.1s
[INFO] 			 - Running SMOPF, Network case9, 2035, Winter...
19:32:15 [W93 +   107.3s] solve  132                  sequential_pass:tso TSO|-|2035|Winter        ok iter 29 attempts 1 0.1s
19:32:16 [W116 +   108.2s] nrf_arm_price_taker_perturbed_r2: exit 0; guard counts {'permitted_solve': 132, 'permitted_exec': 132, 'blocked_solve': 0, 'blocked_exec': 0}
