19:33:19 [W116 +     0.1s] P5.15 Addendum 57 W116 -- uncoordinated benchmark spec v3: no-reverse-flow arms, the feasibility sweep of the unconstrained arms, the coordinated reverse-flow count; spec v4 (W119): per-block exact solve accounting of the NRF arm and tie-breaker stages; spec v5 (W121): the consistency re-evaluation admits the fixed reference voltage (setpoint bounds cleared), NRF arms and tie-breakers under _r2 run ids, the sweeps carried from W120 -- nrf_passive_tie_breaker_10_r2 (permitted solve sites (('uncoordinated_benchmark.py', '_solve_block'),)); output data/SRP1/Results/P515S53/w116_benchmark_nrf/nrf_passive_tie_breaker_10_r2
19:33:31 [W93 +    12.4s] unpickling data/SRP1/Results/P515S53/w101_srp1_continuation/campaign_s53_w101_srp1_cont_x0/evals/d110bd1a5977df1e_x0/certified_models.pkl (sha256 verified 99ab1070)
19:33:38 [W93 +    19.0s] unpickling data/SRP1/Results/P515S53/w101_srp1_continuation/campaign_s53_w101_srp1_cont_x0/evals/d110bd1a5977df1e_x0/esso_models_s39_D.pkl (sha256 verified 118487e1)
19:33:39 [W93 +    20.5s] capture-path checklist at nrf_passive_tie_breaker_10_r2 (before any solve): 97 items, all True
[INFO] 			 - Running SMOPF, Network case33_1, 2025, Spring...
19:33:46 [W93 +    27.1s] solve    1                     passive:cold:dso DSO|5|2025|Spring        ok iter 25 attempts 1 0.3s
[INFO] 			 - Running SMOPF, Network case33_1, 2025, Summer...
19:33:46 [W93 +    27.4s] solve    2                     passive:cold:dso DSO|5|2025|Summer        ok iter 29 attempts 1 0.3s
[INFO] 			 - Running SMOPF, Network case33_1, 2025, Autumn...
19:33:47 [W93 +    27.7s] solve    3                     passive:cold:dso DSO|5|2025|Autumn        ok iter 28 attempts 1 0.3s
[INFO] 			 - Running SMOPF, Network case33_1, 2025, Winter...
19:33:47 [W93 +    28.0s] solve    4                     passive:cold:dso DSO|5|2025|Winter        ok iter 27 attempts 1 0.3s
[INFO] 			 - Running SMOPF, Network case33_1, 2030, Spring...
19:33:47 [W93 +    28.3s] solve    5                     passive:cold:dso DSO|5|2030|Spring        ok iter 24 attempts 1 0.3s
[INFO] 			 - Running SMOPF, Network case33_1, 2030, Summer...
19:33:48 [W93 +    28.6s] solve    6                     passive:cold:dso DSO|5|2030|Summer        ok iter 28 attempts 1 0.3s
[INFO] 			 - Running SMOPF, Network case33_1, 2030, Autumn...
19:33:48 [W93 +    28.9s] solve    7                     passive:cold:dso DSO|5|2030|Autumn        ok iter 30 attempts 1 0.3s
[INFO] 			 - Running SMOPF, Network case33_1, 2030, Winter...
19:33:48 [W93 +    29.1s] solve    8                     passive:cold:dso DSO|5|2030|Winter        ok iter 28 attempts 1 0.3s
[INFO] 			 - Running SMOPF, Network case33_1, 2035, Spring...
19:33:48 [W93 +    29.4s] solve    9                     passive:cold:dso DSO|5|2035|Spring        ok iter 24 attempts 1 0.3s
[INFO] 			 - Running SMOPF, Network case33_1, 2035, Summer...
19:33:49 [W93 +    29.7s] solve   10                     passive:cold:dso DSO|5|2035|Summer        ok iter 36 attempts 1 0.3s
[INFO] 			 - Running SMOPF, Network case33_1, 2035, Autumn...
19:33:49 [W93 +    30.0s] solve   11                     passive:cold:dso DSO|5|2035|Autumn        ok iter 26 attempts 1 0.3s
[INFO] 			 - Running SMOPF, Network case33_1, 2035, Winter...
19:33:49 [W93 +    30.3s] solve   12                     passive:cold:dso DSO|5|2035|Winter        ok iter 28 attempts 1 0.3s
[INFO] 			 - Running SMOPF, Network case33_2, 2025, Spring...
19:33:50 [W93 +    30.6s] solve   13                     passive:cold:dso DSO|7|2025|Spring        ok iter 24 attempts 1 0.3s
[INFO] 			 - Running SMOPF, Network case33_2, 2025, Summer...
19:33:50 [W93 +    30.9s] solve   14                     passive:cold:dso DSO|7|2025|Summer        ok iter 28 attempts 1 0.3s
[INFO] 			 - Running SMOPF, Network case33_2, 2025, Autumn...
19:33:50 [W93 +    31.1s] solve   15                     passive:cold:dso DSO|7|2025|Autumn        ok iter 27 attempts 1 0.3s
[INFO] 			 - Running SMOPF, Network case33_2, 2025, Winter...
19:33:50 [W93 +    31.4s] solve   16                     passive:cold:dso DSO|7|2025|Winter        ok iter 27 attempts 1 0.3s
[INFO] 			 - Running SMOPF, Network case33_2, 2030, Spring...
19:33:51 [W93 +    31.7s] solve   17                     passive:cold:dso DSO|7|2030|Spring        ok iter 25 attempts 1 0.3s
[INFO] 			 - Running SMOPF, Network case33_2, 2030, Summer...
19:33:51 [W93 +    32.0s] solve   18                     passive:cold:dso DSO|7|2030|Summer        ok iter 28 attempts 1 0.3s
[INFO] 			 - Running SMOPF, Network case33_2, 2030, Autumn...
19:33:51 [W93 +    32.3s] solve   19                     passive:cold:dso DSO|7|2030|Autumn        ok iter 28 attempts 1 0.3s
[INFO] 			 - Running SMOPF, Network case33_2, 2030, Winter...
19:33:52 [W93 +    32.5s] solve   20                     passive:cold:dso DSO|7|2030|Winter        ok iter 29 attempts 1 0.3s
[INFO] 			 - Running SMOPF, Network case33_2, 2035, Spring...
19:33:52 [W93 +    32.8s] solve   21                     passive:cold:dso DSO|7|2035|Spring        ok iter 24 attempts 1 0.3s
[INFO] 			 - Running SMOPF, Network case33_2, 2035, Summer...
19:33:52 [W93 +    33.1s] solve   22                     passive:cold:dso DSO|7|2035|Summer        ok iter 28 attempts 1 0.3s
[INFO] 			 - Running SMOPF, Network case33_2, 2035, Autumn...
19:33:52 [W93 +    33.4s] solve   23                     passive:cold:dso DSO|7|2035|Autumn        ok iter 28 attempts 1 0.3s
[INFO] 			 - Running SMOPF, Network case33_2, 2035, Winter...
19:33:53 [W93 +    33.7s] solve   24                     passive:cold:dso DSO|7|2035|Winter        ok iter 27 attempts 1 0.3s
[INFO] 			 - Running SMOPF, Network case33_3, 2025, Spring...
19:33:53 [W93 +    33.9s] solve   25                     passive:cold:dso DSO|9|2025|Spring        ok iter 24 attempts 1 0.3s
[INFO] 			 - Running SMOPF, Network case33_3, 2025, Summer...
19:33:53 [W93 +    34.4s] solve   26                     passive:cold:dso DSO|9|2025|Summer        ok iter 59 attempts 1 0.5s
[INFO] 			 - Running SMOPF, Network case33_3, 2025, Autumn...
19:33:54 [W93 +    34.7s] solve   27                     passive:cold:dso DSO|9|2025|Autumn        ok iter 26 attempts 1 0.3s
[INFO] 			 - Running SMOPF, Network case33_3, 2025, Winter...
19:33:54 [W93 +    35.0s] solve   28                     passive:cold:dso DSO|9|2025|Winter        ok iter 26 attempts 1 0.3s
[INFO] 			 - Running SMOPF, Network case33_3, 2030, Spring...
19:33:54 [W93 +    35.2s] solve   29                     passive:cold:dso DSO|9|2030|Spring        ok iter 24 attempts 1 0.3s
[INFO] 			 - Running SMOPF, Network case33_3, 2030, Summer...
19:33:55 [W93 +    35.6s] solve   30                     passive:cold:dso DSO|9|2030|Summer        ok iter 47 attempts 1 0.4s
[INFO] 			 - Running SMOPF, Network case33_3, 2030, Autumn...
19:33:55 [W93 +    35.9s] solve   31                     passive:cold:dso DSO|9|2030|Autumn        ok iter 24 attempts 1 0.3s
[INFO] 			 - Running SMOPF, Network case33_3, 2030, Winter...
19:33:55 [W93 +    36.2s] solve   32                     passive:cold:dso DSO|9|2030|Winter        ok iter 28 attempts 1 0.3s
[INFO] 			 - Running SMOPF, Network case33_3, 2035, Spring...
19:33:56 [W93 +    36.5s] solve   33                     passive:cold:dso DSO|9|2035|Spring        ok iter 46 attempts 1 0.4s
[INFO] 			 - Running SMOPF, Network case33_3, 2035, Summer...
19:33:56 [W93 +    36.9s] solve   34                     passive:cold:dso DSO|9|2035|Summer        ok iter 38 attempts 1 0.3s
[INFO] 			 - Running SMOPF, Network case33_3, 2035, Autumn...
19:33:57 [W93 +    37.8s] solve   35                     passive:cold:dso DSO|9|2035|Autumn        ok iter 25 attempts 1 1.0s
[INFO] 			 - Running SMOPF, Network case33_3, 2035, Winter...
19:33:57 [W93 +    38.1s] solve   36                     passive:cold:dso DSO|9|2035|Winter        ok iter 27 attempts 1 0.3s
[INFO] 			 - Running SMOPF, Network case9, 2025, Spring...
19:33:58 [W93 +    38.8s] solve   37                     passive:cold:tso TSO|-|2025|Spring        ok iter 31 attempts 1 0.1s
[INFO] 			 - Running SMOPF, Network case9, 2025, Summer...
19:33:58 [W93 +    38.9s] solve   38                     passive:cold:tso TSO|-|2025|Summer        ok iter 31 attempts 1 0.1s
[INFO] 			 - Running SMOPF, Network case9, 2025, Autumn...
19:33:58 [W93 +    39.0s] solve   39                     passive:cold:tso TSO|-|2025|Autumn        ok iter 32 attempts 1 0.1s
[INFO] 			 - Running SMOPF, Network case9, 2025, Winter...
19:33:58 [W93 +    39.1s] solve   40                     passive:cold:tso TSO|-|2025|Winter        ok iter 32 attempts 1 0.1s
[INFO] 			 - Running SMOPF, Network case9, 2030, Spring...
19:33:58 [W93 +    39.2s] solve   41                     passive:cold:tso TSO|-|2030|Spring        ok iter 29 attempts 1 0.1s
[INFO] 			 - Running SMOPF, Network case9, 2030, Summer...
19:33:58 [W93 +    39.3s] solve   42                     passive:cold:tso TSO|-|2030|Summer        ok iter 32 attempts 1 0.1s
[INFO] 			 - Running SMOPF, Network case9, 2030, Autumn...
19:33:58 [W93 +    39.4s] solve   43                     passive:cold:tso TSO|-|2030|Autumn        ok iter 33 attempts 1 0.1s
[INFO] 			 - Running SMOPF, Network case9, 2030, Winter...
19:33:59 [W93 +    39.6s] solve   44                     passive:cold:tso TSO|-|2030|Winter        ok iter 31 attempts 1 0.1s
[INFO] 			 - Running SMOPF, Network case9, 2035, Spring...
19:33:59 [W93 +    39.7s] solve   45                     passive:cold:tso TSO|-|2035|Spring        ok iter 33 attempts 1 0.1s
[INFO] 			 - Running SMOPF, Network case9, 2035, Summer...
19:33:59 [W93 +    39.8s] solve   46                     passive:cold:tso TSO|-|2035|Summer        ok iter 34 attempts 1 0.1s
[INFO] 			 - Running SMOPF, Network case9, 2035, Autumn...
19:33:59 [W93 +    39.9s] solve   47                     passive:cold:tso TSO|-|2035|Autumn        ok iter 32 attempts 1 0.1s
[INFO] 			 - Running SMOPF, Network case9, 2035, Winter...
19:33:59 [W93 +    40.0s] solve   48                     passive:cold:tso TSO|-|2035|Winter        ok iter 31 attempts 1 0.1s
19:33:59 [W116 +    40.4s] nrf_passive_tie_breaker_10_r2: phase A Q = 895101320.7410666; NRF check: min p_int -9.915593025747435e-07 MW, strict reverse entries 35, at zero 35
19:33:59 [W116 +    40.5s] nrf_passive_tie_breaker_10_r2: exit 0; guard counts {'permitted_solve': 48, 'permitted_exec': 48, 'blocked_solve': 0, 'blocked_exec': 0}
