19:22:17 [W116 +     0.2s] P5.15 Addendum 57 W116 -- uncoordinated benchmark spec v3: no-reverse-flow arms, the feasibility sweep of the unconstrained arms, the coordinated reverse-flow count; spec v4 (W119): per-block exact solve accounting of the NRF arm and tie-breaker stages; spec v5 (W121): the consistency re-evaluation admits the fixed reference voltage (setpoint bounds cleared), NRF arms and tie-breakers under _r2 run ids, the sweeps carried from W120 -- nrf_arm_passive_cold_r2 (permitted solve sites (('uncoordinated_benchmark.py', '_solve_block'),)); output data/SRP1/Results/P515S53/w116_benchmark_nrf/nrf_arm_passive_cold_r2
19:22:30 [W93 +    13.3s] unpickling data/SRP1/Results/P515S53/w101_srp1_continuation/campaign_s53_w101_srp1_cont_x0/evals/d110bd1a5977df1e_x0/certified_models.pkl (sha256 verified 99ab1070)
19:22:37 [W93 +    19.9s] unpickling data/SRP1/Results/P515S53/w101_srp1_continuation/campaign_s53_w101_srp1_cont_x0/evals/d110bd1a5977df1e_x0/esso_models_s39_D.pkl (sha256 verified 118487e1)
19:22:38 [W93 +    21.4s] capture-path checklist at nrf_arm_passive_cold_r2 (before any solve): 97 items, all True
[INFO] 			 - Running SMOPF, Network case33_1, 2025, Spring...
19:22:45 [W93 +    28.1s] solve    1                     passive:cold:dso DSO|5|2025|Spring        ok iter 26 attempts 1 0.3s
[INFO] 			 - Running SMOPF, Network case33_1, 2025, Summer...
19:22:45 [W93 +    28.4s] solve    2                     passive:cold:dso DSO|5|2025|Summer        ok iter 29 attempts 1 0.3s
[INFO] 			 - Running SMOPF, Network case33_1, 2025, Autumn...
19:22:45 [W93 +    28.7s] solve    3                     passive:cold:dso DSO|5|2025|Autumn        ok iter 29 attempts 1 0.3s
[INFO] 			 - Running SMOPF, Network case33_1, 2025, Winter...
19:22:46 [W93 +    29.0s] solve    4                     passive:cold:dso DSO|5|2025|Winter        ok iter 28 attempts 1 0.3s
[INFO] 			 - Running SMOPF, Network case33_1, 2030, Spring...
19:22:46 [W93 +    29.3s] solve    5                     passive:cold:dso DSO|5|2030|Spring        ok iter 22 attempts 1 0.3s
[INFO] 			 - Running SMOPF, Network case33_1, 2030, Summer...
19:22:46 [W93 +    29.6s] solve    6                     passive:cold:dso DSO|5|2030|Summer        ok iter 28 attempts 1 0.3s
[INFO] 			 - Running SMOPF, Network case33_1, 2030, Autumn...
19:22:47 [W93 +    29.9s] solve    7                     passive:cold:dso DSO|5|2030|Autumn        ok iter 31 attempts 1 0.3s
[INFO] 			 - Running SMOPF, Network case33_1, 2030, Winter...
19:22:47 [W93 +    30.1s] solve    8                     passive:cold:dso DSO|5|2030|Winter        ok iter 28 attempts 1 0.3s
[INFO] 			 - Running SMOPF, Network case33_1, 2035, Spring...
19:22:47 [W93 +    30.4s] solve    9                     passive:cold:dso DSO|5|2035|Spring        ok iter 24 attempts 1 0.3s
[INFO] 			 - Running SMOPF, Network case33_1, 2035, Summer...
19:22:47 [W93 +    30.8s] solve   10                     passive:cold:dso DSO|5|2035|Summer        ok iter 35 attempts 1 0.3s
[INFO] 			 - Running SMOPF, Network case33_1, 2035, Autumn...
19:22:48 [W93 +    31.0s] solve   11                     passive:cold:dso DSO|5|2035|Autumn        ok iter 26 attempts 1 0.3s
[INFO] 			 - Running SMOPF, Network case33_1, 2035, Winter...
19:22:48 [W93 +    31.3s] solve   12                     passive:cold:dso DSO|5|2035|Winter        ok iter 29 attempts 1 0.3s
[INFO] 			 - Running SMOPF, Network case33_2, 2025, Spring...
19:22:48 [W93 +    31.6s] solve   13                     passive:cold:dso DSO|7|2025|Spring        ok iter 23 attempts 1 0.3s
[INFO] 			 - Running SMOPF, Network case33_2, 2025, Summer...
19:22:49 [W93 +    31.9s] solve   14                     passive:cold:dso DSO|7|2025|Summer        ok iter 28 attempts 1 0.3s
[INFO] 			 - Running SMOPF, Network case33_2, 2025, Autumn...
19:22:49 [W93 +    32.2s] solve   15                     passive:cold:dso DSO|7|2025|Autumn        ok iter 26 attempts 1 0.3s
[INFO] 			 - Running SMOPF, Network case33_2, 2025, Winter...
19:22:49 [W93 +    32.5s] solve   16                     passive:cold:dso DSO|7|2025|Winter        ok iter 28 attempts 1 0.3s
[INFO] 			 - Running SMOPF, Network case33_2, 2030, Spring...
19:22:49 [W93 +    32.8s] solve   17                     passive:cold:dso DSO|7|2030|Spring        ok iter 24 attempts 1 0.3s
[INFO] 			 - Running SMOPF, Network case33_2, 2030, Summer...
19:22:50 [W93 +    33.0s] solve   18                     passive:cold:dso DSO|7|2030|Summer        ok iter 27 attempts 1 0.3s
[INFO] 			 - Running SMOPF, Network case33_2, 2030, Autumn...
19:22:50 [W93 +    33.3s] solve   19                     passive:cold:dso DSO|7|2030|Autumn        ok iter 28 attempts 1 0.3s
[INFO] 			 - Running SMOPF, Network case33_2, 2030, Winter...
19:22:50 [W93 +    33.6s] solve   20                     passive:cold:dso DSO|7|2030|Winter        ok iter 28 attempts 1 0.3s
[INFO] 			 - Running SMOPF, Network case33_2, 2035, Spring...
19:22:51 [W93 +    33.9s] solve   21                     passive:cold:dso DSO|7|2035|Spring        ok iter 24 attempts 1 0.3s
[INFO] 			 - Running SMOPF, Network case33_2, 2035, Summer...
19:22:51 [W93 +    34.2s] solve   22                     passive:cold:dso DSO|7|2035|Summer        ok iter 30 attempts 1 0.3s
[INFO] 			 - Running SMOPF, Network case33_2, 2035, Autumn...
19:22:51 [W93 +    34.5s] solve   23                     passive:cold:dso DSO|7|2035|Autumn        ok iter 28 attempts 1 0.3s
[INFO] 			 - Running SMOPF, Network case33_2, 2035, Winter...
19:22:51 [W93 +    34.7s] solve   24                     passive:cold:dso DSO|7|2035|Winter        ok iter 28 attempts 1 0.3s
[INFO] 			 - Running SMOPF, Network case33_3, 2025, Spring...
19:22:52 [W93 +    35.0s] solve   25                     passive:cold:dso DSO|9|2025|Spring        ok iter 23 attempts 1 0.3s
[INFO] 			 - Running SMOPF, Network case33_3, 2025, Summer...
19:22:52 [W93 +    35.3s] solve   26                     passive:cold:dso DSO|9|2025|Summer        ok iter 38 attempts 1 0.3s
[INFO] 			 - Running SMOPF, Network case33_3, 2025, Autumn...
19:22:52 [W93 +    35.6s] solve   27                     passive:cold:dso DSO|9|2025|Autumn        ok iter 26 attempts 1 0.3s
[INFO] 			 - Running SMOPF, Network case33_3, 2025, Winter...
19:22:53 [W93 +    35.9s] solve   28                     passive:cold:dso DSO|9|2025|Winter        ok iter 27 attempts 1 0.3s
[INFO] 			 - Running SMOPF, Network case33_3, 2030, Spring...
19:22:53 [W93 +    36.2s] solve   29                     passive:cold:dso DSO|9|2030|Spring        ok iter 23 attempts 1 0.3s
[INFO] 			 - Running SMOPF, Network case33_3, 2030, Summer...
19:22:53 [W93 +    36.7s] solve   30                     passive:cold:dso DSO|9|2030|Summer        ok iter 65 attempts 1 0.5s
[INFO] 			 - Running SMOPF, Network case33_3, 2030, Autumn...
19:22:54 [W93 +    37.0s] solve   31                     passive:cold:dso DSO|9|2030|Autumn        ok iter 26 attempts 1 0.3s
[INFO] 			 - Running SMOPF, Network case33_3, 2030, Winter...
19:22:54 [W93 +    37.2s] solve   32                     passive:cold:dso DSO|9|2030|Winter        ok iter 28 attempts 1 0.3s
[INFO] 			 - Running SMOPF, Network case33_3, 2035, Spring...
19:22:54 [W93 +    37.7s] solve   33                     passive:cold:dso DSO|9|2035|Spring        ok iter 53 attempts 1 0.4s
[INFO] 			 - Running SMOPF, Network case33_3, 2035, Summer...
19:22:55 [W93 +    38.1s] solve   34                     passive:cold:dso DSO|9|2035|Summer        ok iter 68 attempts 1 0.5s
[INFO] 			 - Running SMOPF, Network case33_3, 2035, Autumn...
19:22:56 [W93 +    39.1s] solve   35                     passive:cold:dso DSO|9|2035|Autumn        ok iter 27 attempts 1 1.0s
[INFO] 			 - Running SMOPF, Network case33_3, 2035, Winter...
19:22:56 [W93 +    39.4s] solve   36                     passive:cold:dso DSO|9|2035|Winter        ok iter 29 attempts 1 0.3s
[INFO] 			 - Running SMOPF, Network case9, 2025, Spring...
19:22:57 [W93 +    40.1s] solve   37                     passive:cold:tso TSO|-|2025|Spring        ok iter 31 attempts 1 0.1s
[INFO] 			 - Running SMOPF, Network case9, 2025, Summer...
19:22:57 [W93 +    40.2s] solve   38                     passive:cold:tso TSO|-|2025|Summer        ok iter 28 attempts 1 0.1s
[INFO] 			 - Running SMOPF, Network case9, 2025, Autumn...
19:22:57 [W93 +    40.3s] solve   39                     passive:cold:tso TSO|-|2025|Autumn        ok iter 32 attempts 1 0.1s
[INFO] 			 - Running SMOPF, Network case9, 2025, Winter...
19:22:57 [W93 +    40.4s] solve   40                     passive:cold:tso TSO|-|2025|Winter        ok iter 32 attempts 1 0.1s
[INFO] 			 - Running SMOPF, Network case9, 2030, Spring...
19:22:57 [W93 +    40.5s] solve   41                     passive:cold:tso TSO|-|2030|Spring        ok iter 35 attempts 1 0.1s
[INFO] 			 - Running SMOPF, Network case9, 2030, Summer...
19:22:57 [W93 +    40.6s] solve   42                     passive:cold:tso TSO|-|2030|Summer        ok iter 32 attempts 1 0.1s
[INFO] 			 - Running SMOPF, Network case9, 2030, Autumn...
19:22:57 [W93 +    40.8s] solve   43                     passive:cold:tso TSO|-|2030|Autumn        ok iter 35 attempts 1 0.1s
[INFO] 			 - Running SMOPF, Network case9, 2030, Winter...
19:22:58 [W93 +    40.9s] solve   44                     passive:cold:tso TSO|-|2030|Winter        ok iter 31 attempts 1 0.1s
[INFO] 			 - Running SMOPF, Network case9, 2035, Spring...
19:22:58 [W93 +    41.0s] solve   45                     passive:cold:tso TSO|-|2035|Spring        ok iter 35 attempts 1 0.1s
[INFO] 			 - Running SMOPF, Network case9, 2035, Summer...
19:22:58 [W93 +    41.1s] solve   46                     passive:cold:tso TSO|-|2035|Summer        ok iter 35 attempts 1 0.1s
[INFO] 			 - Running SMOPF, Network case9, 2035, Autumn...
19:22:58 [W93 +    41.2s] solve   47                     passive:cold:tso TSO|-|2035|Autumn        ok iter 32 attempts 1 0.1s
[INFO] 			 - Running SMOPF, Network case9, 2035, Winter...
19:22:58 [W93 +    41.3s] solve   48                     passive:cold:tso TSO|-|2035|Winter        ok iter 31 attempts 1 0.1s
19:22:58 [W116 +    41.7s] nrf_arm_passive_cold_r2: phase A Q = 895119758.5132563; NRF check: min p_int -9.144835776845784e-07 MW, strict reverse entries 35, at zero 35
[INFO] 			 - Running SMOPF, Network case33_1, 2025, Spring...
WARNING: model contains export suffix 'dual' that contains 2639 component keys
that are not exported as part of the NL file.  Skipping.
19:22:59 [W93 +    42.2s] solve   49             consistency:reevaluation DSO|5|2025|Spring        ok iter 3 attempts 1 0.2s
[INFO] 			 - Running SMOPF, Network case33_1, 2025, Summer...
WARNING: model contains export suffix 'dual' that contains 2639 component keys
that are not exported as part of the NL file.  Skipping.
19:22:59 [W93 +    42.6s] solve   50             consistency:reevaluation DSO|5|2025|Summer        ok iter 3 attempts 1 0.2s
[INFO] 			 - Running SMOPF, Network case33_1, 2025, Autumn...
WARNING: model contains export suffix 'dual' that contains 2603 component keys
that are not exported as part of the NL file.  Skipping.
19:23:00 [W93 +    43.0s] solve   51             consistency:reevaluation DSO|5|2025|Autumn        ok iter 3 attempts 1 0.2s
[INFO] 			 - Running SMOPF, Network case33_1, 2025, Winter...
WARNING: model contains export suffix 'dual' that contains 2603 component keys
that are not exported as part of the NL file.  Skipping.
19:23:00 [W93 +    43.5s] solve   52             consistency:reevaluation DSO|5|2025|Winter        ok iter 3 attempts 1 0.2s
[INFO] 			 - Running SMOPF, Network case33_1, 2030, Spring...
WARNING: model contains export suffix 'dual' that contains 2639 component keys
that are not exported as part of the NL file.  Skipping.
19:23:02 [W93 +    44.9s] solve   53             consistency:reevaluation DSO|5|2030|Spring        ok iter 3 attempts 1 1.1s
[INFO] 			 - Running SMOPF, Network case33_1, 2030, Summer...
WARNING: model contains export suffix 'dual' that contains 2639 component keys
that are not exported as part of the NL file.  Skipping.
19:23:02 [W93 +    45.3s] solve   54             consistency:reevaluation DSO|5|2030|Summer        ok iter 3 attempts 1 0.2s
[INFO] 			 - Running SMOPF, Network case33_1, 2030, Autumn...
WARNING: model contains export suffix 'dual' that contains 2603 component keys
that are not exported as part of the NL file.  Skipping.
19:23:02 [W93 +    45.8s] solve   55             consistency:reevaluation DSO|5|2030|Autumn        ok iter 3 attempts 1 0.2s
[INFO] 			 - Running SMOPF, Network case33_1, 2030, Winter...
WARNING: model contains export suffix 'dual' that contains 2603 component keys
that are not exported as part of the NL file.  Skipping.
19:23:03 [W93 +    46.2s] solve   56             consistency:reevaluation DSO|5|2030|Winter        ok iter 3 attempts 1 0.2s
[INFO] 			 - Running SMOPF, Network case33_1, 2035, Spring...
WARNING: model contains export suffix 'dual' that contains 2639 component keys
that are not exported as part of the NL file.  Skipping.
19:23:03 [W93 +    46.7s] solve   57             consistency:reevaluation DSO|5|2035|Spring        ok iter 3 attempts 1 0.2s
[INFO] 			 - Running SMOPF, Network case33_1, 2035, Summer...
WARNING: model contains export suffix 'dual' that contains 2639 component keys
that are not exported as part of the NL file.  Skipping.
19:23:04 [W93 +    47.1s] solve   58             consistency:reevaluation DSO|5|2035|Summer        ok iter 3 attempts 1 0.2s
[INFO] 			 - Running SMOPF, Network case33_1, 2035, Autumn...
WARNING: model contains export suffix 'dual' that contains 2603 component keys
that are not exported as part of the NL file.  Skipping.
19:23:04 [W93 +    47.5s] solve   59             consistency:reevaluation DSO|5|2035|Autumn        ok iter 3 attempts 1 0.2s
[INFO] 			 - Running SMOPF, Network case33_1, 2035, Winter...
WARNING: model contains export suffix 'dual' that contains 2603 component keys
that are not exported as part of the NL file.  Skipping.
19:23:05 [W93 +    48.0s] solve   60             consistency:reevaluation DSO|5|2035|Winter        ok iter 3 attempts 1 0.2s
[INFO] 			 - Running SMOPF, Network case33_2, 2025, Spring...
WARNING: model contains export suffix 'dual' that contains 2666 component keys
that are not exported as part of the NL file.  Skipping.
19:23:05 [W93 +    48.4s] solve   61             consistency:reevaluation DSO|7|2025|Spring        ok iter 3 attempts 1 0.2s
[INFO] 			 - Running SMOPF, Network case33_2, 2025, Summer...
WARNING: model contains export suffix 'dual' that contains 2666 component keys
that are not exported as part of the NL file.  Skipping.
19:23:07 [W93 +    50.1s] solve   62             consistency:reevaluation DSO|7|2025|Summer        ok iter 3 attempts 1 1.4s
[INFO] 			 - Running SMOPF, Network case33_2, 2025, Autumn...
WARNING: model contains export suffix 'dual' that contains 2642 component keys
that are not exported as part of the NL file.  Skipping.
19:23:07 [W93 +    50.5s] solve   63             consistency:reevaluation DSO|7|2025|Autumn        ok iter 3 attempts 1 0.2s
[INFO] 			 - Running SMOPF, Network case33_2, 2025, Winter...
WARNING: model contains export suffix 'dual' that contains 2642 component keys
that are not exported as part of the NL file.  Skipping.
19:23:08 [W93 +    51.0s] solve   64             consistency:reevaluation DSO|7|2025|Winter        ok iter 3 attempts 1 0.2s
[INFO] 			 - Running SMOPF, Network case33_2, 2030, Spring...
WARNING: model contains export suffix 'dual' that contains 2666 component keys
that are not exported as part of the NL file.  Skipping.
19:23:08 [W93 +    51.4s] solve   65             consistency:reevaluation DSO|7|2030|Spring        ok iter 3 attempts 1 0.2s
[INFO] 			 - Running SMOPF, Network case33_2, 2030, Summer...
WARNING: model contains export suffix 'dual' that contains 2666 component keys
that are not exported as part of the NL file.  Skipping.
19:23:09 [W93 +    51.9s] solve   66             consistency:reevaluation DSO|7|2030|Summer        ok iter 3 attempts 1 0.2s
[INFO] 			 - Running SMOPF, Network case33_2, 2030, Autumn...
WARNING: model contains export suffix 'dual' that contains 2642 component keys
that are not exported as part of the NL file.  Skipping.
19:23:09 [W93 +    52.3s] solve   67             consistency:reevaluation DSO|7|2030|Autumn        ok iter 3 attempts 1 0.2s
[INFO] 			 - Running SMOPF, Network case33_2, 2030, Winter...
WARNING: model contains export suffix 'dual' that contains 2642 component keys
that are not exported as part of the NL file.  Skipping.
19:23:09 [W93 +    52.8s] solve   68             consistency:reevaluation DSO|7|2030|Winter        ok iter 3 attempts 1 0.2s
[INFO] 			 - Running SMOPF, Network case33_2, 2035, Spring...
WARNING: model contains export suffix 'dual' that contains 2666 component keys
that are not exported as part of the NL file.  Skipping.
19:23:10 [W93 +    53.2s] solve   69             consistency:reevaluation DSO|7|2035|Spring        ok iter 3 attempts 1 0.2s
[INFO] 			 - Running SMOPF, Network case33_2, 2035, Summer...
WARNING: model contains export suffix 'dual' that contains 2666 component keys
that are not exported as part of the NL file.  Skipping.
19:23:10 [W93 +    53.7s] solve   70             consistency:reevaluation DSO|7|2035|Summer        ok iter 3 attempts 1 0.2s
[INFO] 			 - Running SMOPF, Network case33_2, 2035, Autumn...
WARNING: model contains export suffix 'dual' that contains 2642 component keys
that are not exported as part of the NL file.  Skipping.
19:23:11 [W93 +    54.1s] solve   71             consistency:reevaluation DSO|7|2035|Autumn        ok iter 3 attempts 1 0.2s
[INFO] 			 - Running SMOPF, Network case33_2, 2035, Winter...
WARNING: model contains export suffix 'dual' that contains 2642 component keys
that are not exported as part of the NL file.  Skipping.
19:23:13 [W93 +    55.9s] solve   72             consistency:reevaluation DSO|7|2035|Winter        ok iter 3 attempts 1 1.5s
[INFO] 			 - Running SMOPF, Network case33_3, 2025, Spring...
WARNING: model contains export suffix 'dual' that contains 2639 component keys
that are not exported as part of the NL file.  Skipping.
19:23:13 [W93 +    56.3s] solve   73             consistency:reevaluation DSO|9|2025|Spring        ok iter 3 attempts 1 0.2s
[INFO] 			 - Running SMOPF, Network case33_3, 2025, Summer...
WARNING: model contains export suffix 'dual' that contains 2639 component keys
that are not exported as part of the NL file.  Skipping.
19:23:14 [W93 +    56.8s] solve   74             consistency:reevaluation DSO|9|2025|Summer        ok iter 3 attempts 1 0.2s
[INFO] 			 - Running SMOPF, Network case33_3, 2025, Autumn...
WARNING: model contains export suffix 'dual' that contains 2603 component keys
that are not exported as part of the NL file.  Skipping.
19:23:14 [W93 +    57.2s] solve   75             consistency:reevaluation DSO|9|2025|Autumn        ok iter 3 attempts 1 0.2s
[INFO] 			 - Running SMOPF, Network case33_3, 2025, Winter...
WARNING: model contains export suffix 'dual' that contains 2603 component keys
that are not exported as part of the NL file.  Skipping.
19:23:14 [W93 +    57.7s] solve   76             consistency:reevaluation DSO|9|2025|Winter        ok iter 3 attempts 1 0.2s
[INFO] 			 - Running SMOPF, Network case33_3, 2030, Spring...
WARNING: model contains export suffix 'dual' that contains 2639 component keys
that are not exported as part of the NL file.  Skipping.
19:23:15 [W93 +    58.1s] solve   77             consistency:reevaluation DSO|9|2030|Spring        ok iter 3 attempts 1 0.2s
[INFO] 			 - Running SMOPF, Network case33_3, 2030, Summer...
WARNING: model contains export suffix 'dual' that contains 2639 component keys
that are not exported as part of the NL file.  Skipping.
19:23:15 [W93 +    58.6s] solve   78             consistency:reevaluation DSO|9|2030|Summer        ok iter 3 attempts 1 0.2s
[INFO] 			 - Running SMOPF, Network case33_3, 2030, Autumn...
WARNING: model contains export suffix 'dual' that contains 2603 component keys
that are not exported as part of the NL file.  Skipping.
19:23:16 [W93 +    59.0s] solve   79             consistency:reevaluation DSO|9|2030|Autumn        ok iter 3 attempts 1 0.2s
[INFO] 			 - Running SMOPF, Network case33_3, 2030, Winter...
WARNING: model contains export suffix 'dual' that contains 2603 component keys
that are not exported as part of the NL file.  Skipping.
19:23:16 [W93 +    59.4s] solve   80             consistency:reevaluation DSO|9|2030|Winter        ok iter 3 attempts 1 0.2s
[INFO] 			 - Running SMOPF, Network case33_3, 2035, Spring...
WARNING: model contains export suffix 'dual' that contains 2639 component keys
that are not exported as part of the NL file.  Skipping.
19:23:17 [W93 +    59.9s] solve   81             consistency:reevaluation DSO|9|2035|Spring        ok iter 3 attempts 1 0.2s
[INFO] 			 - Running SMOPF, Network case33_3, 2035, Summer...
WARNING: model contains export suffix 'dual' that contains 2639 component keys
that are not exported as part of the NL file.  Skipping.
19:23:18 [W93 +    61.7s] solve   82             consistency:reevaluation DSO|9|2035|Summer        ok iter 3 attempts 1 1.5s
[INFO] 			 - Running SMOPF, Network case33_3, 2035, Autumn...
WARNING: model contains export suffix 'dual' that contains 2603 component keys
that are not exported as part of the NL file.  Skipping.
19:23:19 [W93 +    62.1s] solve   83             consistency:reevaluation DSO|9|2035|Autumn        ok iter 3 attempts 1 0.2s
[INFO] 			 - Running SMOPF, Network case33_3, 2035, Winter...
WARNING: model contains export suffix 'dual' that contains 2603 component keys
that are not exported as part of the NL file.  Skipping.
19:23:19 [W93 +    62.6s] solve   84             consistency:reevaluation DSO|9|2035|Winter        ok iter 3 attempts 1 0.2s
[INFO] 			 - Running SMOPF, Network case33_1, 2025, Spring...
19:23:20 [W93 +    62.9s] solve   85                  sequential_pass:dso DSO|5|2025|Spring        ok iter 25 attempts 1 0.3s
[INFO] 			 - Running SMOPF, Network case33_1, 2025, Summer...
19:23:20 [W93 +    63.2s] solve   86                  sequential_pass:dso DSO|5|2025|Summer        ok iter 29 attempts 1 0.3s
[INFO] 			 - Running SMOPF, Network case33_1, 2025, Autumn...
19:23:20 [W93 +    63.5s] solve   87                  sequential_pass:dso DSO|5|2025|Autumn        ok iter 26 attempts 1 0.3s
[INFO] 			 - Running SMOPF, Network case33_1, 2025, Winter...
19:23:21 [W93 +    63.8s] solve   88                  sequential_pass:dso DSO|5|2025|Winter        ok iter 28 attempts 1 0.3s
[INFO] 			 - Running SMOPF, Network case33_1, 2030, Spring...
19:23:21 [W93 +    64.1s] solve   89                  sequential_pass:dso DSO|5|2030|Spring        ok iter 24 attempts 1 0.3s
[INFO] 			 - Running SMOPF, Network case33_1, 2030, Summer...
19:23:21 [W93 +    64.4s] solve   90                  sequential_pass:dso DSO|5|2030|Summer        ok iter 28 attempts 1 0.3s
[INFO] 			 - Running SMOPF, Network case33_1, 2030, Autumn...
19:23:21 [W93 +    64.8s] solve   91                  sequential_pass:dso DSO|5|2030|Autumn        ok iter 30 attempts 1 0.3s
[INFO] 			 - Running SMOPF, Network case33_1, 2030, Winter...
19:23:22 [W93 +    65.1s] solve   92                  sequential_pass:dso DSO|5|2030|Winter        ok iter 28 attempts 1 0.3s
[INFO] 			 - Running SMOPF, Network case33_1, 2035, Spring...
19:23:22 [W93 +    65.4s] solve   93                  sequential_pass:dso DSO|5|2035|Spring        ok iter 26 attempts 1 0.3s
[INFO] 			 - Running SMOPF, Network case33_1, 2035, Summer...
19:23:22 [W93 +    65.7s] solve   94                  sequential_pass:dso DSO|5|2035|Summer        ok iter 36 attempts 1 0.3s
[INFO] 			 - Running SMOPF, Network case33_1, 2035, Autumn...
19:23:23 [W93 +    66.0s] solve   95                  sequential_pass:dso DSO|5|2035|Autumn        ok iter 26 attempts 1 0.3s
[INFO] 			 - Running SMOPF, Network case33_1, 2035, Winter...
19:23:23 [W93 +    66.3s] solve   96                  sequential_pass:dso DSO|5|2035|Winter        ok iter 28 attempts 1 0.3s
[INFO] 			 - Running SMOPF, Network case33_2, 2025, Spring...
19:23:23 [W93 +    66.6s] solve   97                  sequential_pass:dso DSO|7|2025|Spring        ok iter 25 attempts 1 0.3s
[INFO] 			 - Running SMOPF, Network case33_2, 2025, Summer...
19:23:24 [W93 +    66.9s] solve   98                  sequential_pass:dso DSO|7|2025|Summer        ok iter 27 attempts 1 0.3s
[INFO] 			 - Running SMOPF, Network case33_2, 2025, Autumn...
19:23:24 [W93 +    67.2s] solve   99                  sequential_pass:dso DSO|7|2025|Autumn        ok iter 25 attempts 1 0.3s
[INFO] 			 - Running SMOPF, Network case33_2, 2025, Winter...
19:23:24 [W93 +    67.5s] solve  100                  sequential_pass:dso DSO|7|2025|Winter        ok iter 27 attempts 1 0.3s
[INFO] 			 - Running SMOPF, Network case33_2, 2030, Spring...
19:23:25 [W93 +    67.8s] solve  101                  sequential_pass:dso DSO|7|2030|Spring        ok iter 25 attempts 1 0.3s
[INFO] 			 - Running SMOPF, Network case33_2, 2030, Summer...
19:23:25 [W93 +    68.2s] solve  102                  sequential_pass:dso DSO|7|2030|Summer        ok iter 33 attempts 1 0.3s
[INFO] 			 - Running SMOPF, Network case33_2, 2030, Autumn...
19:23:25 [W93 +    68.5s] solve  103                  sequential_pass:dso DSO|7|2030|Autumn        ok iter 26 attempts 1 0.3s
[INFO] 			 - Running SMOPF, Network case33_2, 2030, Winter...
19:23:25 [W93 +    68.8s] solve  104                  sequential_pass:dso DSO|7|2030|Winter        ok iter 27 attempts 1 0.3s
[INFO] 			 - Running SMOPF, Network case33_2, 2035, Spring...
19:23:26 [W93 +    69.0s] solve  105                  sequential_pass:dso DSO|7|2035|Spring        ok iter 23 attempts 1 0.3s
[INFO] 			 - Running SMOPF, Network case33_2, 2035, Summer...
19:23:26 [W93 +    69.4s] solve  106                  sequential_pass:dso DSO|7|2035|Summer        ok iter 30 attempts 1 0.3s
[INFO] 			 - Running SMOPF, Network case33_2, 2035, Autumn...
19:23:26 [W93 +    69.6s] solve  107                  sequential_pass:dso DSO|7|2035|Autumn        ok iter 23 attempts 1 0.3s
[INFO] 			 - Running SMOPF, Network case33_2, 2035, Winter...
19:23:27 [W93 +    69.9s] solve  108                  sequential_pass:dso DSO|7|2035|Winter        ok iter 27 attempts 1 0.3s
[INFO] 			 - Running SMOPF, Network case33_3, 2025, Spring...
19:23:27 [W93 +    70.2s] solve  109                  sequential_pass:dso DSO|9|2025|Spring        ok iter 24 attempts 1 0.3s
[INFO] 			 - Running SMOPF, Network case33_3, 2025, Summer...
19:23:27 [W93 +    70.6s] solve  110                  sequential_pass:dso DSO|9|2025|Summer        ok iter 41 attempts 1 0.4s
[INFO] 			 - Running SMOPF, Network case33_3, 2025, Autumn...
19:23:28 [W93 +    70.9s] solve  111                  sequential_pass:dso DSO|9|2025|Autumn        ok iter 25 attempts 1 0.3s
[INFO] 			 - Running SMOPF, Network case33_3, 2025, Winter...
19:23:28 [W93 +    71.2s] solve  112                  sequential_pass:dso DSO|9|2025|Winter        ok iter 27 attempts 1 0.3s
[INFO] 			 - Running SMOPF, Network case33_3, 2030, Spring...
19:23:28 [W93 +    71.5s] solve  113                  sequential_pass:dso DSO|9|2030|Spring        ok iter 24 attempts 1 0.3s
[INFO] 			 - Running SMOPF, Network case33_3, 2030, Summer...
19:23:29 [W93 +    71.9s] solve  114                  sequential_pass:dso DSO|9|2030|Summer        ok iter 40 attempts 1 0.4s
[INFO] 			 - Running SMOPF, Network case33_3, 2030, Autumn...
19:23:29 [W93 +    72.2s] solve  115                  sequential_pass:dso DSO|9|2030|Autumn        ok iter 26 attempts 1 0.3s
[INFO] 			 - Running SMOPF, Network case33_3, 2030, Winter...
19:23:29 [W93 +    72.5s] solve  116                  sequential_pass:dso DSO|9|2030|Winter        ok iter 28 attempts 1 0.3s
[INFO] 			 - Running SMOPF, Network case33_3, 2035, Spring...
19:23:30 [W93 +    72.8s] solve  117                  sequential_pass:dso DSO|9|2035|Spring        ok iter 38 attempts 1 0.3s
[INFO] 			 - Running SMOPF, Network case33_3, 2035, Summer...
19:23:30 [W93 +    73.2s] solve  118                  sequential_pass:dso DSO|9|2035|Summer        ok iter 41 attempts 1 0.4s
[INFO] 			 - Running SMOPF, Network case33_3, 2035, Autumn...
19:23:30 [W93 +    73.5s] solve  119                  sequential_pass:dso DSO|9|2035|Autumn        ok iter 24 attempts 1 0.3s
[INFO] 			 - Running SMOPF, Network case33_3, 2035, Winter...
19:23:30 [W93 +    73.8s] solve  120                  sequential_pass:dso DSO|9|2035|Winter        ok iter 28 attempts 1 0.3s
[INFO] 			 - Running SMOPF, Network case9, 2025, Spring...
19:23:31 [W93 +    73.9s] solve  121                  sequential_pass:tso TSO|-|2025|Spring        ok iter 28 attempts 1 0.1s
[INFO] 			 - Running SMOPF, Network case9, 2025, Summer...
19:23:31 [W93 +    74.0s] solve  122                  sequential_pass:tso TSO|-|2025|Summer        ok iter 29 attempts 1 0.1s
[INFO] 			 - Running SMOPF, Network case9, 2025, Autumn...
19:23:31 [W93 +    74.1s] solve  123                  sequential_pass:tso TSO|-|2025|Autumn        ok iter 28 attempts 1 0.1s
[INFO] 			 - Running SMOPF, Network case9, 2025, Winter...
19:23:31 [W93 +    74.3s] solve  124                  sequential_pass:tso TSO|-|2025|Winter        ok iter 28 attempts 1 0.1s
[INFO] 			 - Running SMOPF, Network case9, 2030, Spring...
19:23:31 [W93 +    74.4s] solve  125                  sequential_pass:tso TSO|-|2030|Spring        ok iter 27 attempts 1 0.1s
[INFO] 			 - Running SMOPF, Network case9, 2030, Summer...
19:23:32 [W93 +    75.7s] solve  126                  sequential_pass:tso TSO|-|2030|Summer        ok iter 30 attempts 1 1.3s
[INFO] 			 - Running SMOPF, Network case9, 2030, Autumn...
19:23:33 [W93 +    75.8s] solve  127                  sequential_pass:tso TSO|-|2030|Autumn        ok iter 29 attempts 1 0.1s
[INFO] 			 - Running SMOPF, Network case9, 2030, Winter...
19:23:33 [W93 +    76.0s] solve  128                  sequential_pass:tso TSO|-|2030|Winter        ok iter 30 attempts 1 0.1s
[INFO] 			 - Running SMOPF, Network case9, 2035, Spring...
19:23:33 [W93 +    76.1s] solve  129                  sequential_pass:tso TSO|-|2035|Spring        ok iter 26 attempts 1 0.1s
[INFO] 			 - Running SMOPF, Network case9, 2035, Summer...
19:23:33 [W93 +    76.2s] solve  130                  sequential_pass:tso TSO|-|2035|Summer        ok iter 30 attempts 1 0.1s
[INFO] 			 - Running SMOPF, Network case9, 2035, Autumn...
19:23:33 [W93 +    76.3s] solve  131                  sequential_pass:tso TSO|-|2035|Autumn        ok iter 31 attempts 1 0.1s
[INFO] 			 - Running SMOPF, Network case9, 2035, Winter...
19:23:33 [W93 +    76.4s] solve  132                  sequential_pass:tso TSO|-|2035|Winter        ok iter 29 attempts 1 0.1s
19:23:34 [W116 +    77.0s] nrf_arm_passive_cold_r2: exit 0; guard counts {'permitted_solve': 132, 'permitted_exec': 132, 'blocked_solve': 0, 'blocked_exec': 0}
