19:28:50 [W116 +     0.1s] P5.15 Addendum 57 W116 -- uncoordinated benchmark spec v3: no-reverse-flow arms, the feasibility sweep of the unconstrained arms, the coordinated reverse-flow count; spec v4 (W119): per-block exact solve accounting of the NRF arm and tie-breaker stages; spec v5 (W121): the consistency re-evaluation admits the fixed reference voltage (setpoint bounds cleared), NRF arms and tie-breakers under _r2 run ids, the sweeps carried from W120 -- nrf_arm_price_taker_warm_from_certified_r2 (permitted solve sites (('uncoordinated_benchmark.py', '_solve_block'),)); output data/SRP1/Results/P515S53/w116_benchmark_nrf/nrf_arm_price_taker_warm_from_certified_r2
19:29:02 [W93 +    12.4s] unpickling data/SRP1/Results/P515S53/w101_srp1_continuation/campaign_s53_w101_srp1_cont_x0/evals/d110bd1a5977df1e_x0/certified_models.pkl (sha256 verified 99ab1070)
19:29:09 [W93 +    19.0s] unpickling data/SRP1/Results/P515S53/w101_srp1_continuation/campaign_s53_w101_srp1_cont_x0/evals/d110bd1a5977df1e_x0/esso_models_s39_D.pkl (sha256 verified 118487e1)
19:29:11 [W93 +    21.4s] capture-path checklist at nrf_arm_price_taker_warm_from_certified_r2 (before any solve): 97 items, all True
[INFO] 			 - Running SMOPF, Network case33_1, 2025, Spring...
19:29:19 [W93 +    28.8s] solve    1  price_taker:warm_from_certified:dso DSO|5|2025|Spring        ok iter 44 attempts 1 0.4s
[INFO] 			 - Running SMOPF, Network case33_1, 2025, Summer...
19:29:19 [W93 +    29.2s] solve    2  price_taker:warm_from_certified:dso DSO|5|2025|Summer        ok iter 44 attempts 1 0.4s
[INFO] 			 - Running SMOPF, Network case33_1, 2025, Autumn...
19:29:20 [W93 +    29.6s] solve    3  price_taker:warm_from_certified:dso DSO|5|2025|Autumn        ok iter 41 attempts 1 0.4s
[INFO] 			 - Running SMOPF, Network case33_1, 2025, Winter...
19:29:20 [W93 +    30.1s] solve    4  price_taker:warm_from_certified:dso DSO|5|2025|Winter        ok iter 44 attempts 1 0.4s
[INFO] 			 - Running SMOPF, Network case33_1, 2030, Spring...
19:29:20 [W93 +    30.5s] solve    5  price_taker:warm_from_certified:dso DSO|5|2030|Spring        ok iter 45 attempts 1 0.4s
[INFO] 			 - Running SMOPF, Network case33_1, 2030, Summer...
19:29:21 [W93 +    30.9s] solve    6  price_taker:warm_from_certified:dso DSO|5|2030|Summer        ok iter 42 attempts 1 0.4s
[INFO] 			 - Running SMOPF, Network case33_1, 2030, Autumn...
19:29:21 [W93 +    31.3s] solve    7  price_taker:warm_from_certified:dso DSO|5|2030|Autumn        ok iter 41 attempts 1 0.4s
[INFO] 			 - Running SMOPF, Network case33_1, 2030, Winter...
19:29:22 [W93 +    31.7s] solve    8  price_taker:warm_from_certified:dso DSO|5|2030|Winter        ok iter 41 attempts 1 0.4s
[INFO] 			 - Running SMOPF, Network case33_1, 2035, Spring...
19:29:22 [W93 +    32.1s] solve    9  price_taker:warm_from_certified:dso DSO|5|2035|Spring        ok iter 45 attempts 1 0.4s
[INFO] 			 - Running SMOPF, Network case33_1, 2035, Summer...
19:29:22 [W93 +    32.5s] solve   10  price_taker:warm_from_certified:dso DSO|5|2035|Summer        ok iter 41 attempts 1 0.4s
[INFO] 			 - Running SMOPF, Network case33_1, 2035, Autumn...
19:29:23 [W93 +    32.9s] solve   11  price_taker:warm_from_certified:dso DSO|5|2035|Autumn        ok iter 46 attempts 1 0.4s
[INFO] 			 - Running SMOPF, Network case33_1, 2035, Winter...
19:29:23 [W93 +    33.3s] solve   12  price_taker:warm_from_certified:dso DSO|5|2035|Winter        ok iter 42 attempts 1 0.4s
[INFO] 			 - Running SMOPF, Network case33_2, 2025, Spring...
19:29:24 [W93 +    33.7s] solve   13  price_taker:warm_from_certified:dso DSO|7|2025|Spring        ok iter 48 attempts 1 0.4s
[INFO] 			 - Running SMOPF, Network case33_2, 2025, Summer...
19:29:24 [W93 +    34.2s] solve   14  price_taker:warm_from_certified:dso DSO|7|2025|Summer        ok iter 48 attempts 1 0.4s
[INFO] 			 - Running SMOPF, Network case33_2, 2025, Autumn...
19:29:25 [W93 +    34.6s] solve   15  price_taker:warm_from_certified:dso DSO|7|2025|Autumn        ok iter 42 attempts 1 0.4s
[INFO] 			 - Running SMOPF, Network case33_2, 2025, Winter...
19:29:25 [W93 +    35.0s] solve   16  price_taker:warm_from_certified:dso DSO|7|2025|Winter        ok iter 43 attempts 1 0.4s
[INFO] 			 - Running SMOPF, Network case33_2, 2030, Spring...
19:29:25 [W93 +    35.4s] solve   17  price_taker:warm_from_certified:dso DSO|7|2030|Spring        ok iter 46 attempts 1 0.4s
[INFO] 			 - Running SMOPF, Network case33_2, 2030, Summer...
19:29:26 [W93 +    35.8s] solve   18  price_taker:warm_from_certified:dso DSO|7|2030|Summer        ok iter 47 attempts 1 0.4s
[INFO] 			 - Running SMOPF, Network case33_2, 2030, Autumn...
19:29:26 [W93 +    36.2s] solve   19  price_taker:warm_from_certified:dso DSO|7|2030|Autumn        ok iter 42 attempts 1 0.4s
[INFO] 			 - Running SMOPF, Network case33_2, 2030, Winter...
19:29:27 [W93 +    36.6s] solve   20  price_taker:warm_from_certified:dso DSO|7|2030|Winter        ok iter 42 attempts 1 0.4s
[INFO] 			 - Running SMOPF, Network case33_2, 2035, Spring...
19:29:27 [W93 +    37.1s] solve   21  price_taker:warm_from_certified:dso DSO|7|2035|Spring        ok iter 50 attempts 1 0.4s
[INFO] 			 - Running SMOPF, Network case33_2, 2035, Summer...
19:29:28 [W93 +    37.5s] solve   22  price_taker:warm_from_certified:dso DSO|7|2035|Summer        ok iter 50 attempts 1 0.4s
[INFO] 			 - Running SMOPF, Network case33_2, 2035, Autumn...
19:29:28 [W93 +    38.0s] solve   23  price_taker:warm_from_certified:dso DSO|7|2035|Autumn        ok iter 48 attempts 1 0.4s
[INFO] 			 - Running SMOPF, Network case33_2, 2035, Winter...
19:29:28 [W93 +    38.4s] solve   24  price_taker:warm_from_certified:dso DSO|7|2035|Winter        ok iter 43 attempts 1 0.4s
[INFO] 			 - Running SMOPF, Network case33_3, 2025, Spring...
19:29:29 [W93 +    38.8s] solve   25  price_taker:warm_from_certified:dso DSO|9|2025|Spring        ok iter 45 attempts 1 0.4s
[INFO] 			 - Running SMOPF, Network case33_3, 2025, Summer...
19:29:29 [W93 +    39.2s] solve   26  price_taker:warm_from_certified:dso DSO|9|2025|Summer        ok iter 45 attempts 1 0.4s
[INFO] 			 - Running SMOPF, Network case33_3, 2025, Autumn...
19:29:30 [W93 +    39.6s] solve   27  price_taker:warm_from_certified:dso DSO|9|2025|Autumn        ok iter 40 attempts 1 0.4s
[INFO] 			 - Running SMOPF, Network case33_3, 2025, Winter...
19:29:30 [W93 +    40.0s] solve   28  price_taker:warm_from_certified:dso DSO|9|2025|Winter        ok iter 43 attempts 1 0.4s
[INFO] 			 - Running SMOPF, Network case33_3, 2030, Spring...
19:29:30 [W93 +    40.5s] solve   29  price_taker:warm_from_certified:dso DSO|9|2030|Spring        ok iter 49 attempts 1 0.4s
[INFO] 			 - Running SMOPF, Network case33_3, 2030, Summer...
19:29:32 [W93 +    41.6s] solve   30  price_taker:warm_from_certified:dso DSO|9|2030|Summer        ok iter 50 attempts 1 1.1s
[INFO] 			 - Running SMOPF, Network case33_3, 2030, Autumn...
19:29:32 [W93 +    42.0s] solve   31  price_taker:warm_from_certified:dso DSO|9|2030|Autumn        ok iter 41 attempts 1 0.4s
[INFO] 			 - Running SMOPF, Network case33_3, 2030, Winter...
19:29:32 [W93 +    42.4s] solve   32  price_taker:warm_from_certified:dso DSO|9|2030|Winter        ok iter 43 attempts 1 0.4s
[INFO] 			 - Running SMOPF, Network case33_3, 2035, Spring...
19:29:33 [W93 +    42.8s] solve   33  price_taker:warm_from_certified:dso DSO|9|2035|Spring        ok iter 46 attempts 1 0.4s
[INFO] 			 - Running SMOPF, Network case33_3, 2035, Summer...
19:29:33 [W93 +    43.2s] solve   34  price_taker:warm_from_certified:dso DSO|9|2035|Summer        ok iter 49 attempts 1 0.4s
[INFO] 			 - Running SMOPF, Network case33_3, 2035, Autumn...
19:29:34 [W93 +    43.7s] solve   35  price_taker:warm_from_certified:dso DSO|9|2035|Autumn        ok iter 45 attempts 1 0.4s
[INFO] 			 - Running SMOPF, Network case33_3, 2035, Winter...
19:29:34 [W93 +    44.1s] solve   36  price_taker:warm_from_certified:dso DSO|9|2035|Winter        ok iter 43 attempts 1 0.4s
[INFO] 			 - Running SMOPF, Network case9, 2025, Spring...
19:29:35 [W93 +    44.8s] solve   37  price_taker:warm_from_certified:tso TSO|-|2025|Spring        ok iter 43 attempts 1 0.1s
[INFO] 			 - Running SMOPF, Network case9, 2025, Summer...
19:29:35 [W93 +    44.9s] solve   38  price_taker:warm_from_certified:tso TSO|-|2025|Summer        ok iter 36 attempts 1 0.1s
[INFO] 			 - Running SMOPF, Network case9, 2025, Autumn...
19:29:35 [W93 +    45.1s] solve   39  price_taker:warm_from_certified:tso TSO|-|2025|Autumn        ok iter 30 attempts 1 0.1s
[INFO] 			 - Running SMOPF, Network case9, 2025, Winter...
19:29:35 [W93 +    45.2s] solve   40  price_taker:warm_from_certified:tso TSO|-|2025|Winter        ok iter 29 attempts 1 0.1s
[INFO] 			 - Running SMOPF, Network case9, 2030, Spring...
19:29:35 [W93 +    45.3s] solve   41  price_taker:warm_from_certified:tso TSO|-|2030|Spring        ok iter 43 attempts 1 0.1s
[INFO] 			 - Running SMOPF, Network case9, 2030, Summer...
19:29:35 [W93 +    45.4s] solve   42  price_taker:warm_from_certified:tso TSO|-|2030|Summer        ok iter 39 attempts 1 0.1s
[INFO] 			 - Running SMOPF, Network case9, 2030, Autumn...
19:29:36 [W93 +    45.5s] solve   43  price_taker:warm_from_certified:tso TSO|-|2030|Autumn        ok iter 29 attempts 1 0.1s
[INFO] 			 - Running SMOPF, Network case9, 2030, Winter...
19:29:36 [W93 +    45.7s] solve   44  price_taker:warm_from_certified:tso TSO|-|2030|Winter        ok iter 33 attempts 1 0.1s
[INFO] 			 - Running SMOPF, Network case9, 2035, Spring...
19:29:36 [W93 +    45.8s] solve   45  price_taker:warm_from_certified:tso TSO|-|2035|Spring        ok iter 51 attempts 1 0.2s
[INFO] 			 - Running SMOPF, Network case9, 2035, Summer...
19:29:36 [W93 +    46.0s] solve   46  price_taker:warm_from_certified:tso TSO|-|2035|Summer        ok iter 43 attempts 1 0.1s
[INFO] 			 - Running SMOPF, Network case9, 2035, Autumn...
19:29:36 [W93 +    46.1s] solve   47  price_taker:warm_from_certified:tso TSO|-|2035|Autumn        ok iter 44 attempts 1 0.1s
[INFO] 			 - Running SMOPF, Network case9, 2035, Winter...
19:29:36 [W93 +    46.2s] solve   48  price_taker:warm_from_certified:tso TSO|-|2035|Winter        ok iter 31 attempts 1 0.1s
19:29:37 [W116 +    46.6s] nrf_arm_price_taker_warm_from_certified_r2: phase A Q = 744770076.6440353; NRF check: min p_int -9.985054715661986e-07 MW, strict reverse entries 93, at zero 94
[INFO] 			 - Running SMOPF, Network case33_1, 2025, Spring...
WARNING: model contains export suffix 'dual' that contains 2639 component keys
that are not exported as part of the NL file.  Skipping.
19:29:37 [W93 +    47.0s] solve   49             consistency:reevaluation DSO|5|2025|Spring        ok iter 3 attempts 1 0.2s
[INFO] 			 - Running SMOPF, Network case33_1, 2025, Summer...
WARNING: model contains export suffix 'dual' that contains 2639 component keys
that are not exported as part of the NL file.  Skipping.
19:29:37 [W93 +    47.5s] solve   50             consistency:reevaluation DSO|5|2025|Summer        ok iter 3 attempts 1 0.2s
[INFO] 			 - Running SMOPF, Network case33_1, 2025, Autumn...
WARNING: model contains export suffix 'dual' that contains 2603 component keys
that are not exported as part of the NL file.  Skipping.
19:29:39 [W93 +    48.8s] solve   51             consistency:reevaluation DSO|5|2025|Autumn        ok iter 3 attempts 1 1.0s
[INFO] 			 - Running SMOPF, Network case33_1, 2025, Winter...
WARNING: model contains export suffix 'dual' that contains 2603 component keys
that are not exported as part of the NL file.  Skipping.
19:29:39 [W93 +    49.3s] solve   52             consistency:reevaluation DSO|5|2025|Winter        ok iter 3 attempts 1 0.2s
[INFO] 			 - Running SMOPF, Network case33_1, 2030, Spring...
WARNING: model contains export suffix 'dual' that contains 2639 component keys
that are not exported as part of the NL file.  Skipping.
19:29:40 [W93 +    49.7s] solve   53             consistency:reevaluation DSO|5|2030|Spring        ok iter 3 attempts 1 0.2s
[INFO] 			 - Running SMOPF, Network case33_1, 2030, Summer...
WARNING: model contains export suffix 'dual' that contains 2639 component keys
that are not exported as part of the NL file.  Skipping.
19:29:40 [W93 +    50.2s] solve   54             consistency:reevaluation DSO|5|2030|Summer        ok iter 3 attempts 1 0.2s
[INFO] 			 - Running SMOPF, Network case33_1, 2030, Autumn...
WARNING: model contains export suffix 'dual' that contains 2603 component keys
that are not exported as part of the NL file.  Skipping.
19:29:41 [W93 +    50.6s] solve   55             consistency:reevaluation DSO|5|2030|Autumn        ok iter 3 attempts 1 0.2s
[INFO] 			 - Running SMOPF, Network case33_1, 2030, Winter...
WARNING: model contains export suffix 'dual' that contains 2603 component keys
that are not exported as part of the NL file.  Skipping.
19:29:41 [W93 +    51.1s] solve   56             consistency:reevaluation DSO|5|2030|Winter        ok iter 3 attempts 1 0.2s
[INFO] 			 - Running SMOPF, Network case33_1, 2035, Spring...
WARNING: model contains export suffix 'dual' that contains 2639 component keys
that are not exported as part of the NL file.  Skipping.
19:29:42 [W93 +    51.5s] solve   57             consistency:reevaluation DSO|5|2035|Spring        ok iter 3 attempts 1 0.2s
[INFO] 			 - Running SMOPF, Network case33_1, 2035, Summer...
WARNING: model contains export suffix 'dual' that contains 2639 component keys
that are not exported as part of the NL file.  Skipping.
19:29:42 [W93 +    52.0s] solve   58             consistency:reevaluation DSO|5|2035|Summer        ok iter 3 attempts 1 0.2s
[INFO] 			 - Running SMOPF, Network case33_1, 2035, Autumn...
WARNING: model contains export suffix 'dual' that contains 2603 component keys
that are not exported as part of the NL file.  Skipping.
19:29:42 [W93 +    52.5s] solve   59             consistency:reevaluation DSO|5|2035|Autumn        ok iter 3 attempts 1 0.2s
[INFO] 			 - Running SMOPF, Network case33_1, 2035, Winter...
WARNING: model contains export suffix 'dual' that contains 2603 component keys
that are not exported as part of the NL file.  Skipping.
19:29:44 [W93 +    54.2s] solve   60             consistency:reevaluation DSO|5|2035|Winter        ok iter 3 attempts 1 1.4s
[INFO] 			 - Running SMOPF, Network case33_2, 2025, Spring...
WARNING: model contains export suffix 'dual' that contains 2666 component keys
that are not exported as part of the NL file.  Skipping.
19:29:45 [W93 +    54.6s] solve   61             consistency:reevaluation DSO|7|2025|Spring        ok iter 3 attempts 1 0.2s
[INFO] 			 - Running SMOPF, Network case33_2, 2025, Summer...
WARNING: model contains export suffix 'dual' that contains 2666 component keys
that are not exported as part of the NL file.  Skipping.
19:29:45 [W93 +    55.1s] solve   62             consistency:reevaluation DSO|7|2025|Summer        ok iter 3 attempts 1 0.2s
[INFO] 			 - Running SMOPF, Network case33_2, 2025, Autumn...
WARNING: model contains export suffix 'dual' that contains 2642 component keys
that are not exported as part of the NL file.  Skipping.
19:29:46 [W93 +    55.6s] solve   63             consistency:reevaluation DSO|7|2025|Autumn        ok iter 3 attempts 1 0.2s
[INFO] 			 - Running SMOPF, Network case33_2, 2025, Winter...
WARNING: model contains export suffix 'dual' that contains 2642 component keys
that are not exported as part of the NL file.  Skipping.
19:29:46 [W93 +    56.0s] solve   64             consistency:reevaluation DSO|7|2025|Winter        ok iter 3 attempts 1 0.2s
[INFO] 			 - Running SMOPF, Network case33_2, 2030, Spring...
WARNING: model contains export suffix 'dual' that contains 2666 component keys
that are not exported as part of the NL file.  Skipping.
19:29:46 [W93 +    56.5s] solve   65             consistency:reevaluation DSO|7|2030|Spring        ok iter 3 attempts 1 0.2s
[INFO] 			 - Running SMOPF, Network case33_2, 2030, Summer...
WARNING: model contains export suffix 'dual' that contains 2666 component keys
that are not exported as part of the NL file.  Skipping.
19:29:47 [W93 +    56.9s] solve   66             consistency:reevaluation DSO|7|2030|Summer        ok iter 3 attempts 1 0.2s
[INFO] 			 - Running SMOPF, Network case33_2, 2030, Autumn...
WARNING: model contains export suffix 'dual' that contains 2642 component keys
that are not exported as part of the NL file.  Skipping.
19:29:47 [W93 +    57.4s] solve   67             consistency:reevaluation DSO|7|2030|Autumn        ok iter 3 attempts 1 0.2s
[INFO] 			 - Running SMOPF, Network case33_2, 2030, Winter...
WARNING: model contains export suffix 'dual' that contains 2642 component keys
that are not exported as part of the NL file.  Skipping.
19:29:48 [W93 +    57.9s] solve   68             consistency:reevaluation DSO|7|2030|Winter        ok iter 3 attempts 1 0.2s
[INFO] 			 - Running SMOPF, Network case33_2, 2035, Spring...
WARNING: model contains export suffix 'dual' that contains 2666 component keys
that are not exported as part of the NL file.  Skipping.
19:29:48 [W93 +    58.3s] solve   69             consistency:reevaluation DSO|7|2035|Spring        ok iter 3 attempts 1 0.2s
[INFO] 			 - Running SMOPF, Network case33_2, 2035, Summer...
WARNING: model contains export suffix 'dual' that contains 2666 component keys
that are not exported as part of the NL file.  Skipping.
19:29:50 [W93 +    60.2s] solve   70             consistency:reevaluation DSO|7|2035|Summer        ok iter 3 attempts 1 1.6s
[INFO] 			 - Running SMOPF, Network case33_2, 2035, Autumn...
WARNING: model contains export suffix 'dual' that contains 2642 component keys
that are not exported as part of the NL file.  Skipping.
19:29:51 [W93 +    60.6s] solve   71             consistency:reevaluation DSO|7|2035|Autumn        ok iter 3 attempts 1 0.2s
[INFO] 			 - Running SMOPF, Network case33_2, 2035, Winter...
WARNING: model contains export suffix 'dual' that contains 2642 component keys
that are not exported as part of the NL file.  Skipping.
19:29:51 [W93 +    61.1s] solve   72             consistency:reevaluation DSO|7|2035|Winter        ok iter 3 attempts 1 0.2s
[INFO] 			 - Running SMOPF, Network case33_3, 2025, Spring...
WARNING: model contains export suffix 'dual' that contains 2639 component keys
that are not exported as part of the NL file.  Skipping.
19:29:52 [W93 +    61.5s] solve   73             consistency:reevaluation DSO|9|2025|Spring        ok iter 3 attempts 1 0.2s
[INFO] 			 - Running SMOPF, Network case33_3, 2025, Summer...
WARNING: model contains export suffix 'dual' that contains 2639 component keys
that are not exported as part of the NL file.  Skipping.
19:29:52 [W93 +    62.0s] solve   74             consistency:reevaluation DSO|9|2025|Summer        ok iter 3 attempts 1 0.2s
[INFO] 			 - Running SMOPF, Network case33_3, 2025, Autumn...
WARNING: model contains export suffix 'dual' that contains 2603 component keys
that are not exported as part of the NL file.  Skipping.
19:29:52 [W93 +    62.5s] solve   75             consistency:reevaluation DSO|9|2025|Autumn        ok iter 3 attempts 1 0.2s
[INFO] 			 - Running SMOPF, Network case33_3, 2025, Winter...
WARNING: model contains export suffix 'dual' that contains 2603 component keys
that are not exported as part of the NL file.  Skipping.
19:29:53 [W93 +    62.9s] solve   76             consistency:reevaluation DSO|9|2025|Winter        ok iter 3 attempts 1 0.2s
[INFO] 			 - Running SMOPF, Network case33_3, 2030, Spring...
WARNING: model contains export suffix 'dual' that contains 2639 component keys
that are not exported as part of the NL file.  Skipping.
19:29:53 [W93 +    63.4s] solve   77             consistency:reevaluation DSO|9|2030|Spring        ok iter 3 attempts 1 0.2s
[INFO] 			 - Running SMOPF, Network case33_3, 2030, Summer...
WARNING: model contains export suffix 'dual' that contains 2639 component keys
that are not exported as part of the NL file.  Skipping.
19:29:54 [W93 +    63.8s] solve   78             consistency:reevaluation DSO|9|2030|Summer        ok iter 3 attempts 1 0.2s
[INFO] 			 - Running SMOPF, Network case33_3, 2030, Autumn...
WARNING: model contains export suffix 'dual' that contains 2603 component keys
that are not exported as part of the NL file.  Skipping.
19:29:54 [W93 +    64.3s] solve   79             consistency:reevaluation DSO|9|2030|Autumn        ok iter 3 attempts 1 0.2s
[INFO] 			 - Running SMOPF, Network case33_3, 2030, Winter...
WARNING: model contains export suffix 'dual' that contains 2603 component keys
that are not exported as part of the NL file.  Skipping.
19:29:56 [W93 +    66.1s] solve   80             consistency:reevaluation DSO|9|2030|Winter        ok iter 3 attempts 1 1.6s
[INFO] 			 - Running SMOPF, Network case33_3, 2035, Spring...
WARNING: model contains export suffix 'dual' that contains 2639 component keys
that are not exported as part of the NL file.  Skipping.
19:29:57 [W93 +    66.6s] solve   81             consistency:reevaluation DSO|9|2035|Spring        ok iter 3 attempts 1 0.2s
[INFO] 			 - Running SMOPF, Network case33_3, 2035, Summer...
WARNING: model contains export suffix 'dual' that contains 2639 component keys
that are not exported as part of the NL file.  Skipping.
19:29:57 [W93 +    67.0s] solve   82             consistency:reevaluation DSO|9|2035|Summer        ok iter 3 attempts 1 0.2s
[INFO] 			 - Running SMOPF, Network case33_3, 2035, Autumn...
WARNING: model contains export suffix 'dual' that contains 2603 component keys
that are not exported as part of the NL file.  Skipping.
19:29:57 [W93 +    67.5s] solve   83             consistency:reevaluation DSO|9|2035|Autumn        ok iter 3 attempts 1 0.2s
[INFO] 			 - Running SMOPF, Network case33_3, 2035, Winter...
WARNING: model contains export suffix 'dual' that contains 2603 component keys
that are not exported as part of the NL file.  Skipping.
19:29:58 [W93 +    67.9s] solve   84             consistency:reevaluation DSO|9|2035|Winter        ok iter 3 attempts 1 0.2s
[INFO] 			 - Running SMOPF, Network case33_1, 2025, Spring...
19:29:58 [W93 +    68.4s] solve   85                  sequential_pass:dso DSO|5|2025|Spring        ok iter 45 attempts 1 0.4s
[INFO] 			 - Running SMOPF, Network case33_1, 2025, Summer...
19:29:59 [W93 +    68.8s] solve   86                  sequential_pass:dso DSO|5|2025|Summer        ok iter 43 attempts 1 0.4s
[INFO] 			 - Running SMOPF, Network case33_1, 2025, Autumn...
19:29:59 [W93 +    69.2s] solve   87                  sequential_pass:dso DSO|5|2025|Autumn        ok iter 40 attempts 1 0.4s
[INFO] 			 - Running SMOPF, Network case33_1, 2025, Winter...
19:30:00 [W93 +    69.7s] solve   88                  sequential_pass:dso DSO|5|2025|Winter        ok iter 43 attempts 1 0.4s
[INFO] 			 - Running SMOPF, Network case33_1, 2030, Spring...
19:30:00 [W93 +    70.1s] solve   89                  sequential_pass:dso DSO|5|2030|Spring        ok iter 47 attempts 1 0.4s
[INFO] 			 - Running SMOPF, Network case33_1, 2030, Summer...
19:30:01 [W93 +    70.5s] solve   90                  sequential_pass:dso DSO|5|2030|Summer        ok iter 45 attempts 1 0.4s
[INFO] 			 - Running SMOPF, Network case33_1, 2030, Autumn...
19:30:01 [W93 +    70.9s] solve   91                  sequential_pass:dso DSO|5|2030|Autumn        ok iter 40 attempts 1 0.4s
[INFO] 			 - Running SMOPF, Network case33_1, 2030, Winter...
19:30:01 [W93 +    71.4s] solve   92                  sequential_pass:dso DSO|5|2030|Winter        ok iter 43 attempts 1 0.4s
[INFO] 			 - Running SMOPF, Network case33_1, 2035, Spring...
19:30:02 [W93 +    71.8s] solve   93                  sequential_pass:dso DSO|5|2035|Spring        ok iter 46 attempts 1 0.4s
[INFO] 			 - Running SMOPF, Network case33_1, 2035, Summer...
19:30:02 [W93 +    72.2s] solve   94                  sequential_pass:dso DSO|5|2035|Summer        ok iter 44 attempts 1 0.4s
[INFO] 			 - Running SMOPF, Network case33_1, 2035, Autumn...
19:30:03 [W93 +    72.7s] solve   95                  sequential_pass:dso DSO|5|2035|Autumn        ok iter 46 attempts 1 0.4s
[INFO] 			 - Running SMOPF, Network case33_1, 2035, Winter...
19:30:03 [W93 +    73.1s] solve   96                  sequential_pass:dso DSO|5|2035|Winter        ok iter 43 attempts 1 0.4s
[INFO] 			 - Running SMOPF, Network case33_2, 2025, Spring...
19:30:04 [W93 +    73.6s] solve   97                  sequential_pass:dso DSO|7|2025|Spring        ok iter 51 attempts 1 0.5s
[INFO] 			 - Running SMOPF, Network case33_2, 2025, Summer...
19:30:04 [W93 +    74.0s] solve   98                  sequential_pass:dso DSO|7|2025|Summer        ok iter 49 attempts 1 0.4s
[INFO] 			 - Running SMOPF, Network case33_2, 2025, Autumn...
19:30:04 [W93 +    74.4s] solve   99                  sequential_pass:dso DSO|7|2025|Autumn        ok iter 42 attempts 1 0.4s
[INFO] 			 - Running SMOPF, Network case33_2, 2025, Winter...
19:30:05 [W93 +    74.8s] solve  100                  sequential_pass:dso DSO|7|2025|Winter        ok iter 42 attempts 1 0.4s
[INFO] 			 - Running SMOPF, Network case33_2, 2030, Spring...
19:30:05 [W93 +    75.3s] solve  101                  sequential_pass:dso DSO|7|2030|Spring        ok iter 53 attempts 1 0.5s
[INFO] 			 - Running SMOPF, Network case33_2, 2030, Summer...
19:30:06 [W93 +    75.7s] solve  102                  sequential_pass:dso DSO|7|2030|Summer        ok iter 50 attempts 1 0.5s
[INFO] 			 - Running SMOPF, Network case33_2, 2030, Autumn...
19:30:06 [W93 +    76.2s] solve  103                  sequential_pass:dso DSO|7|2030|Autumn        ok iter 40 attempts 1 0.4s
[INFO] 			 - Running SMOPF, Network case33_2, 2030, Winter...
19:30:07 [W93 +    76.6s] solve  104                  sequential_pass:dso DSO|7|2030|Winter        ok iter 45 attempts 1 0.4s
[INFO] 			 - Running SMOPF, Network case33_2, 2035, Spring...
19:30:07 [W93 +    77.0s] solve  105                  sequential_pass:dso DSO|7|2035|Spring        ok iter 49 attempts 1 0.4s
[INFO] 			 - Running SMOPF, Network case33_2, 2035, Summer...
19:30:08 [W93 +    77.5s] solve  106                  sequential_pass:dso DSO|7|2035|Summer        ok iter 51 attempts 1 0.5s
[INFO] 			 - Running SMOPF, Network case33_2, 2035, Autumn...
19:30:08 [W93 +    77.9s] solve  107                  sequential_pass:dso DSO|7|2035|Autumn        ok iter 47 attempts 1 0.4s
[INFO] 			 - Running SMOPF, Network case33_2, 2035, Winter...
19:30:09 [W93 +    79.4s] solve  108                  sequential_pass:dso DSO|7|2035|Winter        ok iter 41 attempts 1 1.4s
[INFO] 			 - Running SMOPF, Network case33_3, 2025, Spring...
19:30:10 [W93 +    79.8s] solve  109                  sequential_pass:dso DSO|9|2025|Spring        ok iter 48 attempts 1 0.4s
[INFO] 			 - Running SMOPF, Network case33_3, 2025, Summer...
19:30:10 [W93 +    80.3s] solve  110                  sequential_pass:dso DSO|9|2025|Summer        ok iter 45 attempts 1 0.4s
[INFO] 			 - Running SMOPF, Network case33_3, 2025, Autumn...
19:30:11 [W93 +    80.7s] solve  111                  sequential_pass:dso DSO|9|2025|Autumn        ok iter 44 attempts 1 0.4s
[INFO] 			 - Running SMOPF, Network case33_3, 2025, Winter...
19:30:11 [W93 +    81.2s] solve  112                  sequential_pass:dso DSO|9|2025|Winter        ok iter 43 attempts 1 0.4s
[INFO] 			 - Running SMOPF, Network case33_3, 2030, Spring...
19:30:12 [W93 +    81.6s] solve  113                  sequential_pass:dso DSO|9|2030|Spring        ok iter 51 attempts 1 0.5s
[INFO] 			 - Running SMOPF, Network case33_3, 2030, Summer...
19:30:12 [W93 +    82.1s] solve  114                  sequential_pass:dso DSO|9|2030|Summer        ok iter 50 attempts 1 0.5s
[INFO] 			 - Running SMOPF, Network case33_3, 2030, Autumn...
19:30:12 [W93 +    82.5s] solve  115                  sequential_pass:dso DSO|9|2030|Autumn        ok iter 38 attempts 1 0.4s
[INFO] 			 - Running SMOPF, Network case33_3, 2030, Winter...
19:30:13 [W93 +    82.9s] solve  116                  sequential_pass:dso DSO|9|2030|Winter        ok iter 43 attempts 1 0.4s
[INFO] 			 - Running SMOPF, Network case33_3, 2035, Spring...
19:30:13 [W93 +    83.3s] solve  117                  sequential_pass:dso DSO|9|2035|Spring        ok iter 47 attempts 1 0.4s
[INFO] 			 - Running SMOPF, Network case33_3, 2035, Summer...
19:30:14 [W93 +    83.8s] solve  118                  sequential_pass:dso DSO|9|2035|Summer        ok iter 48 attempts 1 0.4s
[INFO] 			 - Running SMOPF, Network case33_3, 2035, Autumn...
19:30:14 [W93 +    84.2s] solve  119                  sequential_pass:dso DSO|9|2035|Autumn        ok iter 45 attempts 1 0.4s
[INFO] 			 - Running SMOPF, Network case33_3, 2035, Winter...
19:30:15 [W93 +    84.6s] solve  120                  sequential_pass:dso DSO|9|2035|Winter        ok iter 44 attempts 1 0.4s
[INFO] 			 - Running SMOPF, Network case9, 2025, Spring...
19:30:15 [W93 +    84.8s] solve  121                  sequential_pass:tso TSO|-|2025|Spring        ok iter 27 attempts 1 0.1s
[INFO] 			 - Running SMOPF, Network case9, 2025, Summer...
19:30:15 [W93 +    84.9s] solve  122                  sequential_pass:tso TSO|-|2025|Summer        ok iter 30 attempts 1 0.1s
[INFO] 			 - Running SMOPF, Network case9, 2025, Autumn...
19:30:15 [W93 +    85.0s] solve  123                  sequential_pass:tso TSO|-|2025|Autumn        ok iter 28 attempts 1 0.1s
[INFO] 			 - Running SMOPF, Network case9, 2025, Winter...
19:30:15 [W93 +    85.1s] solve  124                  sequential_pass:tso TSO|-|2025|Winter        ok iter 28 attempts 1 0.1s
[INFO] 			 - Running SMOPF, Network case9, 2030, Spring...
19:30:15 [W93 +    85.2s] solve  125                  sequential_pass:tso TSO|-|2030|Spring        ok iter 27 attempts 1 0.1s
[INFO] 			 - Running SMOPF, Network case9, 2030, Summer...
19:30:15 [W93 +    85.4s] solve  126                  sequential_pass:tso TSO|-|2030|Summer        ok iter 31 attempts 1 0.1s
[INFO] 			 - Running SMOPF, Network case9, 2030, Autumn...
19:30:15 [W93 +    85.5s] solve  127                  sequential_pass:tso TSO|-|2030|Autumn        ok iter 28 attempts 1 0.1s
[INFO] 			 - Running SMOPF, Network case9, 2030, Winter...
19:30:16 [W93 +    85.6s] solve  128                  sequential_pass:tso TSO|-|2030|Winter        ok iter 29 attempts 1 0.1s
[INFO] 			 - Running SMOPF, Network case9, 2035, Spring...
19:30:16 [W93 +    85.7s] solve  129                  sequential_pass:tso TSO|-|2035|Spring        ok iter 27 attempts 1 0.1s
[INFO] 			 - Running SMOPF, Network case9, 2035, Summer...
19:30:16 [W93 +    85.8s] solve  130                  sequential_pass:tso TSO|-|2035|Summer        ok iter 32 attempts 1 0.1s
[INFO] 			 - Running SMOPF, Network case9, 2035, Autumn...
19:30:16 [W93 +    86.0s] solve  131                  sequential_pass:tso TSO|-|2035|Autumn        ok iter 31 attempts 1 0.1s
[INFO] 			 - Running SMOPF, Network case9, 2035, Winter...
19:30:16 [W93 +    86.1s] solve  132                  sequential_pass:tso TSO|-|2035|Winter        ok iter 29 attempts 1 0.1s
19:30:17 [W116 +    87.0s] nrf_arm_price_taker_warm_from_certified_r2: exit 0; guard counts {'permitted_solve': 132, 'permitted_exec': 132, 'blocked_solve': 0, 'blocked_exec': 0}
