19:24:00 [W116 +     0.1s] P5.15 Addendum 57 W116 -- uncoordinated benchmark spec v3: no-reverse-flow arms, the feasibility sweep of the unconstrained arms, the coordinated reverse-flow count; spec v4 (W119): per-block exact solve accounting of the NRF arm and tie-breaker stages; spec v5 (W121): the consistency re-evaluation admits the fixed reference voltage (setpoint bounds cleared), NRF arms and tie-breakers under _r2 run ids, the sweeps carried from W120 -- nrf_arm_passive_warm_from_certified_r2 (permitted solve sites (('uncoordinated_benchmark.py', '_solve_block'),)); output data/SRP1/Results/P515S53/w116_benchmark_nrf/nrf_arm_passive_warm_from_certified_r2
19:24:12 [W93 +    12.4s] unpickling data/SRP1/Results/P515S53/w101_srp1_continuation/campaign_s53_w101_srp1_cont_x0/evals/d110bd1a5977df1e_x0/certified_models.pkl (sha256 verified 99ab1070)
19:24:19 [W93 +    18.9s] unpickling data/SRP1/Results/P515S53/w101_srp1_continuation/campaign_s53_w101_srp1_cont_x0/evals/d110bd1a5977df1e_x0/esso_models_s39_D.pkl (sha256 verified 118487e1)
19:24:21 [W93 +    21.3s] capture-path checklist at nrf_arm_passive_warm_from_certified_r2 (before any solve): 97 items, all True
[INFO] 			 - Running SMOPF, Network case33_1, 2025, Spring...
19:24:29 [W93 +    28.8s] solve    1      passive:warm_from_certified:dso DSO|5|2025|Spring        ok iter 25 attempts 1 0.3s
[INFO] 			 - Running SMOPF, Network case33_1, 2025, Summer...
19:24:29 [W93 +    29.1s] solve    2      passive:warm_from_certified:dso DSO|5|2025|Summer        ok iter 28 attempts 1 0.3s
[INFO] 			 - Running SMOPF, Network case33_1, 2025, Autumn...
19:24:29 [W93 +    29.4s] solve    3      passive:warm_from_certified:dso DSO|5|2025|Autumn        ok iter 25 attempts 1 0.3s
[INFO] 			 - Running SMOPF, Network case33_1, 2025, Winter...
19:24:30 [W93 +    29.7s] solve    4      passive:warm_from_certified:dso DSO|5|2025|Winter        ok iter 28 attempts 1 0.3s
[INFO] 			 - Running SMOPF, Network case33_1, 2030, Spring...
19:24:30 [W93 +    30.0s] solve    5      passive:warm_from_certified:dso DSO|5|2030|Spring        ok iter 24 attempts 1 0.3s
[INFO] 			 - Running SMOPF, Network case33_1, 2030, Summer...
19:24:30 [W93 +    30.3s] solve    6      passive:warm_from_certified:dso DSO|5|2030|Summer        ok iter 26 attempts 1 0.3s
[INFO] 			 - Running SMOPF, Network case33_1, 2030, Autumn...
19:24:31 [W93 +    30.6s] solve    7      passive:warm_from_certified:dso DSO|5|2030|Autumn        ok iter 29 attempts 1 0.3s
[INFO] 			 - Running SMOPF, Network case33_1, 2030, Winter...
19:24:31 [W93 +    30.9s] solve    8      passive:warm_from_certified:dso DSO|5|2030|Winter        ok iter 27 attempts 1 0.3s
[INFO] 			 - Running SMOPF, Network case33_1, 2035, Spring...
19:24:31 [W93 +    31.1s] solve    9      passive:warm_from_certified:dso DSO|5|2035|Spring        ok iter 24 attempts 1 0.3s
[INFO] 			 - Running SMOPF, Network case33_1, 2035, Summer...
19:24:31 [W93 +    31.5s] solve   10      passive:warm_from_certified:dso DSO|5|2035|Summer        ok iter 35 attempts 1 0.3s
[INFO] 			 - Running SMOPF, Network case33_1, 2035, Autumn...
19:24:32 [W93 +    31.8s] solve   11      passive:warm_from_certified:dso DSO|5|2035|Autumn        ok iter 25 attempts 1 0.3s
[INFO] 			 - Running SMOPF, Network case33_1, 2035, Winter...
19:24:32 [W93 +    32.0s] solve   12      passive:warm_from_certified:dso DSO|5|2035|Winter        ok iter 27 attempts 1 0.3s
[INFO] 			 - Running SMOPF, Network case33_2, 2025, Spring...
19:24:32 [W93 +    32.3s] solve   13      passive:warm_from_certified:dso DSO|7|2025|Spring        ok iter 26 attempts 1 0.3s
[INFO] 			 - Running SMOPF, Network case33_2, 2025, Summer...
19:24:33 [W93 +    32.6s] solve   14      passive:warm_from_certified:dso DSO|7|2025|Summer        ok iter 29 attempts 1 0.3s
[INFO] 			 - Running SMOPF, Network case33_2, 2025, Autumn...
19:24:33 [W93 +    32.9s] solve   15      passive:warm_from_certified:dso DSO|7|2025|Autumn        ok iter 26 attempts 1 0.3s
[INFO] 			 - Running SMOPF, Network case33_2, 2025, Winter...
19:24:33 [W93 +    33.2s] solve   16      passive:warm_from_certified:dso DSO|7|2025|Winter        ok iter 28 attempts 1 0.3s
[INFO] 			 - Running SMOPF, Network case33_2, 2030, Spring...
19:24:34 [W93 +    33.5s] solve   17      passive:warm_from_certified:dso DSO|7|2030|Spring        ok iter 25 attempts 1 0.3s
[INFO] 			 - Running SMOPF, Network case33_2, 2030, Summer...
19:24:34 [W93 +    33.8s] solve   18      passive:warm_from_certified:dso DSO|7|2030|Summer        ok iter 27 attempts 1 0.3s
[INFO] 			 - Running SMOPF, Network case33_2, 2030, Autumn...
19:24:34 [W93 +    34.1s] solve   19      passive:warm_from_certified:dso DSO|7|2030|Autumn        ok iter 27 attempts 1 0.3s
[INFO] 			 - Running SMOPF, Network case33_2, 2030, Winter...
19:24:34 [W93 +    34.4s] solve   20      passive:warm_from_certified:dso DSO|7|2030|Winter        ok iter 27 attempts 1 0.3s
[INFO] 			 - Running SMOPF, Network case33_2, 2035, Spring...
19:24:35 [W93 +    34.7s] solve   21      passive:warm_from_certified:dso DSO|7|2035|Spring        ok iter 25 attempts 1 0.3s
[INFO] 			 - Running SMOPF, Network case33_2, 2035, Summer...
19:24:35 [W93 +    35.0s] solve   22      passive:warm_from_certified:dso DSO|7|2035|Summer        ok iter 31 attempts 1 0.3s
[INFO] 			 - Running SMOPF, Network case33_2, 2035, Autumn...
19:24:35 [W93 +    35.3s] solve   23      passive:warm_from_certified:dso DSO|7|2035|Autumn        ok iter 26 attempts 1 0.3s
[INFO] 			 - Running SMOPF, Network case33_2, 2035, Winter...
19:24:36 [W93 +    35.5s] solve   24      passive:warm_from_certified:dso DSO|7|2035|Winter        ok iter 26 attempts 1 0.3s
[INFO] 			 - Running SMOPF, Network case33_3, 2025, Spring...
19:24:36 [W93 +    35.8s] solve   25      passive:warm_from_certified:dso DSO|9|2025|Spring        ok iter 24 attempts 1 0.3s
[INFO] 			 - Running SMOPF, Network case33_3, 2025, Summer...
19:24:36 [W93 +    36.2s] solve   26      passive:warm_from_certified:dso DSO|9|2025|Summer        ok iter 42 attempts 1 0.4s
[INFO] 			 - Running SMOPF, Network case33_3, 2025, Autumn...
19:24:36 [W93 +    36.5s] solve   27      passive:warm_from_certified:dso DSO|9|2025|Autumn        ok iter 25 attempts 1 0.3s
[INFO] 			 - Running SMOPF, Network case33_3, 2025, Winter...
19:24:37 [W93 +    36.8s] solve   28      passive:warm_from_certified:dso DSO|9|2025|Winter        ok iter 27 attempts 1 0.3s
[INFO] 			 - Running SMOPF, Network case33_3, 2030, Spring...
19:24:37 [W93 +    37.0s] solve   29      passive:warm_from_certified:dso DSO|9|2030|Spring        ok iter 24 attempts 1 0.3s
[INFO] 			 - Running SMOPF, Network case33_3, 2030, Summer...
19:24:37 [W93 +    37.4s] solve   30      passive:warm_from_certified:dso DSO|9|2030|Summer        ok iter 39 attempts 1 0.3s
[INFO] 			 - Running SMOPF, Network case33_3, 2030, Autumn...
19:24:38 [W93 +    37.7s] solve   31      passive:warm_from_certified:dso DSO|9|2030|Autumn        ok iter 25 attempts 1 0.3s
[INFO] 			 - Running SMOPF, Network case33_3, 2030, Winter...
19:24:38 [W93 +    38.0s] solve   32      passive:warm_from_certified:dso DSO|9|2030|Winter        ok iter 28 attempts 1 0.3s
[INFO] 			 - Running SMOPF, Network case33_3, 2035, Spring...
19:24:38 [W93 +    38.4s] solve   33      passive:warm_from_certified:dso DSO|9|2035|Spring        ok iter 53 attempts 1 0.4s
[INFO] 			 - Running SMOPF, Network case33_3, 2035, Summer...
19:24:39 [W93 +    38.9s] solve   34      passive:warm_from_certified:dso DSO|9|2035|Summer        ok iter 63 attempts 1 0.5s
[INFO] 			 - Running SMOPF, Network case33_3, 2035, Autumn...
19:24:40 [W93 +    39.8s] solve   35      passive:warm_from_certified:dso DSO|9|2035|Autumn        ok iter 25 attempts 1 1.0s
[INFO] 			 - Running SMOPF, Network case33_3, 2035, Winter...
19:24:40 [W93 +    40.1s] solve   36      passive:warm_from_certified:dso DSO|9|2035|Winter        ok iter 28 attempts 1 0.3s
[INFO] 			 - Running SMOPF, Network case9, 2025, Spring...
19:24:41 [W93 +    40.9s] solve   37      passive:warm_from_certified:tso TSO|-|2025|Spring        ok iter 35 attempts 1 0.1s
[INFO] 			 - Running SMOPF, Network case9, 2025, Summer...
19:24:41 [W93 +    41.0s] solve   38      passive:warm_from_certified:tso TSO|-|2025|Summer        ok iter 32 attempts 1 0.1s
[INFO] 			 - Running SMOPF, Network case9, 2025, Autumn...
19:24:41 [W93 +    41.1s] solve   39      passive:warm_from_certified:tso TSO|-|2025|Autumn        ok iter 30 attempts 1 0.1s
[INFO] 			 - Running SMOPF, Network case9, 2025, Winter...
19:24:41 [W93 +    41.2s] solve   40      passive:warm_from_certified:tso TSO|-|2025|Winter        ok iter 30 attempts 1 0.1s
[INFO] 			 - Running SMOPF, Network case9, 2030, Spring...
19:24:41 [W93 +    41.3s] solve   41      passive:warm_from_certified:tso TSO|-|2030|Spring        ok iter 32 attempts 1 0.1s
[INFO] 			 - Running SMOPF, Network case9, 2030, Summer...
19:24:41 [W93 +    41.5s] solve   42      passive:warm_from_certified:tso TSO|-|2030|Summer        ok iter 36 attempts 1 0.1s
[INFO] 			 - Running SMOPF, Network case9, 2030, Autumn...
19:24:42 [W93 +    41.6s] solve   43      passive:warm_from_certified:tso TSO|-|2030|Autumn        ok iter 37 attempts 1 0.1s
[INFO] 			 - Running SMOPF, Network case9, 2030, Winter...
19:24:42 [W93 +    41.7s] solve   44      passive:warm_from_certified:tso TSO|-|2030|Winter        ok iter 35 attempts 1 0.1s
[INFO] 			 - Running SMOPF, Network case9, 2035, Spring...
19:24:42 [W93 +    41.8s] solve   45      passive:warm_from_certified:tso TSO|-|2035|Spring        ok iter 35 attempts 1 0.1s
[INFO] 			 - Running SMOPF, Network case9, 2035, Summer...
19:24:42 [W93 +    42.0s] solve   46      passive:warm_from_certified:tso TSO|-|2035|Summer        ok iter 38 attempts 1 0.1s
[INFO] 			 - Running SMOPF, Network case9, 2035, Autumn...
19:24:42 [W93 +    42.1s] solve   47      passive:warm_from_certified:tso TSO|-|2035|Autumn        ok iter 43 attempts 1 0.1s
[INFO] 			 - Running SMOPF, Network case9, 2035, Winter...
19:24:42 [W93 +    42.2s] solve   48      passive:warm_from_certified:tso TSO|-|2035|Winter        ok iter 36 attempts 1 0.1s
19:24:43 [W116 +    42.6s] nrf_arm_passive_warm_from_certified_r2: phase A Q = 895119758.7236784; NRF check: min p_int -9.144835776846272e-07 MW, strict reverse entries 35, at zero 35
[INFO] 			 - Running SMOPF, Network case33_1, 2025, Spring...
WARNING: model contains export suffix 'dual' that contains 2639 component keys
that are not exported as part of the NL file.  Skipping.
19:24:43 [W93 +    43.1s] solve   49             consistency:reevaluation DSO|5|2025|Spring        ok iter 3 attempts 1 0.2s
[INFO] 			 - Running SMOPF, Network case33_1, 2025, Summer...
WARNING: model contains export suffix 'dual' that contains 2639 component keys
that are not exported as part of the NL file.  Skipping.
19:24:43 [W93 +    43.5s] solve   50             consistency:reevaluation DSO|5|2025|Summer        ok iter 3 attempts 1 0.2s
[INFO] 			 - Running SMOPF, Network case33_1, 2025, Autumn...
WARNING: model contains export suffix 'dual' that contains 2603 component keys
that are not exported as part of the NL file.  Skipping.
19:24:44 [W93 +    43.9s] solve   51             consistency:reevaluation DSO|5|2025|Autumn        ok iter 3 attempts 1 0.2s
[INFO] 			 - Running SMOPF, Network case33_1, 2025, Winter...
WARNING: model contains export suffix 'dual' that contains 2603 component keys
that are not exported as part of the NL file.  Skipping.
19:24:44 [W93 +    44.4s] solve   52             consistency:reevaluation DSO|5|2025|Winter        ok iter 3 attempts 1 0.2s
[INFO] 			 - Running SMOPF, Network case33_1, 2030, Spring...
WARNING: model contains export suffix 'dual' that contains 2639 component keys
that are not exported as part of the NL file.  Skipping.
19:24:46 [W93 +    45.8s] solve   53             consistency:reevaluation DSO|5|2030|Spring        ok iter 3 attempts 1 1.1s
[INFO] 			 - Running SMOPF, Network case33_1, 2030, Summer...
WARNING: model contains export suffix 'dual' that contains 2639 component keys
that are not exported as part of the NL file.  Skipping.
19:24:46 [W93 +    46.2s] solve   54             consistency:reevaluation DSO|5|2030|Summer        ok iter 3 attempts 1 0.2s
[INFO] 			 - Running SMOPF, Network case33_1, 2030, Autumn...
WARNING: model contains export suffix 'dual' that contains 2603 component keys
that are not exported as part of the NL file.  Skipping.
19:24:47 [W93 +    46.7s] solve   55             consistency:reevaluation DSO|5|2030|Autumn        ok iter 3 attempts 1 0.2s
[INFO] 			 - Running SMOPF, Network case33_1, 2030, Winter...
WARNING: model contains export suffix 'dual' that contains 2603 component keys
that are not exported as part of the NL file.  Skipping.
19:24:47 [W93 +    47.1s] solve   56             consistency:reevaluation DSO|5|2030|Winter        ok iter 3 attempts 1 0.2s
[INFO] 			 - Running SMOPF, Network case33_1, 2035, Spring...
WARNING: model contains export suffix 'dual' that contains 2639 component keys
that are not exported as part of the NL file.  Skipping.
19:24:48 [W93 +    47.5s] solve   57             consistency:reevaluation DSO|5|2035|Spring        ok iter 3 attempts 1 0.2s
[INFO] 			 - Running SMOPF, Network case33_1, 2035, Summer...
WARNING: model contains export suffix 'dual' that contains 2639 component keys
that are not exported as part of the NL file.  Skipping.
19:24:48 [W93 +    48.0s] solve   58             consistency:reevaluation DSO|5|2035|Summer        ok iter 3 attempts 1 0.2s
[INFO] 			 - Running SMOPF, Network case33_1, 2035, Autumn...
WARNING: model contains export suffix 'dual' that contains 2603 component keys
that are not exported as part of the NL file.  Skipping.
19:24:48 [W93 +    48.4s] solve   59             consistency:reevaluation DSO|5|2035|Autumn        ok iter 3 attempts 1 0.2s
[INFO] 			 - Running SMOPF, Network case33_1, 2035, Winter...
WARNING: model contains export suffix 'dual' that contains 2603 component keys
that are not exported as part of the NL file.  Skipping.
19:24:49 [W93 +    48.9s] solve   60             consistency:reevaluation DSO|5|2035|Winter        ok iter 3 attempts 1 0.2s
[INFO] 			 - Running SMOPF, Network case33_2, 2025, Spring...
WARNING: model contains export suffix 'dual' that contains 2666 component keys
that are not exported as part of the NL file.  Skipping.
19:24:49 [W93 +    49.3s] solve   61             consistency:reevaluation DSO|7|2025|Spring        ok iter 3 attempts 1 0.2s
[INFO] 			 - Running SMOPF, Network case33_2, 2025, Summer...
WARNING: model contains export suffix 'dual' that contains 2666 component keys
that are not exported as part of the NL file.  Skipping.
19:24:51 [W93 +    51.0s] solve   62             consistency:reevaluation DSO|7|2025|Summer        ok iter 3 attempts 1 1.4s
[INFO] 			 - Running SMOPF, Network case33_2, 2025, Autumn...
WARNING: model contains export suffix 'dual' that contains 2642 component keys
that are not exported as part of the NL file.  Skipping.
19:24:51 [W93 +    51.4s] solve   63             consistency:reevaluation DSO|7|2025|Autumn        ok iter 3 attempts 1 0.2s
[INFO] 			 - Running SMOPF, Network case33_2, 2025, Winter...
WARNING: model contains export suffix 'dual' that contains 2642 component keys
that are not exported as part of the NL file.  Skipping.
19:24:52 [W93 +    51.9s] solve   64             consistency:reevaluation DSO|7|2025|Winter        ok iter 3 attempts 1 0.2s
[INFO] 			 - Running SMOPF, Network case33_2, 2030, Spring...
WARNING: model contains export suffix 'dual' that contains 2666 component keys
that are not exported as part of the NL file.  Skipping.
19:24:52 [W93 +    52.3s] solve   65             consistency:reevaluation DSO|7|2030|Spring        ok iter 3 attempts 1 0.2s
[INFO] 			 - Running SMOPF, Network case33_2, 2030, Summer...
WARNING: model contains export suffix 'dual' that contains 2666 component keys
that are not exported as part of the NL file.  Skipping.
19:24:53 [W93 +    52.8s] solve   66             consistency:reevaluation DSO|7|2030|Summer        ok iter 3 attempts 1 0.2s
[INFO] 			 - Running SMOPF, Network case33_2, 2030, Autumn...
WARNING: model contains export suffix 'dual' that contains 2642 component keys
that are not exported as part of the NL file.  Skipping.
19:24:53 [W93 +    53.2s] solve   67             consistency:reevaluation DSO|7|2030|Autumn        ok iter 3 attempts 1 0.2s
[INFO] 			 - Running SMOPF, Network case33_2, 2030, Winter...
WARNING: model contains export suffix 'dual' that contains 2642 component keys
that are not exported as part of the NL file.  Skipping.
19:24:54 [W93 +    53.7s] solve   68             consistency:reevaluation DSO|7|2030|Winter        ok iter 3 attempts 1 0.2s
[INFO] 			 - Running SMOPF, Network case33_2, 2035, Spring...
WARNING: model contains export suffix 'dual' that contains 2666 component keys
that are not exported as part of the NL file.  Skipping.
19:24:54 [W93 +    54.1s] solve   69             consistency:reevaluation DSO|7|2035|Spring        ok iter 3 attempts 1 0.2s
[INFO] 			 - Running SMOPF, Network case33_2, 2035, Summer...
WARNING: model contains export suffix 'dual' that contains 2666 component keys
that are not exported as part of the NL file.  Skipping.
19:24:55 [W93 +    54.6s] solve   70             consistency:reevaluation DSO|7|2035|Summer        ok iter 3 attempts 1 0.2s
[INFO] 			 - Running SMOPF, Network case33_2, 2035, Autumn...
WARNING: model contains export suffix 'dual' that contains 2642 component keys
that are not exported as part of the NL file.  Skipping.
19:24:55 [W93 +    55.0s] solve   71             consistency:reevaluation DSO|7|2035|Autumn        ok iter 3 attempts 1 0.2s
[INFO] 			 - Running SMOPF, Network case33_2, 2035, Winter...
WARNING: model contains export suffix 'dual' that contains 2642 component keys
that are not exported as part of the NL file.  Skipping.
19:24:57 [W93 +    56.8s] solve   72             consistency:reevaluation DSO|7|2035|Winter        ok iter 3 attempts 1 1.5s
[INFO] 			 - Running SMOPF, Network case33_3, 2025, Spring...
WARNING: model contains export suffix 'dual' that contains 2639 component keys
that are not exported as part of the NL file.  Skipping.
19:24:57 [W93 +    57.3s] solve   73             consistency:reevaluation DSO|9|2025|Spring        ok iter 3 attempts 1 0.2s
[INFO] 			 - Running SMOPF, Network case33_3, 2025, Summer...
WARNING: model contains export suffix 'dual' that contains 2639 component keys
that are not exported as part of the NL file.  Skipping.
19:24:58 [W93 +    57.7s] solve   74             consistency:reevaluation DSO|9|2025|Summer        ok iter 3 attempts 1 0.2s
[INFO] 			 - Running SMOPF, Network case33_3, 2025, Autumn...
WARNING: model contains export suffix 'dual' that contains 2603 component keys
that are not exported as part of the NL file.  Skipping.
19:24:58 [W93 +    58.1s] solve   75             consistency:reevaluation DSO|9|2025|Autumn        ok iter 3 attempts 1 0.2s
[INFO] 			 - Running SMOPF, Network case33_3, 2025, Winter...
WARNING: model contains export suffix 'dual' that contains 2603 component keys
that are not exported as part of the NL file.  Skipping.
19:24:59 [W93 +    58.6s] solve   76             consistency:reevaluation DSO|9|2025|Winter        ok iter 3 attempts 1 0.2s
[INFO] 			 - Running SMOPF, Network case33_3, 2030, Spring...
WARNING: model contains export suffix 'dual' that contains 2639 component keys
that are not exported as part of the NL file.  Skipping.
19:24:59 [W93 +    59.0s] solve   77             consistency:reevaluation DSO|9|2030|Spring        ok iter 3 attempts 1 0.2s
[INFO] 			 - Running SMOPF, Network case33_3, 2030, Summer...
WARNING: model contains export suffix 'dual' that contains 2639 component keys
that are not exported as part of the NL file.  Skipping.
19:24:59 [W93 +    59.5s] solve   78             consistency:reevaluation DSO|9|2030|Summer        ok iter 3 attempts 1 0.2s
[INFO] 			 - Running SMOPF, Network case33_3, 2030, Autumn...
WARNING: model contains export suffix 'dual' that contains 2603 component keys
that are not exported as part of the NL file.  Skipping.
19:25:00 [W93 +    59.9s] solve   79             consistency:reevaluation DSO|9|2030|Autumn        ok iter 3 attempts 1 0.2s
[INFO] 			 - Running SMOPF, Network case33_3, 2030, Winter...
WARNING: model contains export suffix 'dual' that contains 2603 component keys
that are not exported as part of the NL file.  Skipping.
19:25:00 [W93 +    60.4s] solve   80             consistency:reevaluation DSO|9|2030|Winter        ok iter 3 attempts 1 0.2s
[INFO] 			 - Running SMOPF, Network case33_3, 2035, Spring...
WARNING: model contains export suffix 'dual' that contains 2639 component keys
that are not exported as part of the NL file.  Skipping.
19:25:01 [W93 +    60.8s] solve   81             consistency:reevaluation DSO|9|2035|Spring        ok iter 3 attempts 1 0.2s
[INFO] 			 - Running SMOPF, Network case33_3, 2035, Summer...
WARNING: model contains export suffix 'dual' that contains 2639 component keys
that are not exported as part of the NL file.  Skipping.
19:25:03 [W93 +    62.7s] solve   82             consistency:reevaluation DSO|9|2035|Summer        ok iter 3 attempts 1 1.5s
[INFO] 			 - Running SMOPF, Network case33_3, 2035, Autumn...
WARNING: model contains export suffix 'dual' that contains 2603 component keys
that are not exported as part of the NL file.  Skipping.
19:25:03 [W93 +    63.1s] solve   83             consistency:reevaluation DSO|9|2035|Autumn        ok iter 3 attempts 1 0.2s
[INFO] 			 - Running SMOPF, Network case33_3, 2035, Winter...
WARNING: model contains export suffix 'dual' that contains 2603 component keys
that are not exported as part of the NL file.  Skipping.
19:25:04 [W93 +    63.5s] solve   84             consistency:reevaluation DSO|9|2035|Winter        ok iter 3 attempts 1 0.2s
[INFO] 			 - Running SMOPF, Network case33_1, 2025, Spring...
19:25:04 [W93 +    63.9s] solve   85                  sequential_pass:dso DSO|5|2025|Spring        ok iter 25 attempts 1 0.3s
[INFO] 			 - Running SMOPF, Network case33_1, 2025, Summer...
19:25:04 [W93 +    64.2s] solve   86                  sequential_pass:dso DSO|5|2025|Summer        ok iter 29 attempts 1 0.3s
[INFO] 			 - Running SMOPF, Network case33_1, 2025, Autumn...
19:25:04 [W93 +    64.5s] solve   87                  sequential_pass:dso DSO|5|2025|Autumn        ok iter 26 attempts 1 0.3s
[INFO] 			 - Running SMOPF, Network case33_1, 2025, Winter...
19:25:05 [W93 +    64.8s] solve   88                  sequential_pass:dso DSO|5|2025|Winter        ok iter 28 attempts 1 0.3s
[INFO] 			 - Running SMOPF, Network case33_1, 2030, Spring...
19:25:05 [W93 +    65.1s] solve   89                  sequential_pass:dso DSO|5|2030|Spring        ok iter 24 attempts 1 0.3s
[INFO] 			 - Running SMOPF, Network case33_1, 2030, Summer...
19:25:05 [W93 +    65.4s] solve   90                  sequential_pass:dso DSO|5|2030|Summer        ok iter 28 attempts 1 0.3s
[INFO] 			 - Running SMOPF, Network case33_1, 2030, Autumn...
19:25:06 [W93 +    65.7s] solve   91                  sequential_pass:dso DSO|5|2030|Autumn        ok iter 30 attempts 1 0.3s
[INFO] 			 - Running SMOPF, Network case33_1, 2030, Winter...
19:25:06 [W93 +    66.0s] solve   92                  sequential_pass:dso DSO|5|2030|Winter        ok iter 28 attempts 1 0.3s
[INFO] 			 - Running SMOPF, Network case33_1, 2035, Spring...
19:25:06 [W93 +    66.3s] solve   93                  sequential_pass:dso DSO|5|2035|Spring        ok iter 25 attempts 1 0.3s
[INFO] 			 - Running SMOPF, Network case33_1, 2035, Summer...
19:25:07 [W93 +    66.6s] solve   94                  sequential_pass:dso DSO|5|2035|Summer        ok iter 36 attempts 1 0.3s
[INFO] 			 - Running SMOPF, Network case33_1, 2035, Autumn...
19:25:07 [W93 +    66.9s] solve   95                  sequential_pass:dso DSO|5|2035|Autumn        ok iter 26 attempts 1 0.3s
[INFO] 			 - Running SMOPF, Network case33_1, 2035, Winter...
19:25:07 [W93 +    67.3s] solve   96                  sequential_pass:dso DSO|5|2035|Winter        ok iter 28 attempts 1 0.3s
[INFO] 			 - Running SMOPF, Network case33_2, 2025, Spring...
19:25:08 [W93 +    67.5s] solve   97                  sequential_pass:dso DSO|7|2025|Spring        ok iter 25 attempts 1 0.3s
[INFO] 			 - Running SMOPF, Network case33_2, 2025, Summer...
19:25:08 [W93 +    67.8s] solve   98                  sequential_pass:dso DSO|7|2025|Summer        ok iter 27 attempts 1 0.3s
[INFO] 			 - Running SMOPF, Network case33_2, 2025, Autumn...
19:25:08 [W93 +    68.1s] solve   99                  sequential_pass:dso DSO|7|2025|Autumn        ok iter 25 attempts 1 0.3s
[INFO] 			 - Running SMOPF, Network case33_2, 2025, Winter...
19:25:08 [W93 +    68.4s] solve  100                  sequential_pass:dso DSO|7|2025|Winter        ok iter 27 attempts 1 0.3s
[INFO] 			 - Running SMOPF, Network case33_2, 2030, Spring...
19:25:09 [W93 +    68.7s] solve  101                  sequential_pass:dso DSO|7|2030|Spring        ok iter 25 attempts 1 0.3s
[INFO] 			 - Running SMOPF, Network case33_2, 2030, Summer...
19:25:09 [W93 +    69.1s] solve  102                  sequential_pass:dso DSO|7|2030|Summer        ok iter 35 attempts 1 0.3s
[INFO] 			 - Running SMOPF, Network case33_2, 2030, Autumn...
19:25:09 [W93 +    69.4s] solve  103                  sequential_pass:dso DSO|7|2030|Autumn        ok iter 26 attempts 1 0.3s
[INFO] 			 - Running SMOPF, Network case33_2, 2030, Winter...
19:25:10 [W93 +    69.7s] solve  104                  sequential_pass:dso DSO|7|2030|Winter        ok iter 27 attempts 1 0.3s
[INFO] 			 - Running SMOPF, Network case33_2, 2035, Spring...
19:25:10 [W93 +    70.0s] solve  105                  sequential_pass:dso DSO|7|2035|Spring        ok iter 23 attempts 1 0.3s
[INFO] 			 - Running SMOPF, Network case33_2, 2035, Summer...
19:25:10 [W93 +    70.3s] solve  106                  sequential_pass:dso DSO|7|2035|Summer        ok iter 30 attempts 1 0.3s
[INFO] 			 - Running SMOPF, Network case33_2, 2035, Autumn...
19:25:11 [W93 +    70.6s] solve  107                  sequential_pass:dso DSO|7|2035|Autumn        ok iter 23 attempts 1 0.3s
[INFO] 			 - Running SMOPF, Network case33_2, 2035, Winter...
19:25:11 [W93 +    70.9s] solve  108                  sequential_pass:dso DSO|7|2035|Winter        ok iter 27 attempts 1 0.3s
[INFO] 			 - Running SMOPF, Network case33_3, 2025, Spring...
19:25:11 [W93 +    71.2s] solve  109                  sequential_pass:dso DSO|9|2025|Spring        ok iter 24 attempts 1 0.3s
[INFO] 			 - Running SMOPF, Network case33_3, 2025, Summer...
19:25:12 [W93 +    71.6s] solve  110                  sequential_pass:dso DSO|9|2025|Summer        ok iter 53 attempts 1 0.4s
[INFO] 			 - Running SMOPF, Network case33_3, 2025, Autumn...
19:25:12 [W93 +    71.9s] solve  111                  sequential_pass:dso DSO|9|2025|Autumn        ok iter 25 attempts 1 0.3s
[INFO] 			 - Running SMOPF, Network case33_3, 2025, Winter...
19:25:12 [W93 +    72.2s] solve  112                  sequential_pass:dso DSO|9|2025|Winter        ok iter 27 attempts 1 0.3s
[INFO] 			 - Running SMOPF, Network case33_3, 2030, Spring...
19:25:13 [W93 +    72.5s] solve  113                  sequential_pass:dso DSO|9|2030|Spring        ok iter 24 attempts 1 0.3s
[INFO] 			 - Running SMOPF, Network case33_3, 2030, Summer...
19:25:13 [W93 +    73.0s] solve  114                  sequential_pass:dso DSO|9|2030|Summer        ok iter 59 attempts 1 0.5s
[INFO] 			 - Running SMOPF, Network case33_3, 2030, Autumn...
19:25:13 [W93 +    73.3s] solve  115                  sequential_pass:dso DSO|9|2030|Autumn        ok iter 26 attempts 1 0.3s
[INFO] 			 - Running SMOPF, Network case33_3, 2030, Winter...
19:25:14 [W93 +    73.6s] solve  116                  sequential_pass:dso DSO|9|2030|Winter        ok iter 28 attempts 1 0.3s
[INFO] 			 - Running SMOPF, Network case33_3, 2035, Spring...
19:25:14 [W93 +    73.9s] solve  117                  sequential_pass:dso DSO|9|2035|Spring        ok iter 38 attempts 1 0.3s
[INFO] 			 - Running SMOPF, Network case33_3, 2035, Summer...
19:25:14 [W93 +    74.3s] solve  118                  sequential_pass:dso DSO|9|2035|Summer        ok iter 41 attempts 1 0.4s
[INFO] 			 - Running SMOPF, Network case33_3, 2035, Autumn...
19:25:15 [W93 +    74.7s] solve  119                  sequential_pass:dso DSO|9|2035|Autumn        ok iter 31 attempts 1 0.3s
[INFO] 			 - Running SMOPF, Network case33_3, 2035, Winter...
19:25:15 [W93 +    75.0s] solve  120                  sequential_pass:dso DSO|9|2035|Winter        ok iter 28 attempts 1 0.3s
[INFO] 			 - Running SMOPF, Network case9, 2025, Spring...
19:25:15 [W93 +    75.1s] solve  121                  sequential_pass:tso TSO|-|2025|Spring        ok iter 28 attempts 1 0.1s
[INFO] 			 - Running SMOPF, Network case9, 2025, Summer...
19:25:15 [W93 +    75.2s] solve  122                  sequential_pass:tso TSO|-|2025|Summer        ok iter 30 attempts 1 0.1s
[INFO] 			 - Running SMOPF, Network case9, 2025, Autumn...
19:25:15 [W93 +    75.3s] solve  123                  sequential_pass:tso TSO|-|2025|Autumn        ok iter 28 attempts 1 0.1s
[INFO] 			 - Running SMOPF, Network case9, 2025, Winter...
19:25:15 [W93 +    75.4s] solve  124                  sequential_pass:tso TSO|-|2025|Winter        ok iter 28 attempts 1 0.1s
[INFO] 			 - Running SMOPF, Network case9, 2030, Spring...
19:25:16 [W93 +    75.6s] solve  125                  sequential_pass:tso TSO|-|2030|Spring        ok iter 27 attempts 1 0.1s
[INFO] 			 - Running SMOPF, Network case9, 2030, Summer...
19:25:17 [W93 +    76.9s] solve  126                  sequential_pass:tso TSO|-|2030|Summer        ok iter 30 attempts 1 1.3s
[INFO] 			 - Running SMOPF, Network case9, 2030, Autumn...
19:25:17 [W93 +    77.0s] solve  127                  sequential_pass:tso TSO|-|2030|Autumn        ok iter 28 attempts 1 0.1s
[INFO] 			 - Running SMOPF, Network case9, 2030, Winter...
19:25:17 [W93 +    77.1s] solve  128                  sequential_pass:tso TSO|-|2030|Winter        ok iter 30 attempts 1 0.1s
[INFO] 			 - Running SMOPF, Network case9, 2035, Spring...
19:25:17 [W93 +    77.3s] solve  129                  sequential_pass:tso TSO|-|2035|Spring        ok iter 26 attempts 1 0.1s
[INFO] 			 - Running SMOPF, Network case9, 2035, Summer...
19:25:17 [W93 +    77.4s] solve  130                  sequential_pass:tso TSO|-|2035|Summer        ok iter 30 attempts 1 0.1s
[INFO] 			 - Running SMOPF, Network case9, 2035, Autumn...
19:25:17 [W93 +    77.5s] solve  131                  sequential_pass:tso TSO|-|2035|Autumn        ok iter 31 attempts 1 0.1s
[INFO] 			 - Running SMOPF, Network case9, 2035, Winter...
19:25:18 [W93 +    77.6s] solve  132                  sequential_pass:tso TSO|-|2035|Winter        ok iter 29 attempts 1 0.1s
19:25:18 [W116 +    78.2s] nrf_arm_passive_warm_from_certified_r2: exit 0; guard counts {'permitted_solve': 132, 'permitted_exec': 132, 'blocked_solve': 0, 'blocked_exec': 0}
