18:29:16 [W116 +     0.1s] P5.15 Addendum 57 W116 -- uncoordinated benchmark spec v3: no-reverse-flow arms, the feasibility sweep of the unconstrained arms, the coordinated reverse-flow count; spec v4 (W119): per-block exact solve accounting of the NRF arm and tie-breaker stages -- sweep_price_taker_cold (permitted solve sites (('uncoordinated_benchmark.py', '_solve_block'), ('p515_s53_w114_passive_infeasibility.py', 'elastic_solve'))); output data/SRP1/Results/P515S53/w116_benchmark_nrf/sweep_price_taker_cold
18:29:30 [W93 +    13.6s] unpickling data/SRP1/Results/P515S53/w101_srp1_continuation/campaign_s53_w101_srp1_cont_x0/evals/d110bd1a5977df1e_x0/certified_models.pkl (sha256 verified 99ab1070)
18:29:38 [W93 +    22.1s] capture-path checklist at sweep_price_taker_cold (before any solve): 96 items, all True
[INFO] 			 - Running SMOPF, Network case33_1, 2025, Spring...
18:29:45 [W93 +    28.5s] solve    1           sweep:price_taker:cold:dso DSO|5|2025|Spring        ok iter 38 attempts 1 0.4s
[INFO] 			 - Running SMOPF, Network case33_1, 2025, Summer...
18:29:45 [W93 +    28.9s] solve    2           sweep:price_taker:cold:dso DSO|5|2025|Summer        ok iter 40 attempts 1 0.4s
[INFO] 			 - Running SMOPF, Network case33_1, 2025, Autumn...
18:29:45 [W93 +    29.3s] solve    3           sweep:price_taker:cold:dso DSO|5|2025|Autumn        ok iter 39 attempts 1 0.4s
[INFO] 			 - Running SMOPF, Network case33_1, 2025, Winter...
18:29:46 [W93 +    29.7s] solve    4           sweep:price_taker:cold:dso DSO|5|2025|Winter        ok iter 40 attempts 1 0.4s
[INFO] 			 - Running SMOPF, Network case33_1, 2030, Spring...
18:29:46 [W93 +    30.2s] solve    5           sweep:price_taker:cold:dso DSO|5|2030|Spring        ok iter 39 attempts 1 0.4s
[INFO] 			 - Running SMOPF, Network case33_1, 2030, Summer...
18:29:47 [W93 +    30.6s] solve    6           sweep:price_taker:cold:dso DSO|5|2030|Summer        ok iter 38 attempts 1 0.4s
[INFO] 			 - Running SMOPF, Network case33_1, 2030, Autumn...
18:29:47 [W93 +    31.0s] solve    7           sweep:price_taker:cold:dso DSO|5|2030|Autumn        ok iter 38 attempts 1 0.4s
[INFO] 			 - Running SMOPF, Network case33_1, 2030, Winter...
18:29:47 [W93 +    31.4s] solve    8           sweep:price_taker:cold:dso DSO|5|2030|Winter        ok iter 38 attempts 1 0.4s
[INFO] 			 - Running SMOPF, Network case33_1, 2035, Spring...
18:29:48 [W93 +    31.9s] solve    9           sweep:price_taker:cold:dso DSO|5|2035|Spring        ok iter 43 attempts 1 0.4s
[INFO] 			 - Running SMOPF, Network case33_1, 2035, Summer...
18:29:48 [W93 +    32.3s] solve   10           sweep:price_taker:cold:dso DSO|5|2035|Summer        ok iter 42 attempts 1 0.4s
[INFO] 			 - Running SMOPF, Network case33_1, 2035, Autumn...
18:29:49 [W93 +    32.7s] solve   11           sweep:price_taker:cold:dso DSO|5|2035|Autumn        ok iter 41 attempts 1 0.4s
[INFO] 			 - Running SMOPF, Network case33_1, 2035, Winter...
18:29:49 [W93 +    33.2s] solve   12           sweep:price_taker:cold:dso DSO|5|2035|Winter        ok iter 41 attempts 1 0.4s
[INFO] 			 - Running SMOPF, Network case33_2, 2025, Spring...
18:29:50 [W93 +    33.6s] solve   13           sweep:price_taker:cold:dso DSO|7|2025|Spring        ok iter 47 attempts 1 0.5s
[INFO] 			 - Running SMOPF, Network case33_2, 2025, Summer...
18:29:50 [W93 +    34.1s] solve   14           sweep:price_taker:cold:dso DSO|7|2025|Summer        ok iter 46 attempts 1 0.5s
[INFO] 			 - Running SMOPF, Network case33_2, 2025, Autumn...
18:29:51 [W93 +    34.5s] solve   15           sweep:price_taker:cold:dso DSO|7|2025|Autumn        ok iter 40 attempts 1 0.4s
[INFO] 			 - Running SMOPF, Network case33_2, 2025, Winter...
18:29:51 [W93 +    35.0s] solve   16           sweep:price_taker:cold:dso DSO|7|2025|Winter        ok iter 42 attempts 1 0.4s
[INFO] 			 - Running SMOPF, Network case33_2, 2030, Spring...
18:29:51 [W93 +    35.4s] solve   17           sweep:price_taker:cold:dso DSO|7|2030|Spring        ok iter 45 attempts 1 0.5s
[INFO] 			 - Running SMOPF, Network case33_2, 2030, Summer...
18:29:52 [W93 +    35.9s] solve   18           sweep:price_taker:cold:dso DSO|7|2030|Summer        ok iter 46 attempts 1 0.5s
[INFO] 			 - Running SMOPF, Network case33_2, 2030, Autumn...
18:29:52 [W93 +    36.3s] solve   19           sweep:price_taker:cold:dso DSO|7|2030|Autumn        ok iter 40 attempts 1 0.4s
[INFO] 			 - Running SMOPF, Network case33_2, 2030, Winter...
18:29:53 [W93 +    36.7s] solve   20           sweep:price_taker:cold:dso DSO|7|2030|Winter        ok iter 39 attempts 1 0.4s
[INFO] 			 - Running SMOPF, Network case33_2, 2035, Spring...
18:29:53 [W93 +    37.2s] solve   21           sweep:price_taker:cold:dso DSO|7|2035|Spring        ok iter 47 attempts 1 0.5s
[INFO] 			 - Running SMOPF, Network case33_2, 2035, Summer...
18:29:54 [W93 +    37.7s] solve   22           sweep:price_taker:cold:dso DSO|7|2035|Summer        ok iter 45 attempts 1 0.4s
[INFO] 			 - Running SMOPF, Network case33_2, 2035, Autumn...
18:29:54 [W93 +    38.1s] solve   23           sweep:price_taker:cold:dso DSO|7|2035|Autumn        ok iter 42 attempts 1 0.4s
[INFO] 			 - Running SMOPF, Network case33_2, 2035, Winter...
18:29:55 [W93 +    38.5s] solve   24           sweep:price_taker:cold:dso DSO|7|2035|Winter        ok iter 39 attempts 1 0.4s
[INFO] 			 - Running SMOPF, Network case33_3, 2025, Spring...
18:29:55 [W93 +    39.0s] solve   25           sweep:price_taker:cold:dso DSO|9|2025|Spring        ok iter 40 attempts 1 0.4s
[INFO] 			 - Running SMOPF, Network case33_3, 2025, Summer...
18:29:55 [W93 +    39.4s] solve   26           sweep:price_taker:cold:dso DSO|9|2025|Summer        ok iter 40 attempts 1 0.4s
[INFO] 			 - Running SMOPF, Network case33_3, 2025, Autumn...
18:29:56 [W93 +    39.8s] solve   27           sweep:price_taker:cold:dso DSO|9|2025|Autumn        ok iter 39 attempts 1 0.4s
[INFO] 			 - Running SMOPF, Network case33_3, 2025, Winter...
18:29:57 [W93 +    40.9s] solve   28           sweep:price_taker:cold:dso DSO|9|2025|Winter        ok iter 40 attempts 1 1.1s
[INFO] 			 - Running SMOPF, Network case33_3, 2030, Spring...
18:29:57 [W93 +    41.4s] solve   29           sweep:price_taker:cold:dso DSO|9|2030|Spring        ok iter 42 attempts 1 0.4s
[INFO] 			 - Running SMOPF, Network case33_3, 2030, Summer...
18:29:58 [W93 +    41.8s] solve   30           sweep:price_taker:cold:dso DSO|9|2030|Summer        ok iter 45 attempts 1 0.4s
[INFO] 			 - Running SMOPF, Network case33_3, 2030, Autumn...
18:29:58 [W93 +    42.2s] solve   31           sweep:price_taker:cold:dso DSO|9|2030|Autumn        ok iter 37 attempts 1 0.4s
[INFO] 			 - Running SMOPF, Network case33_3, 2030, Winter...
18:29:59 [W93 +    42.7s] solve   32           sweep:price_taker:cold:dso DSO|9|2030|Winter        ok iter 39 attempts 1 0.4s
[INFO] 			 - Running SMOPF, Network case33_3, 2035, Spring...
18:29:59 [W93 +    43.1s] solve   33           sweep:price_taker:cold:dso DSO|9|2035|Spring        ok iter 43 attempts 1 0.4s
[INFO] 			 - Running SMOPF, Network case33_3, 2035, Summer...
18:30:00 [W93 +    43.5s] solve   34           sweep:price_taker:cold:dso DSO|9|2035|Summer        ok iter 42 attempts 1 0.4s
[INFO] 			 - Running SMOPF, Network case33_3, 2035, Autumn...
18:30:00 [W93 +    44.0s] solve   35           sweep:price_taker:cold:dso DSO|9|2035|Autumn        ok iter 41 attempts 1 0.4s
[INFO] 			 - Running SMOPF, Network case33_3, 2035, Winter...
18:30:00 [W93 +    44.4s] solve   36           sweep:price_taker:cold:dso DSO|9|2035|Winter        ok iter 40 attempts 1 0.4s
[INFO] 			 - Running SMOPF, Network case9, 2025, Spring...
[WARNING] Network primary solve did not converge for case9, year=2025, day=Spring: status=warning, termination=infeasible, message=Ipopt 3.14.18\x3a Converged to a locally infeasible point. Problem may be infeasible. | warm_start=False
[WARNING] IPOPT primary solve log for case9, year=2025, day=Spring: /Users/micaelsimoes/Projects/share-resource-planning-no_esso-degradation/data/SRP1/Results/P56A/evals/p515s53w116_sweep_price_taker_cold/logs/optim_log_case9_2025_Spring.log
[INFO] Retrying network solve once for case9, year=2025, day=Spring, cold start, with acceptable_iter=1, acceptable_tol=0.0001, warm_start_init_point=no.
[WARNING] Network recovery solve did not converge for case9, year=2025, day=Spring: status=warning, termination=infeasible, message=Ipopt 3.14.18\x3a Converged to a locally infeasible point. Problem may be infeasible. | warm_start=False
[WARNING] IPOPT recovery solve log for case9, year=2025, day=Spring: /Users/micaelsimoes/Projects/share-resource-planning-no_esso-degradation/data/SRP1/Results/P56A/evals/p515s53w116_sweep_price_taker_cold/logs/optim_log_case9_2025_Spring_recovery.log
[INFO] Retrying network solve (tier 2: cold, mu_strategy=adaptive) for case9, year=2025, day=Spring, with acceptable_iter=1, acceptable_tol=0.0001, mu_strategy=adaptive, warm_start_init_point=no.
[WARNING] Network tier-2 recovery solve did not converge for case9, year=2025, day=Spring: status=warning, termination=infeasible, message=Ipopt 3.14.18\x3a Converged to a locally infeasible point. Problem may be infeasible. | warm_start=False
[WARNING] IPOPT tier-2 recovery solve log for case9, year=2025, day=Spring: /Users/micaelsimoes/Projects/share-resource-planning-no_esso-degradation/data/SRP1/Results/P56A/evals/p515s53w116_sweep_price_taker_cold/logs/optim_log_case9_2025_Spring_recovery_tier2.log
18:30:02 [W93 +    45.8s] solve   37           sweep:price_taker:cold:tso TSO|-|2025|Spring        FAILED iter 106 attempts 3 0.8s
18:30:03 [W116 +    46.8s] sweep_price_taker_cold: TSO|-|2025|Spring NOT ACCEPTED -- E3 optimal, hours [4, 5, 6, 7] undetermined []
[INFO] 			 - Running SMOPF, Network case9, 2025, Summer...
[WARNING] Network primary solve did not converge for case9, year=2025, day=Summer: status=warning, termination=infeasible, message=Ipopt 3.14.18\x3a Converged to a locally infeasible point. Problem may be infeasible. | warm_start=False
[WARNING] IPOPT primary solve log for case9, year=2025, day=Summer: /Users/micaelsimoes/Projects/share-resource-planning-no_esso-degradation/data/SRP1/Results/P56A/evals/p515s53w116_sweep_price_taker_cold/logs/optim_log_case9_2025_Summer.log
[INFO] Retrying network solve once for case9, year=2025, day=Summer, cold start, with acceptable_iter=1, acceptable_tol=0.0001, warm_start_init_point=no.
[WARNING] Network recovery solve did not converge for case9, year=2025, day=Summer: status=warning, termination=infeasible, message=Ipopt 3.14.18\x3a Converged to a locally infeasible point. Problem may be infeasible. | warm_start=False
[WARNING] IPOPT recovery solve log for case9, year=2025, day=Summer: /Users/micaelsimoes/Projects/share-resource-planning-no_esso-degradation/data/SRP1/Results/P56A/evals/p515s53w116_sweep_price_taker_cold/logs/optim_log_case9_2025_Summer_recovery.log
[INFO] Retrying network solve (tier 2: cold, mu_strategy=adaptive) for case9, year=2025, day=Summer, with acceptable_iter=1, acceptable_tol=0.0001, mu_strategy=adaptive, warm_start_init_point=no.
[WARNING] Network tier-2 recovery solve did not converge for case9, year=2025, day=Summer: status=warning, termination=infeasible, message=Ipopt 3.14.18\x3a Converged to a locally infeasible point. Problem may be infeasible. | warm_start=False
[WARNING] IPOPT tier-2 recovery solve log for case9, year=2025, day=Summer: /Users/micaelsimoes/Projects/share-resource-planning-no_esso-degradation/data/SRP1/Results/P56A/evals/p515s53w116_sweep_price_taker_cold/logs/optim_log_case9_2025_Summer_recovery_tier2.log
18:30:04 [W93 +    47.5s] solve   38           sweep:price_taker:cold:tso TSO|-|2025|Summer        FAILED iter 104 attempts 3 0.7s
18:30:05 [W116 +    48.5s] sweep_price_taker_cold: TSO|-|2025|Summer NOT ACCEPTED -- E3 optimal, hours [5] undetermined []
[INFO] 			 - Running SMOPF, Network case9, 2025, Autumn...
18:30:05 [W93 +    48.6s] solve   39           sweep:price_taker:cold:tso TSO|-|2025|Autumn        ok iter 33 attempts 1 0.1s
18:30:05 [W116 +    48.6s] sweep_price_taker_cold: TSO|-|2025|Autumn ACCEPTED
[INFO] 			 - Running SMOPF, Network case9, 2025, Winter...
18:30:05 [W93 +    48.7s] solve   40           sweep:price_taker:cold:tso TSO|-|2025|Winter        ok iter 29 attempts 1 0.1s
18:30:05 [W116 +    48.7s] sweep_price_taker_cold: TSO|-|2025|Winter ACCEPTED
[INFO] 			 - Running SMOPF, Network case9, 2030, Spring...
[WARNING] Network primary solve did not converge for case9, year=2030, day=Spring: status=warning, termination=infeasible, message=Ipopt 3.14.18\x3a Converged to a locally infeasible point. Problem may be infeasible. | warm_start=False
[WARNING] IPOPT primary solve log for case9, year=2030, day=Spring: /Users/micaelsimoes/Projects/share-resource-planning-no_esso-degradation/data/SRP1/Results/P56A/evals/p515s53w116_sweep_price_taker_cold/logs/optim_log_case9_2030_Spring.log
[INFO] Retrying network solve once for case9, year=2030, day=Spring, cold start, with acceptable_iter=1, acceptable_tol=0.0001, warm_start_init_point=no.
[WARNING] Network recovery solve did not converge for case9, year=2030, day=Spring: status=warning, termination=infeasible, message=Ipopt 3.14.18\x3a Converged to a locally infeasible point. Problem may be infeasible. | warm_start=False
[WARNING] IPOPT recovery solve log for case9, year=2030, day=Spring: /Users/micaelsimoes/Projects/share-resource-planning-no_esso-degradation/data/SRP1/Results/P56A/evals/p515s53w116_sweep_price_taker_cold/logs/optim_log_case9_2030_Spring_recovery.log
[INFO] Retrying network solve (tier 2: cold, mu_strategy=adaptive) for case9, year=2030, day=Spring, with acceptable_iter=1, acceptable_tol=0.0001, mu_strategy=adaptive, warm_start_init_point=no.
[WARNING] Network tier-2 recovery solve did not converge for case9, year=2030, day=Spring: status=warning, termination=infeasible, message=Ipopt 3.14.18\x3a Converged to a locally infeasible point. Problem may be infeasible. | warm_start=False
[WARNING] IPOPT tier-2 recovery solve log for case9, year=2030, day=Spring: /Users/micaelsimoes/Projects/share-resource-planning-no_esso-degradation/data/SRP1/Results/P56A/evals/p515s53w116_sweep_price_taker_cold/logs/optim_log_case9_2030_Spring_recovery_tier2.log
18:30:06 [W93 +    49.6s] solve   41           sweep:price_taker:cold:tso TSO|-|2030|Spring        FAILED iter 68 attempts 3 0.8s
18:30:07 [W116 +    50.6s] sweep_price_taker_cold: TSO|-|2030|Spring NOT ACCEPTED -- E3 optimal, hours [4, 5, 6, 7, 22] undetermined []
[INFO] 			 - Running SMOPF, Network case9, 2030, Summer...
[WARNING] Network primary solve did not converge for case9, year=2030, day=Summer: status=warning, termination=infeasible, message=Ipopt 3.14.18\x3a Converged to a locally infeasible point. Problem may be infeasible. | warm_start=False
[WARNING] IPOPT primary solve log for case9, year=2030, day=Summer: /Users/micaelsimoes/Projects/share-resource-planning-no_esso-degradation/data/SRP1/Results/P56A/evals/p515s53w116_sweep_price_taker_cold/logs/optim_log_case9_2030_Summer.log
[INFO] Retrying network solve once for case9, year=2030, day=Summer, cold start, with acceptable_iter=1, acceptable_tol=0.0001, warm_start_init_point=no.
[WARNING] Network recovery solve did not converge for case9, year=2030, day=Summer: status=warning, termination=infeasible, message=Ipopt 3.14.18\x3a Converged to a locally infeasible point. Problem may be infeasible. | warm_start=False
[WARNING] IPOPT recovery solve log for case9, year=2030, day=Summer: /Users/micaelsimoes/Projects/share-resource-planning-no_esso-degradation/data/SRP1/Results/P56A/evals/p515s53w116_sweep_price_taker_cold/logs/optim_log_case9_2030_Summer_recovery.log
[INFO] Retrying network solve (tier 2: cold, mu_strategy=adaptive) for case9, year=2030, day=Summer, with acceptable_iter=1, acceptable_tol=0.0001, mu_strategy=adaptive, warm_start_init_point=no.
[WARNING] Network tier-2 recovery solve did not converge for case9, year=2030, day=Summer: status=warning, termination=infeasible, message=Ipopt 3.14.18\x3a Converged to a locally infeasible point. Problem may be infeasible. | warm_start=False
[WARNING] IPOPT tier-2 recovery solve log for case9, year=2030, day=Summer: /Users/micaelsimoes/Projects/share-resource-planning-no_esso-degradation/data/SRP1/Results/P56A/evals/p515s53w116_sweep_price_taker_cold/logs/optim_log_case9_2030_Summer_recovery_tier2.log
18:30:07 [W93 +    51.4s] solve   42           sweep:price_taker:cold:tso TSO|-|2030|Summer        FAILED iter 89 attempts 3 0.8s
18:30:08 [W116 +    52.4s] sweep_price_taker_cold: TSO|-|2030|Summer NOT ACCEPTED -- E3 optimal, hours [4, 5, 22] undetermined []
[INFO] 			 - Running SMOPF, Network case9, 2030, Autumn...
18:30:09 [W93 +    52.5s] solve   43           sweep:price_taker:cold:tso TSO|-|2030|Autumn        ok iter 35 attempts 1 0.1s
18:30:09 [W116 +    52.5s] sweep_price_taker_cold: TSO|-|2030|Autumn ACCEPTED
[INFO] 			 - Running SMOPF, Network case9, 2030, Winter...
[WARNING] Network primary solve did not converge for case9, year=2030, day=Winter: status=warning, termination=infeasible, message=Ipopt 3.14.18\x3a Converged to a locally infeasible point. Problem may be infeasible. | warm_start=False
[WARNING] IPOPT primary solve log for case9, year=2030, day=Winter: /Users/micaelsimoes/Projects/share-resource-planning-no_esso-degradation/data/SRP1/Results/P56A/evals/p515s53w116_sweep_price_taker_cold/logs/optim_log_case9_2030_Winter.log
[INFO] Retrying network solve once for case9, year=2030, day=Winter, cold start, with acceptable_iter=1, acceptable_tol=0.0001, warm_start_init_point=no.
[WARNING] Network recovery solve did not converge for case9, year=2030, day=Winter: status=warning, termination=infeasible, message=Ipopt 3.14.18\x3a Converged to a locally infeasible point. Problem may be infeasible. | warm_start=False
[WARNING] IPOPT recovery solve log for case9, year=2030, day=Winter: /Users/micaelsimoes/Projects/share-resource-planning-no_esso-degradation/data/SRP1/Results/P56A/evals/p515s53w116_sweep_price_taker_cold/logs/optim_log_case9_2030_Winter_recovery.log
[INFO] Retrying network solve (tier 2: cold, mu_strategy=adaptive) for case9, year=2030, day=Winter, with acceptable_iter=1, acceptable_tol=0.0001, mu_strategy=adaptive, warm_start_init_point=no.
[WARNING] Network tier-2 recovery solve did not converge for case9, year=2030, day=Winter: status=warning, termination=infeasible, message=Ipopt 3.14.18\x3a Converged to a locally infeasible point. Problem may be infeasible. | warm_start=False
[WARNING] IPOPT tier-2 recovery solve log for case9, year=2030, day=Winter: /Users/micaelsimoes/Projects/share-resource-planning-no_esso-degradation/data/SRP1/Results/P56A/evals/p515s53w116_sweep_price_taker_cold/logs/optim_log_case9_2030_Winter_recovery_tier2.log
18:30:09 [W93 +    53.1s] solve   44           sweep:price_taker:cold:tso TSO|-|2030|Winter        FAILED iter 75 attempts 3 0.6s
18:30:10 [W116 +    54.1s] sweep_price_taker_cold: TSO|-|2030|Winter NOT ACCEPTED -- E3 optimal, hours [18, 20] undetermined []
[INFO] 			 - Running SMOPF, Network case9, 2035, Spring...
[WARNING] Network primary solve did not converge for case9, year=2035, day=Spring: status=warning, termination=infeasible, message=Ipopt 3.14.18\x3a Converged to a locally infeasible point. Problem may be infeasible. | warm_start=False
[WARNING] IPOPT primary solve log for case9, year=2035, day=Spring: /Users/micaelsimoes/Projects/share-resource-planning-no_esso-degradation/data/SRP1/Results/P56A/evals/p515s53w116_sweep_price_taker_cold/logs/optim_log_case9_2035_Spring.log
[INFO] Retrying network solve once for case9, year=2035, day=Spring, cold start, with acceptable_iter=1, acceptable_tol=0.0001, warm_start_init_point=no.
[WARNING] Network recovery solve did not converge for case9, year=2035, day=Spring: status=warning, termination=infeasible, message=Ipopt 3.14.18\x3a Converged to a locally infeasible point. Problem may be infeasible. | warm_start=False
[WARNING] IPOPT recovery solve log for case9, year=2035, day=Spring: /Users/micaelsimoes/Projects/share-resource-planning-no_esso-degradation/data/SRP1/Results/P56A/evals/p515s53w116_sweep_price_taker_cold/logs/optim_log_case9_2035_Spring_recovery.log
[INFO] Retrying network solve (tier 2: cold, mu_strategy=adaptive) for case9, year=2035, day=Spring, with acceptable_iter=1, acceptable_tol=0.0001, mu_strategy=adaptive, warm_start_init_point=no.
[WARNING] Network tier-2 recovery solve did not converge for case9, year=2035, day=Spring: status=warning, termination=infeasible, message=Ipopt 3.14.18\x3a Converged to a locally infeasible point. Problem may be infeasible. | warm_start=False
[WARNING] IPOPT tier-2 recovery solve log for case9, year=2035, day=Spring: /Users/micaelsimoes/Projects/share-resource-planning-no_esso-degradation/data/SRP1/Results/P56A/evals/p515s53w116_sweep_price_taker_cold/logs/optim_log_case9_2035_Spring_recovery_tier2.log
18:30:11 [W93 +    55.0s] solve   45           sweep:price_taker:cold:tso TSO|-|2035|Spring        FAILED iter 111 attempts 3 0.9s
18:30:12 [W116 +    56.0s] sweep_price_taker_cold: TSO|-|2035|Spring NOT ACCEPTED -- E3 optimal, hours [3, 4, 5, 6, 7, 8] undetermined []
[INFO] 			 - Running SMOPF, Network case9, 2035, Summer...
[WARNING] Network primary solve did not converge for case9, year=2035, day=Summer: status=warning, termination=infeasible, message=Ipopt 3.14.18\x3a Converged to a locally infeasible point. Problem may be infeasible. | warm_start=False
[WARNING] IPOPT primary solve log for case9, year=2035, day=Summer: /Users/micaelsimoes/Projects/share-resource-planning-no_esso-degradation/data/SRP1/Results/P56A/evals/p515s53w116_sweep_price_taker_cold/logs/optim_log_case9_2035_Summer.log
[INFO] Retrying network solve once for case9, year=2035, day=Summer, cold start, with acceptable_iter=1, acceptable_tol=0.0001, warm_start_init_point=no.
[WARNING] Network recovery solve did not converge for case9, year=2035, day=Summer: status=warning, termination=infeasible, message=Ipopt 3.14.18\x3a Converged to a locally infeasible point. Problem may be infeasible. | warm_start=False
[WARNING] IPOPT recovery solve log for case9, year=2035, day=Summer: /Users/micaelsimoes/Projects/share-resource-planning-no_esso-degradation/data/SRP1/Results/P56A/evals/p515s53w116_sweep_price_taker_cold/logs/optim_log_case9_2035_Summer_recovery.log
[INFO] Retrying network solve (tier 2: cold, mu_strategy=adaptive) for case9, year=2035, day=Summer, with acceptable_iter=1, acceptable_tol=0.0001, mu_strategy=adaptive, warm_start_init_point=no.
[WARNING] Network tier-2 recovery solve did not converge for case9, year=2035, day=Summer: status=warning, termination=infeasible, message=Ipopt 3.14.18\x3a Converged to a locally infeasible point. Problem may be infeasible. | warm_start=False
[WARNING] IPOPT tier-2 recovery solve log for case9, year=2035, day=Summer: /Users/micaelsimoes/Projects/share-resource-planning-no_esso-degradation/data/SRP1/Results/P56A/evals/p515s53w116_sweep_price_taker_cold/logs/optim_log_case9_2035_Summer_recovery_tier2.log
18:30:13 [W93 +    56.8s] solve   46           sweep:price_taker:cold:tso TSO|-|2035|Summer        FAILED iter 100 attempts 3 0.8s
18:30:14 [W116 +    57.8s] sweep_price_taker_cold: TSO|-|2035|Summer NOT ACCEPTED -- E3 optimal, hours [4, 5] undetermined []
[INFO] 			 - Running SMOPF, Network case9, 2035, Autumn...
[WARNING] Network primary solve did not converge for case9, year=2035, day=Autumn: status=warning, termination=infeasible, message=Ipopt 3.14.18\x3a Converged to a locally infeasible point. Problem may be infeasible. | warm_start=False
[WARNING] IPOPT primary solve log for case9, year=2035, day=Autumn: /Users/micaelsimoes/Projects/share-resource-planning-no_esso-degradation/data/SRP1/Results/P56A/evals/p515s53w116_sweep_price_taker_cold/logs/optim_log_case9_2035_Autumn.log
[INFO] Retrying network solve once for case9, year=2035, day=Autumn, cold start, with acceptable_iter=1, acceptable_tol=0.0001, warm_start_init_point=no.
[WARNING] Network recovery solve did not converge for case9, year=2035, day=Autumn: status=warning, termination=infeasible, message=Ipopt 3.14.18\x3a Converged to a locally infeasible point. Problem may be infeasible. | warm_start=False
[WARNING] IPOPT recovery solve log for case9, year=2035, day=Autumn: /Users/micaelsimoes/Projects/share-resource-planning-no_esso-degradation/data/SRP1/Results/P56A/evals/p515s53w116_sweep_price_taker_cold/logs/optim_log_case9_2035_Autumn_recovery.log
[INFO] Retrying network solve (tier 2: cold, mu_strategy=adaptive) for case9, year=2035, day=Autumn, with acceptable_iter=1, acceptable_tol=0.0001, mu_strategy=adaptive, warm_start_init_point=no.
[WARNING] Network tier-2 recovery solve did not converge for case9, year=2035, day=Autumn: status=warning, termination=infeasible, message=Ipopt 3.14.18\x3a Converged to a locally infeasible point. Problem may be infeasible. | warm_start=False
[WARNING] IPOPT tier-2 recovery solve log for case9, year=2035, day=Autumn: /Users/micaelsimoes/Projects/share-resource-planning-no_esso-degradation/data/SRP1/Results/P56A/evals/p515s53w116_sweep_price_taker_cold/logs/optim_log_case9_2035_Autumn_recovery_tier2.log
18:30:15 [W93 +    58.5s] solve   47           sweep:price_taker:cold:tso TSO|-|2035|Autumn        FAILED iter 80 attempts 3 0.7s
18:30:16 [W116 +    59.5s] sweep_price_taker_cold: TSO|-|2035|Autumn NOT ACCEPTED -- E3 optimal, hours [21, 22] undetermined []
[INFO] 			 - Running SMOPF, Network case9, 2035, Winter...
18:30:16 [W93 +    59.6s] solve   48           sweep:price_taker:cold:tso TSO|-|2035|Winter        ok iter 31 attempts 1 0.1s
18:30:16 [W116 +    59.6s] sweep_price_taker_cold: TSO|-|2035|Winter ACCEPTED
18:30:16 [W116 +    59.8s] sweep_price_taker_cold: without any interface rule the TN cannot accept the DNs' exchange in 8 of 12 blocks (25 hours); launches 72 (upper bound 156)
18:30:16 [W116 +    59.8s] sweep_price_taker_cold: exit 0; guard counts {'permitted_solve': 72, 'permitted_exec': 72, 'blocked_solve': 0, 'blocked_exec': 0}
