18:28:26 [W116 +     0.1s] P5.15 Addendum 57 W116 -- uncoordinated benchmark spec v3: no-reverse-flow arms, the feasibility sweep of the unconstrained arms, the coordinated reverse-flow count; spec v4 (W119): per-block exact solve accounting of the NRF arm and tie-breaker stages -- sweep_passive_cold (permitted solve sites (('uncoordinated_benchmark.py', '_solve_block'), ('p515_s53_w114_passive_infeasibility.py', 'elastic_solve'))); output data/SRP1/Results/P515S53/w116_benchmark_nrf/sweep_passive_cold
18:28:39 [W93 +    12.5s] unpickling data/SRP1/Results/P515S53/w101_srp1_continuation/campaign_s53_w101_srp1_cont_x0/evals/d110bd1a5977df1e_x0/certified_models.pkl (sha256 verified 99ab1070)
18:28:47 [W93 +    20.6s] capture-path checklist at sweep_passive_cold (before any solve): 96 items, all True
[INFO] 			 - Running SMOPF, Network case33_1, 2025, Spring...
18:28:53 [W93 +    26.9s] solve    1               sweep:passive:cold:dso DSO|5|2025|Spring        ok iter 24 attempts 1 0.3s
[INFO] 			 - Running SMOPF, Network case33_1, 2025, Summer...
18:28:53 [W93 +    27.2s] solve    2               sweep:passive:cold:dso DSO|5|2025|Summer        ok iter 27 attempts 1 0.3s
[INFO] 			 - Running SMOPF, Network case33_1, 2025, Autumn...
18:28:53 [W93 +    27.5s] solve    3               sweep:passive:cold:dso DSO|5|2025|Autumn        ok iter 27 attempts 1 0.3s
[INFO] 			 - Running SMOPF, Network case33_1, 2025, Winter...
18:28:54 [W93 +    27.8s] solve    4               sweep:passive:cold:dso DSO|5|2025|Winter        ok iter 26 attempts 1 0.3s
[INFO] 			 - Running SMOPF, Network case33_1, 2030, Spring...
18:28:54 [W93 +    28.0s] solve    5               sweep:passive:cold:dso DSO|5|2030|Spring        ok iter 21 attempts 1 0.3s
[INFO] 			 - Running SMOPF, Network case33_1, 2030, Summer...
18:28:54 [W93 +    28.3s] solve    6               sweep:passive:cold:dso DSO|5|2030|Summer        ok iter 27 attempts 1 0.3s
[INFO] 			 - Running SMOPF, Network case33_1, 2030, Autumn...
18:28:55 [W93 +    28.6s] solve    7               sweep:passive:cold:dso DSO|5|2030|Autumn        ok iter 28 attempts 1 0.3s
[INFO] 			 - Running SMOPF, Network case33_1, 2030, Winter...
18:28:55 [W93 +    28.9s] solve    8               sweep:passive:cold:dso DSO|5|2030|Winter        ok iter 26 attempts 1 0.3s
[INFO] 			 - Running SMOPF, Network case33_1, 2035, Spring...
18:28:55 [W93 +    29.2s] solve    9               sweep:passive:cold:dso DSO|5|2035|Spring        ok iter 23 attempts 1 0.3s
[INFO] 			 - Running SMOPF, Network case33_1, 2035, Summer...
18:28:55 [W93 +    29.5s] solve   10               sweep:passive:cold:dso DSO|5|2035|Summer        ok iter 30 attempts 1 0.3s
[INFO] 			 - Running SMOPF, Network case33_1, 2035, Autumn...
18:28:56 [W93 +    29.8s] solve   11               sweep:passive:cold:dso DSO|5|2035|Autumn        ok iter 25 attempts 1 0.3s
[INFO] 			 - Running SMOPF, Network case33_1, 2035, Winter...
18:28:56 [W93 +    30.1s] solve   12               sweep:passive:cold:dso DSO|5|2035|Winter        ok iter 27 attempts 1 0.3s
[INFO] 			 - Running SMOPF, Network case33_2, 2025, Spring...
18:28:56 [W93 +    30.3s] solve   13               sweep:passive:cold:dso DSO|7|2025|Spring        ok iter 24 attempts 1 0.3s
[INFO] 			 - Running SMOPF, Network case33_2, 2025, Summer...
18:28:57 [W93 +    30.6s] solve   14               sweep:passive:cold:dso DSO|7|2025|Summer        ok iter 25 attempts 1 0.3s
[INFO] 			 - Running SMOPF, Network case33_2, 2025, Autumn...
18:28:57 [W93 +    30.9s] solve   15               sweep:passive:cold:dso DSO|7|2025|Autumn        ok iter 24 attempts 1 0.3s
[INFO] 			 - Running SMOPF, Network case33_2, 2025, Winter...
18:28:57 [W93 +    31.2s] solve   16               sweep:passive:cold:dso DSO|7|2025|Winter        ok iter 28 attempts 1 0.3s
[INFO] 			 - Running SMOPF, Network case33_2, 2030, Spring...
18:28:57 [W93 +    31.5s] solve   17               sweep:passive:cold:dso DSO|7|2030|Spring        ok iter 24 attempts 1 0.3s
[INFO] 			 - Running SMOPF, Network case33_2, 2030, Summer...
18:28:58 [W93 +    31.7s] solve   18               sweep:passive:cold:dso DSO|7|2030|Summer        ok iter 26 attempts 1 0.3s
[INFO] 			 - Running SMOPF, Network case33_2, 2030, Autumn...
18:28:58 [W93 +    32.0s] solve   19               sweep:passive:cold:dso DSO|7|2030|Autumn        ok iter 28 attempts 1 0.3s
[INFO] 			 - Running SMOPF, Network case33_2, 2030, Winter...
18:28:58 [W93 +    32.3s] solve   20               sweep:passive:cold:dso DSO|7|2030|Winter        ok iter 27 attempts 1 0.3s
[INFO] 			 - Running SMOPF, Network case33_2, 2035, Spring...
18:28:59 [W93 +    32.6s] solve   21               sweep:passive:cold:dso DSO|7|2035|Spring        ok iter 23 attempts 1 0.3s
[INFO] 			 - Running SMOPF, Network case33_2, 2035, Summer...
18:28:59 [W93 +    32.9s] solve   22               sweep:passive:cold:dso DSO|7|2035|Summer        ok iter 28 attempts 1 0.3s
[INFO] 			 - Running SMOPF, Network case33_2, 2035, Autumn...
18:28:59 [W93 +    33.2s] solve   23               sweep:passive:cold:dso DSO|7|2035|Autumn        ok iter 26 attempts 1 0.3s
[INFO] 			 - Running SMOPF, Network case33_2, 2035, Winter...
18:28:59 [W93 +    33.5s] solve   24               sweep:passive:cold:dso DSO|7|2035|Winter        ok iter 26 attempts 1 0.3s
[INFO] 			 - Running SMOPF, Network case33_3, 2025, Spring...
18:29:00 [W93 +    33.7s] solve   25               sweep:passive:cold:dso DSO|9|2025|Spring        ok iter 22 attempts 1 0.3s
[INFO] 			 - Running SMOPF, Network case33_3, 2025, Summer...
18:29:00 [W93 +    34.0s] solve   26               sweep:passive:cold:dso DSO|9|2025|Summer        ok iter 24 attempts 1 0.3s
[INFO] 			 - Running SMOPF, Network case33_3, 2025, Autumn...
18:29:00 [W93 +    34.3s] solve   27               sweep:passive:cold:dso DSO|9|2025|Autumn        ok iter 24 attempts 1 0.3s
[INFO] 			 - Running SMOPF, Network case33_3, 2025, Winter...
18:29:01 [W93 +    34.6s] solve   28               sweep:passive:cold:dso DSO|9|2025|Winter        ok iter 27 attempts 1 0.3s
[INFO] 			 - Running SMOPF, Network case33_3, 2030, Spring...
18:29:01 [W93 +    34.9s] solve   29               sweep:passive:cold:dso DSO|9|2030|Spring        ok iter 22 attempts 1 0.3s
[INFO] 			 - Running SMOPF, Network case33_3, 2030, Summer...
18:29:01 [W93 +    35.1s] solve   30               sweep:passive:cold:dso DSO|9|2030|Summer        ok iter 27 attempts 1 0.3s
[INFO] 			 - Running SMOPF, Network case33_3, 2030, Autumn...
18:29:01 [W93 +    35.4s] solve   31               sweep:passive:cold:dso DSO|9|2030|Autumn        ok iter 24 attempts 1 0.3s
[INFO] 			 - Running SMOPF, Network case33_3, 2030, Winter...
18:29:02 [W93 +    35.7s] solve   32               sweep:passive:cold:dso DSO|9|2030|Winter        ok iter 26 attempts 1 0.3s
[INFO] 			 - Running SMOPF, Network case33_3, 2035, Spring...
18:29:03 [W93 +    36.6s] solve   33               sweep:passive:cold:dso DSO|9|2035|Spring        ok iter 23 attempts 1 0.9s
[INFO] 			 - Running SMOPF, Network case33_3, 2035, Summer...
18:29:03 [W93 +    36.9s] solve   34               sweep:passive:cold:dso DSO|9|2035|Summer        ok iter 28 attempts 1 0.3s
[INFO] 			 - Running SMOPF, Network case33_3, 2035, Autumn...
18:29:03 [W93 +    37.2s] solve   35               sweep:passive:cold:dso DSO|9|2035|Autumn        ok iter 24 attempts 1 0.3s
[INFO] 			 - Running SMOPF, Network case33_3, 2035, Winter...
18:29:03 [W93 +    37.4s] solve   36               sweep:passive:cold:dso DSO|9|2035|Winter        ok iter 26 attempts 1 0.3s
[INFO] 			 - Running SMOPF, Network case9, 2025, Spring...
18:29:04 [W93 +    38.1s] solve   37               sweep:passive:cold:tso TSO|-|2025|Spring        ok iter 31 attempts 1 0.1s
18:29:04 [W116 +    38.1s] sweep_passive_cold: TSO|-|2025|Spring ACCEPTED
[INFO] 			 - Running SMOPF, Network case9, 2025, Summer...
18:29:04 [W93 +    38.2s] solve   38               sweep:passive:cold:tso TSO|-|2025|Summer        ok iter 29 attempts 1 0.1s
18:29:04 [W116 +    38.2s] sweep_passive_cold: TSO|-|2025|Summer ACCEPTED
[INFO] 			 - Running SMOPF, Network case9, 2025, Autumn...
18:29:04 [W93 +    38.3s] solve   39               sweep:passive:cold:tso TSO|-|2025|Autumn        ok iter 32 attempts 1 0.1s
18:29:04 [W116 +    38.3s] sweep_passive_cold: TSO|-|2025|Autumn ACCEPTED
[INFO] 			 - Running SMOPF, Network case9, 2025, Winter...
18:29:04 [W93 +    38.4s] solve   40               sweep:passive:cold:tso TSO|-|2025|Winter        ok iter 32 attempts 1 0.1s
18:29:04 [W116 +    38.4s] sweep_passive_cold: TSO|-|2025|Winter ACCEPTED
[INFO] 			 - Running SMOPF, Network case9, 2030, Spring...
18:29:05 [W93 +    38.6s] solve   41               sweep:passive:cold:tso TSO|-|2030|Spring        ok iter 35 attempts 1 0.1s
18:29:05 [W116 +    38.6s] sweep_passive_cold: TSO|-|2030|Spring ACCEPTED
[INFO] 			 - Running SMOPF, Network case9, 2030, Summer...
18:29:05 [W93 +    38.7s] solve   42               sweep:passive:cold:tso TSO|-|2030|Summer        ok iter 32 attempts 1 0.1s
18:29:05 [W116 +    38.7s] sweep_passive_cold: TSO|-|2030|Summer ACCEPTED
[INFO] 			 - Running SMOPF, Network case9, 2030, Autumn...
18:29:05 [W93 +    38.8s] solve   43               sweep:passive:cold:tso TSO|-|2030|Autumn        ok iter 35 attempts 1 0.1s
18:29:05 [W116 +    38.8s] sweep_passive_cold: TSO|-|2030|Autumn ACCEPTED
[INFO] 			 - Running SMOPF, Network case9, 2030, Winter...
18:29:05 [W93 +    38.9s] solve   44               sweep:passive:cold:tso TSO|-|2030|Winter        ok iter 31 attempts 1 0.1s
18:29:05 [W116 +    38.9s] sweep_passive_cold: TSO|-|2030|Winter ACCEPTED
[INFO] 			 - Running SMOPF, Network case9, 2035, Spring...
18:29:05 [W93 +    39.0s] solve   45               sweep:passive:cold:tso TSO|-|2035|Spring        ok iter 33 attempts 1 0.1s
18:29:05 [W116 +    39.0s] sweep_passive_cold: TSO|-|2035|Spring ACCEPTED
[INFO] 			 - Running SMOPF, Network case9, 2035, Summer...
[WARNING] Network primary solve did not converge for case9, year=2035, day=Summer: status=warning, termination=infeasible, message=Ipopt 3.14.18\x3a Converged to a locally infeasible point. Problem may be infeasible. | warm_start=False
[WARNING] IPOPT primary solve log for case9, year=2035, day=Summer: /Users/micaelsimoes/Projects/share-resource-planning-no_esso-degradation/data/SRP1/Results/P56A/evals/p515s53w116_sweep_passive_cold/logs/optim_log_case9_2035_Summer.log
[INFO] Retrying network solve once for case9, year=2035, day=Summer, cold start, with acceptable_iter=1, acceptable_tol=0.0001, warm_start_init_point=no.
[WARNING] Network recovery solve did not converge for case9, year=2035, day=Summer: status=warning, termination=infeasible, message=Ipopt 3.14.18\x3a Converged to a locally infeasible point. Problem may be infeasible. | warm_start=False
[WARNING] IPOPT recovery solve log for case9, year=2035, day=Summer: /Users/micaelsimoes/Projects/share-resource-planning-no_esso-degradation/data/SRP1/Results/P56A/evals/p515s53w116_sweep_passive_cold/logs/optim_log_case9_2035_Summer_recovery.log
[INFO] Retrying network solve (tier 2: cold, mu_strategy=adaptive) for case9, year=2035, day=Summer, with acceptable_iter=1, acceptable_tol=0.0001, mu_strategy=adaptive, warm_start_init_point=no.
[WARNING] Network tier-2 recovery solve did not converge for case9, year=2035, day=Summer: status=warning, termination=infeasible, message=Ipopt 3.14.18\x3a Converged to a locally infeasible point. Problem may be infeasible. | warm_start=False
[WARNING] IPOPT tier-2 recovery solve log for case9, year=2035, day=Summer: /Users/micaelsimoes/Projects/share-resource-planning-no_esso-degradation/data/SRP1/Results/P56A/evals/p515s53w116_sweep_passive_cold/logs/optim_log_case9_2035_Summer_recovery_tier2.log
18:29:06 [W93 +    39.7s] solve   46               sweep:passive:cold:tso TSO|-|2035|Summer        FAILED iter 80 attempts 3 0.6s
18:29:07 [W116 +    40.6s] sweep_passive_cold: TSO|-|2035|Summer NOT ACCEPTED -- E3 optimal, hours [11, 12, 13, 14, 15, 16] undetermined []
[INFO] 			 - Running SMOPF, Network case9, 2035, Autumn...
18:29:07 [W93 +    40.7s] solve   47               sweep:passive:cold:tso TSO|-|2035|Autumn        ok iter 32 attempts 1 0.1s
18:29:07 [W116 +    40.7s] sweep_passive_cold: TSO|-|2035|Autumn ACCEPTED
[INFO] 			 - Running SMOPF, Network case9, 2035, Winter...
18:29:07 [W93 +    40.8s] solve   48               sweep:passive:cold:tso TSO|-|2035|Winter        ok iter 31 attempts 1 0.1s
18:29:07 [W116 +    40.8s] sweep_passive_cold: TSO|-|2035|Winter ACCEPTED
18:29:07 [W116 +    40.9s] sweep_passive_cold: without any interface rule the TN cannot accept the DNs' exchange in 1 of 12 blocks (6 hours); launches 51 (upper bound 156)
18:29:07 [W116 +    40.9s] sweep_passive_cold: exit 0; guard counts {'permitted_solve': 51, 'permitted_exec': 51, 'blocked_solve': 0, 'blocked_exec': 0}
