18:00:13 [W116 +     0.7s] frozen spec v3: data/SRP1/Results/P515S53/w116_benchmark_nrf/frozen_s53_benchmark_spec_v3_47b37d6e.json sha256 47b37d6eadb9d360f2600b6e1b961c93e255dcd6f5cdd7bafb391c15942bbe7a; predecessor v2 bb659122af30b70a878c039c63d6458bf2c87d2a8971222f76f5c7cbb7576112; git_head a43ebe24ba6972bfedf15f4b215c0f534e926c51; solve counts {'sweep_per_arm': {'upper_bound': 156, 'upper_bound_formula': '36 DSO x 3 attempts + 12 TSO x (3 attempts + 1 E3)', 'rule': 'exact per block against production-recorded attempts; see sweep_addendum_57', 'expected_from_w113_records': {'passive': [51, 57], 'price_taker': [51, 84]}}, 'nrf_arm_per_run_exact': 84, 'nrf_arm_per_run_if_triggered': 132, 'nrf_arm_runs': 6, 'nrf_variant_per_run_exact': 48, 'nrf_variant_runs': 2, 'report': 0, 'total_nrf_exact': 600, 'total_nrf_if_every_arm_triggers': 888, 'total_upper_bound_all_stages': 1200, 'per_stage_rule': 'NRF arms / variants: exact at every phase boundary (v2 convention; a retry fails the stage); sweep: exact per block + upper bound; report: 0'}; guard verify(0) []
18:00:13 [W116 +     0.7s] v2 -> v3 key diff: 113 paths; top-level keys changed / added / removed: ['authority', 'claim', 'code_sha256_binding', 'code_sha256_binding_rule', 'code_sha256_informational', 'consistency_convention_v3', 'curtailment_reporting_addendum_56', 'declared_choices_v3', 'frozen_utc', 'git_head', 'launch_rules', 'no_reverse_flow_addendum_57', 'not_permitted', 'output_root', 'predecessor', 'predecessor_note', 'predictions_recorded_before_any_run_v3', 'preparation_command', 'report_capture_paths', 'reverse_flow_count_addendum_57', 'solve_counts', 'stage', 'stages_in_addendum_49_order', 'stages_v3_addendum_57_order', 'sweep_addendum_57', 'tolerances_v3', 'v2_stages_not_rerun', 'version', 'wall_estimate', 'zero_solve_checks']
18:00:13 [W116 +     0.7s]   changed  authority
18:00:13 [W116 +     0.7s]   changed  code_sha256_binding_rule
18:00:13 [W116 +     0.7s]   added    consistency_convention_v3
18:00:13 [W116 +     0.7s]   added    curtailment_reporting_addendum_56
18:00:13 [W116 +     0.7s]   added    declared_choices_v3
18:00:13 [W116 +     0.7s]   changed  frozen_utc
18:00:13 [W116 +     0.7s]   changed  git_head
18:00:13 [W116 +     0.7s]   changed  launch_rules
18:00:13 [W116 +     0.7s]   added    no_reverse_flow_addendum_57
18:00:13 [W116 +     0.7s]   changed  not_permitted
18:00:13 [W116 +     0.7s]   added    output_root
18:00:13 [W116 +     0.7s]   changed  predecessor_note
18:00:13 [W116 +     0.7s]   added    predictions_recorded_before_any_run_v3
18:00:13 [W116 +     0.7s]   changed  preparation_command
18:00:13 [W116 +     0.7s]   added    reverse_flow_count_addendum_57
18:00:13 [W116 +     0.7s]   changed  stage
18:00:13 [W116 +     0.7s]   removed  stages_in_addendum_49_order
18:00:13 [W116 +     0.7s]   added    stages_v3_addendum_57_order
18:00:13 [W116 +     0.7s]   added    sweep_addendum_57
18:00:13 [W116 +     0.7s]   added    tolerances_v3
18:00:13 [W116 +     0.7s]   added    v2_stages_not_rerun
18:00:13 [W116 +     0.7s]   changed  version
