18:20:45 [W119 +     0.6s] frozen spec v4: data/SRP1/Results/P515S53/w116_benchmark_nrf/frozen_s53_benchmark_spec_v4_a50ed4c3.json sha256 a50ed4c35a4cd06593e34a49ec8d84943626e479ab3517fef764a45b8dea1af7; predecessor v3 47b37d6eadb9d360f2600b6e1b961c93e255dcd6f5cdd7bafb391c15942bbe7a; git_head d575a16143d9f27e5551062047a502bc4d91c4ed; solve counts {'nrf_arm_runs': 6, 'nrf_variant_runs': 2, 'report': 0, 'sweep_per_arm': {'expected_from_w113_records': {'passive': [51, 57], 'price_taker': [51, 84]}, 'rule': 'exact per block against production-recorded attempts; see sweep_addendum_57', 'upper_bound': 156, 'upper_bound_formula': '36 DSO x 3 attempts + 12 TSO x (3 attempts + 1 E3)'}, 'nrf_arm_per_run_blocks_exact': 84, 'nrf_arm_per_run_blocks_if_triggered': 132, 'nrf_arm_per_run_launch_range': [84, 252], 'nrf_arm_per_run_launch_range_if_triggered': [132, 396], 'nrf_variant_per_run_blocks_exact': 48, 'nrf_variant_per_run_launch_range': [48, 144], 'total_nrf_blocks_exact': 600, 'total_nrf_blocks_if_every_arm_triggers': 888, 'total_upper_bound_all_stages': 2976, 'per_stage_rule': 'NRF arms / variants (W119, spec v4): exact per declared block, each block 1..3 attributed attempts, the stage total = the sum of the attributed attempts (see solve_accounting_v4); sweep: exact per block + upper bound (unchanged from v3); report: 0', 'replaces_v3_keys': {'nrf_arm_per_run_exact': 84, 'nrf_arm_per_run_if_triggered': 132, 'nrf_variant_per_run_exact': 48, 'total_nrf_exact': 600, 'total_nrf_if_every_arm_triggers': 888, 'total_upper_bound_all_stages': 1200, 'per_stage_rule': 'NRF arms / variants: exact at every phase boundary (v2 convention; a retry fails the stage); sweep: exact per block + upper bound; report: 0', 'note': 'v3 values (launch counts exact at every phase boundary); now counts of BLOCKS'}}; guard verify(0) {'w119': [], 'w116_import': [], 'w111_import': [], 'w106_import': []}
18:20:45 [W119 +     0.6s] v3 -> v4 key diff: 100 paths; top-level keys changed / added / removed: ['authority', 'code_sha256_binding', 'code_sha256_informational', 'frozen_utc', 'git_head', 'planner_rulings_w119', 'predecessor', 'predecessor_note', 'predictions_recorded_before_any_run_v4', 'solve_accounting_v4', 'solve_counts', 'stage', 'stages_v3_addendum_57_order', 'version', 'zero_solve_checks']
18:20:45 [W119 +     0.6s]   changed  authority
18:20:45 [W119 +     0.6s]   changed  code_sha256_binding.p515_s53_w116_benchmark_nrf.py
18:20:45 [W119 +     0.6s]   added    code_sha256_informational.p515_s53_w119_benchmark_spec_v4.py
18:20:45 [W119 +     0.6s]   changed  frozen_utc
18:20:45 [W119 +     0.6s]   changed  git_head
18:20:45 [W119 +     0.6s]   added    planner_rulings_w119
18:20:45 [W119 +     0.6s]   changed  predecessor.committed_in
18:20:45 [W119 +     0.6s]   changed  predecessor.git_head_at_freeze
18:20:45 [W119 +     0.6s]   changed  predecessor.path
18:20:45 [W119 +     0.6s]   changed  predecessor.sha256
18:20:45 [W119 +     0.6s]   changed  predecessor.version
18:20:45 [W119 +     0.6s]   changed  predecessor_note
18:20:45 [W119 +     0.6s]   added    predictions_recorded_before_any_run_v4
18:20:45 [W119 +     0.6s]   added    solve_accounting_v4
18:20:45 [W119 +     0.6s]   added    solve_counts.nrf_arm_per_run_blocks_exact
18:20:45 [W119 +     0.6s]   added    solve_counts.nrf_arm_per_run_blocks_if_triggered
18:20:45 [W119 +     0.6s]   removed  solve_counts.nrf_arm_per_run_exact
18:20:45 [W119 +     0.6s]   removed  solve_counts.nrf_arm_per_run_if_triggered
18:20:45 [W119 +     0.6s]   added    solve_counts.nrf_arm_per_run_launch_range
18:20:45 [W119 +     0.6s]   added    solve_counts.nrf_arm_per_run_launch_range_if_triggered
18:20:45 [W119 +     0.6s]   added    solve_counts.nrf_variant_per_run_blocks_exact
18:20:45 [W119 +     0.6s]   removed  solve_counts.nrf_variant_per_run_exact
18:20:45 [W119 +     0.6s]   added    solve_counts.nrf_variant_per_run_launch_range
18:20:45 [W119 +     0.6s]   changed  solve_counts.per_stage_rule
18:20:45 [W119 +     0.6s]   added    solve_counts.replaces_v3_keys
18:20:45 [W119 +     0.6s]   added    solve_counts.total_nrf_blocks_exact
18:20:45 [W119 +     0.6s]   added    solve_counts.total_nrf_blocks_if_every_arm_triggers
18:20:45 [W119 +     0.6s]   removed  solve_counts.total_nrf_exact
18:20:45 [W119 +     0.6s]   removed  solve_counts.total_nrf_if_every_arm_triggers
18:20:45 [W119 +     0.6s]   changed  solve_counts.total_upper_bound_all_stages
18:20:45 [W119 +     0.6s]   changed  stage
18:20:45 [W119 +     0.6s]   changed  stages_v3_addendum_57_order[2].declared_solves
18:20:45 [W119 +     0.6s]   removed  stages_v3_addendum_57_order[2].declared_solves_detail.phase_A_arm
18:20:45 [W119 +     0.6s]   added    stages_v3_addendum_57_order[2].declared_solves_detail.phase_A_nrf_arm_blocks
18:20:45 [W119 +     0.6s]   removed  stages_v3_addendum_57_order[2].declared_solves_detail.phase_B_consistency_reevaluation
18:20:45 [W119 +     0.6s]   added    stages_v3_addendum_57_order[2].declared_solves_detail.phase_B_consistency_reevaluation_blocks
18:20:45 [W119 +     0.6s]   added    stages_v3_addendum_57_order[2].declared_solves_detail.phase_C_sequential_pass_blocks_only_if_triggered
18:20:45 [W119 +     0.6s]   removed  stages_v3_addendum_57_order[2].declared_solves_detail.phase_C_sequential_pass_only_if_triggered
18:20:45 [W119 +     0.6s]   added    stages_v3_addendum_57_order[2].declared_solves_detail.total_blocks_if_triggered
18:20:45 [W119 +     0.6s]   removed  stages_v3_addendum_57_order[2].declared_solves_detail.total_if_triggered
18:20:45 [W119 +     0.6s]   changed  stages_v3_addendum_57_order[2].guard
18:20:45 [W119 +     0.6s]   changed  stages_v3_addendum_57_order[3].declared_solves
18:20:45 [W119 +     0.6s]   removed  stages_v3_addendum_57_order[3].declared_solves_detail.phase_A_arm
18:20:45 [W119 +     0.6s]   added    stages_v3_addendum_57_order[3].declared_solves_detail.phase_A_nrf_arm_blocks
18:20:45 [W119 +     0.6s]   removed  stages_v3_addendum_57_order[3].declared_solves_detail.phase_B_consistency_reevaluation
18:20:45 [W119 +     0.6s]   added    stages_v3_addendum_57_order[3].declared_solves_detail.phase_B_consistency_reevaluation_blocks
18:20:45 [W119 +     0.6s]   added    stages_v3_addendum_57_order[3].declared_solves_detail.phase_C_sequential_pass_blocks_only_if_triggered
18:20:45 [W119 +     0.6s]   removed  stages_v3_addendum_57_order[3].declared_solves_detail.phase_C_sequential_pass_only_if_triggered
18:20:45 [W119 +     0.6s]   added    stages_v3_addendum_57_order[3].declared_solves_detail.total_blocks_if_triggered
18:20:45 [W119 +     0.6s]   removed  stages_v3_addendum_57_order[3].declared_solves_detail.total_if_triggered
18:20:45 [W119 +     0.6s]   changed  stages_v3_addendum_57_order[3].guard
18:20:45 [W119 +     0.6s]   changed  stages_v3_addendum_57_order[4].declared_solves
18:20:45 [W119 +     0.6s]   removed  stages_v3_addendum_57_order[4].declared_solves_detail.phase_A_arm
18:20:45 [W119 +     0.6s]   added    stages_v3_addendum_57_order[4].declared_solves_detail.phase_A_nrf_arm_blocks
18:20:45 [W119 +     0.6s]   removed  stages_v3_addendum_57_order[4].declared_solves_detail.phase_B_consistency_reevaluation
18:20:45 [W119 +     0.6s]   added    stages_v3_addendum_57_order[4].declared_solves_detail.phase_B_consistency_reevaluation_blocks
18:20:45 [W119 +     0.6s]   added    stages_v3_addendum_57_order[4].declared_solves_detail.phase_C_sequential_pass_blocks_only_if_triggered
18:20:45 [W119 +     0.6s]   removed  stages_v3_addendum_57_order[4].declared_solves_detail.phase_C_sequential_pass_only_if_triggered
18:20:45 [W119 +     0.6s]   added    stages_v3_addendum_57_order[4].declared_solves_detail.total_blocks_if_triggered
18:20:45 [W119 +     0.6s]   removed  stages_v3_addendum_57_order[4].declared_solves_detail.total_if_triggered
18:20:45 [W119 +     0.6s]   changed  stages_v3_addendum_57_order[4].guard
18:20:45 [W119 +     0.6s]   changed  stages_v3_addendum_57_order[5].declared_solves
18:20:45 [W119 +     0.6s]   removed  stages_v3_addendum_57_order[5].declared_solves_detail.phase_A_arm
18:20:45 [W119 +     0.6s]   added    stages_v3_addendum_57_order[5].declared_solves_detail.phase_A_nrf_arm_blocks
18:20:45 [W119 +     0.6s]   removed  stages_v3_addendum_57_order[5].declared_solves_detail.phase_B_consistency_reevaluation
18:20:45 [W119 +     0.6s]   added    stages_v3_addendum_57_order[5].declared_solves_detail.phase_B_consistency_reevaluation_blocks
18:20:45 [W119 +     0.6s]   added    stages_v3_addendum_57_order[5].declared_solves_detail.phase_C_sequential_pass_blocks_only_if_triggered
18:20:45 [W119 +     0.6s]   removed  stages_v3_addendum_57_order[5].declared_solves_detail.phase_C_sequential_pass_only_if_triggered
18:20:45 [W119 +     0.6s]   added    stages_v3_addendum_57_order[5].declared_solves_detail.total_blocks_if_triggered
18:20:45 [W119 +     0.6s]   removed  stages_v3_addendum_57_order[5].declared_solves_detail.total_if_triggered
18:20:45 [W119 +     0.6s]   changed  stages_v3_addendum_57_order[5].guard
18:20:45 [W119 +     0.6s]   changed  stages_v3_addendum_57_order[6].declared_solves
18:20:45 [W119 +     0.6s]   removed  stages_v3_addendum_57_order[6].declared_solves_detail.phase_A_arm
18:20:45 [W119 +     0.6s]   added    stages_v3_addendum_57_order[6].declared_solves_detail.phase_A_nrf_arm_blocks
18:20:45 [W119 +     0.6s]   removed  stages_v3_addendum_57_order[6].declared_solves_detail.phase_B_consistency_reevaluation
18:20:45 [W119 +     0.6s]   added    stages_v3_addendum_57_order[6].declared_solves_detail.phase_B_consistency_reevaluation_blocks
18:20:45 [W119 +     0.6s]   added    stages_v3_addendum_57_order[6].declared_solves_detail.phase_C_sequential_pass_blocks_only_if_triggered
18:20:45 [W119 +     0.6s]   removed  stages_v3_addendum_57_order[6].declared_solves_detail.phase_C_sequential_pass_only_if_triggered
18:20:45 [W119 +     0.6s]   added    stages_v3_addendum_57_order[6].declared_solves_detail.total_blocks_if_triggered
18:20:45 [W119 +     0.6s]   removed  stages_v3_addendum_57_order[6].declared_solves_detail.total_if_triggered
18:20:45 [W119 +     0.6s]   changed  stages_v3_addendum_57_order[6].guard
18:20:45 [W119 +     0.6s]   changed  stages_v3_addendum_57_order[7].declared_solves
18:20:45 [W119 +     0.6s]   removed  stages_v3_addendum_57_order[7].declared_solves_detail.phase_A_arm
18:20:45 [W119 +     0.6s]   added    stages_v3_addendum_57_order[7].declared_solves_detail.phase_A_nrf_arm_blocks
18:20:45 [W119 +     0.6s]   removed  stages_v3_addendum_57_order[7].declared_solves_detail.phase_B_consistency_reevaluation
18:20:45 [W119 +     0.6s]   added    stages_v3_addendum_57_order[7].declared_solves_detail.phase_B_consistency_reevaluation_blocks
18:20:45 [W119 +     0.6s]   added    stages_v3_addendum_57_order[7].declared_solves_detail.phase_C_sequential_pass_blocks_only_if_triggered
18:20:45 [W119 +     0.6s]   removed  stages_v3_addendum_57_order[7].declared_solves_detail.phase_C_sequential_pass_only_if_triggered
18:20:45 [W119 +     0.6s]   added    stages_v3_addendum_57_order[7].declared_solves_detail.total_blocks_if_triggered
18:20:45 [W119 +     0.6s]   removed  stages_v3_addendum_57_order[7].declared_solves_detail.total_if_triggered
18:20:45 [W119 +     0.6s]   changed  stages_v3_addendum_57_order[7].guard
18:20:45 [W119 +     0.6s]   changed  stages_v3_addendum_57_order[8].declared_solves
18:20:45 [W119 +     0.6s]   changed  stages_v3_addendum_57_order[8].guard
18:20:45 [W119 +     0.6s]   changed  stages_v3_addendum_57_order[9].declared_solves
18:20:45 [W119 +     0.6s]   changed  stages_v3_addendum_57_order[9].guard
18:20:45 [W119 +     0.6s]   changed  version
18:20:45 [W119 +     0.6s]   changed  zero_solve_checks.command
18:20:45 [W119 +     0.6s]   changed  zero_solve_checks.note
18:20:45 [W119 +     0.6s]   changed  zero_solve_checks.output
18:20:45 [W119 +     0.6s]   added    zero_solve_checks.v3_checks
