19:09:02 [W121 +     2.5s] frozen spec v5: data/SRP1/Results/P515S53/w116_benchmark_nrf/frozen_s53_benchmark_spec_v5_bca69f97.json sha256 bca69f97a6e60e92e3a7dc51d6bdc9f71fe463c50a840952d9d6fc78bac7d2c6; predecessor v4 a50ed4c35a4cd06593e34a49ec8d84943626e479ab3517fef764a45b8dea1af7; git_head 9098d4cd1d36a6f6f18b8bbd1647821162f45794; guard verify(0) {'w121': [], 'w119_import': [], 'w116_import': [], 'w111_import': [], 'w106_import': []}
19:09:02 [W121 +     2.5s] predictions scored so far: held (passive sweep), held (price-taker sweep)
19:09:02 [W121 +     2.5s] v4 -> v5 key diff: 65 paths; top-level keys changed / added / removed: ['authority', 'code_sha256_binding', 'code_sha256_informational', 'consumed_runs_v5', 'frozen_utc', 'git_head', 'planner_rulings_w121', 'predecessor', 'predecessor_note', 'predictions_scored_so_far_v5', 'reevaluation_fix_v5', 'remaining_stage_commands_v5', 'solve_accounting_v5', 'solve_counts_remaining_v5', 'stage', 'stages_v3_addendum_57_order', 'sweeps_done_v5', 'v4_to_v5_key_diff', 'version', 'zero_solve_checks']
19:09:02 [W121 +     2.5s]   changed  authority
19:09:02 [W121 +     2.5s]   changed  code_sha256_binding.p515_s53_w116_benchmark_nrf.py
19:09:02 [W121 +     2.5s]   changed  code_sha256_binding.uncoordinated_benchmark.py
19:09:02 [W121 +     2.5s]   added    code_sha256_informational.p515_s53_w121_benchmark_spec_v5.py
19:09:02 [W121 +     2.5s]   added    consumed_runs_v5
19:09:02 [W121 +     2.5s]   changed  frozen_utc
19:09:02 [W121 +     2.5s]   changed  git_head
19:09:02 [W121 +     2.5s]   added    planner_rulings_w121
19:09:02 [W121 +     2.5s]   changed  predecessor.committed_in
19:09:02 [W121 +     2.5s]   changed  predecessor.git_head_at_freeze
19:09:02 [W121 +     2.5s]   changed  predecessor.path
19:09:02 [W121 +     2.5s]   changed  predecessor.sha256
19:09:02 [W121 +     2.5s]   changed  predecessor.version
19:09:02 [W121 +     2.5s]   changed  predecessor_note
19:09:02 [W121 +     2.5s]   added    predictions_scored_so_far_v5
19:09:02 [W121 +     2.5s]   added    reevaluation_fix_v5
19:09:02 [W121 +     2.5s]   added    remaining_stage_commands_v5
19:09:02 [W121 +     2.5s]   added    solve_accounting_v5
19:09:02 [W121 +     2.5s]   added    solve_counts_remaining_v5
19:09:02 [W121 +     2.5s]   changed  stage
19:09:02 [W121 +     2.5s]   added    stages_v3_addendum_57_order[0].result_w120
19:09:02 [W121 +     2.5s]   added    stages_v3_addendum_57_order[0].status
19:09:02 [W121 +     2.5s]   added    stages_v3_addendum_57_order[1].result_w120
19:09:02 [W121 +     2.5s]   added    stages_v3_addendum_57_order[1].status
19:09:02 [W121 +     2.5s]   changed  stages_v3_addendum_57_order[2].command
19:09:02 [W121 +     2.5s]   added    stages_v3_addendum_57_order[2].replaces_v4_run_id
19:09:02 [W121 +     2.5s]   changed  stages_v3_addendum_57_order[2].run_id
19:09:02 [W121 +     2.5s]   added    stages_v3_addendum_57_order[2].status
19:09:02 [W121 +     2.5s]   changed  stages_v3_addendum_57_order[3].command
19:09:02 [W121 +     2.5s]   added    stages_v3_addendum_57_order[3].replaces_v4_run_id
19:09:02 [W121 +     2.5s]   changed  stages_v3_addendum_57_order[3].run_id
19:09:02 [W121 +     2.5s]   added    stages_v3_addendum_57_order[3].status
19:09:02 [W121 +     2.5s]   changed  stages_v3_addendum_57_order[4].command
19:09:02 [W121 +     2.5s]   added    stages_v3_addendum_57_order[4].replaces_v4_run_id
19:09:02 [W121 +     2.5s]   changed  stages_v3_addendum_57_order[4].run_id
19:09:02 [W121 +     2.5s]   added    stages_v3_addendum_57_order[4].status
19:09:02 [W121 +     2.5s]   changed  stages_v3_addendum_57_order[5].command
19:09:02 [W121 +     2.5s]   added    stages_v3_addendum_57_order[5].replaces_v4_run_id
19:09:02 [W121 +     2.5s]   changed  stages_v3_addendum_57_order[5].run_id
19:09:02 [W121 +     2.5s]   added    stages_v3_addendum_57_order[5].status
19:09:02 [W121 +     2.5s]   changed  stages_v3_addendum_57_order[6].command
19:09:02 [W121 +     2.5s]   added    stages_v3_addendum_57_order[6].replaces_v4_run_id
19:09:02 [W121 +     2.5s]   changed  stages_v3_addendum_57_order[6].run_id
19:09:02 [W121 +     2.5s]   added    stages_v3_addendum_57_order[6].status
19:09:02 [W121 +     2.5s]   changed  stages_v3_addendum_57_order[7].command
19:09:02 [W121 +     2.5s]   added    stages_v3_addendum_57_order[7].replaces_v4_run_id
19:09:02 [W121 +     2.5s]   changed  stages_v3_addendum_57_order[7].run_id
19:09:02 [W121 +     2.5s]   added    stages_v3_addendum_57_order[7].status
19:09:02 [W121 +     2.5s]   changed  stages_v3_addendum_57_order[8].command
19:09:02 [W121 +     2.5s]   added    stages_v3_addendum_57_order[8].replaces_v4_run_id
19:09:02 [W121 +     2.5s]   changed  stages_v3_addendum_57_order[8].run_id
19:09:02 [W121 +     2.5s]   added    stages_v3_addendum_57_order[8].status
19:09:02 [W121 +     2.5s]   changed  stages_v3_addendum_57_order[9].command
19:09:02 [W121 +     2.5s]   added    stages_v3_addendum_57_order[9].replaces_v4_run_id
19:09:02 [W121 +     2.5s]   changed  stages_v3_addendum_57_order[9].run_id
19:09:02 [W121 +     2.5s]   added    stages_v3_addendum_57_order[9].status
19:09:02 [W121 +     2.5s]   added    stages_v3_addendum_57_order[10].status
19:09:02 [W121 +     2.5s]   added    sweeps_done_v5
19:09:02 [W121 +     2.5s]   added    v4_to_v5_key_diff
19:09:02 [W121 +     2.5s]   changed  version
19:09:02 [W121 +     2.5s]   changed  zero_solve_checks.command
19:09:02 [W121 +     2.5s]   changed  zero_solve_checks.note
19:09:02 [W121 +     2.5s]   changed  zero_solve_checks.output
19:09:02 [W121 +     2.5s]   removed  zero_solve_checks.v3_checks
19:09:02 [W121 +     2.5s]   added    zero_solve_checks.v4_checks
19:09:02 [W121 +     2.5s]   stage 1: set -o noclobber && /Users/micaelsimoes/miniconda3/envs/opf_env_py311/bin/python -u p515_s53_w116_benchmark_nrf.py --stage nrf-arm --arm passive --start cold > data/SRP1/Results/P515S53/w116_benchmark_nrf/launch_logs/nrf_arm_passive_cold_r2.log 2>&1
19:09:02 [W121 +     2.5s]   stage 2: set -o noclobber && /Users/micaelsimoes/miniconda3/envs/opf_env_py311/bin/python -u p515_s53_w116_benchmark_nrf.py --stage nrf-arm --arm passive --start warm_from_certified > data/SRP1/Results/P515S53/w116_benchmark_nrf/launch_logs/nrf_arm_passive_warm_from_certified_r2.log 2>&1
19:09:02 [W121 +     2.5s]   stage 3: set -o noclobber && /Users/micaelsimoes/miniconda3/envs/opf_env_py311/bin/python -u p515_s53_w116_benchmark_nrf.py --stage nrf-arm --arm passive --start perturbed > data/SRP1/Results/P515S53/w116_benchmark_nrf/launch_logs/nrf_arm_passive_perturbed_r2.log 2>&1
19:09:02 [W121 +     2.5s]   stage 4: set -o noclobber && /Users/micaelsimoes/miniconda3/envs/opf_env_py311/bin/python -u p515_s53_w116_benchmark_nrf.py --stage nrf-arm --arm price_taker --start cold > data/SRP1/Results/P515S53/w116_benchmark_nrf/launch_logs/nrf_arm_price_taker_cold_r2.log 2>&1
19:09:02 [W121 +     2.5s]   stage 5: set -o noclobber && /Users/micaelsimoes/miniconda3/envs/opf_env_py311/bin/python -u p515_s53_w116_benchmark_nrf.py --stage nrf-arm --arm price_taker --start warm_from_certified > data/SRP1/Results/P515S53/w116_benchmark_nrf/launch_logs/nrf_arm_price_taker_warm_from_certified_r2.log 2>&1
19:09:02 [W121 +     2.5s]   stage 6: set -o noclobber && /Users/micaelsimoes/miniconda3/envs/opf_env_py311/bin/python -u p515_s53_w116_benchmark_nrf.py --stage nrf-arm --arm price_taker --start perturbed > data/SRP1/Results/P515S53/w116_benchmark_nrf/launch_logs/nrf_arm_price_taker_perturbed_r2.log 2>&1
19:09:02 [W121 +     2.5s]   stage 7: set -o noclobber && /Users/micaelsimoes/miniconda3/envs/opf_env_py311/bin/python -u p515_s53_w116_benchmark_nrf.py --stage nrf-passive-tie-breaker --value 0.1 > data/SRP1/Results/P515S53/w116_benchmark_nrf/launch_logs/nrf_passive_tie_breaker_0p1_r2.log 2>&1
19:09:02 [W121 +     2.5s]   stage 8: set -o noclobber && /Users/micaelsimoes/miniconda3/envs/opf_env_py311/bin/python -u p515_s53_w116_benchmark_nrf.py --stage nrf-passive-tie-breaker --value 10 > data/SRP1/Results/P515S53/w116_benchmark_nrf/launch_logs/nrf_passive_tie_breaker_10_r2.log 2>&1
19:09:02 [W121 +     2.5s]   stage 9: set -o noclobber && /Users/micaelsimoes/miniconda3/envs/opf_env_py311/bin/python -u p515_s53_w116_benchmark_nrf.py --stage report > data/SRP1/Results/P515S53/w116_benchmark_nrf/launch_logs/report_v3.log 2>&1
