19:09:09 [W121 +     0.1s] V0_preconditions: PASS
19:09:09 [W121 +     0.3s] V1_model_hash: PASS
19:09:09 [W121 +     0.3s] V8_frozen_spec_v5_binds: PASS
19:09:09 [W121 +     0.3s] V9_v4_v5_key_diff: PASS
19:09:09 [W121 +     0.5s] V10_no_production_change: PASS
19:09:11 [W121 +     1.8s] V7_committed_eval_keys_unchanged_head_tree: PASS
19:09:23 [W93 +    13.9s] unpickling data/SRP1/Results/P515S53/w101_srp1_continuation/campaign_s53_w101_srp1_cont_x0/evals/d110bd1a5977df1e_x0/certified_models.pkl (sha256 verified 99ab1070)
19:09:31 [W121 +    21.7s] V4_reverse_flow_count_q181: PASS
19:09:31 [W121 +    21.8s] V13_nrf_per_block_accounting: PASS
19:09:31 [W121 +    21.8s] V18_aborted_entry_accounting: PASS
19:12:38 [W121 +   208.6s] V15_reevaluation_fix: PASS
19:13:46 [W121 +   276.8s] V17_fixed_variable_scan: PASS
19:14:36 [W121 +   327.5s] V16_phase_a_and_tso_path_unchanged_vs_v4: PASS
19:17:21 [W121 +   492.5s] V2_nrf_rows_present_and_absent: PASS
19:18:15 [W121 +   546.0s] V3_tso_arm_unchanged_vs_v2: PASS
19:18:17 [W121 +   548.6s] V5_sweep_solve_accounting: PASS
19:18:21 [W121 +   552.4s] V11_report_capture_paths: PASS
19:18:21 [W121 +   552.4s] V12_stage_wiring: PASS
19:18:21 [W121 +   552.4s] V14_spec_v5_content: PASS
19:19:24 [W121 +   614.7s] V6_w100_bool_typing_test: PASS
19:19:24 [W121 +   614.7s] W121 checks: ALL PASS; guards {'w121': [], 'w119_import': [], 'w116_import': [], 'w111_import': [], 'w106_import': []}; counts W121 {'permitted_solve': 0, 'permitted_exec': 0, 'blocked_solve': 0, 'blocked_exec': 0}
