[INFO] Running OPERATIONAL PLANNING (DISTRIBUTED)...
[INFO]	 - Initializing...
[INFO] 		 - Distribution Network node 5...
[INFO] 			 - Running SMOPF, Network case33_1, 2025, Spring...
[INFO] 			 - Running SMOPF, Network case33_1, 2025, Summer...
[INFO] 			 - Running SMOPF, Network case33_1, 2025, Autumn...
[INFO] 			 - Running SMOPF, Network case33_1, 2025, Winter...
[INFO] 		 - Distribution Network node 7...
[INFO] 			 - Running SMOPF, Network case33_2, 2025, Spring...
[INFO] 			 - Running SMOPF, Network case33_2, 2025, Summer...
[INFO] 			 - Running SMOPF, Network case33_2, 2025, Autumn...
[INFO] 			 - Running SMOPF, Network case33_2, 2025, Winter...
[INFO] 		 - Distribution Network node 9...
[INFO] 			 - Running SMOPF, Network case33_3, 2025, Spring...
[INFO] 			 - Running SMOPF, Network case33_3, 2025, Summer...
[INFO] 			 - Running SMOPF, Network case33_3, 2025, Autumn...
[INFO] 			 - Running SMOPF, Network case33_3, 2025, Winter...
[INFO] 		 - Transmission Network...
[INFO] 			 - Running SMOPF, Network case9, 2025, Spring...
[INFO] 			 - Running SMOPF, Network case9, 2025, Summer...
[INFO] 			 - Running SMOPF, Network case9, 2025, Autumn...
[INFO] 			 - Running SMOPF, Network case9, 2025, Winter...
[INFO] 		 - Running Shared ESS optimization (subproblem)...
[INFO] 			 - Node 5...
[INFO] Shared ESS complementarity diagnostics for ESS node=5: ratio_max=0.000000e+00 n_periods=0 mu_final=9.090909e-12 s_obj=1.000000e-01 eps=1.000000e-05 bound=0.000000e+00 measured=0.000000e+00
[INFO] 			 - Node 7...
[INFO] Shared ESS complementarity diagnostics for ESS node=7: ratio_max=0.000000e+00 n_periods=0 mu_final=9.090909e-12 s_obj=1.000000e-01 eps=1.000000e-05 bound=0.000000e+00 measured=0.000000e+00
[INFO] 			 - Node 9...
[INFO] Shared ESS complementarity diagnostics for ESS node=9: ratio_max=0.000000e+00 n_periods=0 mu_final=9.090909e-12 s_obj=1.000000e-01 eps=1.000000e-05 bound=0.000000e+00 measured=0.000000e+00
[ADMM OF SCALE] n=16 | min=1.818377e+07 | median=4.280648e+07 | max=5.642210e+07 | selected=5.642210e+07
[ADMM OF SCALE] Largest weighted objectives:
  DSO node=9 year=2025 day=Winter | base=5.642210e+07 | scenario=2.601371e-06 | total=5.642210e+07
  DSO node=9 year=2025 day=Autumn | base=5.444429e+07 | scenario=2.206727e-07 | total=5.444429e+07
  DSO node=9 year=2025 day=Spring | base=5.088698e+07 | scenario=3.343921e-06 | total=5.088698e+07
  DSO node=5 year=2025 day=Spring | base=4.823466e+07 | scenario=1.318708e-07 | total=4.823466e+07
  DSO node=5 year=2025 day=Autumn | base=4.717992e+07 | scenario=1.468746e-07 | total=4.717992e+07
  DSO node=5 year=2025 day=Summer | base=4.603006e+07 | scenario=1.064073e-07 | total=4.603006e+07
  DSO node=5 year=2025 day=Winter | base=4.591306e+07 | scenario=1.310009e-07 | total=4.591306e+07
  DSO node=7 year=2025 day=Spring | base=4.287095e+07 | scenario=8.803636e-07 | total=4.287095e+07
  DSO node=9 year=2025 day=Summer | base=4.274200e+07 | scenario=3.313357e-06 | total=4.274200e+07
  DSO node=7 year=2025 day=Summer | base=4.173246e+07 | scenario=1.282552e-06 | total=4.173246e+07
[ADMM OF SCALE] Fixed sigma in force sigma_fixed=9.363536e+07 | sigma_computed=5.642210e+07 | ratio=6.025725e-01 | assert_factor=3.000
[ADMM ESSO AL SCALE] mode=sigma_over_median_block_weight | sigma=9.363536e+07 | median_block_weight=4.550000e+02 | al_scale_esso=2.057920e+05
[INFO] 	 - ADMM Iteration 1
[INFO] 		 - Updating distribution networks:
[INFO] 			 - Running SMOPF, Network case33_1, 2025, Spring...
[INFO] 			 - Running SMOPF, Network case33_1, 2025, Summer...
[INFO] 			 - Running SMOPF, Network case33_1, 2025, Autumn...
[INFO] 			 - Running SMOPF, Network case33_1, 2025, Winter...
[INFO] 			 - Running SMOPF, Network case33_2, 2025, Spring...
[INFO] 			 - Running SMOPF, Network case33_2, 2025, Summer...
[INFO] 			 - Running SMOPF, Network case33_2, 2025, Autumn...
[INFO] 			 - Running SMOPF, Network case33_2, 2025, Winter...
[INFO] 			 - Running SMOPF, Network case33_3, 2025, Spring...
[INFO] 			 - Running SMOPF, Network case33_3, 2025, Summer...
[INFO] 			 - Running SMOPF, Network case33_3, 2025, Autumn...
[INFO] 			 - Running SMOPF, Network case33_3, 2025, Winter...
[INFO] 		 - Updating transmission network...
[INFO] 			 - Running SMOPF, Network case9, 2025, Spring...
[INFO] 			 - Running SMOPF, Network case9, 2025, Summer...
[INFO] 			 - Running SMOPF, Network case9, 2025, Autumn...
[INFO] 			 - Running SMOPF, Network case9, 2025, Winter...
[TSO PROX] cycle=1 | updated_blocks=4 | held_failed_blocks=0 | V max=0.190852 | PF max=1.997319 | ESS max=0.000000
[TSO PROX][V MAX] node=7, year=2025, day=Winter, period=11 | dV=65.844056 kV | normalized=0.190852
[TSO PROX][PF MAX] node=7, year=2025, day=Autumn, period=10, type=P | delta=199.731852 MW | normalized=1.997319
[TSO PROX][ESS MAX] node=5, year=2025, day=Spring, period=0, type=P | delta=0.000000 MW | normalized=0.000000
[INFO] 		 - Updating SharedESS...
[INFO] 		 - Running Shared ESS optimization (subproblem)...
[INFO] 			 - Node 5...
[INFO] Shared ESS complementarity diagnostics for ESS node=5: ratio_max=0.000000e+00 n_periods=0 mu_final=9.090909e-12 s_obj=1.000000e-01 eps=1.000000e-05 bound=0.000000e+00 measured=0.000000e+00
[INFO] 			 - Node 7...
[INFO] Shared ESS complementarity diagnostics for ESS node=7: ratio_max=0.000000e+00 n_periods=0 mu_final=9.090909e-12 s_obj=1.000000e-01 eps=1.000000e-05 bound=0.000000e+00 measured=0.000000e+00
[INFO] 			 - Node 9...
[INFO] Shared ESS complementarity diagnostics for ESS node=9: ratio_max=0.000000e+00 n_periods=0 mu_final=9.090909e-12 s_obj=1.000000e-01 eps=1.000000e-05 bound=0.000000e+00 measured=0.000000e+00
[DIAG][V MAX] node=9, year=2025, day=Autumn, period=15 | TSO=379.499911 kV, DSO=310.503388 kV, diff=68.996522 kV, base=345.000000 kV, normalized=0.199990, rho(TSO/DSO)=0.007700/0.007700
[DIAG][PF MAX] node=7, year=2025, day=Summer, period=8, type=P | TSO=128.675860 MW, DSO=29.114298 MW, diff=99.561561 MW, rating=100.000000 MVA, normalized=0.995616, rho(TSO/DSO)=0.198000/0.198000
[INFO]		 - interface Vmag max primal residual failed. 0.199990 > 0.010000
[INFO]		 - interface Vmag mean primal residual failed. 0.120436 > 0.001000
[INFO]		 - interface PF max primal residual failed. 0.995616 > 0.010000
[INFO]		 - interface PF mean primal residual failed. 0.714566 > 0.001000
[INFO]		 - interface PF mean dual residual failed. 0.146066 > 0.010000
[INFO]		 - Recourse stationarity requires one previous successful cycle.
[ADMM RHO] V | primal max ratio=19.999 | primal mean ratio=120.436 | primal selected=120.436 | dual mean ratio=0.072 | increase threshold=5.0 | decrease threshold=5.0 | action=increased
[ADMM RHO BOYD] V | r=2.185358e+00 | s=1.683824e-02 | eps_pri=1.971342e-03 | eps_dual=1.706407e-04 | primal_ratio=1.108564e+03 | dual_ratio=9.867660e+01 | dual_ratio_balance=9.867660e+01 | rho_before=7.700000e-03 | rho_after=1.155000e-02 | gamma_before=0.000000e+00 | gamma_after=0.000000e+00 | action=increased
[ADMM RHO] PF | primal max ratio=99.562 | primal mean ratio=714.566 | primal selected=714.566 | dual mean ratio=14.607 | increase threshold=5.0 | decrease threshold=3.0 | action=held
[ADMM RHO BOYD] PF | r=1.835223e+01 | s=6.669330e+00 | eps_pri=1.933317e-03 | eps_dual=2.454799e-04 | primal_ratio=9.492610e+03 | dual_ratio=2.716854e+04 | dual_ratio_balance=2.716854e+04 | rho_before=1.980000e-01 | rho_after=1.980000e-01 | gamma_before=0.000000e+00 | gamma_after=0.000000e+00 | action=held
[ADMM RHO] ESS | primal max ratio=0.000 | primal mean ratio=0.000 | primal selected=0.000 | dual mean ratio=0.000 | increase threshold=5.0 | decrease threshold=5.0 | action=exempt (fixed)
[ADMM RHO BOYD] ESS | r=1.635903e-24 | s=1.156758e-26 | eps_pri=4.156922e-04 | eps_dual=4.156922e-04 | primal_ratio=3.935370e-21 | dual_ratio=2.782727e-23 | dual_ratio_balance=2.782727e-23 | rho_before=1.000000e-02 | rho_after=1.000000e-02 | gamma_before=0.000000e+00 | gamma_after=0.000000e+00 | action=exempt (fixed)
[INFO]		 - ADMM cycle 1 | Primal (V max/mean | PF max/mean | ESS max/mean) = 0.199990/0.120436 | 0.995616/0.714566 | 0.000000/0.000000 | Dual (V max/mean | PF max/mean | ESS max/mean) = 0.001470/0.000719 | 0.395469/0.146066 | 0.000000/0.000000 | Recourse change = N/A (tol. N/A) | Stable cycles = 0/10 | Penalty actions (V/PF/ESS) = increased/held/exempt (fixed)
[INFO] 	 - Iteration 1: 81.20 s
[INFO] 	 - ADMM Iteration 2
[INFO] 		 - Updating distribution networks:
[INFO] 			 - Running SMOPF, Network case33_1, 2025, Spring...
[INFO] 			 - Running SMOPF, Network case33_1, 2025, Summer...
[INFO] 			 - Running SMOPF, Network case33_1, 2025, Autumn...
[INFO] 			 - Running SMOPF, Network case33_1, 2025, Winter...
[INFO] 			 - Running SMOPF, Network case33_2, 2025, Spring...
[INFO] 			 - Running SMOPF, Network case33_2, 2025, Summer...
[INFO] 			 - Running SMOPF, Network case33_2, 2025, Autumn...
[INFO] 			 - Running SMOPF, Network case33_2, 2025, Winter...
[INFO] 			 - Running SMOPF, Network case33_3, 2025, Spring...
[INFO] 			 - Running SMOPF, Network case33_3, 2025, Summer...
[INFO] 			 - Running SMOPF, Network case33_3, 2025, Autumn...
[INFO] 			 - Running SMOPF, Network case33_3, 2025, Winter...
[INFO] 		 - Updating transmission network...
[INFO] 			 - Running SMOPF, Network case9, 2025, Spring...
[INFO] 			 - Running SMOPF, Network case9, 2025, Summer...
[INFO] 			 - Running SMOPF, Network case9, 2025, Autumn...
[INFO] 			 - Running SMOPF, Network case9, 2025, Winter...
[TSO PROX] cycle=2 | updated_blocks=4 | held_failed_blocks=0 | V max=0.081907 | PF max=0.924892 | ESS max=0.000000
[TSO PROX][V MAX] node=9, year=2025, day=Summer, period=22 | dV=28.257848 kV | normalized=0.081907
[TSO PROX][PF MAX] node=9, year=2025, day=Summer, period=23, type=Q | delta=138.733755 MVAr | normalized=0.924892
[TSO PROX][ESS MAX] node=5, year=2025, day=Spring, period=0, type=P | delta=0.000000 MW | normalized=0.000000
[INFO] 		 - Updating SharedESS...
[INFO] 		 - Running Shared ESS optimization (subproblem)...
[INFO] 			 - Node 5...
[INFO] Shared ESS complementarity diagnostics for ESS node=5: ratio_max=0.000000e+00 n_periods=0 mu_final=9.090909e-12 s_obj=1.000000e-01 eps=1.000000e-05 bound=0.000000e+00 measured=0.000000e+00
[INFO] 			 - Node 7...
[INFO] Shared ESS complementarity diagnostics for ESS node=7: ratio_max=0.000000e+00 n_periods=0 mu_final=9.090909e-12 s_obj=1.000000e-01 eps=1.000000e-05 bound=0.000000e+00 measured=0.000000e+00
[INFO] 			 - Node 9...
[INFO] Shared ESS complementarity diagnostics for ESS node=9: ratio_max=0.000000e+00 n_periods=0 mu_final=9.090909e-12 s_obj=1.000000e-01 eps=1.000000e-05 bound=0.000000e+00 measured=0.000000e+00
[DIAG][V MAX] node=9, year=2025, day=Summer, period=22 | TSO=362.041108 kV, DSO=324.867324 kV, diff=37.173785 kV, base=345.000000 kV, normalized=0.107750, rho(TSO/DSO)=0.011550/0.011550
[DIAG][PF MAX] node=5, year=2025, day=Summer, period=14, type=P | TSO=11.792812 MW, DSO=-6.715702 MW, diff=18.508514 MW, rating=200.000000 MVA, normalized=0.092543, rho(TSO/DSO)=0.198000/0.198000
[INFO]		 - interface Vmag max primal residual failed. 0.107750 > 0.010000
[INFO]		 - interface Vmag mean primal residual failed. 0.042136 > 0.001000
[INFO]		 - interface PF max primal residual failed. 0.092543 > 0.010000
[INFO]		 - interface PF mean primal residual failed. 0.006442 > 0.001000
[INFO]		 - interface PF mean dual residual failed. 0.074715 > 0.010000
[RECOURSE JUMP] cycle=2 | abs_change=4.866123e+08 | tol=9.705123e+04 | signed_change=-4.866123e+08
[RECOURSE JUMP] Reconciliation | previous=9.705123e+08 | current=4.839000e+08 | block_delta=-4.866123e+08 | mismatch=+4.768372e-07
[RECOURSE JUMP] Aggregate signed changes:
  TSO | delta=-4.357959e+08
  DSO node=7 | delta=-2.123751e+07
  DSO node=5 | delta=-1.579256e+07
  DSO node=9 | delta=-1.378626e+07
  SALVAGE | delta=+0.000000e+00
[RECOURSE JUMP] Largest 10 block changes:
  TSO node=None year=2025 day=Spring | previous=2.533571e+08 | current=1.053385e+08 | delta=-1.480186e+08 | abs_delta=1.480186e+08
    [RECOURSE JUMP][TSO PROX] year=2025 day=Spring | V max=0.069299 | PF max=0.850901 | ESS max=0.000000
    [RECOURSE COMPONENTS] gen=-1.480186e+08 | flex=+0.000000e+00 | load_curt=+0.000000e+00 | res_curt=+0.000000e+00 | ess_usage=+0.000000e+00 | slacks=-5.193967e-08 | ess_comp=+0.000000e+00
    [SLACK COMPONENTS] voltage=-5.193970e-08 | node_P=+0.000000e+00 | node_Q=+0.000000e+00 | branch_ij=+0.000000e+00 | branch_ji=+0.000000e+00 | flex_P=+0.000000e+00 | flex_Q=+0.000000e+00
    [SLACK COMPONENT CHECK] classified_delta=-5.193970e-08 | objective_slack_delta=-5.193967e-08 | mismatch=-2.842171e-14
    [RECOURSE COMPONENT CHECK] classified_delta=-1.480186e+08 | block_delta=-1.480186e+08 | mismatch=+1.788139e-07
  TSO node=None year=2025 day=Summer | previous=2.193466e+08 | current=1.095270e+08 | delta=-1.098196e+08 | abs_delta=1.098196e+08
    [RECOURSE JUMP][TSO PROX] year=2025 day=Summer | V max=0.081907 | PF max=0.924892 | ESS max=0.000000
    [RECOURSE COMPONENTS] gen=-1.098196e+08 | flex=+0.000000e+00 | load_curt=+0.000000e+00 | res_curt=+0.000000e+00 | ess_usage=+0.000000e+00 | slacks=-5.930366e-08 | ess_comp=+0.000000e+00
    [SLACK COMPONENTS] voltage=-5.930368e-08 | node_P=+0.000000e+00 | node_Q=+0.000000e+00 | branch_ij=+0.000000e+00 | branch_ji=+0.000000e+00 | flex_P=+0.000000e+00 | flex_Q=+0.000000e+00
    [SLACK COMPONENT CHECK] classified_delta=-5.930368e-08 | objective_slack_delta=-5.930366e-08 | mismatch=-2.131628e-14
    [RECOURSE COMPONENT CHECK] classified_delta=-1.098196e+08 | block_delta=-1.098196e+08 | mismatch=+5.960464e-08
  TSO node=None year=2025 day=Winter | previous=1.993134e+08 | current=1.026208e+08 | delta=-9.669262e+07 | abs_delta=9.669262e+07
    [RECOURSE JUMP][TSO PROX] year=2025 day=Winter | V max=0.067155 | PF max=0.849050 | ESS max=0.000000
    [RECOURSE COMPONENTS] gen=-9.669280e+07 | flex=+0.000000e+00 | load_curt=+0.000000e+00 | res_curt=+0.000000e+00 | ess_usage=+0.000000e+00 | slacks=+1.792480e+02 | ess_comp=+0.000000e+00
    [SLACK COMPONENTS] voltage=+1.792480e+02 | node_P=+0.000000e+00 | node_Q=+0.000000e+00 | branch_ij=+0.000000e+00 | branch_ji=+0.000000e+00 | flex_P=+0.000000e+00 | flex_Q=+0.000000e+00
    [SLACK COMPONENT CHECK] classified_delta=+1.792480e+02 | objective_slack_delta=+1.792480e+02 | mismatch=-5.684342e-14
    [RECOURSE COMPONENT CHECK] classified_delta=-9.669262e+07 | block_delta=-9.669262e+07 | mismatch=+1.341105e-07
  TSO node=None year=2025 day=Autumn | previous=1.963782e+08 | current=1.151131e+08 | delta=-8.126511e+07 | abs_delta=8.126511e+07
    [RECOURSE JUMP][TSO PROX] year=2025 day=Autumn | V max=0.079774 | PF max=0.892519 | ESS max=0.000000
    [RECOURSE COMPONENTS] gen=-8.126511e+07 | flex=+0.000000e+00 | load_curt=+0.000000e+00 | res_curt=+0.000000e+00 | ess_usage=+0.000000e+00 | slacks=-7.322556e-08 | ess_comp=+0.000000e+00
    [SLACK COMPONENTS] voltage=-7.322557e-08 | node_P=+0.000000e+00 | node_Q=+0.000000e+00 | branch_ij=+0.000000e+00 | branch_ji=+0.000000e+00 | flex_P=+0.000000e+00 | flex_Q=+0.000000e+00
    [SLACK COMPONENT CHECK] classified_delta=-7.322557e-08 | objective_slack_delta=-7.322556e-08 | mismatch=-7.105427e-15
    [RECOURSE COMPONENT CHECK] classified_delta=-8.126511e+07 | block_delta=-8.126511e+07 | mismatch=+4.917383e-07
  DSO node=9 year=2025 day=Spring | previous=1.161010e+07 | current=2.788787e+06 | delta=-8.821310e+06 | abs_delta=8.821310e+06
    [RECOURSE COMPONENTS] gen=+0.000000e+00 | flex=-7.732059e+06 | load_curt=+0.000000e+00 | res_curt=+0.000000e+00 | ess_usage=+0.000000e+00 | slacks=-1.089251e+06 | ess_comp=+0.000000e+00
    [SLACK COMPONENTS] voltage=-3.947272e-02 | node_P=+0.000000e+00 | node_Q=+0.000000e+00 | branch_ij=+0.000000e+00 | branch_ji=+0.000000e+00 | flex_P=-1.089251e+06 | flex_Q=+0.000000e+00
    [SLACK COMPONENT CHECK] classified_delta=-1.089251e+06 | objective_slack_delta=-1.089251e+06 | mismatch=-2.328306e-10
    [RECOURSE COMPONENT CHECK] classified_delta=-8.821310e+06 | block_delta=-8.821310e+06 | mismatch=+1.050642e-03
  DSO node=5 year=2025 day=Summer | previous=9.765935e+06 | current=1.485756e+06 | delta=-8.280179e+06 | abs_delta=8.280179e+06
    [RECOURSE COMPONENTS] gen=+0.000000e+00 | flex=-8.280178e+06 | load_curt=+0.000000e+00 | res_curt=+0.000000e+00 | ess_usage=+0.000000e+00 | slacks=-1.035419e+00 | ess_comp=+0.000000e+00
    [SLACK COMPONENTS] voltage=-6.021382e-03 | node_P=+0.000000e+00 | node_Q=+0.000000e+00 | branch_ij=+0.000000e+00 | branch_ji=+0.000000e+00 | flex_P=-1.029397e+00 | flex_Q=+0.000000e+00
    [SLACK COMPONENT CHECK] classified_delta=-1.035419e+00 | objective_slack_delta=-1.035419e+00 | mismatch=-2.131628e-14
    [RECOURSE COMPONENT CHECK] classified_delta=-8.280179e+06 | block_delta=-8.280179e+06 | mismatch=+1.125131e-05
  DSO node=7 year=2025 day=Summer | previous=1.540754e+07 | current=7.760915e+06 | delta=-7.646622e+06 | abs_delta=7.646622e+06
    [RECOURSE COMPONENTS] gen=+0.000000e+00 | flex=-3.666160e+05 | load_curt=+0.000000e+00 | res_curt=+0.000000e+00 | ess_usage=+0.000000e+00 | slacks=-7.280006e+06 | ess_comp=+0.000000e+00
    [SLACK COMPONENTS] voltage=-3.479073e-02 | node_P=+0.000000e+00 | node_Q=+0.000000e+00 | branch_ij=+0.000000e+00 | branch_ji=+0.000000e+00 | flex_P=-7.280006e+06 | flex_Q=+0.000000e+00
    [SLACK COMPONENT CHECK] classified_delta=-7.280006e+06 | objective_slack_delta=-7.280006e+06 | mismatch=+9.313226e-10
    [RECOURSE COMPONENT CHECK] classified_delta=-7.646622e+06 | block_delta=-7.646622e+06 | mismatch=+1.482195e-03
  DSO node=7 year=2025 day=Autumn | previous=8.916856e+06 | current=1.395669e+06 | delta=-7.521188e+06 | abs_delta=7.521188e+06
    [RECOURSE COMPONENTS] gen=+0.000000e+00 | flex=-2.411820e+05 | load_curt=+0.000000e+00 | res_curt=+0.000000e+00 | ess_usage=+0.000000e+00 | slacks=-7.280006e+06 | ess_comp=+0.000000e+00
    [SLACK COMPONENTS] voltage=-1.438623e-02 | node_P=+0.000000e+00 | node_Q=+0.000000e+00 | branch_ij=+0.000000e+00 | branch_ji=+0.000000e+00 | flex_P=-7.280006e+06 | flex_Q=+0.000000e+00
    [SLACK COMPONENT CHECK] classified_delta=-7.280006e+06 | objective_slack_delta=-7.280006e+06 | mismatch=+1.862645e-09
    [RECOURSE COMPONENT CHECK] classified_delta=-7.521188e+06 | block_delta=-7.521188e+06 | mismatch=+1.007220e-03
  DSO node=7 year=2025 day=Winter | previous=1.199483e+07 | current=4.940954e+06 | delta=-7.053876e+06 | abs_delta=7.053876e+06
    [RECOURSE COMPONENTS] gen=+0.000000e+00 | flex=+2.261305e+05 | load_curt=+0.000000e+00 | res_curt=+0.000000e+00 | ess_usage=+0.000000e+00 | slacks=-7.280006e+06 | ess_comp=+0.000000e+00
    [SLACK COMPONENTS] voltage=-4.257919e-03 | node_P=+0.000000e+00 | node_Q=+0.000000e+00 | branch_ij=+0.000000e+00 | branch_ji=+0.000000e+00 | flex_P=-7.280006e+06 | flex_Q=+0.000000e+00
    [SLACK COMPONENT CHECK] classified_delta=-7.280006e+06 | objective_slack_delta=-7.280006e+06 | mismatch=-2.793968e-09
    [RECOURSE COMPONENT CHECK] classified_delta=-7.053876e+06 | block_delta=-7.053876e+06 | mismatch=+6.737914e-04
  DSO node=9 year=2025 day=Winter | previous=8.606044e+06 | current=4.609935e+06 | delta=-3.996109e+06 | abs_delta=3.996109e+06
    [RECOURSE COMPONENTS] gen=+0.000000e+00 | flex=-3.996108e+06 | load_curt=+0.000000e+00 | res_curt=+0.000000e+00 | ess_usage=+0.000000e+00 | slacks=-8.731069e-01 | ess_comp=+0.000000e+00
    [SLACK COMPONENTS] voltage=+1.546938e-03 | node_P=+0.000000e+00 | node_Q=+0.000000e+00 | branch_ij=+0.000000e+00 | branch_ji=+0.000000e+00 | flex_P=-8.746538e-01 | flex_Q=+0.000000e+00
    [SLACK COMPONENT CHECK] classified_delta=-8.731069e-01 | objective_slack_delta=-8.731069e-01 | mismatch=+9.947598e-14
    [RECOURSE COMPONENT CHECK] classified_delta=-3.996109e+06 | block_delta=-3.996109e+06 | mismatch=+1.281057e-04
[INFO]		 - Recourse stationarity failed. 486612275.071337 > 97051.230953
[ADMM RHO] V | primal max ratio=10.775 | primal mean ratio=42.136 | primal selected=42.136 | dual mean ratio=0.094 | increase threshold=5.0 | decrease threshold=5.0 | action=increased
[ADMM RHO BOYD] V | r=7.874286e-01 | s=7.257313e-03 | eps_pri=1.981923e-03 | eps_dual=1.701837e-04 | primal_ratio=3.973054e+02 | dual_ratio=4.264399e+01 | dual_ratio_balance=4.264399e+01 | rho_before=1.155000e-02 | rho_after=1.732500e-02 | gamma_before=0.000000e+00 | gamma_after=0.000000e+00 | action=increased
[ADMM RHO] PF | primal max ratio=9.254 | primal mean ratio=6.442 | primal selected=9.254 | dual mean ratio=7.472 | increase threshold=5.0 | decrease threshold=3.0 | action=decreased
[ADMM RHO BOYD] PF | r=2.666156e-01 | s=2.536729e+00 | eps_pri=9.733081e-04 | eps_dual=2.430143e-04 | primal_ratio=2.739272e+02 | dual_ratio=1.043860e+04 | dual_ratio_balance=1.043860e+04 | rho_before=1.980000e-01 | rho_after=1.320000e-01 | gamma_before=0.000000e+00 | gamma_after=0.000000e+00 | action=decreased
[ADMM RHO] ESS | primal max ratio=0.000 | primal mean ratio=0.000 | primal selected=0.000 | dual mean ratio=0.000 | increase threshold=5.0 | decrease threshold=5.0 | action=exempt (fixed)
[ADMM RHO BOYD] ESS | r=9.105569e-25 | s=1.800619e-26 | eps_pri=4.156922e-04 | eps_dual=4.156922e-04 | primal_ratio=2.190459e-21 | dual_ratio=4.331615e-23 | dual_ratio_balance=4.331615e-23 | rho_before=1.000000e-02 | rho_after=1.000000e-02 | gamma_before=0.000000e+00 | gamma_after=0.000000e+00 | action=exempt (fixed)
[INFO]		 - ADMM cycle 2 | Primal (V max/mean | PF max/mean | ESS max/mean) = 0.107750/0.042136 | 0.092543/0.006442 | 0.000000/0.000000 | Dual (V max/mean | PF max/mean | ESS max/mean) = 0.002310/0.000937 | 0.248485/0.074715 | 0.000000/0.000000 | Recourse change = 486612275.071337 (tol. 97051.230953) | Stable cycles = 0/10 | Penalty actions (V/PF/ESS) = increased/decreased/exempt (fixed)
[INFO] 	 - Iteration 2: 46.65 s
[WARNING] 	 - ADMM did NOT converge in 2 iterations!
[INFO] 	 - Execution time: 160.98 s
