[INFO] Running OPERATIONAL PLANNING (DISTRIBUTED)...
[INFO]	 - Initializing...
[INFO] 		 - Distribution Network node 5...
[INFO] 			 - Running SMOPF, Network case33_1, 2025, Spring...
[INFO] 			 - Running SMOPF, Network case33_1, 2025, Summer...
[INFO] 			 - Running SMOPF, Network case33_1, 2025, Autumn...
[INFO] 			 - Running SMOPF, Network case33_1, 2025, Winter...
[INFO] 			 - Running SMOPF, Network case33_1, 2030, Spring...
[INFO] 			 - Running SMOPF, Network case33_1, 2030, Summer...
[INFO] 			 - Running SMOPF, Network case33_1, 2030, Autumn...
[INFO] 			 - Running SMOPF, Network case33_1, 2030, Winter...
[INFO] 			 - Running SMOPF, Network case33_1, 2035, Spring...
[INFO] 			 - Running SMOPF, Network case33_1, 2035, Summer...
[INFO] 			 - Running SMOPF, Network case33_1, 2035, Autumn...
[INFO] 			 - Running SMOPF, Network case33_1, 2035, Winter...
[INFO] 		 - Distribution Network node 7...
[INFO] 			 - Running SMOPF, Network case33_2, 2025, Spring...
[INFO] 			 - Running SMOPF, Network case33_2, 2025, Summer...
[INFO] 			 - Running SMOPF, Network case33_2, 2025, Autumn...
[INFO] 			 - Running SMOPF, Network case33_2, 2025, Winter...
[INFO] 			 - Running SMOPF, Network case33_2, 2030, Spring...
[INFO] 			 - Running SMOPF, Network case33_2, 2030, Summer...
[INFO] 			 - Running SMOPF, Network case33_2, 2030, Autumn...
[INFO] 			 - Running SMOPF, Network case33_2, 2030, Winter...
[INFO] 			 - Running SMOPF, Network case33_2, 2035, Spring...
[INFO] 			 - Running SMOPF, Network case33_2, 2035, Summer...
[INFO] 			 - Running SMOPF, Network case33_2, 2035, Autumn...
[INFO] 			 - Running SMOPF, Network case33_2, 2035, Winter...
[INFO] 		 - Distribution Network node 9...
[INFO] 			 - Running SMOPF, Network case33_3, 2025, Spring...
[INFO] 			 - Running SMOPF, Network case33_3, 2025, Summer...
[INFO] 			 - Running SMOPF, Network case33_3, 2025, Autumn...
[INFO] 			 - Running SMOPF, Network case33_3, 2025, Winter...
[INFO] 			 - Running SMOPF, Network case33_3, 2030, Spring...
[INFO] 			 - Running SMOPF, Network case33_3, 2030, Summer...
[INFO] 			 - Running SMOPF, Network case33_3, 2030, Autumn...
[INFO] 			 - Running SMOPF, Network case33_3, 2030, Winter...
[INFO] 			 - Running SMOPF, Network case33_3, 2035, Spring...
[INFO] 			 - Running SMOPF, Network case33_3, 2035, Summer...
[INFO] 			 - Running SMOPF, Network case33_3, 2035, Autumn...
[INFO] 			 - Running SMOPF, Network case33_3, 2035, Winter...
[INFO] 		 - Transmission Network...
[INFO] 			 - Running SMOPF, Network case9, 2025, Spring...
[INFO] 			 - Running SMOPF, Network case9, 2025, Summer...
[INFO] 			 - Running SMOPF, Network case9, 2025, Autumn...
[INFO] 			 - Running SMOPF, Network case9, 2025, Winter...
[INFO] 			 - Running SMOPF, Network case9, 2030, Spring...
[INFO] 			 - Running SMOPF, Network case9, 2030, Summer...
[INFO] 			 - Running SMOPF, Network case9, 2030, Autumn...
[INFO] 			 - Running SMOPF, Network case9, 2030, Winter...
[INFO] 			 - Running SMOPF, Network case9, 2035, Spring...
[INFO] 			 - Running SMOPF, Network case9, 2035, Summer...
[INFO] 			 - Running SMOPF, Network case9, 2035, Autumn...
[INFO] 			 - Running SMOPF, Network case9, 2035, Winter...
[INFO] 		 - Running Shared ESS optimization (subproblem)...
[INFO] 			 - Node 5...
[INFO] Shared ESS complementarity diagnostics for ESS node=5: ratio_max=8.701307e-06 n_periods=288 mu_final=1.499790e-11 s_obj=1.000000e-01 eps=1.000000e-05 bound=4.319395e-03 measured=2.319468e-03
[INFO] 			 - Node 7...
[INFO] Shared ESS complementarity diagnostics for ESS node=7: ratio_max=8.702985e-06 n_periods=288 mu_final=1.502258e-11 s_obj=1.000000e-01 eps=1.000000e-05 bound=4.326504e-03 measured=2.311653e-03
[INFO] 			 - Node 9...
[INFO] Shared ESS complementarity diagnostics for ESS node=9: ratio_max=8.700085e-06 n_periods=288 mu_final=1.499715e-11 s_obj=1.000000e-01 eps=1.000000e-05 bound=4.319179e-03 measured=2.319632e-03
[ADMM OF SCALE] n=48 | min=2.430192e+07 | median=4.563872e+07 | max=9.363536e+07 | selected=9.363536e+07
[ADMM OF SCALE] Largest weighted objectives:
  TSO node=None year=2035 day=Winter | base=-9.363536e+07 | scenario=0.000000e+00 | total=-9.363536e+07
  TSO node=None year=2030 day=Autumn | base=-8.831557e+07 | scenario=0.000000e+00 | total=-8.831557e+07
  TSO node=None year=2030 day=Winter | base=-7.463930e+07 | scenario=0.000000e+00 | total=-7.463930e+07
  TSO node=None year=2035 day=Spring | base=-6.233022e+07 | scenario=0.000000e+00 | total=-6.233022e+07
  TSO node=None year=2035 day=Summer | base=-5.846825e+07 | scenario=0.000000e+00 | total=-5.846825e+07
  TSO node=None year=2035 day=Autumn | base=-5.808004e+07 | scenario=0.000000e+00 | total=-5.808004e+07
  TSO node=None year=2030 day=Summer | base=-5.747069e+07 | scenario=0.000000e+00 | total=-5.747069e+07
  DSO node=7 year=2035 day=Spring | base=5.722320e+07 | scenario=0.000000e+00 | total=5.722320e+07
  DSO node=9 year=2025 day=Winter | base=5.578761e+07 | scenario=0.000000e+00 | total=5.578761e+07
  DSO node=5 year=2035 day=Spring | base=5.561607e+07 | scenario=0.000000e+00 | total=5.561607e+07
[ADMM OF SCALE] Fixed sigma in force sigma_fixed=9.363536e+07 | sigma_computed=9.363536e+07 | ratio=1.000000e+00 | assert_factor=3.000
[ADMM ESSO AL SCALE] mode=sigma_over_median_block_weight | sigma=9.363536e+07 | median_block_weight=4.121075e+02 | al_scale_esso=2.272110e+05
[INFO] 	 - ADMM Iteration 1
[INFO] 		 - Updating distribution networks:
[INFO] 			 - Running SMOPF, Network case33_1, 2025, Spring...
[INFO] 			 - Running SMOPF, Network case33_1, 2025, Summer...
[INFO] 			 - Running SMOPF, Network case33_1, 2025, Autumn...
[INFO] 			 - Running SMOPF, Network case33_1, 2025, Winter...
[INFO] 			 - Running SMOPF, Network case33_1, 2030, Spring...
[INFO] 			 - Running SMOPF, Network case33_1, 2030, Summer...
[INFO] 			 - Running SMOPF, Network case33_1, 2030, Autumn...
[INFO] 			 - Running SMOPF, Network case33_1, 2030, Winter...
[INFO] 			 - Running SMOPF, Network case33_1, 2035, Spring...
[INFO] 			 - Running SMOPF, Network case33_1, 2035, Summer...
[INFO] 			 - Running SMOPF, Network case33_1, 2035, Autumn...
[INFO] 			 - Running SMOPF, Network case33_1, 2035, Winter...
[INFO] 			 - Running SMOPF, Network case33_2, 2025, Spring...
[INFO] 			 - Running SMOPF, Network case33_2, 2025, Summer...
[INFO] 			 - Running SMOPF, Network case33_2, 2025, Autumn...
[INFO] 			 - Running SMOPF, Network case33_2, 2025, Winter...
[INFO] 			 - Running SMOPF, Network case33_2, 2030, Spring...
[INFO] 			 - Running SMOPF, Network case33_2, 2030, Summer...
[INFO] 			 - Running SMOPF, Network case33_2, 2030, Autumn...
[INFO] 			 - Running SMOPF, Network case33_2, 2030, Winter...
[INFO] 			 - Running SMOPF, Network case33_2, 2035, Spring...
[INFO] 			 - Running SMOPF, Network case33_2, 2035, Summer...
[INFO] 			 - Running SMOPF, Network case33_2, 2035, Autumn...
[INFO] 			 - Running SMOPF, Network case33_2, 2035, Winter...
[INFO] 			 - Running SMOPF, Network case33_3, 2025, Spring...
[INFO] 			 - Running SMOPF, Network case33_3, 2025, Summer...
[INFO] 			 - Running SMOPF, Network case33_3, 2025, Autumn...
[INFO] 			 - Running SMOPF, Network case33_3, 2025, Winter...
[INFO] 			 - Running SMOPF, Network case33_3, 2030, Spring...
[INFO] 			 - Running SMOPF, Network case33_3, 2030, Summer...
[INFO] 			 - Running SMOPF, Network case33_3, 2030, Autumn...
[INFO] 			 - Running SMOPF, Network case33_3, 2030, Winter...
[INFO] 			 - Running SMOPF, Network case33_3, 2035, Spring...
[INFO] 			 - Running SMOPF, Network case33_3, 2035, Summer...
[INFO] 			 - Running SMOPF, Network case33_3, 2035, Autumn...
[INFO] 			 - Running SMOPF, Network case33_3, 2035, Winter...
[INFO] 		 - Updating transmission network...
[INFO] 			 - Running SMOPF, Network case9, 2025, Spring...
[INFO] 			 - Running SMOPF, Network case9, 2025, Summer...
[INFO] 			 - Running SMOPF, Network case9, 2025, Autumn...
[INFO] 			 - Running SMOPF, Network case9, 2025, Winter...
[INFO] 			 - Running SMOPF, Network case9, 2030, Spring...
[INFO] 			 - Running SMOPF, Network case9, 2030, Summer...
[INFO] 			 - Running SMOPF, Network case9, 2030, Autumn...
[INFO] 			 - Running SMOPF, Network case9, 2030, Winter...
[INFO] 			 - Running SMOPF, Network case9, 2035, Spring...
[INFO] 			 - Running SMOPF, Network case9, 2035, Summer...
[INFO] 			 - Running SMOPF, Network case9, 2035, Autumn...
[INFO] 			 - Running SMOPF, Network case9, 2035, Winter...
[TSO PROX] cycle=1 | updated_blocks=12 | held_failed_blocks=0 | V max=0.084738 | PF max=0.549711 | ESS max=0.123725
[TSO PROX][V MAX] node=5, year=2035, day=Summer, period=22 | dV=29.234663 kV | normalized=0.084738
[TSO PROX][PF MAX] node=5, year=2025, day=Spring, period=9, type=P | delta=109.942142 MW | normalized=0.549711
[TSO PROX][ESS MAX] node=5, year=2025, day=Autumn, period=18, type=P | delta=0.618623 MW | normalized=0.123725
[INFO] 		 - Updating SharedESS...
[INFO] 		 - Running Shared ESS optimization (subproblem)...
[INFO] 			 - Node 5...
[INFO] Shared ESS complementarity diagnostics for ESS node=5: ratio_max=9.343943e-06 n_periods=288 mu_final=1.197432e-11 s_obj=1.000000e-01 eps=1.000000e-05 bound=3.448604e-03 measured=3.002514e-03
[INFO] 			 - Node 7...
[INFO] Shared ESS complementarity diagnostics for ESS node=7: ratio_max=9.331092e-06 n_periods=288 mu_final=1.708535e-11 s_obj=1.000000e-01 eps=1.000000e-05 bound=4.920580e-03 measured=1.061402e-03
[INFO] 			 - Node 9...
[INFO] Shared ESS complementarity diagnostics for ESS node=9: ratio_max=9.357262e-06 n_periods=288 mu_final=1.121162e-11 s_obj=1.000000e-01 eps=1.000000e-05 bound=3.228945e-03 measured=3.275948e-03
[DIAG][V MAX] node=5, year=2035, day=Summer, period=22 | TSO=373.075834 kV, DSO=342.682360 kV, diff=30.393474 kV, base=345.000000 kV, normalized=0.088097, rho(TSO/DSO)=0.007700/0.007700
[DIAG][PF MAX] node=5, year=2035, day=Summer, period=22, type=P | TSO=102.783808 MW, DSO=32.265354 MW, diff=70.518454 MW, rating=200.000000 MVA, normalized=0.352592, rho(TSO/DSO)=0.198000/0.198000
[INFO]		 - interface Vmag max primal residual failed. 0.088097 > 0.010000
[INFO]		 - interface Vmag mean primal residual failed. 0.032606 > 0.001000
[INFO]		 - interface PF max primal residual failed. 0.352592 > 0.010000
[INFO]		 - interface PF mean primal residual failed. 0.143470 > 0.001000
[INFO]		 - interface PF mean dual residual failed. 0.034626 > 0.010000
[INFO]		 - Recourse stationarity requires one previous successful cycle.
[ADMM RHO] V | primal max ratio=8.810 | primal mean ratio=32.606 | primal selected=32.606 | dual mean ratio=0.014 | increase threshold=5.0 | decrease threshold=5.0 | action=increased
[ADMM RHO BOYD] V | r=1.085665e+00 | s=7.984825e-03 | eps_pri=3.319105e-03 | eps_dual=2.947373e-04 | primal_ratio=3.270957e+02 | dual_ratio=2.709133e+01 | dual_ratio_balance=2.709133e+01 | rho_before=7.700000e-03 | rho_after=1.155000e-02 | gamma_before=0.000000e+00 | gamma_after=0.000000e+00 | action=increased
[ADMM RHO] PF | primal max ratio=35.259 | primal mean ratio=143.470 | primal selected=143.470 | dual mean ratio=3.463 | increase threshold=5.0 | decrease threshold=3.0 | action=held
[ADMM RHO BOYD] PF | r=6.648507e+00 | s=2.030226e+00 | eps_pri=1.619235e-03 | eps_dual=4.208598e-04 | primal_ratio=4.105956e+03 | dual_ratio=4.823995e+03 | dual_ratio_balance=4.823995e+03 | rho_before=1.980000e-01 | rho_after=1.980000e-01 | gamma_before=0.000000e+00 | gamma_after=0.000000e+00 | action=held
[ADMM RHO] ESS | primal max ratio=0.825 | primal mean ratio=0.808 | primal selected=0.825 | dual mean ratio=0.006 | increase threshold=5.0 | decrease threshold=5.0 | action=exempt (fixed)
[ADMM RHO BOYD] ESS | r=1.103710e+00 | s=7.805043e-03 | eps_pri=8.551968e-04 | eps_dual=7.211037e-04 | primal_ratio=1.290592e+03 | dual_ratio=1.082375e+01 | dual_ratio_balance=1.082375e+01 | rho_before=1.000000e-02 | rho_after=1.000000e-02 | gamma_before=0.000000e+00 | gamma_after=0.000000e+00 | action=exempt (fixed)
[INFO]		 - ADMM cycle 1 | Primal (V max/mean | PF max/mean | ESS max/mean) = 0.088097/0.032606 | 0.352592/0.143470 | 0.082511/0.008085 | Dual (V max/mean | PF max/mean | ESS max/mean) = 0.000652/0.000138 | 0.128943/0.034626 | 0.000412/0.000061 | Recourse change = N/A (tol. N/A) | Stable cycles = 0/10 | Penalty actions (V/PF/ESS) = increased/held/exempt (fixed)
[INFO] 	 - Iteration 1: 28.64 s
[INFO] 	 - ADMM Iteration 2
[INFO] 		 - Updating distribution networks:
[INFO] 			 - Running SMOPF, Network case33_1, 2025, Spring...
[INFO] 			 - Running SMOPF, Network case33_1, 2025, Summer...
[INFO] 			 - Running SMOPF, Network case33_1, 2025, Autumn...
[INFO] 			 - Running SMOPF, Network case33_1, 2025, Winter...
[INFO] 			 - Running SMOPF, Network case33_1, 2030, Spring...
[INFO] 			 - Running SMOPF, Network case33_1, 2030, Summer...
[INFO] 			 - Running SMOPF, Network case33_1, 2030, Autumn...
[INFO] 			 - Running SMOPF, Network case33_1, 2030, Winter...
[INFO] 			 - Running SMOPF, Network case33_1, 2035, Spring...
[INFO] 			 - Running SMOPF, Network case33_1, 2035, Summer...
[INFO] 			 - Running SMOPF, Network case33_1, 2035, Autumn...
[INFO] 			 - Running SMOPF, Network case33_1, 2035, Winter...
[INFO] 			 - Running SMOPF, Network case33_2, 2025, Spring...
[INFO] 			 - Running SMOPF, Network case33_2, 2025, Summer...
[INFO] 			 - Running SMOPF, Network case33_2, 2025, Autumn...
[INFO] 			 - Running SMOPF, Network case33_2, 2025, Winter...
[INFO] 			 - Running SMOPF, Network case33_2, 2030, Spring...
[INFO] 			 - Running SMOPF, Network case33_2, 2030, Summer...
[INFO] 			 - Running SMOPF, Network case33_2, 2030, Autumn...
[INFO] 			 - Running SMOPF, Network case33_2, 2030, Winter...
[INFO] 			 - Running SMOPF, Network case33_2, 2035, Spring...
[INFO] 			 - Running SMOPF, Network case33_2, 2035, Summer...
[INFO] 			 - Running SMOPF, Network case33_2, 2035, Autumn...
[INFO] 			 - Running SMOPF, Network case33_2, 2035, Winter...
[INFO] 			 - Running SMOPF, Network case33_3, 2025, Spring...
[INFO] 			 - Running SMOPF, Network case33_3, 2025, Summer...
[INFO] 			 - Running SMOPF, Network case33_3, 2025, Autumn...
[INFO] 			 - Running SMOPF, Network case33_3, 2025, Winter...
[INFO] 			 - Running SMOPF, Network case33_3, 2030, Spring...
[INFO] 			 - Running SMOPF, Network case33_3, 2030, Summer...
[INFO] 			 - Running SMOPF, Network case33_3, 2030, Autumn...
[INFO] 			 - Running SMOPF, Network case33_3, 2030, Winter...
[INFO] 			 - Running SMOPF, Network case33_3, 2035, Spring...
[INFO] 			 - Running SMOPF, Network case33_3, 2035, Summer...
[INFO] 			 - Running SMOPF, Network case33_3, 2035, Autumn...
[INFO] 			 - Running SMOPF, Network case33_3, 2035, Winter...
[INFO] 		 - Updating transmission network...
[INFO] 			 - Running SMOPF, Network case9, 2025, Spring...
[INFO] 			 - Running SMOPF, Network case9, 2025, Summer...
[INFO] 			 - Running SMOPF, Network case9, 2025, Autumn...
[INFO] 			 - Running SMOPF, Network case9, 2025, Winter...
[INFO] 			 - Running SMOPF, Network case9, 2030, Spring...
[INFO] 			 - Running SMOPF, Network case9, 2030, Summer...
[INFO] 			 - Running SMOPF, Network case9, 2030, Autumn...
[INFO] 			 - Running SMOPF, Network case9, 2030, Winter...
[INFO] 			 - Running SMOPF, Network case9, 2035, Spring...
[INFO] 			 - Running SMOPF, Network case9, 2035, Summer...
[INFO] 			 - Running SMOPF, Network case9, 2035, Autumn...
[INFO] 			 - Running SMOPF, Network case9, 2035, Winter...
[TSO PROX] cycle=2 | updated_blocks=12 | held_failed_blocks=0 | V max=0.022086 | PF max=0.304640 | ESS max=0.063936
[TSO PROX][V MAX] node=5, year=2035, day=Summer, period=22 | dV=7.619785 kV | normalized=0.022086
[TSO PROX][PF MAX] node=5, year=2025, day=Spring, period=20, type=P | delta=60.928007 MW | normalized=0.304640
[TSO PROX][ESS MAX] node=7, year=2035, day=Autumn, period=20, type=P | delta=0.319680 MW | normalized=0.063936
[INFO] 		 - Updating SharedESS...
[INFO] 		 - Running Shared ESS optimization (subproblem)...
[INFO] 			 - Node 5...
[INFO] Shared ESS complementarity diagnostics for ESS node=5: ratio_max=5.029989e-06 n_periods=288 mu_final=9.578227e-12 s_obj=1.000000e-01 eps=1.000000e-05 bound=2.758529e-03 measured=2.618299e-03
[INFO] 			 - Node 7...
[INFO] Shared ESS complementarity diagnostics for ESS node=7: ratio_max=5.350498e-06 n_periods=288 mu_final=1.020820e-11 s_obj=1.000000e-01 eps=1.000000e-05 bound=2.939962e-03 measured=2.628461e-03
[INFO] 			 - Node 9...
[INFO] Shared ESS complementarity diagnostics for ESS node=9: ratio_max=5.543382e-06 n_periods=288 mu_final=1.052119e-11 s_obj=1.000000e-01 eps=1.000000e-05 bound=3.030104e-03 measured=2.630753e-03
[DIAG][V MAX] node=9, year=2025, day=Spring, period=23 | TSO=362.279733 kV, DSO=379.498500 kV, diff=17.218767 kV, base=345.000000 kV, normalized=0.049909, rho(TSO/DSO)=0.011550/0.011550
[DIAG][PF MAX] node=5, year=2035, day=Spring, period=7, type=P | TSO=13.217080 MW, DSO=-25.604111 MW, diff=38.821191 MW, rating=200.000000 MVA, normalized=0.194106, rho(TSO/DSO)=0.198000/0.198000
[INFO]		 - interface Vmag max primal residual failed. 0.049909 > 0.010000
[INFO]		 - interface Vmag mean primal residual failed. 0.015801 > 0.001000
[INFO]		 - interface PF max primal residual failed. 0.194106 > 0.010000
[INFO]		 - interface PF mean primal residual failed. 0.003156 > 0.001000
[INFO]		 - interface PF mean dual residual failed. 0.016445 > 0.010000
[RECOURSE JUMP] cycle=2 | abs_change=8.459323e+08 | tol=1.586855e+05 | signed_change=-8.459323e+08
[RECOURSE JUMP] Reconciliation | previous=1.586855e+09 | current=7.409228e+08 | block_delta=-8.459323e+08 | mismatch=+9.536743e-07
[RECOURSE JUMP] Aggregate signed changes:
  TSO | delta=-7.782223e+08
  DSO node=5 | delta=-3.082386e+07
  DSO node=9 | delta=-2.419148e+07
  DSO node=7 | delta=-1.269462e+07
  SALVAGE | delta=+6.109409e-35
[RECOURSE JUMP] Largest 10 block changes:
  TSO node=None year=2025 day=Spring | previous=1.519063e+08 | current=5.284185e+07 | delta=-9.906443e+07 | abs_delta=9.906443e+07
    [RECOURSE JUMP][TSO PROX] year=2025 day=Spring | V max=0.012922 | PF max=0.304640 | ESS max=0.019818
    [RECOURSE COMPONENTS] gen=-9.906443e+07 | flex=+0.000000e+00 | load_curt=+0.000000e+00 | res_curt=+0.000000e+00 | ess_usage=+0.000000e+00 | slacks=+2.053682e-10 | ess_comp=-2.175319e-04
    [SLACK COMPONENTS] voltage=+2.053682e-10 | node_P=+0.000000e+00 | node_Q=+0.000000e+00 | branch_ij=+0.000000e+00 | branch_ji=+0.000000e+00 | flex_P=+0.000000e+00 | flex_Q=+0.000000e+00
    [SLACK COMPONENT CHECK] classified_delta=+2.053682e-10 | objective_slack_delta=+2.053682e-10 | mismatch=+0.000000e+00
    [RECOURSE COMPONENT CHECK] classified_delta=-9.906443e+07 | block_delta=-9.906443e+07 | mismatch=+2.980232e-08
  TSO node=None year=2035 day=Spring | previous=1.231157e+08 | current=3.730199e+07 | delta=-8.581369e+07 | abs_delta=8.581369e+07
    [RECOURSE JUMP][TSO PROX] year=2035 day=Spring | V max=0.018839 | PF max=0.260162 | ESS max=0.054281
    [RECOURSE COMPONENTS] gen=-8.581369e+07 | flex=+0.000000e+00 | load_curt=+0.000000e+00 | res_curt=+0.000000e+00 | ess_usage=+0.000000e+00 | slacks=+1.581881e-10 | ess_comp=-2.954881e-04
    [SLACK COMPONENTS] voltage=+1.581881e-10 | node_P=+0.000000e+00 | node_Q=+0.000000e+00 | branch_ij=+0.000000e+00 | branch_ji=+0.000000e+00 | flex_P=+0.000000e+00 | flex_Q=+0.000000e+00
    [SLACK COMPONENT CHECK] classified_delta=+1.581881e-10 | objective_slack_delta=+1.581881e-10 | mismatch=+0.000000e+00
    [RECOURSE COMPONENT CHECK] classified_delta=-8.581369e+07 | block_delta=-8.581369e+07 | mismatch=+1.490116e-08
  TSO node=None year=2025 day=Summer | previous=1.592372e+08 | current=7.383840e+07 | delta=-8.539882e+07 | abs_delta=8.539882e+07
    [RECOURSE JUMP][TSO PROX] year=2025 day=Summer | V max=0.011805 | PF max=0.303495 | ESS max=0.014510
    [RECOURSE COMPONENTS] gen=-8.539882e+07 | flex=+0.000000e+00 | load_curt=+0.000000e+00 | res_curt=+0.000000e+00 | ess_usage=+0.000000e+00 | slacks=+5.370708e-10 | ess_comp=-1.831078e-04
    [SLACK COMPONENTS] voltage=+5.370708e-10 | node_P=+0.000000e+00 | node_Q=+0.000000e+00 | branch_ij=+0.000000e+00 | branch_ji=+0.000000e+00 | flex_P=+0.000000e+00 | flex_Q=+0.000000e+00
    [SLACK COMPONENT CHECK] classified_delta=+5.370708e-10 | objective_slack_delta=+5.370708e-10 | mismatch=+0.000000e+00
    [RECOURSE COMPONENT CHECK] classified_delta=-8.539882e+07 | block_delta=-8.539882e+07 | mismatch=+1.490116e-08
  TSO node=None year=2025 day=Winter | previous=1.683114e+08 | current=8.434167e+07 | delta=-8.396976e+07 | abs_delta=8.396976e+07
    [RECOURSE JUMP][TSO PROX] year=2025 day=Winter | V max=0.014643 | PF max=0.211211 | ESS max=0.028081
    [RECOURSE COMPONENTS] gen=-8.396976e+07 | flex=+0.000000e+00 | load_curt=+0.000000e+00 | res_curt=+0.000000e+00 | ess_usage=+0.000000e+00 | slacks=+1.097959e-09 | ess_comp=-1.230763e-05
    [SLACK COMPONENTS] voltage=+1.097959e-09 | node_P=+0.000000e+00 | node_Q=+0.000000e+00 | branch_ij=+0.000000e+00 | branch_ji=+0.000000e+00 | flex_P=+0.000000e+00 | flex_Q=+0.000000e+00
    [SLACK COMPONENT CHECK] classified_delta=+1.097959e-09 | objective_slack_delta=+1.097959e-09 | mismatch=+0.000000e+00
    [RECOURSE COMPONENT CHECK] classified_delta=-8.396976e+07 | block_delta=-8.396976e+07 | mismatch=-1.490116e-08
  TSO node=None year=2030 day=Spring | previous=1.115622e+08 | current=2.928948e+07 | delta=-8.227275e+07 | abs_delta=8.227275e+07
    [RECOURSE JUMP][TSO PROX] year=2030 day=Spring | V max=0.012863 | PF max=0.255209 | ESS max=0.025237
    [RECOURSE COMPONENTS] gen=-8.227275e+07 | flex=+0.000000e+00 | load_curt=+0.000000e+00 | res_curt=+0.000000e+00 | ess_usage=+0.000000e+00 | slacks=+4.838085e-11 | ess_comp=-3.216318e-04
    [SLACK COMPONENTS] voltage=+4.838085e-11 | node_P=+0.000000e+00 | node_Q=+0.000000e+00 | branch_ij=+0.000000e+00 | branch_ji=+0.000000e+00 | flex_P=+0.000000e+00 | flex_Q=+0.000000e+00
    [SLACK COMPONENT CHECK] classified_delta=+4.838085e-11 | objective_slack_delta=+4.838085e-11 | mismatch=+0.000000e+00
    [RECOURSE COMPONENT CHECK] classified_delta=-8.227275e+07 | block_delta=-8.227275e+07 | mismatch=+2.980232e-08
  TSO node=None year=2025 day=Autumn | previous=1.533615e+08 | current=7.812011e+07 | delta=-7.524137e+07 | abs_delta=7.524137e+07
    [RECOURSE JUMP][TSO PROX] year=2025 day=Autumn | V max=0.019276 | PF max=0.221630 | ESS max=0.035675
    [RECOURSE COMPONENTS] gen=-7.524137e+07 | flex=+0.000000e+00 | load_curt=+0.000000e+00 | res_curt=+0.000000e+00 | ess_usage=+0.000000e+00 | slacks=+9.702958e-10 | ess_comp=-7.843521e-05
    [SLACK COMPONENTS] voltage=+9.702958e-10 | node_P=+0.000000e+00 | node_Q=+0.000000e+00 | branch_ij=+0.000000e+00 | branch_ji=+0.000000e+00 | flex_P=+0.000000e+00 | flex_Q=+0.000000e+00
    [SLACK COMPONENT CHECK] classified_delta=+9.702958e-10 | objective_slack_delta=+9.702958e-10 | mismatch=+0.000000e+00
    [RECOURSE COMPONENT CHECK] classified_delta=-7.524137e+07 | block_delta=-7.524137e+07 | mismatch=-1.490116e-08
  TSO node=None year=2030 day=Summer | previous=1.153589e+08 | current=5.107933e+07 | delta=-6.427961e+07 | abs_delta=6.427961e+07
    [RECOURSE JUMP][TSO PROX] year=2030 day=Summer | V max=0.012781 | PF max=0.220578 | ESS max=0.028755
    [RECOURSE COMPONENTS] gen=-6.427961e+07 | flex=+0.000000e+00 | load_curt=+0.000000e+00 | res_curt=+0.000000e+00 | ess_usage=+0.000000e+00 | slacks=+1.670415e-10 | ess_comp=-3.051297e-04
    [SLACK COMPONENTS] voltage=+1.670415e-10 | node_P=+0.000000e+00 | node_Q=+0.000000e+00 | branch_ij=+0.000000e+00 | branch_ji=+0.000000e+00 | flex_P=+0.000000e+00 | flex_Q=+0.000000e+00
    [SLACK COMPONENT CHECK] classified_delta=+1.670415e-10 | objective_slack_delta=+1.670415e-10 | mismatch=+0.000000e+00
    [RECOURSE COMPONENT CHECK] classified_delta=-6.427961e+07 | block_delta=-6.427961e+07 | mismatch=+1.490116e-08
  TSO node=None year=2035 day=Summer | previous=1.101247e+08 | current=4.675418e+07 | delta=-6.337052e+07 | abs_delta=6.337052e+07
    [RECOURSE JUMP][TSO PROX] year=2035 day=Summer | V max=0.022086 | PF max=0.265803 | ESS max=0.051781
    [RECOURSE COMPONENTS] gen=-6.337052e+07 | flex=+0.000000e+00 | load_curt=+0.000000e+00 | res_curt=+0.000000e+00 | ess_usage=+0.000000e+00 | slacks=-4.462208e-12 | ess_comp=-2.395668e-04
    [SLACK COMPONENTS] voltage=-4.462208e-12 | node_P=+0.000000e+00 | node_Q=+0.000000e+00 | branch_ij=+0.000000e+00 | branch_ji=+0.000000e+00 | flex_P=+0.000000e+00 | flex_Q=+0.000000e+00
    [SLACK COMPONENT CHECK] classified_delta=-4.462208e-12 | objective_slack_delta=-4.462208e-12 | mismatch=+0.000000e+00
    [RECOURSE COMPONENT CHECK] classified_delta=-6.337052e+07 | block_delta=-6.337052e+07 | mismatch=+0.000000e+00
  TSO node=None year=2030 day=Winter | previous=8.209197e+07 | current=3.866006e+07 | delta=-4.343191e+07 | abs_delta=4.343191e+07
    [RECOURSE JUMP][TSO PROX] year=2030 day=Winter | V max=0.014633 | PF max=0.154116 | ESS max=0.041419
    [RECOURSE COMPONENTS] gen=-4.343191e+07 | flex=+0.000000e+00 | load_curt=+0.000000e+00 | res_curt=+0.000000e+00 | ess_usage=+0.000000e+00 | slacks=-4.155964e-11 | ess_comp=-1.470085e-04
    [SLACK COMPONENTS] voltage=-4.155964e-11 | node_P=+0.000000e+00 | node_Q=+0.000000e+00 | branch_ij=+0.000000e+00 | branch_ji=+0.000000e+00 | flex_P=+0.000000e+00 | flex_Q=+0.000000e+00
    [SLACK COMPONENT CHECK] classified_delta=-4.155964e-11 | objective_slack_delta=-4.155964e-11 | mismatch=+0.000000e+00
    [RECOURSE COMPONENT CHECK] classified_delta=-4.343191e+07 | block_delta=-4.343191e+07 | mismatch=-1.490116e-08
  TSO node=None year=2035 day=Winter | previous=7.432345e+07 | current=3.708009e+07 | delta=-3.724335e+07 | abs_delta=3.724335e+07
    [RECOURSE JUMP][TSO PROX] year=2035 day=Winter | V max=0.016167 | PF max=0.128499 | ESS max=0.022768
    [RECOURSE COMPONENTS] gen=-3.724335e+07 | flex=+0.000000e+00 | load_curt=+0.000000e+00 | res_curt=+0.000000e+00 | ess_usage=+0.000000e+00 | slacks=+7.370744e-10 | ess_comp=-5.171108e-05
    [SLACK COMPONENTS] voltage=+7.370744e-10 | node_P=+0.000000e+00 | node_Q=+0.000000e+00 | branch_ij=+0.000000e+00 | branch_ji=+0.000000e+00 | flex_P=+0.000000e+00 | flex_Q=+0.000000e+00
    [SLACK COMPONENT CHECK] classified_delta=+7.370744e-10 | objective_slack_delta=+7.370744e-10 | mismatch=+0.000000e+00
    [RECOURSE COMPONENT CHECK] classified_delta=-3.724335e+07 | block_delta=-3.724335e+07 | mismatch=+1.490116e-08
[INFO]		 - Recourse stationarity failed. 845932257.610953 > 158685.507485
[ADMM RHO] V | primal max ratio=4.991 | primal mean ratio=15.801 | primal selected=15.801 | dual mean ratio=0.034 | increase threshold=5.0 | decrease threshold=5.0 | action=increased
[ADMM RHO BOYD] V | r=5.922894e-01 | s=2.492630e-03 | eps_pri=3.378654e-03 | eps_dual=2.941897e-04 | primal_ratio=1.753034e+02 | dual_ratio=8.472866e+00 | dual_ratio_balance=8.472866e+00 | rho_before=1.155000e-02 | rho_after=1.732500e-02 | gamma_before=0.000000e+00 | gamma_after=0.000000e+00 | action=increased
[ADMM RHO] PF | primal max ratio=19.411 | primal mean ratio=3.156 | primal selected=19.411 | dual mean ratio=1.644 | increase threshold=5.0 | decrease threshold=3.0 | action=decreased
[ADMM RHO BOYD] PF | r=4.655217e-01 | s=8.816442e-01 | eps_pri=1.291214e-03 | eps_dual=4.246814e-04 | primal_ratio=3.605303e+02 | dual_ratio=2.076013e+03 | dual_ratio_balance=2.076013e+03 | rho_before=1.980000e-01 | rho_after=1.320000e-01 | gamma_before=0.000000e+00 | gamma_after=0.000000e+00 | action=decreased
[ADMM RHO] ESS | primal max ratio=0.409 | primal mean ratio=0.234 | primal selected=0.409 | dual mean ratio=0.007 | increase threshold=5.0 | decrease threshold=5.0 | action=exempt (fixed)
[ADMM RHO BOYD] ESS | r=3.288322e-01 | s=9.368600e-03 | eps_pri=8.940289e-04 | eps_dual=7.213249e-04 | primal_ratio=3.678094e+02 | dual_ratio=1.298804e+01 | dual_ratio_balance=1.298804e+01 | rho_before=1.000000e-02 | rho_after=1.000000e-02 | gamma_before=0.000000e+00 | gamma_after=0.000000e+00 | action=exempt (fixed)
[INFO]		 - ADMM cycle 2 | Primal (V max/mean | PF max/mean | ESS max/mean) = 0.049909/0.015801 | 0.194106/0.003156 | 0.040949/0.002342 | Dual (V max/mean | PF max/mean | ESS max/mean) = 0.001274/0.000340 | 0.064029/0.016445 | 0.000447/0.000074 | Recourse change = 845932257.610953 (tol. 158685.507485) | Stable cycles = 0/10 | Penalty actions (V/PF/ESS) = increased/decreased/exempt (fixed)
[INFO] 	 - Iteration 2: 28.14 s
[WARNING] 	 - ADMM did NOT converge in 2 iterations!
[INFO] 	 - Execution time: 90.46 s
