14:22:42 [S44-SEL-AA] preconditions and references passed (campaign s44_selection_aa; cap 500; concurrency 3)
14:22:42 [S44-SEL-AA] frozen campaign spec: data/SRP1/Results/P515S44/campaign_s44_selection_aa/campaign_spec_s44_selection_aa_4135c8d4.json sha256=4135c8d44f4e067ec80e1f4516690aff16e565e1da7c60ace618d3e237668926
14:22:42 [S44-SEL-AA] campaign lock acquired: {'pid': 90615, 'campaign_id': 's44_selection_aa', 'campaign_spec_sha256': '4135c8d44f4e067ec80e1f4516690aff16e565e1da7c60ace618d3e237668926', 'started_utc': '2026-09-19T14:22:42.784717+00:00'}
14:22:42 [S44-HARNESS] launched paper_plan_aa_keep_memory (key d1a02e67107d0bac) pid=90626
14:22:42 [S44-HARNESS] launched node7_empty_aa_keep_memory (key e30704e6e4dd3765) pid=90627
14:22:42 [S44-HARNESS] launched two_c_star_aa_keep_memory (key 4e53fa5560bbfa10) pid=90628
14:22:42 [S44-HARNESS] heartbeat paper_plan_aa_keep_memory: 0s cycle=None; node7_empty_aa_keep_memory: 0s cycle=None; two_c_star_aa_keep_memory: 0s cycle=None
14:23:42 [S44-HARNESS] heartbeat paper_plan_aa_keep_memory: 60s cycle=None; node7_empty_aa_keep_memory: 60s cycle=None; two_c_star_aa_keep_memory: 60s cycle=None
14:24:42 [S44-HARNESS] heartbeat paper_plan_aa_keep_memory: 120s cycle=2; node7_empty_aa_keep_memory: 120s cycle=2; two_c_star_aa_keep_memory: 120s cycle=2
14:25:42 [S44-HARNESS] heartbeat paper_plan_aa_keep_memory: 180s cycle=4; node7_empty_aa_keep_memory: 180s cycle=4; two_c_star_aa_keep_memory: 180s cycle=4
14:26:42 [S44-HARNESS] heartbeat paper_plan_aa_keep_memory: 240s cycle=6; node7_empty_aa_keep_memory: 240s cycle=5; two_c_star_aa_keep_memory: 240s cycle=5
14:27:43 [S44-HARNESS] heartbeat paper_plan_aa_keep_memory: 300s cycle=8; node7_empty_aa_keep_memory: 300s cycle=7; two_c_star_aa_keep_memory: 300s cycle=7
14:28:43 [S44-HARNESS] heartbeat paper_plan_aa_keep_memory: 360s cycle=10; node7_empty_aa_keep_memory: 360s cycle=9; two_c_star_aa_keep_memory: 360s cycle=8
14:29:43 [S44-HARNESS] heartbeat paper_plan_aa_keep_memory: 420s cycle=11; node7_empty_aa_keep_memory: 420s cycle=10; two_c_star_aa_keep_memory: 420s cycle=10
14:30:43 [S44-HARNESS] heartbeat paper_plan_aa_keep_memory: 480s cycle=13; node7_empty_aa_keep_memory: 480s cycle=12; two_c_star_aa_keep_memory: 480s cycle=11
14:31:43 [S44-HARNESS] heartbeat paper_plan_aa_keep_memory: 540s cycle=15; node7_empty_aa_keep_memory: 540s cycle=14; two_c_star_aa_keep_memory: 540s cycle=13
14:32:43 [S44-HARNESS] heartbeat paper_plan_aa_keep_memory: 601s cycle=17; node7_empty_aa_keep_memory: 601s cycle=16; two_c_star_aa_keep_memory: 601s cycle=15
14:33:43 [S44-HARNESS] heartbeat paper_plan_aa_keep_memory: 661s cycle=19; node7_empty_aa_keep_memory: 661s cycle=17; two_c_star_aa_keep_memory: 661s cycle=16
14:34:43 [S44-HARNESS] heartbeat paper_plan_aa_keep_memory: 721s cycle=21; node7_empty_aa_keep_memory: 721s cycle=19; two_c_star_aa_keep_memory: 721s cycle=18
14:35:43 [S44-HARNESS] heartbeat paper_plan_aa_keep_memory: 781s cycle=23; node7_empty_aa_keep_memory: 781s cycle=21; two_c_star_aa_keep_memory: 781s cycle=19
14:36:43 [S44-HARNESS] heartbeat paper_plan_aa_keep_memory: 841s cycle=25; node7_empty_aa_keep_memory: 841s cycle=23; two_c_star_aa_keep_memory: 841s cycle=21
14:37:43 [S44-HARNESS] heartbeat paper_plan_aa_keep_memory: 901s cycle=27; node7_empty_aa_keep_memory: 901s cycle=24; two_c_star_aa_keep_memory: 901s cycle=22
14:38:43 [S44-HARNESS] heartbeat paper_plan_aa_keep_memory: 961s cycle=29; node7_empty_aa_keep_memory: 961s cycle=26; two_c_star_aa_keep_memory: 961s cycle=23
14:39:43 [S44-HARNESS] heartbeat paper_plan_aa_keep_memory: 1021s cycle=31; node7_empty_aa_keep_memory: 1021s cycle=28; two_c_star_aa_keep_memory: 1021s cycle=25
14:40:43 [S44-HARNESS] heartbeat paper_plan_aa_keep_memory: 1081s cycle=33; node7_empty_aa_keep_memory: 1081s cycle=30; two_c_star_aa_keep_memory: 1081s cycle=26
14:41:43 [S44-HARNESS] heartbeat paper_plan_aa_keep_memory: 1141s cycle=35; node7_empty_aa_keep_memory: 1141s cycle=32; two_c_star_aa_keep_memory: 1141s cycle=27
14:42:43 [S44-HARNESS] heartbeat paper_plan_aa_keep_memory: 1201s cycle=37; node7_empty_aa_keep_memory: 1201s cycle=34; two_c_star_aa_keep_memory: 1201s cycle=29
14:43:43 [S44-HARNESS] heartbeat paper_plan_aa_keep_memory: 1261s cycle=39; node7_empty_aa_keep_memory: 1261s cycle=36; two_c_star_aa_keep_memory: 1261s cycle=30
14:44:43 [S44-HARNESS] heartbeat paper_plan_aa_keep_memory: 1321s cycle=41; node7_empty_aa_keep_memory: 1321s cycle=37; two_c_star_aa_keep_memory: 1321s cycle=31
14:45:44 [S44-HARNESS] heartbeat paper_plan_aa_keep_memory: 1381s cycle=43; node7_empty_aa_keep_memory: 1381s cycle=39; two_c_star_aa_keep_memory: 1381s cycle=33
14:46:44 [S44-HARNESS] heartbeat paper_plan_aa_keep_memory: 1441s cycle=45; node7_empty_aa_keep_memory: 1441s cycle=41; two_c_star_aa_keep_memory: 1441s cycle=35
14:47:44 [S44-HARNESS] heartbeat paper_plan_aa_keep_memory: 1501s cycle=47; node7_empty_aa_keep_memory: 1501s cycle=43; two_c_star_aa_keep_memory: 1501s cycle=37
14:48:44 [S44-HARNESS] heartbeat paper_plan_aa_keep_memory: 1561s cycle=49; node7_empty_aa_keep_memory: 1561s cycle=45; two_c_star_aa_keep_memory: 1561s cycle=38
14:49:44 [S44-HARNESS] heartbeat paper_plan_aa_keep_memory: 1621s cycle=51; node7_empty_aa_keep_memory: 1621s cycle=47; two_c_star_aa_keep_memory: 1621s cycle=40
14:50:44 [S44-HARNESS] heartbeat paper_plan_aa_keep_memory: 1682s cycle=53; node7_empty_aa_keep_memory: 1682s cycle=49; two_c_star_aa_keep_memory: 1681s cycle=41
14:51:44 [S44-HARNESS] heartbeat paper_plan_aa_keep_memory: 1742s cycle=55; node7_empty_aa_keep_memory: 1742s cycle=51; two_c_star_aa_keep_memory: 1742s cycle=43
14:52:44 [S44-HARNESS] heartbeat paper_plan_aa_keep_memory: 1802s cycle=57; node7_empty_aa_keep_memory: 1802s cycle=53; two_c_star_aa_keep_memory: 1802s cycle=45
14:53:44 [S44-HARNESS] heartbeat paper_plan_aa_keep_memory: 1862s cycle=59; node7_empty_aa_keep_memory: 1862s cycle=55; two_c_star_aa_keep_memory: 1862s cycle=47
14:54:44 [S44-HARNESS] heartbeat paper_plan_aa_keep_memory: 1922s cycle=62; node7_empty_aa_keep_memory: 1922s cycle=57; two_c_star_aa_keep_memory: 1922s cycle=49
14:55:44 [S44-HARNESS] heartbeat paper_plan_aa_keep_memory: 1982s cycle=64; node7_empty_aa_keep_memory: 1982s cycle=59; two_c_star_aa_keep_memory: 1982s cycle=51
14:56:44 [S44-HARNESS] heartbeat paper_plan_aa_keep_memory: 2042s cycle=66; node7_empty_aa_keep_memory: 2042s cycle=61; two_c_star_aa_keep_memory: 2042s cycle=53
14:57:44 [S44-HARNESS] heartbeat paper_plan_aa_keep_memory: 2102s cycle=68; node7_empty_aa_keep_memory: 2102s cycle=63; two_c_star_aa_keep_memory: 2102s cycle=54
14:58:44 [S44-HARNESS] heartbeat paper_plan_aa_keep_memory: 2162s cycle=70; node7_empty_aa_keep_memory: 2162s cycle=65; two_c_star_aa_keep_memory: 2162s cycle=56
14:59:44 [S44-HARNESS] heartbeat paper_plan_aa_keep_memory: 2222s cycle=72; node7_empty_aa_keep_memory: 2222s cycle=67; two_c_star_aa_keep_memory: 2222s cycle=58
15:00:45 [S44-HARNESS] heartbeat paper_plan_aa_keep_memory: 2282s cycle=74; node7_empty_aa_keep_memory: 2282s cycle=69; two_c_star_aa_keep_memory: 2282s cycle=60
15:01:45 [S44-HARNESS] heartbeat paper_plan_aa_keep_memory: 2342s cycle=76; node7_empty_aa_keep_memory: 2342s cycle=71; two_c_star_aa_keep_memory: 2342s cycle=62
15:02:45 [S44-HARNESS] heartbeat paper_plan_aa_keep_memory: 2402s cycle=78; node7_empty_aa_keep_memory: 2402s cycle=73; two_c_star_aa_keep_memory: 2402s cycle=64
15:03:45 [S44-HARNESS] heartbeat paper_plan_aa_keep_memory: 2462s cycle=80; node7_empty_aa_keep_memory: 2462s cycle=75; two_c_star_aa_keep_memory: 2462s cycle=66
15:04:45 [S44-HARNESS] heartbeat paper_plan_aa_keep_memory: 2522s cycle=82; node7_empty_aa_keep_memory: 2522s cycle=77; two_c_star_aa_keep_memory: 2522s cycle=67
15:05:45 [S44-HARNESS] heartbeat paper_plan_aa_keep_memory: 2583s cycle=85; node7_empty_aa_keep_memory: 2583s cycle=79; two_c_star_aa_keep_memory: 2583s cycle=69
15:06:45 [S44-HARNESS] heartbeat paper_plan_aa_keep_memory: 2643s cycle=87; node7_empty_aa_keep_memory: 2643s cycle=81; two_c_star_aa_keep_memory: 2643s cycle=71
15:07:45 [S44-HARNESS] heartbeat paper_plan_aa_keep_memory: 2703s cycle=89; node7_empty_aa_keep_memory: 2703s cycle=83; two_c_star_aa_keep_memory: 2703s cycle=73
15:08:45 [S44-HARNESS] heartbeat paper_plan_aa_keep_memory: 2763s cycle=91; node7_empty_aa_keep_memory: 2763s cycle=85; two_c_star_aa_keep_memory: 2763s cycle=75
15:09:45 [S44-HARNESS] heartbeat paper_plan_aa_keep_memory: 2823s cycle=93; node7_empty_aa_keep_memory: 2823s cycle=87; two_c_star_aa_keep_memory: 2823s cycle=77
15:10:45 [S44-HARNESS] heartbeat paper_plan_aa_keep_memory: 2883s cycle=95; node7_empty_aa_keep_memory: 2883s cycle=89; two_c_star_aa_keep_memory: 2883s cycle=79
15:11:45 [S44-HARNESS] heartbeat paper_plan_aa_keep_memory: 2943s cycle=97; node7_empty_aa_keep_memory: 2943s cycle=91; two_c_star_aa_keep_memory: 2943s cycle=82
15:12:46 [S44-HARNESS] heartbeat paper_plan_aa_keep_memory: 3003s cycle=99; node7_empty_aa_keep_memory: 3003s cycle=93; two_c_star_aa_keep_memory: 3003s cycle=84
15:13:46 [S44-HARNESS] heartbeat paper_plan_aa_keep_memory: 3063s cycle=101; node7_empty_aa_keep_memory: 3063s cycle=95; two_c_star_aa_keep_memory: 3063s cycle=86
15:14:46 [S44-HARNESS] heartbeat paper_plan_aa_keep_memory: 3123s cycle=103; node7_empty_aa_keep_memory: 3123s cycle=97; two_c_star_aa_keep_memory: 3123s cycle=88
15:15:46 [S44-HARNESS] heartbeat paper_plan_aa_keep_memory: 3183s cycle=105; node7_empty_aa_keep_memory: 3183s cycle=99; two_c_star_aa_keep_memory: 3183s cycle=90
15:16:46 [S44-HARNESS] heartbeat paper_plan_aa_keep_memory: 3243s cycle=107; node7_empty_aa_keep_memory: 3243s cycle=101; two_c_star_aa_keep_memory: 3243s cycle=91
15:17:46 [S44-HARNESS] heartbeat paper_plan_aa_keep_memory: 3304s cycle=110; node7_empty_aa_keep_memory: 3304s cycle=103; two_c_star_aa_keep_memory: 3304s cycle=93
15:18:46 [S44-HARNESS] heartbeat paper_plan_aa_keep_memory: 3364s cycle=112; node7_empty_aa_keep_memory: 3364s cycle=105; two_c_star_aa_keep_memory: 3364s cycle=95
15:19:46 [S44-HARNESS] heartbeat paper_plan_aa_keep_memory: 3424s cycle=114; node7_empty_aa_keep_memory: 3424s cycle=107; two_c_star_aa_keep_memory: 3424s cycle=97
15:20:21 [S44-HARNESS] finished node7_empty_aa_keep_memory pid=90627 exit=0 status=certified wall=3459s
15:20:46 [S44-HARNESS] heartbeat paper_plan_aa_keep_memory: 3484s cycle=116; two_c_star_aa_keep_memory: 3484s cycle=99
15:21:21 [S44-HARNESS] finished paper_plan_aa_keep_memory pid=90626 exit=0 status=certified wall=3519s
15:21:46 [S44-HARNESS] heartbeat two_c_star_aa_keep_memory: 3544s cycle=101
15:22:46 [S44-HARNESS] heartbeat two_c_star_aa_keep_memory: 3604s cycle=103
15:23:46 [S44-HARNESS] heartbeat two_c_star_aa_keep_memory: 3664s cycle=106
15:24:46 [S44-HARNESS] heartbeat two_c_star_aa_keep_memory: 3724s cycle=108
15:25:46 [S44-HARNESS] heartbeat two_c_star_aa_keep_memory: 3784s cycle=110
15:26:46 [S44-HARNESS] heartbeat two_c_star_aa_keep_memory: 3844s cycle=112
15:27:46 [S44-HARNESS] heartbeat two_c_star_aa_keep_memory: 3904s cycle=114
15:28:46 [S44-HARNESS] heartbeat two_c_star_aa_keep_memory: 3964s cycle=117
15:29:46 [S44-HARNESS] heartbeat two_c_star_aa_keep_memory: 4024s cycle=119
15:30:47 [S44-HARNESS] heartbeat two_c_star_aa_keep_memory: 4084s cycle=121
15:31:47 [S44-HARNESS] heartbeat two_c_star_aa_keep_memory: 4144s cycle=123
15:32:47 [S44-HARNESS] heartbeat two_c_star_aa_keep_memory: 4204s cycle=126
15:33:47 [S44-HARNESS] heartbeat two_c_star_aa_keep_memory: 4264s cycle=128
15:34:47 [S44-HARNESS] heartbeat two_c_star_aa_keep_memory: 4325s cycle=130
15:35:47 [S44-HARNESS] heartbeat two_c_star_aa_keep_memory: 4385s cycle=133
15:36:47 [S44-HARNESS] heartbeat two_c_star_aa_keep_memory: 4445s cycle=135
15:37:47 [S44-HARNESS] heartbeat two_c_star_aa_keep_memory: 4505s cycle=137
15:38:47 [S44-HARNESS] heartbeat two_c_star_aa_keep_memory: 4565s cycle=140
15:39:47 [S44-HARNESS] heartbeat two_c_star_aa_keep_memory: 4625s cycle=142
15:40:47 [S44-HARNESS] heartbeat two_c_star_aa_keep_memory: 4685s cycle=144
15:41:47 [S44-HARNESS] heartbeat two_c_star_aa_keep_memory: 4745s cycle=146
15:42:47 [S44-HARNESS] heartbeat two_c_star_aa_keep_memory: 4805s cycle=148
15:43:47 [S44-HARNESS] heartbeat two_c_star_aa_keep_memory: 4865s cycle=150
15:44:48 [S44-HARNESS] heartbeat two_c_star_aa_keep_memory: 4925s cycle=153
15:45:48 [S44-HARNESS] heartbeat two_c_star_aa_keep_memory: 4985s cycle=155
15:46:48 [S44-HARNESS] heartbeat two_c_star_aa_keep_memory: 5046s cycle=157
15:47:48 [S44-HARNESS] heartbeat two_c_star_aa_keep_memory: 5106s cycle=160
15:48:48 [S44-HARNESS] heartbeat two_c_star_aa_keep_memory: 5166s cycle=161
15:49:48 [S44-HARNESS] heartbeat two_c_star_aa_keep_memory: 5226s cycle=164
15:50:48 [S44-HARNESS] heartbeat two_c_star_aa_keep_memory: 5286s cycle=166
15:51:48 [S44-HARNESS] heartbeat two_c_star_aa_keep_memory: 5346s cycle=168
15:52:48 [S44-HARNESS] heartbeat two_c_star_aa_keep_memory: 5406s cycle=170
15:53:49 [S44-HARNESS] heartbeat two_c_star_aa_keep_memory: 5466s cycle=172
15:54:49 [S44-HARNESS] heartbeat two_c_star_aa_keep_memory: 5526s cycle=175
15:55:49 [S44-HARNESS] heartbeat two_c_star_aa_keep_memory: 5586s cycle=177
15:56:49 [S44-HARNESS] heartbeat two_c_star_aa_keep_memory: 5647s cycle=179
15:57:34 [S44-HARNESS] finished two_c_star_aa_keep_memory pid=90628 exit=0 status=certified wall=5692s
15:57:34 [S44-SEL-AA] campaign lock released
15:57:35 [S44-SEL-AA] C_star: D cycle=139 AA status=certified cycle=107 AA<D=True (b)=True (c)=True (d)=True pc=evaluated cost D=650966975.2943751 AA=650982939.9389359
15:57:35 [S44-SEL-AA] paper_plan: D cycle=139 AA status=certified cycle=116 AA<D=True (b)=True (c)=True (d)=True pc=evaluated cost D=653029766.9858261 AA=653029455.3871639
15:57:35 [S44-SEL-AA] node7_empty: D cycle=136 AA status=certified cycle=107 AA<D=True (b)=True (c)=True (d)=True pc=evaluated cost D=651900014.159667 AA=651918540.6013606
15:57:35 [S44-SEL-AA] two_c_star: D cycle=187 AA status=certified cycle=180 AA<D=True (b)=True (c)=True (d)=True pc=evaluated cost D=648138276.7714801 AA=648151169.4759747
15:57:35 [S44-SEL-AA] adoption (mechanical reading): AA adopted; failing: []
15:57:35 [S44-SEL-AA] parent guard {'permitted_solve': 0, 'permitted_exec': 0, 'blocked_solve': 0, 'blocked_exec': 0} verify0_failures=[]
15:57:35 [S44-SEL-AA] OK
