09:35:30 [S44-GATE] preconditions passed (no legacy/campaign lock, no forbidden process, fresh root, production + harness + case file clean in git, D reference present)
09:35:30 [S44-GATE] frozen campaign spec: data/SRP1/Results/P515S44/campaign_s44_gate/campaign_spec_s44_gate_4047b4e3.json sha256=4047b4e3f1852c3616a80ad26f2d43f2aa4b333847e447fb5b9323fb3bce7f33
09:35:30 [S44-GATE] campaign lock acquired: {'pid': 32620, 'campaign_id': 's44_gate', 'campaign_spec_sha256': '4047b4e3f1852c3616a80ad26f2d43f2aa4b333847e447fb5b9323fb3bce7f33', 'started_utc': '2026-09-19T09:35:30.081487+00:00'}
09:35:30 [S44-HARNESS] launched c_star (key 578636daa6d6360d) pid=32631
09:35:30 [S44-HARNESS] launched paper_plan (key d1a02e67107d0bac) pid=32632
09:35:30 [S44-HARNESS] launched node7_empty (key e30704e6e4dd3765) pid=32633
09:35:30 [S44-HARNESS] heartbeat c_star: 0s cycle=None; paper_plan: 0s cycle=None; node7_empty: 0s cycle=None
09:36:30 [S44-HARNESS] heartbeat c_star: 60s cycle=None; paper_plan: 60s cycle=None; node7_empty: 60s cycle=None
09:37:30 [S44-HARNESS] heartbeat c_star: 120s cycle=2; paper_plan: 120s cycle=2; node7_empty: 120s cycle=2
09:38:30 [S44-HARNESS] heartbeat c_star: 180s cycle=3; paper_plan: 180s cycle=4; node7_empty: 180s cycle=3
09:39:30 [S44-HARNESS] heartbeat c_star: 240s cycle=4; paper_plan: 240s cycle=5; node7_empty: 240s cycle=5
09:40:30 [S44-HARNESS] heartbeat c_star: 300s cycle=6; paper_plan: 300s cycle=7; node7_empty: 300s cycle=7
09:41:30 [S44-HARNESS] heartbeat c_star: 360s cycle=8; paper_plan: 360s cycle=9; node7_empty: 360s cycle=9
09:42:30 [S44-HARNESS] heartbeat c_star: 420s cycle=9; paper_plan: 420s cycle=11; node7_empty: 420s cycle=10
09:43:30 [S44-HARNESS] heartbeat c_star: 481s cycle=10; paper_plan: 481s cycle=13; node7_empty: 481s cycle=12
09:44:30 [S44-HARNESS] heartbeat c_star: 541s cycle=11; paper_plan: 541s cycle=15; node7_empty: 541s cycle=13
09:45:30 [S44-HARNESS] heartbeat c_star: 601s cycle=13; paper_plan: 601s cycle=16; node7_empty: 601s cycle=15
09:46:30 [S44-HARNESS] heartbeat c_star: 661s cycle=14; paper_plan: 661s cycle=18; node7_empty: 661s cycle=16
09:47:31 [S44-HARNESS] heartbeat c_star: 721s cycle=15; paper_plan: 721s cycle=20; node7_empty: 721s cycle=18
09:48:31 [S44-HARNESS] heartbeat c_star: 781s cycle=17; paper_plan: 781s cycle=22; node7_empty: 781s cycle=20
09:49:31 [S44-HARNESS] heartbeat c_star: 841s cycle=18; paper_plan: 841s cycle=24; node7_empty: 841s cycle=21
09:50:31 [S44-HARNESS] heartbeat c_star: 901s cycle=20; paper_plan: 901s cycle=26; node7_empty: 901s cycle=23
09:51:31 [S44-HARNESS] heartbeat c_star: 961s cycle=21; paper_plan: 961s cycle=28; node7_empty: 961s cycle=25
09:52:31 [S44-HARNESS] heartbeat c_star: 1021s cycle=23; paper_plan: 1021s cycle=30; node7_empty: 1021s cycle=27
09:53:31 [S44-HARNESS] heartbeat c_star: 1081s cycle=25; paper_plan: 1081s cycle=32; node7_empty: 1081s cycle=29
09:54:31 [S44-HARNESS] heartbeat c_star: 1141s cycle=26; paper_plan: 1141s cycle=34; node7_empty: 1141s cycle=31
09:55:31 [S44-HARNESS] heartbeat c_star: 1201s cycle=28; paper_plan: 1201s cycle=36; node7_empty: 1201s cycle=33
09:56:31 [S44-HARNESS] heartbeat c_star: 1261s cycle=30; paper_plan: 1261s cycle=38; node7_empty: 1261s cycle=35
09:57:31 [S44-HARNESS] heartbeat c_star: 1322s cycle=32; paper_plan: 1322s cycle=40; node7_empty: 1322s cycle=36
09:58:31 [S44-HARNESS] heartbeat c_star: 1382s cycle=34; paper_plan: 1382s cycle=42; node7_empty: 1382s cycle=38
09:59:31 [S44-HARNESS] heartbeat c_star: 1442s cycle=35; paper_plan: 1442s cycle=44; node7_empty: 1442s cycle=40
10:00:31 [S44-HARNESS] heartbeat c_star: 1502s cycle=37; paper_plan: 1502s cycle=46; node7_empty: 1502s cycle=42
10:01:31 [S44-HARNESS] heartbeat c_star: 1562s cycle=39; paper_plan: 1562s cycle=48; node7_empty: 1562s cycle=44
10:02:32 [S44-HARNESS] heartbeat c_star: 1622s cycle=41; paper_plan: 1622s cycle=50; node7_empty: 1622s cycle=46
10:03:32 [S44-HARNESS] heartbeat c_star: 1682s cycle=42; paper_plan: 1682s cycle=52; node7_empty: 1682s cycle=48
10:04:32 [S44-HARNESS] heartbeat c_star: 1742s cycle=44; paper_plan: 1742s cycle=54; node7_empty: 1742s cycle=50
10:05:32 [S44-HARNESS] heartbeat c_star: 1802s cycle=46; paper_plan: 1802s cycle=56; node7_empty: 1802s cycle=52
10:06:32 [S44-HARNESS] heartbeat c_star: 1862s cycle=48; paper_plan: 1862s cycle=58; node7_empty: 1862s cycle=54
10:07:32 [S44-HARNESS] heartbeat c_star: 1922s cycle=50; paper_plan: 1922s cycle=60; node7_empty: 1922s cycle=56
10:08:32 [S44-HARNESS] heartbeat c_star: 1982s cycle=52; paper_plan: 1982s cycle=62; node7_empty: 1982s cycle=58
10:09:32 [S44-HARNESS] heartbeat c_star: 2042s cycle=53; paper_plan: 2042s cycle=64; node7_empty: 2042s cycle=60
10:10:32 [S44-HARNESS] heartbeat c_star: 2102s cycle=55; paper_plan: 2102s cycle=67; node7_empty: 2102s cycle=62
10:11:32 [S44-HARNESS] heartbeat c_star: 2162s cycle=57; paper_plan: 2162s cycle=69; node7_empty: 2162s cycle=64
10:12:32 [S44-HARNESS] heartbeat c_star: 2223s cycle=59; paper_plan: 2223s cycle=71; node7_empty: 2223s cycle=66
10:13:32 [S44-HARNESS] heartbeat c_star: 2283s cycle=61; paper_plan: 2283s cycle=73; node7_empty: 2283s cycle=68
10:14:32 [S44-HARNESS] heartbeat c_star: 2343s cycle=63; paper_plan: 2343s cycle=75; node7_empty: 2343s cycle=70
10:15:32 [S44-HARNESS] heartbeat c_star: 2403s cycle=65; paper_plan: 2403s cycle=77; node7_empty: 2403s cycle=72
10:16:32 [S44-HARNESS] heartbeat c_star: 2463s cycle=67; paper_plan: 2463s cycle=79; node7_empty: 2463s cycle=74
10:17:32 [S44-HARNESS] heartbeat c_star: 2523s cycle=69; paper_plan: 2523s cycle=81; node7_empty: 2523s cycle=76
10:18:32 [S44-HARNESS] heartbeat c_star: 2583s cycle=71; paper_plan: 2583s cycle=84; node7_empty: 2583s cycle=78
10:19:32 [S44-HARNESS] heartbeat c_star: 2643s cycle=73; paper_plan: 2643s cycle=86; node7_empty: 2643s cycle=80
10:20:33 [S44-HARNESS] heartbeat c_star: 2703s cycle=75; paper_plan: 2703s cycle=88; node7_empty: 2703s cycle=82
10:21:33 [S44-HARNESS] heartbeat c_star: 2763s cycle=77; paper_plan: 2763s cycle=90; node7_empty: 2763s cycle=84
10:22:33 [S44-HARNESS] heartbeat c_star: 2823s cycle=79; paper_plan: 2823s cycle=92; node7_empty: 2823s cycle=86
10:23:33 [S44-HARNESS] heartbeat c_star: 2883s cycle=81; paper_plan: 2883s cycle=94; node7_empty: 2883s cycle=88
10:24:33 [S44-HARNESS] heartbeat c_star: 2943s cycle=83; paper_plan: 2943s cycle=97; node7_empty: 2943s cycle=90
10:25:33 [S44-HARNESS] heartbeat c_star: 3003s cycle=85; paper_plan: 3003s cycle=99; node7_empty: 3003s cycle=91
10:26:33 [S44-HARNESS] heartbeat c_star: 3063s cycle=87; paper_plan: 3063s cycle=101; node7_empty: 3063s cycle=93
10:27:33 [S44-HARNESS] heartbeat c_star: 3123s cycle=89; paper_plan: 3123s cycle=103; node7_empty: 3123s cycle=95
10:28:33 [S44-HARNESS] heartbeat c_star: 3183s cycle=91; paper_plan: 3183s cycle=105; node7_empty: 3183s cycle=98
10:29:33 [S44-HARNESS] heartbeat c_star: 3243s cycle=93; paper_plan: 3243s cycle=107; node7_empty: 3243s cycle=100
10:30:33 [S44-HARNESS] heartbeat c_star: 3303s cycle=95; paper_plan: 3303s cycle=109; node7_empty: 3303s cycle=102
10:31:33 [S44-HARNESS] heartbeat c_star: 3364s cycle=97; paper_plan: 3364s cycle=112; node7_empty: 3364s cycle=104
10:32:33 [S44-HARNESS] heartbeat c_star: 3424s cycle=98; paper_plan: 3424s cycle=114; node7_empty: 3424s cycle=106
10:33:33 [S44-HARNESS] heartbeat c_star: 3484s cycle=100; paper_plan: 3484s cycle=116; node7_empty: 3484s cycle=108
10:34:33 [S44-HARNESS] heartbeat c_star: 3544s cycle=102; paper_plan: 3544s cycle=118; node7_empty: 3544s cycle=110
10:35:34 [S44-HARNESS] heartbeat c_star: 3604s cycle=104; paper_plan: 3604s cycle=120; node7_empty: 3604s cycle=112
10:36:34 [S44-HARNESS] heartbeat c_star: 3664s cycle=106; paper_plan: 3664s cycle=122; node7_empty: 3664s cycle=114
10:37:34 [S44-HARNESS] heartbeat c_star: 3724s cycle=108; paper_plan: 3724s cycle=124; node7_empty: 3724s cycle=116
10:38:34 [S44-HARNESS] heartbeat c_star: 3784s cycle=110; paper_plan: 3784s cycle=126; node7_empty: 3784s cycle=118
10:39:34 [S44-HARNESS] heartbeat c_star: 3844s cycle=112; paper_plan: 3844s cycle=128; node7_empty: 3844s cycle=120
10:40:34 [S44-HARNESS] heartbeat c_star: 3904s cycle=114; paper_plan: 3904s cycle=130; node7_empty: 3904s cycle=122
10:41:34 [S44-HARNESS] heartbeat c_star: 3965s cycle=115; paper_plan: 3965s cycle=132; node7_empty: 3965s cycle=124
10:42:34 [S44-HARNESS] heartbeat c_star: 4025s cycle=117; paper_plan: 4025s cycle=134; node7_empty: 4025s cycle=126
10:43:34 [S44-HARNESS] heartbeat c_star: 4085s cycle=119; paper_plan: 4085s cycle=137; node7_empty: 4085s cycle=128
10:44:34 [S44-HARNESS] heartbeat c_star: 4145s cycle=121; paper_plan: 4145s cycle=139; node7_empty: 4145s cycle=130
10:44:39 [S44-HARNESS] finished paper_plan pid=32632 exit=0 status=certified wall=4150s
10:45:35 [S44-HARNESS] heartbeat c_star: 4205s cycle=123; node7_empty: 4205s cycle=132
10:46:35 [S44-HARNESS] heartbeat c_star: 4265s cycle=125; node7_empty: 4265s cycle=134
10:47:15 [S44-HARNESS] finished node7_empty pid=32633 exit=0 status=certified wall=4305s
10:47:35 [S44-HARNESS] heartbeat c_star: 4325s cycle=126
10:48:35 [S44-HARNESS] heartbeat c_star: 4385s cycle=128
10:49:35 [S44-HARNESS] heartbeat c_star: 4445s cycle=130
10:50:35 [S44-HARNESS] heartbeat c_star: 4505s cycle=132
10:51:35 [S44-HARNESS] heartbeat c_star: 4565s cycle=135
10:52:35 [S44-HARNESS] heartbeat c_star: 4625s cycle=137
10:53:35 [S44-HARNESS] finished c_star pid=32631 exit=0 status=certified wall=4685s
10:53:35 [S44-GATE] campaign lock released
10:53:41 [S44-GATE] c_star: {'label': 'c_star', 'key': '578636daa6d6360d', 'status': 'certified', 'barrier': False, 'barrier_cause': None, 'certification_cycle': 139, 'cycles_run': 139, 'certified_cost_gross': 650966975.2943751, 'terminal_gross_operational_cost': 650966975.2943751, 'bar': 7898.630394935608, 'first_pass_cycle_per_channel': {'v': 48, 'pf': 125, 'ess': 75}, 'terminal_ratios_per_channel': {'v': {'primal': 0.02648052047989279, 'dual': 0.1859283130688646, 'max': 0.1859283130688646}, 'pf': {'primal': 0.4856937179495164, 'dual': 0.24193185786440197, 'max': 0.4856937179495164}, 'ess': {'primal': 0.7861991344785002, 'dual': 0.3336932863092828, 'max': 0.7861991344785002}}, 'rule_ten_terminal_step_over_threshold': 0.048107756712259725, 'settlement_remainder': 36679.078142642975, 'local_solve_failures': 0, 'network_failures_classes': {'recovered_tier1': 37, 'recovered_tier2': 1, 'unrecovered': 0, 'not_attempted': 0, 'indeterminate': 0, 'recovered': 38}, 'peak_rss': {'units': 'bytes on macOS/BSD, kilobytes on Linux (ru_maxrss)', 'child_python_process_ru_maxrss': 2345844736, 'production_state_peak_rss_ru_maxrss': 2345844736, 'solver_subprocesses_max_ru_maxrss': 52756480, 'semantics': "child_python_process = RUSAGE_SELF of the evaluation process at record time (the evaluation's own peak); production_state = the same measure taken by production at the end of run_operational_planning; solver_subprocesses = RUSAGE_CHILDREN max over the IPOPT executables this evaluation launched"}, 'wall_time_s': {'child_process_s': 4680.617321014404, 'run_admm_arm_s': 4666.193145036697, 'run_admm_arm_reported_wall_clock_s': 4665.239454984665}, 'parent_view': {'exit_code': 0, 'wall_s': 4685.4832236766815, 'wait4_ru_maxrss': 2345844736}, 'campaign_spec_sha256': '4047b4e3f1852c3616a80ad26f2d43f2aa4b333847e447fb5b9323fb3bce7f33'}
10:53:41 [S44-GATE] c_star vs D: totals_by_class={'provenance': 3, 'aa_new_field': 1668, 'known_tie_break': 208, 'candidate_specification_provenance': 4, 'genuine': 43} all_artifacts_present=True scalar={'cycles_run': {'mine': 139, 'D': 139, 'match': True}, 'gross_operational_cost': {'mine': 650966975.2943751, 'D': 650966975.2943751, 'match': True}} instance_equivalent=True
10:53:41 [S44-GATE] companion paper_plan: {'label': 'paper_plan', 'key': 'd1a02e67107d0bac', 'status': 'certified', 'barrier': False, 'barrier_cause': None, 'certification_cycle': 139, 'cycles_run': 139, 'certified_cost_gross': 653029766.9858261, 'terminal_gross_operational_cost': 653029766.9858261, 'bar': 661.5779943466187, 'first_pass_cycle_per_channel': {'v': 47, 'pf': 119, 'ess': 69}, 'terminal_ratios_per_channel': {'v': {'primal': 0.013517636638899218, 'dual': 0.1893923271438617, 'max': 0.1893923271438617}, 'pf': {'primal': 0.7953634509212719, 'dual': 0.24713694374329867, 'max': 0.7953634509212719}, 'ess': {'primal': 0.5295103654586135, 'dual': 0.3687792694197491, 'max': 0.5295103654586135}}, 'rule_ten_terminal_step_over_threshold': 0.007984572210787532, 'settlement_remainder': -1907.4222853183746, 'local_solve_failures': 0, 'network_failures_classes': {'recovered_tier1': 31, 'recovered_tier2': 1, 'unrecovered': 0, 'not_attempted': 0, 'indeterminate': 0, 'recovered': 32}, 'peak_rss': {'units': 'bytes on macOS/BSD, kilobytes on Linux (ru_maxrss)', 'child_python_process_ru_maxrss': 2376548352, 'production_state_peak_rss_ru_maxrss': 2376548352, 'solver_subprocesses_max_ru_maxrss': 55820288, 'semantics': "child_python_process = RUSAGE_SELF of the evaluation process at record time (the evaluation's own peak); production_state = the same measure taken by production at the end of run_operational_planning; solver_subprocesses = RUSAGE_CHILDREN max over the IPOPT executables this evaluation launched"}, 'wall_time_s': {'child_process_s': 4143.51242184639, 'run_admm_arm_s': 4129.100588083267, 'run_admm_arm_reported_wall_clock_s': 4128.062694787979}, 'parent_view': {'exit_code': 0, 'wall_s': 4149.899104118347, 'wait4_ru_maxrss': 2376548352}, 'campaign_spec_sha256': '4047b4e3f1852c3616a80ad26f2d43f2aa4b333847e447fb5b9323fb3bce7f33'}
10:53:41 [S44-GATE] companion node7_empty: {'label': 'node7_empty', 'key': 'e30704e6e4dd3765', 'status': 'certified', 'barrier': False, 'barrier_cause': None, 'certification_cycle': 136, 'cycles_run': 136, 'certified_cost_gross': 651900014.159667, 'terminal_gross_operational_cost': 651900014.159667, 'bar': 9104.680594921112, 'first_pass_cycle_per_channel': {'v': 48, 'pf': 127, 'ess': 67}, 'terminal_ratios_per_channel': {'v': {'primal': 0.019988937867477182, 'dual': 0.1976445812898555, 'max': 0.1976445812898555}, 'pf': {'primal': 0.7517395628747152, 'dual': 0.2753650491158101, 'max': 0.7517395628747152}, 'ess': {'primal': 0.8858891742092456, 'dual': 0.3221168298662955, 'max': 0.8858891742092456}}, 'rule_ten_terminal_step_over_threshold': 0.005818703356698558, 'settlement_remainder': 58639.33902382851, 'local_solve_failures': 0, 'network_failures_classes': {'recovered_tier1': 25, 'recovered_tier2': 0, 'unrecovered': 0, 'not_attempted': 0, 'indeterminate': 0, 'recovered': 25}, 'peak_rss': {'units': 'bytes on macOS/BSD, kilobytes on Linux (ru_maxrss)', 'child_python_process_ru_maxrss': 2383642624, 'production_state_peak_rss_ru_maxrss': 2383642624, 'solver_subprocesses_max_ru_maxrss': 57442304, 'semantics': "child_python_process = RUSAGE_SELF of the evaluation process at record time (the evaluation's own peak); production_state = the same measure taken by production at the end of run_operational_planning; solver_subprocesses = RUSAGE_CHILDREN max over the IPOPT executables this evaluation launched"}, 'wall_time_s': {'child_process_s': 4297.921983957291, 'run_admm_arm_s': 4283.509649753571, 'run_admm_arm_reported_wall_clock_s': 4282.505534887314}, 'parent_view': {'exit_code': 0, 'wall_s': 4305.118220090866, 'wait4_ru_maxrss': 2383642624}, 'campaign_spec_sha256': '4047b4e3f1852c3616a80ad26f2d43f2aa4b333847e447fb5b9323fb3bce7f33'}
10:53:41 [S44-GATE] spec sha256 in every record: True; parent guard {'permitted_solve': 0, 'permitted_exec': 0, 'blocked_solve': 0, 'blocked_exec': 0} verify0_failures=[]
10:53:41 [S44-GATE] GATE FAIL
