[S44-PNZ] ===== candidate c_star: {5: (0.96875, 3.875), 7: (0.96875, 3.875), 9: (0.96875, 3.875)} =====
[INFO] 		 - Distribution Network node 5...
[INFO] 		 - Distribution Network node 7...
[INFO] 		 - Distribution Network node 9...
[INFO] 		 - Transmission Network...
[ADMM ESSO AL SCALE] mode=sigma_over_median_block_weight | sigma=9.363536e+07 | median_block_weight=4.121075e+02 | al_scale_esso=2.272110e+05
[ADMM RHO] V | primal max ratio=0.000 | primal mean ratio=0.000 | primal selected=0.000 | dual mean ratio=0.000 | increase threshold=5.0 | decrease threshold=5.0 | action=held after solver failure
[ADMM RHO BOYD] V | r=0.000000e+00 | s=0.000000e+00 | eps_pri=3.233326e-03 | eps_dual=2.939388e-04 | primal_ratio=0.000000e+00 | dual_ratio=0.000000e+00 | dual_ratio_balance=0.000000e+00 | rho_before=7.700000e-03 | rho_after=7.700000e-03 | gamma_before=0.000000e+00 | gamma_after=0.000000e+00 | action=held after solver failure
[ADMM RHO] PF | primal max ratio=0.000 | primal mean ratio=0.000 | primal selected=0.000 | dual mean ratio=0.000 | increase threshold=5.0 | decrease threshold=3.0 | action=held after solver failure
[ADMM RHO BOYD] PF | r=0.000000e+00 | s=0.000000e+00 | eps_pri=4.156922e-04 | eps_dual=4.156922e-04 | primal_ratio=0.000000e+00 | dual_ratio=0.000000e+00 | dual_ratio_balance=0.000000e+00 | rho_before=1.980000e-01 | rho_after=1.980000e-01 | gamma_before=0.000000e+00 | gamma_after=0.000000e+00 | action=held after solver failure
[ADMM RHO] ESS | primal max ratio=0.000 | primal mean ratio=0.000 | primal selected=0.000 | dual mean ratio=0.000 | increase threshold=5.0 | decrease threshold=5.0 | action=exempt (fixed)
[ADMM RHO BOYD] ESS | r=0.000000e+00 | s=0.000000e+00 | eps_pri=7.200000e-04 | eps_dual=7.200000e-04 | primal_ratio=0.000000e+00 | dual_ratio=0.000000e+00 | dual_ratio_balance=0.000000e+00 | rho_before=1.000000e-02 | rho_after=1.000000e-02 | gamma_before=0.000000e+00 | gamma_after=0.000000e+00 | action=exempt (fixed)
[S31 Part 3] component_levels_terminal.json written: /Users/micaelsimoes/Projects/share-resource-planning-no_esso-degradation/data/SRP1/Results/P515S44/per_node_zero_check/evaluators/c_star/component_levels_terminal.json
[S31C Part 3] interface_settlement_detail_s31c.json written: /Users/micaelsimoes/Projects/share-resource-planning-no_esso-degradation/data/SRP1/Results/P515S44/per_node_zero_check/evaluators/c_star/interface_settlement_detail_s31c.json
[S33E2] interface_voltage_terminal.json written: /Users/micaelsimoes/Projects/share-resource-planning-no_esso-degradation/data/SRP1/Results/P515S44/per_node_zero_check/evaluators/c_star/interface_voltage_terminal.json
[S35REF] boyd_terminal.json written: /Users/micaelsimoes/Projects/share-resource-planning-no_esso-degradation/data/SRP1/Results/P515S44/per_node_zero_check/evaluators/c_star/boyd_terminal.json
[S44-PNZ] ===== candidate paper_plan: {5: (0.0, 0.0), 7: (1.62, 3.24), 9: (0.0, 0.0)} =====
[INFO] 		 - Distribution Network node 5...
[INFO] 		 - Distribution Network node 7...
[INFO] 		 - Distribution Network node 9...
[INFO] 		 - Transmission Network...
[ADMM ESSO AL SCALE] mode=sigma_over_median_block_weight | sigma=9.363536e+07 | median_block_weight=4.121075e+02 | al_scale_esso=2.272110e+05
[ADMM RHO] V | primal max ratio=0.000 | primal mean ratio=0.000 | primal selected=0.000 | dual mean ratio=0.000 | increase threshold=5.0 | decrease threshold=5.0 | action=held after solver failure
[ADMM RHO BOYD] V | r=0.000000e+00 | s=0.000000e+00 | eps_pri=3.233326e-03 | eps_dual=2.939388e-04 | primal_ratio=0.000000e+00 | dual_ratio=0.000000e+00 | dual_ratio_balance=0.000000e+00 | rho_before=7.700000e-03 | rho_after=7.700000e-03 | gamma_before=0.000000e+00 | gamma_after=0.000000e+00 | action=held after solver failure
[ADMM RHO] PF | primal max ratio=0.000 | primal mean ratio=0.000 | primal selected=0.000 | dual mean ratio=0.000 | increase threshold=5.0 | decrease threshold=3.0 | action=held after solver failure
[ADMM RHO BOYD] PF | r=0.000000e+00 | s=0.000000e+00 | eps_pri=4.156922e-04 | eps_dual=4.156922e-04 | primal_ratio=0.000000e+00 | dual_ratio=0.000000e+00 | dual_ratio_balance=0.000000e+00 | rho_before=1.980000e-01 | rho_after=1.980000e-01 | gamma_before=0.000000e+00 | gamma_after=0.000000e+00 | action=held after solver failure
[ADMM RHO] ESS | primal max ratio=0.000 | primal mean ratio=0.000 | primal selected=0.000 | dual mean ratio=0.000 | increase threshold=5.0 | decrease threshold=5.0 | action=exempt (fixed)
[ADMM RHO BOYD] ESS | r=0.000000e+00 | s=0.000000e+00 | eps_pri=7.200000e-04 | eps_dual=7.200000e-04 | primal_ratio=0.000000e+00 | dual_ratio=0.000000e+00 | dual_ratio_balance=0.000000e+00 | rho_before=1.000000e-02 | rho_after=1.000000e-02 | gamma_before=0.000000e+00 | gamma_after=0.000000e+00 | action=exempt (fixed)
[S31 Part 3] component_levels_terminal.json written: /Users/micaelsimoes/Projects/share-resource-planning-no_esso-degradation/data/SRP1/Results/P515S44/per_node_zero_check/evaluators/paper_plan/component_levels_terminal.json
[S31C Part 3] interface_settlement_detail_s31c.json written: /Users/micaelsimoes/Projects/share-resource-planning-no_esso-degradation/data/SRP1/Results/P515S44/per_node_zero_check/evaluators/paper_plan/interface_settlement_detail_s31c.json
[S33E2] interface_voltage_terminal.json written: /Users/micaelsimoes/Projects/share-resource-planning-no_esso-degradation/data/SRP1/Results/P515S44/per_node_zero_check/evaluators/paper_plan/interface_voltage_terminal.json
[S35REF] boyd_terminal.json written: /Users/micaelsimoes/Projects/share-resource-planning-no_esso-degradation/data/SRP1/Results/P515S44/per_node_zero_check/evaluators/paper_plan/boyd_terminal.json
[S44-PNZ] ===== candidate node7_empty: {5: (0.96875, 3.875), 7: (0.0, 0.0), 9: (0.96875, 3.875)} =====
[INFO] 		 - Distribution Network node 5...
[INFO] 		 - Distribution Network node 7...
[INFO] 		 - Distribution Network node 9...
[INFO] 		 - Transmission Network...
[ADMM ESSO AL SCALE] mode=sigma_over_median_block_weight | sigma=9.363536e+07 | median_block_weight=4.121075e+02 | al_scale_esso=2.272110e+05
[ADMM RHO] V | primal max ratio=0.000 | primal mean ratio=0.000 | primal selected=0.000 | dual mean ratio=0.000 | increase threshold=5.0 | decrease threshold=5.0 | action=held after solver failure
[ADMM RHO BOYD] V | r=0.000000e+00 | s=0.000000e+00 | eps_pri=3.233326e-03 | eps_dual=2.939388e-04 | primal_ratio=0.000000e+00 | dual_ratio=0.000000e+00 | dual_ratio_balance=0.000000e+00 | rho_before=7.700000e-03 | rho_after=7.700000e-03 | gamma_before=0.000000e+00 | gamma_after=0.000000e+00 | action=held after solver failure
[ADMM RHO] PF | primal max ratio=0.000 | primal mean ratio=0.000 | primal selected=0.000 | dual mean ratio=0.000 | increase threshold=5.0 | decrease threshold=3.0 | action=held after solver failure
[ADMM RHO BOYD] PF | r=0.000000e+00 | s=0.000000e+00 | eps_pri=4.156922e-04 | eps_dual=4.156922e-04 | primal_ratio=0.000000e+00 | dual_ratio=0.000000e+00 | dual_ratio_balance=0.000000e+00 | rho_before=1.980000e-01 | rho_after=1.980000e-01 | gamma_before=0.000000e+00 | gamma_after=0.000000e+00 | action=held after solver failure
[ADMM RHO] ESS | primal max ratio=0.000 | primal mean ratio=0.000 | primal selected=0.000 | dual mean ratio=0.000 | increase threshold=5.0 | decrease threshold=5.0 | action=exempt (fixed)
[ADMM RHO BOYD] ESS | r=0.000000e+00 | s=0.000000e+00 | eps_pri=7.200000e-04 | eps_dual=7.200000e-04 | primal_ratio=0.000000e+00 | dual_ratio=0.000000e+00 | dual_ratio_balance=0.000000e+00 | rho_before=1.000000e-02 | rho_after=1.000000e-02 | gamma_before=0.000000e+00 | gamma_after=0.000000e+00 | action=exempt (fixed)
[S31 Part 3] component_levels_terminal.json written: /Users/micaelsimoes/Projects/share-resource-planning-no_esso-degradation/data/SRP1/Results/P515S44/per_node_zero_check/evaluators/node7_empty/component_levels_terminal.json
[S31C Part 3] interface_settlement_detail_s31c.json written: /Users/micaelsimoes/Projects/share-resource-planning-no_esso-degradation/data/SRP1/Results/P515S44/per_node_zero_check/evaluators/node7_empty/interface_settlement_detail_s31c.json
[S33E2] interface_voltage_terminal.json written: /Users/micaelsimoes/Projects/share-resource-planning-no_esso-degradation/data/SRP1/Results/P515S44/per_node_zero_check/evaluators/node7_empty/interface_voltage_terminal.json
[S35REF] boyd_terminal.json written: /Users/micaelsimoes/Projects/share-resource-planning-no_esso-degradation/data/SRP1/Results/P515S44/per_node_zero_check/evaluators/node7_empty/boyd_terminal.json
[S44-PNZ] verdict items: {
 "c_star": {
  "no_exception": true,
  "map_honoured": true,
  "zero_nodes_zero_total_capacity": true,
  "zero_nodes_esso_all_cohorts_inactive": true,
  "positive_nodes_esso_2025_cohort_active": true,
  "zero_nodes_network_gate_inactive_every_block": true,
  "positive_nodes_network_gate_active_every_block": true,
  "s_ref_all_sites_all_nodes": true,
  "consensus_entries_present_finite": true,
  "residual_metrics_finite": true,
  "boyd_metrics_finite": true,
  "sidecars_written_finite": true,
  "capture_esso_finite": true,
  "zero_nodes_efc_none_not_error": true,
  "terminal_evaluators_ok": true,
  "c_star_map_equals_uniform": true
 },
 "paper_plan": {
  "no_exception": true,
  "map_honoured": true,
  "zero_nodes_zero_total_capacity": true,
  "zero_nodes_esso_all_cohorts_inactive": true,
  "positive_nodes_esso_2025_cohort_active": true,
  "zero_nodes_network_gate_inactive_every_block": true,
  "positive_nodes_network_gate_active_every_block": true,
  "s_ref_all_sites_all_nodes": true,
  "consensus_entries_present_finite": true,
  "residual_metrics_finite": true,
  "boyd_metrics_finite": true,
  "sidecars_written_finite": true,
  "capture_esso_finite": true,
  "zero_nodes_efc_none_not_error": true,
  "terminal_evaluators_ok": true
 },
 "node7_empty": {
  "no_exception": true,
  "map_honoured": true,
  "zero_nodes_zero_total_capacity": true,
  "zero_nodes_esso_all_cohorts_inactive": true,
  "positive_nodes_esso_2025_cohort_active": true,
  "zero_nodes_network_gate_inactive_every_block": true,
  "positive_nodes_network_gate_active_every_block": true,
  "s_ref_all_sites_all_nodes": true,
  "consensus_entries_present_finite": true,
  "residual_metrics_finite": true,
  "boyd_metrics_finite": true,
  "sidecars_written_finite": true,
  "capture_esso_finite": true,
  "zero_nodes_efc_none_not_error": true,
  "terminal_evaluators_ok": true
 }
}
[S44-PNZ] structural_evaluability_pass=True guard={'permitted_solve': 0, 'permitted_exec': 0, 'blocked_solve': 0, 'blocked_exec': 0} guard_verify_0_failures=[]
