[S39 preflight D] preconditions passed (no lock, no forbidden process, fresh output dir)
[INFO] 		 - Transmission Network...
[P5.15 S39 s39_D] mode=preflight_v2 capture-path pre-flight passed: {'tso_total_gen_cost': True, 'tso_total_flex_cost': True, 'tso_total_load_curt_cost': True, 'tso_total_gen_curt_penalty': True, 'tso_total_ess_utilization_cost_penalty': True, 'tso_slack_flex_q_balance_up_present': True, 'mch_adn_interface_flexibility_cost': True, 'mch_gen_curtailment_definitional_value': True, 'mch_ess_complementarity_bilinear_value': True, 'mch_load_is_tso_adn_interface': True, 'srp_get_local_detector_components': True, 'srp_get_operational_recourse_components': True, 'srp_get_admm_block_weight': True, 'esso_get_feasibility_violation': True, 'tso_detector_components_evaluate': True, 'tso_adn_interface_flex_cost_evaluate': True, 'tso_interface_delta_p_present': True, 'tso_interface_delta_q_present': True, 'tso_interface_settlement_present': True, 'tso_interface_settlement_weight_present': True, 'tso_expected_interface_pf_p_will_exist_after_admm_setup': True, 'dso_interface_settlement_present': True, 'dso_interface_settlement_weight_present': True, 'srp_get_interface_reporting_detail': True, 'srp_get_operational_interface_settlement_blocks': True, 'srp_get_local_interface_settlement': True, 's39_spec_file_hash_matches': True, 's39_spec_file_hash_observed': 'f1b2b9999101fc69be89d7eb1e265cfc9b6f3e81c5c0602e9d81b15101076f10', 's39_predecessor_spec_sha256_matches_s38': True, 'boyd_eps_source_is_case_file': True, 'boyd_eps_abs_is_1e-5': True, 'boyd_eps_rel_is_1e-4': True, 'objective_scale_is_93635360': True, 'objective_scale_source_is_case_file': True, 'objective_scale_assert_factor_at_least_1': True, 'al_scale_esso_present': True, 'al_scale_esso_mode_is_sigma_over_median_block_weight': True, 'shared_ess_reference_rating_mva_is_2p5': True, 'rho_v_pf_ess_matches_spec_v10_base': True, 'rho_snapshot': {'v': {'case9': 0.0077, 'case33_1': 0.0077, 'case33_2': 0.0077, 'case33_3': 0.0077}, 'pf': {'case9': 0.198, 'case33_1': 0.198, 'case33_2': 0.198, 'case33_3': 0.198}, 'ess': {'case9': 0.01, 'case33_1': 0.01, 'case33_2': 0.01, 'case33_3': 0.01, 'esso': 0.01}}, 'balancing_exempt_channels_matches_arm': True, 'balancing_exempt_channels_source_is_override': True, 'balancing_exempt_until_matches_arm': True, 'balancing_exempt_until_source_is_override': True, 'srp_update_admm_penalties_accepts_balancing_exempt_until_in_source': True, 'srp_update_admm_penalties_has_exemption_lifted_label_in_source': True, 'srp_init_admm_freeze_state_has_exempt_until_fields_in_source': True, 'admm_parameters_validates_exempt_until_overlap_in_source': True, 'freeze_after_unchanged_cycles_is_10': True, 'freeze_backstop_cycle_is_200': True, 'minimum_consecutive_converged_cycles_is_10': True, 'shared_ess_initialization_is_standalone': True, 'shared_ess_initialization_source_is_override': True, 'gamma_policy_is_tied_to_rho': True, 'tau_in_force_is_0p0': True, 'prox_gamma_v_mutable_in_source': True, 'srp_get_admm_boyd_residual_metrics': True, 'boyd_field_r_in_source': True, 'boyd_field_s_in_source': True, 'boyd_field_s_rho_part_in_source': True, 'boyd_field_s_proximal_part_in_source': True, 'boyd_field_eps_pri_in_source': True, 'boyd_field_eps_dual_in_source': True, 'boyd_field_norm_x_in_source': True, 'boyd_field_norm_z_in_source': True, 'boyd_field_norm_y_in_source': True, 'boyd_field_primal_ratio_in_source': True, 'boyd_field_dual_ratio_in_source': True, 'boyd_field_dual_ratio_balance_in_source': True, 'admm_diagnostics_key_boyd_v_r_present': True, 'admm_diagnostics_key_boyd_v_s_present': True, 'admm_diagnostics_key_boyd_v_s_rho_part_present': True, 'admm_diagnostics_key_boyd_v_s_proximal_part_present': True, 'admm_diagnostics_key_boyd_v_proximal_share_present': True, 'admm_diagnostics_key_boyd_v_eps_pri_present': True, 'admm_diagnostics_key_boyd_v_eps_dual_present': True, 'admm_diagnostics_key_boyd_v_norm_x_present': True, 'admm_diagnostics_key_boyd_v_norm_z_present': True, 'admm_diagnostics_key_boyd_v_norm_y_present': True, 'admm_diagnostics_key_boyd_v_primal_ratio_present': True, 'admm_diagnostics_key_boyd_v_dual_ratio_present': True, 'admm_diagnostics_key_boyd_v_dual_ratio_balance_present': True, 'admm_diagnostics_key_boyd_v_primal_pass_present': True, 'admm_diagnostics_key_boyd_v_dual_pass_present': True, 'admm_diagnostics_key_boyd_v_channel_pass_present': True, 'admm_diagnostics_key_boyd_pf_r_present': True, 'admm_diagnostics_key_boyd_pf_s_present': True, 'admm_diagnostics_key_boyd_pf_s_rho_part_present': True, 'admm_diagnostics_key_boyd_pf_s_proximal_part_present': True, 'admm_diagnostics_key_boyd_pf_eps_pri_present': True, 'admm_diagnostics_key_boyd_pf_eps_dual_present': True, 'admm_diagnostics_key_boyd_pf_norm_x_present': True, 'admm_diagnostics_key_boyd_pf_norm_z_present': True, 'admm_diagnostics_key_boyd_pf_norm_y_present': True, 'admm_diagnostics_key_boyd_pf_primal_ratio_present': True, 'admm_diagnostics_key_boyd_pf_dual_ratio_present': True, 'admm_diagnostics_key_boyd_pf_dual_ratio_balance_present': True, 'admm_diagnostics_key_boyd_pf_channel_pass_present': True, 'admm_diagnostics_key_boyd_ess_r_present': True, 'admm_diagnostics_key_boyd_ess_s_present': True, 'admm_diagnostics_key_boyd_ess_s_rho_part_present': True, 'admm_diagnostics_key_boyd_ess_s_proximal_part_present': True, 'admm_diagnostics_key_boyd_ess_eps_pri_present': True, 'admm_diagnostics_key_boyd_ess_eps_dual_present': True, 'admm_diagnostics_key_boyd_ess_norm_x_present': True, 'admm_diagnostics_key_boyd_ess_norm_z_present': True, 'admm_diagnostics_key_boyd_ess_norm_y_present': True, 'admm_diagnostics_key_boyd_ess_norm_y_tso_present': True, 'admm_diagnostics_key_boyd_ess_norm_y_dso_present': True, 'admm_diagnostics_key_boyd_ess_norm_y_esso_present': True, 'admm_diagnostics_key_boyd_ess_primal_ratio_present': True, 'admm_diagnostics_key_boyd_ess_dual_ratio_present': True, 'admm_diagnostics_key_boyd_ess_dual_ratio_balance_present': True, 'admm_diagnostics_key_boyd_ess_channel_pass_present': True, 'admm_diagnostics_key_boyd_all_pass_present': True, 'admm_diagnostics_key_boyd_stop_present': True, 'admm_diagnostics_key_boyd_eps_abs_present': True, 'admm_diagnostics_key_boyd_eps_rel_present': True, 'admm_diagnostics_key_boyd_eps_source_present': True, 'admm_diagnostics_key_rho_v_before_present': True, 'admm_diagnostics_key_rho_v_after_present': True, 'admm_diagnostics_key_rho_v_action_present': True, 'admm_diagnostics_key_rho_pf_before_present': True, 'admm_diagnostics_key_rho_pf_after_present': True, 'admm_diagnostics_key_rho_pf_action_present': True, 'admm_diagnostics_key_rho_ess_before_present': True, 'admm_diagnostics_key_rho_ess_after_present': True, 'admm_diagnostics_key_rho_ess_action_present': True, 'admm_diagnostics_key_objective_change_ratio_present': True, 'admm_diagnostics_key_objective_change_abs_present': True, 'admm_diagnostics_key_objective_tolerance_present': True, 'admm_diagnostics_key_gap_proxy_G_present': True, 'admm_diagnostics_key_gap_proxy_G_reason_present': True, 'admm_diagnostics_key_gap_proxy_Q_present': True, 'admm_diagnostics_key_gap_proxy_G_over_Q_present': True, 'admm_diagnostics_key_recourse_present': True, 'admm_diagnostics_key_gross_operational_cost_present': True, 'admm_diagnostics_key_gamma_v_before_present': True, 'admm_diagnostics_key_gamma_v_after_present': True, 'admm_diagnostics_key_gamma_pf_before_present': True, 'admm_diagnostics_key_gamma_pf_after_present': True, 'admm_diagnostics_key_gamma_ess_before_present': True, 'admm_diagnostics_key_gamma_ess_after_present': True, 'admm_diagnostics_key_rho_freeze_active_present': True, 'admm_diagnostics_key_freeze_after_cycle_present': True, 'admm_diagnostics_key_gamma_policy_present': True, 'admm_diagnostics_key_gamma_tau_present': True, 'admm_diagnostics_key_sigma_fixed_present': True, 'admm_diagnostics_key_sigma_computed_present': True, 'admm_diagnostics_key_al_scale_esso_present': True, 'admm_diagnostics_key_shared_ess_reference_rating_mva_present': True, 'admm_diagnostics_key_freeze_after_unchanged_cycles_present': True, 'admm_diagnostics_key_freeze_backstop_cycle_present': True, 'admm_diagnostics_key_rho_frozen_v_present': True, 'admm_diagnostics_key_rho_frozen_pf_present': True, 'admm_diagnostics_key_rho_frozen_ess_present': True, 'admm_diagnostics_key_rho_unchanged_streak_v_present': True, 'admm_diagnostics_key_rho_unchanged_streak_pf_present': True, 'admm_diagnostics_key_rho_unchanged_streak_ess_present': True, 'admm_diagnostics_key_rho_at_clamp_v_present': True, 'admm_diagnostics_key_rho_at_clamp_pf_present': True, 'admm_diagnostics_key_rho_at_clamp_ess_present': True, 'admm_diagnostics_key_efc_per_day_max_present': True, 'admm_diagnostics_key_balancing_exempt_v_present': True, 'admm_diagnostics_key_balancing_exempt_pf_present': True, 'admm_diagnostics_key_balancing_exempt_ess_present': True, 'srp_get_admm_efc_per_day_max_callable': True, 'write_interface_voltage_terminal_callable': True, 'write_component_levels_terminal_callable': True, 'write_interface_settlement_detail_s31c_callable': True, 'capture_per_entry_ess_x_z_stride_1_in_source': True, 'capture_efc_per_day_per_node_in_source': True, 'capture_ess_action_label_field_rho_ess_action_present': True, 's34_capture_hooks_callable': True, 's35ref_capture_hooks_callable': True, 'write_boyd_terminal_s35ref_callable': True, 's38_pf_capture_hooks_callable': True, 'pf_capture_asserts_identity_raises_on_failure': True, 's39_exempt_until_capture_hooks_callable': True, 's39_exempt_until_capture_wraps_update_admm_penalties_in_source': True, 's39_exempt_until_capture_reads_returned_freeze_state_in_source': True, 'working_dir_ids_disjoint_between_modes': True, 'working_dir_ids_by_mode': {'real': {'precheck': 'p515s39_d_precheck_real', 'probe': 'p515s39_s39_D_tso_probe_checklist_real', 'run': 'p515s39_d_arm_real'}, 'preflight': {'precheck': 'p515s39_d_precheck_preflight', 'probe': 'p515s39_s39_D_tso_probe_checklist_preflight', 'run': 'p515s39_d_arm_preflight'}}, 'this_call_mode_ids': {'precheck': 'p515s39_d_precheck_preflight_v2', 'probe': 'p515s39_s39_D_tso_probe_checklist_preflight_v2', 'run': 'p515s39_d_arm_preflight_v2'}, 'this_call_mode_is_valid': True, 'prox_gamma_v_pf_ess_in_built_tso_model_matches_expected': True, 'prox_gamma_expected': {'v': 0.0, 'pf': 0.0, 'ess': 0.0}, 'prox_gamma_observed_sample': {'2025_Spring': {'v': 0.0, 'pf': 0.0, 'ess': 0.0}, '2025_Summer': {'v': 0.0, 'pf': 0.0, 'ess': 0.0}, '2025_Autumn': {'v': 0.0, 'pf': 0.0, 'ess': 0.0}, '2025_Winter': {'v': 0.0, 'pf': 0.0, 'ess': 0.0}, '2030_Spring': {'v': 0.0, 'pf': 0.0, 'ess': 0.0}, '2030_Summer': {'v': 0.0, 'pf': 0.0, 'ess': 0.0}, '2030_Autumn': {'v': 0.0, 'pf': 0.0, 'ess': 0.0}, '2030_Winter': {'v': 0.0, 'pf': 0.0, 'ess': 0.0}, '2035_Spring': {'v': 0.0, 'pf': 0.0, 'ess': 0.0}, '2035_Summer': {'v': 0.0, 'pf': 0.0, 'ess': 0.0}, '2035_Autumn': {'v': 0.0, 'pf': 0.0, 'ess': 0.0}, '2035_Winter': {'v': 0.0, 'pf': 0.0, 'ess': 0.0}}, 's35ref_g_baseline_reference_exists': True, 'spec_v10_cost_bar_run1_cost_present': True, 'spec_v10_cost_bar_run1_max_step_last10_present': True, 'active_distribution_network_nodes_nonempty': True, 'soh_floor_rows_identified_pre_solve': True, 'soh_floor_identification_error': None, 'soh_floor_row_counts_by_node': {5: 6, 7: 6, 9: 6}, 'soh_floor_row_count_uniform_across_nodes': True, 'cap_is_300': True}
[P5.15 S39 s39_D] cap=2, mode=preflight_v2, objective rel=1e-4 (diagnostic), adaptive on, rho: v=0.0077, pf=0.198, ess=0.01 (fixed, every network + esso); tau=0.0 (source override, not case file); balancing_exempt_channels=[] (source=p515s39_override_not_case_file); balancing_exempt_until={'ess': {'dual_ratio_below': 1.0, 'consecutive_cycles': 5}} (source=p515s39_override_not_case_file); shared_ess_initialization=standalone (source=p515s39_override_not_case_file); boyd eps_abs=1e-5, eps_rel=1e-4; gamma_policy=tied_to_rho; freeze_after_unchanged_cycles=10; freeze_backstop_cycle=200; minimum_consecutive_converged_cycles=10; soh_floor_row_counts_by_node={5: 6, 7: 6, 9: 6}; launch_condition=after C has exited; never concurrently
[INFO] Running OPERATIONAL PLANNING (DISTRIBUTED)...
[INFO]	 - Initializing...
[INFO] 		 - Distribution Network node 5...
[INFO] 			 - Running SMOPF, Network case33_1, 2025, Spring...
[INFO] 			 - Running SMOPF, Network case33_1, 2025, Summer...
[INFO] 			 - Running SMOPF, Network case33_1, 2025, Autumn...
[INFO] 			 - Running SMOPF, Network case33_1, 2025, Winter...
[INFO] 			 - Running SMOPF, Network case33_1, 2030, Spring...
[INFO] 			 - Running SMOPF, Network case33_1, 2030, Summer...
[INFO] 			 - Running SMOPF, Network case33_1, 2030, Autumn...
[INFO] 			 - Running SMOPF, Network case33_1, 2030, Winter...
[INFO] 			 - Running SMOPF, Network case33_1, 2035, Spring...
[INFO] 			 - Running SMOPF, Network case33_1, 2035, Summer...
[INFO] 			 - Running SMOPF, Network case33_1, 2035, Autumn...
[INFO] 			 - Running SMOPF, Network case33_1, 2035, Winter...
[INFO] 		 - Distribution Network node 7...
[INFO] 			 - Running SMOPF, Network case33_2, 2025, Spring...
[INFO] 			 - Running SMOPF, Network case33_2, 2025, Summer...
[INFO] 			 - Running SMOPF, Network case33_2, 2025, Autumn...
[INFO] 			 - Running SMOPF, Network case33_2, 2025, Winter...
[INFO] 			 - Running SMOPF, Network case33_2, 2030, Spring...
[INFO] 			 - Running SMOPF, Network case33_2, 2030, Summer...
[INFO] 			 - Running SMOPF, Network case33_2, 2030, Autumn...
[INFO] 			 - Running SMOPF, Network case33_2, 2030, Winter...
[INFO] 			 - Running SMOPF, Network case33_2, 2035, Spring...
[INFO] 			 - Running SMOPF, Network case33_2, 2035, Summer...
[INFO] 			 - Running SMOPF, Network case33_2, 2035, Autumn...
[INFO] 			 - Running SMOPF, Network case33_2, 2035, Winter...
[INFO] 		 - Distribution Network node 9...
[INFO] 			 - Running SMOPF, Network case33_3, 2025, Spring...
[INFO] 			 - Running SMOPF, Network case33_3, 2025, Summer...
[INFO] 			 - Running SMOPF, Network case33_3, 2025, Autumn...
[INFO] 			 - Running SMOPF, Network case33_3, 2025, Winter...
[INFO] 			 - Running SMOPF, Network case33_3, 2030, Spring...
[INFO] 			 - Running SMOPF, Network case33_3, 2030, Summer...
[INFO] 			 - Running SMOPF, Network case33_3, 2030, Autumn...
[INFO] 			 - Running SMOPF, Network case33_3, 2030, Winter...
[INFO] 			 - Running SMOPF, Network case33_3, 2035, Spring...
[INFO] 			 - Running SMOPF, Network case33_3, 2035, Summer...
[INFO] 			 - Running SMOPF, Network case33_3, 2035, Autumn...
[INFO] 			 - Running SMOPF, Network case33_3, 2035, Winter...
[INFO] 		 - Transmission Network...
[INFO] 			 - Running SMOPF, Network case9, 2025, Spring...
[INFO] 			 - Running SMOPF, Network case9, 2025, Summer...
[INFO] 			 - Running SMOPF, Network case9, 2025, Autumn...
[INFO] 			 - Running SMOPF, Network case9, 2025, Winter...
[INFO] 			 - Running SMOPF, Network case9, 2030, Spring...
[INFO] 			 - Running SMOPF, Network case9, 2030, Summer...
[INFO] 			 - Running SMOPF, Network case9, 2030, Autumn...
[INFO] 			 - Running SMOPF, Network case9, 2030, Winter...
[INFO] 			 - Running SMOPF, Network case9, 2035, Spring...
[INFO] 			 - Running SMOPF, Network case9, 2035, Summer...
[INFO] 			 - Running SMOPF, Network case9, 2035, Autumn...
[INFO] 			 - Running SMOPF, Network case9, 2035, Winter...
[INFO] 		 - Running Shared ESS optimization (subproblem)...
[INFO] 			 - Node 5...
[INFO] Shared ESS complementarity diagnostics for ESS node=5: ratio_max=8.663330e-06 n_periods=288 mu_final=1.497458e-11 s_obj=1.000000e-01 eps=1.000000e-05 bound=4.312679e-03 measured=2.312858e-03
[INFO] 			 - Node 7...
[INFO] Shared ESS complementarity diagnostics for ESS node=7: ratio_max=8.664933e-06 n_periods=288 mu_final=1.499878e-11 s_obj=1.000000e-01 eps=1.000000e-05 bound=4.319650e-03 measured=2.305958e-03
[INFO] 			 - Node 9...
[INFO] Shared ESS complementarity diagnostics for ESS node=9: ratio_max=8.662105e-06 n_periods=288 mu_final=1.497387e-11 s_obj=1.000000e-01 eps=1.000000e-05 bound=4.312474e-03 measured=2.313052e-03
[ADMM OF SCALE] n=48 | min=2.430192e+07 | median=4.563872e+07 | max=9.363536e+07 | selected=9.363536e+07
[ADMM OF SCALE] Largest weighted objectives:
  TSO node=None year=2035 day=Winter | base=-9.363536e+07 | scenario=0.000000e+00 | total=-9.363536e+07
  TSO node=None year=2030 day=Autumn | base=-8.831557e+07 | scenario=0.000000e+00 | total=-8.831557e+07
  TSO node=None year=2030 day=Winter | base=-7.463930e+07 | scenario=0.000000e+00 | total=-7.463930e+07
  TSO node=None year=2035 day=Spring | base=-6.233022e+07 | scenario=0.000000e+00 | total=-6.233022e+07
  TSO node=None year=2035 day=Summer | base=-5.846825e+07 | scenario=0.000000e+00 | total=-5.846825e+07
  TSO node=None year=2035 day=Autumn | base=-5.808004e+07 | scenario=0.000000e+00 | total=-5.808004e+07
  TSO node=None year=2030 day=Summer | base=-5.747069e+07 | scenario=0.000000e+00 | total=-5.747069e+07
  DSO node=7 year=2035 day=Spring | base=5.722320e+07 | scenario=0.000000e+00 | total=5.722320e+07
  DSO node=9 year=2025 day=Winter | base=5.578761e+07 | scenario=0.000000e+00 | total=5.578761e+07
  DSO node=5 year=2035 day=Spring | base=5.561607e+07 | scenario=0.000000e+00 | total=5.561607e+07
[ADMM OF SCALE] Fixed sigma in force sigma_fixed=9.363536e+07 | sigma_computed=9.363536e+07 | ratio=1.000000e+00 | assert_factor=3.000
[ADMM ESSO AL SCALE] mode=sigma_over_median_block_weight | sigma=9.363536e+07 | median_block_weight=4.121075e+02 | al_scale_esso=2.272110e+05
[INFO] 	 - ADMM Iteration 1
[INFO] 		 - Updating distribution networks:
[INFO] 			 - Running SMOPF, Network case33_1, 2025, Spring...
[INFO] 			 - Running SMOPF, Network case33_1, 2025, Summer...
[INFO] 			 - Running SMOPF, Network case33_1, 2025, Autumn...
[INFO] 			 - Running SMOPF, Network case33_1, 2025, Winter...
[INFO] 			 - Running SMOPF, Network case33_1, 2030, Spring...
[INFO] 			 - Running SMOPF, Network case33_1, 2030, Summer...
[INFO] 			 - Running SMOPF, Network case33_1, 2030, Autumn...
[INFO] 			 - Running SMOPF, Network case33_1, 2030, Winter...
[INFO] 			 - Running SMOPF, Network case33_1, 2035, Spring...
[INFO] 			 - Running SMOPF, Network case33_1, 2035, Summer...
[INFO] 			 - Running SMOPF, Network case33_1, 2035, Autumn...
[INFO] 			 - Running SMOPF, Network case33_1, 2035, Winter...
[INFO] 			 - Running SMOPF, Network case33_2, 2025, Spring...
[INFO] 			 - Running SMOPF, Network case33_2, 2025, Summer...
[INFO] 			 - Running SMOPF, Network case33_2, 2025, Autumn...
[INFO] 			 - Running SMOPF, Network case33_2, 2025, Winter...
[INFO] 			 - Running SMOPF, Network case33_2, 2030, Spring...
[INFO] 			 - Running SMOPF, Network case33_2, 2030, Summer...
[INFO] 			 - Running SMOPF, Network case33_2, 2030, Autumn...
[INFO] 			 - Running SMOPF, Network case33_2, 2030, Winter...
[INFO] 			 - Running SMOPF, Network case33_2, 2035, Spring...
[INFO] 			 - Running SMOPF, Network case33_2, 2035, Summer...
[INFO] 			 - Running SMOPF, Network case33_2, 2035, Autumn...
[INFO] 			 - Running SMOPF, Network case33_2, 2035, Winter...
[INFO] 			 - Running SMOPF, Network case33_3, 2025, Spring...
[INFO] 			 - Running SMOPF, Network case33_3, 2025, Summer...
[INFO] 			 - Running SMOPF, Network case33_3, 2025, Autumn...
[INFO] 			 - Running SMOPF, Network case33_3, 2025, Winter...
[INFO] 			 - Running SMOPF, Network case33_3, 2030, Spring...
[INFO] 			 - Running SMOPF, Network case33_3, 2030, Summer...
[INFO] 			 - Running SMOPF, Network case33_3, 2030, Autumn...
[INFO] 			 - Running SMOPF, Network case33_3, 2030, Winter...
[INFO] 			 - Running SMOPF, Network case33_3, 2035, Spring...
[INFO] 			 - Running SMOPF, Network case33_3, 2035, Summer...
[INFO] 			 - Running SMOPF, Network case33_3, 2035, Autumn...
[INFO] 			 - Running SMOPF, Network case33_3, 2035, Winter...
[INFO] 		 - Updating transmission network...
[INFO] 			 - Running SMOPF, Network case9, 2025, Spring...
[INFO] 			 - Running SMOPF, Network case9, 2025, Summer...
[INFO] 			 - Running SMOPF, Network case9, 2025, Autumn...
[INFO] 			 - Running SMOPF, Network case9, 2025, Winter...
[INFO] 			 - Running SMOPF, Network case9, 2030, Spring...
[INFO] 			 - Running SMOPF, Network case9, 2030, Summer...
[INFO] 			 - Running SMOPF, Network case9, 2030, Autumn...
[INFO] 			 - Running SMOPF, Network case9, 2030, Winter...
[INFO] 			 - Running SMOPF, Network case9, 2035, Spring...
[INFO] 			 - Running SMOPF, Network case9, 2035, Summer...
[INFO] 			 - Running SMOPF, Network case9, 2035, Autumn...
[INFO] 			 - Running SMOPF, Network case9, 2035, Winter...
[TSO PROX] cycle=1 | updated_blocks=12 | held_failed_blocks=0 | V max=0.084652 | PF max=0.549710 | ESS max=0.127345
[TSO PROX][V MAX] node=5, year=2035, day=Summer, period=22 | dV=29.204784 kV | normalized=0.084652
[TSO PROX][PF MAX] node=5, year=2025, day=Spring, period=9, type=P | delta=109.941947 MW | normalized=0.549710
[TSO PROX][ESS MAX] node=5, year=2025, day=Autumn, period=18, type=P | delta=0.636726 MW | normalized=0.127345
[INFO] 		 - Updating SharedESS...
[INFO] 		 - Running Shared ESS optimization (subproblem)...
[INFO] 			 - Node 5...
[INFO] Shared ESS complementarity diagnostics for ESS node=5: ratio_max=9.338863e-06 n_periods=288 mu_final=1.197520e-11 s_obj=1.000000e-01 eps=1.000000e-05 bound=3.448859e-03 measured=3.002143e-03
[INFO] 			 - Node 7...
[INFO] Shared ESS complementarity diagnostics for ESS node=7: ratio_max=9.392658e-06 n_periods=288 mu_final=1.090586e-11 s_obj=1.000000e-01 eps=1.000000e-05 bound=3.140887e-03 measured=3.164456e-03
[INFO] 			 - Node 9...
[INFO] Shared ESS complementarity diagnostics for ESS node=9: ratio_max=9.373477e-06 n_periods=288 mu_final=1.126412e-11 s_obj=1.000000e-01 eps=1.000000e-05 bound=3.244067e-03 measured=3.283780e-03
[DIAG][V MAX] node=5, year=2035, day=Summer, period=22 | TSO=373.045955 kV, DSO=342.682360 kV, diff=30.363595 kV, base=345.000000 kV, normalized=0.088010, rho(TSO/DSO)=0.007700/0.007700
[DIAG][PF MAX] node=5, year=2035, day=Summer, period=22, type=P | TSO=102.784983 MW, DSO=32.265354 MW, diff=70.519629 MW, rating=200.000000 MVA, normalized=0.352598, rho(TSO/DSO)=0.198000/0.198000
[INFO]		 - interface Vmag max primal residual failed. 0.088010 > 0.010000
[INFO]		 - interface Vmag mean primal residual failed. 0.032598 > 0.001000
[INFO]		 - interface PF max primal residual failed. 0.352598 > 0.010000
[INFO]		 - interface PF mean primal residual failed. 0.143476 > 0.001000
[INFO]		 - interface PF mean dual residual failed. 0.034626 > 0.010000
[INFO]		 - Recourse stationarity requires one previous successful cycle.
[ADMM RHO] V | primal max ratio=8.801 | primal mean ratio=32.598 | primal selected=32.598 | dual mean ratio=0.014 | increase threshold=5.0 | decrease threshold=5.0 | action=increased
[ADMM RHO BOYD] V | r=1.085291e+00 | s=7.981864e-03 | eps_pri=3.319081e-03 | eps_dual=2.947370e-04 | primal_ratio=3.269855e+02 | dual_ratio=2.708131e+01 | dual_ratio_balance=2.708131e+01 | rho_before=7.700000e-03 | rho_after=1.155000e-02 | gamma_before=0.000000e+00 | gamma_after=0.000000e+00 | action=increased
[ADMM RHO] PF | primal max ratio=35.260 | primal mean ratio=143.476 | primal selected=143.476 | dual mean ratio=3.463 | increase threshold=5.0 | decrease threshold=3.0 | action=held
[ADMM RHO BOYD] PF | r=6.648838e+00 | s=2.030228e+00 | eps_pri=1.619218e-03 | eps_dual=4.208293e-04 | primal_ratio=4.106203e+03 | dual_ratio=4.824351e+03 | dual_ratio_balance=4.824351e+03 | rho_before=1.980000e-01 | rho_after=1.980000e-01 | gamma_before=0.000000e+00 | gamma_after=0.000000e+00 | action=held
[ADMM RHO] ESS | primal max ratio=0.849 | primal mean ratio=0.908 | primal selected=0.908 | dual mean ratio=0.007 | increase threshold=5.0 | decrease threshold=5.0 | action=exempt (fixed)
[ADMM RHO BOYD] ESS | r=1.225113e+00 | s=8.663498e-03 | eps_pri=8.700639e-04 | eps_dual=7.212251e-04 | primal_ratio=1.408072e+03 | dual_ratio=1.201220e+01 | dual_ratio_balance=1.201220e+01 | rho_before=1.000000e-02 | rho_after=1.000000e-02 | gamma_before=0.000000e+00 | gamma_after=0.000000e+00 | action=exempt (fixed)
[INFO]		 - ADMM cycle 1 | Primal (V max/mean | PF max/mean | ESS max/mean) = 0.088010/0.032598 | 0.352598/0.143476 | 0.084925/0.009080 | Dual (V max/mean | PF max/mean | ESS max/mean) = 0.000652/0.000138 | 0.128943/0.034626 | 0.000424/0.000068 | Recourse change = N/A (tol. N/A) | Stable cycles = 0/10 | Penalty actions (V/PF/ESS) = increased/held/exempt (fixed)
[INFO] 	 - Iteration 1: 31.61 s
[INFO] 	 - ADMM Iteration 2
[INFO] 		 - Updating distribution networks:
[INFO] 			 - Running SMOPF, Network case33_1, 2025, Spring...
[INFO] 			 - Running SMOPF, Network case33_1, 2025, Summer...
[INFO] 			 - Running SMOPF, Network case33_1, 2025, Autumn...
[INFO] 			 - Running SMOPF, Network case33_1, 2025, Winter...
[INFO] 			 - Running SMOPF, Network case33_1, 2030, Spring...
[INFO] 			 - Running SMOPF, Network case33_1, 2030, Summer...
[INFO] 			 - Running SMOPF, Network case33_1, 2030, Autumn...
[INFO] 			 - Running SMOPF, Network case33_1, 2030, Winter...
[INFO] 			 - Running SMOPF, Network case33_1, 2035, Spring...
[INFO] 			 - Running SMOPF, Network case33_1, 2035, Summer...
[INFO] 			 - Running SMOPF, Network case33_1, 2035, Autumn...
[INFO] 			 - Running SMOPF, Network case33_1, 2035, Winter...
[INFO] 			 - Running SMOPF, Network case33_2, 2025, Spring...
[INFO] 			 - Running SMOPF, Network case33_2, 2025, Summer...
[INFO] 			 - Running SMOPF, Network case33_2, 2025, Autumn...
[INFO] 			 - Running SMOPF, Network case33_2, 2025, Winter...
[INFO] 			 - Running SMOPF, Network case33_2, 2030, Spring...
[INFO] 			 - Running SMOPF, Network case33_2, 2030, Summer...
[INFO] 			 - Running SMOPF, Network case33_2, 2030, Autumn...
[INFO] 			 - Running SMOPF, Network case33_2, 2030, Winter...
[INFO] 			 - Running SMOPF, Network case33_2, 2035, Spring...
[INFO] 			 - Running SMOPF, Network case33_2, 2035, Summer...
[INFO] 			 - Running SMOPF, Network case33_2, 2035, Autumn...
[INFO] 			 - Running SMOPF, Network case33_2, 2035, Winter...
[INFO] 			 - Running SMOPF, Network case33_3, 2025, Spring...
[INFO] 			 - Running SMOPF, Network case33_3, 2025, Summer...
[INFO] 			 - Running SMOPF, Network case33_3, 2025, Autumn...
[INFO] 			 - Running SMOPF, Network case33_3, 2025, Winter...
[INFO] 			 - Running SMOPF, Network case33_3, 2030, Spring...
[INFO] 			 - Running SMOPF, Network case33_3, 2030, Summer...
[INFO] 			 - Running SMOPF, Network case33_3, 2030, Autumn...
[INFO] 			 - Running SMOPF, Network case33_3, 2030, Winter...
[INFO] 			 - Running SMOPF, Network case33_3, 2035, Spring...
[INFO] 			 - Running SMOPF, Network case33_3, 2035, Summer...
[INFO] 			 - Running SMOPF, Network case33_3, 2035, Autumn...
[INFO] 			 - Running SMOPF, Network case33_3, 2035, Winter...
[INFO] 		 - Updating transmission network...
[INFO] 			 - Running SMOPF, Network case9, 2025, Spring...
[INFO] 			 - Running SMOPF, Network case9, 2025, Summer...
[INFO] 			 - Running SMOPF, Network case9, 2025, Autumn...
[INFO] 			 - Running SMOPF, Network case9, 2025, Winter...
[INFO] 			 - Running SMOPF, Network case9, 2030, Spring...
[INFO] 			 - Running SMOPF, Network case9, 2030, Summer...
[INFO] 			 - Running SMOPF, Network case9, 2030, Autumn...
[INFO] 			 - Running SMOPF, Network case9, 2030, Winter...
[INFO] 			 - Running SMOPF, Network case9, 2035, Spring...
[INFO] 			 - Running SMOPF, Network case9, 2035, Summer...
[INFO] 			 - Running SMOPF, Network case9, 2035, Autumn...
[INFO] 			 - Running SMOPF, Network case9, 2035, Winter...
[TSO PROX] cycle=2 | updated_blocks=12 | held_failed_blocks=0 | V max=0.021945 | PF max=0.304642 | ESS max=0.065966
[TSO PROX][V MAX] node=5, year=2035, day=Summer, period=22 | dV=7.570950 kV | normalized=0.021945
[TSO PROX][PF MAX] node=5, year=2025, day=Spring, period=20, type=P | delta=60.928362 MW | normalized=0.304642
[TSO PROX][ESS MAX] node=7, year=2035, day=Autumn, period=20, type=P | delta=0.329831 MW | normalized=0.065966
[INFO] 		 - Updating SharedESS...
[INFO] 		 - Running Shared ESS optimization (subproblem)...
[INFO] 			 - Node 5...
[INFO] Shared ESS complementarity diagnostics for ESS node=5: ratio_max=5.936656e-06 n_periods=288 mu_final=1.116291e-11 s_obj=1.000000e-01 eps=1.000000e-05 bound=3.214918e-03 measured=2.620977e-03
[INFO] 			 - Node 7...
[INFO] Shared ESS complementarity diagnostics for ESS node=7: ratio_max=5.984932e-06 n_periods=288 mu_final=1.124213e-11 s_obj=1.000000e-01 eps=1.000000e-05 bound=3.237733e-03 measured=2.619859e-03
[INFO] 			 - Node 9...
[INFO] Shared ESS complementarity diagnostics for ESS node=9: ratio_max=5.091083e-06 n_periods=288 mu_final=9.130244e-12 s_obj=1.000000e-01 eps=1.000000e-05 bound=2.629510e-03 measured=2.618042e-03
[DIAG][V MAX] node=9, year=2025, day=Spring, period=23 | TSO=362.278169 kV, DSO=379.498470 kV, diff=17.220301 kV, base=345.000000 kV, normalized=0.049914, rho(TSO/DSO)=0.011550/0.011550
[DIAG][PF MAX] node=5, year=2035, day=Spring, period=7, type=P | TSO=13.216912 MW, DSO=-25.603052 MW, diff=38.819965 MW, rating=200.000000 MVA, normalized=0.194100, rho(TSO/DSO)=0.198000/0.198000
[INFO]		 - interface Vmag max primal residual failed. 0.049914 > 0.010000
[INFO]		 - interface Vmag mean primal residual failed. 0.015795 > 0.001000
[INFO]		 - interface PF max primal residual failed. 0.194100 > 0.010000
[INFO]		 - interface PF mean primal residual failed. 0.003159 > 0.001000
[INFO]		 - interface PF mean dual residual failed. 0.016445 > 0.010000
[RECOURSE JUMP] cycle=2 | abs_change=8.457171e+08 | tol=1.586460e+05 | signed_change=-8.457171e+08
[RECOURSE JUMP] Reconciliation | previous=1.586460e+09 | current=7.407428e+08 | block_delta=-8.457171e+08 | mismatch=+7.152557e-07
[RECOURSE JUMP] Aggregate signed changes:
  TSO | delta=-7.779685e+08
  DSO node=5 | delta=-3.084385e+07
  DSO node=9 | delta=-2.420414e+07
  DSO node=7 | delta=-1.270064e+07
  SALVAGE | delta=-6.224064e-35
[RECOURSE JUMP] Largest 10 block changes:
  TSO node=None year=2025 day=Spring | previous=1.518750e+08 | current=5.281065e+07 | delta=-9.906439e+07 | abs_delta=9.906439e+07
    [RECOURSE JUMP][TSO PROX] year=2025 day=Spring | V max=0.012895 | PF max=0.304642 | ESS max=0.019822
    [RECOURSE COMPONENTS] gen=-9.906439e+07 | flex=+0.000000e+00 | load_curt=+0.000000e+00 | res_curt=+0.000000e+00 | ess_usage=+0.000000e+00 | slacks=+2.058016e-10 | ess_comp=-2.281880e-04
    [SLACK COMPONENTS] voltage=+2.058016e-10 | node_P=+0.000000e+00 | node_Q=+0.000000e+00 | branch_ij=+0.000000e+00 | branch_ji=+0.000000e+00 | flex_P=+0.000000e+00 | flex_Q=+0.000000e+00
    [SLACK COMPONENT CHECK] classified_delta=+2.058016e-10 | objective_slack_delta=+2.058016e-10 | mismatch=+0.000000e+00
    [RECOURSE COMPONENT CHECK] classified_delta=-9.906439e+07 | block_delta=-9.906439e+07 | mismatch=+1.490116e-08
  TSO node=None year=2035 day=Spring | previous=1.230133e+08 | current=3.726158e+07 | delta=-8.575172e+07 | abs_delta=8.575172e+07
    [RECOURSE JUMP][TSO PROX] year=2035 day=Spring | V max=0.018871 | PF max=0.260157 | ESS max=0.061822
    [RECOURSE COMPONENTS] gen=-8.575172e+07 | flex=+0.000000e+00 | load_curt=+0.000000e+00 | res_curt=+0.000000e+00 | ess_usage=+0.000000e+00 | slacks=+1.600355e-10 | ess_comp=-3.454903e-04
    [SLACK COMPONENTS] voltage=+1.600355e-10 | node_P=+0.000000e+00 | node_Q=+0.000000e+00 | branch_ij=+0.000000e+00 | branch_ji=+0.000000e+00 | flex_P=+0.000000e+00 | flex_Q=+0.000000e+00
    [SLACK COMPONENT CHECK] classified_delta=+1.600355e-10 | objective_slack_delta=+1.600355e-10 | mismatch=+0.000000e+00
    [RECOURSE COMPONENT CHECK] classified_delta=-8.575172e+07 | block_delta=-8.575172e+07 | mismatch=+1.490116e-08
  TSO node=None year=2025 day=Summer | previous=1.592161e+08 | current=7.383346e+07 | delta=-8.538265e+07 | abs_delta=8.538265e+07
    [RECOURSE JUMP][TSO PROX] year=2025 day=Summer | V max=0.011792 | PF max=0.303497 | ESS max=0.018879
    [RECOURSE COMPONENTS] gen=-8.538265e+07 | flex=+0.000000e+00 | load_curt=+0.000000e+00 | res_curt=+0.000000e+00 | ess_usage=+0.000000e+00 | slacks=+5.371845e-10 | ess_comp=-1.848477e-04
    [SLACK COMPONENTS] voltage=+5.371845e-10 | node_P=+0.000000e+00 | node_Q=+0.000000e+00 | branch_ij=+0.000000e+00 | branch_ji=+0.000000e+00 | flex_P=+0.000000e+00 | flex_Q=+0.000000e+00
    [SLACK COMPONENT CHECK] classified_delta=+5.371845e-10 | objective_slack_delta=+5.371845e-10 | mismatch=+0.000000e+00
    [RECOURSE COMPONENT CHECK] classified_delta=-8.538265e+07 | block_delta=-8.538265e+07 | mismatch=+2.980232e-08
  TSO node=None year=2025 day=Winter | previous=1.683114e+08 | current=8.434167e+07 | delta=-8.396976e+07 | abs_delta=8.396976e+07
    [RECOURSE JUMP][TSO PROX] year=2025 day=Winter | V max=0.014643 | PF max=0.211211 | ESS max=0.028081
    [RECOURSE COMPONENTS] gen=-8.396976e+07 | flex=+0.000000e+00 | load_curt=+0.000000e+00 | res_curt=+0.000000e+00 | ess_usage=+0.000000e+00 | slacks=+1.097959e-09 | ess_comp=-1.229970e-05
    [SLACK COMPONENTS] voltage=+1.097959e-09 | node_P=+0.000000e+00 | node_Q=+0.000000e+00 | branch_ij=+0.000000e+00 | branch_ji=+0.000000e+00 | flex_P=+0.000000e+00 | flex_Q=+0.000000e+00
    [SLACK COMPONENT CHECK] classified_delta=+1.097959e-09 | objective_slack_delta=+1.097959e-09 | mismatch=+0.000000e+00
    [RECOURSE COMPONENT CHECK] classified_delta=-8.396976e+07 | block_delta=-8.396976e+07 | mismatch=-2.980232e-08
  TSO node=None year=2030 day=Spring | previous=1.115004e+08 | current=2.926256e+07 | delta=-8.223784e+07 | abs_delta=8.223784e+07
    [RECOURSE JUMP][TSO PROX] year=2030 day=Spring | V max=0.012878 | PF max=0.255208 | ESS max=0.025869
    [RECOURSE COMPONENTS] gen=-8.223784e+07 | flex=+0.000000e+00 | load_curt=+0.000000e+00 | res_curt=+0.000000e+00 | ess_usage=+0.000000e+00 | slacks=+4.830270e-11 | ess_comp=-3.383686e-04
    [SLACK COMPONENTS] voltage=+4.830270e-11 | node_P=+0.000000e+00 | node_Q=+0.000000e+00 | branch_ij=+0.000000e+00 | branch_ji=+0.000000e+00 | flex_P=+0.000000e+00 | flex_Q=+0.000000e+00
    [SLACK COMPONENT CHECK] classified_delta=+4.830270e-11 | objective_slack_delta=+4.830270e-11 | mismatch=+0.000000e+00
    [RECOURSE COMPONENT CHECK] classified_delta=-8.223784e+07 | block_delta=-8.223784e+07 | mismatch=+1.490116e-08
  TSO node=None year=2025 day=Autumn | previous=1.533567e+08 | current=7.812166e+07 | delta=-7.523506e+07 | abs_delta=7.523506e+07
    [RECOURSE JUMP][TSO PROX] year=2025 day=Autumn | V max=0.019282 | PF max=0.221634 | ESS max=0.040501
    [RECOURSE COMPONENTS] gen=-7.523506e+07 | flex=+0.000000e+00 | load_curt=+0.000000e+00 | res_curt=+0.000000e+00 | ess_usage=+0.000000e+00 | slacks=+9.705516e-10 | ess_comp=-3.949597e-05
    [SLACK COMPONENTS] voltage=+9.705516e-10 | node_P=+0.000000e+00 | node_Q=+0.000000e+00 | branch_ij=+0.000000e+00 | branch_ji=+0.000000e+00 | flex_P=+0.000000e+00 | flex_Q=+0.000000e+00
    [SLACK COMPONENT CHECK] classified_delta=+9.705516e-10 | objective_slack_delta=+9.705516e-10 | mismatch=+0.000000e+00
    [RECOURSE COMPONENT CHECK] classified_delta=-7.523506e+07 | block_delta=-7.523506e+07 | mismatch=+1.490116e-08
  TSO node=None year=2030 day=Summer | previous=1.153161e+08 | current=5.105868e+07 | delta=-6.425737e+07 | abs_delta=6.425737e+07
    [RECOURSE JUMP][TSO PROX] year=2030 day=Summer | V max=0.012768 | PF max=0.220576 | ESS max=0.028855
    [RECOURSE COMPONENTS] gen=-6.425737e+07 | flex=+0.000000e+00 | load_curt=+0.000000e+00 | res_curt=+0.000000e+00 | ess_usage=+0.000000e+00 | slacks=+1.660325e-10 | ess_comp=-3.292457e-04
    [SLACK COMPONENTS] voltage=+1.660325e-10 | node_P=+0.000000e+00 | node_Q=+0.000000e+00 | branch_ij=+0.000000e+00 | branch_ji=+0.000000e+00 | flex_P=+0.000000e+00 | flex_Q=+0.000000e+00
    [SLACK COMPONENT CHECK] classified_delta=+1.660325e-10 | objective_slack_delta=+1.660325e-10 | mismatch=+0.000000e+00
    [RECOURSE COMPONENT CHECK] classified_delta=-6.425737e+07 | block_delta=-6.425737e+07 | mismatch=-7.450581e-09
  TSO node=None year=2035 day=Summer | previous=1.100333e+08 | current=4.675021e+07 | delta=-6.328312e+07 | abs_delta=6.328312e+07
    [RECOURSE JUMP][TSO PROX] year=2035 day=Summer | V max=0.021945 | PF max=0.265494 | ESS max=0.051252
    [RECOURSE COMPONENTS] gen=-6.328312e+07 | flex=+0.000000e+00 | load_curt=+0.000000e+00 | res_curt=+0.000000e+00 | ess_usage=+0.000000e+00 | slacks=-1.207923e-13 | ess_comp=-2.458630e-04
    [SLACK COMPONENTS] voltage=-1.207923e-13 | node_P=+0.000000e+00 | node_Q=+0.000000e+00 | branch_ij=+0.000000e+00 | branch_ji=+0.000000e+00 | flex_P=+0.000000e+00 | flex_Q=+0.000000e+00
    [SLACK COMPONENT CHECK] classified_delta=-1.207923e-13 | objective_slack_delta=-1.207923e-13 | mismatch=+0.000000e+00
    [RECOURSE COMPONENT CHECK] classified_delta=-6.328312e+07 | block_delta=-6.328312e+07 | mismatch=+1.490116e-08
  TSO node=None year=2030 day=Winter | previous=8.208326e+07 | current=3.865796e+07 | delta=-4.342530e+07 | abs_delta=4.342530e+07
    [RECOURSE JUMP][TSO PROX] year=2030 day=Winter | V max=0.014631 | PF max=0.154120 | ESS max=0.051059
    [RECOURSE COMPONENTS] gen=-4.342530e+07 | flex=+0.000000e+00 | load_curt=+0.000000e+00 | res_curt=+0.000000e+00 | ess_usage=+0.000000e+00 | slacks=-4.160938e-11 | ess_comp=-6.003228e-05
    [SLACK COMPONENTS] voltage=-4.160938e-11 | node_P=+0.000000e+00 | node_Q=+0.000000e+00 | branch_ij=+0.000000e+00 | branch_ji=+0.000000e+00 | flex_P=+0.000000e+00 | flex_Q=+0.000000e+00
    [SLACK COMPONENT CHECK] classified_delta=-4.160938e-11 | objective_slack_delta=-4.160938e-11 | mismatch=+0.000000e+00
    [RECOURSE COMPONENT CHECK] classified_delta=-4.342530e+07 | block_delta=-4.342530e+07 | mismatch=+7.450581e-09
  TSO node=None year=2035 day=Winter | previous=7.432345e+07 | current=3.708009e+07 | delta=-3.724335e+07 | abs_delta=3.724335e+07
    [RECOURSE JUMP][TSO PROX] year=2035 day=Winter | V max=0.016167 | PF max=0.128499 | ESS max=0.022767
    [RECOURSE COMPONENTS] gen=-3.724335e+07 | flex=+0.000000e+00 | load_curt=+0.000000e+00 | res_curt=+0.000000e+00 | ess_usage=+0.000000e+00 | slacks=-6.953229e-10 | ess_comp=-5.172087e-05
    [SLACK COMPONENTS] voltage=-6.953229e-10 | node_P=+0.000000e+00 | node_Q=+0.000000e+00 | branch_ij=+0.000000e+00 | branch_ji=+0.000000e+00 | flex_P=+0.000000e+00 | flex_Q=+0.000000e+00
    [SLACK COMPONENT CHECK] classified_delta=-6.953229e-10 | objective_slack_delta=-6.953229e-10 | mismatch=+0.000000e+00
    [RECOURSE COMPONENT CHECK] classified_delta=-3.724335e+07 | block_delta=-3.724335e+07 | mismatch=+0.000000e+00
[INFO]		 - Recourse stationarity failed. 845717094.982562 > 158645.992456
[ADMM RHO] V | primal max ratio=4.991 | primal mean ratio=15.795 | primal selected=15.795 | dual mean ratio=0.034 | increase threshold=5.0 | decrease threshold=5.0 | action=increased
[ADMM RHO BOYD] V | r=5.920546e-01 | s=2.492141e-03 | eps_pri=3.378624e-03 | eps_dual=2.941897e-04 | primal_ratio=1.752354e+02 | dual_ratio=8.471204e+00 | dual_ratio_balance=8.471204e+00 | rho_before=1.155000e-02 | rho_after=1.732500e-02 | gamma_before=0.000000e+00 | gamma_after=0.000000e+00 | action=increased
[ADMM RHO] PF | primal max ratio=19.410 | primal mean ratio=3.159 | primal selected=19.410 | dual mean ratio=1.644 | increase threshold=5.0 | decrease threshold=3.0 | action=decreased
[ADMM RHO BOYD] PF | r=4.661932e-01 | s=8.814951e-01 | eps_pri=1.291221e-03 | eps_dual=4.246863e-04 | primal_ratio=3.610483e+02 | dual_ratio=2.075638e+03 | dual_ratio_balance=2.075638e+03 | rho_before=1.980000e-01 | rho_after=1.320000e-01 | gamma_before=0.000000e+00 | gamma_after=0.000000e+00 | action=decreased
[ADMM RHO] ESS | primal max ratio=0.442 | primal mean ratio=0.251 | primal selected=0.442 | dual mean ratio=0.008 | increase threshold=5.0 | decrease threshold=5.0 | action=exempt (fixed)
[ADMM RHO BOYD] ESS | r=3.598359e-01 | s=1.042867e-02 | eps_pri=9.134365e-04 | eps_dual=7.214748e-04 | primal_ratio=3.939364e+02 | dual_ratio=1.445466e+01 | dual_ratio_balance=1.445466e+01 | rho_before=1.000000e-02 | rho_after=1.000000e-02 | gamma_before=0.000000e+00 | gamma_after=0.000000e+00 | action=exempt (fixed)
[INFO]		 - ADMM cycle 2 | Primal (V max/mean | PF max/mean | ESS max/mean) = 0.049914/0.015795 | 0.194100/0.003159 | 0.044180/0.002507 | Dual (V max/mean | PF max/mean | ESS max/mean) = 0.001274/0.000340 | 0.064172/0.016445 | 0.000504/0.000083 | Recourse change = 845717094.982562 (tol. 158645.992456) | Stable cycles = 0/10 | Penalty actions (V/PF/ESS) = increased/decreased/exempt (fixed)
[INFO] 	 - Iteration 2: 34.92 s
[WARNING] 	 - ADMM did NOT converge in 2 iterations!
[INFO] 	 - Execution time: 93.10 s
[S31 Part 3] component_levels_terminal.json written: /Users/micaelsimoes/Projects/share-resource-planning-no_esso-degradation/data/SRP1/Results/P515S39/preflight_D_v2/component_levels_terminal.json
[S31C Part 3] interface_settlement_detail_s31c.json written: /Users/micaelsimoes/Projects/share-resource-planning-no_esso-degradation/data/SRP1/Results/P515S39/preflight_D_v2/interface_settlement_detail_s31c.json
[S33E2] interface_voltage_terminal.json written: /Users/micaelsimoes/Projects/share-resource-planning-no_esso-degradation/data/SRP1/Results/P515S39/preflight_D_v2/interface_voltage_terminal.json
[S35REF] boyd_terminal.json written: /Users/micaelsimoes/Projects/share-resource-planning-no_esso-degradation/data/SRP1/Results/P515S39/preflight_D_v2/boyd_terminal.json
[P5.15-G s39_D] recourse=740742829.5748339 cycles=2 solves=153 local_failures=0 wall=93s
   EFC/day max across nodes: 0.4218774863142808 (threshold 1.4612)
   detector grouping clean: True (observed 9 / expected 9)
   network failures: {'n_blocks': 0, 'classes': {'recovered_tier1': 0, 'recovered_tier2': 0, 'unrecovered': 0, 'not_attempted': 0, 'indeterminate': 0, 'recovered': 0}, 'n_frozen_snapshots': 0, 'n_esso_recovery_events': 0, 'path': 'data/SRP1/Results/P515S39/preflight_D_v2/network_failures_s39_D.jsonl'}
[S39 preflight D] arm report: /Users/micaelsimoes/Projects/share-resource-planning-no_esso-degradation/data/SRP1/Results/P515S39/preflight_D_v2/g_s39_D.json
[S39 preflight D] cycles_run=2 local_solve_failures=0 solve_profile={'observed': {'permitted_solve': 153, 'permitted_exec': 153, 'blocked_solve': 0, 'blocked_exec': 0}, 'identity_holds': True} network_failures={'n_blocks': 0, 'classes': {'recovered_tier1': 0, 'recovered_tier2': 0, 'unrecovered': 0, 'not_attempted': 0, 'indeterminate': 0, 'recovered': 0}, 'n_frozen_snapshots': 0, 'n_esso_recovery_events': 0, 'path': 'data/SRP1/Results/P515S39/preflight_D_v2/network_failures_s39_D.jsonl'} wall_clock_s=93.2040331363678
[S39 preflight D] solve-profile identity: base=153 (51*(2+1)) + retry_overhead=0 (tier1=0*1 + tier2=0*2) = expected 153; observed permitted_solve=153; exact=True
[S39 preflight D] exempt_channels=[], exempt_until={'ess': {'dual_ratio_below': 1.0, 'consecutive_cycles': 5}}, per-cycle channel check: [{"cycle": 1, "v": {"rho_after": 0.011549999999999998, "gamma_after": 0.0, "gamma_ok": true, "action": "increased", "label_ok": true}, "pf": {"rho_after": 0.1980000000000002, "gamma_after": 0.0, "gamma_ok": true, "action": "held", "label_ok": true}, "ess": {"rho_after": 0.010000000000000004, "gamma_after": 0.0, "gamma_ok": true, "action": "exempt (fixed)", "label_ok": true}, "required_consecutive_cycles": 10, "min_consecutive_ok": true}, {"cycle": 2, "v": {"rho_after": 0.01732500000000001, "gamma_after": 0.0, "gamma_ok": true, "action": "increased", "label_ok": true}, "pf": {"rho_after": 0.13199999999999992, "gamma_after": 0.0, "gamma_ok": true, "action": "decreased", "label_ok": true}, "ess": {"rho_after": 0.010000000000000004, "gamma_after": 0.0, "gamma_ok": true, "action": "exempt (fixed)", "label_ok": true}, "required_consecutive_cycles": 10, "min_consecutive_ok": true}]
[S39 preflight D] exempt_until sidecar check: {'path': 'data/SRP1/Results/P515S39/preflight_D_v2/ess_exempt_until_state_s39_D.jsonl', 'n_lines': 2, 'cycle_2_ess_state': {'streak': 0, 'lifted': False, 'lift_cycle': None, 'action': 'exempt (fixed)', 'dual_ratio_below': 1.0, 'consecutive_cycles': 5}, 'not_lifted_ok': True}
[S39 preflight D] PF capture identity per cycle: [{'cycle': 1, 'identity_holds': True, 'rel_err_r': 2.6716801065859524e-16, 'rel_err_s': 0.0, 'n_entries': 1728}, {'cycle': 2, 'identity_holds': True, 'rel_err_r': 0.0, 'rel_err_s': 0.0, 'n_entries': 1728}]
[S39 preflight D] capture paths populated: {'recourse_jump_sidecar': True, 'ess_entry_stride_sidecar': True, 'soh_floor_sidecar': True, 'pf_entry_stride_sidecar': True, 'ess_exempt_until_state_sidecar': True, 'boyd_terminal': True, 'g_baseline': True, 'interface_voltage_terminal': True, 'interface_settlement_detail': True, 'component_levels_terminal': True, 'esso_models_pickle': True}
{
 "LEAD": {
  "arm": "s39_D",
  "certified": false,
  "certification_cycle": null,
  "cycle_count": 2,
  "pf_first_pass_cycle": null,
  "storage_terminal_ratio": 393.9364494054883,
  "cost_inside_bar": true,
  "tso_instability_triggered": false
 },
 "CERTIFICATION": {
  "certified": false,
  "certification_cycle": null,
  "cycles_run": 2,
  "cap": 300,
  "required_consecutive_cycles": 10,
  "terminal_cycle_convergence": false,
  "terminal_consecutive_converged_cycles": 0,
  "local_solve_failures_total": 0
 },
 "REPORTED_NOT_GATED": {
  "terminal_ratios_per_channel": {
   "v": 175.2354373344358,
   "pf": 2075.637873688211,
   "ess": 393.9364494054883
  },
  "rule_ten_objective_ratio": 5330.844365441549,
  "clamp_flags_ever_true_per_channel": {
   "v": false,
   "pf": false,
   "ess": false
  },
  "cost_vs_run1": {
   "arm_cost": 740742829.5748339,
   "run1_cost": 651039166.0347285,
   "abs_diff": 89703663.54010534,
   "arm_max_objective_step_last_10_cycles": {
    "max_step": 845717094.9825618,
    "n_cycles_used": 2,
    "n_steps_available": 1
   },
   "run1_max_step_last10": 256.2581009864807,
   "bar": 845717351.2406628,
   "inside_bar": true,
   "spec_v10_path": "data/SRP1/Results/P515S39/frozen_s39_oracle_spec_v10_f1b2b999.json",
   "spec_v10_sha256": "f1b2b9999101fc69be89d7eb1e265cfc9b6f3e81c5c0602e9d81b15101076f10",
   "reading": "inside the bar: the cost difference to run 1 is within stopping slack (indeterminate, consistent with run 1); outside the bar: not explained by stopping slack alone, reported as a difference to be explained - never as a lower-cost or different point (the bar is local and valid only when both runs are settled; the arm is settled under the 10-consecutive bar, run 1 under Addendum 16)"
  }
 },
 "TSO_INSTABILITY_TRIGGER": {
  "criterion_i_unrecovered_tso_failure": {
   "pass_meaning_triggered": false,
   "available": true,
   "path": "data/SRP1/Results/P515S39/preflight_D_v2/network_failures_s39_D.jsonl",
   "n_tso_events": 0,
   "n_tso_unrecovered": 0,
   "tso_unrecovered_events": []
  },
  "criterion_ii_tso_failure_rate_gt_2x_run1": {
   "triggered": false,
   "observed_rate_per_cycle": 0.0,
   "bound_2x_run1": 0.2431865828092243,
   "run1_rate": 0.12159329140461216
  },
  "criterion_iii_pf_oscillation_flag": {
   "triggered": false,
   "detail": {
    "flag": false,
    "first_flagged_cycle": null,
    "reason": null
   },
   "pf_stride_path": "data/SRP1/Results/P515S39/preflight_D_v2/pf_entry_stride_s39_D.jsonl"
  },
  "criterion_iv_ess_oscillation_flag": {
   "triggered": false,
   "detail": {
    "flag": false,
    "first_flagged_cycle": null,
    "reason": null
   },
   "ess_stride_path": "data/SRP1/Results/P515S39/preflight_D_v2/ess_entry_stride_baseline.jsonl"
  },
  "TRIGGERED": false,
  "note": "not_a_trigger: failure to certify, slow PF convergence, or DSO failures alone (spec v9)."
 },
 "cross_arm": {
  "PREDICTIONS": {
   "s39_C": {
    "status": "PENDING",
    "reason": "arm C evaluation not present"
   },
   "s39_D": {
    "status": "SCORED",
    "prediction_1_certifies_under_the_bar": {
     "certified": false,
     "certification_cycle": null,
     "pass": false
    },
    "prediction_2_storage_terminal_ratio_lt_0p5_at_certification": {
     "storage_terminal_ratio": 393.9364494054883,
     "bound": 0.5,
     "evaluated_at": "terminal cycle (NOT certified -- reported honestly, scores False)",
     "pass": false
    },
    "both_pass": false
   }
  },
  "ADOPTION": {
   "status": "PENDING",
   "reason": "both C and D evaluations must exist to determine the spec v10 adoption rule",
   "c_available": false,
   "d_available": true
  }
 }
}
[S39 preflight D] evaluator dry-run return code: 0
[S39 preflight D] BITWISE vs v9 arm A (cycles 1-2): {"1": {"n_fields_compared": 192, "n_mismatches": 3, "match": false, "mismatches": {"rho_frozen_ess": {"this_arm": false, "v9_arm_A": true}, "rho_frozen_pf": {"this_arm": false, "v9_arm_A": true}, "rho_unchanged_streak_pf": {"this_arm": 1, "v9_arm_A": 0}}}, "2": {"n_fields_compared": 192, "n_mismatches": 3, "match": false, "mismatches": {"rho_frozen_ess": {"this_arm": false, "v9_arm_A": true}, "rho_frozen_pf": {"this_arm": false, "v9_arm_A": true}, "rho_pf_after": {"this_arm": 0.13199999999999992, "v9_arm_A": 0.1980000000000002}}}}
[S39 preflight D] *** BITWISE COMPARISON FAILED *** -- see mismatches above. Reported as-is; NOT rationalized.
[S39 preflight D] wrote /Users/micaelsimoes/Projects/share-resource-planning-no_esso-degradation/data/SRP1/Results/P515S39/preflight_D_v2/preflight_verification.json
[S39 preflight D] overall_ok=False
