19:56:57 item 1: v6 carries A_and_B; v6 == replay AB on every record True; v6 changes vs v5: ['d_c52e1670@v5']
19:56:57 item 2: d_c52e1670 v6 from records: k* 150 window [120, 150] W 31 P_hat 28 band [653372567.2488015, 653377026.832387] width 4459.58 range/tau 0.9825 t_sum 1316.14 Q 653373327.8473792 s 9068.52 T [[98, 'min', 653363574.1215132], [111, 'max', 653384276.850204], [127, 'min', 653372567.2488015], [139, 'max', 653375528.0133843]] A [20702.728690743446, 11709.601402521133, 2960.7645828723907] rejections [{'cycle': 113, 'candidate': [112, 'min', 653384051.2060513], 'closed_swing': 225.6441526412964, 'popped': [111, 'max', 653384276.850204]}] all_clean x-check True
19:56:57 item 2: out-of-window reads: turning points outside the window [98, 111]; non-clean read outside [117]; any out-of-window read True
19:56:57 item 3: B:n5_4h_e1: d 58036.03203809261 committed determinate -> v6 determinate (rule certified_pair_determinacy_floor_v6, threshold 13214.102259635925, binds 3 x larger bar) reproduced True
19:56:57 item 3: B:n7_4h_e1: d 64417.38662493229 committed determinate -> v6 determinate (rule certified_pair_determinacy_floor_v6, threshold 13054.22152018547, binds 3 x larger bar) reproduced True
19:56:57 item 3: B:n9_4h_e1: d 61100.549067258835 committed determinate -> v6 determinate (rule certified_pair_determinacy_floor_v6, threshold 12627.514008879662, binds 3 x larger bar) reproduced True
19:56:57 item 3: B:n9_4h_e3: d 195746.24436604977 committed determinate -> v6 determinate (rule uncertified_form, threshold 96884.0493171215, binds None) reproduced True
19:56:57 item 3: L:y2030__n5_p0.25_e1__n7_p1_e3: d -6107.638909578323 committed within the uncertified bar -> v6 within the uncertified bar (rule uncertified_form, threshold 27900.378565777683, binds None) reproduced True
19:56:57 item 3: CHECK:headline_V_minus_I_settled: d -64417.38662493462 committed determinate -> v6 determinate (rule certified_pair_determinacy_floor_v6, threshold 13054.22152018547, binds 3 x larger bar) reproduced True
19:56:57 item 3: B:n9_4h_e3: d 199097.52955710888 committed determinate -> v6 determinate (rule certified_pair_determinacy_floor_v6, threshold 13471.872757673264, binds 3 x larger bar) reproduced None
19:56:57 item 3: pb_y2030_n9 vs x0 (M = I + Q(k*) - Q181): d 46705.97347736359 committed determinate -> v6 determinate (rule certified_pair_determinacy_floor_v6, threshold 12826.328862905502, binds 3 x larger bar) reproduced True
19:56:57 item 3: pb_y2030_n7 vs x0 (M = I + Q(k*) - Q181): d 49021.7031853199 committed determinate -> v6 determinate (rule certified_pair_determinacy_floor_v6, threshold 13536.046451926231, binds 3 x larger bar) reproduced True
19:56:57 item 3: pb_y2025_n5 vs x0 (M = I + Q(k*) - Q181): d 51262.81463038921 committed determinate -> v6 determinate (rule certified_pair_determinacy_floor_v6, threshold 13525.888667464256, binds 3 x larger bar) reproduced True
19:56:57 item 3: pb_y2030_n5 vs x0 (M = I + Q(k*) - Q181): d 43325.65419757366 committed determinate -> v6 determinate (rule certified_pair_determinacy_floor_v6, threshold 12748.136409401894, binds 3 x larger bar) reproduced True
19:56:57 item 3: pb_y2025_n9 vs x0 (M = I + Q(k*) - Q181): d 52460.2600646019 committed determinate -> v6 determinate (rule certified_pair_determinacy_floor_v6, threshold 12627.514008879662, binds 3 x larger bar) reproduced True
19:56:57 item 3: pb_y2025_n7 vs x0 (M = I + Q(k*) - Q181): d 54940.73541390896 committed determinate -> v6 determinate (rule certified_pair_determinacy_floor_v6, threshold 13265.218827724457, binds 3 x larger bar) reproduced True
19:56:57 item 3: yl_y2030 vs x0 (M = I + Q(k*) - Q181): d 68498.91687583923 committed determinate -> v6 determinate (rule certified_pair_determinacy_floor_v6, threshold 12627.514008879662, binds 3 x larger bar) reproduced True
19:56:57 item 3: yl_y2035 vs x0 (M = I + Q(k*) - Q181): d 110957.57071387768 committed determinate -> v6 determinate (rule certified_pair_determinacy_floor_v6, threshold 12627.514008879662, binds 3 x larger bar) reproduced True
19:56:57 item 3: year ladder 2035 - 2030 (D = (I + Q)_2035 - (I + Q)_2030): d 42458.653838038445 committed determinate -> v6 determinate (rule certified_pair_determinacy_floor_v6, threshold 12254.24434375763, binds 3 x larger bar) reproduced True
19:56:57 item 3: F2 certificate (challenger vs incumbent): d None committed indeterminate_uncertified -> v6 indeterminate_uncertified (rule None, threshold None, binds None) reproduced True
19:56:57 item 3: F2 plan (incumbent, uncertified at its cap) vs corner (old certificate f3aa335e): d 103578.54433846474 committed {'gross': 'stands', 'Q_cc': 'stands'} -> v6 stands (rule uncertified_form, threshold 27703.27326607704, binds None) reproduced True
19:56:57 item 3: verdict changes []; not reproduced []
19:56:57 movement b_4649234b (cell 3): Q(last 193) - Q(k* 148) = -3351.29 (-0.738 tau); max |dev| {'cycle': 193, 'Q_c_minus_Q_k_star': -3351.2851910591125, 'over_tau': 0.7383200665910037}
19:56:57 movement d_c52e1670 at its v6 certificate: Q(last 198) - Q(k* 150) = -3543.10 (-0.781 tau); max |dev| {'cycle': 198, 'Q_c_minus_Q_k_star': -3543.1010434627533, 'over_tau': 0.7805789269523056}
19:56:57 movement d_c52e1670 at the last-pair reading's 148 (W141 V1): Q(last 198) - Q(k* 148) = -4004.11 (-0.882 tau); max |dev| {'cycle': 198, 'Q_c_minus_Q_k_star': -4004.106340408325, 'over_tau': 0.8821427874222325}
19:56:57 movement: largest endpoint 0.882 tau, largest excursion 0.882 tau; statement 'cells continued past certification moved at most 0.9 tau' holds on endpoint True, on excursion True
19:56:57 guards {'w142_v6_from_records': [], 'w141_swing_variants': [], 'w139_v5_from_records': [], 'w131_imported': [], 'w137_ra_imported': [], 'w137_checks': [], 'w132_checks': [], 'w118_checks': [], 'w105_checks_imported': [], 'w101_checks_imported': [], 'w98_checks_imported': [], 'w112_imported': [], 'alpha_row_launcher': [], 'w86_launcher': [], 'w87': [], 'w88': [], 'w89_step1': [], 'w89_3x3_launcher': [], 'w90_3x3_parent': [], 'w98_parent': [], 'w101_parent': [], 'w118_parent': [], 'w132_parent': []}; pickle {'load': 0, 'loads': 0}; wall 2.8 s
