10:26:33 [W57-nl-probe] P5.15 Addendum 40 ruling 2 (W57) -- .nl probe r2: row 18 structurally inactive at initialisation, every 2 x 2 DSO block
10:26:33 [W57-nl-probe] checklist {'frozen_spec_sha256_matches': True, 'frozen_spec_declares_these_blocks_and_predictions': True, 'production_init_is_structural': True, 'production_families_constant_present': True, 'w51_function_is_param_only': True}
[INFO] Scenario random seed: 2026
[INFO] Reading MARKET DATA from file(s)...
[INFO] 	 - Generating market scenarios...
[INFO] 	 - Plotting market scenarios...
[INFO] Reading DISTRIBUTION NETWORK DATA from file(s)...
[INFO]	 - Generating load stochastic scenarios...
[INFO]	 - Generating RES generation stochastic scenarios...
[INFO]	 - Generating flexibility stochastic scenarios...
[INFO]	 - Plotting flexibility profiles...
[INFO]	 - Plotting load scenarios...
[INFO]	 - Plotting RES generation scenarios...
[INFO] Reading DISTRIBUTION NETWORK DATA from file(s)...
[INFO]	 - Generating load stochastic scenarios...
[INFO]	 - Generating RES generation stochastic scenarios...
[INFO]	 - Generating flexibility stochastic scenarios...
[INFO]	 - Plotting flexibility profiles...
[INFO]	 - Plotting load scenarios...
[INFO]	 - Plotting RES generation scenarios...
[INFO] Reading DISTRIBUTION NETWORK DATA from file(s)...
[INFO]	 - Generating load stochastic scenarios...
[INFO]	 - Generating RES generation stochastic scenarios...
[INFO]	 - Generating flexibility stochastic scenarios...
[INFO]	 - Plotting flexibility profiles...
[INFO]	 - Plotting load scenarios...
[INFO]	 - Plotting RES generation scenarios...
[INFO] Reading TRANSMISSION NETWORK DATA from file(s)...
[INFO]	 - Generating load stochastic scenarios...
[INFO]	 - Generating RES generation stochastic scenarios...
[INFO]	 - Generating flexibility stochastic scenarios...
[INFO]	 - Plotting flexibility profiles...
[INFO]	 - Plotting load scenarios...
[INFO]	 - Plotting RES generation scenarios...
[INFO] Scenario checksum: 9d6335848b80ee9bb484ffd0c82fc70362b0ee02d79c5d351c15da1e25b0c857
[INFO] Reading SHARED ESS DATA from file(s)...
[INFO] Reading PLANNING PARAMETERS from file...
10:26:44 [W57-nl-probe] arm A node 5: alpha 0.0, init function production
[INFO] 		 - Distribution Network node 5...
10:26:51 [W57-nl-probe]    DSO:5:2025:Spring: columns 36232 rows 29828 sha256 a65a93ff3c49f0e1
10:26:51 [W57-nl-probe]    DSO:5:2025:Summer: columns 36232 rows 29828 sha256 b72863106af4c5fb
10:26:51 [W57-nl-probe]    DSO:5:2025:Autumn: columns 36232 rows 29684 sha256 ac23f62616ba0c63
10:26:51 [W57-nl-probe]    DSO:5:2025:Winter: columns 36232 rows 29684 sha256 706fef58b0ef9796
10:26:51 [W57-nl-probe] arm A node 7: alpha 0.0, init function production
[INFO] 		 - Distribution Network node 7...
10:26:59 [W57-nl-probe]    DSO:7:2025:Spring: columns 36232 rows 29936 sha256 de0c46744b844569
10:26:59 [W57-nl-probe]    DSO:7:2025:Summer: columns 36232 rows 29936 sha256 92461ba30e1ec593
10:26:59 [W57-nl-probe]    DSO:7:2025:Autumn: columns 36232 rows 29840 sha256 1335381f8bfe7107
10:26:59 [W57-nl-probe]    DSO:7:2025:Winter: columns 36232 rows 29840 sha256 1f8a684d4f03b363
10:26:59 [W57-nl-probe] arm A node 9: alpha 0.0, init function production
[INFO] 		 - Distribution Network node 9...
10:27:06 [W57-nl-probe]    DSO:9:2025:Spring: columns 36232 rows 29828 sha256 a9e5e650b6b3b91c
10:27:06 [W57-nl-probe]    DSO:9:2025:Summer: columns 36232 rows 29828 sha256 957f18d2aa8f8a0c
10:27:06 [W57-nl-probe]    DSO:9:2025:Autumn: columns 36232 rows 29684 sha256 51e9c8a9e3f50287
10:27:06 [W57-nl-probe]    DSO:9:2025:Winter: columns 36232 rows 29684 sha256 a80c4cab8058af54
10:27:06 [W57-nl-probe] arm A_repeat node 5: alpha 0.0, init function production
[INFO] 		 - Distribution Network node 5...
10:27:13 [W57-nl-probe]    DSO:5:2025:Spring: columns 36232 rows 29828 sha256 a65a93ff3c49f0e1
10:27:13 [W57-nl-probe]    DSO:5:2025:Summer: columns 36232 rows 29828 sha256 b72863106af4c5fb
10:27:13 [W57-nl-probe]    DSO:5:2025:Autumn: columns 36232 rows 29684 sha256 ac23f62616ba0c63
10:27:13 [W57-nl-probe]    DSO:5:2025:Winter: columns 36232 rows 29684 sha256 706fef58b0ef9796
10:27:13 [W57-nl-probe] arm A_repeat node 7: alpha 0.0, init function production
[INFO] 		 - Distribution Network node 7...
10:27:21 [W57-nl-probe]    DSO:7:2025:Spring: columns 36232 rows 29936 sha256 de0c46744b844569
10:27:21 [W57-nl-probe]    DSO:7:2025:Summer: columns 36232 rows 29936 sha256 92461ba30e1ec593
10:27:21 [W57-nl-probe]    DSO:7:2025:Autumn: columns 36232 rows 29840 sha256 1335381f8bfe7107
10:27:21 [W57-nl-probe]    DSO:7:2025:Winter: columns 36232 rows 29840 sha256 1f8a684d4f03b363
10:27:21 [W57-nl-probe] arm A_repeat node 9: alpha 0.0, init function production
[INFO] 		 - Distribution Network node 9...
10:27:28 [W57-nl-probe]    DSO:9:2025:Spring: columns 36232 rows 29828 sha256 a9e5e650b6b3b91c
10:27:28 [W57-nl-probe]    DSO:9:2025:Summer: columns 36232 rows 29828 sha256 957f18d2aa8f8a0c
10:27:28 [W57-nl-probe]    DSO:9:2025:Autumn: columns 36232 rows 29684 sha256 51e9c8a9e3f50287
10:27:28 [W57-nl-probe]    DSO:9:2025:Winter: columns 36232 rows 29684 sha256 a80c4cab8058af54
10:27:28 [W57-nl-probe] arm B node 5: alpha 0.5, init function production
[INFO] 		 - Distribution Network node 5...
10:27:35 [W57-nl-probe]    DSO:5:2025:Spring: columns 36232 rows 29828 sha256 a65a93ff3c49f0e1
10:27:35 [W57-nl-probe]    DSO:5:2025:Summer: columns 36232 rows 29828 sha256 b72863106af4c5fb
10:27:35 [W57-nl-probe]    DSO:5:2025:Autumn: columns 36232 rows 29684 sha256 ac23f62616ba0c63
10:27:35 [W57-nl-probe]    DSO:5:2025:Winter: columns 36232 rows 29684 sha256 706fef58b0ef9796
10:27:35 [W57-nl-probe] arm B node 7: alpha 0.5, init function production
[INFO] 		 - Distribution Network node 7...
10:27:43 [W57-nl-probe]    DSO:7:2025:Spring: columns 36232 rows 29936 sha256 de0c46744b844569
10:27:43 [W57-nl-probe]    DSO:7:2025:Summer: columns 36232 rows 29936 sha256 92461ba30e1ec593
10:27:43 [W57-nl-probe]    DSO:7:2025:Autumn: columns 36232 rows 29840 sha256 1335381f8bfe7107
10:27:43 [W57-nl-probe]    DSO:7:2025:Winter: columns 36232 rows 29840 sha256 1f8a684d4f03b363
10:27:43 [W57-nl-probe] arm B node 9: alpha 0.5, init function production
[INFO] 		 - Distribution Network node 9...
10:27:50 [W57-nl-probe]    DSO:9:2025:Spring: columns 36232 rows 29828 sha256 a9e5e650b6b3b91c
10:27:50 [W57-nl-probe]    DSO:9:2025:Summer: columns 36232 rows 29828 sha256 957f18d2aa8f8a0c
10:27:50 [W57-nl-probe]    DSO:9:2025:Autumn: columns 36232 rows 29684 sha256 51e9c8a9e3f50287
10:27:50 [W57-nl-probe]    DSO:9:2025:Winter: columns 36232 rows 29684 sha256 a80c4cab8058af54
10:27:50 [W57-nl-probe] arm C node 5: alpha 0.5, init function _set_row18_inactive_for_initialisation
[INFO] 		 - Distribution Network node 5...
10:27:57 [W57-nl-probe]    DSO:5:2025:Spring: columns 36616 rows 30020 sha256 8357ddf7a2460e0a
10:27:57 [W57-nl-probe]    DSO:5:2025:Summer: columns 36616 rows 30020 sha256 ded80672f998639b
10:27:57 [W57-nl-probe]    DSO:5:2025:Autumn: columns 36616 rows 29876 sha256 51e3f0d4507945d6
10:27:57 [W57-nl-probe]    DSO:5:2025:Winter: columns 36616 rows 29876 sha256 80945409543ea240
10:27:57 [W57-nl-probe] arm C node 7: alpha 0.5, init function _set_row18_inactive_for_initialisation
[INFO] 		 - Distribution Network node 7...
10:28:05 [W57-nl-probe]    DSO:7:2025:Spring: columns 36616 rows 30128 sha256 22f4b3f6b53b3914
10:28:05 [W57-nl-probe]    DSO:7:2025:Summer: columns 36616 rows 30128 sha256 f1d1e2fcda1a4689
10:28:05 [W57-nl-probe]    DSO:7:2025:Autumn: columns 36616 rows 30032 sha256 05e283b1703e47e2
10:28:05 [W57-nl-probe]    DSO:7:2025:Winter: columns 36616 rows 30032 sha256 539d11abeba0e3ad
10:28:05 [W57-nl-probe] arm C node 9: alpha 0.5, init function _set_row18_inactive_for_initialisation
[INFO] 		 - Distribution Network node 9...
10:28:12 [W57-nl-probe]    DSO:9:2025:Spring: columns 36616 rows 30020 sha256 949bbdf9501014ed
10:28:12 [W57-nl-probe]    DSO:9:2025:Summer: columns 36616 rows 30020 sha256 8803f84e34864f51
10:28:12 [W57-nl-probe]    DSO:9:2025:Autumn: columns 36616 rows 29876 sha256 89bf9660f0248e77
10:28:12 [W57-nl-probe]    DSO:9:2025:Winter: columns 36616 rows 29876 sha256 fc518ae28c23890f
10:28:12 [W57-nl-probe] arm D node 5: alpha 0.5, init function negative_control_fix_rows_active
[INFO] 		 - Distribution Network node 5...
10:28:20 [W57-nl-probe]    DSO:5:2025:Spring: columns 36232 rows 30020 sha256 df9e2ae0fca40046
10:28:20 [W57-nl-probe]    DSO:5:2025:Summer: columns 36232 rows 30020 sha256 739173ebea524986
10:28:20 [W57-nl-probe]    DSO:5:2025:Autumn: columns 36232 rows 29876 sha256 928ef34791a1fc88
10:28:20 [W57-nl-probe]    DSO:5:2025:Winter: columns 36232 rows 29876 sha256 94d7d8d566d03a0b
10:28:20 [W57-nl-probe] arm D node 7: alpha 0.5, init function negative_control_fix_rows_active
[INFO] 		 - Distribution Network node 7...
10:28:27 [W57-nl-probe]    DSO:7:2025:Spring: columns 36232 rows 30128 sha256 2e52a90274d744e2
10:28:27 [W57-nl-probe]    DSO:7:2025:Summer: columns 36232 rows 30128 sha256 abf16a1bb69bea66
10:28:27 [W57-nl-probe]    DSO:7:2025:Autumn: columns 36232 rows 30032 sha256 6977c624d16cd16b
10:28:27 [W57-nl-probe]    DSO:7:2025:Winter: columns 36232 rows 30032 sha256 f7ed3e8222e1b5ac
10:28:27 [W57-nl-probe] arm D node 9: alpha 0.5, init function negative_control_fix_rows_active
[INFO] 		 - Distribution Network node 9...
10:28:34 [W57-nl-probe]    DSO:9:2025:Spring: columns 36232 rows 30020 sha256 05b776ad05585cea
10:28:34 [W57-nl-probe]    DSO:9:2025:Summer: columns 36232 rows 30020 sha256 70d1db2015ea012e
10:28:34 [W57-nl-probe]    DSO:9:2025:Autumn: columns 36232 rows 29876 sha256 125701b219335980
10:28:34 [W57-nl-probe]    DSO:9:2025:Winter: columns 36232 rows 29876 sha256 7388ed67128f32ee
10:28:35 [W57-nl-probe] DSO:5:2025:Spring: columns {'A': 36232, 'A_repeat': 36232, 'B': 36232, 'C': 36616, 'D': 36232} rows {'A': 29828, 'A_repeat': 29828, 'B': 29828, 'C': 30020, 'D': 30020}
10:28:35 [W57-nl-probe]    {'P0_control_A_equals_A_repeat': 'HOLDS', 'P1_A_equals_B': 'HOLDS', 'P2_C_minus_A': 'HOLDS', 'P3_D_same_columns_plus_2nT_rows': 'HOLDS', 'P4_reproduces_r1_hashes': 'HOLDS'}; arm states True
10:28:35 [W57-nl-probe] DSO:5:2025:Summer: columns {'A': 36232, 'A_repeat': 36232, 'B': 36232, 'C': 36616, 'D': 36232} rows {'A': 29828, 'A_repeat': 29828, 'B': 29828, 'C': 30020, 'D': 30020}
10:28:35 [W57-nl-probe]    {'P0_control_A_equals_A_repeat': 'HOLDS', 'P1_A_equals_B': 'HOLDS', 'P2_C_minus_A': 'HOLDS', 'P3_D_same_columns_plus_2nT_rows': 'HOLDS'}; arm states True
10:28:35 [W57-nl-probe] DSO:5:2025:Autumn: columns {'A': 36232, 'A_repeat': 36232, 'B': 36232, 'C': 36616, 'D': 36232} rows {'A': 29684, 'A_repeat': 29684, 'B': 29684, 'C': 29876, 'D': 29876}
10:28:35 [W57-nl-probe]    {'P0_control_A_equals_A_repeat': 'HOLDS', 'P1_A_equals_B': 'HOLDS', 'P2_C_minus_A': 'HOLDS', 'P3_D_same_columns_plus_2nT_rows': 'HOLDS'}; arm states True
10:28:35 [W57-nl-probe] DSO:5:2025:Winter: columns {'A': 36232, 'A_repeat': 36232, 'B': 36232, 'C': 36616, 'D': 36232} rows {'A': 29684, 'A_repeat': 29684, 'B': 29684, 'C': 29876, 'D': 29876}
10:28:35 [W57-nl-probe]    {'P0_control_A_equals_A_repeat': 'HOLDS', 'P1_A_equals_B': 'HOLDS', 'P2_C_minus_A': 'HOLDS', 'P3_D_same_columns_plus_2nT_rows': 'HOLDS'}; arm states True
10:28:35 [W57-nl-probe] DSO:7:2025:Spring: columns {'A': 36232, 'A_repeat': 36232, 'B': 36232, 'C': 36616, 'D': 36232} rows {'A': 29936, 'A_repeat': 29936, 'B': 29936, 'C': 30128, 'D': 30128}
10:28:35 [W57-nl-probe]    {'P0_control_A_equals_A_repeat': 'HOLDS', 'P1_A_equals_B': 'HOLDS', 'P2_C_minus_A': 'HOLDS', 'P3_D_same_columns_plus_2nT_rows': 'HOLDS'}; arm states True
10:28:35 [W57-nl-probe] DSO:7:2025:Summer: columns {'A': 36232, 'A_repeat': 36232, 'B': 36232, 'C': 36616, 'D': 36232} rows {'A': 29936, 'A_repeat': 29936, 'B': 29936, 'C': 30128, 'D': 30128}
10:28:35 [W57-nl-probe]    {'P0_control_A_equals_A_repeat': 'HOLDS', 'P1_A_equals_B': 'HOLDS', 'P2_C_minus_A': 'HOLDS', 'P3_D_same_columns_plus_2nT_rows': 'HOLDS'}; arm states True
10:28:35 [W57-nl-probe] DSO:7:2025:Autumn: columns {'A': 36232, 'A_repeat': 36232, 'B': 36232, 'C': 36616, 'D': 36232} rows {'A': 29840, 'A_repeat': 29840, 'B': 29840, 'C': 30032, 'D': 30032}
10:28:35 [W57-nl-probe]    {'P0_control_A_equals_A_repeat': 'HOLDS', 'P1_A_equals_B': 'HOLDS', 'P2_C_minus_A': 'HOLDS', 'P3_D_same_columns_plus_2nT_rows': 'HOLDS'}; arm states True
10:28:35 [W57-nl-probe] DSO:7:2025:Winter: columns {'A': 36232, 'A_repeat': 36232, 'B': 36232, 'C': 36616, 'D': 36232} rows {'A': 29840, 'A_repeat': 29840, 'B': 29840, 'C': 30032, 'D': 30032}
10:28:35 [W57-nl-probe]    {'P0_control_A_equals_A_repeat': 'HOLDS', 'P1_A_equals_B': 'HOLDS', 'P2_C_minus_A': 'HOLDS', 'P3_D_same_columns_plus_2nT_rows': 'HOLDS'}; arm states True
10:28:35 [W57-nl-probe] DSO:9:2025:Spring: columns {'A': 36232, 'A_repeat': 36232, 'B': 36232, 'C': 36616, 'D': 36232} rows {'A': 29828, 'A_repeat': 29828, 'B': 29828, 'C': 30020, 'D': 30020}
10:28:35 [W57-nl-probe]    {'P0_control_A_equals_A_repeat': 'HOLDS', 'P1_A_equals_B': 'HOLDS', 'P2_C_minus_A': 'HOLDS', 'P3_D_same_columns_plus_2nT_rows': 'HOLDS'}; arm states True
10:28:35 [W57-nl-probe] DSO:9:2025:Summer: columns {'A': 36232, 'A_repeat': 36232, 'B': 36232, 'C': 36616, 'D': 36232} rows {'A': 29828, 'A_repeat': 29828, 'B': 29828, 'C': 30020, 'D': 30020}
10:28:35 [W57-nl-probe]    {'P0_control_A_equals_A_repeat': 'HOLDS', 'P1_A_equals_B': 'HOLDS', 'P2_C_minus_A': 'HOLDS', 'P3_D_same_columns_plus_2nT_rows': 'HOLDS'}; arm states True
10:28:35 [W57-nl-probe] DSO:9:2025:Autumn: columns {'A': 36232, 'A_repeat': 36232, 'B': 36232, 'C': 36616, 'D': 36232} rows {'A': 29684, 'A_repeat': 29684, 'B': 29684, 'C': 29876, 'D': 29876}
10:28:35 [W57-nl-probe]    {'P0_control_A_equals_A_repeat': 'HOLDS', 'P1_A_equals_B': 'HOLDS', 'P2_C_minus_A': 'HOLDS', 'P3_D_same_columns_plus_2nT_rows': 'HOLDS'}; arm states True
10:28:35 [W57-nl-probe] DSO:9:2025:Winter: columns {'A': 36232, 'A_repeat': 36232, 'B': 36232, 'C': 36616, 'D': 36232} rows {'A': 29684, 'A_repeat': 29684, 'B': 29684, 'C': 29876, 'D': 29876}
10:28:35 [W57-nl-probe]    {'P0_control_A_equals_A_repeat': 'HOLDS', 'P1_A_equals_B': 'HOLDS', 'P2_C_minus_A': 'HOLDS', 'P3_D_same_columns_plus_2nT_rows': 'HOLDS'}; arm states True
10:28:35 [W57-nl-probe]   P0_control_A_equals_A_repeat: 12/12 blocks hold
10:28:35 [W57-nl-probe]   P1_A_equals_B: 12/12 blocks hold
10:28:35 [W57-nl-probe]   P2_C_minus_A: 12/12 blocks hold
10:28:35 [W57-nl-probe]   P3_D_same_columns_plus_2nT_rows: 12/12 blocks hold
10:28:35 [W57-nl-probe]   P4_reproduces_r1_hashes: 1/1 blocks hold
10:28:35 [W57-nl-probe] guard {'permitted_solve': 0, 'permitted_exec': 0, 'blocked_solve': 0, 'blocked_exec': 0} verify_failures []
10:28:35 [W57-nl-probe] all_checks_pass = True; wrote data/SRP1/Results/P515S53/row18_structural/nl_probe/r2/nl_probe.json
