06:09:12 P5.15 Addendum 25 paper-scale build measurement (frozen spec v14 item4_scale_measurement): label=paper_cycle_snapoff_r2 instance=paper time_one_cycle=True rss_limit_gib=28.0 watchdog_measure=rss_tree snapshots=off min_available_gib=1.0 swap_used_limit_gib=2.0 swap_growth_limit_gib=1.0/60s
06:09:12 case-file AA declaration {'enabled': True, 'memory': 5, 'regularization': 1e-10, 'reject_policy': 'keep_memory'} (agrees with p515_s45_a0_campaign.py: True)
06:09:12 derived case data/SRP1/Results/P515S44/scale_measurement/paper_cycle_snapoff_r2/case/SRP1__paper.json sha256=d726307c1949d91b changes=6
06:09:12 build child started pid=93104: /Users/micaelsimoes/miniconda3/envs/opf_env_py311/bin/python -u /Users/micaelsimoes/Projects/share-resource-planning-no_esso-degradation/p515_s44_scale_measurement.py --child build --label paper_cycle_snapoff_r2
06:10:12 build child alive: tree_rss=4583243776 footprint_measure=4583243776 swap_used=262144 peak_rss_tree=4583243776 peak_footprint_measure=4583243776
06:11:13 build child alive: tree_rss=10410655744 footprint_measure=10410655744 swap_used=262144 peak_rss_tree=10410655744 peak_footprint_measure=10410655744
06:12:14 build child alive: tree_rss=15759212544 footprint_measure=15874437096 swap_used=262144 peak_rss_tree=15759212544 peak_footprint_measure=15874437096
06:13:15 build child alive: tree_rss=14526169088 footprint_measure=19624114840 swap_used=262144 peak_rss_tree=16661233664 peak_footprint_measure=19624114840
06:14:09 build child exited 0 after 297.1s
06:14:09 cycle child started pid=93238: /Users/micaelsimoes/miniconda3/envs/opf_env_py311/bin/python -u /Users/micaelsimoes/Projects/share-resource-planning-no_esso-degradation/p515_s44_scale_measurement.py --child cycle --label paper_cycle_snapoff_r2
06:15:10 cycle child alive: tree_rss=4591845376 footprint_measure=4591845376 swap_used=262144 peak_rss_tree=4591845376 peak_footprint_measure=4591845376
06:16:11 cycle child alive: tree_rss=8071823360 footprint_measure=8071823360 swap_used=262144 peak_rss_tree=8072822784 peak_footprint_measure=8072822784
06:17:12 cycle child alive: tree_rss=9260630016 footprint_measure=9260630016 swap_used=262144 peak_rss_tree=9260630016 peak_footprint_measure=9260630016
06:18:12 cycle child alive: tree_rss=10316398592 footprint_measure=10316398592 swap_used=262144 peak_rss_tree=10316398592 peak_footprint_measure=10316398592
06:19:13 cycle child alive: tree_rss=10674601984 footprint_measure=10674601984 swap_used=262144 peak_rss_tree=11255988224 peak_footprint_measure=11255988224
06:20:14 cycle child alive: tree_rss=12406145024 footprint_measure=12406145024 swap_used=262144 peak_rss_tree=12406145024 peak_footprint_measure=12406145024
06:21:14 cycle child alive: tree_rss=13263044608 footprint_measure=13263044608 swap_used=262144 peak_rss_tree=13263044608 peak_footprint_measure=13263044608
06:22:15 cycle child alive: tree_rss=14875017216 footprint_measure=16664687384 swap_used=262144 peak_rss_tree=14908489728 peak_footprint_measure=16664687384
06:23:16 cycle child alive: tree_rss=14037499904 footprint_measure=19260668208 swap_used=262144 peak_rss_tree=14908489728 peak_footprint_measure=19260668208
06:24:17 cycle child alive: tree_rss=13552893952 footprint_measure=20130282448 swap_used=262144 peak_rss_tree=14908489728 peak_footprint_measure=20132887504
06:25:17 cycle child alive: tree_rss=13901152256 footprint_measure=20926561832 swap_used=262144 peak_rss_tree=14908489728 peak_footprint_measure=20926561832
06:26:18 cycle child alive: tree_rss=13337968640 footprint_measure=21737078984 swap_used=262144 peak_rss_tree=14908489728 peak_footprint_measure=21737078984
06:27:19 cycle child alive: tree_rss=12282527744 footprint_measure=21717943120 swap_used=262144 peak_rss_tree=14908489728 peak_footprint_measure=22472065704
06:28:20 cycle child alive: tree_rss=11743985664 footprint_measure=23723034072 swap_used=262144 peak_rss_tree=14908489728 peak_footprint_measure=23723034072
06:29:21 cycle child alive: tree_rss=13590822912 footprint_measure=23784867864 swap_used=262144 peak_rss_tree=14908489728 peak_footprint_measure=24239753120
06:30:22 cycle child alive: tree_rss=12921454592 footprint_measure=27680232040 swap_used=262144 peak_rss_tree=14908489728 peak_footprint_measure=27680232040
06:31:23 cycle child alive: tree_rss=9932111872 footprint_measure=30678997216 swap_used=262144 peak_rss_tree=14908489728 peak_footprint_measure=30678997216
06:32:24 cycle child alive: tree_rss=9734635520 footprint_measure=31427992544 swap_used=262144 peak_rss_tree=14908489728 peak_footprint_measure=31435676640
06:33:24 cycle child alive: tree_rss=8647491584 footprint_measure=31264202128 swap_used=262144 peak_rss_tree=14908489728 peak_footprint_measure=32101178744
06:34:25 cycle child alive: tree_rss=9123659776 footprint_measure=32984866864 swap_used=262144 peak_rss_tree=14908489728 peak_footprint_measure=33020518448
06:35:26 cycle child alive: tree_rss=8528674816 footprint_measure=33883300488 swap_used=262144 peak_rss_tree=14908489728 peak_footprint_measure=33884185224
06:36:27 cycle child alive: tree_rss=7329136640 footprint_measure=34680137024 swap_used=262144 peak_rss_tree=14908489728 peak_footprint_measure=34680137024
06:37:28 cycle child alive: tree_rss=2737520640 footprint_measure=35671631816 swap_used=8257536 peak_rss_tree=14908489728 peak_footprint_measure=35712608200
06:38:29 cycle child alive: tree_rss=14097858560 footprint_measure=36478299112 swap_used=8257536 peak_rss_tree=14908489728 peak_footprint_measure=36478299112
06:39:30 cycle child alive: tree_rss=10645340160 footprint_measure=37538475752 swap_used=8257536 peak_rss_tree=14908489728 peak_footprint_measure=37908721384
06:40:31 cycle child alive: tree_rss=2964979712 footprint_measure=38738440440 swap_used=484966400 peak_rss_tree=14908489728 peak_footprint_measure=38741405944
06:40:45 cycle child exited 97 after 1596.4s
06:40:45 summary: build_status=complete exit=97
06:40:45 manifest written; done (/Users/micaelsimoes/Projects/share-resource-planning-no_esso-degradation/data/SRP1/Results/P515S44/scale_measurement/paper_cycle_snapoff_r2)
