23:49:19 P5.15 Addendum 25 paper-scale build measurement (frozen spec v14 item4_scale_measurement): label=paper_cycle_snapoff_r1 instance=paper time_one_cycle=True rss_limit_gib=24 snapshots=off
23:49:19 case-file AA declaration {'enabled': True, 'memory': 5, 'regularization': 1e-10, 'reject_policy': 'keep_memory'} (agrees with p515_s45_a0_campaign.py: True)
23:49:19 derived case data/SRP1/Results/P515S44/scale_measurement/paper_cycle_snapoff_r1/case/SRP1__paper.json sha256=d726307c1949d91b changes=6
23:49:19 build child started pid=88304: /Users/micaelsimoes/miniconda3/envs/opf_env_py311/bin/python -u /Users/micaelsimoes/Projects/share-resource-planning-no_esso-degradation/p515_s44_scale_measurement.py --child build --label paper_cycle_snapoff_r1
23:50:20 build child alive: tree_rss=4581605376 peak=4581605376
23:51:20 build child alive: tree_rss=10082942976 peak=10557448520
23:52:21 build child alive: tree_rss=15855665152 peak=16055169144
23:53:22 build child alive: tree_rss=15209480192 peak=19621919384
23:54:19 build child exited 0 after 300.3s
23:54:19 cycle child started pid=88367: /Users/micaelsimoes/miniconda3/envs/opf_env_py311/bin/python -u /Users/micaelsimoes/Projects/share-resource-planning-no_esso-degradation/p515_s44_scale_measurement.py --child cycle --label paper_cycle_snapoff_r1
23:55:20 cycle child alive: tree_rss=4472930304 peak=4472930304
23:56:21 cycle child alive: tree_rss=8036843520 peak=8036843520
23:57:21 cycle child alive: tree_rss=8477720576 peak=9067413504
23:58:22 cycle child alive: tree_rss=9747644416 peak=9798336512
23:59:23 cycle child alive: tree_rss=8147451904 peak=10488602808
00:00:23 cycle child alive: tree_rss=7234994176 peak=11672265704
00:01:24 cycle child alive: tree_rss=7137361920 peak=12698904152
00:02:25 cycle child alive: tree_rss=15113568256 peak=16732599088
00:03:26 cycle child alive: tree_rss=13925531648 peak=19232487680
00:04:27 cycle child alive: tree_rss=12127256576 peak=20112587728
00:05:28 cycle child alive: tree_rss=11041210368 peak=20983791216
00:06:29 cycle child alive: tree_rss=12022218752 peak=21721432312
00:07:30 cycle child alive: tree_rss=12927500288 peak=22396814160
00:08:31 cycle child alive: tree_rss=12195037184 peak=23259645400
00:09:32 cycle child alive: tree_rss=19477790720 peak=23880222720
00:09:53 cycle child exited 97 after 934.0s
00:09:53 summary: build_status=complete exit=97
00:09:53 manifest written; done (/Users/micaelsimoes/Projects/share-resource-planning-no_esso-degradation/data/SRP1/Results/P515S44/scale_measurement/paper_cycle_snapoff_r1)
