12:29:00 P5.15 Addendum 25 paper-scale build measurement (frozen spec v14 item4_scale_measurement): label=paper_cycle_snapoff_memfix_r1 instance=paper time_one_cycle=True rss_limit_gib=28.0 watchdog_measure=rss_tree snapshots=off min_available_gib=1.0 swap_used_limit_gib=2.0 swap_growth_limit_gib=1.0/60s
12:29:00 case-file AA declaration {'enabled': True, 'memory': 5, 'regularization': 1e-10, 'reject_policy': 'keep_memory'} (agrees with p515_s45_a0_campaign.py: True)
12:29:00 derived case data/SRP1/Results/P515S44/scale_measurement/paper_cycle_snapoff_memfix_r1/case/SRP1__paper.json sha256=d726307c1949d91b changes=6
12:29:00 build child started pid=454: /Users/micaelsimoes/miniconda3/envs/opf_env_py311/bin/python -u /Users/micaelsimoes/Projects/share-resource-planning-no_esso-degradation/p515_s44_scale_measurement.py --child build --label paper_cycle_snapoff_memfix_r1
12:30:01 build child alive: tree_rss=4633493504 footprint_measure=4633493504 swap_used=928776192 peak_rss_tree=4633493504 peak_footprint_measure=4633493504
12:31:01 build child alive: tree_rss=10638589952 footprint_measure=10638589952 swap_used=928776192 peak_rss_tree=10638589952 peak_footprint_measure=10638589952
12:32:02 build child alive: tree_rss=15295545344 footprint_measure=15994876024 swap_used=928776192 peak_rss_tree=15295545344 peak_footprint_measure=15994876024
12:33:03 build child alive: tree_rss=15049850880 footprint_measure=19651951256 swap_used=928776192 peak_rss_tree=16387702784 peak_footprint_measure=19651951256
12:33:56 build child exited 0 after 296.0s
12:33:56 cycle child started pid=512: /Users/micaelsimoes/miniconda3/envs/opf_env_py311/bin/python -u /Users/micaelsimoes/Projects/share-resource-planning-no_esso-degradation/p515_s44_scale_measurement.py --child cycle --label paper_cycle_snapoff_memfix_r1
12:34:57 cycle child alive: tree_rss=4477534208 footprint_measure=4477534208 swap_used=928776192 peak_rss_tree=4477534208 peak_footprint_measure=4477534208
12:35:57 cycle child alive: tree_rss=7748517888 footprint_measure=7748517888 swap_used=928776192 peak_rss_tree=7748517888 peak_footprint_measure=7748517888
12:36:58 cycle child alive: tree_rss=7496564736 footprint_measure=7496564736 swap_used=928776192 peak_rss_tree=8190492672 peak_footprint_measure=8190492672
12:37:59 cycle child alive: tree_rss=8732196864 footprint_measure=8732196864 swap_used=928776192 peak_rss_tree=8732196864 peak_footprint_measure=8732196864
12:39:00 cycle child alive: tree_rss=8383381504 footprint_measure=8383381504 swap_used=928776192 peak_rss_tree=9108144128 peak_footprint_measure=9108144128
12:40:01 cycle child alive: tree_rss=9556492288 footprint_measure=9556492288 swap_used=928776192 peak_rss_tree=9556492288 peak_footprint_measure=9556492288
12:41:02 cycle child alive: tree_rss=9260531712 footprint_measure=9260531712 swap_used=928776192 peak_rss_tree=9967534080 peak_footprint_measure=9967534080
12:42:02 cycle child alive: tree_rss=14574780416 footprint_measure=14574780416 swap_used=928776192 peak_rss_tree=14752169984 peak_footprint_measure=14752169984
12:43:03 cycle child alive: tree_rss=15136882688 footprint_measure=15136882688 swap_used=928776192 peak_rss_tree=15847636992 peak_footprint_measure=15847636992
12:44:04 cycle child alive: tree_rss=15321841664 footprint_measure=15321841664 swap_used=928776192 peak_rss_tree=16184393728 peak_footprint_measure=16184393728
12:45:05 cycle child alive: tree_rss=15664218112 footprint_measure=15664218112 swap_used=928776192 peak_rss_tree=16456531968 peak_footprint_measure=16456531968
12:46:06 cycle child alive: tree_rss=16080420864 footprint_measure=16080420864 swap_used=928776192 peak_rss_tree=16858005504 peak_footprint_measure=16858005504
12:47:07 cycle child alive: tree_rss=15997861888 footprint_measure=16007934408 swap_used=928776192 peak_rss_tree=17120395264 peak_footprint_measure=17120395264
12:48:08 cycle child alive: tree_rss=14560002048 footprint_measure=16612963072 swap_used=928776192 peak_rss_tree=17120395264 peak_footprint_measure=17120395264
12:49:09 cycle child alive: tree_rss=14162608128 footprint_measure=17940052128 swap_used=928776192 peak_rss_tree=17120395264 peak_footprint_measure=17940052128
12:50:09 cycle child alive: tree_rss=14072528896 footprint_measure=22862758712 swap_used=928776192 peak_rss_tree=17359323136 peak_footprint_measure=22862758712
12:51:10 cycle child alive: tree_rss=9594486784 footprint_measure=23147873440 swap_used=928776192 peak_rss_tree=17359323136 peak_footprint_measure=23147873440
12:52:11 cycle child alive: tree_rss=8527265792 footprint_measure=22402008416 swap_used=928776192 peak_rss_tree=17359323136 peak_footprint_measure=23314744672
12:53:12 cycle child alive: tree_rss=7621492736 footprint_measure=22615066216 swap_used=928776192 peak_rss_tree=17359323136 peak_footprint_measure=23545136744
12:54:12 cycle child alive: tree_rss=9356804096 footprint_measure=23698179928 swap_used=928776192 peak_rss_tree=17359323136 peak_footprint_measure=23698179928
12:55:13 cycle child alive: tree_rss=12250415104 footprint_measure=23256500152 swap_used=928776192 peak_rss_tree=17359323136 peak_footprint_measure=24147429304
12:56:14 cycle child alive: tree_rss=11909349376 footprint_measure=23770138888 swap_used=928776192 peak_rss_tree=17359323136 peak_footprint_measure=24386029736
12:57:15 cycle child alive: tree_rss=11984584704 footprint_measure=23781689752 swap_used=928776192 peak_rss_tree=17359323136 peak_footprint_measure=24666687824
12:58:16 cycle child alive: tree_rss=12211388416 footprint_measure=26463424264 swap_used=928776192 peak_rss_tree=17359323136 peak_footprint_measure=26463424264
12:59:17 cycle child alive: tree_rss=11767021568 footprint_measure=26793611208 swap_used=928776192 peak_rss_tree=17359323136 peak_footprint_measure=26793611208
13:00:18 cycle child alive: tree_rss=12316704768 footprint_measure=26964332824 swap_used=928776192 peak_rss_tree=17359323136 peak_footprint_measure=27016548440
13:01:19 cycle child alive: tree_rss=10921836544 footprint_measure=27682378320 swap_used=928776192 peak_rss_tree=17359323136 peak_footprint_measure=27763610120
13:02:20 cycle child alive: tree_rss=11491573760 footprint_measure=27776389808 swap_used=928776192 peak_rss_tree=17359323136 peak_footprint_measure=27839255168
13:03:20 cycle child alive: tree_rss=10898800640 footprint_measure=28014187328 swap_used=928776192 peak_rss_tree=17359323136 peak_footprint_measure=28031390528
13:04:21 cycle child alive: tree_rss=11086807040 footprint_measure=27568280552 swap_used=928776192 peak_rss_tree=17359323136 peak_footprint_measure=28031390528
13:05:22 cycle child alive: tree_rss=10577051648 footprint_measure=28248069168 swap_used=928776192 peak_rss_tree=17359323136 peak_footprint_measure=28310688816
13:06:23 cycle child alive: tree_rss=11474173952 footprint_measure=28445529232 swap_used=928776192 peak_rss_tree=17359323136 peak_footprint_measure=28445529232
13:07:24 cycle child alive: tree_rss=10587176960 footprint_measure=28497925432 swap_used=928776192 peak_rss_tree=17359323136 peak_footprint_measure=28497925432
13:08:25 cycle child alive: tree_rss=11259936768 footprint_measure=28511344048 swap_used=928776192 peak_rss_tree=17359323136 peak_footprint_measure=28524713344
13:09:26 cycle child alive: tree_rss=11645648896 footprint_measure=28817151456 swap_used=928776192 peak_rss_tree=17359323136 peak_footprint_measure=28817151456
13:10:27 cycle child alive: tree_rss=10377674752 footprint_measure=28061423120 swap_used=928776192 peak_rss_tree=17359323136 peak_footprint_measure=29204911584
13:11:28 cycle child alive: tree_rss=11019173888 footprint_measure=28917896792 swap_used=928776192 peak_rss_tree=17359323136 peak_footprint_measure=29204911584
13:12:28 cycle child alive: tree_rss=8249884672 footprint_measure=28638713576 swap_used=928776192 peak_rss_tree=17359323136 peak_footprint_measure=29204911584
13:13:29 cycle child alive: tree_rss=6334889984 footprint_measure=29007353576 swap_used=928776192 peak_rss_tree=17359323136 peak_footprint_measure=29313832680
13:14:30 cycle child alive: tree_rss=6314999808 footprint_measure=28987102952 swap_used=928776192 peak_rss_tree=17359323136 peak_footprint_measure=29313832680
13:15:30 cycle child alive: tree_rss=7048560640 footprint_measure=29400946552 swap_used=928776192 peak_rss_tree=17359323136 peak_footprint_measure=29434402680
13:16:31 cycle child alive: tree_rss=7050608640 footprint_measure=29402994552 swap_used=928776192 peak_rss_tree=17359323136 peak_footprint_measure=29434402680
13:17:31 cycle child alive: tree_rss=7333265408 footprint_measure=29621164088 swap_used=928776192 peak_rss_tree=17359323136 peak_footprint_measure=29663221816
13:18:32 cycle child alive: tree_rss=6714834944 footprint_measure=29621360696 swap_used=928776192 peak_rss_tree=17359323136 peak_footprint_measure=29663221816
13:19:33 cycle child alive: tree_rss=6672236544 footprint_measure=29561591888 swap_used=928776192 peak_rss_tree=17359323136 peak_footprint_measure=29663221816
13:20:33 cycle child alive: tree_rss=7736901632 footprint_measure=29625850056 swap_used=928776192 peak_rss_tree=17359323136 peak_footprint_measure=29663221816
13:21:34 cycle child alive: tree_rss=7320993792 footprint_measure=29804124456 swap_used=928776192 peak_rss_tree=17359323136 peak_footprint_measure=29812070648
13:22:35 cycle child alive: tree_rss=7256981504 footprint_measure=28988479880 swap_used=928776192 peak_rss_tree=17359323136 peak_footprint_measure=29856717144
13:23:35 cycle child alive: tree_rss=5854396416 footprint_measure=30084094392 swap_used=928776192 peak_rss_tree=17359323136 peak_footprint_measure=30084094392
13:24:36 cycle child alive: tree_rss=7181271040 footprint_measure=30136326728 swap_used=928776192 peak_rss_tree=17359323136 peak_footprint_measure=30136326728
13:25:37 cycle child alive: tree_rss=6815662080 footprint_measure=29415758504 swap_used=928776192 peak_rss_tree=17359323136 peak_footprint_measure=30287059624
13:26:38 cycle child alive: tree_rss=6402981888 footprint_measure=30591769376 swap_used=928776192 peak_rss_tree=17359323136 peak_footprint_measure=30591769376
13:27:39 cycle child alive: tree_rss=6684868608 footprint_measure=30754446256 swap_used=928776192 peak_rss_tree=17359323136 peak_footprint_measure=30754446256
13:28:40 cycle child alive: tree_rss=7995342848 footprint_measure=30829943872 swap_used=928776192 peak_rss_tree=17359323136 peak_footprint_measure=30829943872
13:29:40 cycle child alive: tree_rss=7991443456 footprint_measure=30886059072 swap_used=928776192 peak_rss_tree=17359323136 peak_footprint_measure=30895791168
13:30:41 cycle child alive: tree_rss=8676720640 footprint_measure=30949072032 swap_used=928776192 peak_rss_tree=17359323136 peak_footprint_measure=30950333600
13:31:41 cycle child alive: tree_rss=7167606784 footprint_measure=31256124672 swap_used=928776192 peak_rss_tree=17359323136 peak_footprint_measure=31256124672
13:32:42 cycle child alive: tree_rss=6572015616 footprint_measure=31264005376 swap_used=928776192 peak_rss_tree=17359323136 peak_footprint_measure=31295724800
13:33:43 cycle child alive: tree_rss=7098859520 footprint_measure=31393979744 swap_used=928776192 peak_rss_tree=17359323136 peak_footprint_measure=31393979744
13:34:44 cycle child alive: tree_rss=7599702016 footprint_measure=31428091280 swap_used=928776192 peak_rss_tree=17359323136 peak_footprint_measure=31428091280
13:35:44 cycle child alive: tree_rss=6928138240 footprint_measure=31202860480 swap_used=928776192 peak_rss_tree=17359323136 peak_footprint_measure=31484370368
13:36:45 cycle child alive: tree_rss=8113455104 footprint_measure=30792670800 swap_used=928776192 peak_rss_tree=17359323136 peak_footprint_measure=31592554064
13:37:46 cycle child alive: tree_rss=8759525376 footprint_measure=31622471296 swap_used=928776192 peak_rss_tree=17359323136 peak_footprint_measure=31622471296
13:38:47 cycle child alive: tree_rss=8256061440 footprint_measure=31800745648 swap_used=928776192 peak_rss_tree=17359323136 peak_footprint_measure=31805382272
13:39:48 cycle child alive: tree_rss=8506146816 footprint_measure=31924789008 swap_used=928776192 peak_rss_tree=17359323136 peak_footprint_measure=31924789008
13:40:49 cycle child alive: tree_rss=8493711360 footprint_measure=31449046800 swap_used=928776192 peak_rss_tree=17359323136 peak_footprint_measure=31965765392
13:41:50 cycle child alive: tree_rss=7661060096 footprint_measure=31253978896 swap_used=928776192 peak_rss_tree=17359323136 peak_footprint_measure=31965765392
13:42:51 cycle child alive: tree_rss=11485216768 footprint_measure=31226158888 swap_used=928776192 peak_rss_tree=17359323136 peak_footprint_measure=31965765392
13:43:51 cycle child alive: tree_rss=14891745280 footprint_measure=31226175272 swap_used=928776192 peak_rss_tree=17359323136 peak_footprint_measure=31965765392
13:44:06 cycle child exited 1 after 4209.6s
13:44:06 summary: build_status=complete exit=1
13:44:06 manifest written; done (/Users/micaelsimoes/Projects/share-resource-planning-no_esso-degradation/data/SRP1/Results/P515S44/scale_measurement/paper_cycle_snapoff_memfix_r1)
