[INFO] Scenario random seed: 2026
[INFO] Reading MARKET DATA from file(s)...
[INFO] 	 - Generating market scenarios...
[INFO] 	 - Plotting market scenarios...
[INFO] Reading DISTRIBUTION NETWORK DATA from file(s)...
[INFO]	 - Generating load stochastic scenarios...
[INFO]	 - Generating RES generation stochastic scenarios...
[INFO]	 - Generating flexibility stochastic scenarios...
[INFO]	 - Plotting flexibility profiles...
[INFO]	 - Plotting load scenarios...
[INFO]	 - Plotting RES generation scenarios...
[INFO] Reading DISTRIBUTION NETWORK DATA from file(s)...
[INFO]	 - Generating load stochastic scenarios...
[INFO]	 - Generating RES generation stochastic scenarios...
[INFO]	 - Generating flexibility stochastic scenarios...
[INFO]	 - Plotting flexibility profiles...
[INFO]	 - Plotting load scenarios...
[INFO]	 - Plotting RES generation scenarios...
[INFO] Reading DISTRIBUTION NETWORK DATA from file(s)...
[INFO]	 - Generating load stochastic scenarios...
[INFO]	 - Generating RES generation stochastic scenarios...
[INFO]	 - Generating flexibility stochastic scenarios...
[INFO]	 - Plotting flexibility profiles...
[INFO]	 - Plotting load scenarios...
[INFO]	 - Plotting RES generation scenarios...
[INFO] Reading TRANSMISSION NETWORK DATA from file(s)...
[INFO]	 - Generating load stochastic scenarios...
[INFO]	 - Generating RES generation stochastic scenarios...
[INFO]	 - Generating flexibility stochastic scenarios...
[INFO]	 - Plotting flexibility profiles...
[INFO]	 - Plotting load scenarios...
[INFO]	 - Plotting RES generation scenarios...
[INFO] Scenario checksum: 1e8bdd3e5233442a87fbe44b78281c8ae61b09c09700388fed20ab9684d18aef
[INFO] Reading SHARED ESS DATA from file(s)...
[INFO] Reading PLANNING PARAMETERS from file...
[INFO] 		 - Distribution Network node 7...
[INFO] 			 - Running SMOPF, Network case33_2, 2025, Spring...
[W32-M1 paper_sequence_e_r2] solve 1 init (cold) case33_2 2025 Spring warm=False ok=True wall=18.6s rss 1432.9->1906.7->1766.8 MiB fp 1326.9->1614.2->1466.5 MiB ipopt_peak 964.5 MiB
[INFO] 			 - Running SMOPF, Network case33_2, 2025, Summer...
[W32-M1 paper_sequence_e_r2] solve 2 init (cold) case33_2 2025 Summer warm=False ok=True wall=26.6s rss 1766.9->2076.6->1940.6 MiB fp 1466.5->1683.6->1547.6 MiB ipopt_peak 963.0 MiB
[INFO] 			 - Running SMOPF, Network case33_2, 2025, Autumn...
[W32-M1 paper_sequence_e_r2] solve 3 init (cold) case33_2 2025 Autumn warm=False ok=True wall=18.5s rss 1939.6->2200.9->2075.8 MiB fp 1546.6->1766.0->1640.5 MiB ipopt_peak 967.5 MiB
[INFO] 			 - Running SMOPF, Network case33_2, 2025, Winter...
[W32-M1 paper_sequence_e_r2] solve 4 init (cold) case33_2 2025 Winter warm=False ok=True wall=20.9s rss 2075.8->2345.5->2227.5 MiB fp 1640.5->1836.7->1718.7 MiB ipopt_peak 974.5 MiB
[INFO] 			 - Running SMOPF, Network case33_2, 2025, Spring...
[W32-M1 paper_sequence_e_r2] solve 5 warm pass 1 case33_2 2025 Spring warm=True ok=True wall=16.4s rss 2227.5->2525.9->2413.9 MiB fp 1718.7->1882.5->1770.5 MiB ipopt_peak 940.4 MiB
[INFO] 			 - Running SMOPF, Network case33_2, 2025, Summer...
[W32-M1 paper_sequence_e_r2] solve 6 warm pass 1 case33_2 2025 Summer warm=True ok=True wall=21.6s rss 2413.9->2632.9->2528.9 MiB fp 1770.5->1907.9->1803.9 MiB ipopt_peak 940.3 MiB
[INFO] 			 - Running SMOPF, Network case33_2, 2025, Autumn...
[W32-M1 paper_sequence_e_r2] solve 7 warm pass 1 case33_2 2025 Autumn warm=True ok=True wall=17.2s rss 2528.9->2719.6->2619.6 MiB fp 1803.9->1953.5->1853.5 MiB ipopt_peak 971.7 MiB
[INFO] 			 - Running SMOPF, Network case33_2, 2025, Winter...
[W32-M1 paper_sequence_e_r2] solve 8 warm pass 1 case33_2 2025 Winter warm=True ok=True wall=15.1s rss 2619.6->2791.6->2701.6 MiB fp 1853.5->2000.4->1910.4 MiB ipopt_peak 938.5 MiB
[INFO] 			 - Running SMOPF, Network case33_2, 2025, Spring...
[W32-M1 paper_sequence_e_r2] solve 9 warm pass 2 case33_2 2025 Spring warm=True ok=True wall=15.4s rss 2701.6->2792.2->2703.2 MiB fp 1910.4->2000.9->1911.9 MiB ipopt_peak 939.0 MiB
[INFO] 			 - Running SMOPF, Network case33_2, 2025, Summer...
[W32-M1 paper_sequence_e_r2] solve 10 warm pass 2 case33_2 2025 Summer warm=True ok=True wall=21.7s rss 2703.2->2817.7->2731.7 MiB fp 1911.9->1989.9->1903.9 MiB ipopt_peak 940.6 MiB
[INFO] 			 - Running SMOPF, Network case33_2, 2025, Autumn...
[W32-M1 paper_sequence_e_r2] solve 11 warm pass 2 case33_2 2025 Autumn warm=True ok=True wall=15.1s rss 2731.7->2817.5->2735.5 MiB fp 1903.9->1979.7->1897.7 MiB ipopt_peak 937.9 MiB
[INFO] 			 - Running SMOPF, Network case33_2, 2025, Winter...
[W32-M1 paper_sequence_e_r2] solve 12 warm pass 2 case33_2 2025 Winter warm=True ok=True wall=13.4s rss 2735.5->2822.6->2747.6 MiB fp 1897.7->1979.8->1904.8 MiB ipopt_peak 939.3 MiB
[W32-M1 paper_sequence_e_r2] status=complete solves=12/12
