[INFO] Scenario random seed: 2026
[INFO] Reading MARKET DATA from file(s)...
[INFO] 	 - Generating market scenarios...
[INFO] 	 - Plotting market scenarios...
[INFO] Reading DISTRIBUTION NETWORK DATA from file(s)...
[INFO]	 - Generating load stochastic scenarios...
[INFO]	 - Generating RES generation stochastic scenarios...
[INFO]	 - Generating flexibility stochastic scenarios...
[INFO]	 - Plotting flexibility profiles...
[INFO]	 - Plotting load scenarios...
[INFO]	 - Plotting RES generation scenarios...
[INFO] Reading DISTRIBUTION NETWORK DATA from file(s)...
[INFO]	 - Generating load stochastic scenarios...
[INFO]	 - Generating RES generation stochastic scenarios...
[INFO]	 - Generating flexibility stochastic scenarios...
[INFO]	 - Plotting flexibility profiles...
[INFO]	 - Plotting load scenarios...
[INFO]	 - Plotting RES generation scenarios...
[INFO] Reading DISTRIBUTION NETWORK DATA from file(s)...
[INFO]	 - Generating load stochastic scenarios...
[INFO]	 - Generating RES generation stochastic scenarios...
[INFO]	 - Generating flexibility stochastic scenarios...
[INFO]	 - Plotting flexibility profiles...
[INFO]	 - Plotting load scenarios...
[INFO]	 - Plotting RES generation scenarios...
[INFO] Reading TRANSMISSION NETWORK DATA from file(s)...
[INFO]	 - Generating load stochastic scenarios...
[INFO]	 - Generating RES generation stochastic scenarios...
[INFO]	 - Generating flexibility stochastic scenarios...
[INFO]	 - Plotting flexibility profiles...
[INFO]	 - Plotting load scenarios...
[INFO]	 - Plotting RES generation scenarios...
[INFO] Scenario checksum: 1e8bdd3e5233442a87fbe44b78281c8ae61b09c09700388fed20ab9684d18aef
[INFO] Reading SHARED ESS DATA from file(s)...
[INFO] Reading PLANNING PARAMETERS from file...
[INFO] 		 - Distribution Network node 7...
[INFO] 			 - Running SMOPF, Network case33_2, 2025, Spring...
[W32-M1 paper_sequence_a_r2] solve 1 init (cold) case33_2 2025 Spring warm=False ok=True wall=18.6s rss 1433.8->1934.4->1934.4 MiB fp 1326.4->1611.5->1612.1 MiB ipopt_peak 962.3 MiB
[INFO] 			 - Running SMOPF, Network case33_2, 2025, Summer...
[W32-M1 paper_sequence_a_r2] solve 2 init (cold) case33_2 2025 Summer warm=False ok=True wall=26.6s rss 1935.5->2278.0->2278.0 MiB fp 1612.7->1826.1->1826.1 MiB ipopt_peak 962.8 MiB
[INFO] 			 - Running SMOPF, Network case33_2, 2025, Autumn...
[W32-M1 paper_sequence_a_r2] solve 3 init (cold) case33_2 2025 Autumn warm=False ok=True wall=19.7s rss 2278.0->2561.4->2562.4 MiB fp 1826.1->2048.5->2049.5 MiB ipopt_peak 969.9 MiB
[INFO] 			 - Running SMOPF, Network case33_2, 2025, Winter...
[W32-M1 paper_sequence_a_r2] solve 4 init (cold) case33_2 2025 Winter warm=False ok=True wall=20.9s rss 2562.4->2855.8->2856.3 MiB fp 2049.5->2273.3->2273.8 MiB ipopt_peak 982.1 MiB
[INFO] 			 - Running SMOPF, Network case33_2, 2025, Spring...
[W32-M1 paper_sequence_a_r2] solve 5 warm pass 1 case33_2 2025 Spring warm=True ok=True wall=16.4s rss 2856.3->3203.1->3203.1 MiB fp 2273.8->2436.7->2436.7 MiB ipopt_peak 890.3 MiB
[INFO] 			 - Running SMOPF, Network case33_2, 2025, Summer...
[W32-M1 paper_sequence_a_r2] solve 6 warm pass 1 case33_2 2025 Summer warm=True ok=True wall=22.9s rss 3203.1->3403.0->3403.0 MiB fp 2436.7->2578.5->2578.5 MiB ipopt_peak 940.4 MiB
[INFO] 			 - Running SMOPF, Network case33_2, 2025, Autumn...
[W32-M1 paper_sequence_a_r2] solve 7 warm pass 1 case33_2 2025 Autumn warm=True ok=True wall=17.2s rss 3403.0->3628.8->3628.8 MiB fp 2578.6->2731.4->2731.4 MiB ipopt_peak 953.4 MiB
[INFO] 			 - Running SMOPF, Network case33_2, 2025, Winter...
[W32-M1 paper_sequence_a_r2] solve 8 warm pass 1 case33_2 2025 Winter warm=True ok=True wall=15.1s rss 3628.8->3829.7->3829.7 MiB fp 2731.4->2882.4->2882.4 MiB ipopt_peak 867.3 MiB
[INFO] 			 - Running SMOPF, Network case33_2, 2025, Spring...
[W32-M1 paper_sequence_a_r2] solve 9 warm pass 2 case33_2 2025 Spring warm=True ok=True wall=15.4s rss 3829.7->4029.3->4029.3 MiB fp 2882.4->3010.8->3010.8 MiB ipopt_peak 937.1 MiB
[INFO] 			 - Running SMOPF, Network case33_2, 2025, Summer...
[W32-M1 paper_sequence_a_r2] solve 10 warm pass 2 case33_2 2025 Summer warm=True ok=True wall=21.8s rss 4029.3->3843.4->3843.9 MiB fp 3010.8->3350.1->3349.1 MiB ipopt_peak 936.5 MiB
[INFO] 			 - Running SMOPF, Network case33_2, 2025, Autumn...
[W32-M1 paper_sequence_a_r2] solve 11 warm pass 2 case33_2 2025 Autumn warm=True ok=True wall=16.7s rss 3843.9->3991.4->3992.0 MiB fp 3349.1->3654.1->3654.1 MiB ipopt_peak 938.4 MiB
[INFO] 			 - Running SMOPF, Network case33_2, 2025, Winter...
[W32-M1 paper_sequence_a_r2] solve 12 warm pass 2 case33_2 2025 Winter warm=True ok=True wall=13.5s rss 3992.0->4089.1->4089.1 MiB fp 3654.1->3754.3->3754.3 MiB ipopt_peak 935.8 MiB
[W32-M1 paper_sequence_a_r2] status=complete solves=12/12
