[INFO] Scenario random seed: 2026
[INFO] Reading MARKET DATA from file(s)...
[INFO] 	 - Generating market scenarios...
[INFO] 	 - Plotting market scenarios...
[INFO] Reading DISTRIBUTION NETWORK DATA from file(s)...
[INFO]	 - Generating load stochastic scenarios...
[INFO]	 - Generating RES generation stochastic scenarios...
[INFO]	 - Generating flexibility stochastic scenarios...
[INFO]	 - Plotting flexibility profiles...
[INFO]	 - Plotting load scenarios...
[INFO]	 - Plotting RES generation scenarios...
[INFO] Reading DISTRIBUTION NETWORK DATA from file(s)...
[INFO]	 - Generating load stochastic scenarios...
[INFO]	 - Generating RES generation stochastic scenarios...
[INFO]	 - Generating flexibility stochastic scenarios...
[INFO]	 - Plotting flexibility profiles...
[INFO]	 - Plotting load scenarios...
[INFO]	 - Plotting RES generation scenarios...
[INFO] Reading DISTRIBUTION NETWORK DATA from file(s)...
[INFO]	 - Generating load stochastic scenarios...
[INFO]	 - Generating RES generation stochastic scenarios...
[INFO]	 - Generating flexibility stochastic scenarios...
[INFO]	 - Plotting flexibility profiles...
[INFO]	 - Plotting load scenarios...
[INFO]	 - Plotting RES generation scenarios...
[INFO] Reading TRANSMISSION NETWORK DATA from file(s)...
[INFO]	 - Generating load stochastic scenarios...
[INFO]	 - Generating RES generation stochastic scenarios...
[INFO]	 - Generating flexibility stochastic scenarios...
[INFO]	 - Plotting flexibility profiles...
[INFO]	 - Plotting load scenarios...
[INFO]	 - Plotting RES generation scenarios...
[INFO] Scenario checksum: 1e8bdd3e5233442a87fbe44b78281c8ae61b09c09700388fed20ab9684d18aef
[INFO] Reading SHARED ESS DATA from file(s)...
[INFO] Reading PLANNING PARAMETERS from file...
[INFO] 		 - Distribution Network node 7...
[INFO] 			 - Running SMOPF, Network case33_2, 2025, Spring...
[W32-M1 paper_sequence_e_r1] solve 1 init (cold) case33_2 2025 Spring warm=False ok=True wall=18.6s rss 1434.2->1901.5->1756.1 MiB fp 1327.7->1600.0->1455.2 MiB ipopt_peak 967.6 MiB
[INFO] 			 - Running SMOPF, Network case33_2, 2025, Summer...
[W32-M1 paper_sequence_e_r1] solve 2 init (cold) case33_2 2025 Summer warm=False ok=True wall=26.7s rss 1757.1->2060.1->1920.1 MiB fp 1455.6->1684.0->1544.0 MiB ipopt_peak 966.9 MiB
[INFO] 			 - Running SMOPF, Network case33_2, 2025, Autumn...
[W32-M1 paper_sequence_e_r1] solve 3 init (cold) case33_2 2025 Autumn warm=False ok=True wall=18.5s rss 1920.1->2207.5->2079.5 MiB fp 1544.0->1764.3->1636.3 MiB ipopt_peak 969.3 MiB
[INFO] 			 - Running SMOPF, Network case33_2, 2025, Winter...
[W32-M1 paper_sequence_e_r1] solve 4 init (cold) case33_2 2025 Winter warm=False ok=True wall=20.9s rss 2079.5->2338.5->2214.5 MiB fp 1636.3->1835.1->1711.1 MiB ipopt_peak 973.4 MiB
[INFO] 			 - Running SMOPF, Network case33_2, 2025, Spring...
[W32-M1 paper_sequence_e_r1] solve 5 warm pass 1 case33_2 2025 Spring warm=True ok=True wall=16.5s rss 2214.5->2510.6->2387.6 MiB fp 1711.1->1881.1->1758.1 MiB ipopt_peak 937.2 MiB
[INFO] 			 - Running SMOPF, Network case33_2, 2025, Summer...
[W32-M1 paper_sequence_e_r1] solve 6 warm pass 1 case33_2 2025 Summer warm=True ok=True wall=21.5s rss 2387.6->2602.3->2487.3 MiB fp 1758.1->1907.1->1792.0 MiB ipopt_peak 937.5 MiB
[INFO] 			 - Running SMOPF, Network case33_2, 2025, Autumn...
[W32-M1 paper_sequence_e_r1] solve 7 warm pass 1 case33_2 2025 Autumn warm=True ok=True wall=17.2s rss 2487.3->2705.6->2590.6 MiB fp 1792.0->1952.4->1837.4 MiB ipopt_peak 967.5 MiB
[INFO] 			 - Running SMOPF, Network case33_2, 2025, Winter...
[W32-M1 paper_sequence_e_r1] solve 8 warm pass 1 case33_2 2025 Winter warm=True ok=True wall=15.0s rss 2590.6->2785.4->2678.4 MiB fp 1837.4->1998.1->1891.1 MiB ipopt_peak 942.0 MiB
[INFO] 			 - Running SMOPF, Network case33_2, 2025, Spring...
[W32-M1 paper_sequence_e_r1] solve 9 warm pass 2 case33_2 2025 Spring warm=True ok=True wall=15.3s rss 2678.4->2799.7->2703.7 MiB fp 1891.1->1997.9->1901.9 MiB ipopt_peak 940.6 MiB
[INFO] 			 - Running SMOPF, Network case33_2, 2025, Summer...
[W32-M1 paper_sequence_e_r1] solve 10 warm pass 2 case33_2 2025 Summer warm=True ok=True wall=21.6s rss 2703.7->2799.5->2714.0 MiB fp 1901.9->1988.7->1903.2 MiB ipopt_peak 941.1 MiB
[INFO] 			 - Running SMOPF, Network case33_2, 2025, Autumn...
[W32-M1 paper_sequence_e_r1] solve 11 warm pass 2 case33_2 2025 Autumn warm=True ok=True wall=15.1s rss 2714.0->2799.7->2716.7 MiB fp 1903.2->1979.0->1896.0 MiB ipopt_peak 937.8 MiB
[INFO] 			 - Running SMOPF, Network case33_2, 2025, Winter...
[W32-M1 paper_sequence_e_r1] solve 12 warm pass 2 case33_2 2025 Winter warm=True ok=True wall=13.4s rss 2716.7->2801.7->2724.7 MiB fp 1896.0->1981.0->1904.0 MiB ipopt_peak 937.6 MiB
[W32-M1 paper_sequence_e_r1] status=complete solves=12/12
