[INFO] Scenario random seed: 2026
[INFO] Reading MARKET DATA from file(s)...
[INFO] 	 - Generating market scenarios...
[INFO] 	 - Plotting market scenarios...
[INFO] Reading DISTRIBUTION NETWORK DATA from file(s)...
[INFO]	 - Generating load stochastic scenarios...
[INFO]	 - Generating RES generation stochastic scenarios...
[INFO]	 - Generating flexibility stochastic scenarios...
[INFO]	 - Plotting flexibility profiles...
[INFO]	 - Plotting load scenarios...
[INFO]	 - Plotting RES generation scenarios...
[INFO] Reading DISTRIBUTION NETWORK DATA from file(s)...
[INFO]	 - Generating load stochastic scenarios...
[INFO]	 - Generating RES generation stochastic scenarios...
[INFO]	 - Generating flexibility stochastic scenarios...
[INFO]	 - Plotting flexibility profiles...
[INFO]	 - Plotting load scenarios...
[INFO]	 - Plotting RES generation scenarios...
[INFO] Reading DISTRIBUTION NETWORK DATA from file(s)...
[INFO]	 - Generating load stochastic scenarios...
[INFO]	 - Generating RES generation stochastic scenarios...
[INFO]	 - Generating flexibility stochastic scenarios...
[INFO]	 - Plotting flexibility profiles...
[INFO]	 - Plotting load scenarios...
[INFO]	 - Plotting RES generation scenarios...
[INFO] Reading TRANSMISSION NETWORK DATA from file(s)...
[INFO]	 - Generating load stochastic scenarios...
[INFO]	 - Generating RES generation stochastic scenarios...
[INFO]	 - Generating flexibility stochastic scenarios...
[INFO]	 - Plotting flexibility profiles...
[INFO]	 - Plotting load scenarios...
[INFO]	 - Plotting RES generation scenarios...
[INFO] Scenario checksum: 1e8bdd3e5233442a87fbe44b78281c8ae61b09c09700388fed20ab9684d18aef
[INFO] Reading SHARED ESS DATA from file(s)...
[INFO] Reading PLANNING PARAMETERS from file...
[INFO] 		 - Distribution Network node 7...
[INFO] 			 - Running SMOPF, Network case33_2, 2025, Spring...
[W32-M1 paper_long_a_r1] solve 1 init (cold) case33_2 2025 Spring warm=False ok=True wall=18.9s rss 630.1->1091.4->1091.4 MiB fp 525.6->806.1->806.1 MiB ipopt_peak 967.7 MiB
[INFO] 			 - Running SMOPF, Network case33_2, 2025, Spring...
[W32-M1 paper_long_a_r1] solve 2 warm pass 1 case33_2 2025 Spring warm=True ok=True wall=16.8s rss 1091.9->1500.0->1500.5 MiB fp 806.6->976.7->976.7 MiB ipopt_peak 937.4 MiB
[INFO] 			 - Running SMOPF, Network case33_2, 2025, Spring...
[W32-M1 paper_long_a_r1] solve 3 warm pass 2 case33_2 2025 Spring warm=True ok=True wall=15.6s rss 1501.6->1674.6->1674.6 MiB fp 977.8->1084.8->1084.8 MiB ipopt_peak 939.4 MiB
[INFO] 			 - Running SMOPF, Network case33_2, 2025, Spring...
[W32-M1 paper_long_a_r1] solve 4 warm pass 3 case33_2 2025 Spring warm=True ok=True wall=16.7s rss 1580.6->1687.7->1687.7 MiB fp 990.8->1084.8->1084.8 MiB ipopt_peak 940.5 MiB
[INFO] 			 - Running SMOPF, Network case33_2, 2025, Spring...
[W32-M1 paper_long_a_r1] solve 5 warm pass 4 case33_2 2025 Spring warm=True ok=True wall=15.7s rss 1600.7->1724.8->1724.8 MiB fp 997.8->1084.8->1084.8 MiB ipopt_peak 938.8 MiB
[INFO] 			 - Running SMOPF, Network case33_2, 2025, Spring...
[W32-M1 paper_long_a_r1] solve 6 warm pass 5 case33_2 2025 Spring warm=True ok=True wall=16.7s rss 1657.8->1729.5->1729.5 MiB fp 1017.8->1084.9->1084.9 MiB ipopt_peak 859.1 MiB
[INFO] 			 - Running SMOPF, Network case33_2, 2025, Spring...
[W32-M1 paper_long_a_r1] solve 7 warm pass 6 case33_2 2025 Spring warm=True ok=True wall=15.6s rss 1674.5->1753.6->1753.6 MiB fp 1029.9->1085.0->1085.0 MiB ipopt_peak 937.1 MiB
[INFO] 			 - Running SMOPF, Network case33_2, 2025, Spring...
[W32-M1 paper_long_a_r1] solve 8 warm pass 7 case33_2 2025 Spring warm=True ok=True wall=16.4s rss 1706.6->1754.4->1754.4 MiB fp 1038.0->1085.7->1085.7 MiB ipopt_peak 938.8 MiB
[INFO] 			 - Running SMOPF, Network case33_2, 2025, Spring...
[W32-M1 paper_long_a_r1] solve 9 warm pass 8 case33_2 2025 Spring warm=True ok=True wall=15.6s rss 1716.4->1772.4->1772.4 MiB fp 1047.7->1084.7->1084.7 MiB ipopt_peak 938.8 MiB
[INFO] 			 - Running SMOPF, Network case33_2, 2025, Spring...
[W32-M1 paper_long_a_r1] solve 10 warm pass 9 case33_2 2025 Spring warm=True ok=True wall=16.7s rss 1746.4->1778.5->1778.5 MiB fp 1058.7->1084.7->1084.7 MiB ipopt_peak 938.4 MiB
[W32-M1 paper_long_a_r1] status=complete solves=10/10
