[INFO] Scenario random seed: 2026
[INFO] Reading MARKET DATA from file(s)...
[INFO] 	 - Generating market scenarios...
[INFO] 	 - Plotting market scenarios...
[INFO] Reading DISTRIBUTION NETWORK DATA from file(s)...
[INFO]	 - Generating load stochastic scenarios...
[INFO]	 - Generating RES generation stochastic scenarios...
[INFO]	 - Generating flexibility stochastic scenarios...
[INFO]	 - Plotting flexibility profiles...
[INFO]	 - Plotting load scenarios...
[INFO]	 - Plotting RES generation scenarios...
[INFO] Reading DISTRIBUTION NETWORK DATA from file(s)...
[INFO]	 - Generating load stochastic scenarios...
[INFO]	 - Generating RES generation stochastic scenarios...
[INFO]	 - Generating flexibility stochastic scenarios...
[INFO]	 - Plotting flexibility profiles...
[INFO]	 - Plotting load scenarios...
[INFO]	 - Plotting RES generation scenarios...
[INFO] Reading DISTRIBUTION NETWORK DATA from file(s)...
[INFO]	 - Generating load stochastic scenarios...
[INFO]	 - Generating RES generation stochastic scenarios...
[INFO]	 - Generating flexibility stochastic scenarios...
[INFO]	 - Plotting flexibility profiles...
[INFO]	 - Plotting load scenarios...
[INFO]	 - Plotting RES generation scenarios...
[INFO] Reading TRANSMISSION NETWORK DATA from file(s)...
[INFO]	 - Generating load stochastic scenarios...
[INFO]	 - Generating RES generation stochastic scenarios...
[INFO]	 - Generating flexibility stochastic scenarios...
[INFO]	 - Plotting flexibility profiles...
[INFO]	 - Plotting load scenarios...
[INFO]	 - Plotting RES generation scenarios...
[INFO] Scenario checksum: 1e8bdd3e5233442a87fbe44b78281c8ae61b09c09700388fed20ab9684d18aef
[INFO] Reading SHARED ESS DATA from file(s)...
[INFO] Reading PLANNING PARAMETERS from file...
[INFO] 		 - Distribution Network node 7...
[INFO] 			 - Running SMOPF, Network case33_2, 2025, Spring...
[W32-M1 paper_single_c_r2] solve 1 init (cold) case33_2 2025 Spring warm=False ok=True wall=18.8s rss 630.7->1084.2->946.8 MiB fp 523.0->798.2->660.7 MiB ipopt_peak 888.2 MiB
[INFO] 			 - Running SMOPF, Network case33_2, 2025, Spring...
[W32-M1 paper_single_c_r2] solve 2 warm pass 1 case33_2 2025 Spring warm=True ok=True wall=16.7s rss 946.8->1305.9->1170.9 MiB fp 660.7->853.2->718.2 MiB ipopt_peak 940.2 MiB
[INFO] 			 - Running SMOPF, Network case33_2, 2025, Spring...
[W32-M1 paper_single_c_r2] solve 3 warm pass 2 case33_2 2025 Spring warm=True ok=True wall=15.6s rss 1170.9->1378.8->1260.8 MiB fp 718.2->834.4->716.4 MiB ipopt_peak 934.5 MiB
[W32-M1 paper_single_c_r2] status=complete solves=3/3
