[INFO] Scenario random seed: 2026
[INFO] Reading MARKET DATA from file(s)...
[INFO] 	 - Generating market scenarios...
[INFO] 	 - Plotting market scenarios...
[INFO] Reading DISTRIBUTION NETWORK DATA from file(s)...
[INFO]	 - Generating load stochastic scenarios...
[INFO]	 - Generating RES generation stochastic scenarios...
[INFO]	 - Generating flexibility stochastic scenarios...
[INFO]	 - Plotting flexibility profiles...
[INFO]	 - Plotting load scenarios...
[INFO]	 - Plotting RES generation scenarios...
[INFO] Reading DISTRIBUTION NETWORK DATA from file(s)...
[INFO]	 - Generating load stochastic scenarios...
[INFO]	 - Generating RES generation stochastic scenarios...
[INFO]	 - Generating flexibility stochastic scenarios...
[INFO]	 - Plotting flexibility profiles...
[INFO]	 - Plotting load scenarios...
[INFO]	 - Plotting RES generation scenarios...
[INFO] Reading DISTRIBUTION NETWORK DATA from file(s)...
[INFO]	 - Generating load stochastic scenarios...
[INFO]	 - Generating RES generation stochastic scenarios...
[INFO]	 - Generating flexibility stochastic scenarios...
[INFO]	 - Plotting flexibility profiles...
[INFO]	 - Plotting load scenarios...
[INFO]	 - Plotting RES generation scenarios...
[INFO] Reading TRANSMISSION NETWORK DATA from file(s)...
[INFO]	 - Generating load stochastic scenarios...
[INFO]	 - Generating RES generation stochastic scenarios...
[INFO]	 - Generating flexibility stochastic scenarios...
[INFO]	 - Plotting flexibility profiles...
[INFO]	 - Plotting load scenarios...
[INFO]	 - Plotting RES generation scenarios...
[INFO] Scenario checksum: 1e8bdd3e5233442a87fbe44b78281c8ae61b09c09700388fed20ab9684d18aef
[INFO] Reading SHARED ESS DATA from file(s)...
[INFO] Reading PLANNING PARAMETERS from file...
[INFO] 		 - Distribution Network node 7...
[INFO] 			 - Running SMOPF, Network case33_2, 2025, Spring...
[W32-M1 paper_single_a_r3] solve 1 init (cold) case33_2 2025 Spring warm=False ok=True wall=18.8s rss 629.2->1087.4->1088.0 MiB fp 521.1->795.0->795.6 MiB ipopt_peak 967.6 MiB
[INFO] 			 - Running SMOPF, Network case33_2, 2025, Spring...
[W32-M1 paper_single_a_r3] solve 2 warm pass 1 case33_2 2025 Spring warm=True ok=True wall=16.9s rss 1088.0->1494.6->1494.6 MiB fp 795.6->966.7->966.7 MiB ipopt_peak 924.8 MiB
[INFO] 			 - Running SMOPF, Network case33_2, 2025, Spring...
[W32-M1 paper_single_a_r3] solve 3 warm pass 2 case33_2 2025 Spring warm=True ok=True wall=15.6s rss 1494.6->1694.7->1694.7 MiB fp 966.7->1075.9->1075.9 MiB ipopt_peak 938.7 MiB
[W32-M1 paper_single_a_r3] status=complete solves=3/3
