[INFO] Scenario random seed: 2026
[INFO] Reading MARKET DATA from file(s)...
[INFO] 	 - Generating market scenarios...
[INFO] 	 - Plotting market scenarios...
[INFO] Reading DISTRIBUTION NETWORK DATA from file(s)...
[INFO]	 - Generating load stochastic scenarios...
[INFO]	 - Generating RES generation stochastic scenarios...
[INFO]	 - Generating flexibility stochastic scenarios...
[INFO]	 - Plotting flexibility profiles...
[INFO]	 - Plotting load scenarios...
[INFO]	 - Plotting RES generation scenarios...
[INFO] Reading DISTRIBUTION NETWORK DATA from file(s)...
[INFO]	 - Generating load stochastic scenarios...
[INFO]	 - Generating RES generation stochastic scenarios...
[INFO]	 - Generating flexibility stochastic scenarios...
[INFO]	 - Plotting flexibility profiles...
[INFO]	 - Plotting load scenarios...
[INFO]	 - Plotting RES generation scenarios...
[INFO] Reading DISTRIBUTION NETWORK DATA from file(s)...
[INFO]	 - Generating load stochastic scenarios...
[INFO]	 - Generating RES generation stochastic scenarios...
[INFO]	 - Generating flexibility stochastic scenarios...
[INFO]	 - Plotting flexibility profiles...
[INFO]	 - Plotting load scenarios...
[INFO]	 - Plotting RES generation scenarios...
[INFO] Reading TRANSMISSION NETWORK DATA from file(s)...
[INFO]	 - Generating load stochastic scenarios...
[INFO]	 - Generating RES generation stochastic scenarios...
[INFO]	 - Generating flexibility stochastic scenarios...
[INFO]	 - Plotting flexibility profiles...
[INFO]	 - Plotting load scenarios...
[INFO]	 - Plotting RES generation scenarios...
[INFO] Scenario checksum: 1e8bdd3e5233442a87fbe44b78281c8ae61b09c09700388fed20ab9684d18aef
[INFO] Reading SHARED ESS DATA from file(s)...
[INFO] Reading PLANNING PARAMETERS from file...
[INFO] 		 - Distribution Network node 7...
[INFO] 			 - Running SMOPF, Network case33_2, 2025, Spring...
[W32-M1 paper_single_d_r3] solve 1 init (cold) case33_2 2025 Spring warm=False ok=True wall=18.9s rss 632.5->1092.1->1091.1 MiB fp 529.1->802.4->801.4 MiB ipopt_peak 970.9 MiB
[INFO] 			 - Running SMOPF, Network case33_2, 2025, Spring...
[W32-M1 paper_single_d_r3] solve 2 warm pass 1 case33_2 2025 Spring warm=True ok=True wall=16.4s rss 1091.1->1470.5->1470.5 MiB fp 801.4->976.3->976.3 MiB ipopt_peak 859.2 MiB
[INFO] 			 - Running SMOPF, Network case33_2, 2025, Spring...
[W32-M1 paper_single_d_r3] solve 3 warm pass 2 case33_2 2025 Spring warm=True ok=True wall=15.3s rss 1470.5->1651.5->1651.0 MiB fp 976.3->1085.2->1084.7 MiB ipopt_peak 859.1 MiB
[W32-M1 paper_single_d_r3] status=complete solves=3/3
