[INFO] Scenario random seed: 2026
[INFO] Reading MARKET DATA from file(s)...
[INFO] 	 - Generating market scenarios...
[INFO] 	 - Plotting market scenarios...
[INFO] Reading DISTRIBUTION NETWORK DATA from file(s)...
[INFO]	 - Generating load stochastic scenarios...
[INFO]	 - Generating RES generation stochastic scenarios...
[INFO]	 - Generating flexibility stochastic scenarios...
[INFO]	 - Plotting flexibility profiles...
[INFO]	 - Plotting load scenarios...
[INFO]	 - Plotting RES generation scenarios...
[INFO] Reading DISTRIBUTION NETWORK DATA from file(s)...
[INFO]	 - Generating load stochastic scenarios...
[INFO]	 - Generating RES generation stochastic scenarios...
[INFO]	 - Generating flexibility stochastic scenarios...
[INFO]	 - Plotting flexibility profiles...
[INFO]	 - Plotting load scenarios...
[INFO]	 - Plotting RES generation scenarios...
[INFO] Reading DISTRIBUTION NETWORK DATA from file(s)...
[INFO]	 - Generating load stochastic scenarios...
[INFO]	 - Generating RES generation stochastic scenarios...
[INFO]	 - Generating flexibility stochastic scenarios...
[INFO]	 - Plotting flexibility profiles...
[INFO]	 - Plotting load scenarios...
[INFO]	 - Plotting RES generation scenarios...
[INFO] Reading TRANSMISSION NETWORK DATA from file(s)...
[INFO]	 - Generating load stochastic scenarios...
[INFO]	 - Generating RES generation stochastic scenarios...
[INFO]	 - Generating flexibility stochastic scenarios...
[INFO]	 - Plotting flexibility profiles...
[INFO]	 - Plotting load scenarios...
[INFO]	 - Plotting RES generation scenarios...
[INFO] Scenario checksum: 1e8bdd3e5233442a87fbe44b78281c8ae61b09c09700388fed20ab9684d18aef
[INFO] Reading SHARED ESS DATA from file(s)...
[INFO] Reading PLANNING PARAMETERS from file...
[INFO] 		 - Distribution Network node 7...
[INFO] 			 - Running SMOPF, Network case33_2, 2025, Spring...
[W32-M1 paper_sequence_a_r1] solve 1 init (cold) case33_2 2025 Spring warm=False ok=True wall=18.6s rss 1439.3->1927.4->1927.4 MiB fp 1334.4->1617.7->1617.7 MiB ipopt_peak 943.2 MiB
[INFO] 			 - Running SMOPF, Network case33_2, 2025, Summer...
[W32-M1 paper_sequence_a_r1] solve 2 init (cold) case33_2 2025 Summer warm=False ok=True wall=26.6s rss 1927.4->2263.2->2263.2 MiB fp 1617.7->1832.0->1832.0 MiB ipopt_peak 962.2 MiB
[INFO] 			 - Running SMOPF, Network case33_2, 2025, Autumn...
[W32-M1 paper_sequence_a_r1] solve 3 init (cold) case33_2 2025 Autumn warm=False ok=True wall=19.7s rss 2263.2->2570.2->2571.7 MiB fp 1832.0->2052.8->2054.3 MiB ipopt_peak 968.2 MiB
[INFO] 			 - Running SMOPF, Network case33_2, 2025, Winter...
[W32-M1 paper_sequence_a_r1] solve 4 init (cold) case33_2 2025 Winter warm=False ok=True wall=20.9s rss 2571.7->2889.3->2889.3 MiB fp 2054.3->2285.5->2285.5 MiB ipopt_peak 974.8 MiB
[INFO] 			 - Running SMOPF, Network case33_2, 2025, Spring...
[W32-M1 paper_sequence_a_r1] solve 5 warm pass 1 case33_2 2025 Spring warm=True ok=True wall=16.4s rss 2889.3->3228.4->3228.4 MiB fp 2285.5->2447.7->2447.7 MiB ipopt_peak 939.0 MiB
[INFO] 			 - Running SMOPF, Network case33_2, 2025, Summer...
[W32-M1 paper_sequence_a_r1] solve 6 warm pass 1 case33_2 2025 Summer warm=True ok=True wall=22.8s rss 3228.4->3497.0->3497.0 MiB fp 2447.7->2589.5->2589.5 MiB ipopt_peak 939.0 MiB
[INFO] 			 - Running SMOPF, Network case33_2, 2025, Autumn...
[W32-M1 paper_sequence_a_r1] solve 7 warm pass 1 case33_2 2025 Autumn warm=True ok=True wall=17.2s rss 3497.0->3738.0->3738.0 MiB fp 2589.5->2742.4->2742.4 MiB ipopt_peak 960.4 MiB
[INFO] 			 - Running SMOPF, Network case33_2, 2025, Winter...
[W32-M1 paper_sequence_a_r1] solve 8 warm pass 1 case33_2 2025 Winter warm=True ok=True wall=15.1s rss 3738.0->3920.3->3920.3 MiB fp 2742.4->2894.7->2894.7 MiB ipopt_peak 950.7 MiB
[INFO] 			 - Running SMOPF, Network case33_2, 2025, Spring...
[W32-M1 paper_sequence_a_r1] solve 9 warm pass 2 case33_2 2025 Spring warm=True ok=True wall=15.3s rss 3920.3->4080.3->4080.3 MiB fp 2894.7->3023.0->3023.0 MiB ipopt_peak 937.1 MiB
[INFO] 			 - Running SMOPF, Network case33_2, 2025, Summer...
[W32-M1 paper_sequence_a_r1] solve 10 warm pass 2 case33_2 2025 Summer warm=True ok=True wall=21.6s rss 4080.3->4216.5->4216.5 MiB fp 3023.0->3151.2->3151.2 MiB ipopt_peak 937.2 MiB
[INFO] 			 - Running SMOPF, Network case33_2, 2025, Autumn...
[W32-M1 paper_sequence_a_r1] solve 11 warm pass 2 case33_2 2025 Autumn warm=True ok=True wall=16.5s rss 4216.5->4371.1->4371.1 MiB fp 3151.2->3278.6->3278.6 MiB ipopt_peak 939.1 MiB
[INFO] 			 - Running SMOPF, Network case33_2, 2025, Winter...
[W32-M1 paper_sequence_a_r1] solve 12 warm pass 2 case33_2 2025 Winter warm=True ok=True wall=13.4s rss 4371.1->4499.6->4499.6 MiB fp 3278.6->3407.2->3407.2 MiB ipopt_peak 858.5 MiB
[W32-M1 paper_sequence_a_r1] status=complete solves=12/12
