[INFO] Scenario random seed: 2026
[INFO] Reading MARKET DATA from file(s)...
[INFO] 	 - Generating market scenarios...
[INFO] 	 - Plotting market scenarios...
[INFO] Reading DISTRIBUTION NETWORK DATA from file(s)...
[INFO]	 - Generating load stochastic scenarios...
[INFO]	 - Generating RES generation stochastic scenarios...
[INFO]	 - Generating flexibility stochastic scenarios...
[INFO]	 - Plotting flexibility profiles...
[INFO]	 - Plotting load scenarios...
[INFO]	 - Plotting RES generation scenarios...
[INFO] Reading DISTRIBUTION NETWORK DATA from file(s)...
[INFO]	 - Generating load stochastic scenarios...
[INFO]	 - Generating RES generation stochastic scenarios...
[INFO]	 - Generating flexibility stochastic scenarios...
[INFO]	 - Plotting flexibility profiles...
[INFO]	 - Plotting load scenarios...
[INFO]	 - Plotting RES generation scenarios...
[INFO] Reading DISTRIBUTION NETWORK DATA from file(s)...
[INFO]	 - Generating load stochastic scenarios...
[INFO]	 - Generating RES generation stochastic scenarios...
[INFO]	 - Generating flexibility stochastic scenarios...
[INFO]	 - Plotting flexibility profiles...
[INFO]	 - Plotting load scenarios...
[INFO]	 - Plotting RES generation scenarios...
[INFO] Reading TRANSMISSION NETWORK DATA from file(s)...
[INFO]	 - Generating load stochastic scenarios...
[INFO]	 - Generating RES generation stochastic scenarios...
[INFO]	 - Generating flexibility stochastic scenarios...
[INFO]	 - Plotting flexibility profiles...
[INFO]	 - Plotting load scenarios...
[INFO]	 - Plotting RES generation scenarios...
[INFO] Scenario checksum: 5a02b77ccbbbbbb869de92958a3851d095624711abc2dbfc0157466064410358
[INFO] Reading SHARED ESS DATA from file(s)...
[INFO] Reading PLANNING PARAMETERS from file...
[INFO] 		 - Distribution Network node 7...
[INFO] 			 - Running SMOPF, Network case33_2, 2025, Spring...
[W32-M1 srp1_long_e_r1] solve 1 init (cold) case33_2 2025 Spring warm=False ok=True wall=0.7s rss 351.0->366.0->363.5 MiB fp 248.3->263.3->260.9 MiB ipopt_peak 44.1 MiB
[INFO] 			 - Running SMOPF, Network case33_2, 2025, Spring...
[W32-M1 srp1_long_e_r1] solve 2 warm pass 1 case33_2 2025 Spring warm=True ok=True wall=0.5s rss 363.5->375.1->373.1 MiB fp 260.9->267.8->265.8 MiB ipopt_peak 43.8 MiB
[INFO] 			 - Running SMOPF, Network case33_2, 2025, Spring...
[W32-M1 srp1_long_e_r1] solve 3 warm pass 2 case33_2 2025 Spring warm=True ok=True wall=0.5s rss 373.1->375.8->376.7 MiB fp 265.8->266.4->267.4 MiB ipopt_peak 43.7 MiB
[INFO] 			 - Running SMOPF, Network case33_2, 2025, Spring...
[W32-M1 srp1_long_e_r1] solve 4 warm pass 3 case33_2 2025 Spring warm=True ok=True wall=0.5s rss 377.2->379.0->379.6 MiB fp 267.9->269.0->269.5 MiB ipopt_peak 43.7 MiB
[INFO] 			 - Running SMOPF, Network case33_2, 2025, Spring...
[W32-M1 srp1_long_e_r1] solve 5 warm pass 4 case33_2 2025 Spring warm=True ok=True wall=0.4s rss 379.6->379.6->378.6 MiB fp 269.5->269.5->268.5 MiB ipopt_peak 43.6 MiB
[INFO] 			 - Running SMOPF, Network case33_2, 2025, Spring...
[W32-M1 srp1_long_e_r1] solve 6 warm pass 5 case33_2 2025 Spring warm=True ok=True wall=0.5s rss 378.6->380.2->379.2 MiB fp 268.5->270.0->269.0 MiB ipopt_peak 47.4 MiB
[INFO] 			 - Running SMOPF, Network case33_2, 2025, Spring...
[W32-M1 srp1_long_e_r1] solve 7 warm pass 6 case33_2 2025 Spring warm=True ok=True wall=0.5s rss 379.2->386.1->386.1 MiB fp 269.0->270.1->270.1 MiB ipopt_peak 43.8 MiB
[INFO] 			 - Running SMOPF, Network case33_2, 2025, Spring...
[W32-M1 srp1_long_e_r1] solve 8 warm pass 7 case33_2 2025 Spring warm=True ok=True wall=0.4s rss 386.2->386.2->386.2 MiB fp 270.1->270.1->270.1 MiB ipopt_peak 43.6 MiB
[INFO] 			 - Running SMOPF, Network case33_2, 2025, Spring...
[W32-M1 srp1_long_e_r1] solve 9 warm pass 8 case33_2 2025 Spring warm=True ok=True wall=0.4s rss 386.2->392.2->392.2 MiB fp 270.1->269.7->269.7 MiB ipopt_peak 43.8 MiB
[INFO] 			 - Running SMOPF, Network case33_2, 2025, Spring...
[W32-M1 srp1_long_e_r1] solve 10 warm pass 9 case33_2 2025 Spring warm=True ok=True wall=0.4s rss 392.2->392.9->392.9 MiB fp 269.7->269.7->269.8 MiB ipopt_peak 43.6 MiB
[W32-M1 srp1_long_e_r1] status=complete solves=10/10
