[INFO] Scenario random seed: 2026
[INFO] Reading MARKET DATA from file(s)...
[INFO] 	 - Generating market scenarios...
[INFO] 	 - Plotting market scenarios...
[INFO] Reading DISTRIBUTION NETWORK DATA from file(s)...
[INFO]	 - Generating load stochastic scenarios...
[INFO]	 - Generating RES generation stochastic scenarios...
[INFO]	 - Generating flexibility stochastic scenarios...
[INFO]	 - Plotting flexibility profiles...
[INFO]	 - Plotting load scenarios...
[INFO]	 - Plotting RES generation scenarios...
[INFO] Reading DISTRIBUTION NETWORK DATA from file(s)...
[INFO]	 - Generating load stochastic scenarios...
[INFO]	 - Generating RES generation stochastic scenarios...
[INFO]	 - Generating flexibility stochastic scenarios...
[INFO]	 - Plotting flexibility profiles...
[INFO]	 - Plotting load scenarios...
[INFO]	 - Plotting RES generation scenarios...
[INFO] Reading DISTRIBUTION NETWORK DATA from file(s)...
[INFO]	 - Generating load stochastic scenarios...
[INFO]	 - Generating RES generation stochastic scenarios...
[INFO]	 - Generating flexibility stochastic scenarios...
[INFO]	 - Plotting flexibility profiles...
[INFO]	 - Plotting load scenarios...
[INFO]	 - Plotting RES generation scenarios...
[INFO] Reading TRANSMISSION NETWORK DATA from file(s)...
[INFO]	 - Generating load stochastic scenarios...
[INFO]	 - Generating RES generation stochastic scenarios...
[INFO]	 - Generating flexibility stochastic scenarios...
[INFO]	 - Plotting flexibility profiles...
[INFO]	 - Plotting load scenarios...
[INFO]	 - Plotting RES generation scenarios...
[INFO] Scenario checksum: 5a02b77ccbbbbbb869de92958a3851d095624711abc2dbfc0157466064410358
[INFO] Reading SHARED ESS DATA from file(s)...
[INFO] Reading PLANNING PARAMETERS from file...
[INFO] 		 - Distribution Network node 7...
[INFO] 			 - Running SMOPF, Network case33_2, 2025, Spring...
[W32-M1 srp1_sequence_a_r1] solve 1 init (cold) case33_2 2025 Spring warm=False ok=True wall=0.6s rss 380.9->397.2->397.7 MiB fp 281.3->297.0->297.0 MiB ipopt_peak 44.0 MiB
[INFO] 			 - Running SMOPF, Network case33_2, 2025, Summer...
[W32-M1 srp1_sequence_a_r1] solve 2 init (cold) case33_2 2025 Summer warm=False ok=True wall=0.5s rss 397.7->405.2->405.2 MiB fp 297.0->304.0->304.0 MiB ipopt_peak 44.2 MiB
[INFO] 			 - Running SMOPF, Network case33_2, 2025, Autumn...
[W32-M1 srp1_sequence_a_r1] solve 3 init (cold) case33_2 2025 Autumn warm=False ok=True wall=0.6s rss 405.2->417.4->417.4 MiB fp 304.0->314.3->314.3 MiB ipopt_peak 44.0 MiB
[INFO] 			 - Running SMOPF, Network case33_2, 2025, Winter...
[W32-M1 srp1_sequence_a_r1] solve 4 init (cold) case33_2 2025 Winter warm=False ok=True wall=0.6s rss 417.4->432.3->432.3 MiB fp 314.3->325.4->325.4 MiB ipopt_peak 49.8 MiB
[INFO] 			 - Running SMOPF, Network case33_2, 2025, Spring...
[W32-M1 srp1_sequence_a_r1] solve 5 warm pass 1 case33_2 2025 Spring warm=True ok=True wall=0.5s rss 432.3->447.2->447.2 MiB fp 325.4->331.6->331.6 MiB ipopt_peak 43.7 MiB
[INFO] 			 - Running SMOPF, Network case33_2, 2025, Summer...
[W32-M1 srp1_sequence_a_r1] solve 6 warm pass 1 case33_2 2025 Summer warm=True ok=True wall=0.5s rss 447.2->456.6->456.6 MiB fp 331.6->340.8->340.8 MiB ipopt_peak 43.8 MiB
[INFO] 			 - Running SMOPF, Network case33_2, 2025, Autumn...
[W32-M1 srp1_sequence_a_r1] solve 7 warm pass 1 case33_2 2025 Autumn warm=True ok=True wall=0.4s rss 456.6->463.9->463.9 MiB fp 340.8->346.3->346.3 MiB ipopt_peak 43.7 MiB
[INFO] 			 - Running SMOPF, Network case33_2, 2025, Winter...
[W32-M1 srp1_sequence_a_r1] solve 8 warm pass 1 case33_2 2025 Winter warm=True ok=True wall=0.5s rss 463.9->473.1->473.1 MiB fp 346.3->354.7->354.7 MiB ipopt_peak 43.7 MiB
[INFO] 			 - Running SMOPF, Network case33_2, 2025, Spring...
[W32-M1 srp1_sequence_a_r1] solve 9 warm pass 2 case33_2 2025 Spring warm=True ok=True wall=0.6s rss 473.1->481.5->481.5 MiB fp 354.7->361.5->361.5 MiB ipopt_peak 43.8 MiB
[INFO] 			 - Running SMOPF, Network case33_2, 2025, Summer...
[W32-M1 srp1_sequence_a_r1] solve 10 warm pass 2 case33_2 2025 Summer warm=True ok=True wall=0.5s rss 481.5->486.7->486.7 MiB fp 361.5->366.6->366.6 MiB ipopt_peak 43.6 MiB
[INFO] 			 - Running SMOPF, Network case33_2, 2025, Autumn...
[W32-M1 srp1_sequence_a_r1] solve 11 warm pass 2 case33_2 2025 Autumn warm=True ok=True wall=0.5s rss 486.7->491.9->491.9 MiB fp 366.6->371.3->371.3 MiB ipopt_peak 44.7 MiB
[INFO] 			 - Running SMOPF, Network case33_2, 2025, Winter...
[W32-M1 srp1_sequence_a_r1] solve 12 warm pass 2 case33_2 2025 Winter warm=True ok=True wall=0.5s rss 491.9->497.1->497.1 MiB fp 371.3->376.5->376.5 MiB ipopt_peak 43.8 MiB
[W32-M1 srp1_sequence_a_r1] status=complete solves=12/12
