[INFO] Scenario random seed: 2026
[INFO] Reading MARKET DATA from file(s)...
[INFO] 	 - Generating market scenarios...
[INFO] 	 - Plotting market scenarios...
[INFO] Reading DISTRIBUTION NETWORK DATA from file(s)...
[INFO]	 - Generating load stochastic scenarios...
[INFO]	 - Generating RES generation stochastic scenarios...
[INFO]	 - Generating flexibility stochastic scenarios...
[INFO]	 - Plotting flexibility profiles...
[INFO]	 - Plotting load scenarios...
[INFO]	 - Plotting RES generation scenarios...
[INFO] Reading DISTRIBUTION NETWORK DATA from file(s)...
[INFO]	 - Generating load stochastic scenarios...
[INFO]	 - Generating RES generation stochastic scenarios...
[INFO]	 - Generating flexibility stochastic scenarios...
[INFO]	 - Plotting flexibility profiles...
[INFO]	 - Plotting load scenarios...
[INFO]	 - Plotting RES generation scenarios...
[INFO] Reading DISTRIBUTION NETWORK DATA from file(s)...
[INFO]	 - Generating load stochastic scenarios...
[INFO]	 - Generating RES generation stochastic scenarios...
[INFO]	 - Generating flexibility stochastic scenarios...
[INFO]	 - Plotting flexibility profiles...
[INFO]	 - Plotting load scenarios...
[INFO]	 - Plotting RES generation scenarios...
[INFO] Reading TRANSMISSION NETWORK DATA from file(s)...
[INFO]	 - Generating load stochastic scenarios...
[INFO]	 - Generating RES generation stochastic scenarios...
[INFO]	 - Generating flexibility stochastic scenarios...
[INFO]	 - Plotting flexibility profiles...
[INFO]	 - Plotting load scenarios...
[INFO]	 - Plotting RES generation scenarios...
[INFO] Scenario checksum: 5a02b77ccbbbbbb869de92958a3851d095624711abc2dbfc0157466064410358
[INFO] Reading SHARED ESS DATA from file(s)...
[INFO] Reading PLANNING PARAMETERS from file...
[INFO] 		 - Distribution Network node 7...
[INFO] 			 - Running SMOPF, Network case33_2, 2025, Spring...
[W32-M1 srp1_sequence_e_r1] solve 1 init (cold) case33_2 2025 Spring warm=False ok=True wall=0.6s rss 382.0->394.8->394.3 MiB fp 276.9->289.6->289.2 MiB ipopt_peak 44.1 MiB
[INFO] 			 - Running SMOPF, Network case33_2, 2025, Summer...
[W32-M1 srp1_sequence_e_r1] solve 2 init (cold) case33_2 2025 Summer warm=False ok=True wall=0.5s rss 394.3->401.2->401.2 MiB fp 289.2->295.3->295.3 MiB ipopt_peak 44.0 MiB
[INFO] 			 - Running SMOPF, Network case33_2, 2025, Autumn...
[W32-M1 srp1_sequence_e_r1] solve 3 init (cold) case33_2 2025 Autumn warm=False ok=True wall=0.5s rss 401.8->406.2->406.2 MiB fp 295.9->300.3->300.3 MiB ipopt_peak 43.9 MiB
[INFO] 			 - Running SMOPF, Network case33_2, 2025, Winter...
[W32-M1 srp1_sequence_e_r1] solve 4 init (cold) case33_2 2025 Winter warm=False ok=True wall=0.6s rss 406.2->408.5->408.5 MiB fp 300.3->301.1->301.1 MiB ipopt_peak 45.0 MiB
[INFO] 			 - Running SMOPF, Network case33_2, 2025, Spring...
[W32-M1 srp1_sequence_e_r1] solve 5 warm pass 1 case33_2 2025 Spring warm=True ok=True wall=0.5s rss 408.5->413.9->411.9 MiB fp 301.1->306.5->303.5 MiB ipopt_peak 43.6 MiB
[INFO] 			 - Running SMOPF, Network case33_2, 2025, Summer...
[W32-M1 srp1_sequence_e_r1] solve 6 warm pass 1 case33_2 2025 Summer warm=True ok=True wall=0.4s rss 411.9->416.9->416.9 MiB fp 303.5->306.4->306.4 MiB ipopt_peak 43.8 MiB
[INFO] 			 - Running SMOPF, Network case33_2, 2025, Autumn...
[W32-M1 srp1_sequence_e_r1] solve 7 warm pass 1 case33_2 2025 Autumn warm=True ok=True wall=0.4s rss 416.9->421.4->421.4 MiB fp 306.4->308.3->308.3 MiB ipopt_peak 44.4 MiB
[INFO] 			 - Running SMOPF, Network case33_2, 2025, Winter...
[W32-M1 srp1_sequence_e_r1] solve 8 warm pass 1 case33_2 2025 Winter warm=True ok=True wall=0.5s rss 421.4->423.8->423.8 MiB fp 308.3->310.0->310.0 MiB ipopt_peak 43.7 MiB
[INFO] 			 - Running SMOPF, Network case33_2, 2025, Spring...
[W32-M1 srp1_sequence_e_r1] solve 9 warm pass 2 case33_2 2025 Spring warm=True ok=True wall=0.5s rss 423.8->424.9->424.9 MiB fp 310.0->311.1->311.1 MiB ipopt_peak 43.7 MiB
[INFO] 			 - Running SMOPF, Network case33_2, 2025, Summer...
[W32-M1 srp1_sequence_e_r1] solve 10 warm pass 2 case33_2 2025 Summer warm=True ok=True wall=0.5s rss 425.6->434.4->434.8 MiB fp 311.7->314.1->314.6 MiB ipopt_peak 46.4 MiB
[INFO] 			 - Running SMOPF, Network case33_2, 2025, Autumn...
[W32-M1 srp1_sequence_e_r1] solve 11 warm pass 2 case33_2 2025 Autumn warm=True ok=True wall=0.5s rss 435.8->437.8->437.8 MiB fp 315.5->316.4->316.4 MiB ipopt_peak 44.6 MiB
[INFO] 			 - Running SMOPF, Network case33_2, 2025, Winter...
[W32-M1 srp1_sequence_e_r1] solve 12 warm pass 2 case33_2 2025 Winter warm=True ok=True wall=0.5s rss 437.8->438.3->438.3 MiB fp 316.4->314.3->314.3 MiB ipopt_peak 43.8 MiB
[W32-M1 srp1_sequence_e_r1] status=complete solves=12/12
