[INFO] Scenario random seed: 2026
[INFO] Reading MARKET DATA from file(s)...
[INFO] 	 - Generating market scenarios...
[INFO] 	 - Plotting market scenarios...
[INFO] Reading DISTRIBUTION NETWORK DATA from file(s)...
[INFO]	 - Generating load stochastic scenarios...
[INFO]	 - Generating RES generation stochastic scenarios...
[INFO]	 - Generating flexibility stochastic scenarios...
[INFO]	 - Plotting flexibility profiles...
[INFO]	 - Plotting load scenarios...
[INFO]	 - Plotting RES generation scenarios...
[INFO] Reading DISTRIBUTION NETWORK DATA from file(s)...
[INFO]	 - Generating load stochastic scenarios...
[INFO]	 - Generating RES generation stochastic scenarios...
[INFO]	 - Generating flexibility stochastic scenarios...
[INFO]	 - Plotting flexibility profiles...
[INFO]	 - Plotting load scenarios...
[INFO]	 - Plotting RES generation scenarios...
[INFO] Reading DISTRIBUTION NETWORK DATA from file(s)...
[INFO]	 - Generating load stochastic scenarios...
[INFO]	 - Generating RES generation stochastic scenarios...
[INFO]	 - Generating flexibility stochastic scenarios...
[INFO]	 - Plotting flexibility profiles...
[INFO]	 - Plotting load scenarios...
[INFO]	 - Plotting RES generation scenarios...
[INFO] Reading TRANSMISSION NETWORK DATA from file(s)...
[INFO]	 - Generating load stochastic scenarios...
[INFO]	 - Generating RES generation stochastic scenarios...
[INFO]	 - Generating flexibility stochastic scenarios...
[INFO]	 - Plotting flexibility profiles...
[INFO]	 - Plotting load scenarios...
[INFO]	 - Plotting RES generation scenarios...
[INFO] Scenario checksum: 5a02b77ccbbbbbb869de92958a3851d095624711abc2dbfc0157466064410358
[INFO] Reading SHARED ESS DATA from file(s)...
[INFO] Reading PLANNING PARAMETERS from file...
[INFO] 		 - Distribution Network node 7...
[INFO] 			 - Running SMOPF, Network case33_2, 2025, Spring...
[W32-M1 srp1_sequence_a_r2] solve 1 init (cold) case33_2 2025 Spring warm=False ok=True wall=0.6s rss 380.2->392.1->392.7 MiB fp 279.7->291.0->291.6 MiB ipopt_peak 44.1 MiB
[INFO] 			 - Running SMOPF, Network case33_2, 2025, Summer...
[W32-M1 srp1_sequence_a_r2] solve 2 init (cold) case33_2 2025 Summer warm=False ok=True wall=0.6s rss 392.7->406.6->406.6 MiB fp 291.6->300.4->300.4 MiB ipopt_peak 44.3 MiB
[INFO] 			 - Running SMOPF, Network case33_2, 2025, Autumn...
[W32-M1 srp1_sequence_a_r2] solve 3 init (cold) case33_2 2025 Autumn warm=False ok=True wall=0.6s rss 407.2->415.9->415.9 MiB fp 301.0->309.3->309.4 MiB ipopt_peak 46.9 MiB
[INFO] 			 - Running SMOPF, Network case33_2, 2025, Winter...
[W32-M1 srp1_sequence_a_r2] solve 4 init (cold) case33_2 2025 Winter warm=False ok=True wall=0.6s rss 416.0->428.5->428.5 MiB fp 309.4->321.6->321.6 MiB ipopt_peak 45.0 MiB
[INFO] 			 - Running SMOPF, Network case33_2, 2025, Spring...
[W32-M1 srp1_sequence_a_r2] solve 5 warm pass 1 case33_2 2025 Spring warm=True ok=True wall=0.5s rss 428.5->435.4->435.4 MiB fp 321.6->326.3->326.3 MiB ipopt_peak 43.6 MiB
[INFO] 			 - Running SMOPF, Network case33_2, 2025, Summer...
[W32-M1 srp1_sequence_a_r2] solve 6 warm pass 1 case33_2 2025 Summer warm=True ok=True wall=0.5s rss 435.4->443.7->443.7 MiB fp 326.3->334.4->334.4 MiB ipopt_peak 43.7 MiB
[INFO] 			 - Running SMOPF, Network case33_2, 2025, Autumn...
[W32-M1 srp1_sequence_a_r2] solve 7 warm pass 1 case33_2 2025 Autumn warm=True ok=True wall=0.4s rss 443.7->451.5->451.5 MiB fp 334.4->340.4->340.4 MiB ipopt_peak 43.7 MiB
[INFO] 			 - Running SMOPF, Network case33_2, 2025, Winter...
[W32-M1 srp1_sequence_a_r2] solve 8 warm pass 1 case33_2 2025 Winter warm=True ok=True wall=0.5s rss 451.5->461.6->461.6 MiB fp 340.4->347.8->347.8 MiB ipopt_peak 43.7 MiB
[INFO] 			 - Running SMOPF, Network case33_2, 2025, Spring...
[W32-M1 srp1_sequence_a_r2] solve 9 warm pass 2 case33_2 2025 Spring warm=True ok=True wall=0.6s rss 461.6->468.6->468.6 MiB fp 347.8->352.3->352.3 MiB ipopt_peak 43.8 MiB
[INFO] 			 - Running SMOPF, Network case33_2, 2025, Summer...
[W32-M1 srp1_sequence_a_r2] solve 10 warm pass 2 case33_2 2025 Summer warm=True ok=True wall=0.5s rss 468.6->475.1->475.1 MiB fp 352.3->358.4->358.4 MiB ipopt_peak 43.7 MiB
[INFO] 			 - Running SMOPF, Network case33_2, 2025, Autumn...
[W32-M1 srp1_sequence_a_r2] solve 11 warm pass 2 case33_2 2025 Autumn warm=True ok=True wall=0.5s rss 475.1->480.3->481.2 MiB fp 358.4->362.7->363.6 MiB ipopt_peak 43.7 MiB
[INFO] 			 - Running SMOPF, Network case33_2, 2025, Winter...
[W32-M1 srp1_sequence_a_r2] solve 12 warm pass 2 case33_2 2025 Winter warm=True ok=True wall=0.5s rss 481.8->488.9->488.9 MiB fp 364.1->370.3->370.3 MiB ipopt_peak 43.6 MiB
[W32-M1 srp1_sequence_a_r2] status=complete solves=12/12
