[INFO] Scenario random seed: 2026
[INFO] Reading MARKET DATA from file(s)...
[INFO] 	 - Generating market scenarios...
[INFO] 	 - Plotting market scenarios...
[INFO] Reading DISTRIBUTION NETWORK DATA from file(s)...
[INFO]	 - Generating load stochastic scenarios...
[INFO]	 - Generating RES generation stochastic scenarios...
[INFO]	 - Generating flexibility stochastic scenarios...
[INFO]	 - Plotting flexibility profiles...
[INFO]	 - Plotting load scenarios...
[INFO]	 - Plotting RES generation scenarios...
[INFO] Reading DISTRIBUTION NETWORK DATA from file(s)...
[INFO]	 - Generating load stochastic scenarios...
[INFO]	 - Generating RES generation stochastic scenarios...
[INFO]	 - Generating flexibility stochastic scenarios...
[INFO]	 - Plotting flexibility profiles...
[INFO]	 - Plotting load scenarios...
[INFO]	 - Plotting RES generation scenarios...
[INFO] Reading DISTRIBUTION NETWORK DATA from file(s)...
[INFO]	 - Generating load stochastic scenarios...
[INFO]	 - Generating RES generation stochastic scenarios...
[INFO]	 - Generating flexibility stochastic scenarios...
[INFO]	 - Plotting flexibility profiles...
[INFO]	 - Plotting load scenarios...
[INFO]	 - Plotting RES generation scenarios...
[INFO] Reading TRANSMISSION NETWORK DATA from file(s)...
[INFO]	 - Generating load stochastic scenarios...
[INFO]	 - Generating RES generation stochastic scenarios...
[INFO]	 - Generating flexibility stochastic scenarios...
[INFO]	 - Plotting flexibility profiles...
[INFO]	 - Plotting load scenarios...
[INFO]	 - Plotting RES generation scenarios...
[INFO] Scenario checksum: 5a02b77ccbbbbbb869de92958a3851d095624711abc2dbfc0157466064410358
[INFO] Reading SHARED ESS DATA from file(s)...
[INFO] Reading PLANNING PARAMETERS from file...
[INFO] 		 - Distribution Network node 7...
[INFO] 			 - Running SMOPF, Network case33_2, 2025, Spring...
[W32-M1 srp1_long_a_r1] solve 1 init (cold) case33_2 2025 Spring warm=False ok=True wall=0.6s rss 353.4->367.3->367.3 MiB fp 246.2->259.6->259.6 MiB ipopt_peak 44.3 MiB
[INFO] 			 - Running SMOPF, Network case33_2, 2025, Spring...
[W32-M1 srp1_long_a_r1] solve 2 warm pass 1 case33_2 2025 Spring warm=True ok=True wall=0.5s rss 367.3->375.7->375.7 MiB fp 259.6->266.7->266.7 MiB ipopt_peak 43.8 MiB
[INFO] 			 - Running SMOPF, Network case33_2, 2025, Spring...
[W32-M1 srp1_long_a_r1] solve 3 warm pass 2 case33_2 2025 Spring warm=True ok=True wall=0.5s rss 375.7->381.9->381.9 MiB fp 266.7->272.9->272.9 MiB ipopt_peak 46.5 MiB
[INFO] 			 - Running SMOPF, Network case33_2, 2025, Spring...
[W32-M1 srp1_long_a_r1] solve 4 warm pass 3 case33_2 2025 Spring warm=True ok=True wall=0.5s rss 381.9->389.0->389.0 MiB fp 272.9->277.0->277.0 MiB ipopt_peak 43.9 MiB
[INFO] 			 - Running SMOPF, Network case33_2, 2025, Spring...
[W32-M1 srp1_long_a_r1] solve 5 warm pass 4 case33_2 2025 Spring warm=True ok=True wall=0.5s rss 389.0->389.8->389.8 MiB fp 274.8->275.6->275.6 MiB ipopt_peak 43.7 MiB
[INFO] 			 - Running SMOPF, Network case33_2, 2025, Spring...
[W32-M1 srp1_long_a_r1] solve 6 warm pass 5 case33_2 2025 Spring warm=True ok=True wall=0.4s rss 389.8->390.0->390.0 MiB fp 275.6->275.8->275.8 MiB ipopt_peak 43.6 MiB
[INFO] 			 - Running SMOPF, Network case33_2, 2025, Spring...
[W32-M1 srp1_long_a_r1] solve 7 warm pass 6 case33_2 2025 Spring warm=True ok=True wall=0.5s rss 390.0->390.0->390.1 MiB fp 275.9->275.9->275.9 MiB ipopt_peak 43.7 MiB
[INFO] 			 - Running SMOPF, Network case33_2, 2025, Spring...
[W32-M1 srp1_long_a_r1] solve 8 warm pass 7 case33_2 2025 Spring warm=True ok=True wall=0.5s rss 390.1->390.1->390.1 MiB fp 275.9->275.9->275.9 MiB ipopt_peak 43.7 MiB
[INFO] 			 - Running SMOPF, Network case33_2, 2025, Spring...
[W32-M1 srp1_long_a_r1] solve 9 warm pass 8 case33_2 2025 Spring warm=True ok=True wall=0.4s rss 390.1->390.6->390.6 MiB fp 275.9->276.4->276.4 MiB ipopt_peak 43.7 MiB
[INFO] 			 - Running SMOPF, Network case33_2, 2025, Spring...
[W32-M1 srp1_long_a_r1] solve 10 warm pass 9 case33_2 2025 Spring warm=True ok=True wall=0.5s rss 390.6->390.6->390.6 MiB fp 276.4->276.4->276.4 MiB ipopt_peak 43.7 MiB
[W32-M1 srp1_long_a_r1] status=complete solves=10/10
