[INFO] Scenario random seed: 2026
[INFO] Reading MARKET DATA from file(s)...
[INFO] 	 - Generating market scenarios...
[INFO] 	 - Plotting market scenarios...
[INFO] Reading DISTRIBUTION NETWORK DATA from file(s)...
[INFO]	 - Generating load stochastic scenarios...
[INFO]	 - Generating RES generation stochastic scenarios...
[INFO]	 - Generating flexibility stochastic scenarios...
[INFO]	 - Plotting flexibility profiles...
[INFO]	 - Plotting load scenarios...
[INFO]	 - Plotting RES generation scenarios...
[INFO] Reading DISTRIBUTION NETWORK DATA from file(s)...
[INFO]	 - Generating load stochastic scenarios...
[INFO]	 - Generating RES generation stochastic scenarios...
[INFO]	 - Generating flexibility stochastic scenarios...
[INFO]	 - Plotting flexibility profiles...
[INFO]	 - Plotting load scenarios...
[INFO]	 - Plotting RES generation scenarios...
[INFO] Reading DISTRIBUTION NETWORK DATA from file(s)...
[INFO]	 - Generating load stochastic scenarios...
[INFO]	 - Generating RES generation stochastic scenarios...
[INFO]	 - Generating flexibility stochastic scenarios...
[INFO]	 - Plotting flexibility profiles...
[INFO]	 - Plotting load scenarios...
[INFO]	 - Plotting RES generation scenarios...
[INFO] Reading TRANSMISSION NETWORK DATA from file(s)...
[INFO]	 - Generating load stochastic scenarios...
[INFO]	 - Generating RES generation stochastic scenarios...
[INFO]	 - Generating flexibility stochastic scenarios...
[INFO]	 - Plotting flexibility profiles...
[INFO]	 - Plotting load scenarios...
[INFO]	 - Plotting RES generation scenarios...
[INFO] Scenario checksum: 5a02b77ccbbbbbb869de92958a3851d095624711abc2dbfc0157466064410358
[INFO] Reading SHARED ESS DATA from file(s)...
[INFO] Reading PLANNING PARAMETERS from file...
[INFO] 		 - Distribution Network node 7...
[INFO] 			 - Running SMOPF, Network case33_2, 2025, Spring...
[W32-M1 srp1_sequence_e_r2] solve 1 init (cold) case33_2 2025 Spring warm=False ok=True wall=0.6s rss 381.1->398.7->398.3 MiB fp 282.5->294.5->294.0 MiB ipopt_peak 44.2 MiB
[INFO] 			 - Running SMOPF, Network case33_2, 2025, Summer...
[W32-M1 srp1_sequence_e_r2] solve 2 init (cold) case33_2 2025 Summer warm=False ok=True wall=0.5s rss 398.9->405.5->405.5 MiB fp 294.6->301.3->301.3 MiB ipopt_peak 44.1 MiB
[INFO] 			 - Running SMOPF, Network case33_2, 2025, Autumn...
[W32-M1 srp1_sequence_e_r2] solve 3 init (cold) case33_2 2025 Autumn warm=False ok=True wall=0.5s rss 405.5->412.8->412.8 MiB fp 301.3->306.3->306.3 MiB ipopt_peak 46.5 MiB
[INFO] 			 - Running SMOPF, Network case33_2, 2025, Winter...
[W32-M1 srp1_sequence_e_r2] solve 4 init (cold) case33_2 2025 Winter warm=False ok=True wall=0.6s rss 412.8->415.8->415.8 MiB fp 306.3->306.7->306.7 MiB ipopt_peak 44.9 MiB
[INFO] 			 - Running SMOPF, Network case33_2, 2025, Spring...
[W32-M1 srp1_sequence_e_r2] solve 5 warm pass 1 case33_2 2025 Spring warm=True ok=True wall=0.5s rss 415.8->419.2->418.2 MiB fp 306.7->310.1->309.1 MiB ipopt_peak 43.7 MiB
[INFO] 			 - Running SMOPF, Network case33_2, 2025, Summer...
[W32-M1 srp1_sequence_e_r2] solve 6 warm pass 1 case33_2 2025 Summer warm=True ok=True wall=0.5s rss 418.2->423.4->423.4 MiB fp 309.1->314.3->314.3 MiB ipopt_peak 46.8 MiB
[INFO] 			 - Running SMOPF, Network case33_2, 2025, Autumn...
[W32-M1 srp1_sequence_e_r2] solve 7 warm pass 1 case33_2 2025 Autumn warm=True ok=True wall=0.5s rss 423.4->427.0->426.2 MiB fp 314.3->316.0->315.3 MiB ipopt_peak 44.6 MiB
[INFO] 			 - Running SMOPF, Network case33_2, 2025, Winter...
[W32-M1 srp1_sequence_e_r2] solve 8 warm pass 1 case33_2 2025 Winter warm=True ok=True wall=0.5s rss 426.2->429.4->429.4 MiB fp 315.3->316.5->316.5 MiB ipopt_peak 43.7 MiB
[INFO] 			 - Running SMOPF, Network case33_2, 2025, Spring...
[W32-M1 srp1_sequence_e_r2] solve 9 warm pass 2 case33_2 2025 Spring warm=True ok=True wall=0.5s rss 429.4->433.0->433.0 MiB fp 316.5->319.5->319.5 MiB ipopt_peak 43.8 MiB
[INFO] 			 - Running SMOPF, Network case33_2, 2025, Summer...
[W32-M1 srp1_sequence_e_r2] solve 10 warm pass 2 case33_2 2025 Summer warm=True ok=True wall=0.5s rss 433.0->433.6->433.6 MiB fp 319.5->319.5->319.5 MiB ipopt_peak 43.7 MiB
[INFO] 			 - Running SMOPF, Network case33_2, 2025, Autumn...
[W32-M1 srp1_sequence_e_r2] solve 11 warm pass 2 case33_2 2025 Autumn warm=True ok=True wall=0.4s rss 433.6->435.6->435.6 MiB fp 319.5->316.6->316.6 MiB ipopt_peak 44.6 MiB
[INFO] 			 - Running SMOPF, Network case33_2, 2025, Winter...
[W32-M1 srp1_sequence_e_r2] solve 12 warm pass 2 case33_2 2025 Winter warm=True ok=True wall=0.5s rss 435.7->438.5->438.5 MiB fp 316.6->316.6->316.6 MiB ipopt_peak 46.5 MiB
[W32-M1 srp1_sequence_e_r2] status=complete solves=12/12
