[2026-09-29T21:27:25.243061+00:00] W131 start; git HEAD 82fa1b61223471aed57a7f9378cce387851dd79b
[2026-09-29T21:27:28.257994+00:00] T1 pb_y2030_n9: cycles 192; committed certified k* 192 window [160, 192]; non-Optimal cycles []; in window []; v3a certified 192; gamma certified 192; repro {'status': True, 'k_star': True, 'branch': True, 'k0': True, 'window': True}; coverage True; log x-check disagree 0
[2026-09-29T21:27:31.314111+00:00] T1 pb_y2030_n7: cycles 195; committed certified k* 195 window [163, 195]; non-Optimal cycles []; in window []; v3a certified 195; gamma certified 195; repro {'status': True, 'k_star': True, 'branch': True, 'k0': True, 'window': True}; coverage True; log x-check disagree 0
[2026-09-29T21:27:33.922345+00:00] T1 pb_y2025_n5: cycles 167; committed certified k* 167 window [147, 167]; non-Optimal cycles [167]; in window [167]; v3a not certified within the recorded cycles 1..167 None; gamma not certified within the recorded cycles 1..167 None; repro {'status': True, 'k_star': True, 'branch': True, 'k0': True, 'window': True}; coverage True; log x-check disagree 0
[2026-09-29T21:27:36.752745+00:00] T1 pb_y2030_n5: cycles 182; committed certified k* 182 window [151, 182]; non-Optimal cycles []; in window []; v3a certified 182; gamma certified 182; repro {'status': True, 'k_star': True, 'branch': True, 'k0': True, 'window': True}; coverage True; log x-check disagree 0
[2026-09-29T21:27:39.510163+00:00] T1 pb_y2025_n9: cycles 174; committed certified k* 174 window [144, 174]; non-Optimal cycles [134]; in window []; v3a certified 174; gamma certified 174; repro {'status': True, 'k_star': True, 'branch': True, 'k0': True, 'window': True}; coverage True; log x-check disagree 0
[2026-09-29T21:27:42.232231+00:00] T1 pb_y2025_n7: cycles 172; committed certified k* 172 window [142, 172]; non-Optimal cycles []; in window []; v3a certified 172; gamma certified 172; repro {'status': True, 'k_star': True, 'branch': True, 'k0': True, 'window': True}; coverage True; log x-check disagree 0
[2026-09-29T21:27:44.915609+00:00] T1 yl_y2030: cycles 169; committed certified k* 169 window [138, 169]; non-Optimal cycles []; in window []; v3a certified 169; gamma certified 169; repro {'status': True, 'k_star': True, 'branch': True, 'k0': True, 'window': True}; coverage True; log x-check disagree 0
[2026-09-29T21:27:47.438010+00:00] T1 yl_y2035: cycles 167; committed certified k* 167 window [136, 167]; non-Optimal cycles []; in window []; v3a certified 167; gamma certified 167; repro {'status': True, 'k_star': True, 'branch': True, 'k0': True, 'window': True}; coverage True; log x-check disagree 0
[2026-09-29T21:27:51.938548+00:00] T1 f2_challenger: cycles 261; committed uncertified k* None window None; non-Optimal cycles [20, 30, 37, 51, 99, 200, 202]; in window None; v3a uncertified None; gamma uncertified None; repro {'status': True, 'k_star': True, 'branch': True, 'k0': True, 'window': True}; coverage True; log x-check disagree 0
[2026-09-29T21:27:56.589933+00:00] T1 f2_incumbent: cycles 281; committed uncertified k* None window None; non-Optimal cycles [47, 58]; in window None; v3a uncertified None; gamma uncertified None; repro {'status': True, 'k_star': True, 'branch': True, 'k0': True, 'window': True}; coverage True; log x-check disagree 0
[2026-09-29T21:27:59.299733+00:00] T1 x0: cycles 181; committed certified k* 181 window [150, 181]; non-Optimal cycles []; in window []; v3a certified 181; gamma certified 181; repro {'status': True, 'k_star': True, 'branch': True, 'k0': True, 'window': True}; coverage True; log x-check disagree 0
[2026-09-29T21:28:02.008825+00:00] T1 unit_n7_4h_e1: cycles 172; committed certified k* 172 window [140, 172]; non-Optimal cycles []; in window []; v3a certified 172; gamma certified 172; repro {'status': True, 'k_star': True, 'branch': True, 'k0': True, 'window': True}; coverage True; log x-check disagree 0
[2026-09-29T21:28:05.624164+00:00] T2: k_close 334 (literal <2270: 334); V 324..334; rho rises []; AA accepted [325, 326]; verdict H_regime supported; t_sum(337) -1806.5195561446492 (W117 diff -9.911695997288916e-08, identity diff -9.911695997288916e-08)
[2026-09-29T21:28:05.656376+00:00] T3 C2: k_cert 119; soh_min in run [0.5]; min terminal 0.836640; below 0.70 False; max |dual| 2.700472942564646e-10; bt match True
[2026-09-29T21:28:05.684509+00:00] T3 C4: k_cert 119; soh_min in run [0.5]; min terminal 0.762374; below 0.70 False; max |dual| 3.464865693301922e-10; bt match True
[2026-09-29T21:28:05.713270+00:00] T3 C2_calfade: k_cert 121; soh_min in run [0.5]; min terminal 0.678904; below 0.70 True; max |dual| 5.081443486483862e-10; bt match True
[2026-09-29T21:28:05.742175+00:00] T3 C3_midblock: k_cert 123; soh_min in run [0.5]; min terminal 0.607239; below 0.70 True; max |dual| 8.477233378487518e-10; bt match True
[2026-09-29T21:28:05.769799+00:00] T3 no_ageing: k_cert 118; soh_min in run [0.5]; min terminal 1.000000; below 0.70 False; max |dual| 1.818172690909092e-10; bt match True
[2026-09-29T21:28:05.802497+00:00] T3 C3_unit_S45_a1a: k_cert 125; soh_min in run [0.5]; min terminal 0.622472; below 0.70 True; max |dual| 7.422833263749537e-10; bt match True
[2026-09-29T21:28:05.861152+00:00] guards {'w131': {'counts': {'permitted_solve': 0, 'permitted_exec': 0, 'blocked_solve': 0, 'blocked_exec': 0}, 'verify_0_failures': []}, 'w112_imported': {'counts': {'permitted_solve': 0, 'permitted_exec': 0, 'blocked_solve': 0, 'blocked_exec': 0}, 'verify_0_failures': []}}
[2026-09-29T21:28:05.861173+00:00] wrote /Users/micaelsimoes/Projects/share-resource-planning-no_esso-degradation/data/SRP1/Results/P515S53/w131_prefreeze/w131_prefreeze_diagnostics.json and /Users/micaelsimoes/Projects/share-resource-planning-no_esso-degradation/data/SRP1/Results/P515S53/w131_prefreeze/w131_log_inventory.json (7578 logs); wall 40.6 s
