14:51:50 [S47-S2] memory preflight: available (memsize - wired - anonymous - compressor-occupied) = 22.20 GiB [wired 2.02, anonymous 6.54, compressor-occupied 1.24]; free+inactive = 17.09 GiB (recorded only); required 13.75 GiB (hw.memsize - (wired + anonymous + compressor-occupied) x page size >= 5 x 2.75 GiB) -> PASS; vm_stat pages {'pages_free': 513639, 'pages_active': 659685, 'pages_inactive': 606279, 'pages_speculative': 54984, 'pages_wired_down': 132315, 'pages_purgeable': 5608, 'file_backed_pages': 892190, 'anonymous_pages': 428758, 'pages_stored_in_compressor': 175938, 'pages_occupied_by_compressor': 81385}
14:51:50 [S47-S2] BASELINE (C2 + phi_cal 0.985 + soh_min 0.70)
14:51:50 [S47-S2] preconditions passed; spec data/SRP1/Results/P515S47/campaign_s47_recert/campaign_spec_s47_recert_902f93aa.json sha256=902f93aa22093455daa50927bdfa28bc885b2c5491151d211dc943bb3de86ee4; git HEAD 5000ed8f29f9a662d003cfa804bc21c93f6a899b (spec frozen at 6642b33b6fba114076f4ab7c9bc3dd9f9696e6ed)
14:51:50 [S47-S2] 2 points in 1 wave(s) of <= 5
14:51:50 [S47-S2] campaign lock acquired: {'pid': 14155, 'campaign_id': 's47_recert', 'campaign_spec_sha256': '902f93aa22093455daa50927bdfa28bc885b2c5491151d211dc943bb3de86ee4', 'started_utc': '2026-09-21T14:51:50.151099+00:00'}
14:51:50 [S47-S2] launching wave 1/1: ['c_star', 'n7_4h_e1'] (concurrency 5)
14:51:50 [S44-HARNESS] launched c_star (key 578636daa6d6360d) pid=14191
14:51:50 [S44-HARNESS] launched n7_4h_e1 (key db77e1549af855bc) pid=14192
14:51:50 [S44-HARNESS] heartbeat c_star: 0s cycle=None; n7_4h_e1: 0s cycle=None
14:52:50 [S44-HARNESS] heartbeat c_star: 60s cycle=None; n7_4h_e1: 60s cycle=None
14:53:50 [S44-HARNESS] heartbeat c_star: 120s cycle=2; n7_4h_e1: 120s cycle=2
14:54:50 [S44-HARNESS] heartbeat c_star: 180s cycle=4; n7_4h_e1: 180s cycle=4
14:55:50 [S44-HARNESS] heartbeat c_star: 240s cycle=5; n7_4h_e1: 240s cycle=6
14:56:50 [S44-HARNESS] heartbeat c_star: 300s cycle=7; n7_4h_e1: 300s cycle=8
14:57:50 [S44-HARNESS] heartbeat c_star: 360s cycle=9; n7_4h_e1: 360s cycle=10
14:58:50 [S44-HARNESS] heartbeat c_star: 420s cycle=10; n7_4h_e1: 420s cycle=12
14:59:50 [S44-HARNESS] heartbeat c_star: 481s cycle=11; n7_4h_e1: 481s cycle=14
15:00:50 [S44-HARNESS] heartbeat c_star: 541s cycle=13; n7_4h_e1: 541s cycle=16
15:01:50 [S44-HARNESS] heartbeat c_star: 601s cycle=14; n7_4h_e1: 601s cycle=19
15:02:51 [S44-HARNESS] heartbeat c_star: 661s cycle=16; n7_4h_e1: 661s cycle=21
15:03:51 [S44-HARNESS] heartbeat c_star: 721s cycle=18; n7_4h_e1: 721s cycle=23
15:04:51 [S44-HARNESS] heartbeat c_star: 781s cycle=20; n7_4h_e1: 781s cycle=25
15:05:51 [S44-HARNESS] heartbeat c_star: 841s cycle=21; n7_4h_e1: 841s cycle=27
15:06:51 [S44-HARNESS] heartbeat c_star: 901s cycle=22; n7_4h_e1: 901s cycle=29
15:07:51 [S44-HARNESS] heartbeat c_star: 961s cycle=24; n7_4h_e1: 961s cycle=31
15:08:51 [S44-HARNESS] heartbeat c_star: 1022s cycle=26; n7_4h_e1: 1022s cycle=33
15:09:51 [S44-HARNESS] heartbeat c_star: 1082s cycle=28; n7_4h_e1: 1082s cycle=36
15:10:51 [S44-HARNESS] heartbeat c_star: 1142s cycle=30; n7_4h_e1: 1142s cycle=38
15:11:51 [S44-HARNESS] heartbeat c_star: 1202s cycle=32; n7_4h_e1: 1202s cycle=40
15:12:51 [S44-HARNESS] heartbeat c_star: 1262s cycle=33; n7_4h_e1: 1262s cycle=42
15:13:51 [S44-HARNESS] heartbeat c_star: 1322s cycle=36; n7_4h_e1: 1322s cycle=44
15:14:52 [S44-HARNESS] heartbeat c_star: 1382s cycle=38; n7_4h_e1: 1382s cycle=47
15:15:52 [S44-HARNESS] heartbeat c_star: 1442s cycle=39; n7_4h_e1: 1442s cycle=49
15:16:52 [S44-HARNESS] heartbeat c_star: 1502s cycle=41; n7_4h_e1: 1502s cycle=51
15:17:52 [S44-HARNESS] heartbeat c_star: 1562s cycle=44; n7_4h_e1: 1562s cycle=53
15:18:52 [S44-HARNESS] heartbeat c_star: 1622s cycle=46; n7_4h_e1: 1622s cycle=55
15:19:52 [S44-HARNESS] heartbeat c_star: 1682s cycle=48; n7_4h_e1: 1682s cycle=57
15:20:52 [S44-HARNESS] heartbeat c_star: 1742s cycle=50; n7_4h_e1: 1742s cycle=60
15:21:52 [S44-HARNESS] heartbeat c_star: 1803s cycle=51; n7_4h_e1: 1803s cycle=62
15:22:52 [S44-HARNESS] heartbeat c_star: 1863s cycle=53; n7_4h_e1: 1863s cycle=64
15:23:52 [S44-HARNESS] heartbeat c_star: 1923s cycle=56; n7_4h_e1: 1923s cycle=66
15:24:53 [S44-HARNESS] heartbeat c_star: 1983s cycle=58; n7_4h_e1: 1983s cycle=68
15:25:53 [S44-HARNESS] heartbeat c_star: 2043s cycle=60; n7_4h_e1: 2043s cycle=70
15:26:53 [S44-HARNESS] heartbeat c_star: 2103s cycle=61; n7_4h_e1: 2103s cycle=73
15:27:53 [S44-HARNESS] heartbeat c_star: 2163s cycle=64; n7_4h_e1: 2163s cycle=75
15:28:53 [S44-HARNESS] heartbeat c_star: 2223s cycle=66; n7_4h_e1: 2223s cycle=77
15:29:53 [S44-HARNESS] heartbeat c_star: 2283s cycle=68; n7_4h_e1: 2283s cycle=79
15:30:53 [S44-HARNESS] heartbeat c_star: 2344s cycle=69; n7_4h_e1: 2344s cycle=81
15:31:53 [S44-HARNESS] heartbeat c_star: 2404s cycle=72; n7_4h_e1: 2404s cycle=84
15:32:53 [S44-HARNESS] heartbeat c_star: 2464s cycle=74; n7_4h_e1: 2464s cycle=86
15:33:54 [S44-HARNESS] heartbeat c_star: 2524s cycle=76; n7_4h_e1: 2524s cycle=88
15:34:54 [S44-HARNESS] heartbeat c_star: 2584s cycle=78; n7_4h_e1: 2584s cycle=90
15:35:54 [S44-HARNESS] heartbeat c_star: 2644s cycle=80; n7_4h_e1: 2644s cycle=92
15:36:54 [S44-HARNESS] heartbeat c_star: 2704s cycle=82; n7_4h_e1: 2704s cycle=95
15:37:54 [S44-HARNESS] heartbeat c_star: 2764s cycle=84; n7_4h_e1: 2764s cycle=97
15:38:54 [S44-HARNESS] heartbeat c_star: 2824s cycle=85; n7_4h_e1: 2824s cycle=99
15:39:34 [S44-HARNESS] finished c_star pid=14191 exit=0 status=certified wall=2865s
15:39:54 [S44-HARNESS] heartbeat n7_4h_e1: 2885s cycle=101
15:40:54 [S44-HARNESS] heartbeat n7_4h_e1: 2945s cycle=104
15:41:54 [S44-HARNESS] heartbeat n7_4h_e1: 3005s cycle=106
15:42:55 [S44-HARNESS] heartbeat n7_4h_e1: 3065s cycle=108
15:43:55 [S44-HARNESS] heartbeat n7_4h_e1: 3125s cycle=111
15:44:20 [S44-HARNESS] finished n7_4h_e1 pid=14192 exit=0 status=certified wall=3150s
15:44:20 [S47-S2] campaign lock released
15:44:20 [S47-S2] BASELINE (C2 + phi_cal 0.985 + soh_min 0.70) -- objective convention: Q(x) = certified_cost = gross_operational_cost (settlement-excluded); F(x) = I(x) + Q(x); value = Q(0) - Q(x) with Q(0) from the pinned A0 x0 record; terminal_salvage_value and net_operational_recourse = gross - salvage reported, excluded (Addendum 27 item 3).
15:44:20 [S47-S2] {'label': 'c_star', 'status': 'certified', 'cycles': 87, 'cert_cycle': 87, 'Q': 650912327.1956586, 'value': 2947134.0322669744, 'I_x': 3696250.2238538675, 'value_minus_I': -749116.191586893, 'F': 654608577.4195124, 'budget_slack': -2696250.2238538675, 'bar': 25146.48616361618, 'floor_active_blocks': ['node 5 cohort 2025 block 2035', 'node 7 cohort 2025 block 2035', 'node 9 cohort 2025 block 2035'], 'salvage': -1.9285001043605776e-34}
15:44:20 [S47-S2] {'label': 'n7_4h_e1', 'status': 'certified', 'cycles': 112, 'cert_cycle': 112, 'Q': 653600033.4601703, 'value': 259427.76775527, 'I_x': 317957.0085035586, 'value_minus_I': -58529.240748288576, 'F': 653917990.4686738, 'budget_slack': 682042.9914964414, 'bar': 25104.654562950134, 'floor_active_blocks': ['node 7 cohort 2025 block 2035'], 'salvage': -7.807295072933878e-53}
15:44:20 [S47-S2] parent guard {'permitted_solve': 0, 'permitted_exec': 0, 'blocked_solve': 0, 'blocked_exec': 0} verify0_failures=[]
15:44:20 [S47-S2] OK: all 2 points certified
