21:40:50 [S47-PHASE-B] memory preflight {'utc': '2026-09-21T21:40:50.523792+00:00', 'available_gib': 22.520736694335938, 'required_gib': 13.75, 'pass': True, 'rule': 'hw.memsize - (wired + anonymous + compressor-occupied) x page size >= 5 x 2.75 GiB (the S47 launcher rule)', 'pages': {'Pages wired down': 151581, 'Anonymous pages': 354387, 'Pages occupied by compressor': 115265, 'Pages free': 7349, 'Pages inactive': 1101137}, 'page_size': 16384}
21:40:50 [S47-PHASE-B] campaign lock acquired: {'pid': 87924, 'campaign_id': 's47_phase_b', 'campaign_spec_sha256': '8cfa264e7ab0d92ac0832657c9b328d70b45851ba92f4623384d11fddb334185', 'started_utc': '2026-09-21T21:40:50.535298+00:00'}; git HEAD 353e094b55e2575340e8279a3faa0fde5c4daeaa
21:40:50 [PHASE-B] poll 0 Delta=4 incumbent=x0 new=0 hits=0 -> failure
21:40:50 [PHASE-B] poll 1 Delta=2 incumbent=x0 new=0 hits=0 -> failure
21:40:50 [S47-PHASE-B] evaluating ['y2025__n9_p0.25_e0.5', 'y2030__n9_p0.25_e0.5', 'y2025__n7_p0.25_e0.5', 'y2030__n7_p0.25_e0.5', 'y2025__n7_p0.25_e0.5__n9_p0.25_e0.5']
21:40:50 [S44-HARNESS] launched y2025__n9_p0.25_e0.5 (key c50a0e021a232e7d) pid=87984
21:40:50 [S44-HARNESS] launched y2030__n9_p0.25_e0.5 (key da2f6bc13b10aabe) pid=87985
21:40:50 [S44-HARNESS] launched y2025__n7_p0.25_e0.5 (key 56b9730bfb7b78c7) pid=87986
21:40:50 [S44-HARNESS] launched y2030__n7_p0.25_e0.5 (key 53c1de5c5a539484) pid=87987
21:40:50 [S44-HARNESS] launched y2025__n7_p0.25_e0.5__n9_p0.25_e0.5 (key a0258d800b0d0017) pid=87988
21:40:50 [S44-HARNESS] heartbeat y2025__n9_p0.25_e0.5: 0s cycle=None; y2030__n9_p0.25_e0.5: 0s cycle=None; y2025__n7_p0.25_e0.5: 0s cycle=None; y2030__n7_p0.25_e0.5: 0s cycle=None; y2025__n7_p0.25_e0.5__n9_p0.25_e0.5: 0s cycle=None
21:41:50 [S44-HARNESS] heartbeat y2025__n9_p0.25_e0.5: 60s cycle=None; y2030__n9_p0.25_e0.5: 60s cycle=None; y2025__n7_p0.25_e0.5: 60s cycle=None; y2030__n7_p0.25_e0.5: 60s cycle=None; y2025__n7_p0.25_e0.5__n9_p0.25_e0.5: 60s cycle=None
21:42:50 [S44-HARNESS] heartbeat y2025__n9_p0.25_e0.5: 120s cycle=2; y2030__n9_p0.25_e0.5: 120s cycle=2; y2025__n7_p0.25_e0.5: 120s cycle=2; y2030__n7_p0.25_e0.5: 120s cycle=2; y2025__n7_p0.25_e0.5__n9_p0.25_e0.5: 120s cycle=2
21:43:50 [S44-HARNESS] heartbeat y2025__n9_p0.25_e0.5: 180s cycle=4; y2030__n9_p0.25_e0.5: 180s cycle=4; y2025__n7_p0.25_e0.5: 180s cycle=4; y2030__n7_p0.25_e0.5: 180s cycle=4; y2025__n7_p0.25_e0.5__n9_p0.25_e0.5: 180s cycle=3
21:44:50 [S44-HARNESS] heartbeat y2025__n9_p0.25_e0.5: 240s cycle=5; y2030__n9_p0.25_e0.5: 240s cycle=5; y2025__n7_p0.25_e0.5: 240s cycle=6; y2030__n7_p0.25_e0.5: 240s cycle=6; y2025__n7_p0.25_e0.5__n9_p0.25_e0.5: 240s cycle=5
21:45:50 [S44-HARNESS] heartbeat y2025__n9_p0.25_e0.5: 300s cycle=7; y2030__n9_p0.25_e0.5: 300s cycle=7; y2025__n7_p0.25_e0.5: 300s cycle=7; y2030__n7_p0.25_e0.5: 300s cycle=7; y2025__n7_p0.25_e0.5__n9_p0.25_e0.5: 300s cycle=6
21:46:50 [S44-HARNESS] heartbeat y2025__n9_p0.25_e0.5: 360s cycle=9; y2030__n9_p0.25_e0.5: 360s cycle=9; y2025__n7_p0.25_e0.5: 360s cycle=9; y2030__n7_p0.25_e0.5: 360s cycle=9; y2025__n7_p0.25_e0.5__n9_p0.25_e0.5: 360s cycle=8
21:47:50 [S44-HARNESS] heartbeat y2025__n9_p0.25_e0.5: 420s cycle=11; y2030__n9_p0.25_e0.5: 420s cycle=11; y2025__n7_p0.25_e0.5: 420s cycle=11; y2030__n7_p0.25_e0.5: 420s cycle=11; y2025__n7_p0.25_e0.5__n9_p0.25_e0.5: 420s cycle=10
21:48:51 [S44-HARNESS] heartbeat y2025__n9_p0.25_e0.5: 480s cycle=13; y2030__n9_p0.25_e0.5: 480s cycle=13; y2025__n7_p0.25_e0.5: 480s cycle=13; y2030__n7_p0.25_e0.5: 480s cycle=13; y2025__n7_p0.25_e0.5__n9_p0.25_e0.5: 480s cycle=11
21:49:51 [S44-HARNESS] heartbeat y2025__n9_p0.25_e0.5: 541s cycle=15; y2030__n9_p0.25_e0.5: 541s cycle=15; y2025__n7_p0.25_e0.5: 541s cycle=15; y2030__n7_p0.25_e0.5: 541s cycle=15; y2025__n7_p0.25_e0.5__n9_p0.25_e0.5: 541s cycle=13
21:50:51 [S44-HARNESS] heartbeat y2025__n9_p0.25_e0.5: 601s cycle=16; y2030__n9_p0.25_e0.5: 601s cycle=17; y2025__n7_p0.25_e0.5: 601s cycle=17; y2030__n7_p0.25_e0.5: 601s cycle=17; y2025__n7_p0.25_e0.5__n9_p0.25_e0.5: 601s cycle=15
21:51:51 [S44-HARNESS] heartbeat y2025__n9_p0.25_e0.5: 661s cycle=18; y2030__n9_p0.25_e0.5: 661s cycle=19; y2025__n7_p0.25_e0.5: 661s cycle=19; y2030__n7_p0.25_e0.5: 661s cycle=19; y2025__n7_p0.25_e0.5__n9_p0.25_e0.5: 661s cycle=17
21:52:51 [S44-HARNESS] heartbeat y2025__n9_p0.25_e0.5: 721s cycle=20; y2030__n9_p0.25_e0.5: 721s cycle=21; y2025__n7_p0.25_e0.5: 721s cycle=20; y2030__n7_p0.25_e0.5: 721s cycle=21; y2025__n7_p0.25_e0.5__n9_p0.25_e0.5: 721s cycle=18
21:53:51 [S44-HARNESS] heartbeat y2025__n9_p0.25_e0.5: 781s cycle=22; y2030__n9_p0.25_e0.5: 781s cycle=23; y2025__n7_p0.25_e0.5: 781s cycle=22; y2030__n7_p0.25_e0.5: 781s cycle=23; y2025__n7_p0.25_e0.5__n9_p0.25_e0.5: 781s cycle=20
21:54:51 [S44-HARNESS] heartbeat y2025__n9_p0.25_e0.5: 841s cycle=24; y2030__n9_p0.25_e0.5: 841s cycle=25; y2025__n7_p0.25_e0.5: 841s cycle=24; y2030__n7_p0.25_e0.5: 841s cycle=25; y2025__n7_p0.25_e0.5__n9_p0.25_e0.5: 841s cycle=22
21:55:51 [S44-HARNESS] heartbeat y2025__n9_p0.25_e0.5: 901s cycle=26; y2030__n9_p0.25_e0.5: 901s cycle=27; y2025__n7_p0.25_e0.5: 901s cycle=26; y2030__n7_p0.25_e0.5: 901s cycle=27; y2025__n7_p0.25_e0.5__n9_p0.25_e0.5: 901s cycle=24
21:56:51 [S44-HARNESS] heartbeat y2025__n9_p0.25_e0.5: 961s cycle=28; y2030__n9_p0.25_e0.5: 961s cycle=29; y2025__n7_p0.25_e0.5: 961s cycle=28; y2030__n7_p0.25_e0.5: 961s cycle=29; y2025__n7_p0.25_e0.5__n9_p0.25_e0.5: 961s cycle=25
21:57:51 [S44-HARNESS] heartbeat y2025__n9_p0.25_e0.5: 1021s cycle=30; y2030__n9_p0.25_e0.5: 1021s cycle=31; y2025__n7_p0.25_e0.5: 1021s cycle=30; y2030__n7_p0.25_e0.5: 1021s cycle=31; y2025__n7_p0.25_e0.5__n9_p0.25_e0.5: 1021s cycle=27
21:58:52 [S44-HARNESS] heartbeat y2025__n9_p0.25_e0.5: 1081s cycle=32; y2030__n9_p0.25_e0.5: 1081s cycle=33; y2025__n7_p0.25_e0.5: 1081s cycle=32; y2030__n7_p0.25_e0.5: 1081s cycle=33; y2025__n7_p0.25_e0.5__n9_p0.25_e0.5: 1081s cycle=29
21:59:52 [S44-HARNESS] heartbeat y2025__n9_p0.25_e0.5: 1142s cycle=34; y2030__n9_p0.25_e0.5: 1142s cycle=35; y2025__n7_p0.25_e0.5: 1142s cycle=34; y2030__n7_p0.25_e0.5: 1142s cycle=35; y2025__n7_p0.25_e0.5__n9_p0.25_e0.5: 1142s cycle=31
22:00:52 [S44-HARNESS] heartbeat y2025__n9_p0.25_e0.5: 1202s cycle=36; y2030__n9_p0.25_e0.5: 1202s cycle=37; y2025__n7_p0.25_e0.5: 1202s cycle=36; y2030__n7_p0.25_e0.5: 1202s cycle=37; y2025__n7_p0.25_e0.5__n9_p0.25_e0.5: 1202s cycle=32
22:01:52 [S44-HARNESS] heartbeat y2025__n9_p0.25_e0.5: 1262s cycle=38; y2030__n9_p0.25_e0.5: 1262s cycle=39; y2025__n7_p0.25_e0.5: 1262s cycle=38; y2030__n7_p0.25_e0.5: 1262s cycle=39; y2025__n7_p0.25_e0.5__n9_p0.25_e0.5: 1262s cycle=34
22:02:52 [S44-HARNESS] heartbeat y2025__n9_p0.25_e0.5: 1322s cycle=40; y2030__n9_p0.25_e0.5: 1322s cycle=41; y2025__n7_p0.25_e0.5: 1322s cycle=40; y2030__n7_p0.25_e0.5: 1322s cycle=41; y2025__n7_p0.25_e0.5__n9_p0.25_e0.5: 1322s cycle=36
22:03:52 [S44-HARNESS] heartbeat y2025__n9_p0.25_e0.5: 1382s cycle=42; y2030__n9_p0.25_e0.5: 1382s cycle=43; y2025__n7_p0.25_e0.5: 1382s cycle=42; y2030__n7_p0.25_e0.5: 1382s cycle=43; y2025__n7_p0.25_e0.5__n9_p0.25_e0.5: 1382s cycle=38
22:04:52 [S44-HARNESS] heartbeat y2025__n9_p0.25_e0.5: 1442s cycle=44; y2030__n9_p0.25_e0.5: 1442s cycle=45; y2025__n7_p0.25_e0.5: 1442s cycle=44; y2030__n7_p0.25_e0.5: 1442s cycle=45; y2025__n7_p0.25_e0.5__n9_p0.25_e0.5: 1442s cycle=40
22:05:52 [S44-HARNESS] heartbeat y2025__n9_p0.25_e0.5: 1502s cycle=46; y2030__n9_p0.25_e0.5: 1502s cycle=47; y2025__n7_p0.25_e0.5: 1502s cycle=46; y2030__n7_p0.25_e0.5: 1502s cycle=47; y2025__n7_p0.25_e0.5__n9_p0.25_e0.5: 1502s cycle=41
22:06:52 [S44-HARNESS] heartbeat y2025__n9_p0.25_e0.5: 1562s cycle=47; y2030__n9_p0.25_e0.5: 1562s cycle=49; y2025__n7_p0.25_e0.5: 1562s cycle=47; y2030__n7_p0.25_e0.5: 1562s cycle=49; y2025__n7_p0.25_e0.5__n9_p0.25_e0.5: 1562s cycle=43
22:07:52 [S44-HARNESS] heartbeat y2025__n9_p0.25_e0.5: 1622s cycle=49; y2030__n9_p0.25_e0.5: 1622s cycle=51; y2025__n7_p0.25_e0.5: 1622s cycle=50; y2030__n7_p0.25_e0.5: 1622s cycle=51; y2025__n7_p0.25_e0.5__n9_p0.25_e0.5: 1622s cycle=45
22:08:53 [S44-HARNESS] heartbeat y2025__n9_p0.25_e0.5: 1683s cycle=51; y2030__n9_p0.25_e0.5: 1683s cycle=53; y2025__n7_p0.25_e0.5: 1683s cycle=51; y2030__n7_p0.25_e0.5: 1683s cycle=53; y2025__n7_p0.25_e0.5__n9_p0.25_e0.5: 1683s cycle=47
22:09:53 [S44-HARNESS] heartbeat y2025__n9_p0.25_e0.5: 1743s cycle=53; y2030__n9_p0.25_e0.5: 1743s cycle=55; y2025__n7_p0.25_e0.5: 1743s cycle=53; y2030__n7_p0.25_e0.5: 1743s cycle=55; y2025__n7_p0.25_e0.5__n9_p0.25_e0.5: 1743s cycle=49
22:10:53 [S44-HARNESS] heartbeat y2025__n9_p0.25_e0.5: 1803s cycle=55; y2030__n9_p0.25_e0.5: 1803s cycle=57; y2025__n7_p0.25_e0.5: 1803s cycle=55; y2030__n7_p0.25_e0.5: 1803s cycle=57; y2025__n7_p0.25_e0.5__n9_p0.25_e0.5: 1803s cycle=51
22:11:53 [S44-HARNESS] heartbeat y2025__n9_p0.25_e0.5: 1863s cycle=57; y2030__n9_p0.25_e0.5: 1863s cycle=59; y2025__n7_p0.25_e0.5: 1863s cycle=57; y2030__n7_p0.25_e0.5: 1863s cycle=59; y2025__n7_p0.25_e0.5__n9_p0.25_e0.5: 1863s cycle=53
22:12:53 [S44-HARNESS] heartbeat y2025__n9_p0.25_e0.5: 1923s cycle=59; y2030__n9_p0.25_e0.5: 1923s cycle=61; y2025__n7_p0.25_e0.5: 1923s cycle=59; y2030__n7_p0.25_e0.5: 1923s cycle=61; y2025__n7_p0.25_e0.5__n9_p0.25_e0.5: 1923s cycle=54
22:13:53 [S44-HARNESS] heartbeat y2025__n9_p0.25_e0.5: 1983s cycle=61; y2030__n9_p0.25_e0.5: 1983s cycle=63; y2025__n7_p0.25_e0.5: 1983s cycle=61; y2030__n7_p0.25_e0.5: 1983s cycle=63; y2025__n7_p0.25_e0.5__n9_p0.25_e0.5: 1983s cycle=56
22:14:53 [S44-HARNESS] heartbeat y2025__n9_p0.25_e0.5: 2043s cycle=63; y2030__n9_p0.25_e0.5: 2043s cycle=65; y2025__n7_p0.25_e0.5: 2043s cycle=63; y2030__n7_p0.25_e0.5: 2043s cycle=65; y2025__n7_p0.25_e0.5__n9_p0.25_e0.5: 2043s cycle=58
22:15:53 [S44-HARNESS] heartbeat y2025__n9_p0.25_e0.5: 2103s cycle=65; y2030__n9_p0.25_e0.5: 2103s cycle=67; y2025__n7_p0.25_e0.5: 2103s cycle=65; y2030__n7_p0.25_e0.5: 2103s cycle=67; y2025__n7_p0.25_e0.5__n9_p0.25_e0.5: 2103s cycle=60
22:16:53 [S44-HARNESS] heartbeat y2025__n9_p0.25_e0.5: 2163s cycle=67; y2030__n9_p0.25_e0.5: 2163s cycle=69; y2025__n7_p0.25_e0.5: 2163s cycle=67; y2030__n7_p0.25_e0.5: 2163s cycle=69; y2025__n7_p0.25_e0.5__n9_p0.25_e0.5: 2163s cycle=62
22:17:54 [S44-HARNESS] heartbeat y2025__n9_p0.25_e0.5: 2223s cycle=69; y2030__n9_p0.25_e0.5: 2223s cycle=71; y2025__n7_p0.25_e0.5: 2223s cycle=69; y2030__n7_p0.25_e0.5: 2223s cycle=71; y2025__n7_p0.25_e0.5__n9_p0.25_e0.5: 2223s cycle=64
22:18:54 [S44-HARNESS] heartbeat y2025__n9_p0.25_e0.5: 2284s cycle=71; y2030__n9_p0.25_e0.5: 2284s cycle=73; y2025__n7_p0.25_e0.5: 2284s cycle=71; y2030__n7_p0.25_e0.5: 2284s cycle=73; y2025__n7_p0.25_e0.5__n9_p0.25_e0.5: 2284s cycle=66
22:19:54 [S44-HARNESS] heartbeat y2025__n9_p0.25_e0.5: 2344s cycle=73; y2030__n9_p0.25_e0.5: 2344s cycle=75; y2025__n7_p0.25_e0.5: 2344s cycle=73; y2030__n7_p0.25_e0.5: 2344s cycle=75; y2025__n7_p0.25_e0.5__n9_p0.25_e0.5: 2344s cycle=67
22:20:54 [S44-HARNESS] heartbeat y2025__n9_p0.25_e0.5: 2404s cycle=75; y2030__n9_p0.25_e0.5: 2404s cycle=77; y2025__n7_p0.25_e0.5: 2404s cycle=75; y2030__n7_p0.25_e0.5: 2404s cycle=77; y2025__n7_p0.25_e0.5__n9_p0.25_e0.5: 2404s cycle=69
22:21:54 [S44-HARNESS] heartbeat y2025__n9_p0.25_e0.5: 2464s cycle=77; y2030__n9_p0.25_e0.5: 2464s cycle=79; y2025__n7_p0.25_e0.5: 2464s cycle=77; y2030__n7_p0.25_e0.5: 2464s cycle=79; y2025__n7_p0.25_e0.5__n9_p0.25_e0.5: 2464s cycle=71
22:22:54 [S44-HARNESS] heartbeat y2025__n9_p0.25_e0.5: 2524s cycle=79; y2030__n9_p0.25_e0.5: 2524s cycle=81; y2025__n7_p0.25_e0.5: 2524s cycle=79; y2030__n7_p0.25_e0.5: 2524s cycle=81; y2025__n7_p0.25_e0.5__n9_p0.25_e0.5: 2524s cycle=73
22:23:54 [S44-HARNESS] heartbeat y2025__n9_p0.25_e0.5: 2584s cycle=81; y2030__n9_p0.25_e0.5: 2584s cycle=83; y2025__n7_p0.25_e0.5: 2584s cycle=81; y2030__n7_p0.25_e0.5: 2584s cycle=83; y2025__n7_p0.25_e0.5__n9_p0.25_e0.5: 2584s cycle=75
22:24:54 [S44-HARNESS] heartbeat y2025__n9_p0.25_e0.5: 2644s cycle=83; y2030__n9_p0.25_e0.5: 2644s cycle=85; y2025__n7_p0.25_e0.5: 2644s cycle=83; y2030__n7_p0.25_e0.5: 2644s cycle=86; y2025__n7_p0.25_e0.5__n9_p0.25_e0.5: 2644s cycle=76
22:25:54 [S44-HARNESS] heartbeat y2025__n9_p0.25_e0.5: 2704s cycle=85; y2030__n9_p0.25_e0.5: 2704s cycle=87; y2025__n7_p0.25_e0.5: 2704s cycle=85; y2030__n7_p0.25_e0.5: 2704s cycle=88; y2025__n7_p0.25_e0.5__n9_p0.25_e0.5: 2704s cycle=78
22:26:55 [S44-HARNESS] heartbeat y2025__n9_p0.25_e0.5: 2764s cycle=87; y2030__n9_p0.25_e0.5: 2764s cycle=89; y2025__n7_p0.25_e0.5: 2764s cycle=87; y2030__n7_p0.25_e0.5: 2764s cycle=90; y2025__n7_p0.25_e0.5__n9_p0.25_e0.5: 2764s cycle=80
22:27:55 [S44-HARNESS] heartbeat y2025__n9_p0.25_e0.5: 2825s cycle=89; y2030__n9_p0.25_e0.5: 2825s cycle=91; y2025__n7_p0.25_e0.5: 2825s cycle=89; y2030__n7_p0.25_e0.5: 2825s cycle=92; y2025__n7_p0.25_e0.5__n9_p0.25_e0.5: 2825s cycle=82
22:28:55 [S44-HARNESS] heartbeat y2025__n9_p0.25_e0.5: 2885s cycle=90; y2030__n9_p0.25_e0.5: 2885s cycle=93; y2025__n7_p0.25_e0.5: 2885s cycle=91; y2030__n7_p0.25_e0.5: 2885s cycle=94; y2025__n7_p0.25_e0.5__n9_p0.25_e0.5: 2885s cycle=84
22:29:55 [S44-HARNESS] heartbeat y2025__n9_p0.25_e0.5: 2945s cycle=92; y2030__n9_p0.25_e0.5: 2945s cycle=95; y2025__n7_p0.25_e0.5: 2945s cycle=93; y2030__n7_p0.25_e0.5: 2945s cycle=96; y2025__n7_p0.25_e0.5__n9_p0.25_e0.5: 2945s cycle=86
22:30:55 [S44-HARNESS] heartbeat y2025__n9_p0.25_e0.5: 3005s cycle=94; y2030__n9_p0.25_e0.5: 3005s cycle=97; y2025__n7_p0.25_e0.5: 3005s cycle=95; y2030__n7_p0.25_e0.5: 3005s cycle=98; y2025__n7_p0.25_e0.5__n9_p0.25_e0.5: 3005s cycle=87
22:31:55 [S44-HARNESS] heartbeat y2025__n9_p0.25_e0.5: 3065s cycle=96; y2030__n9_p0.25_e0.5: 3065s cycle=99; y2025__n7_p0.25_e0.5: 3065s cycle=97; y2030__n7_p0.25_e0.5: 3065s cycle=100; y2025__n7_p0.25_e0.5__n9_p0.25_e0.5: 3065s cycle=89
22:32:55 [S44-HARNESS] heartbeat y2025__n9_p0.25_e0.5: 3125s cycle=98; y2030__n9_p0.25_e0.5: 3125s cycle=101; y2025__n7_p0.25_e0.5: 3125s cycle=99; y2030__n7_p0.25_e0.5: 3125s cycle=102; y2025__n7_p0.25_e0.5__n9_p0.25_e0.5: 3125s cycle=91
22:33:55 [S44-HARNESS] heartbeat y2025__n9_p0.25_e0.5: 3185s cycle=100; y2030__n9_p0.25_e0.5: 3185s cycle=103; y2025__n7_p0.25_e0.5: 3185s cycle=101; y2030__n7_p0.25_e0.5: 3185s cycle=104; y2025__n7_p0.25_e0.5__n9_p0.25_e0.5: 3185s cycle=93
22:34:55 [S44-HARNESS] heartbeat y2025__n9_p0.25_e0.5: 3245s cycle=102; y2030__n9_p0.25_e0.5: 3245s cycle=105; y2025__n7_p0.25_e0.5: 3245s cycle=103; y2030__n7_p0.25_e0.5: 3245s cycle=106; y2025__n7_p0.25_e0.5__n9_p0.25_e0.5: 3245s cycle=95
22:35:55 [S44-HARNESS] heartbeat y2025__n9_p0.25_e0.5: 3305s cycle=104; y2030__n9_p0.25_e0.5: 3305s cycle=107; y2025__n7_p0.25_e0.5: 3305s cycle=105; y2030__n7_p0.25_e0.5: 3305s cycle=108; y2025__n7_p0.25_e0.5__n9_p0.25_e0.5: 3305s cycle=97
22:36:56 [S44-HARNESS] heartbeat y2025__n9_p0.25_e0.5: 3366s cycle=106; y2030__n9_p0.25_e0.5: 3366s cycle=109; y2025__n7_p0.25_e0.5: 3366s cycle=107; y2030__n7_p0.25_e0.5: 3366s cycle=110; y2025__n7_p0.25_e0.5__n9_p0.25_e0.5: 3366s cycle=99
22:37:56 [S44-HARNESS] heartbeat y2025__n9_p0.25_e0.5: 3426s cycle=108; y2030__n9_p0.25_e0.5: 3426s cycle=111; y2025__n7_p0.25_e0.5: 3426s cycle=109; y2030__n7_p0.25_e0.5: 3426s cycle=112; y2025__n7_p0.25_e0.5__n9_p0.25_e0.5: 3426s cycle=101
22:38:56 [S44-HARNESS] heartbeat y2025__n9_p0.25_e0.5: 3486s cycle=110; y2030__n9_p0.25_e0.5: 3486s cycle=113; y2025__n7_p0.25_e0.5: 3486s cycle=111; y2030__n7_p0.25_e0.5: 3486s cycle=114; y2025__n7_p0.25_e0.5__n9_p0.25_e0.5: 3486s cycle=102
22:39:56 [S44-HARNESS] heartbeat y2025__n9_p0.25_e0.5: 3546s cycle=112; y2030__n9_p0.25_e0.5: 3546s cycle=115; y2025__n7_p0.25_e0.5: 3546s cycle=113; y2030__n7_p0.25_e0.5: 3546s cycle=116; y2025__n7_p0.25_e0.5__n9_p0.25_e0.5: 3546s cycle=104
22:40:56 [S44-HARNESS] heartbeat y2025__n9_p0.25_e0.5: 3606s cycle=114; y2030__n9_p0.25_e0.5: 3606s cycle=117; y2025__n7_p0.25_e0.5: 3606s cycle=115; y2030__n7_p0.25_e0.5: 3606s cycle=118; y2025__n7_p0.25_e0.5__n9_p0.25_e0.5: 3606s cycle=106
22:41:56 [S44-HARNESS] heartbeat y2025__n9_p0.25_e0.5: 3666s cycle=116; y2030__n9_p0.25_e0.5: 3666s cycle=119; y2025__n7_p0.25_e0.5: 3666s cycle=117; y2030__n7_p0.25_e0.5: 3666s cycle=119; y2025__n7_p0.25_e0.5__n9_p0.25_e0.5: 3666s cycle=108
22:42:56 [S44-HARNESS] heartbeat y2025__n9_p0.25_e0.5: 3726s cycle=118; y2030__n9_p0.25_e0.5: 3726s cycle=121; y2025__n7_p0.25_e0.5: 3726s cycle=119; y2030__n7_p0.25_e0.5: 3726s cycle=122; y2025__n7_p0.25_e0.5__n9_p0.25_e0.5: 3726s cycle=110
22:43:56 [S44-HARNESS] finished y2025__n7_p0.25_e0.5 pid=87986 exit=0 status=certified wall=3786s
22:43:56 [S44-HARNESS] heartbeat y2025__n9_p0.25_e0.5: 3786s cycle=120; y2030__n9_p0.25_e0.5: 3786s cycle=123; y2030__n7_p0.25_e0.5: 3786s cycle=124; y2025__n7_p0.25_e0.5__n9_p0.25_e0.5: 3786s cycle=112
22:44:46 [S44-HARNESS] finished y2025__n9_p0.25_e0.5 pid=87984 exit=0 status=certified wall=3836s
22:44:56 [S44-HARNESS] heartbeat y2030__n9_p0.25_e0.5: 3846s cycle=125; y2030__n7_p0.25_e0.5: 3846s cycle=126; y2025__n7_p0.25_e0.5__n9_p0.25_e0.5: 3846s cycle=114
22:45:31 [S44-HARNESS] finished y2025__n7_p0.25_e0.5__n9_p0.25_e0.5 pid=87988 exit=0 status=certified wall=3881s
22:45:57 [S44-HARNESS] heartbeat y2030__n9_p0.25_e0.5: 3906s cycle=128; y2030__n7_p0.25_e0.5: 3906s cycle=128
22:46:32 [S44-HARNESS] finished y2030__n9_p0.25_e0.5 pid=87985 exit=0 status=certified wall=3942s
22:46:57 [S44-HARNESS] heartbeat y2030__n7_p0.25_e0.5: 3967s cycle=130
22:47:57 [S44-HARNESS] heartbeat y2030__n7_p0.25_e0.5: 4027s cycle=133
22:48:27 [S44-HARNESS] finished y2030__n7_p0.25_e0.5 pid=87987 exit=0 status=certified wall=4057s
22:48:27 [S47-PHASE-B] evaluating ['y2030__n7_p0.25_e0.5__n9_p0.25_e0.5', 'y2025__n5_p0.25_e0.5', 'y2030__n5_p0.25_e0.5', 'y2025__n5_p0.25_e0.5__n9_p0.25_e0.5', 'y2030__n5_p0.25_e0.5__n9_p0.25_e0.5']
22:48:27 [S44-HARNESS] launched y2030__n7_p0.25_e0.5__n9_p0.25_e0.5 (key be2c55eba95b61e0) pid=21442
22:48:27 [S44-HARNESS] launched y2025__n5_p0.25_e0.5 (key 33031c083b68c655) pid=21443
22:48:27 [S44-HARNESS] launched y2030__n5_p0.25_e0.5 (key e0e614845a23e067) pid=21444
22:48:27 [S44-HARNESS] launched y2025__n5_p0.25_e0.5__n9_p0.25_e0.5 (key ba670a65868a486d) pid=21445
22:48:27 [S44-HARNESS] launched y2030__n5_p0.25_e0.5__n9_p0.25_e0.5 (key 013befee221f1762) pid=21446
22:48:27 [S44-HARNESS] heartbeat y2030__n7_p0.25_e0.5__n9_p0.25_e0.5: 0s cycle=None; y2025__n5_p0.25_e0.5: 0s cycle=None; y2030__n5_p0.25_e0.5: 0s cycle=None; y2025__n5_p0.25_e0.5__n9_p0.25_e0.5: 0s cycle=None; y2030__n5_p0.25_e0.5__n9_p0.25_e0.5: 0s cycle=None
22:49:27 [S44-HARNESS] heartbeat y2030__n7_p0.25_e0.5__n9_p0.25_e0.5: 60s cycle=None; y2025__n5_p0.25_e0.5: 60s cycle=None; y2030__n5_p0.25_e0.5: 60s cycle=None; y2025__n5_p0.25_e0.5__n9_p0.25_e0.5: 60s cycle=None; y2030__n5_p0.25_e0.5__n9_p0.25_e0.5: 60s cycle=None
22:50:27 [S44-HARNESS] heartbeat y2030__n7_p0.25_e0.5__n9_p0.25_e0.5: 120s cycle=2; y2025__n5_p0.25_e0.5: 120s cycle=2; y2030__n5_p0.25_e0.5: 120s cycle=2; y2025__n5_p0.25_e0.5__n9_p0.25_e0.5: 120s cycle=2; y2030__n5_p0.25_e0.5__n9_p0.25_e0.5: 120s cycle=2
22:51:27 [S44-HARNESS] heartbeat y2030__n7_p0.25_e0.5__n9_p0.25_e0.5: 180s cycle=3; y2025__n5_p0.25_e0.5: 180s cycle=4; y2030__n5_p0.25_e0.5: 180s cycle=4; y2025__n5_p0.25_e0.5__n9_p0.25_e0.5: 180s cycle=3; y2030__n5_p0.25_e0.5__n9_p0.25_e0.5: 180s cycle=4
22:52:27 [S44-HARNESS] heartbeat y2030__n7_p0.25_e0.5__n9_p0.25_e0.5: 240s cycle=5; y2025__n5_p0.25_e0.5: 240s cycle=5; y2030__n5_p0.25_e0.5: 240s cycle=6; y2025__n5_p0.25_e0.5__n9_p0.25_e0.5: 240s cycle=5; y2030__n5_p0.25_e0.5__n9_p0.25_e0.5: 240s cycle=5
22:53:27 [S44-HARNESS] heartbeat y2030__n7_p0.25_e0.5__n9_p0.25_e0.5: 301s cycle=7; y2025__n5_p0.25_e0.5: 301s cycle=7; y2030__n5_p0.25_e0.5: 301s cycle=7; y2025__n5_p0.25_e0.5__n9_p0.25_e0.5: 301s cycle=6; y2030__n5_p0.25_e0.5__n9_p0.25_e0.5: 301s cycle=7
22:54:27 [S44-HARNESS] heartbeat y2030__n7_p0.25_e0.5__n9_p0.25_e0.5: 361s cycle=9; y2025__n5_p0.25_e0.5: 361s cycle=9; y2030__n5_p0.25_e0.5: 361s cycle=9; y2025__n5_p0.25_e0.5__n9_p0.25_e0.5: 361s cycle=8; y2030__n5_p0.25_e0.5__n9_p0.25_e0.5: 361s cycle=9
22:55:28 [S44-HARNESS] heartbeat y2030__n7_p0.25_e0.5__n9_p0.25_e0.5: 421s cycle=10; y2025__n5_p0.25_e0.5: 421s cycle=11; y2030__n5_p0.25_e0.5: 421s cycle=11; y2025__n5_p0.25_e0.5__n9_p0.25_e0.5: 421s cycle=9; y2030__n5_p0.25_e0.5__n9_p0.25_e0.5: 421s cycle=11
22:56:28 [S44-HARNESS] heartbeat y2030__n7_p0.25_e0.5__n9_p0.25_e0.5: 481s cycle=12; y2025__n5_p0.25_e0.5: 481s cycle=13; y2030__n5_p0.25_e0.5: 481s cycle=13; y2025__n5_p0.25_e0.5__n9_p0.25_e0.5: 481s cycle=11; y2030__n5_p0.25_e0.5__n9_p0.25_e0.5: 481s cycle=12
22:57:28 [S44-HARNESS] heartbeat y2030__n7_p0.25_e0.5__n9_p0.25_e0.5: 541s cycle=14; y2025__n5_p0.25_e0.5: 541s cycle=14; y2030__n5_p0.25_e0.5: 541s cycle=15; y2025__n5_p0.25_e0.5__n9_p0.25_e0.5: 541s cycle=13; y2030__n5_p0.25_e0.5__n9_p0.25_e0.5: 541s cycle=14
22:58:28 [S44-HARNESS] heartbeat y2030__n7_p0.25_e0.5__n9_p0.25_e0.5: 601s cycle=16; y2025__n5_p0.25_e0.5: 601s cycle=16; y2030__n5_p0.25_e0.5: 601s cycle=17; y2025__n5_p0.25_e0.5__n9_p0.25_e0.5: 601s cycle=14; y2030__n5_p0.25_e0.5__n9_p0.25_e0.5: 601s cycle=16
22:59:28 [S44-HARNESS] heartbeat y2030__n7_p0.25_e0.5__n9_p0.25_e0.5: 661s cycle=18; y2025__n5_p0.25_e0.5: 661s cycle=18; y2030__n5_p0.25_e0.5: 661s cycle=19; y2025__n5_p0.25_e0.5__n9_p0.25_e0.5: 661s cycle=16; y2030__n5_p0.25_e0.5__n9_p0.25_e0.5: 661s cycle=18
23:00:28 [S44-HARNESS] heartbeat y2030__n7_p0.25_e0.5__n9_p0.25_e0.5: 721s cycle=20; y2025__n5_p0.25_e0.5: 721s cycle=20; y2030__n5_p0.25_e0.5: 721s cycle=21; y2025__n5_p0.25_e0.5__n9_p0.25_e0.5: 721s cycle=18; y2030__n5_p0.25_e0.5__n9_p0.25_e0.5: 721s cycle=20
23:01:28 [S44-HARNESS] heartbeat y2030__n7_p0.25_e0.5__n9_p0.25_e0.5: 781s cycle=22; y2025__n5_p0.25_e0.5: 781s cycle=22; y2030__n5_p0.25_e0.5: 781s cycle=23; y2025__n5_p0.25_e0.5__n9_p0.25_e0.5: 781s cycle=20; y2030__n5_p0.25_e0.5__n9_p0.25_e0.5: 781s cycle=22
23:02:28 [S44-HARNESS] heartbeat y2030__n7_p0.25_e0.5__n9_p0.25_e0.5: 841s cycle=23; y2025__n5_p0.25_e0.5: 841s cycle=24; y2030__n5_p0.25_e0.5: 841s cycle=25; y2025__n5_p0.25_e0.5__n9_p0.25_e0.5: 841s cycle=21; y2030__n5_p0.25_e0.5__n9_p0.25_e0.5: 841s cycle=24
23:03:28 [S44-HARNESS] heartbeat y2030__n7_p0.25_e0.5__n9_p0.25_e0.5: 902s cycle=25; y2025__n5_p0.25_e0.5: 902s cycle=26; y2030__n5_p0.25_e0.5: 902s cycle=27; y2025__n5_p0.25_e0.5__n9_p0.25_e0.5: 902s cycle=23; y2030__n5_p0.25_e0.5__n9_p0.25_e0.5: 902s cycle=25
23:04:28 [S44-HARNESS] heartbeat y2030__n7_p0.25_e0.5__n9_p0.25_e0.5: 962s cycle=27; y2025__n5_p0.25_e0.5: 962s cycle=28; y2030__n5_p0.25_e0.5: 962s cycle=29; y2025__n5_p0.25_e0.5__n9_p0.25_e0.5: 962s cycle=25; y2030__n5_p0.25_e0.5__n9_p0.25_e0.5: 962s cycle=27
23:05:29 [S44-HARNESS] heartbeat y2030__n7_p0.25_e0.5__n9_p0.25_e0.5: 1022s cycle=29; y2025__n5_p0.25_e0.5: 1022s cycle=29; y2030__n5_p0.25_e0.5: 1022s cycle=31; y2025__n5_p0.25_e0.5__n9_p0.25_e0.5: 1022s cycle=26; y2030__n5_p0.25_e0.5__n9_p0.25_e0.5: 1022s cycle=29
23:06:29 [S44-HARNESS] heartbeat y2030__n7_p0.25_e0.5__n9_p0.25_e0.5: 1082s cycle=31; y2025__n5_p0.25_e0.5: 1082s cycle=31; y2030__n5_p0.25_e0.5: 1082s cycle=33; y2025__n5_p0.25_e0.5__n9_p0.25_e0.5: 1082s cycle=28; y2030__n5_p0.25_e0.5__n9_p0.25_e0.5: 1082s cycle=31
23:07:29 [S44-HARNESS] heartbeat y2030__n7_p0.25_e0.5__n9_p0.25_e0.5: 1142s cycle=33; y2025__n5_p0.25_e0.5: 1142s cycle=33; y2030__n5_p0.25_e0.5: 1142s cycle=35; y2025__n5_p0.25_e0.5__n9_p0.25_e0.5: 1142s cycle=30; y2030__n5_p0.25_e0.5__n9_p0.25_e0.5: 1142s cycle=33
23:08:29 [S44-HARNESS] heartbeat y2030__n7_p0.25_e0.5__n9_p0.25_e0.5: 1202s cycle=35; y2025__n5_p0.25_e0.5: 1202s cycle=35; y2030__n5_p0.25_e0.5: 1202s cycle=37; y2025__n5_p0.25_e0.5__n9_p0.25_e0.5: 1202s cycle=32; y2030__n5_p0.25_e0.5__n9_p0.25_e0.5: 1202s cycle=35
23:09:29 [S44-HARNESS] heartbeat y2030__n7_p0.25_e0.5__n9_p0.25_e0.5: 1262s cycle=37; y2025__n5_p0.25_e0.5: 1262s cycle=37; y2030__n5_p0.25_e0.5: 1262s cycle=39; y2025__n5_p0.25_e0.5__n9_p0.25_e0.5: 1262s cycle=34; y2030__n5_p0.25_e0.5__n9_p0.25_e0.5: 1262s cycle=37
23:10:29 [S44-HARNESS] heartbeat y2030__n7_p0.25_e0.5__n9_p0.25_e0.5: 1322s cycle=39; y2025__n5_p0.25_e0.5: 1322s cycle=39; y2030__n5_p0.25_e0.5: 1322s cycle=41; y2025__n5_p0.25_e0.5__n9_p0.25_e0.5: 1322s cycle=35; y2030__n5_p0.25_e0.5__n9_p0.25_e0.5: 1322s cycle=39
23:11:29 [S44-HARNESS] heartbeat y2030__n7_p0.25_e0.5__n9_p0.25_e0.5: 1382s cycle=41; y2025__n5_p0.25_e0.5: 1382s cycle=41; y2030__n5_p0.25_e0.5: 1382s cycle=43; y2025__n5_p0.25_e0.5__n9_p0.25_e0.5: 1382s cycle=37; y2030__n5_p0.25_e0.5__n9_p0.25_e0.5: 1382s cycle=41
23:12:29 [S44-HARNESS] heartbeat y2030__n7_p0.25_e0.5__n9_p0.25_e0.5: 1442s cycle=43; y2025__n5_p0.25_e0.5: 1442s cycle=43; y2030__n5_p0.25_e0.5: 1442s cycle=45; y2025__n5_p0.25_e0.5__n9_p0.25_e0.5: 1442s cycle=39; y2030__n5_p0.25_e0.5__n9_p0.25_e0.5: 1442s cycle=43
23:13:29 [S44-HARNESS] heartbeat y2030__n7_p0.25_e0.5__n9_p0.25_e0.5: 1503s cycle=44; y2025__n5_p0.25_e0.5: 1503s cycle=45; y2030__n5_p0.25_e0.5: 1503s cycle=47; y2025__n5_p0.25_e0.5__n9_p0.25_e0.5: 1503s cycle=41; y2030__n5_p0.25_e0.5__n9_p0.25_e0.5: 1503s cycle=45
23:14:30 [S44-HARNESS] heartbeat y2030__n7_p0.25_e0.5__n9_p0.25_e0.5: 1563s cycle=46; y2025__n5_p0.25_e0.5: 1563s cycle=47; y2030__n5_p0.25_e0.5: 1563s cycle=49; y2025__n5_p0.25_e0.5__n9_p0.25_e0.5: 1563s cycle=43; y2030__n5_p0.25_e0.5__n9_p0.25_e0.5: 1563s cycle=47
23:15:30 [S44-HARNESS] heartbeat y2030__n7_p0.25_e0.5__n9_p0.25_e0.5: 1623s cycle=48; y2025__n5_p0.25_e0.5: 1623s cycle=49; y2030__n5_p0.25_e0.5: 1623s cycle=51; y2025__n5_p0.25_e0.5__n9_p0.25_e0.5: 1623s cycle=45; y2030__n5_p0.25_e0.5__n9_p0.25_e0.5: 1623s cycle=48
23:16:30 [S44-HARNESS] heartbeat y2030__n7_p0.25_e0.5__n9_p0.25_e0.5: 1683s cycle=50; y2025__n5_p0.25_e0.5: 1683s cycle=51; y2030__n5_p0.25_e0.5: 1683s cycle=53; y2025__n5_p0.25_e0.5__n9_p0.25_e0.5: 1683s cycle=46; y2030__n5_p0.25_e0.5__n9_p0.25_e0.5: 1683s cycle=50
23:17:30 [S44-HARNESS] heartbeat y2030__n7_p0.25_e0.5__n9_p0.25_e0.5: 1743s cycle=52; y2025__n5_p0.25_e0.5: 1743s cycle=53; y2030__n5_p0.25_e0.5: 1743s cycle=55; y2025__n5_p0.25_e0.5__n9_p0.25_e0.5: 1743s cycle=48; y2030__n5_p0.25_e0.5__n9_p0.25_e0.5: 1743s cycle=52
23:18:30 [S44-HARNESS] heartbeat y2030__n7_p0.25_e0.5__n9_p0.25_e0.5: 1803s cycle=54; y2025__n5_p0.25_e0.5: 1803s cycle=55; y2030__n5_p0.25_e0.5: 1803s cycle=57; y2025__n5_p0.25_e0.5__n9_p0.25_e0.5: 1803s cycle=50; y2030__n5_p0.25_e0.5__n9_p0.25_e0.5: 1803s cycle=54
23:19:30 [S44-HARNESS] heartbeat y2030__n7_p0.25_e0.5__n9_p0.25_e0.5: 1863s cycle=56; y2025__n5_p0.25_e0.5: 1863s cycle=57; y2030__n5_p0.25_e0.5: 1863s cycle=59; y2025__n5_p0.25_e0.5__n9_p0.25_e0.5: 1863s cycle=52; y2030__n5_p0.25_e0.5__n9_p0.25_e0.5: 1863s cycle=56
23:20:30 [S44-HARNESS] heartbeat y2030__n7_p0.25_e0.5__n9_p0.25_e0.5: 1923s cycle=58; y2025__n5_p0.25_e0.5: 1923s cycle=59; y2030__n5_p0.25_e0.5: 1923s cycle=61; y2025__n5_p0.25_e0.5__n9_p0.25_e0.5: 1923s cycle=54; y2030__n5_p0.25_e0.5__n9_p0.25_e0.5: 1923s cycle=58
23:21:30 [S44-HARNESS] heartbeat y2030__n7_p0.25_e0.5__n9_p0.25_e0.5: 1983s cycle=60; y2025__n5_p0.25_e0.5: 1983s cycle=61; y2030__n5_p0.25_e0.5: 1983s cycle=63; y2025__n5_p0.25_e0.5__n9_p0.25_e0.5: 1983s cycle=56; y2030__n5_p0.25_e0.5__n9_p0.25_e0.5: 1983s cycle=60
23:22:30 [S44-HARNESS] heartbeat y2030__n7_p0.25_e0.5__n9_p0.25_e0.5: 2044s cycle=62; y2025__n5_p0.25_e0.5: 2044s cycle=63; y2030__n5_p0.25_e0.5: 2044s cycle=65; y2025__n5_p0.25_e0.5__n9_p0.25_e0.5: 2044s cycle=57; y2030__n5_p0.25_e0.5__n9_p0.25_e0.5: 2044s cycle=62
23:23:31 [S44-HARNESS] heartbeat y2030__n7_p0.25_e0.5__n9_p0.25_e0.5: 2104s cycle=64; y2025__n5_p0.25_e0.5: 2104s cycle=65; y2030__n5_p0.25_e0.5: 2104s cycle=67; y2025__n5_p0.25_e0.5__n9_p0.25_e0.5: 2104s cycle=59; y2030__n5_p0.25_e0.5__n9_p0.25_e0.5: 2104s cycle=64
23:24:31 [S44-HARNESS] heartbeat y2030__n7_p0.25_e0.5__n9_p0.25_e0.5: 2164s cycle=66; y2025__n5_p0.25_e0.5: 2164s cycle=67; y2030__n5_p0.25_e0.5: 2164s cycle=69; y2025__n5_p0.25_e0.5__n9_p0.25_e0.5: 2164s cycle=61; y2030__n5_p0.25_e0.5__n9_p0.25_e0.5: 2164s cycle=66
23:25:31 [S44-HARNESS] heartbeat y2030__n7_p0.25_e0.5__n9_p0.25_e0.5: 2224s cycle=68; y2025__n5_p0.25_e0.5: 2224s cycle=69; y2030__n5_p0.25_e0.5: 2224s cycle=71; y2025__n5_p0.25_e0.5__n9_p0.25_e0.5: 2224s cycle=63; y2030__n5_p0.25_e0.5__n9_p0.25_e0.5: 2224s cycle=68
23:26:31 [S44-HARNESS] heartbeat y2030__n7_p0.25_e0.5__n9_p0.25_e0.5: 2284s cycle=70; y2025__n5_p0.25_e0.5: 2284s cycle=71; y2030__n5_p0.25_e0.5: 2284s cycle=73; y2025__n5_p0.25_e0.5__n9_p0.25_e0.5: 2284s cycle=65; y2030__n5_p0.25_e0.5__n9_p0.25_e0.5: 2284s cycle=69
23:27:31 [S44-HARNESS] heartbeat y2030__n7_p0.25_e0.5__n9_p0.25_e0.5: 2344s cycle=72; y2025__n5_p0.25_e0.5: 2344s cycle=73; y2030__n5_p0.25_e0.5: 2344s cycle=75; y2025__n5_p0.25_e0.5__n9_p0.25_e0.5: 2344s cycle=67; y2030__n5_p0.25_e0.5__n9_p0.25_e0.5: 2344s cycle=71
23:28:31 [S44-HARNESS] heartbeat y2030__n7_p0.25_e0.5__n9_p0.25_e0.5: 2404s cycle=73; y2025__n5_p0.25_e0.5: 2404s cycle=75; y2030__n5_p0.25_e0.5: 2404s cycle=77; y2025__n5_p0.25_e0.5__n9_p0.25_e0.5: 2404s cycle=69; y2030__n5_p0.25_e0.5__n9_p0.25_e0.5: 2404s cycle=73
23:29:31 [S44-HARNESS] heartbeat y2030__n7_p0.25_e0.5__n9_p0.25_e0.5: 2464s cycle=75; y2025__n5_p0.25_e0.5: 2464s cycle=77; y2030__n5_p0.25_e0.5: 2464s cycle=79; y2025__n5_p0.25_e0.5__n9_p0.25_e0.5: 2464s cycle=71; y2030__n5_p0.25_e0.5__n9_p0.25_e0.5: 2464s cycle=75
23:30:31 [S44-HARNESS] heartbeat y2030__n7_p0.25_e0.5__n9_p0.25_e0.5: 2524s cycle=77; y2025__n5_p0.25_e0.5: 2524s cycle=79; y2030__n5_p0.25_e0.5: 2524s cycle=81; y2025__n5_p0.25_e0.5__n9_p0.25_e0.5: 2524s cycle=72; y2030__n5_p0.25_e0.5__n9_p0.25_e0.5: 2524s cycle=77
23:31:31 [S44-HARNESS] heartbeat y2030__n7_p0.25_e0.5__n9_p0.25_e0.5: 2585s cycle=79; y2025__n5_p0.25_e0.5: 2585s cycle=81; y2030__n5_p0.25_e0.5: 2585s cycle=83; y2025__n5_p0.25_e0.5__n9_p0.25_e0.5: 2585s cycle=74; y2030__n5_p0.25_e0.5__n9_p0.25_e0.5: 2585s cycle=79
23:32:31 [S44-HARNESS] heartbeat y2030__n7_p0.25_e0.5__n9_p0.25_e0.5: 2645s cycle=81; y2025__n5_p0.25_e0.5: 2645s cycle=83; y2030__n5_p0.25_e0.5: 2645s cycle=85; y2025__n5_p0.25_e0.5__n9_p0.25_e0.5: 2645s cycle=76; y2030__n5_p0.25_e0.5__n9_p0.25_e0.5: 2645s cycle=81
23:33:32 [S44-HARNESS] heartbeat y2030__n7_p0.25_e0.5__n9_p0.25_e0.5: 2705s cycle=83; y2025__n5_p0.25_e0.5: 2705s cycle=85; y2030__n5_p0.25_e0.5: 2705s cycle=87; y2025__n5_p0.25_e0.5__n9_p0.25_e0.5: 2705s cycle=78; y2030__n5_p0.25_e0.5__n9_p0.25_e0.5: 2705s cycle=83
23:34:32 [S44-HARNESS] heartbeat y2030__n7_p0.25_e0.5__n9_p0.25_e0.5: 2765s cycle=85; y2025__n5_p0.25_e0.5: 2765s cycle=87; y2030__n5_p0.25_e0.5: 2765s cycle=89; y2025__n5_p0.25_e0.5__n9_p0.25_e0.5: 2765s cycle=80; y2030__n5_p0.25_e0.5__n9_p0.25_e0.5: 2765s cycle=85
23:35:32 [S44-HARNESS] heartbeat y2030__n7_p0.25_e0.5__n9_p0.25_e0.5: 2825s cycle=87; y2025__n5_p0.25_e0.5: 2825s cycle=89; y2030__n5_p0.25_e0.5: 2825s cycle=91; y2025__n5_p0.25_e0.5__n9_p0.25_e0.5: 2825s cycle=81; y2030__n5_p0.25_e0.5__n9_p0.25_e0.5: 2825s cycle=86
23:36:32 [S44-HARNESS] heartbeat y2030__n7_p0.25_e0.5__n9_p0.25_e0.5: 2885s cycle=89; y2025__n5_p0.25_e0.5: 2885s cycle=91; y2030__n5_p0.25_e0.5: 2885s cycle=93; y2025__n5_p0.25_e0.5__n9_p0.25_e0.5: 2885s cycle=83; y2030__n5_p0.25_e0.5__n9_p0.25_e0.5: 2885s cycle=88
23:37:32 [S44-HARNESS] heartbeat y2030__n7_p0.25_e0.5__n9_p0.25_e0.5: 2945s cycle=91; y2025__n5_p0.25_e0.5: 2945s cycle=93; y2030__n5_p0.25_e0.5: 2945s cycle=95; y2025__n5_p0.25_e0.5__n9_p0.25_e0.5: 2945s cycle=85; y2030__n5_p0.25_e0.5__n9_p0.25_e0.5: 2945s cycle=90
23:38:32 [S44-HARNESS] heartbeat y2030__n7_p0.25_e0.5__n9_p0.25_e0.5: 3005s cycle=93; y2025__n5_p0.25_e0.5: 3005s cycle=95; y2030__n5_p0.25_e0.5: 3005s cycle=97; y2025__n5_p0.25_e0.5__n9_p0.25_e0.5: 3005s cycle=87; y2030__n5_p0.25_e0.5__n9_p0.25_e0.5: 3005s cycle=92
23:39:32 [S44-HARNESS] heartbeat y2030__n7_p0.25_e0.5__n9_p0.25_e0.5: 3065s cycle=95; y2025__n5_p0.25_e0.5: 3065s cycle=97; y2030__n5_p0.25_e0.5: 3065s cycle=99; y2025__n5_p0.25_e0.5__n9_p0.25_e0.5: 3065s cycle=89; y2030__n5_p0.25_e0.5__n9_p0.25_e0.5: 3065s cycle=94
23:40:32 [S44-HARNESS] heartbeat y2030__n7_p0.25_e0.5__n9_p0.25_e0.5: 3126s cycle=97; y2025__n5_p0.25_e0.5: 3125s cycle=99; y2030__n5_p0.25_e0.5: 3125s cycle=101; y2025__n5_p0.25_e0.5__n9_p0.25_e0.5: 3125s cycle=90; y2030__n5_p0.25_e0.5__n9_p0.25_e0.5: 3125s cycle=96
23:41:32 [S44-HARNESS] heartbeat y2030__n7_p0.25_e0.5__n9_p0.25_e0.5: 3186s cycle=99; y2025__n5_p0.25_e0.5: 3186s cycle=101; y2030__n5_p0.25_e0.5: 3186s cycle=103; y2025__n5_p0.25_e0.5__n9_p0.25_e0.5: 3186s cycle=92; y2030__n5_p0.25_e0.5__n9_p0.25_e0.5: 3186s cycle=98
23:42:33 [S44-HARNESS] heartbeat y2030__n7_p0.25_e0.5__n9_p0.25_e0.5: 3246s cycle=100; y2025__n5_p0.25_e0.5: 3246s cycle=103; y2030__n5_p0.25_e0.5: 3246s cycle=105; y2025__n5_p0.25_e0.5__n9_p0.25_e0.5: 3246s cycle=94; y2030__n5_p0.25_e0.5__n9_p0.25_e0.5: 3246s cycle=100
23:43:33 [S44-HARNESS] heartbeat y2030__n7_p0.25_e0.5__n9_p0.25_e0.5: 3306s cycle=102; y2025__n5_p0.25_e0.5: 3306s cycle=105; y2030__n5_p0.25_e0.5: 3306s cycle=107; y2025__n5_p0.25_e0.5__n9_p0.25_e0.5: 3306s cycle=96; y2030__n5_p0.25_e0.5__n9_p0.25_e0.5: 3306s cycle=102
23:44:33 [S44-HARNESS] heartbeat y2030__n7_p0.25_e0.5__n9_p0.25_e0.5: 3366s cycle=104; y2025__n5_p0.25_e0.5: 3366s cycle=107; y2030__n5_p0.25_e0.5: 3366s cycle=109; y2025__n5_p0.25_e0.5__n9_p0.25_e0.5: 3366s cycle=98; y2030__n5_p0.25_e0.5__n9_p0.25_e0.5: 3366s cycle=104
23:45:33 [S44-HARNESS] heartbeat y2030__n7_p0.25_e0.5__n9_p0.25_e0.5: 3426s cycle=106; y2025__n5_p0.25_e0.5: 3426s cycle=109; y2030__n5_p0.25_e0.5: 3426s cycle=111; y2025__n5_p0.25_e0.5__n9_p0.25_e0.5: 3426s cycle=99; y2030__n5_p0.25_e0.5__n9_p0.25_e0.5: 3426s cycle=106
23:46:33 [S44-HARNESS] heartbeat y2030__n7_p0.25_e0.5__n9_p0.25_e0.5: 3486s cycle=108; y2025__n5_p0.25_e0.5: 3486s cycle=111; y2030__n5_p0.25_e0.5: 3486s cycle=113; y2025__n5_p0.25_e0.5__n9_p0.25_e0.5: 3486s cycle=101; y2030__n5_p0.25_e0.5__n9_p0.25_e0.5: 3486s cycle=107
23:47:33 [S44-HARNESS] heartbeat y2030__n7_p0.25_e0.5__n9_p0.25_e0.5: 3546s cycle=110; y2025__n5_p0.25_e0.5: 3546s cycle=113; y2030__n5_p0.25_e0.5: 3546s cycle=115; y2025__n5_p0.25_e0.5__n9_p0.25_e0.5: 3546s cycle=103; y2030__n5_p0.25_e0.5__n9_p0.25_e0.5: 3546s cycle=109
23:48:33 [S44-HARNESS] heartbeat y2030__n7_p0.25_e0.5__n9_p0.25_e0.5: 3606s cycle=112; y2025__n5_p0.25_e0.5: 3606s cycle=115; y2030__n5_p0.25_e0.5: 3606s cycle=117; y2025__n5_p0.25_e0.5__n9_p0.25_e0.5: 3606s cycle=105; y2030__n5_p0.25_e0.5__n9_p0.25_e0.5: 3606s cycle=111
23:49:33 [S44-HARNESS] heartbeat y2030__n7_p0.25_e0.5__n9_p0.25_e0.5: 3666s cycle=114; y2025__n5_p0.25_e0.5: 3666s cycle=117; y2030__n5_p0.25_e0.5: 3666s cycle=119; y2025__n5_p0.25_e0.5__n9_p0.25_e0.5: 3666s cycle=107; y2030__n5_p0.25_e0.5__n9_p0.25_e0.5: 3666s cycle=113
23:50:23 [S44-HARNESS] finished y2025__n5_p0.25_e0.5 pid=21443 exit=0 status=certified wall=3716s
23:50:33 [S44-HARNESS] heartbeat y2030__n7_p0.25_e0.5__n9_p0.25_e0.5: 3727s cycle=116; y2030__n5_p0.25_e0.5: 3727s cycle=121; y2025__n5_p0.25_e0.5__n9_p0.25_e0.5: 3726s cycle=109; y2030__n5_p0.25_e0.5__n9_p0.25_e0.5: 3726s cycle=115
23:51:33 [S44-HARNESS] heartbeat y2030__n7_p0.25_e0.5__n9_p0.25_e0.5: 3787s cycle=118; y2030__n5_p0.25_e0.5: 3787s cycle=123; y2025__n5_p0.25_e0.5__n9_p0.25_e0.5: 3787s cycle=111; y2030__n5_p0.25_e0.5__n9_p0.25_e0.5: 3787s cycle=117
23:52:34 [S44-HARNESS] heartbeat y2030__n7_p0.25_e0.5__n9_p0.25_e0.5: 3847s cycle=120; y2030__n5_p0.25_e0.5: 3847s cycle=126; y2025__n5_p0.25_e0.5__n9_p0.25_e0.5: 3847s cycle=113; y2030__n5_p0.25_e0.5__n9_p0.25_e0.5: 3847s cycle=119
23:52:59 [S44-HARNESS] finished y2025__n5_p0.25_e0.5__n9_p0.25_e0.5 pid=21445 exit=0 status=certified wall=3872s
23:53:34 [S44-HARNESS] heartbeat y2030__n7_p0.25_e0.5__n9_p0.25_e0.5: 3907s cycle=122; y2030__n5_p0.25_e0.5: 3907s cycle=128; y2030__n5_p0.25_e0.5__n9_p0.25_e0.5: 3907s cycle=121
23:54:34 [S44-HARNESS] heartbeat y2030__n7_p0.25_e0.5__n9_p0.25_e0.5: 3967s cycle=124; y2030__n5_p0.25_e0.5: 3967s cycle=130; y2030__n5_p0.25_e0.5__n9_p0.25_e0.5: 3967s cycle=123
23:55:04 [S44-HARNESS] finished y2030__n5_p0.25_e0.5 pid=21444 exit=0 status=certified wall=3997s
23:55:34 [S44-HARNESS] heartbeat y2030__n7_p0.25_e0.5__n9_p0.25_e0.5: 4027s cycle=126; y2030__n5_p0.25_e0.5__n9_p0.25_e0.5: 4027s cycle=125
23:56:34 [S44-HARNESS] heartbeat y2030__n7_p0.25_e0.5__n9_p0.25_e0.5: 4087s cycle=128; y2030__n5_p0.25_e0.5__n9_p0.25_e0.5: 4087s cycle=127
23:57:34 [S44-HARNESS] heartbeat y2030__n7_p0.25_e0.5__n9_p0.25_e0.5: 4147s cycle=130; y2030__n5_p0.25_e0.5__n9_p0.25_e0.5: 4147s cycle=129
23:58:34 [S44-HARNESS] finished y2030__n7_p0.25_e0.5__n9_p0.25_e0.5 pid=21442 exit=0 status=certified wall=4207s
23:58:34 [S44-HARNESS] heartbeat y2030__n5_p0.25_e0.5__n9_p0.25_e0.5: 4207s cycle=131
23:59:14 [S44-HARNESS] finished y2030__n5_p0.25_e0.5__n9_p0.25_e0.5 pid=21446 exit=0 status=certified wall=4247s
23:59:14 [S47-PHASE-B] evaluating ['y2025__n5_p0.25_e0.5__n7_p0.25_e0.5', 'y2030__n5_p0.25_e0.5__n7_p0.25_e0.5', 'y2025__n5_p0.25_e0.5__n7_p0.25_e0.5__n9_p0.25_e0.5', 'y2030__n5_p0.25_e0.5__n7_p0.25_e0.5__n9_p0.25_e0.5']
23:59:14 [S44-HARNESS] launched y2025__n5_p0.25_e0.5__n7_p0.25_e0.5 (key 1a639ffc70d85154) pid=54539
23:59:14 [S44-HARNESS] launched y2030__n5_p0.25_e0.5__n7_p0.25_e0.5 (key a5bb68bf2bd1e2bf) pid=54540
23:59:14 [S44-HARNESS] launched y2025__n5_p0.25_e0.5__n7_p0.25_e0.5__n9_p0.25_e0.5 (key cc03ce8e9b04c327) pid=54541
23:59:14 [S44-HARNESS] launched y2030__n5_p0.25_e0.5__n7_p0.25_e0.5__n9_p0.25_e0.5 (key f0445c7218cabc40) pid=54542
23:59:14 [S44-HARNESS] heartbeat y2025__n5_p0.25_e0.5__n7_p0.25_e0.5: 0s cycle=None; y2030__n5_p0.25_e0.5__n7_p0.25_e0.5: 0s cycle=None; y2025__n5_p0.25_e0.5__n7_p0.25_e0.5__n9_p0.25_e0.5: 0s cycle=None; y2030__n5_p0.25_e0.5__n7_p0.25_e0.5__n9_p0.25_e0.5: 0s cycle=None
00:00:14 [S44-HARNESS] heartbeat y2025__n5_p0.25_e0.5__n7_p0.25_e0.5: 60s cycle=None; y2030__n5_p0.25_e0.5__n7_p0.25_e0.5: 60s cycle=None; y2025__n5_p0.25_e0.5__n7_p0.25_e0.5__n9_p0.25_e0.5: 60s cycle=None; y2030__n5_p0.25_e0.5__n7_p0.25_e0.5__n9_p0.25_e0.5: 60s cycle=None
00:01:14 [S44-HARNESS] heartbeat y2025__n5_p0.25_e0.5__n7_p0.25_e0.5: 120s cycle=2; y2030__n5_p0.25_e0.5__n7_p0.25_e0.5: 120s cycle=2; y2025__n5_p0.25_e0.5__n7_p0.25_e0.5__n9_p0.25_e0.5: 120s cycle=2; y2030__n5_p0.25_e0.5__n7_p0.25_e0.5__n9_p0.25_e0.5: 120s cycle=2
00:02:15 [S44-HARNESS] heartbeat y2025__n5_p0.25_e0.5__n7_p0.25_e0.5: 180s cycle=3; y2030__n5_p0.25_e0.5__n7_p0.25_e0.5: 180s cycle=4; y2025__n5_p0.25_e0.5__n7_p0.25_e0.5__n9_p0.25_e0.5: 180s cycle=3; y2030__n5_p0.25_e0.5__n7_p0.25_e0.5__n9_p0.25_e0.5: 180s cycle=3
00:03:15 [S44-HARNESS] heartbeat y2025__n5_p0.25_e0.5__n7_p0.25_e0.5: 240s cycle=5; y2030__n5_p0.25_e0.5__n7_p0.25_e0.5: 240s cycle=6; y2025__n5_p0.25_e0.5__n7_p0.25_e0.5__n9_p0.25_e0.5: 240s cycle=5; y2030__n5_p0.25_e0.5__n7_p0.25_e0.5__n9_p0.25_e0.5: 240s cycle=5
00:04:15 [S44-HARNESS] heartbeat y2025__n5_p0.25_e0.5__n7_p0.25_e0.5: 300s cycle=7; y2030__n5_p0.25_e0.5__n7_p0.25_e0.5: 300s cycle=8; y2025__n5_p0.25_e0.5__n7_p0.25_e0.5__n9_p0.25_e0.5: 300s cycle=6; y2030__n5_p0.25_e0.5__n7_p0.25_e0.5__n9_p0.25_e0.5: 300s cycle=7
00:05:15 [S44-HARNESS] heartbeat y2025__n5_p0.25_e0.5__n7_p0.25_e0.5: 361s cycle=9; y2030__n5_p0.25_e0.5__n7_p0.25_e0.5: 361s cycle=9; y2025__n5_p0.25_e0.5__n7_p0.25_e0.5__n9_p0.25_e0.5: 361s cycle=8; y2030__n5_p0.25_e0.5__n7_p0.25_e0.5__n9_p0.25_e0.5: 361s cycle=8
00:06:15 [S44-HARNESS] heartbeat y2025__n5_p0.25_e0.5__n7_p0.25_e0.5: 421s cycle=10; y2030__n5_p0.25_e0.5__n7_p0.25_e0.5: 421s cycle=11; y2025__n5_p0.25_e0.5__n7_p0.25_e0.5__n9_p0.25_e0.5: 421s cycle=9; y2030__n5_p0.25_e0.5__n7_p0.25_e0.5__n9_p0.25_e0.5: 421s cycle=10
00:07:15 [S44-HARNESS] heartbeat y2025__n5_p0.25_e0.5__n7_p0.25_e0.5: 481s cycle=12; y2030__n5_p0.25_e0.5__n7_p0.25_e0.5: 481s cycle=13; y2025__n5_p0.25_e0.5__n7_p0.25_e0.5__n9_p0.25_e0.5: 481s cycle=11; y2030__n5_p0.25_e0.5__n7_p0.25_e0.5__n9_p0.25_e0.5: 481s cycle=12
00:08:15 [S44-HARNESS] heartbeat y2025__n5_p0.25_e0.5__n7_p0.25_e0.5: 541s cycle=14; y2030__n5_p0.25_e0.5__n7_p0.25_e0.5: 541s cycle=15; y2025__n5_p0.25_e0.5__n7_p0.25_e0.5__n9_p0.25_e0.5: 541s cycle=13; y2030__n5_p0.25_e0.5__n7_p0.25_e0.5__n9_p0.25_e0.5: 541s cycle=14
00:09:15 [S44-HARNESS] heartbeat y2025__n5_p0.25_e0.5__n7_p0.25_e0.5: 601s cycle=15; y2030__n5_p0.25_e0.5__n7_p0.25_e0.5: 601s cycle=17; y2025__n5_p0.25_e0.5__n7_p0.25_e0.5__n9_p0.25_e0.5: 601s cycle=14; y2030__n5_p0.25_e0.5__n7_p0.25_e0.5__n9_p0.25_e0.5: 601s cycle=15
00:10:15 [S44-HARNESS] heartbeat y2025__n5_p0.25_e0.5__n7_p0.25_e0.5: 661s cycle=17; y2030__n5_p0.25_e0.5__n7_p0.25_e0.5: 661s cycle=19; y2025__n5_p0.25_e0.5__n7_p0.25_e0.5__n9_p0.25_e0.5: 661s cycle=16; y2030__n5_p0.25_e0.5__n7_p0.25_e0.5__n9_p0.25_e0.5: 661s cycle=17
00:11:16 [S44-HARNESS] heartbeat y2025__n5_p0.25_e0.5__n7_p0.25_e0.5: 721s cycle=19; y2030__n5_p0.25_e0.5__n7_p0.25_e0.5: 721s cycle=21; y2025__n5_p0.25_e0.5__n7_p0.25_e0.5__n9_p0.25_e0.5: 721s cycle=18; y2030__n5_p0.25_e0.5__n7_p0.25_e0.5__n9_p0.25_e0.5: 721s cycle=19
00:12:16 [S44-HARNESS] heartbeat y2025__n5_p0.25_e0.5__n7_p0.25_e0.5: 781s cycle=21; y2030__n5_p0.25_e0.5__n7_p0.25_e0.5: 781s cycle=23; y2025__n5_p0.25_e0.5__n7_p0.25_e0.5__n9_p0.25_e0.5: 781s cycle=19; y2030__n5_p0.25_e0.5__n7_p0.25_e0.5__n9_p0.25_e0.5: 781s cycle=21
00:13:16 [S44-HARNESS] heartbeat y2025__n5_p0.25_e0.5__n7_p0.25_e0.5: 841s cycle=23; y2030__n5_p0.25_e0.5__n7_p0.25_e0.5: 841s cycle=25; y2025__n5_p0.25_e0.5__n7_p0.25_e0.5__n9_p0.25_e0.5: 841s cycle=21; y2030__n5_p0.25_e0.5__n7_p0.25_e0.5__n9_p0.25_e0.5: 841s cycle=23
00:14:16 [S44-HARNESS] heartbeat y2025__n5_p0.25_e0.5__n7_p0.25_e0.5: 902s cycle=25; y2030__n5_p0.25_e0.5__n7_p0.25_e0.5: 902s cycle=27; y2025__n5_p0.25_e0.5__n7_p0.25_e0.5__n9_p0.25_e0.5: 902s cycle=23; y2030__n5_p0.25_e0.5__n7_p0.25_e0.5__n9_p0.25_e0.5: 902s cycle=25
00:15:16 [S44-HARNESS] heartbeat y2025__n5_p0.25_e0.5__n7_p0.25_e0.5: 962s cycle=27; y2030__n5_p0.25_e0.5__n7_p0.25_e0.5: 962s cycle=29; y2025__n5_p0.25_e0.5__n7_p0.25_e0.5__n9_p0.25_e0.5: 962s cycle=24; y2030__n5_p0.25_e0.5__n7_p0.25_e0.5__n9_p0.25_e0.5: 962s cycle=27
00:16:16 [S44-HARNESS] heartbeat y2025__n5_p0.25_e0.5__n7_p0.25_e0.5: 1022s cycle=28; y2030__n5_p0.25_e0.5__n7_p0.25_e0.5: 1022s cycle=31; y2025__n5_p0.25_e0.5__n7_p0.25_e0.5__n9_p0.25_e0.5: 1022s cycle=26; y2030__n5_p0.25_e0.5__n7_p0.25_e0.5__n9_p0.25_e0.5: 1022s cycle=29
00:17:16 [S44-HARNESS] heartbeat y2025__n5_p0.25_e0.5__n7_p0.25_e0.5: 1082s cycle=30; y2030__n5_p0.25_e0.5__n7_p0.25_e0.5: 1082s cycle=33; y2025__n5_p0.25_e0.5__n7_p0.25_e0.5__n9_p0.25_e0.5: 1082s cycle=27; y2030__n5_p0.25_e0.5__n7_p0.25_e0.5__n9_p0.25_e0.5: 1082s cycle=31
00:18:16 [S44-HARNESS] heartbeat y2025__n5_p0.25_e0.5__n7_p0.25_e0.5: 1142s cycle=32; y2030__n5_p0.25_e0.5__n7_p0.25_e0.5: 1142s cycle=35; y2025__n5_p0.25_e0.5__n7_p0.25_e0.5__n9_p0.25_e0.5: 1142s cycle=29; y2030__n5_p0.25_e0.5__n7_p0.25_e0.5__n9_p0.25_e0.5: 1142s cycle=32
00:19:16 [S44-HARNESS] heartbeat y2025__n5_p0.25_e0.5__n7_p0.25_e0.5: 1202s cycle=34; y2030__n5_p0.25_e0.5__n7_p0.25_e0.5: 1202s cycle=37; y2025__n5_p0.25_e0.5__n7_p0.25_e0.5__n9_p0.25_e0.5: 1202s cycle=31; y2030__n5_p0.25_e0.5__n7_p0.25_e0.5__n9_p0.25_e0.5: 1202s cycle=34
00:20:16 [S44-HARNESS] heartbeat y2025__n5_p0.25_e0.5__n7_p0.25_e0.5: 1262s cycle=36; y2030__n5_p0.25_e0.5__n7_p0.25_e0.5: 1262s cycle=39; y2025__n5_p0.25_e0.5__n7_p0.25_e0.5__n9_p0.25_e0.5: 1262s cycle=32; y2030__n5_p0.25_e0.5__n7_p0.25_e0.5__n9_p0.25_e0.5: 1262s cycle=36
00:21:17 [S44-HARNESS] heartbeat y2025__n5_p0.25_e0.5__n7_p0.25_e0.5: 1322s cycle=38; y2030__n5_p0.25_e0.5__n7_p0.25_e0.5: 1322s cycle=41; y2025__n5_p0.25_e0.5__n7_p0.25_e0.5__n9_p0.25_e0.5: 1322s cycle=34; y2030__n5_p0.25_e0.5__n7_p0.25_e0.5__n9_p0.25_e0.5: 1322s cycle=38
00:22:17 [S44-HARNESS] heartbeat y2025__n5_p0.25_e0.5__n7_p0.25_e0.5: 1382s cycle=40; y2030__n5_p0.25_e0.5__n7_p0.25_e0.5: 1382s cycle=43; y2025__n5_p0.25_e0.5__n7_p0.25_e0.5__n9_p0.25_e0.5: 1382s cycle=36; y2030__n5_p0.25_e0.5__n7_p0.25_e0.5__n9_p0.25_e0.5: 1382s cycle=40
00:23:17 [S44-HARNESS] heartbeat y2025__n5_p0.25_e0.5__n7_p0.25_e0.5: 1442s cycle=42; y2030__n5_p0.25_e0.5__n7_p0.25_e0.5: 1442s cycle=45; y2025__n5_p0.25_e0.5__n7_p0.25_e0.5__n9_p0.25_e0.5: 1442s cycle=38; y2030__n5_p0.25_e0.5__n7_p0.25_e0.5__n9_p0.25_e0.5: 1442s cycle=42
00:24:17 [S44-HARNESS] heartbeat y2025__n5_p0.25_e0.5__n7_p0.25_e0.5: 1503s cycle=44; y2030__n5_p0.25_e0.5__n7_p0.25_e0.5: 1503s cycle=47; y2025__n5_p0.25_e0.5__n7_p0.25_e0.5__n9_p0.25_e0.5: 1503s cycle=39; y2030__n5_p0.25_e0.5__n7_p0.25_e0.5__n9_p0.25_e0.5: 1503s cycle=44
00:25:17 [S44-HARNESS] heartbeat y2025__n5_p0.25_e0.5__n7_p0.25_e0.5: 1563s cycle=45; y2030__n5_p0.25_e0.5__n7_p0.25_e0.5: 1563s cycle=49; y2025__n5_p0.25_e0.5__n7_p0.25_e0.5__n9_p0.25_e0.5: 1563s cycle=41; y2030__n5_p0.25_e0.5__n7_p0.25_e0.5__n9_p0.25_e0.5: 1563s cycle=45
00:26:17 [S44-HARNESS] heartbeat y2025__n5_p0.25_e0.5__n7_p0.25_e0.5: 1623s cycle=47; y2030__n5_p0.25_e0.5__n7_p0.25_e0.5: 1623s cycle=51; y2025__n5_p0.25_e0.5__n7_p0.25_e0.5__n9_p0.25_e0.5: 1623s cycle=43; y2030__n5_p0.25_e0.5__n7_p0.25_e0.5__n9_p0.25_e0.5: 1623s cycle=47
00:27:17 [S44-HARNESS] heartbeat y2025__n5_p0.25_e0.5__n7_p0.25_e0.5: 1683s cycle=49; y2030__n5_p0.25_e0.5__n7_p0.25_e0.5: 1683s cycle=53; y2025__n5_p0.25_e0.5__n7_p0.25_e0.5__n9_p0.25_e0.5: 1683s cycle=45; y2030__n5_p0.25_e0.5__n7_p0.25_e0.5__n9_p0.25_e0.5: 1683s cycle=49
00:28:17 [S44-HARNESS] heartbeat y2025__n5_p0.25_e0.5__n7_p0.25_e0.5: 1743s cycle=51; y2030__n5_p0.25_e0.5__n7_p0.25_e0.5: 1743s cycle=55; y2025__n5_p0.25_e0.5__n7_p0.25_e0.5__n9_p0.25_e0.5: 1743s cycle=47; y2030__n5_p0.25_e0.5__n7_p0.25_e0.5__n9_p0.25_e0.5: 1743s cycle=51
00:29:17 [S44-HARNESS] heartbeat y2025__n5_p0.25_e0.5__n7_p0.25_e0.5: 1803s cycle=53; y2030__n5_p0.25_e0.5__n7_p0.25_e0.5: 1803s cycle=57; y2025__n5_p0.25_e0.5__n7_p0.25_e0.5__n9_p0.25_e0.5: 1803s cycle=48; y2030__n5_p0.25_e0.5__n7_p0.25_e0.5__n9_p0.25_e0.5: 1803s cycle=53
00:30:18 [S44-HARNESS] heartbeat y2025__n5_p0.25_e0.5__n7_p0.25_e0.5: 1863s cycle=55; y2030__n5_p0.25_e0.5__n7_p0.25_e0.5: 1863s cycle=59; y2025__n5_p0.25_e0.5__n7_p0.25_e0.5__n9_p0.25_e0.5: 1863s cycle=50; y2030__n5_p0.25_e0.5__n7_p0.25_e0.5__n9_p0.25_e0.5: 1863s cycle=55
00:31:18 [S44-HARNESS] heartbeat y2025__n5_p0.25_e0.5__n7_p0.25_e0.5: 1923s cycle=57; y2030__n5_p0.25_e0.5__n7_p0.25_e0.5: 1923s cycle=60; y2025__n5_p0.25_e0.5__n7_p0.25_e0.5__n9_p0.25_e0.5: 1923s cycle=52; y2030__n5_p0.25_e0.5__n7_p0.25_e0.5__n9_p0.25_e0.5: 1923s cycle=57
00:32:18 [S44-HARNESS] heartbeat y2025__n5_p0.25_e0.5__n7_p0.25_e0.5: 1983s cycle=59; y2030__n5_p0.25_e0.5__n7_p0.25_e0.5: 1983s cycle=62; y2025__n5_p0.25_e0.5__n7_p0.25_e0.5__n9_p0.25_e0.5: 1983s cycle=54; y2030__n5_p0.25_e0.5__n7_p0.25_e0.5__n9_p0.25_e0.5: 1983s cycle=59
00:33:18 [S44-HARNESS] heartbeat y2025__n5_p0.25_e0.5__n7_p0.25_e0.5: 2044s cycle=61; y2030__n5_p0.25_e0.5__n7_p0.25_e0.5: 2044s cycle=64; y2025__n5_p0.25_e0.5__n7_p0.25_e0.5__n9_p0.25_e0.5: 2044s cycle=56; y2030__n5_p0.25_e0.5__n7_p0.25_e0.5__n9_p0.25_e0.5: 2044s cycle=61
00:34:18 [S44-HARNESS] heartbeat y2025__n5_p0.25_e0.5__n7_p0.25_e0.5: 2104s cycle=63; y2030__n5_p0.25_e0.5__n7_p0.25_e0.5: 2104s cycle=66; y2025__n5_p0.25_e0.5__n7_p0.25_e0.5__n9_p0.25_e0.5: 2104s cycle=57; y2030__n5_p0.25_e0.5__n7_p0.25_e0.5__n9_p0.25_e0.5: 2104s cycle=62
00:35:18 [S44-HARNESS] heartbeat y2025__n5_p0.25_e0.5__n7_p0.25_e0.5: 2164s cycle=65; y2030__n5_p0.25_e0.5__n7_p0.25_e0.5: 2164s cycle=68; y2025__n5_p0.25_e0.5__n7_p0.25_e0.5__n9_p0.25_e0.5: 2164s cycle=59; y2030__n5_p0.25_e0.5__n7_p0.25_e0.5__n9_p0.25_e0.5: 2164s cycle=64
00:36:18 [S44-HARNESS] heartbeat y2025__n5_p0.25_e0.5__n7_p0.25_e0.5: 2224s cycle=67; y2030__n5_p0.25_e0.5__n7_p0.25_e0.5: 2224s cycle=70; y2025__n5_p0.25_e0.5__n7_p0.25_e0.5__n9_p0.25_e0.5: 2224s cycle=61; y2030__n5_p0.25_e0.5__n7_p0.25_e0.5__n9_p0.25_e0.5: 2224s cycle=66
00:37:18 [S44-HARNESS] heartbeat y2025__n5_p0.25_e0.5__n7_p0.25_e0.5: 2284s cycle=69; y2030__n5_p0.25_e0.5__n7_p0.25_e0.5: 2284s cycle=72; y2025__n5_p0.25_e0.5__n7_p0.25_e0.5__n9_p0.25_e0.5: 2284s cycle=63; y2030__n5_p0.25_e0.5__n7_p0.25_e0.5__n9_p0.25_e0.5: 2284s cycle=68
00:38:18 [S44-HARNESS] heartbeat y2025__n5_p0.25_e0.5__n7_p0.25_e0.5: 2344s cycle=70; y2030__n5_p0.25_e0.5__n7_p0.25_e0.5: 2344s cycle=74; y2025__n5_p0.25_e0.5__n7_p0.25_e0.5__n9_p0.25_e0.5: 2344s cycle=64; y2030__n5_p0.25_e0.5__n7_p0.25_e0.5__n9_p0.25_e0.5: 2344s cycle=70
00:39:18 [S44-HARNESS] heartbeat y2025__n5_p0.25_e0.5__n7_p0.25_e0.5: 2404s cycle=72; y2030__n5_p0.25_e0.5__n7_p0.25_e0.5: 2404s cycle=76; y2025__n5_p0.25_e0.5__n7_p0.25_e0.5__n9_p0.25_e0.5: 2404s cycle=66; y2030__n5_p0.25_e0.5__n7_p0.25_e0.5__n9_p0.25_e0.5: 2404s cycle=72
00:40:19 [S44-HARNESS] heartbeat y2025__n5_p0.25_e0.5__n7_p0.25_e0.5: 2464s cycle=74; y2030__n5_p0.25_e0.5__n7_p0.25_e0.5: 2464s cycle=78; y2025__n5_p0.25_e0.5__n7_p0.25_e0.5__n9_p0.25_e0.5: 2464s cycle=68; y2030__n5_p0.25_e0.5__n7_p0.25_e0.5__n9_p0.25_e0.5: 2464s cycle=74
00:41:19 [S44-HARNESS] heartbeat y2025__n5_p0.25_e0.5__n7_p0.25_e0.5: 2524s cycle=76; y2030__n5_p0.25_e0.5__n7_p0.25_e0.5: 2524s cycle=80; y2025__n5_p0.25_e0.5__n7_p0.25_e0.5__n9_p0.25_e0.5: 2524s cycle=70; y2030__n5_p0.25_e0.5__n7_p0.25_e0.5__n9_p0.25_e0.5: 2524s cycle=75
00:42:19 [S44-HARNESS] heartbeat y2025__n5_p0.25_e0.5__n7_p0.25_e0.5: 2584s cycle=78; y2030__n5_p0.25_e0.5__n7_p0.25_e0.5: 2584s cycle=82; y2025__n5_p0.25_e0.5__n7_p0.25_e0.5__n9_p0.25_e0.5: 2584s cycle=72; y2030__n5_p0.25_e0.5__n7_p0.25_e0.5__n9_p0.25_e0.5: 2584s cycle=77
00:43:19 [S44-HARNESS] heartbeat y2025__n5_p0.25_e0.5__n7_p0.25_e0.5: 2645s cycle=80; y2030__n5_p0.25_e0.5__n7_p0.25_e0.5: 2645s cycle=84; y2025__n5_p0.25_e0.5__n7_p0.25_e0.5__n9_p0.25_e0.5: 2645s cycle=74; y2030__n5_p0.25_e0.5__n7_p0.25_e0.5__n9_p0.25_e0.5: 2645s cycle=79
00:44:19 [S44-HARNESS] heartbeat y2025__n5_p0.25_e0.5__n7_p0.25_e0.5: 2705s cycle=82; y2030__n5_p0.25_e0.5__n7_p0.25_e0.5: 2705s cycle=86; y2025__n5_p0.25_e0.5__n7_p0.25_e0.5__n9_p0.25_e0.5: 2705s cycle=75; y2030__n5_p0.25_e0.5__n7_p0.25_e0.5__n9_p0.25_e0.5: 2705s cycle=81
00:45:19 [S44-HARNESS] heartbeat y2025__n5_p0.25_e0.5__n7_p0.25_e0.5: 2765s cycle=84; y2030__n5_p0.25_e0.5__n7_p0.25_e0.5: 2765s cycle=88; y2025__n5_p0.25_e0.5__n7_p0.25_e0.5__n9_p0.25_e0.5: 2765s cycle=77; y2030__n5_p0.25_e0.5__n7_p0.25_e0.5__n9_p0.25_e0.5: 2765s cycle=83
00:46:19 [S44-HARNESS] heartbeat y2025__n5_p0.25_e0.5__n7_p0.25_e0.5: 2825s cycle=86; y2030__n5_p0.25_e0.5__n7_p0.25_e0.5: 2825s cycle=90; y2025__n5_p0.25_e0.5__n7_p0.25_e0.5__n9_p0.25_e0.5: 2825s cycle=79; y2030__n5_p0.25_e0.5__n7_p0.25_e0.5__n9_p0.25_e0.5: 2825s cycle=85
00:47:19 [S44-HARNESS] heartbeat y2025__n5_p0.25_e0.5__n7_p0.25_e0.5: 2885s cycle=88; y2030__n5_p0.25_e0.5__n7_p0.25_e0.5: 2885s cycle=92; y2025__n5_p0.25_e0.5__n7_p0.25_e0.5__n9_p0.25_e0.5: 2885s cycle=81; y2030__n5_p0.25_e0.5__n7_p0.25_e0.5__n9_p0.25_e0.5: 2885s cycle=87
00:48:19 [S44-HARNESS] heartbeat y2025__n5_p0.25_e0.5__n7_p0.25_e0.5: 2945s cycle=90; y2030__n5_p0.25_e0.5__n7_p0.25_e0.5: 2945s cycle=94; y2025__n5_p0.25_e0.5__n7_p0.25_e0.5__n9_p0.25_e0.5: 2945s cycle=82; y2030__n5_p0.25_e0.5__n7_p0.25_e0.5__n9_p0.25_e0.5: 2945s cycle=89
00:49:20 [S44-HARNESS] heartbeat y2025__n5_p0.25_e0.5__n7_p0.25_e0.5: 3005s cycle=92; y2030__n5_p0.25_e0.5__n7_p0.25_e0.5: 3005s cycle=96; y2025__n5_p0.25_e0.5__n7_p0.25_e0.5__n9_p0.25_e0.5: 3005s cycle=84; y2030__n5_p0.25_e0.5__n7_p0.25_e0.5__n9_p0.25_e0.5: 3005s cycle=91
00:50:20 [S44-HARNESS] heartbeat y2025__n5_p0.25_e0.5__n7_p0.25_e0.5: 3065s cycle=94; y2030__n5_p0.25_e0.5__n7_p0.25_e0.5: 3065s cycle=98; y2025__n5_p0.25_e0.5__n7_p0.25_e0.5__n9_p0.25_e0.5: 3065s cycle=86; y2030__n5_p0.25_e0.5__n7_p0.25_e0.5__n9_p0.25_e0.5: 3065s cycle=93
00:51:20 [S44-HARNESS] heartbeat y2025__n5_p0.25_e0.5__n7_p0.25_e0.5: 3125s cycle=96; y2030__n5_p0.25_e0.5__n7_p0.25_e0.5: 3125s cycle=100; y2025__n5_p0.25_e0.5__n7_p0.25_e0.5__n9_p0.25_e0.5: 3125s cycle=88; y2030__n5_p0.25_e0.5__n7_p0.25_e0.5__n9_p0.25_e0.5: 3125s cycle=94
00:52:20 [S44-HARNESS] heartbeat y2025__n5_p0.25_e0.5__n7_p0.25_e0.5: 3186s cycle=98; y2030__n5_p0.25_e0.5__n7_p0.25_e0.5: 3186s cycle=102; y2025__n5_p0.25_e0.5__n7_p0.25_e0.5__n9_p0.25_e0.5: 3186s cycle=90; y2030__n5_p0.25_e0.5__n7_p0.25_e0.5__n9_p0.25_e0.5: 3186s cycle=96
00:53:20 [S44-HARNESS] heartbeat y2025__n5_p0.25_e0.5__n7_p0.25_e0.5: 3246s cycle=100; y2030__n5_p0.25_e0.5__n7_p0.25_e0.5: 3246s cycle=104; y2025__n5_p0.25_e0.5__n7_p0.25_e0.5__n9_p0.25_e0.5: 3246s cycle=91; y2030__n5_p0.25_e0.5__n7_p0.25_e0.5__n9_p0.25_e0.5: 3246s cycle=98
00:54:20 [S44-HARNESS] heartbeat y2025__n5_p0.25_e0.5__n7_p0.25_e0.5: 3306s cycle=102; y2030__n5_p0.25_e0.5__n7_p0.25_e0.5: 3306s cycle=106; y2025__n5_p0.25_e0.5__n7_p0.25_e0.5__n9_p0.25_e0.5: 3306s cycle=93; y2030__n5_p0.25_e0.5__n7_p0.25_e0.5__n9_p0.25_e0.5: 3306s cycle=100
00:55:20 [S44-HARNESS] heartbeat y2025__n5_p0.25_e0.5__n7_p0.25_e0.5: 3366s cycle=104; y2030__n5_p0.25_e0.5__n7_p0.25_e0.5: 3366s cycle=108; y2025__n5_p0.25_e0.5__n7_p0.25_e0.5__n9_p0.25_e0.5: 3366s cycle=95; y2030__n5_p0.25_e0.5__n7_p0.25_e0.5__n9_p0.25_e0.5: 3366s cycle=102
00:56:20 [S44-HARNESS] heartbeat y2025__n5_p0.25_e0.5__n7_p0.25_e0.5: 3426s cycle=105; y2030__n5_p0.25_e0.5__n7_p0.25_e0.5: 3426s cycle=110; y2025__n5_p0.25_e0.5__n7_p0.25_e0.5__n9_p0.25_e0.5: 3426s cycle=97; y2030__n5_p0.25_e0.5__n7_p0.25_e0.5__n9_p0.25_e0.5: 3426s cycle=104
00:57:20 [S44-HARNESS] heartbeat y2025__n5_p0.25_e0.5__n7_p0.25_e0.5: 3486s cycle=107; y2030__n5_p0.25_e0.5__n7_p0.25_e0.5: 3486s cycle=112; y2025__n5_p0.25_e0.5__n7_p0.25_e0.5__n9_p0.25_e0.5: 3486s cycle=99; y2030__n5_p0.25_e0.5__n7_p0.25_e0.5__n9_p0.25_e0.5: 3486s cycle=106
00:58:20 [S44-HARNESS] heartbeat y2025__n5_p0.25_e0.5__n7_p0.25_e0.5: 3546s cycle=109; y2030__n5_p0.25_e0.5__n7_p0.25_e0.5: 3546s cycle=114; y2025__n5_p0.25_e0.5__n7_p0.25_e0.5__n9_p0.25_e0.5: 3546s cycle=101; y2030__n5_p0.25_e0.5__n7_p0.25_e0.5__n9_p0.25_e0.5: 3546s cycle=108
00:59:21 [S44-HARNESS] heartbeat y2025__n5_p0.25_e0.5__n7_p0.25_e0.5: 3606s cycle=112; y2030__n5_p0.25_e0.5__n7_p0.25_e0.5: 3606s cycle=116; y2025__n5_p0.25_e0.5__n7_p0.25_e0.5__n9_p0.25_e0.5: 3606s cycle=102; y2030__n5_p0.25_e0.5__n7_p0.25_e0.5__n9_p0.25_e0.5: 3606s cycle=109
01:00:21 [S44-HARNESS] heartbeat y2025__n5_p0.25_e0.5__n7_p0.25_e0.5: 3666s cycle=113; y2030__n5_p0.25_e0.5__n7_p0.25_e0.5: 3666s cycle=118; y2025__n5_p0.25_e0.5__n7_p0.25_e0.5__n9_p0.25_e0.5: 3666s cycle=104; y2030__n5_p0.25_e0.5__n7_p0.25_e0.5__n9_p0.25_e0.5: 3666s cycle=111
01:01:21 [S44-HARNESS] heartbeat y2025__n5_p0.25_e0.5__n7_p0.25_e0.5: 3726s cycle=115; y2030__n5_p0.25_e0.5__n7_p0.25_e0.5: 3726s cycle=120; y2025__n5_p0.25_e0.5__n7_p0.25_e0.5__n9_p0.25_e0.5: 3726s cycle=106; y2030__n5_p0.25_e0.5__n7_p0.25_e0.5__n9_p0.25_e0.5: 3726s cycle=113
01:02:06 [S44-HARNESS] finished y2025__n5_p0.25_e0.5__n7_p0.25_e0.5 pid=54539 exit=0 status=certified wall=3772s
01:02:06 [S44-HARNESS] finished y2025__n5_p0.25_e0.5__n7_p0.25_e0.5__n9_p0.25_e0.5 pid=54541 exit=0 status=certified wall=3772s
01:02:21 [S44-HARNESS] heartbeat y2030__n5_p0.25_e0.5__n7_p0.25_e0.5: 3787s cycle=122; y2030__n5_p0.25_e0.5__n7_p0.25_e0.5__n9_p0.25_e0.5: 3787s cycle=115
01:03:21 [S44-HARNESS] heartbeat y2030__n5_p0.25_e0.5__n7_p0.25_e0.5: 3847s cycle=124; y2030__n5_p0.25_e0.5__n7_p0.25_e0.5__n9_p0.25_e0.5: 3847s cycle=117
01:04:21 [S44-HARNESS] heartbeat y2030__n5_p0.25_e0.5__n7_p0.25_e0.5: 3907s cycle=126; y2030__n5_p0.25_e0.5__n7_p0.25_e0.5__n9_p0.25_e0.5: 3907s cycle=119
01:05:21 [S44-HARNESS] heartbeat y2030__n5_p0.25_e0.5__n7_p0.25_e0.5: 3967s cycle=129; y2030__n5_p0.25_e0.5__n7_p0.25_e0.5__n9_p0.25_e0.5: 3967s cycle=121
01:06:21 [S44-HARNESS] heartbeat y2030__n5_p0.25_e0.5__n7_p0.25_e0.5: 4027s cycle=131; y2030__n5_p0.25_e0.5__n7_p0.25_e0.5__n9_p0.25_e0.5: 4027s cycle=123
01:07:21 [S44-HARNESS] heartbeat y2030__n5_p0.25_e0.5__n7_p0.25_e0.5: 4087s cycle=133; y2030__n5_p0.25_e0.5__n7_p0.25_e0.5__n9_p0.25_e0.5: 4087s cycle=125
01:08:22 [S44-HARNESS] heartbeat y2030__n5_p0.25_e0.5__n7_p0.25_e0.5: 4147s cycle=135; y2030__n5_p0.25_e0.5__n7_p0.25_e0.5__n9_p0.25_e0.5: 4147s cycle=127
01:09:22 [S44-HARNESS] finished y2030__n5_p0.25_e0.5__n7_p0.25_e0.5__n9_p0.25_e0.5 pid=54542 exit=0 status=certified wall=4207s
01:09:22 [S44-HARNESS] heartbeat y2030__n5_p0.25_e0.5__n7_p0.25_e0.5: 4207s cycle=137
01:10:22 [S44-HARNESS] heartbeat y2030__n5_p0.25_e0.5__n7_p0.25_e0.5: 4268s cycle=140
01:10:27 [S44-HARNESS] finished y2030__n5_p0.25_e0.5__n7_p0.25_e0.5 pid=54540 exit=0 status=certified wall=4273s
01:10:27 [S47-PHASE-B] campaign lock released
01:10:29 [S47-PHASE-B] termination {'reason': 'mesh_local_optimum_unit_poll_failed', 'poll_size_reached': 1}; incumbent x0 F=653859461.2279255; polls 3; new evaluations 14
01:10:29 [S47-PHASE-B] OK: terminated by the unit-poll failure
