14:42:11 [W21-casefile] P5.15 Addendum 30 W21 item 1 -- SRP1_ESS_Params.json ageing baseline C2 + phi_cal 0.985 + soh_min 0.70: zero-solve gate; phase before; git HEAD 65525006c6ce11be8a22d681808580c17b5484b1; data/SRP1/SharedESS/SRP1_ESS_Params.json sha256 fdce321ffe1bf0f4b81424cdf081d826c3c81c410a4eb9f3b3561675e26b80f0; loads to {'calendar_life_years': 15, 'cycle_life_nominal': 10000, 'depth_of_discharge_nominal': 0.8, 'minimum_soh': 0.5, 'calendar_retention_per_year': 1.0, 'calibration': {'status': 'ACTIVE', 'cycles_n': 10000, 'reference_dod_d': 0.8, 'eol_retention_r': 0.5}}
14:42:23 [W21-casefile] (a) unit read-back (built node 7): {'k': 11541.560327111707, 'phi_cal_in_model': 1.0, 'floor_row_lower': 0.5, 'd_row_form': 'D * 2kE == 365 n avg', 'available_energy_soh_point': 'end', 'n_years_from_d_row': 5.0, 'y_inv': 0, 'y0': 0} checks {'k': True, 'n_years_from_d_row_equals_data': True, 'phi_cal_in_model': True, 'd_row_form': True, 'available_energy_soh_point': True, 'soh_row_exp_form': True, 'floor_row_lower': True}; expected {'k': 11541.560327111707, 'k_formula': 'cycles_n * reference_dod_d / (-ln eol_retention_r) = 10000 * 0.8 / (-ln 0.5)', 'phi_cal_in_model': 1.0, 'floor_row_lower': 0.5, 'available_energy_soh_point': 'end', 'ageing_enabled': True, 'd_row_form': 'D * 2kE == 365 n avg'}
14:42:24 [W21-casefile] (c) salvage 2030 cohort: [{'terminal_soh': 1.0, 'salvage_value_model_eur': 51564.90634635041}, {'terminal_soh': 0.9, 'salvage_value_model_eur': 41251.925077080334}, {'terminal_soh': 0.8, 'salvage_value_model_eur': 30938.943807810254}, {'terminal_soh': 0.75, 'salvage_value_model_eur': 25782.453173175207}, {'terminal_soh': 0.7, 'salvage_value_model_eur': 20625.96253854016}]; life {'2025': {'age_at_terminal_years': 15.0, 'remaining_life_years': 0.0, 'remaining_life_fraction': 0.0}, '2030': {'age_at_terminal_years': 10.0, 'remaining_life_years': 5.0, 'remaining_life_fraction': 0.3333333333333333}, '2035': {'age_at_terminal_years': 5.0, 'remaining_life_years': 10.0, 'remaining_life_fraction': 0.6666666666666666}}
[INFO] 		 - Distribution Network node 5...
[INFO] 		 - Distribution Network node 7...
[INFO] 		 - Distribution Network node 9...
[INFO] 		 - Transmission Network...
14:42:40 [W21-casefile] (b) x0: key 8435c71859ddde68 blocks 51 hook checks {'pin_path_is_ess_params_file': True, 'file_used_by_production_is_pinned_file': True, 'file_sha256_equals_pin': True, 'loaded_equals_declaration_types_included': True, 'every_ess_soh_min_is_declared': True, 'every_ess_phi_cal_is_declared': True, 'every_ess_cl_eff_is_production_k': True} readback True ESSO NL {'ESSO|node5': '834c9bf5cc26', 'ESSO|node7': '834c9bf5cc26', 'ESSO|node9': '834c9bf5cc26'} (16.4s)
[INFO] 		 - Distribution Network node 5...
[INFO] 		 - Distribution Network node 7...
[INFO] 		 - Distribution Network node 9...
[INFO] 		 - Transmission Network...
14:42:58 [W21-casefile] (b) c_star: key 578636daa6d6360d blocks 51 hook checks {'pin_path_is_ess_params_file': True, 'file_used_by_production_is_pinned_file': True, 'file_sha256_equals_pin': True, 'loaded_equals_declaration_types_included': True, 'every_ess_soh_min_is_declared': True, 'every_ess_phi_cal_is_declared': True, 'every_ess_cl_eff_is_production_k': True} readback True ESSO NL {'ESSO|node5': 'd894c34bdf5e', 'ESSO|node7': 'd894c34bdf5e', 'ESSO|node9': 'd894c34bdf5e'} (18.4s)
14:42:58 [W21-casefile]   OK   a_built_readback_matches_the_file_closed_forms
14:42:58 [W21-casefile]   OK   a_probe_readback_matches_on_every_node
14:42:58 [W21-casefile]   OK   a_hook_checks_all_pass
14:42:58 [W21-casefile]   OK   c_star_key_is_pinned_c_star
14:42:58 [W21-casefile]   OK   blocks_48_network_plus_3_esso_per_instance
14:42:58 [W21-casefile]   OK   hook_passed_for_both_instances
14:42:58 [W21-casefile]   OK   digest_discriminates_c_star_from_x0_in_every_block
14:42:58 [W21-casefile]   OK   guard_zero_solves_verified
14:42:58 [W21-casefile] wrote data/SRP1/Results/P515S47/case_file_baseline/before/case_file_baseline_before.json sha256=0e145c503b481907260df073929c7983e60d8a88301127565718ff8f3f376843
14:42:58 [W21-casefile] ALL_OK=True guard={'permitted_solve': 0, 'permitted_exec': 0, 'blocked_solve': 0, 'blocked_exec': 0} wall=48.6s
