07:11:14 [W98-RUN] memory preflight: available 19.21417236328125 GiB required 19.1705 GiB -> PASS
07:11:14 [W98-RUN] P5.15 Addendum 51, W98 -- stage 1 of the post-certification continuation (route A): x = 0 replayed under the certifying configuration (bitwise gate against the 72 recorded cycles), then up to 30 further cycles with the certification rule disabled and the certifying regime held (AA off, tight tail on, rho frozen); early stop at |dQ| < 500 EUR for 3 cycles; every block recorded every cycle; entry x0_cont eval_key 25b92ae0f1f2c02eea9b3811f16edf210479e461e653f474bd23d451ff7bf3e3; cap 102; lock {'pid': 28349, 'campaign_id': 's53_w98_x0_continuation_r2', 'campaign_spec_sha256': 'c2b02e219e03782fadab1fb5cb3e00b10d5414b6c2688c322618b613d7d938f5', 'started_utc': '2026-09-27T07:11:14.010308+00:00'}
07:11:14 [S44-HARNESS] launched x0_cont (key 8435c71859ddde68) pid=28454
07:11:14 [S44-HARNESS] heartbeat x0_cont: 0s cycle=None
07:12:14 [S44-HARNESS] heartbeat x0_cont: 60s cycle=None
07:13:14 [S44-HARNESS] heartbeat x0_cont: 120s cycle=None
07:14:14 [S44-HARNESS] heartbeat x0_cont: 180s cycle=None
07:15:14 [S44-HARNESS] heartbeat x0_cont: 240s cycle=None
07:16:14 [S44-HARNESS] heartbeat x0_cont: 300s cycle=None
07:17:14 [S44-HARNESS] heartbeat x0_cont: 360s cycle=None
07:18:14 [S44-HARNESS] heartbeat x0_cont: 420s cycle=None
07:19:14 [S44-HARNESS] heartbeat x0_cont: 480s cycle=None
07:20:14 [S44-HARNESS] heartbeat x0_cont: 541s cycle=None
07:21:14 [S44-HARNESS] heartbeat x0_cont: 601s cycle=None
07:22:14 [S44-HARNESS] heartbeat x0_cont: 661s cycle=None
07:23:14 [S44-HARNESS] heartbeat x0_cont: 721s cycle=None
07:24:14 [S44-HARNESS] heartbeat x0_cont: 781s cycle=None
07:25:14 [S44-HARNESS] heartbeat x0_cont: 841s cycle=None
07:26:14 [S44-HARNESS] heartbeat x0_cont: 901s cycle=None
07:27:14 [S44-HARNESS] heartbeat x0_cont: 961s cycle=None
07:28:14 [S44-HARNESS] heartbeat x0_cont: 1021s cycle=1
07:29:15 [S44-HARNESS] heartbeat x0_cont: 1081s cycle=1
07:30:15 [S44-HARNESS] heartbeat x0_cont: 1141s cycle=1
07:31:15 [S44-HARNESS] heartbeat x0_cont: 1201s cycle=1
07:32:15 [S44-HARNESS] heartbeat x0_cont: 1261s cycle=1
07:33:15 [S44-HARNESS] heartbeat x0_cont: 1321s cycle=1
07:34:15 [S44-HARNESS] heartbeat x0_cont: 1381s cycle=1
07:35:15 [S44-HARNESS] heartbeat x0_cont: 1441s cycle=1
07:36:15 [S44-HARNESS] heartbeat x0_cont: 1502s cycle=1
07:37:15 [S44-HARNESS] heartbeat x0_cont: 1562s cycle=1
07:38:15 [S44-HARNESS] heartbeat x0_cont: 1622s cycle=1
07:39:15 [S44-HARNESS] heartbeat x0_cont: 1682s cycle=2
07:40:16 [S44-HARNESS] heartbeat x0_cont: 1742s cycle=2
07:41:16 [S44-HARNESS] heartbeat x0_cont: 1802s cycle=2
07:42:16 [S44-HARNESS] heartbeat x0_cont: 1862s cycle=2
07:43:16 [S44-HARNESS] heartbeat x0_cont: 1922s cycle=2
07:44:16 [S44-HARNESS] heartbeat x0_cont: 1983s cycle=2
07:45:16 [S44-HARNESS] heartbeat x0_cont: 2043s cycle=2
07:46:16 [S44-HARNESS] heartbeat x0_cont: 2103s cycle=3
07:47:16 [S44-HARNESS] heartbeat x0_cont: 2163s cycle=3
07:48:17 [S44-HARNESS] heartbeat x0_cont: 2223s cycle=3
07:49:17 [S44-HARNESS] heartbeat x0_cont: 2283s cycle=3
07:50:17 [S44-HARNESS] heartbeat x0_cont: 2343s cycle=3
07:51:17 [S44-HARNESS] heartbeat x0_cont: 2403s cycle=3
07:52:17 [S44-HARNESS] heartbeat x0_cont: 2464s cycle=4
07:53:17 [S44-HARNESS] heartbeat x0_cont: 2524s cycle=4
07:54:17 [S44-HARNESS] heartbeat x0_cont: 2584s cycle=4
07:55:17 [S44-HARNESS] heartbeat x0_cont: 2644s cycle=4
07:56:17 [S44-HARNESS] heartbeat x0_cont: 2704s cycle=4
07:57:18 [S44-HARNESS] heartbeat x0_cont: 2764s cycle=4
07:58:18 [S44-HARNESS] heartbeat x0_cont: 2824s cycle=5
07:59:18 [S44-HARNESS] heartbeat x0_cont: 2884s cycle=5
08:00:18 [S44-HARNESS] heartbeat x0_cont: 2944s cycle=5
08:01:18 [S44-HARNESS] heartbeat x0_cont: 3005s cycle=5
08:02:18 [S44-HARNESS] heartbeat x0_cont: 3065s cycle=5
08:03:18 [S44-HARNESS] heartbeat x0_cont: 3125s cycle=5
08:04:18 [S44-HARNESS] heartbeat x0_cont: 3185s cycle=6
08:05:19 [S44-HARNESS] heartbeat x0_cont: 3245s cycle=6
08:06:19 [S44-HARNESS] heartbeat x0_cont: 3305s cycle=6
08:07:19 [S44-HARNESS] heartbeat x0_cont: 3365s cycle=6
08:08:19 [S44-HARNESS] heartbeat x0_cont: 3425s cycle=6
08:09:19 [S44-HARNESS] heartbeat x0_cont: 3485s cycle=6
08:10:19 [S44-HARNESS] heartbeat x0_cont: 3546s cycle=6
08:11:19 [S44-HARNESS] heartbeat x0_cont: 3606s cycle=7
08:12:19 [S44-HARNESS] heartbeat x0_cont: 3666s cycle=7
08:13:19 [S44-HARNESS] heartbeat x0_cont: 3726s cycle=7
08:14:20 [S44-HARNESS] heartbeat x0_cont: 3786s cycle=7
08:15:20 [S44-HARNESS] heartbeat x0_cont: 3846s cycle=7
08:16:20 [S44-HARNESS] heartbeat x0_cont: 3906s cycle=7
08:17:20 [S44-HARNESS] heartbeat x0_cont: 3966s cycle=8
08:18:20 [S44-HARNESS] heartbeat x0_cont: 4027s cycle=8
08:19:20 [S44-HARNESS] heartbeat x0_cont: 4087s cycle=8
08:20:20 [S44-HARNESS] heartbeat x0_cont: 4147s cycle=8
08:21:20 [S44-HARNESS] heartbeat x0_cont: 4207s cycle=8
08:22:20 [S44-HARNESS] heartbeat x0_cont: 4267s cycle=8
08:23:21 [S44-HARNESS] heartbeat x0_cont: 4327s cycle=9
08:24:21 [S44-HARNESS] heartbeat x0_cont: 4387s cycle=9
08:25:21 [S44-HARNESS] heartbeat x0_cont: 4447s cycle=9
08:26:21 [S44-HARNESS] heartbeat x0_cont: 4507s cycle=9
08:27:21 [S44-HARNESS] heartbeat x0_cont: 4567s cycle=9
08:28:21 [S44-HARNESS] heartbeat x0_cont: 4628s cycle=9
08:29:21 [S44-HARNESS] heartbeat x0_cont: 4688s cycle=9
08:30:21 [S44-HARNESS] heartbeat x0_cont: 4748s cycle=10
08:31:21 [S44-HARNESS] heartbeat x0_cont: 4808s cycle=10
08:32:22 [S44-HARNESS] heartbeat x0_cont: 4868s cycle=10
08:33:22 [S44-HARNESS] heartbeat x0_cont: 4928s cycle=10
08:34:22 [S44-HARNESS] heartbeat x0_cont: 4988s cycle=10
08:35:22 [S44-HARNESS] heartbeat x0_cont: 5048s cycle=10
08:36:22 [S44-HARNESS] heartbeat x0_cont: 5109s cycle=11
08:37:22 [S44-HARNESS] heartbeat x0_cont: 5169s cycle=11
08:38:22 [S44-HARNESS] heartbeat x0_cont: 5229s cycle=11
08:39:22 [S44-HARNESS] heartbeat x0_cont: 5289s cycle=11
08:40:22 [S44-HARNESS] heartbeat x0_cont: 5349s cycle=11
08:41:23 [S44-HARNESS] heartbeat x0_cont: 5409s cycle=11
08:42:23 [S44-HARNESS] heartbeat x0_cont: 5469s cycle=11
08:43:23 [S44-HARNESS] heartbeat x0_cont: 5529s cycle=12
08:44:23 [S44-HARNESS] heartbeat x0_cont: 5589s cycle=12
08:45:23 [S44-HARNESS] heartbeat x0_cont: 5650s cycle=12
08:46:23 [S44-HARNESS] heartbeat x0_cont: 5710s cycle=12
08:47:23 [S44-HARNESS] heartbeat x0_cont: 5770s cycle=12
08:48:23 [S44-HARNESS] heartbeat x0_cont: 5830s cycle=12
08:49:24 [S44-HARNESS] heartbeat x0_cont: 5890s cycle=13
08:50:24 [S44-HARNESS] heartbeat x0_cont: 5950s cycle=13
08:51:24 [S44-HARNESS] heartbeat x0_cont: 6010s cycle=13
08:52:24 [S44-HARNESS] heartbeat x0_cont: 6070s cycle=13
08:53:24 [S44-HARNESS] heartbeat x0_cont: 6131s cycle=13
08:54:24 [S44-HARNESS] heartbeat x0_cont: 6191s cycle=13
08:55:24 [S44-HARNESS] heartbeat x0_cont: 6251s cycle=14
08:56:24 [S44-HARNESS] heartbeat x0_cont: 6311s cycle=14
08:57:24 [S44-HARNESS] heartbeat x0_cont: 6371s cycle=14
08:58:25 [S44-HARNESS] heartbeat x0_cont: 6431s cycle=14
08:59:25 [S44-HARNESS] heartbeat x0_cont: 6491s cycle=14
09:00:25 [S44-HARNESS] heartbeat x0_cont: 6551s cycle=14
09:01:25 [S44-HARNESS] heartbeat x0_cont: 6611s cycle=14
09:02:25 [S44-HARNESS] heartbeat x0_cont: 6672s cycle=15
09:03:25 [S44-HARNESS] heartbeat x0_cont: 6732s cycle=15
09:04:25 [S44-HARNESS] heartbeat x0_cont: 6792s cycle=15
09:05:25 [S44-HARNESS] heartbeat x0_cont: 6852s cycle=15
09:06:26 [S44-HARNESS] heartbeat x0_cont: 6912s cycle=15
09:07:26 [S44-HARNESS] heartbeat x0_cont: 6972s cycle=15
09:08:26 [S44-HARNESS] heartbeat x0_cont: 7032s cycle=16
09:09:26 [S44-HARNESS] heartbeat x0_cont: 7092s cycle=16
09:10:26 [S44-HARNESS] heartbeat x0_cont: 7152s cycle=16
09:11:26 [S44-HARNESS] heartbeat x0_cont: 7213s cycle=16
09:12:26 [S44-HARNESS] heartbeat x0_cont: 7273s cycle=16
09:13:26 [S44-HARNESS] heartbeat x0_cont: 7333s cycle=16
09:14:26 [S44-HARNESS] heartbeat x0_cont: 7393s cycle=17
09:15:27 [S44-HARNESS] heartbeat x0_cont: 7453s cycle=17
09:16:27 [S44-HARNESS] heartbeat x0_cont: 7513s cycle=17
09:17:27 [S44-HARNESS] heartbeat x0_cont: 7573s cycle=17
09:18:27 [S44-HARNESS] heartbeat x0_cont: 7633s cycle=17
09:19:27 [S44-HARNESS] heartbeat x0_cont: 7693s cycle=17
09:20:27 [S44-HARNESS] heartbeat x0_cont: 7754s cycle=17
09:21:27 [S44-HARNESS] heartbeat x0_cont: 7814s cycle=18
09:22:27 [S44-HARNESS] heartbeat x0_cont: 7874s cycle=18
09:23:27 [S44-HARNESS] heartbeat x0_cont: 7934s cycle=18
09:24:28 [S44-HARNESS] heartbeat x0_cont: 7994s cycle=18
09:25:28 [S44-HARNESS] heartbeat x0_cont: 8054s cycle=18
09:26:28 [S44-HARNESS] heartbeat x0_cont: 8114s cycle=18
09:27:28 [S44-HARNESS] heartbeat x0_cont: 8174s cycle=19
09:28:28 [S44-HARNESS] heartbeat x0_cont: 8235s cycle=19
09:29:28 [S44-HARNESS] heartbeat x0_cont: 8295s cycle=19
09:30:28 [S44-HARNESS] heartbeat x0_cont: 8355s cycle=19
09:31:28 [S44-HARNESS] heartbeat x0_cont: 8415s cycle=19
09:32:29 [S44-HARNESS] heartbeat x0_cont: 8475s cycle=19
09:33:29 [S44-HARNESS] heartbeat x0_cont: 8535s cycle=19
09:34:29 [S44-HARNESS] heartbeat x0_cont: 8595s cycle=20
09:35:29 [S44-HARNESS] heartbeat x0_cont: 8655s cycle=20
09:36:29 [S44-HARNESS] heartbeat x0_cont: 8715s cycle=20
09:37:29 [S44-HARNESS] heartbeat x0_cont: 8776s cycle=20
09:38:29 [S44-HARNESS] heartbeat x0_cont: 8836s cycle=20
09:39:29 [S44-HARNESS] heartbeat x0_cont: 8896s cycle=20
09:40:29 [S44-HARNESS] heartbeat x0_cont: 8956s cycle=21
09:41:30 [S44-HARNESS] heartbeat x0_cont: 9016s cycle=21
09:42:30 [S44-HARNESS] heartbeat x0_cont: 9076s cycle=21
09:43:30 [S44-HARNESS] heartbeat x0_cont: 9136s cycle=21
09:44:30 [S44-HARNESS] heartbeat x0_cont: 9196s cycle=21
09:45:30 [S44-HARNESS] heartbeat x0_cont: 9257s cycle=21
09:46:30 [S44-HARNESS] heartbeat x0_cont: 9317s cycle=22
09:47:30 [S44-HARNESS] heartbeat x0_cont: 9377s cycle=22
09:48:30 [S44-HARNESS] heartbeat x0_cont: 9437s cycle=22
09:49:30 [S44-HARNESS] heartbeat x0_cont: 9497s cycle=22
09:50:31 [S44-HARNESS] heartbeat x0_cont: 9557s cycle=22
09:51:31 [S44-HARNESS] heartbeat x0_cont: 9617s cycle=22
09:52:31 [S44-HARNESS] heartbeat x0_cont: 9677s cycle=22
09:53:31 [S44-HARNESS] heartbeat x0_cont: 9737s cycle=23
09:54:31 [S44-HARNESS] heartbeat x0_cont: 9798s cycle=23
09:55:31 [S44-HARNESS] heartbeat x0_cont: 9858s cycle=23
09:56:31 [S44-HARNESS] heartbeat x0_cont: 9918s cycle=23
09:57:31 [S44-HARNESS] heartbeat x0_cont: 9978s cycle=23
09:58:32 [S44-HARNESS] heartbeat x0_cont: 10038s cycle=23
09:59:32 [S44-HARNESS] heartbeat x0_cont: 10098s cycle=24
10:00:32 [S44-HARNESS] heartbeat x0_cont: 10158s cycle=24
10:01:32 [S44-HARNESS] heartbeat x0_cont: 10218s cycle=24
10:02:32 [S44-HARNESS] heartbeat x0_cont: 10279s cycle=24
10:03:32 [S44-HARNESS] heartbeat x0_cont: 10339s cycle=24
10:04:32 [S44-HARNESS] heartbeat x0_cont: 10399s cycle=24
10:05:32 [S44-HARNESS] heartbeat x0_cont: 10459s cycle=25
10:06:33 [S44-HARNESS] heartbeat x0_cont: 10519s cycle=25
10:07:33 [S44-HARNESS] heartbeat x0_cont: 10579s cycle=25
10:08:33 [S44-HARNESS] heartbeat x0_cont: 10639s cycle=25
10:09:33 [S44-HARNESS] heartbeat x0_cont: 10699s cycle=25
10:10:33 [S44-HARNESS] heartbeat x0_cont: 10759s cycle=25
10:11:33 [S44-HARNESS] heartbeat x0_cont: 10820s cycle=25
10:12:33 [S44-HARNESS] heartbeat x0_cont: 10880s cycle=26
10:13:33 [S44-HARNESS] heartbeat x0_cont: 10940s cycle=26
10:14:33 [S44-HARNESS] heartbeat x0_cont: 11000s cycle=26
10:15:34 [S44-HARNESS] heartbeat x0_cont: 11060s cycle=26
10:16:34 [S44-HARNESS] heartbeat x0_cont: 11120s cycle=26
10:17:34 [S44-HARNESS] heartbeat x0_cont: 11180s cycle=26
10:18:34 [S44-HARNESS] heartbeat x0_cont: 11240s cycle=27
10:19:34 [S44-HARNESS] heartbeat x0_cont: 11301s cycle=27
10:20:34 [S44-HARNESS] heartbeat x0_cont: 11361s cycle=27
10:21:34 [S44-HARNESS] heartbeat x0_cont: 11421s cycle=27
10:22:34 [S44-HARNESS] heartbeat x0_cont: 11481s cycle=27
10:23:34 [S44-HARNESS] heartbeat x0_cont: 11541s cycle=27
10:24:35 [S44-HARNESS] heartbeat x0_cont: 11601s cycle=27
10:25:35 [S44-HARNESS] heartbeat x0_cont: 11661s cycle=28
10:26:35 [S44-HARNESS] heartbeat x0_cont: 11721s cycle=28
10:27:35 [S44-HARNESS] heartbeat x0_cont: 11781s cycle=28
10:28:35 [S44-HARNESS] heartbeat x0_cont: 11842s cycle=28
10:29:35 [S44-HARNESS] heartbeat x0_cont: 11902s cycle=28
10:30:35 [S44-HARNESS] heartbeat x0_cont: 11962s cycle=28
10:31:35 [S44-HARNESS] heartbeat x0_cont: 12022s cycle=29
10:32:36 [S44-HARNESS] heartbeat x0_cont: 12082s cycle=29
10:33:36 [S44-HARNESS] heartbeat x0_cont: 12142s cycle=29
10:34:36 [S44-HARNESS] heartbeat x0_cont: 12202s cycle=29
10:35:36 [S44-HARNESS] heartbeat x0_cont: 12262s cycle=29
10:36:36 [S44-HARNESS] heartbeat x0_cont: 12322s cycle=29
10:37:36 [S44-HARNESS] heartbeat x0_cont: 12382s cycle=29
10:38:36 [S44-HARNESS] heartbeat x0_cont: 12442s cycle=30
10:39:36 [S44-HARNESS] heartbeat x0_cont: 12502s cycle=30
10:40:36 [S44-HARNESS] heartbeat x0_cont: 12562s cycle=30
10:41:36 [S44-HARNESS] heartbeat x0_cont: 12623s cycle=30
10:42:36 [S44-HARNESS] heartbeat x0_cont: 12683s cycle=30
10:43:36 [S44-HARNESS] heartbeat x0_cont: 12743s cycle=30
10:44:36 [S44-HARNESS] heartbeat x0_cont: 12803s cycle=31
10:45:36 [S44-HARNESS] heartbeat x0_cont: 12863s cycle=31
10:46:37 [S44-HARNESS] heartbeat x0_cont: 12923s cycle=31
10:47:37 [S44-HARNESS] heartbeat x0_cont: 12983s cycle=31
10:48:37 [S44-HARNESS] heartbeat x0_cont: 13043s cycle=31
10:49:37 [S44-HARNESS] heartbeat x0_cont: 13103s cycle=31
10:50:37 [S44-HARNESS] heartbeat x0_cont: 13163s cycle=31
10:51:37 [S44-HARNESS] heartbeat x0_cont: 13223s cycle=32
10:52:37 [S44-HARNESS] heartbeat x0_cont: 13283s cycle=32
10:53:37 [S44-HARNESS] heartbeat x0_cont: 13343s cycle=32
10:54:37 [S44-HARNESS] heartbeat x0_cont: 13404s cycle=32
10:55:37 [S44-HARNESS] heartbeat x0_cont: 13464s cycle=32
10:56:37 [S44-HARNESS] heartbeat x0_cont: 13524s cycle=32
10:57:37 [S44-HARNESS] heartbeat x0_cont: 13584s cycle=33
10:58:38 [S44-HARNESS] heartbeat x0_cont: 13644s cycle=33
10:59:38 [S44-HARNESS] heartbeat x0_cont: 13704s cycle=33
11:00:38 [S44-HARNESS] heartbeat x0_cont: 13764s cycle=33
11:01:38 [S44-HARNESS] heartbeat x0_cont: 13824s cycle=33
11:02:38 [S44-HARNESS] heartbeat x0_cont: 13885s cycle=33
11:03:38 [S44-HARNESS] heartbeat x0_cont: 13945s cycle=34
11:04:38 [S44-HARNESS] heartbeat x0_cont: 14005s cycle=34
11:05:38 [S44-HARNESS] heartbeat x0_cont: 14065s cycle=34
11:06:39 [S44-HARNESS] heartbeat x0_cont: 14125s cycle=34
11:07:39 [S44-HARNESS] heartbeat x0_cont: 14185s cycle=34
11:08:39 [S44-HARNESS] heartbeat x0_cont: 14245s cycle=34
11:09:39 [S44-HARNESS] heartbeat x0_cont: 14305s cycle=35
11:10:39 [S44-HARNESS] heartbeat x0_cont: 14365s cycle=35
11:11:39 [S44-HARNESS] heartbeat x0_cont: 14426s cycle=35
11:12:39 [S44-HARNESS] heartbeat x0_cont: 14486s cycle=35
11:13:39 [S44-HARNESS] heartbeat x0_cont: 14546s cycle=35
11:14:39 [S44-HARNESS] heartbeat x0_cont: 14606s cycle=35
11:15:40 [S44-HARNESS] heartbeat x0_cont: 14666s cycle=35
11:16:40 [S44-HARNESS] heartbeat x0_cont: 14726s cycle=36
11:17:40 [S44-HARNESS] heartbeat x0_cont: 14786s cycle=36
11:18:40 [S44-HARNESS] heartbeat x0_cont: 14846s cycle=36
11:19:40 [S44-HARNESS] heartbeat x0_cont: 14907s cycle=36
11:20:40 [S44-HARNESS] heartbeat x0_cont: 14967s cycle=36
11:21:40 [S44-HARNESS] heartbeat x0_cont: 15027s cycle=36
11:22:40 [S44-HARNESS] heartbeat x0_cont: 15087s cycle=37
11:23:41 [S44-HARNESS] heartbeat x0_cont: 15147s cycle=37
11:24:41 [S44-HARNESS] heartbeat x0_cont: 15207s cycle=37
11:25:41 [S44-HARNESS] heartbeat x0_cont: 15267s cycle=37
11:26:41 [S44-HARNESS] heartbeat x0_cont: 15327s cycle=37
11:27:41 [S44-HARNESS] heartbeat x0_cont: 15387s cycle=37
11:28:41 [S44-HARNESS] heartbeat x0_cont: 15448s cycle=38
11:29:41 [S44-HARNESS] heartbeat x0_cont: 15508s cycle=38
11:30:41 [S44-HARNESS] heartbeat x0_cont: 15568s cycle=38
11:31:41 [S44-HARNESS] heartbeat x0_cont: 15628s cycle=38
11:32:42 [S44-HARNESS] heartbeat x0_cont: 15688s cycle=38
11:33:42 [S44-HARNESS] heartbeat x0_cont: 15748s cycle=38
11:34:42 [S44-HARNESS] heartbeat x0_cont: 15808s cycle=39
11:35:42 [S44-HARNESS] heartbeat x0_cont: 15868s cycle=39
11:36:42 [S44-HARNESS] heartbeat x0_cont: 15929s cycle=39
11:37:42 [S44-HARNESS] heartbeat x0_cont: 15989s cycle=39
11:38:42 [S44-HARNESS] heartbeat x0_cont: 16049s cycle=39
11:39:42 [S44-HARNESS] heartbeat x0_cont: 16109s cycle=39
11:40:42 [S44-HARNESS] heartbeat x0_cont: 16169s cycle=39
11:41:43 [S44-HARNESS] heartbeat x0_cont: 16229s cycle=40
11:42:43 [S44-HARNESS] heartbeat x0_cont: 16289s cycle=40
11:43:43 [S44-HARNESS] heartbeat x0_cont: 16349s cycle=40
11:44:43 [S44-HARNESS] heartbeat x0_cont: 16409s cycle=40
11:45:43 [S44-HARNESS] heartbeat x0_cont: 16469s cycle=40
11:46:43 [S44-HARNESS] heartbeat x0_cont: 16529s cycle=40
11:47:43 [S44-HARNESS] heartbeat x0_cont: 16590s cycle=41
11:48:43 [S44-HARNESS] heartbeat x0_cont: 16650s cycle=41
11:49:43 [S44-HARNESS] heartbeat x0_cont: 16710s cycle=41
11:50:43 [S44-HARNESS] heartbeat x0_cont: 16770s cycle=41
11:51:44 [S44-HARNESS] heartbeat x0_cont: 16830s cycle=41
11:52:44 [S44-HARNESS] heartbeat x0_cont: 16890s cycle=41
11:53:44 [S44-HARNESS] heartbeat x0_cont: 16950s cycle=42
11:54:44 [S44-HARNESS] heartbeat x0_cont: 17010s cycle=42
11:55:44 [S44-HARNESS] heartbeat x0_cont: 17071s cycle=42
11:56:44 [S44-HARNESS] heartbeat x0_cont: 17131s cycle=42
11:57:44 [S44-HARNESS] heartbeat x0_cont: 17191s cycle=42
11:58:44 [S44-HARNESS] heartbeat x0_cont: 17251s cycle=42
11:59:45 [S44-HARNESS] heartbeat x0_cont: 17311s cycle=43
12:00:45 [S44-HARNESS] heartbeat x0_cont: 17371s cycle=43
12:01:45 [S44-HARNESS] heartbeat x0_cont: 17431s cycle=43
12:02:45 [S44-HARNESS] heartbeat x0_cont: 17491s cycle=43
12:03:45 [S44-HARNESS] heartbeat x0_cont: 17551s cycle=43
12:04:45 [S44-HARNESS] heartbeat x0_cont: 17612s cycle=43
12:05:45 [S44-HARNESS] heartbeat x0_cont: 17672s cycle=43
12:06:45 [S44-HARNESS] heartbeat x0_cont: 17732s cycle=44
12:07:45 [S44-HARNESS] heartbeat x0_cont: 17792s cycle=44
12:08:46 [S44-HARNESS] heartbeat x0_cont: 17852s cycle=44
12:09:46 [S44-HARNESS] heartbeat x0_cont: 17912s cycle=44
12:10:46 [S44-HARNESS] heartbeat x0_cont: 17972s cycle=44
12:11:46 [S44-HARNESS] heartbeat x0_cont: 18032s cycle=44
12:12:46 [S44-HARNESS] heartbeat x0_cont: 18092s cycle=45
12:13:46 [S44-HARNESS] heartbeat x0_cont: 18153s cycle=45
12:14:46 [S44-HARNESS] heartbeat x0_cont: 18213s cycle=45
12:15:46 [S44-HARNESS] heartbeat x0_cont: 18273s cycle=45
12:16:46 [S44-HARNESS] heartbeat x0_cont: 18333s cycle=45
12:17:47 [S44-HARNESS] heartbeat x0_cont: 18393s cycle=45
12:18:47 [S44-HARNESS] heartbeat x0_cont: 18453s cycle=46
12:19:47 [S44-HARNESS] heartbeat x0_cont: 18513s cycle=46
12:20:47 [S44-HARNESS] heartbeat x0_cont: 18573s cycle=46
12:21:47 [S44-HARNESS] heartbeat x0_cont: 18634s cycle=46
12:22:47 [S44-HARNESS] heartbeat x0_cont: 18694s cycle=46
12:23:47 [S44-HARNESS] heartbeat x0_cont: 18754s cycle=46
12:24:47 [S44-HARNESS] heartbeat x0_cont: 18814s cycle=47
12:25:48 [S44-HARNESS] heartbeat x0_cont: 18874s cycle=47
12:26:48 [S44-HARNESS] heartbeat x0_cont: 18934s cycle=47
12:27:48 [S44-HARNESS] heartbeat x0_cont: 18994s cycle=47
12:28:48 [S44-HARNESS] heartbeat x0_cont: 19054s cycle=47
12:29:48 [S44-HARNESS] heartbeat x0_cont: 19114s cycle=47
12:30:48 [S44-HARNESS] heartbeat x0_cont: 19175s cycle=48
12:31:48 [S44-HARNESS] heartbeat x0_cont: 19235s cycle=48
12:32:48 [S44-HARNESS] heartbeat x0_cont: 19295s cycle=48
12:33:48 [S44-HARNESS] heartbeat x0_cont: 19355s cycle=48
12:34:49 [S44-HARNESS] heartbeat x0_cont: 19415s cycle=48
12:35:49 [S44-HARNESS] heartbeat x0_cont: 19475s cycle=48
12:36:49 [S44-HARNESS] heartbeat x0_cont: 19535s cycle=49
12:37:49 [S44-HARNESS] heartbeat x0_cont: 19595s cycle=49
12:38:49 [S44-HARNESS] heartbeat x0_cont: 19655s cycle=49
12:39:49 [S44-HARNESS] heartbeat x0_cont: 19715s cycle=49
12:40:49 [S44-HARNESS] heartbeat x0_cont: 19776s cycle=49
12:41:49 [S44-HARNESS] heartbeat x0_cont: 19836s cycle=49
12:42:49 [S44-HARNESS] heartbeat x0_cont: 19896s cycle=50
12:43:49 [S44-HARNESS] heartbeat x0_cont: 19956s cycle=50
12:44:50 [S44-HARNESS] heartbeat x0_cont: 20016s cycle=50
12:45:50 [S44-HARNESS] heartbeat x0_cont: 20076s cycle=50
12:46:50 [S44-HARNESS] heartbeat x0_cont: 20136s cycle=50
12:47:50 [S44-HARNESS] heartbeat x0_cont: 20196s cycle=50
12:48:50 [S44-HARNESS] heartbeat x0_cont: 20257s cycle=51
12:49:50 [S44-HARNESS] heartbeat x0_cont: 20317s cycle=51
12:50:50 [S44-HARNESS] heartbeat x0_cont: 20377s cycle=51
12:51:50 [S44-HARNESS] heartbeat x0_cont: 20437s cycle=51
12:52:51 [S44-HARNESS] heartbeat x0_cont: 20497s cycle=51
12:53:51 [S44-HARNESS] heartbeat x0_cont: 20557s cycle=51
12:54:51 [S44-HARNESS] heartbeat x0_cont: 20617s cycle=52
12:55:51 [S44-HARNESS] heartbeat x0_cont: 20677s cycle=52
12:56:51 [S44-HARNESS] heartbeat x0_cont: 20737s cycle=52
12:57:51 [S44-HARNESS] heartbeat x0_cont: 20797s cycle=52
12:58:51 [S44-HARNESS] heartbeat x0_cont: 20858s cycle=52
12:59:51 [S44-HARNESS] heartbeat x0_cont: 20918s cycle=52
13:00:51 [S44-HARNESS] heartbeat x0_cont: 20978s cycle=53
13:01:51 [S44-HARNESS] heartbeat x0_cont: 21038s cycle=53
13:02:52 [S44-HARNESS] heartbeat x0_cont: 21098s cycle=53
13:03:52 [S44-HARNESS] heartbeat x0_cont: 21158s cycle=53
13:04:52 [S44-HARNESS] heartbeat x0_cont: 21218s cycle=53
13:05:52 [S44-HARNESS] heartbeat x0_cont: 21278s cycle=53
13:06:52 [S44-HARNESS] heartbeat x0_cont: 21339s cycle=54
13:07:52 [S44-HARNESS] heartbeat x0_cont: 21399s cycle=54
13:08:52 [S44-HARNESS] heartbeat x0_cont: 21459s cycle=54
13:09:52 [S44-HARNESS] heartbeat x0_cont: 21519s cycle=54
13:10:52 [S44-HARNESS] heartbeat x0_cont: 21579s cycle=54
13:11:53 [S44-HARNESS] heartbeat x0_cont: 21639s cycle=54
13:12:53 [S44-HARNESS] heartbeat x0_cont: 21699s cycle=55
13:13:53 [S44-HARNESS] heartbeat x0_cont: 21759s cycle=55
13:14:53 [S44-HARNESS] heartbeat x0_cont: 21819s cycle=55
13:15:53 [S44-HARNESS] heartbeat x0_cont: 21880s cycle=55
13:16:53 [S44-HARNESS] heartbeat x0_cont: 21940s cycle=55
13:17:53 [S44-HARNESS] heartbeat x0_cont: 22000s cycle=55
13:18:53 [S44-HARNESS] heartbeat x0_cont: 22060s cycle=56
13:19:54 [S44-HARNESS] heartbeat x0_cont: 22120s cycle=56
13:20:54 [S44-HARNESS] heartbeat x0_cont: 22180s cycle=56
13:21:54 [S44-HARNESS] heartbeat x0_cont: 22240s cycle=56
13:22:54 [S44-HARNESS] heartbeat x0_cont: 22300s cycle=56
13:23:54 [S44-HARNESS] heartbeat x0_cont: 22361s cycle=56
13:24:54 [S44-HARNESS] heartbeat x0_cont: 22421s cycle=56
13:25:54 [S44-HARNESS] heartbeat x0_cont: 22481s cycle=57
13:26:54 [S44-HARNESS] heartbeat x0_cont: 22541s cycle=57
13:27:55 [S44-HARNESS] heartbeat x0_cont: 22601s cycle=57
13:28:55 [S44-HARNESS] heartbeat x0_cont: 22661s cycle=57
13:29:55 [S44-HARNESS] heartbeat x0_cont: 22721s cycle=57
13:30:55 [S44-HARNESS] heartbeat x0_cont: 22781s cycle=57
13:31:55 [S44-HARNESS] heartbeat x0_cont: 22841s cycle=58
13:32:55 [S44-HARNESS] heartbeat x0_cont: 22902s cycle=58
13:33:55 [S44-HARNESS] heartbeat x0_cont: 22962s cycle=58
13:34:55 [S44-HARNESS] heartbeat x0_cont: 23022s cycle=58
13:35:55 [S44-HARNESS] heartbeat x0_cont: 23082s cycle=58
13:36:55 [S44-HARNESS] heartbeat x0_cont: 23142s cycle=58
13:37:55 [S44-HARNESS] heartbeat x0_cont: 23202s cycle=59
13:38:55 [S44-HARNESS] heartbeat x0_cont: 23262s cycle=59
13:39:56 [S44-HARNESS] heartbeat x0_cont: 23322s cycle=59
13:40:56 [S44-HARNESS] heartbeat x0_cont: 23382s cycle=59
13:41:56 [S44-HARNESS] heartbeat x0_cont: 23442s cycle=59
13:42:56 [S44-HARNESS] heartbeat x0_cont: 23502s cycle=59
13:43:56 [S44-HARNESS] heartbeat x0_cont: 23562s cycle=59
13:44:56 [S44-HARNESS] heartbeat x0_cont: 23623s cycle=60
13:45:56 [S44-HARNESS] heartbeat x0_cont: 23683s cycle=60
13:46:56 [S44-HARNESS] heartbeat x0_cont: 23743s cycle=60
13:47:56 [S44-HARNESS] heartbeat x0_cont: 23803s cycle=60
13:48:56 [S44-HARNESS] heartbeat x0_cont: 23863s cycle=60
13:49:56 [S44-HARNESS] heartbeat x0_cont: 23923s cycle=60
13:50:57 [S44-HARNESS] heartbeat x0_cont: 23983s cycle=61
13:51:57 [S44-HARNESS] heartbeat x0_cont: 24043s cycle=61
13:52:57 [S44-HARNESS] heartbeat x0_cont: 24103s cycle=61
13:53:57 [S44-HARNESS] heartbeat x0_cont: 24163s cycle=61
13:54:57 [S44-HARNESS] heartbeat x0_cont: 24223s cycle=61
13:55:57 [S44-HARNESS] heartbeat x0_cont: 24284s cycle=61
13:56:57 [S44-HARNESS] heartbeat x0_cont: 24344s cycle=62
13:57:57 [S44-HARNESS] heartbeat x0_cont: 24404s cycle=62
13:58:57 [S44-HARNESS] heartbeat x0_cont: 24464s cycle=62
13:59:58 [S44-HARNESS] heartbeat x0_cont: 24524s cycle=62
14:00:58 [S44-HARNESS] heartbeat x0_cont: 24584s cycle=62
14:01:58 [S44-HARNESS] heartbeat x0_cont: 24644s cycle=62
14:02:58 [S44-HARNESS] heartbeat x0_cont: 24704s cycle=63
14:03:58 [S44-HARNESS] heartbeat x0_cont: 24765s cycle=63
14:04:58 [S44-HARNESS] heartbeat x0_cont: 24825s cycle=63
14:05:58 [S44-HARNESS] heartbeat x0_cont: 24885s cycle=63
14:06:58 [S44-HARNESS] heartbeat x0_cont: 24945s cycle=63
14:07:59 [S44-HARNESS] heartbeat x0_cont: 25005s cycle=63
14:08:59 [S44-HARNESS] heartbeat x0_cont: 25065s cycle=64
14:09:59 [S44-HARNESS] heartbeat x0_cont: 25125s cycle=64
14:10:59 [S44-HARNESS] heartbeat x0_cont: 25185s cycle=64
14:11:59 [S44-HARNESS] heartbeat x0_cont: 25245s cycle=64
14:12:59 [S44-HARNESS] heartbeat x0_cont: 25306s cycle=64
14:13:59 [S44-HARNESS] heartbeat x0_cont: 25366s cycle=64
14:14:59 [S44-HARNESS] heartbeat x0_cont: 25426s cycle=64
14:15:59 [S44-HARNESS] heartbeat x0_cont: 25486s cycle=65
14:17:00 [S44-HARNESS] heartbeat x0_cont: 25546s cycle=65
14:18:00 [S44-HARNESS] heartbeat x0_cont: 25606s cycle=65
14:19:00 [S44-HARNESS] heartbeat x0_cont: 25666s cycle=65
14:20:00 [S44-HARNESS] heartbeat x0_cont: 25726s cycle=65
14:21:00 [S44-HARNESS] heartbeat x0_cont: 25787s cycle=65
14:22:00 [S44-HARNESS] heartbeat x0_cont: 25847s cycle=66
14:23:00 [S44-HARNESS] heartbeat x0_cont: 25907s cycle=66
14:24:00 [S44-HARNESS] heartbeat x0_cont: 25967s cycle=66
14:25:01 [S44-HARNESS] heartbeat x0_cont: 26027s cycle=66
14:26:01 [S44-HARNESS] heartbeat x0_cont: 26087s cycle=66
14:27:01 [S44-HARNESS] heartbeat x0_cont: 26147s cycle=66
14:28:01 [S44-HARNESS] heartbeat x0_cont: 26207s cycle=67
14:29:01 [S44-HARNESS] heartbeat x0_cont: 26267s cycle=67
14:30:01 [S44-HARNESS] heartbeat x0_cont: 26328s cycle=67
14:31:01 [S44-HARNESS] heartbeat x0_cont: 26388s cycle=67
14:32:01 [S44-HARNESS] heartbeat x0_cont: 26448s cycle=67
14:33:01 [S44-HARNESS] heartbeat x0_cont: 26508s cycle=67
14:34:02 [S44-HARNESS] heartbeat x0_cont: 26568s cycle=67
14:35:02 [S44-HARNESS] heartbeat x0_cont: 26628s cycle=68
14:36:02 [S44-HARNESS] heartbeat x0_cont: 26688s cycle=68
14:37:02 [S44-HARNESS] heartbeat x0_cont: 26748s cycle=68
14:38:02 [S44-HARNESS] heartbeat x0_cont: 26808s cycle=68
14:39:02 [S44-HARNESS] heartbeat x0_cont: 26869s cycle=68
14:40:02 [S44-HARNESS] heartbeat x0_cont: 26929s cycle=68
14:41:02 [S44-HARNESS] heartbeat x0_cont: 26989s cycle=69
14:42:02 [S44-HARNESS] heartbeat x0_cont: 27049s cycle=69
14:43:03 [S44-HARNESS] heartbeat x0_cont: 27109s cycle=69
14:44:03 [S44-HARNESS] heartbeat x0_cont: 27169s cycle=69
14:45:03 [S44-HARNESS] heartbeat x0_cont: 27229s cycle=69
14:46:03 [S44-HARNESS] heartbeat x0_cont: 27289s cycle=69
14:47:03 [S44-HARNESS] heartbeat x0_cont: 27350s cycle=70
14:48:03 [S44-HARNESS] heartbeat x0_cont: 27410s cycle=70
14:49:03 [S44-HARNESS] heartbeat x0_cont: 27470s cycle=70
14:50:03 [S44-HARNESS] heartbeat x0_cont: 27530s cycle=70
14:51:04 [S44-HARNESS] heartbeat x0_cont: 27590s cycle=70
14:52:04 [S44-HARNESS] heartbeat x0_cont: 27650s cycle=70
14:53:04 [S44-HARNESS] heartbeat x0_cont: 27710s cycle=71
14:54:04 [S44-HARNESS] heartbeat x0_cont: 27770s cycle=71
14:55:04 [S44-HARNESS] heartbeat x0_cont: 27830s cycle=71
14:56:04 [S44-HARNESS] heartbeat x0_cont: 27891s cycle=71
14:57:04 [S44-HARNESS] heartbeat x0_cont: 27951s cycle=71
14:58:04 [S44-HARNESS] heartbeat x0_cont: 28011s cycle=71
14:59:04 [S44-HARNESS] heartbeat x0_cont: 28071s cycle=71
15:00:05 [S44-HARNESS] heartbeat x0_cont: 28131s cycle=72
15:01:05 [S44-HARNESS] heartbeat x0_cont: 28191s cycle=72
15:02:05 [S44-HARNESS] heartbeat x0_cont: 28251s cycle=72
15:03:05 [S44-HARNESS] heartbeat x0_cont: 28311s cycle=72
15:04:05 [S44-HARNESS] heartbeat x0_cont: 28372s cycle=72
15:05:05 [S44-HARNESS] heartbeat x0_cont: 28432s cycle=72
15:06:05 [S44-HARNESS] heartbeat x0_cont: 28492s cycle=73
15:07:05 [S44-HARNESS] heartbeat x0_cont: 28552s cycle=73
15:08:06 [S44-HARNESS] heartbeat x0_cont: 28612s cycle=73
15:09:06 [S44-HARNESS] heartbeat x0_cont: 28672s cycle=73
15:10:06 [S44-HARNESS] heartbeat x0_cont: 28732s cycle=73
15:11:06 [S44-HARNESS] heartbeat x0_cont: 28792s cycle=73
15:12:06 [S44-HARNESS] heartbeat x0_cont: 28852s cycle=73
15:13:06 [S44-HARNESS] heartbeat x0_cont: 28913s cycle=74
15:14:06 [S44-HARNESS] heartbeat x0_cont: 28973s cycle=74
15:15:06 [S44-HARNESS] heartbeat x0_cont: 29033s cycle=74
15:16:06 [S44-HARNESS] heartbeat x0_cont: 29093s cycle=74
15:17:07 [S44-HARNESS] heartbeat x0_cont: 29153s cycle=74
15:18:07 [S44-HARNESS] heartbeat x0_cont: 29213s cycle=74
15:19:07 [S44-HARNESS] heartbeat x0_cont: 29273s cycle=75
15:20:07 [S44-HARNESS] heartbeat x0_cont: 29333s cycle=75
15:21:07 [S44-HARNESS] heartbeat x0_cont: 29394s cycle=75
15:22:07 [S44-HARNESS] heartbeat x0_cont: 29454s cycle=75
15:23:07 [S44-HARNESS] heartbeat x0_cont: 29514s cycle=75
15:24:07 [S44-HARNESS] heartbeat x0_cont: 29574s cycle=75
15:25:08 [S44-HARNESS] heartbeat x0_cont: 29634s cycle=76
15:26:08 [S44-HARNESS] heartbeat x0_cont: 29694s cycle=76
15:27:08 [S44-HARNESS] heartbeat x0_cont: 29754s cycle=76
15:28:08 [S44-HARNESS] heartbeat x0_cont: 29814s cycle=76
15:29:08 [S44-HARNESS] heartbeat x0_cont: 29875s cycle=76
15:30:08 [S44-HARNESS] heartbeat x0_cont: 29935s cycle=76
15:31:08 [S44-HARNESS] heartbeat x0_cont: 29995s cycle=77
15:32:08 [S44-HARNESS] heartbeat x0_cont: 30055s cycle=77
15:33:08 [S44-HARNESS] heartbeat x0_cont: 30115s cycle=77
15:34:09 [S44-HARNESS] heartbeat x0_cont: 30175s cycle=77
15:35:09 [S44-HARNESS] heartbeat x0_cont: 30235s cycle=77
15:36:09 [S44-HARNESS] heartbeat x0_cont: 30295s cycle=77
15:37:09 [S44-HARNESS] heartbeat x0_cont: 30355s cycle=77
15:38:09 [S44-HARNESS] heartbeat x0_cont: 30416s cycle=78
15:39:09 [S44-HARNESS] heartbeat x0_cont: 30476s cycle=78
15:40:09 [S44-HARNESS] heartbeat x0_cont: 30536s cycle=78
15:41:09 [S44-HARNESS] heartbeat x0_cont: 30596s cycle=78
15:42:09 [S44-HARNESS] heartbeat x0_cont: 30656s cycle=78
15:43:09 [S44-HARNESS] heartbeat x0_cont: 30716s cycle=78
15:44:09 [S44-HARNESS] heartbeat x0_cont: 30776s cycle=79
15:45:09 [S44-HARNESS] heartbeat x0_cont: 30836s cycle=79
15:46:10 [S44-HARNESS] heartbeat x0_cont: 30896s cycle=79
15:47:10 [S44-HARNESS] heartbeat x0_cont: 30956s cycle=79
15:48:10 [S44-HARNESS] heartbeat x0_cont: 31016s cycle=79
15:49:10 [S44-HARNESS] heartbeat x0_cont: 31076s cycle=79
15:50:10 [S44-HARNESS] heartbeat x0_cont: 31136s cycle=79
15:51:10 [S44-HARNESS] heartbeat x0_cont: 31196s cycle=80
15:52:10 [S44-HARNESS] heartbeat x0_cont: 31256s cycle=80
15:53:10 [S44-HARNESS] heartbeat x0_cont: 31316s cycle=80
15:54:10 [S44-HARNESS] heartbeat x0_cont: 31376s cycle=80
15:55:10 [S44-HARNESS] heartbeat x0_cont: 31437s cycle=80
15:56:10 [S44-HARNESS] heartbeat x0_cont: 31497s cycle=80
15:57:10 [S44-HARNESS] heartbeat x0_cont: 31557s cycle=81
15:58:10 [S44-HARNESS] heartbeat x0_cont: 31617s cycle=81
15:59:10 [S44-HARNESS] heartbeat x0_cont: 31677s cycle=81
16:00:10 [S44-HARNESS] heartbeat x0_cont: 31737s cycle=81
16:01:11 [S44-HARNESS] heartbeat x0_cont: 31797s cycle=81
16:02:11 [S44-HARNESS] heartbeat x0_cont: 31857s cycle=81
16:03:11 [S44-HARNESS] heartbeat x0_cont: 31917s cycle=81
16:04:11 [S44-HARNESS] heartbeat x0_cont: 31977s cycle=82
16:05:11 [S44-HARNESS] heartbeat x0_cont: 32037s cycle=82
16:06:11 [S44-HARNESS] heartbeat x0_cont: 32098s cycle=82
16:07:11 [S44-HARNESS] heartbeat x0_cont: 32158s cycle=82
16:08:11 [S44-HARNESS] heartbeat x0_cont: 32218s cycle=82
16:09:11 [S44-HARNESS] heartbeat x0_cont: 32278s cycle=82
16:10:12 [S44-HARNESS] heartbeat x0_cont: 32338s cycle=83
16:11:12 [S44-HARNESS] heartbeat x0_cont: 32398s cycle=83
16:12:12 [S44-HARNESS] heartbeat x0_cont: 32458s cycle=83
16:13:12 [S44-HARNESS] heartbeat x0_cont: 32518s cycle=83
16:14:12 [S44-HARNESS] heartbeat x0_cont: 32579s cycle=83
16:15:12 [S44-HARNESS] heartbeat x0_cont: 32639s cycle=83
16:16:12 [S44-HARNESS] heartbeat x0_cont: 32699s cycle=84
16:17:12 [S44-HARNESS] heartbeat x0_cont: 32759s cycle=84
16:18:13 [S44-HARNESS] heartbeat x0_cont: 32819s cycle=84
16:19:13 [S44-HARNESS] heartbeat x0_cont: 32879s cycle=84
16:20:13 [S44-HARNESS] heartbeat x0_cont: 32939s cycle=84
16:21:13 [S44-HARNESS] heartbeat x0_cont: 32999s cycle=84
16:22:13 [S44-HARNESS] heartbeat x0_cont: 33060s cycle=85
16:23:13 [S44-HARNESS] heartbeat x0_cont: 33120s cycle=85
16:24:13 [S44-HARNESS] heartbeat x0_cont: 33180s cycle=85
16:25:13 [S44-HARNESS] heartbeat x0_cont: 33240s cycle=85
16:26:13 [S44-HARNESS] heartbeat x0_cont: 33300s cycle=85
16:27:14 [S44-HARNESS] heartbeat x0_cont: 33360s cycle=85
16:28:14 [S44-HARNESS] heartbeat x0_cont: 33420s cycle=85
16:29:14 [S44-HARNESS] heartbeat x0_cont: 33480s cycle=86
16:30:14 [S44-HARNESS] heartbeat x0_cont: 33540s cycle=86
16:31:14 [S44-HARNESS] heartbeat x0_cont: 33601s cycle=86
16:32:14 [S44-HARNESS] heartbeat x0_cont: 33661s cycle=86
16:33:14 [S44-HARNESS] heartbeat x0_cont: 33721s cycle=86
16:34:14 [S44-HARNESS] heartbeat x0_cont: 33781s cycle=86
16:35:15 [S44-HARNESS] heartbeat x0_cont: 33841s cycle=87
16:36:15 [S44-HARNESS] heartbeat x0_cont: 33901s cycle=87
16:37:15 [S44-HARNESS] heartbeat x0_cont: 33961s cycle=87
16:38:15 [S44-HARNESS] heartbeat x0_cont: 34021s cycle=87
16:39:15 [S44-HARNESS] heartbeat x0_cont: 34082s cycle=87
16:40:15 [S44-HARNESS] heartbeat x0_cont: 34142s cycle=87
16:41:15 [S44-HARNESS] heartbeat x0_cont: 34202s cycle=88
16:42:15 [S44-HARNESS] heartbeat x0_cont: 34262s cycle=88
16:43:15 [S44-HARNESS] heartbeat x0_cont: 34322s cycle=88
16:44:16 [S44-HARNESS] heartbeat x0_cont: 34382s cycle=88
16:45:16 [S44-HARNESS] heartbeat x0_cont: 34442s cycle=88
16:46:16 [S44-HARNESS] heartbeat x0_cont: 34502s cycle=88
16:47:16 [S44-HARNESS] heartbeat x0_cont: 34562s cycle=88
16:47:46 [S44-HARNESS] finished x0_cont pid=28454 exit=0 status=certified wall=34593s
16:47:47 [W98-RUN] label: W98 continuation of the certified x = 0 cell -- replay BITWISE through cycle 72
16:47:47 [W98-RUN] gates {'G1_harness_clean': True, 'G2_eval_key': True, 'G3_append_reconcile': True, 'G4_tail_state_check': True, 'G5_solve_profile_reconciled_per_event': True, 'G6_v37_optimal_and_four_metrics': True, 'G7_append_sealed': True, 'G8_persistence_off': True, 'G9_ess_ageing_readback': True, 'G10_alpha_row_capture': True, 'G11_acceptance_cross_check': True, 'G12_b_in_force': True, 'G13_holds_inert_through_N_and_held_after': True, 'G14_all_block_capture': False, 'G15_stopping_consistent': True}
16:47:47 [W98-RUN] settling: status computed K 88 D_measured 4492.38907122612 r None valid False D_x0 4492.38907122612 class settled_by_early_stop stage 2 do_not_run
16:47:47 [W98] guards {'w98_checks': {'counts': {'permitted_solve': 0, 'permitted_exec': 0, 'blocked_solve': 0, 'blocked_exec': 0}, 'verify_0_failures': []}, 'alpha_row_launcher': {'counts': {'permitted_solve': 0, 'permitted_exec': 0, 'blocked_solve': 0, 'blocked_exec': 0}, 'verify_0_failures': []}, 'w86_launcher': {'counts': {'permitted_solve': 0, 'permitted_exec': 0, 'blocked_solve': 0, 'blocked_exec': 0}, 'verify_0_failures': []}, 'w87': {'counts': {'permitted_solve': 0, 'permitted_exec': 0, 'blocked_solve': 0, 'blocked_exec': 0}, 'verify_0_failures': []}, 'w88': {'counts': {'permitted_solve': 0, 'permitted_exec': 0, 'blocked_solve': 0, 'blocked_exec': 0}, 'verify_0_failures': []}, 'w89_step1': {'counts': {'permitted_solve': 0, 'permitted_exec': 0, 'blocked_solve': 0, 'blocked_exec': 0}, 'verify_0_failures': []}, 'w89_3x3_launcher': {'counts': {'permitted_solve': 0, 'permitted_exec': 0, 'blocked_solve': 0, 'blocked_exec': 0}, 'verify_0_failures': []}, 'w90_3x3_parent': {'counts': {'permitted_solve': 0, 'permitted_exec': 0, 'blocked_solve': 0, 'blocked_exec': 0}, 'verify_0_failures': []}, 'w98_parent': {'counts': {'permitted_solve': 0, 'permitted_exec': 0, 'blocked_solve': 0, 'blocked_exec': 0}, 'verify_0_failures': []}} wall=34596s
