[W98-CONTINUATION] cycle 1 (replay) gross=842832533.7623764 step=None replay_equal=None holds aa=False tail=False rho=False streak=None early_stop_fired=False
[W98-CONTINUATION] cycle 2 (replay) gross=842832532.7623764 step=-1.0 replay_equal=None holds aa=False tail=False rho=False streak=None early_stop_fired=False
[W98-CONTINUATION] cycle 3 (replay) gross=842832531.7623764 step=-1.0 replay_equal=None holds aa=False tail=False rho=False streak=None early_stop_fired=False
[W98-CONTINUATION] cycle 4 (replay) gross=842832530.7623764 step=-1.0 replay_equal=None holds aa=False tail=False rho=False streak=None early_stop_fired=False
[W98-CONTINUATION] cycle 5 (replay) gross=842832529.7623764 step=-1.0 replay_equal=None holds aa=False tail=False rho=False streak=None early_stop_fired=False
[W98-CONTINUATION] cycle 6 (replay) gross=842832528.7623764 step=-1.0 replay_equal=None holds aa=False tail=False rho=False streak=None early_stop_fired=False
[W98-CONTINUATION] cycle 7 (replay) gross=842832527.7623764 step=-1.0 replay_equal=None holds aa=False tail=False rho=False streak=None early_stop_fired=False
[W98-CONTINUATION] cycle 8 (replay) gross=842832526.7623764 step=-1.0 replay_equal=None holds aa=False tail=False rho=False streak=None early_stop_fired=False
[W98-CONTINUATION] cycle 9 (replay) gross=842832525.7623764 step=-1.0 replay_equal=None holds aa=False tail=False rho=False streak=None early_stop_fired=False
[W98-CONTINUATION] cycle 10 (replay) gross=842832524.7623764 step=-1.0 replay_equal=None holds aa=False tail=False rho=False streak=None early_stop_fired=False
[W98-CONTINUATION] cycle 11 (replay) gross=842832523.7623764 step=-1.0 replay_equal=None holds aa=False tail=False rho=False streak=None early_stop_fired=False
[W98-CONTINUATION] cycle 12 (replay) gross=842832522.7623764 step=-1.0 replay_equal=None holds aa=False tail=False rho=False streak=None early_stop_fired=False
[W98-CONTINUATION] cycle 13 (replay) gross=842832521.7623764 step=-1.0 replay_equal=None holds aa=False tail=False rho=False streak=None early_stop_fired=False
[W98-CONTINUATION] cycle 14 (replay) gross=842832520.7623764 step=-1.0 replay_equal=None holds aa=False tail=False rho=False streak=None early_stop_fired=False
[W98-CONTINUATION] cycle 15 (replay) gross=842832519.7623764 step=-1.0 replay_equal=None holds aa=False tail=False rho=False streak=None early_stop_fired=False
[W98-CONTINUATION] cycle 16 (replay) gross=842832518.7623764 step=-1.0 replay_equal=None holds aa=False tail=False rho=False streak=None early_stop_fired=False
[W98-CONTINUATION] cycle 17 (replay) gross=842832517.7623764 step=-1.0 replay_equal=None holds aa=False tail=False rho=False streak=None early_stop_fired=False
[W98-CONTINUATION] cycle 18 (replay) gross=842832516.7623764 step=-1.0 replay_equal=None holds aa=False tail=False rho=False streak=None early_stop_fired=False
[W98-CONTINUATION] cycle 19 (replay) gross=842832515.7623764 step=-1.0 replay_equal=None holds aa=False tail=False rho=False streak=None early_stop_fired=False
[W98-CONTINUATION] cycle 20 (replay) gross=842832514.7623764 step=-1.0 replay_equal=None holds aa=False tail=False rho=False streak=None early_stop_fired=False
[W98-CONTINUATION] cycle 21 (replay) gross=842832513.7623764 step=-1.0 replay_equal=None holds aa=False tail=False rho=False streak=None early_stop_fired=False
[W98-CONTINUATION] cycle 22 (replay) gross=842832512.7623764 step=-1.0 replay_equal=None holds aa=False tail=False rho=False streak=None early_stop_fired=False
[W98-CONTINUATION] cycle 23 (replay) gross=842832511.7623764 step=-1.0 replay_equal=None holds aa=False tail=False rho=False streak=None early_stop_fired=False
[W98-CONTINUATION] cycle 24 (replay) gross=842832510.7623764 step=-1.0 replay_equal=None holds aa=False tail=False rho=False streak=None early_stop_fired=False
[W98-CONTINUATION] cycle 25 (replay) gross=842832509.7623764 step=-1.0 replay_equal=None holds aa=False tail=False rho=False streak=None early_stop_fired=False
[W98-CONTINUATION] cycle 26 (replay) gross=842832508.7623764 step=-1.0 replay_equal=None holds aa=False tail=False rho=False streak=None early_stop_fired=False
[W98-CONTINUATION] cycle 27 (replay) gross=842832507.7623764 step=-1.0 replay_equal=None holds aa=False tail=False rho=False streak=None early_stop_fired=False
[W98-CONTINUATION] cycle 28 (replay) gross=842832506.7623764 step=-1.0 replay_equal=None holds aa=False tail=False rho=False streak=None early_stop_fired=False
[W98-CONTINUATION] cycle 29 (replay) gross=842832505.7623764 step=-1.0 replay_equal=None holds aa=False tail=False rho=False streak=None early_stop_fired=False
[W98-CONTINUATION] cycle 30 (replay) gross=842832504.7623764 step=-1.0 replay_equal=None holds aa=False tail=False rho=False streak=None early_stop_fired=False
[W98-CONTINUATION] cycle 31 (replay) gross=842832503.7623764 step=-1.0 replay_equal=None holds aa=False tail=False rho=False streak=None early_stop_fired=False
[W98-CONTINUATION] cycle 32 (replay) gross=842832502.7623764 step=-1.0 replay_equal=None holds aa=False tail=False rho=False streak=None early_stop_fired=False
[W98-CONTINUATION] cycle 33 (replay) gross=842832501.7623764 step=-1.0 replay_equal=None holds aa=False tail=False rho=False streak=None early_stop_fired=False
[W98-CONTINUATION] cycle 34 (replay) gross=842832500.7623764 step=-1.0 replay_equal=None holds aa=False tail=False rho=False streak=None early_stop_fired=False
[W98-CONTINUATION] cycle 35 (replay) gross=842832499.7623764 step=-1.0 replay_equal=None holds aa=False tail=False rho=False streak=None early_stop_fired=False
[W98-CONTINUATION] cycle 36 (replay) gross=842832498.7623764 step=-1.0 replay_equal=None holds aa=False tail=False rho=False streak=None early_stop_fired=False
[W98-CONTINUATION] cycle 37 (replay) gross=842832497.7623764 step=-1.0 replay_equal=None holds aa=False tail=False rho=False streak=None early_stop_fired=False
[W98-CONTINUATION] cycle 38 (replay) gross=842832496.7623764 step=-1.0 replay_equal=None holds aa=False tail=False rho=False streak=None early_stop_fired=False
[W98-CONTINUATION] cycle 39 (replay) gross=842832495.7623764 step=-1.0 replay_equal=None holds aa=False tail=False rho=False streak=None early_stop_fired=False
[W98-CONTINUATION] cycle 40 (replay) gross=842832494.7623764 step=-1.0 replay_equal=None holds aa=False tail=False rho=False streak=None early_stop_fired=False
[W98-CONTINUATION] cycle 41 (replay) gross=842832493.7623764 step=-1.0 replay_equal=None holds aa=False tail=False rho=False streak=None early_stop_fired=False
[W98-CONTINUATION] cycle 42 (replay) gross=842832492.7623764 step=-1.0 replay_equal=None holds aa=False tail=False rho=False streak=None early_stop_fired=False
[W98-CONTINUATION] cycle 43 (replay) gross=842832491.7623764 step=-1.0 replay_equal=None holds aa=False tail=False rho=False streak=None early_stop_fired=False
[W98-CONTINUATION] cycle 44 (replay) gross=842832490.7623764 step=-1.0 replay_equal=None holds aa=False tail=False rho=False streak=None early_stop_fired=False
[W98-CONTINUATION] cycle 45 (replay) gross=842832489.7623764 step=-1.0 replay_equal=None holds aa=False tail=False rho=False streak=None early_stop_fired=False
[W98-CONTINUATION] cycle 46 (replay) gross=842832488.7623764 step=-1.0 replay_equal=None holds aa=False tail=False rho=False streak=None early_stop_fired=False
[W98-CONTINUATION] cycle 47 (replay) gross=842832487.7623764 step=-1.0 replay_equal=None holds aa=False tail=False rho=False streak=None early_stop_fired=False
[W98-CONTINUATION] cycle 48 (replay) gross=842832486.7623764 step=-1.0 replay_equal=None holds aa=False tail=False rho=False streak=None early_stop_fired=False
[W98-CONTINUATION] cycle 49 (replay) gross=842832485.7623764 step=-1.0 replay_equal=None holds aa=False tail=False rho=False streak=None early_stop_fired=False
[W98-CONTINUATION] cycle 50 (replay) gross=842832484.7623764 step=-1.0 replay_equal=None holds aa=False tail=False rho=False streak=None early_stop_fired=False
[W98-CONTINUATION] cycle 51 (replay) gross=842832483.7623764 step=-1.0 replay_equal=None holds aa=False tail=False rho=False streak=None early_stop_fired=False
[W98-CONTINUATION] cycle 52 (replay) gross=842832482.7623764 step=-1.0 replay_equal=None holds aa=False tail=False rho=False streak=None early_stop_fired=False
[W98-CONTINUATION] cycle 53 (replay) gross=842832481.7623764 step=-1.0 replay_equal=None holds aa=False tail=False rho=False streak=None early_stop_fired=False
[W98-CONTINUATION] cycle 54 (replay) gross=842832480.7623764 step=-1.0 replay_equal=None holds aa=False tail=False rho=False streak=None early_stop_fired=False
[W98-CONTINUATION] cycle 55 (replay) gross=842832479.7623764 step=-1.0 replay_equal=None holds aa=False tail=False rho=False streak=None early_stop_fired=False
[W98-CONTINUATION] cycle 56 (replay) gross=842832478.7623764 step=-1.0 replay_equal=None holds aa=False tail=False rho=False streak=None early_stop_fired=False
[W98-CONTINUATION] cycle 57 (replay) gross=842832477.7623764 step=-1.0 replay_equal=None holds aa=False tail=False rho=False streak=None early_stop_fired=False
[W98-CONTINUATION] cycle 58 (replay) gross=842832476.7623764 step=-1.0 replay_equal=None holds aa=False tail=False rho=False streak=None early_stop_fired=False
[W98-CONTINUATION] cycle 59 (replay) gross=842832475.7623764 step=-1.0 replay_equal=None holds aa=False tail=False rho=False streak=None early_stop_fired=False
[W98-CONTINUATION] cycle 60 (replay) gross=842832474.7623764 step=-1.0 replay_equal=None holds aa=False tail=False rho=False streak=None early_stop_fired=False
[W98-CONTINUATION] cycle 61 (replay) gross=842832473.7623764 step=-1.0 replay_equal=None holds aa=False tail=False rho=False streak=None early_stop_fired=False
[W98-CONTINUATION] cycle 62 (replay) gross=842832472.7623764 step=-1.0 replay_equal=None holds aa=False tail=False rho=False streak=None early_stop_fired=False
[W98-CONTINUATION] cycle 63 (replay) gross=842832471.7623764 step=-1.0 replay_equal=None holds aa=False tail=False rho=False streak=None early_stop_fired=False
[W98-CONTINUATION] cycle 64 (replay) gross=842832470.7623764 step=-1.0 replay_equal=None holds aa=False tail=False rho=False streak=None early_stop_fired=False
[W98-CONTINUATION] cycle 65 (replay) gross=842832469.7623764 step=-1.0 replay_equal=None holds aa=False tail=False rho=False streak=None early_stop_fired=False
[W98-CONTINUATION] cycle 66 (replay) gross=842832468.7623764 step=-1.0 replay_equal=None holds aa=False tail=False rho=False streak=None early_stop_fired=False
[W98-CONTINUATION] cycle 67 (replay) gross=842832467.7623764 step=-1.0 replay_equal=None holds aa=False tail=False rho=False streak=None early_stop_fired=False
[W98-CONTINUATION] cycle 68 (replay) gross=842832466.7623764 step=-1.0 replay_equal=None holds aa=False tail=False rho=False streak=None early_stop_fired=False
[W98-CONTINUATION] cycle 69 (replay) gross=842832465.7623764 step=-1.0 replay_equal=None holds aa=False tail=False rho=False streak=None early_stop_fired=False
[W98-CONTINUATION] cycle 70 (replay) gross=842832464.7623764 step=-1.0 replay_equal=None holds aa=False tail=False rho=False streak=None early_stop_fired=False
[W98-CONTINUATION] cycle 71 (replay) gross=842832463.7623764 step=-1.0 replay_equal=None holds aa=False tail=False rho=False streak=None early_stop_fired=False
[W98-CONTINUATION] cycle 72 (replay) gross=842832462.7623764 step=-1.0 replay_equal=None holds aa=False tail=False rho=False streak=None early_stop_fired=False
[W98-CONTINUATION] cycle 73 (continuation) gross=842833262.7623764 step=800.0 replay_equal=None holds aa=True tail=True rho=True streak=0 early_stop_fired=False
[W98-CONTINUATION] cycle 74 (continuation) gross=842832862.7623764 step=-400.0 replay_equal=None holds aa=True tail=True rho=True streak=1 early_stop_fired=False
[W98-CONTINUATION] cycle 75 (continuation) gross=842833162.7623764 step=300.0 replay_equal=None holds aa=True tail=True rho=True streak=2 early_stop_fired=False
[W98-CONTINUATION] cycle 76 (continuation) gross=842832962.7623764 step=-200.0 replay_equal=None holds aa=True tail=True rho=True streak=3 early_stop_fired=True
[W98-CONTINUATION] cycle 1 (replay) gross=842832533.7623764 step=None replay_equal=None holds aa=False tail=False rho=False streak=None early_stop_fired=False
[W98-CONTINUATION] cycle 2 (replay) gross=842832532.7623764 step=-1.0 replay_equal=None holds aa=False tail=False rho=False streak=None early_stop_fired=False
[W98-CONTINUATION] cycle 3 (replay) gross=842832531.7623764 step=-1.0 replay_equal=None holds aa=False tail=False rho=False streak=None early_stop_fired=False
[W98-CONTINUATION] cycle 4 (replay) gross=842832530.7623764 step=-1.0 replay_equal=None holds aa=False tail=False rho=False streak=None early_stop_fired=False
[W98-CONTINUATION] cycle 5 (replay) gross=842832529.7623764 step=-1.0 replay_equal=None holds aa=False tail=False rho=False streak=None early_stop_fired=False
[W98-CONTINUATION] cycle 6 (replay) gross=842832528.7623764 step=-1.0 replay_equal=None holds aa=False tail=False rho=False streak=None early_stop_fired=False
[W98-CONTINUATION] cycle 7 (replay) gross=842832527.7623764 step=-1.0 replay_equal=None holds aa=False tail=False rho=False streak=None early_stop_fired=False
[W98-CONTINUATION] cycle 8 (replay) gross=842832526.7623764 step=-1.0 replay_equal=None holds aa=False tail=False rho=False streak=None early_stop_fired=False
[W98-CONTINUATION] cycle 9 (replay) gross=842832525.7623764 step=-1.0 replay_equal=None holds aa=False tail=False rho=False streak=None early_stop_fired=False
[W98-CONTINUATION] cycle 10 (replay) gross=842832524.7623764 step=-1.0 replay_equal=None holds aa=False tail=False rho=False streak=None early_stop_fired=False
[W98-CONTINUATION] cycle 11 (replay) gross=842832523.7623764 step=-1.0 replay_equal=None holds aa=False tail=False rho=False streak=None early_stop_fired=False
[W98-CONTINUATION] cycle 12 (replay) gross=842832522.7623764 step=-1.0 replay_equal=None holds aa=False tail=False rho=False streak=None early_stop_fired=False
[W98-CONTINUATION] cycle 13 (replay) gross=842832521.7623764 step=-1.0 replay_equal=None holds aa=False tail=False rho=False streak=None early_stop_fired=False
[W98-CONTINUATION] cycle 14 (replay) gross=842832520.7623764 step=-1.0 replay_equal=None holds aa=False tail=False rho=False streak=None early_stop_fired=False
[W98-CONTINUATION] cycle 15 (replay) gross=842832519.7623764 step=-1.0 replay_equal=None holds aa=False tail=False rho=False streak=None early_stop_fired=False
[W98-CONTINUATION] cycle 16 (replay) gross=842832518.7623764 step=-1.0 replay_equal=None holds aa=False tail=False rho=False streak=None early_stop_fired=False
[W98-CONTINUATION] cycle 17 (replay) gross=842832517.7623764 step=-1.0 replay_equal=None holds aa=False tail=False rho=False streak=None early_stop_fired=False
[W98-CONTINUATION] cycle 18 (replay) gross=842832516.7623764 step=-1.0 replay_equal=None holds aa=False tail=False rho=False streak=None early_stop_fired=False
[W98-CONTINUATION] cycle 19 (replay) gross=842832515.7623764 step=-1.0 replay_equal=None holds aa=False tail=False rho=False streak=None early_stop_fired=False
[W98-CONTINUATION] cycle 20 (replay) gross=842832514.7623764 step=-1.0 replay_equal=None holds aa=False tail=False rho=False streak=None early_stop_fired=False
[W98-CONTINUATION] cycle 21 (replay) gross=842832513.7623764 step=-1.0 replay_equal=None holds aa=False tail=False rho=False streak=None early_stop_fired=False
[W98-CONTINUATION] cycle 22 (replay) gross=842832512.7623764 step=-1.0 replay_equal=None holds aa=False tail=False rho=False streak=None early_stop_fired=False
[W98-CONTINUATION] cycle 23 (replay) gross=842832511.7623764 step=-1.0 replay_equal=None holds aa=False tail=False rho=False streak=None early_stop_fired=False
[W98-CONTINUATION] cycle 24 (replay) gross=842832510.7623764 step=-1.0 replay_equal=None holds aa=False tail=False rho=False streak=None early_stop_fired=False
[W98-CONTINUATION] cycle 25 (replay) gross=842832509.7623764 step=-1.0 replay_equal=None holds aa=False tail=False rho=False streak=None early_stop_fired=False
[W98-CONTINUATION] cycle 26 (replay) gross=842832508.7623764 step=-1.0 replay_equal=None holds aa=False tail=False rho=False streak=None early_stop_fired=False
[W98-CONTINUATION] cycle 27 (replay) gross=842832507.7623764 step=-1.0 replay_equal=None holds aa=False tail=False rho=False streak=None early_stop_fired=False
[W98-CONTINUATION] cycle 28 (replay) gross=842832506.7623764 step=-1.0 replay_equal=None holds aa=False tail=False rho=False streak=None early_stop_fired=False
[W98-CONTINUATION] cycle 29 (replay) gross=842832505.7623764 step=-1.0 replay_equal=None holds aa=False tail=False rho=False streak=None early_stop_fired=False
[W98-CONTINUATION] cycle 30 (replay) gross=842832504.7623764 step=-1.0 replay_equal=None holds aa=False tail=False rho=False streak=None early_stop_fired=False
[W98-CONTINUATION] cycle 31 (replay) gross=842832503.7623764 step=-1.0 replay_equal=None holds aa=False tail=False rho=False streak=None early_stop_fired=False
[W98-CONTINUATION] cycle 32 (replay) gross=842832502.7623764 step=-1.0 replay_equal=None holds aa=False tail=False rho=False streak=None early_stop_fired=False
[W98-CONTINUATION] cycle 33 (replay) gross=842832501.7623764 step=-1.0 replay_equal=None holds aa=False tail=False rho=False streak=None early_stop_fired=False
[W98-CONTINUATION] cycle 34 (replay) gross=842832500.7623764 step=-1.0 replay_equal=None holds aa=False tail=False rho=False streak=None early_stop_fired=False
[W98-CONTINUATION] cycle 35 (replay) gross=842832499.7623764 step=-1.0 replay_equal=None holds aa=False tail=False rho=False streak=None early_stop_fired=False
[W98-CONTINUATION] cycle 36 (replay) gross=842832498.7623764 step=-1.0 replay_equal=None holds aa=False tail=False rho=False streak=None early_stop_fired=False
[W98-CONTINUATION] cycle 37 (replay) gross=842832497.7623764 step=-1.0 replay_equal=None holds aa=False tail=False rho=False streak=None early_stop_fired=False
[W98-CONTINUATION] cycle 38 (replay) gross=842832496.7623764 step=-1.0 replay_equal=None holds aa=False tail=False rho=False streak=None early_stop_fired=False
[W98-CONTINUATION] cycle 39 (replay) gross=842832495.7623764 step=-1.0 replay_equal=None holds aa=False tail=False rho=False streak=None early_stop_fired=False
[W98-CONTINUATION] cycle 40 (replay) gross=842832494.7623764 step=-1.0 replay_equal=None holds aa=False tail=False rho=False streak=None early_stop_fired=False
[W98-CONTINUATION] cycle 41 (replay) gross=842832493.7623764 step=-1.0 replay_equal=None holds aa=False tail=False rho=False streak=None early_stop_fired=False
[W98-CONTINUATION] cycle 42 (replay) gross=842832492.7623764 step=-1.0 replay_equal=None holds aa=False tail=False rho=False streak=None early_stop_fired=False
[W98-CONTINUATION] cycle 43 (replay) gross=842832491.7623764 step=-1.0 replay_equal=None holds aa=False tail=False rho=False streak=None early_stop_fired=False
[W98-CONTINUATION] cycle 44 (replay) gross=842832490.7623764 step=-1.0 replay_equal=None holds aa=False tail=False rho=False streak=None early_stop_fired=False
[W98-CONTINUATION] cycle 45 (replay) gross=842832489.7623764 step=-1.0 replay_equal=None holds aa=False tail=False rho=False streak=None early_stop_fired=False
[W98-CONTINUATION] cycle 46 (replay) gross=842832488.7623764 step=-1.0 replay_equal=None holds aa=False tail=False rho=False streak=None early_stop_fired=False
[W98-CONTINUATION] cycle 47 (replay) gross=842832487.7623764 step=-1.0 replay_equal=None holds aa=False tail=False rho=False streak=None early_stop_fired=False
[W98-CONTINUATION] cycle 48 (replay) gross=842832486.7623764 step=-1.0 replay_equal=None holds aa=False tail=False rho=False streak=None early_stop_fired=False
[W98-CONTINUATION] cycle 49 (replay) gross=842832485.7623764 step=-1.0 replay_equal=None holds aa=False tail=False rho=False streak=None early_stop_fired=False
[W98-CONTINUATION] cycle 50 (replay) gross=842832484.7623764 step=-1.0 replay_equal=None holds aa=False tail=False rho=False streak=None early_stop_fired=False
[W98-CONTINUATION] cycle 51 (replay) gross=842832483.7623764 step=-1.0 replay_equal=None holds aa=False tail=False rho=False streak=None early_stop_fired=False
[W98-CONTINUATION] cycle 52 (replay) gross=842832482.7623764 step=-1.0 replay_equal=None holds aa=False tail=False rho=False streak=None early_stop_fired=False
[W98-CONTINUATION] cycle 53 (replay) gross=842832481.7623764 step=-1.0 replay_equal=None holds aa=False tail=False rho=False streak=None early_stop_fired=False
[W98-CONTINUATION] cycle 54 (replay) gross=842832480.7623764 step=-1.0 replay_equal=None holds aa=False tail=False rho=False streak=None early_stop_fired=False
[W98-CONTINUATION] cycle 55 (replay) gross=842832479.7623764 step=-1.0 replay_equal=None holds aa=False tail=False rho=False streak=None early_stop_fired=False
[W98-CONTINUATION] cycle 56 (replay) gross=842832478.7623764 step=-1.0 replay_equal=None holds aa=False tail=False rho=False streak=None early_stop_fired=False
[W98-CONTINUATION] cycle 57 (replay) gross=842832477.7623764 step=-1.0 replay_equal=None holds aa=False tail=False rho=False streak=None early_stop_fired=False
[W98-CONTINUATION] cycle 58 (replay) gross=842832476.7623764 step=-1.0 replay_equal=None holds aa=False tail=False rho=False streak=None early_stop_fired=False
[W98-CONTINUATION] cycle 59 (replay) gross=842832475.7623764 step=-1.0 replay_equal=None holds aa=False tail=False rho=False streak=None early_stop_fired=False
[W98-CONTINUATION] cycle 60 (replay) gross=842832474.7623764 step=-1.0 replay_equal=None holds aa=False tail=False rho=False streak=None early_stop_fired=False
[W98-CONTINUATION] cycle 61 (replay) gross=842832473.7623764 step=-1.0 replay_equal=None holds aa=False tail=False rho=False streak=None early_stop_fired=False
[W98-CONTINUATION] cycle 62 (replay) gross=842832472.7623764 step=-1.0 replay_equal=None holds aa=False tail=False rho=False streak=None early_stop_fired=False
[W98-CONTINUATION] cycle 63 (replay) gross=842832471.7623764 step=-1.0 replay_equal=None holds aa=False tail=False rho=False streak=None early_stop_fired=False
[W98-CONTINUATION] cycle 64 (replay) gross=842832470.7623764 step=-1.0 replay_equal=None holds aa=False tail=False rho=False streak=None early_stop_fired=False
[W98-CONTINUATION] cycle 65 (replay) gross=842832469.7623764 step=-1.0 replay_equal=None holds aa=False tail=False rho=False streak=None early_stop_fired=False
[W98-CONTINUATION] cycle 66 (replay) gross=842832468.7623764 step=-1.0 replay_equal=None holds aa=False tail=False rho=False streak=None early_stop_fired=False
[W98-CONTINUATION] cycle 67 (replay) gross=842832467.7623764 step=-1.0 replay_equal=None holds aa=False tail=False rho=False streak=None early_stop_fired=False
[W98-CONTINUATION] cycle 68 (replay) gross=842832466.7623764 step=-1.0 replay_equal=None holds aa=False tail=False rho=False streak=None early_stop_fired=False
[W98-CONTINUATION] cycle 69 (replay) gross=842832465.7623764 step=-1.0 replay_equal=None holds aa=False tail=False rho=False streak=None early_stop_fired=False
[W98-CONTINUATION] cycle 70 (replay) gross=842832464.7623764 step=-1.0 replay_equal=None holds aa=False tail=False rho=False streak=None early_stop_fired=False
[W98-CONTINUATION] cycle 71 (replay) gross=842832463.7623764 step=-1.0 replay_equal=None holds aa=False tail=False rho=False streak=None early_stop_fired=False
[W98-CONTINUATION] cycle 72 (replay) gross=842832462.7623764 step=-1.0 replay_equal=None holds aa=False tail=False rho=False streak=None early_stop_fired=False
[W98-CONTINUATION] cycle 73 (continuation) gross=842832062.7623764 step=-400.0 replay_equal=None holds aa=True tail=True rho=True streak=1 early_stop_fired=False
[W98-CONTINUATION] cycle 74 (continuation) gross=842832362.7623764 step=300.0 replay_equal=None holds aa=True tail=True rho=True streak=2 early_stop_fired=False
[W98-CONTINUATION] cycle 75 (continuation) gross=None step=None replay_equal=None holds aa=None tail=True rho=True streak=0 early_stop_fired=False
[W98-CONTINUATION] cycle 76 (continuation) gross=842832162.7623764 step=None replay_equal=None holds aa=True tail=True rho=True streak=0 early_stop_fired=False
[W98-CONTINUATION] cycle 77 (continuation) gross=842832262.7623764 step=100.0 replay_equal=None holds aa=True tail=True rho=True streak=1 early_stop_fired=False
[W98-CONTINUATION] cycle 78 (continuation) gross=842832312.7623764 step=50.0 replay_equal=None holds aa=True tail=True rho=True streak=2 early_stop_fired=False
[W98-CONTINUATION] cycle 79 (continuation) gross=842832322.7623764 step=10.0 replay_equal=None holds aa=True tail=True rho=True streak=3 early_stop_fired=True
[W98-CONTINUATION] cycle 1 (replay) gross=842832533.7623764 step=None replay_equal=None holds aa=False tail=False rho=False streak=None early_stop_fired=False
[W98-CONTINUATION] cycle 2 (replay) gross=842832532.7623764 step=-1.0 replay_equal=None holds aa=False tail=False rho=False streak=None early_stop_fired=False
[W98-CONTINUATION] cycle 3 (replay) gross=842832531.7623764 step=-1.0 replay_equal=None holds aa=False tail=False rho=False streak=None early_stop_fired=False
[W98-CONTINUATION] cycle 4 (replay) gross=842832530.7623764 step=-1.0 replay_equal=None holds aa=False tail=False rho=False streak=None early_stop_fired=False
[W98-CONTINUATION] cycle 5 (replay) gross=842832529.7623764 step=-1.0 replay_equal=None holds aa=False tail=False rho=False streak=None early_stop_fired=False
[W98-CONTINUATION] cycle 6 (replay) gross=842832528.7623764 step=-1.0 replay_equal=None holds aa=False tail=False rho=False streak=None early_stop_fired=False
[W98-CONTINUATION] cycle 7 (replay) gross=842832527.7623764 step=-1.0 replay_equal=None holds aa=False tail=False rho=False streak=None early_stop_fired=False
[W98-CONTINUATION] cycle 8 (replay) gross=842832526.7623764 step=-1.0 replay_equal=None holds aa=False tail=False rho=False streak=None early_stop_fired=False
[W98-CONTINUATION] cycle 9 (replay) gross=842832525.7623764 step=-1.0 replay_equal=None holds aa=False tail=False rho=False streak=None early_stop_fired=False
[W98-CONTINUATION] cycle 10 (replay) gross=842832524.7623764 step=-1.0 replay_equal=None holds aa=False tail=False rho=False streak=None early_stop_fired=False
[W98-CONTINUATION] cycle 11 (replay) gross=842832523.7623764 step=-1.0 replay_equal=None holds aa=False tail=False rho=False streak=None early_stop_fired=False
[W98-CONTINUATION] cycle 12 (replay) gross=842832522.7623764 step=-1.0 replay_equal=None holds aa=False tail=False rho=False streak=None early_stop_fired=False
[W98-CONTINUATION] cycle 13 (replay) gross=842832521.7623764 step=-1.0 replay_equal=None holds aa=False tail=False rho=False streak=None early_stop_fired=False
[W98-CONTINUATION] cycle 14 (replay) gross=842832520.7623764 step=-1.0 replay_equal=None holds aa=False tail=False rho=False streak=None early_stop_fired=False
[W98-CONTINUATION] cycle 15 (replay) gross=842832519.7623764 step=-1.0 replay_equal=None holds aa=False tail=False rho=False streak=None early_stop_fired=False
[W98-CONTINUATION] cycle 16 (replay) gross=842832518.7623764 step=-1.0 replay_equal=None holds aa=False tail=False rho=False streak=None early_stop_fired=False
[W98-CONTINUATION] cycle 17 (replay) gross=842832517.7623764 step=-1.0 replay_equal=None holds aa=False tail=False rho=False streak=None early_stop_fired=False
[W98-CONTINUATION] cycle 18 (replay) gross=842832516.7623764 step=-1.0 replay_equal=None holds aa=False tail=False rho=False streak=None early_stop_fired=False
[W98-CONTINUATION] cycle 19 (replay) gross=842832515.7623764 step=-1.0 replay_equal=None holds aa=False tail=False rho=False streak=None early_stop_fired=False
[W98-CONTINUATION] cycle 20 (replay) gross=842832514.7623764 step=-1.0 replay_equal=None holds aa=False tail=False rho=False streak=None early_stop_fired=False
[W98-CONTINUATION] cycle 21 (replay) gross=842832513.7623764 step=-1.0 replay_equal=None holds aa=False tail=False rho=False streak=None early_stop_fired=False
[W98-CONTINUATION] cycle 22 (replay) gross=842832512.7623764 step=-1.0 replay_equal=None holds aa=False tail=False rho=False streak=None early_stop_fired=False
[W98-CONTINUATION] cycle 23 (replay) gross=842832511.7623764 step=-1.0 replay_equal=None holds aa=False tail=False rho=False streak=None early_stop_fired=False
[W98-CONTINUATION] cycle 24 (replay) gross=842832510.7623764 step=-1.0 replay_equal=None holds aa=False tail=False rho=False streak=None early_stop_fired=False
[W98-CONTINUATION] cycle 25 (replay) gross=842832509.7623764 step=-1.0 replay_equal=None holds aa=False tail=False rho=False streak=None early_stop_fired=False
[W98-CONTINUATION] cycle 26 (replay) gross=842832508.7623764 step=-1.0 replay_equal=None holds aa=False tail=False rho=False streak=None early_stop_fired=False
[W98-CONTINUATION] cycle 27 (replay) gross=842832507.7623764 step=-1.0 replay_equal=None holds aa=False tail=False rho=False streak=None early_stop_fired=False
[W98-CONTINUATION] cycle 28 (replay) gross=842832506.7623764 step=-1.0 replay_equal=None holds aa=False tail=False rho=False streak=None early_stop_fired=False
[W98-CONTINUATION] cycle 29 (replay) gross=842832505.7623764 step=-1.0 replay_equal=None holds aa=False tail=False rho=False streak=None early_stop_fired=False
[W98-CONTINUATION] cycle 30 (replay) gross=842832504.7623764 step=-1.0 replay_equal=None holds aa=False tail=False rho=False streak=None early_stop_fired=False
[W98-CONTINUATION] cycle 31 (replay) gross=842832503.7623764 step=-1.0 replay_equal=None holds aa=False tail=False rho=False streak=None early_stop_fired=False
[W98-CONTINUATION] cycle 32 (replay) gross=842832502.7623764 step=-1.0 replay_equal=None holds aa=False tail=False rho=False streak=None early_stop_fired=False
[W98-CONTINUATION] cycle 33 (replay) gross=842832501.7623764 step=-1.0 replay_equal=None holds aa=False tail=False rho=False streak=None early_stop_fired=False
[W98-CONTINUATION] cycle 34 (replay) gross=842832500.7623764 step=-1.0 replay_equal=None holds aa=False tail=False rho=False streak=None early_stop_fired=False
[W98-CONTINUATION] cycle 35 (replay) gross=842832499.7623764 step=-1.0 replay_equal=None holds aa=False tail=False rho=False streak=None early_stop_fired=False
[W98-CONTINUATION] cycle 36 (replay) gross=842832498.7623764 step=-1.0 replay_equal=None holds aa=False tail=False rho=False streak=None early_stop_fired=False
[W98-CONTINUATION] cycle 37 (replay) gross=842832497.7623764 step=-1.0 replay_equal=None holds aa=False tail=False rho=False streak=None early_stop_fired=False
[W98-CONTINUATION] cycle 38 (replay) gross=842832496.7623764 step=-1.0 replay_equal=None holds aa=False tail=False rho=False streak=None early_stop_fired=False
[W98-CONTINUATION] cycle 39 (replay) gross=842832495.7623764 step=-1.0 replay_equal=None holds aa=False tail=False rho=False streak=None early_stop_fired=False
[W98-CONTINUATION] cycle 40 (replay) gross=842832494.7623764 step=-1.0 replay_equal=None holds aa=False tail=False rho=False streak=None early_stop_fired=False
[W98-CONTINUATION] cycle 41 (replay) gross=842832493.7623764 step=-1.0 replay_equal=None holds aa=False tail=False rho=False streak=None early_stop_fired=False
[W98-CONTINUATION] cycle 42 (replay) gross=842832492.7623764 step=-1.0 replay_equal=None holds aa=False tail=False rho=False streak=None early_stop_fired=False
[W98-CONTINUATION] cycle 43 (replay) gross=842832491.7623764 step=-1.0 replay_equal=None holds aa=False tail=False rho=False streak=None early_stop_fired=False
[W98-CONTINUATION] cycle 44 (replay) gross=842832490.7623764 step=-1.0 replay_equal=None holds aa=False tail=False rho=False streak=None early_stop_fired=False
[W98-CONTINUATION] cycle 45 (replay) gross=842832489.7623764 step=-1.0 replay_equal=None holds aa=False tail=False rho=False streak=None early_stop_fired=False
[W98-CONTINUATION] cycle 46 (replay) gross=842832488.7623764 step=-1.0 replay_equal=None holds aa=False tail=False rho=False streak=None early_stop_fired=False
[W98-CONTINUATION] cycle 47 (replay) gross=842832487.7623764 step=-1.0 replay_equal=None holds aa=False tail=False rho=False streak=None early_stop_fired=False
[W98-CONTINUATION] cycle 48 (replay) gross=842832486.7623764 step=-1.0 replay_equal=None holds aa=False tail=False rho=False streak=None early_stop_fired=False
[W98-CONTINUATION] cycle 49 (replay) gross=842832485.7623764 step=-1.0 replay_equal=None holds aa=False tail=False rho=False streak=None early_stop_fired=False
[W98-CONTINUATION] cycle 50 (replay) gross=842832484.7623764 step=-1.0 replay_equal=None holds aa=False tail=False rho=False streak=None early_stop_fired=False
[W98-CONTINUATION] cycle 51 (replay) gross=842832483.7623764 step=-1.0 replay_equal=None holds aa=False tail=False rho=False streak=None early_stop_fired=False
[W98-CONTINUATION] cycle 52 (replay) gross=842832482.7623764 step=-1.0 replay_equal=None holds aa=False tail=False rho=False streak=None early_stop_fired=False
[W98-CONTINUATION] cycle 53 (replay) gross=842832481.7623764 step=-1.0 replay_equal=None holds aa=False tail=False rho=False streak=None early_stop_fired=False
[W98-CONTINUATION] cycle 54 (replay) gross=842832480.7623764 step=-1.0 replay_equal=None holds aa=False tail=False rho=False streak=None early_stop_fired=False
[W98-CONTINUATION] cycle 55 (replay) gross=842832479.7623764 step=-1.0 replay_equal=None holds aa=False tail=False rho=False streak=None early_stop_fired=False
[W98-CONTINUATION] cycle 56 (replay) gross=842832478.7623764 step=-1.0 replay_equal=None holds aa=False tail=False rho=False streak=None early_stop_fired=False
[W98-CONTINUATION] cycle 57 (replay) gross=842832477.7623764 step=-1.0 replay_equal=None holds aa=False tail=False rho=False streak=None early_stop_fired=False
[W98-CONTINUATION] cycle 58 (replay) gross=842832476.7623764 step=-1.0 replay_equal=None holds aa=False tail=False rho=False streak=None early_stop_fired=False
[W98-CONTINUATION] cycle 59 (replay) gross=842832475.7623764 step=-1.0 replay_equal=None holds aa=False tail=False rho=False streak=None early_stop_fired=False
[W98-CONTINUATION] cycle 60 (replay) gross=842832474.7623764 step=-1.0 replay_equal=None holds aa=False tail=False rho=False streak=None early_stop_fired=False
[W98-CONTINUATION] cycle 61 (replay) gross=842832473.7623764 step=-1.0 replay_equal=None holds aa=False tail=False rho=False streak=None early_stop_fired=False
[W98-CONTINUATION] cycle 62 (replay) gross=842832472.7623764 step=-1.0 replay_equal=None holds aa=False tail=False rho=False streak=None early_stop_fired=False
[W98-CONTINUATION] cycle 63 (replay) gross=842832471.7623764 step=-1.0 replay_equal=None holds aa=False tail=False rho=False streak=None early_stop_fired=False
[W98-CONTINUATION] cycle 64 (replay) gross=842832470.7623764 step=-1.0 replay_equal=None holds aa=False tail=False rho=False streak=None early_stop_fired=False
[W98-CONTINUATION] cycle 65 (replay) gross=842832469.7623764 step=-1.0 replay_equal=None holds aa=False tail=False rho=False streak=None early_stop_fired=False
[W98-CONTINUATION] cycle 66 (replay) gross=842832468.7623764 step=-1.0 replay_equal=None holds aa=False tail=False rho=False streak=None early_stop_fired=False
[W98-CONTINUATION] cycle 67 (replay) gross=842832467.7623764 step=-1.0 replay_equal=None holds aa=False tail=False rho=False streak=None early_stop_fired=False
[W98-CONTINUATION] cycle 68 (replay) gross=842832466.7623764 step=-1.0 replay_equal=None holds aa=False tail=False rho=False streak=None early_stop_fired=False
[W98-CONTINUATION] cycle 69 (replay) gross=842832465.7623764 step=-1.0 replay_equal=None holds aa=False tail=False rho=False streak=None early_stop_fired=False
[W98-CONTINUATION] cycle 70 (replay) gross=842832464.7623764 step=-1.0 replay_equal=None holds aa=False tail=False rho=False streak=None early_stop_fired=False
[W98-CONTINUATION] cycle 71 (replay) gross=842832463.7623764 step=-1.0 replay_equal=None holds aa=False tail=False rho=False streak=None early_stop_fired=False
[W98-CONTINUATION] cycle 72 (replay) gross=842832462.7623764 step=-1.0 replay_equal=None holds aa=False tail=False rho=False streak=None early_stop_fired=False
[W98-CONTINUATION] cycle 73 (continuation) gross=842828462.7623764 step=-4000.0 replay_equal=None holds aa=True tail=True rho=True streak=0 early_stop_fired=False
[W98-CONTINUATION] cycle 74 (continuation) gross=842831462.7623764 step=3000.0 replay_equal=None holds aa=True tail=True rho=True streak=0 early_stop_fired=False
[W98-CONTINUATION] cycle 75 (continuation) gross=842830862.7623764 step=-600.0 replay_equal=None holds aa=True tail=True rho=True streak=0 early_stop_fired=False
[W98-CONTINUATION] cycle 76 (continuation) gross=842831361.7623764 step=499.0 replay_equal=None holds aa=True tail=True rho=True streak=1 early_stop_fired=False
[W98-CONTINUATION] cycle 77 (continuation) gross=842831862.7623764 step=501.0 replay_equal=None holds aa=True tail=True rho=True streak=0 early_stop_fired=False
[W98-CHECKS] C1_aa_hold_standin: holds=True
[W98-CHECKS] C2_aa_hold_real_production: holds=True
[W98-CHECKS] C3_tail_hold_real_production: holds=True
[W98-CHECKS] C4_rho_hold_real_production: holds=True
[W98-CHECKS] C5_certificate_disabled_and_early_stop: holds=True
[W98-CHECKS] C6_layering_real_install: holds=True
[W98-CHECKS] C7_keys: holds=True
[W98-CHECKS] C8_preconditions_and_validator: holds=True
[W98-CHECKS] inertness proof: {"AA": {"inert_through_N": true, "acts_after_N": true}, "tail": {"inert_through_N": true, "acts_after_N": true}, "rho": {"inert_through_N": true, "acts_after_N": true}}
[W98-CHECKS] all_hold=True guard verify(0) failures=[]
[W98-CHECKS] wrote data/SRP1/Results/P515S53/w98_continuation/zero_solve_checks/w98_zero_solve_checks.json sha256=6be52863de2315c382ccd0881878364ed5b877affeb88dd8c92ffc82d7a4911f
