[INFO] Running OPERATIONAL PLANNING (DISTRIBUTED)...
[INFO]	 - Initializing...
[INFO] 		 - Distribution Network node 5...
[INFO] 			 - Running SMOPF, Network case33_1, 2025, Spring...
[INFO] 			 - Running SMOPF, Network case33_1, 2025, Summer...
[INFO] 			 - Running SMOPF, Network case33_1, 2025, Autumn...
[INFO] 			 - Running SMOPF, Network case33_1, 2025, Winter...
[INFO] 			 - Running SMOPF, Network case33_1, 2030, Spring...
[INFO] 			 - Running SMOPF, Network case33_1, 2030, Summer...
[INFO] 			 - Running SMOPF, Network case33_1, 2030, Autumn...
[INFO] 			 - Running SMOPF, Network case33_1, 2030, Winter...
[INFO] 			 - Running SMOPF, Network case33_1, 2035, Spring...
[INFO] 			 - Running SMOPF, Network case33_1, 2035, Summer...
[INFO] 			 - Running SMOPF, Network case33_1, 2035, Autumn...
[INFO] 			 - Running SMOPF, Network case33_1, 2035, Winter...
[INFO] 		 - Distribution Network node 7...
[INFO] 			 - Running SMOPF, Network case33_2, 2025, Spring...
[INFO] 			 - Running SMOPF, Network case33_2, 2025, Summer...
[INFO] 			 - Running SMOPF, Network case33_2, 2025, Autumn...
[INFO] 			 - Running SMOPF, Network case33_2, 2025, Winter...
[INFO] 			 - Running SMOPF, Network case33_2, 2030, Spring...
[INFO] 			 - Running SMOPF, Network case33_2, 2030, Summer...
[INFO] 			 - Running SMOPF, Network case33_2, 2030, Autumn...
[INFO] 			 - Running SMOPF, Network case33_2, 2030, Winter...
[INFO] 			 - Running SMOPF, Network case33_2, 2035, Spring...
[INFO] 			 - Running SMOPF, Network case33_2, 2035, Summer...
[INFO] 			 - Running SMOPF, Network case33_2, 2035, Autumn...
[INFO] 			 - Running SMOPF, Network case33_2, 2035, Winter...
[INFO] 		 - Distribution Network node 9...
[INFO] 			 - Running SMOPF, Network case33_3, 2025, Spring...
[INFO] 			 - Running SMOPF, Network case33_3, 2025, Summer...
[INFO] 			 - Running SMOPF, Network case33_3, 2025, Autumn...
[INFO] 			 - Running SMOPF, Network case33_3, 2025, Winter...
[INFO] 			 - Running SMOPF, Network case33_3, 2030, Spring...
[INFO] 			 - Running SMOPF, Network case33_3, 2030, Summer...
[INFO] 			 - Running SMOPF, Network case33_3, 2030, Autumn...
[INFO] 			 - Running SMOPF, Network case33_3, 2030, Winter...
[INFO] 			 - Running SMOPF, Network case33_3, 2035, Spring...
[INFO] 			 - Running SMOPF, Network case33_3, 2035, Summer...
[INFO] 			 - Running SMOPF, Network case33_3, 2035, Autumn...
[INFO] 			 - Running SMOPF, Network case33_3, 2035, Winter...
[INFO] 		 - Transmission Network...
[INFO] 			 - Running SMOPF, Network case9, 2025, Spring...
[INFO] 			 - Running SMOPF, Network case9, 2025, Summer...
[INFO] 			 - Running SMOPF, Network case9, 2025, Autumn...
[INFO] 			 - Running SMOPF, Network case9, 2025, Winter...
[INFO] 			 - Running SMOPF, Network case9, 2030, Spring...
[INFO] 			 - Running SMOPF, Network case9, 2030, Summer...
[INFO] 			 - Running SMOPF, Network case9, 2030, Autumn...
[INFO] 			 - Running SMOPF, Network case9, 2030, Winter...
[INFO] 			 - Running SMOPF, Network case9, 2035, Spring...
[INFO] 			 - Running SMOPF, Network case9, 2035, Summer...
[INFO] 			 - Running SMOPF, Network case9, 2035, Autumn...
[INFO] 			 - Running SMOPF, Network case9, 2035, Winter...
[INFO] 		 - Running Shared ESS optimization (subproblem)...
[INFO] 			 - Node 5...
[INFO] Shared ESS complementarity diagnostics for ESS node=5: ratio_max=8.663330e-06 n_periods=288 mu_final=1.497458e-11 s_obj=1.000000e-01 eps=1.000000e-05 bound=4.312679e-03 measured=2.312858e-03
[INFO] 			 - Node 7...
[INFO] Shared ESS complementarity diagnostics for ESS node=7: ratio_max=8.664933e-06 n_periods=288 mu_final=1.499878e-11 s_obj=1.000000e-01 eps=1.000000e-05 bound=4.319650e-03 measured=2.305958e-03
[INFO] 			 - Node 9...
[INFO] Shared ESS complementarity diagnostics for ESS node=9: ratio_max=8.662105e-06 n_periods=288 mu_final=1.497387e-11 s_obj=1.000000e-01 eps=1.000000e-05 bound=4.312474e-03 measured=2.313052e-03
[ADMM OF SCALE] n=48 | min=2.430192e+07 | median=4.563872e+07 | max=9.363536e+07 | selected=9.363536e+07
[ADMM OF SCALE] Largest weighted objectives:
  TSO node=None year=2035 day=Winter | base=-9.363536e+07 | scenario=0.000000e+00 | total=-9.363536e+07
  TSO node=None year=2030 day=Autumn | base=-8.831557e+07 | scenario=0.000000e+00 | total=-8.831557e+07
  TSO node=None year=2030 day=Winter | base=-7.463930e+07 | scenario=0.000000e+00 | total=-7.463930e+07
  TSO node=None year=2035 day=Spring | base=-6.233022e+07 | scenario=0.000000e+00 | total=-6.233022e+07
  TSO node=None year=2035 day=Summer | base=-5.846825e+07 | scenario=0.000000e+00 | total=-5.846825e+07
  TSO node=None year=2035 day=Autumn | base=-5.808004e+07 | scenario=0.000000e+00 | total=-5.808004e+07
  TSO node=None year=2030 day=Summer | base=-5.747069e+07 | scenario=0.000000e+00 | total=-5.747069e+07
  DSO node=7 year=2035 day=Spring | base=5.722320e+07 | scenario=0.000000e+00 | total=5.722320e+07
  DSO node=9 year=2025 day=Winter | base=5.578761e+07 | scenario=0.000000e+00 | total=5.578761e+07
  DSO node=5 year=2035 day=Spring | base=5.561607e+07 | scenario=0.000000e+00 | total=5.561607e+07
[ADMM OF SCALE] Fixed sigma in force sigma_fixed=9.363536e+07 | sigma_computed=9.363536e+07 | ratio=1.000000e+00 | assert_factor=3.000
[ADMM ESSO AL SCALE] mode=sigma_over_median_block_weight | sigma=9.363536e+07 | median_block_weight=4.121075e+02 | al_scale_esso=2.272110e+05
[INFO] 	 - ADMM Iteration 1
[INFO] 		 - Updating distribution networks:
[INFO] 			 - Running SMOPF, Network case33_1, 2025, Spring...
[INFO] 			 - Running SMOPF, Network case33_1, 2025, Summer...
[INFO] 			 - Running SMOPF, Network case33_1, 2025, Autumn...
[INFO] 			 - Running SMOPF, Network case33_1, 2025, Winter...
[INFO] 			 - Running SMOPF, Network case33_1, 2030, Spring...
[INFO] 			 - Running SMOPF, Network case33_1, 2030, Summer...
[INFO] 			 - Running SMOPF, Network case33_1, 2030, Autumn...
[INFO] 			 - Running SMOPF, Network case33_1, 2030, Winter...
[INFO] 			 - Running SMOPF, Network case33_1, 2035, Spring...
[INFO] 			 - Running SMOPF, Network case33_1, 2035, Summer...
[INFO] 			 - Running SMOPF, Network case33_1, 2035, Autumn...
[INFO] 			 - Running SMOPF, Network case33_1, 2035, Winter...
[INFO] 			 - Running SMOPF, Network case33_2, 2025, Spring...
[INFO] 			 - Running SMOPF, Network case33_2, 2025, Summer...
[INFO] 			 - Running SMOPF, Network case33_2, 2025, Autumn...
[INFO] 			 - Running SMOPF, Network case33_2, 2025, Winter...
[INFO] 			 - Running SMOPF, Network case33_2, 2030, Spring...
[INFO] 			 - Running SMOPF, Network case33_2, 2030, Summer...
[INFO] 			 - Running SMOPF, Network case33_2, 2030, Autumn...
[INFO] 			 - Running SMOPF, Network case33_2, 2030, Winter...
[INFO] 			 - Running SMOPF, Network case33_2, 2035, Spring...
[INFO] 			 - Running SMOPF, Network case33_2, 2035, Summer...
[INFO] 			 - Running SMOPF, Network case33_2, 2035, Autumn...
[INFO] 			 - Running SMOPF, Network case33_2, 2035, Winter...
[INFO] 			 - Running SMOPF, Network case33_3, 2025, Spring...
[INFO] 			 - Running SMOPF, Network case33_3, 2025, Summer...
[INFO] 			 - Running SMOPF, Network case33_3, 2025, Autumn...
[INFO] 			 - Running SMOPF, Network case33_3, 2025, Winter...
[INFO] 			 - Running SMOPF, Network case33_3, 2030, Spring...
[INFO] 			 - Running SMOPF, Network case33_3, 2030, Summer...
[INFO] 			 - Running SMOPF, Network case33_3, 2030, Autumn...
[INFO] 			 - Running SMOPF, Network case33_3, 2030, Winter...
[INFO] 			 - Running SMOPF, Network case33_3, 2035, Spring...
[INFO] 			 - Running SMOPF, Network case33_3, 2035, Summer...
[INFO] 			 - Running SMOPF, Network case33_3, 2035, Autumn...
[INFO] 			 - Running SMOPF, Network case33_3, 2035, Winter...
[INFO] 		 - Updating transmission network...
[INFO] 			 - Running SMOPF, Network case9, 2025, Spring...
[INFO] 			 - Running SMOPF, Network case9, 2025, Summer...
[INFO] 			 - Running SMOPF, Network case9, 2025, Autumn...
[INFO] 			 - Running SMOPF, Network case9, 2025, Winter...
[INFO] 			 - Running SMOPF, Network case9, 2030, Spring...
[INFO] 			 - Running SMOPF, Network case9, 2030, Summer...
[INFO] 			 - Running SMOPF, Network case9, 2030, Autumn...
[INFO] 			 - Running SMOPF, Network case9, 2030, Winter...
[INFO] 			 - Running SMOPF, Network case9, 2035, Spring...
[INFO] 			 - Running SMOPF, Network case9, 2035, Summer...
[INFO] 			 - Running SMOPF, Network case9, 2035, Autumn...
[INFO] 			 - Running SMOPF, Network case9, 2035, Winter...
[TSO PROX] cycle=1 | updated_blocks=12 | held_failed_blocks=0 | V max=0.015917 | PF max=0.275999 | ESS max=0.000467
[TSO PROX][V MAX] node=5, year=2035, day=Winter, period=4 | dV=5.491305 kV | normalized=0.015917
[TSO PROX][PF MAX] node=5, year=2025, day=Spring, period=9, type=P | delta=55.199744 MW | normalized=0.275999
[TSO PROX][ESS MAX] node=7, year=2035, day=Summer, period=15, type=P | delta=0.002335 MW | normalized=0.000467
[INFO] 		 - Updating SharedESS...
[INFO] 		 - Running Shared ESS optimization (subproblem)...
[INFO] 			 - Node 5...
[INFO] Shared ESS complementarity diagnostics for ESS node=5: ratio_max=9.373753e-06 n_periods=288 mu_final=8.819252e-11 s_obj=1.000000e-01 eps=1.000000e-05 bound=2.539945e-02 measured=3.467638e-03
[INFO] 			 - Node 7...
[INFO] Shared ESS complementarity diagnostics for ESS node=7: ratio_max=9.373753e-06 n_periods=288 mu_final=8.819215e-11 s_obj=1.000000e-01 eps=1.000000e-05 bound=2.539934e-02 measured=3.467637e-03
[INFO] 			 - Node 9...
[INFO] Shared ESS complementarity diagnostics for ESS node=9: ratio_max=9.373753e-06 n_periods=288 mu_final=8.819188e-11 s_obj=1.000000e-01 eps=1.000000e-05 bound=2.539926e-02 measured=3.467638e-03
[DIAG][V MAX] node=5, year=2035, day=Winter, period=4 | TSO=349.590027 kV, DSO=343.197461 kV, diff=6.392565 kV, base=345.000000 kV, normalized=0.018529, rho(TSO/DSO)=0.007700/0.007700
[DIAG][PF MAX] node=7, year=2035, day=Spring, period=14, type=P | TSO=51.793971 MW, DSO=84.359938 MW, diff=32.565966 MW, rating=100.000000 MVA, normalized=0.325660, rho(TSO/DSO)=0.198000/0.198000
[INFO]		 - interface Vmag max primal residual failed. 0.018529 > 0.010000
[INFO]		 - interface Vmag mean primal residual failed. 0.007256 > 0.001000
[INFO]		 - interface PF max primal residual failed. 0.325660 > 0.010000
[INFO]		 - interface PF mean primal residual failed. 0.061844 > 0.001000
[INFO]		 - interface PF mean dual residual failed. 0.023562 > 0.010000
[INFO]		 - Recourse stationarity requires one previous successful cycle.
[ADMM RHO] V | primal max ratio=1.853 | primal mean ratio=7.256 | primal selected=7.256 | dual mean ratio=0.004 | increase threshold=5.0 | decrease threshold=5.0 | action=increased
[ADMM RHO BOYD] V | r=2.472674e-01 | s=1.997300e-03 | eps_pri=3.241848e-03 | eps_dual=2.940800e-04 | primal_ratio=7.627360e+01 | dual_ratio=6.791689e+00 | dual_ratio_balance=4.802450e+00 | rho_before=7.700000e-03 | rho_after=1.155000e-02 | gamma_before=7.700000e-03 | gamma_after=1.155000e-02 | action=increased
[ADMM RHO] PF | primal max ratio=32.566 | primal mean ratio=61.844 | primal selected=61.844 | dual mean ratio=2.356 | increase threshold=5.0 | decrease threshold=3.0 | action=held
[ADMM RHO BOYD] PF | r=3.488823e+00 | s=1.444630e+00 | eps_pri=1.386918e-03 | eps_dual=5.195609e-04 | primal_ratio=2.515522e+03 | dual_ratio=2.780482e+03 | dual_ratio_balance=1.966098e+03 | rho_before=1.980000e-01 | rho_after=1.980000e-01 | gamma_before=1.980000e-01 | gamma_after=1.980000e-01 | action=held
[ADMM RHO] ESS | primal max ratio=0.003 | primal mean ratio=0.002 | primal selected=0.003 | dual mean ratio=0.000 | increase threshold=5.0 | decrease threshold=5.0 | action=increased
[ADMM RHO BOYD] ESS | r=1.755214e-03 | s=2.545760e-04 | eps_pri=1.300261e-03 | eps_dual=7.200197e-04 | primal_ratio=1.349894e+00 | dual_ratio=3.535681e-01 | dual_ratio_balance=2.050378e-01 | rho_before=1.125000e-01 | rho_after=1.687500e-01 | gamma_before=1.125000e-01 | gamma_after=1.687500e-01 | action=increased
[INFO]		 - ADMM cycle 1 | Primal (V max/mean | PF max/mean | ESS max/mean) = 0.018529/0.007256 | 0.325660/0.061844 | 0.000307/0.000017 | Dual (V max/mean | PF max/mean | ESS max/mean) = 0.000126/0.000039 | 0.128943/0.023562 | 0.000018/0.000002 | Recourse change = N/A (tol. N/A) | Stable cycles = 0/3 | Penalty actions (V/PF/ESS) = increased/held/increased
[INFO] 	 - Iteration 1: 32.09 s
[INFO] 	 - ADMM Iteration 2
[INFO] 		 - Updating distribution networks:
[INFO] 			 - Running SMOPF, Network case33_1, 2025, Spring...
[INFO] 			 - Running SMOPF, Network case33_1, 2025, Summer...
[INFO] 			 - Running SMOPF, Network case33_1, 2025, Autumn...
[INFO] 			 - Running SMOPF, Network case33_1, 2025, Winter...
[INFO] 			 - Running SMOPF, Network case33_1, 2030, Spring...
[INFO] 			 - Running SMOPF, Network case33_1, 2030, Summer...
[INFO] 			 - Running SMOPF, Network case33_1, 2030, Autumn...
[INFO] 			 - Running SMOPF, Network case33_1, 2030, Winter...
[WARNING] Network primary solve did not converge for case33_1, year=2030, day=Winter: status=warning, termination=maxIterations, message=Ipopt 3.14.18\x3a Maximum Number of Iterations Exceeded. | warm_start=True
[WARNING] ADMM penalties for case33_1, year=2030, day=Winter: rho_v=0.01155, rho_pf=0.198, rho_ess=0.16875
[WARNING] IPOPT primary solve log for case33_1, year=2030, day=Winter: /Users/micaelsimoes/Projects/share-resource-planning-no_esso-degradation/data/SRP1/Results/P56A/evals/p515s35pt_preflight/logs/optim_log_case33_1_2030_Winter.log
[INFO] Retrying network solve once for case33_1, year=2030, day=Winter, cold start, with warm_start_init_point=no.
[INFO] Network recovery solve succeeded for case33_1, year=2030, day=Winter.
[INFO] 			 - Running SMOPF, Network case33_1, 2035, Spring...
[INFO] 			 - Running SMOPF, Network case33_1, 2035, Summer...
[INFO] 			 - Running SMOPF, Network case33_1, 2035, Autumn...
[INFO] 			 - Running SMOPF, Network case33_1, 2035, Winter...
[INFO] 			 - Running SMOPF, Network case33_2, 2025, Spring...
[INFO] 			 - Running SMOPF, Network case33_2, 2025, Summer...
[INFO] 			 - Running SMOPF, Network case33_2, 2025, Autumn...
[INFO] 			 - Running SMOPF, Network case33_2, 2025, Winter...
[INFO] 			 - Running SMOPF, Network case33_2, 2030, Spring...
[INFO] 			 - Running SMOPF, Network case33_2, 2030, Summer...
[INFO] 			 - Running SMOPF, Network case33_2, 2030, Autumn...
[INFO] 			 - Running SMOPF, Network case33_2, 2030, Winter...
[INFO] 			 - Running SMOPF, Network case33_2, 2035, Spring...
[INFO] 			 - Running SMOPF, Network case33_2, 2035, Summer...
[INFO] 			 - Running SMOPF, Network case33_2, 2035, Autumn...
[INFO] 			 - Running SMOPF, Network case33_2, 2035, Winter...
[INFO] 			 - Running SMOPF, Network case33_3, 2025, Spring...
[INFO] 			 - Running SMOPF, Network case33_3, 2025, Summer...
[INFO] 			 - Running SMOPF, Network case33_3, 2025, Autumn...
[INFO] 			 - Running SMOPF, Network case33_3, 2025, Winter...
[INFO] 			 - Running SMOPF, Network case33_3, 2030, Spring...
[INFO] 			 - Running SMOPF, Network case33_3, 2030, Summer...
[INFO] 			 - Running SMOPF, Network case33_3, 2030, Autumn...
[INFO] 			 - Running SMOPF, Network case33_3, 2030, Winter...
[INFO] 			 - Running SMOPF, Network case33_3, 2035, Spring...
[INFO] 			 - Running SMOPF, Network case33_3, 2035, Summer...
[INFO] 			 - Running SMOPF, Network case33_3, 2035, Autumn...
[INFO] 			 - Running SMOPF, Network case33_3, 2035, Winter...
[INFO] 		 - Updating transmission network...
[INFO] 			 - Running SMOPF, Network case9, 2025, Spring...
[INFO] 			 - Running SMOPF, Network case9, 2025, Summer...
[INFO] 			 - Running SMOPF, Network case9, 2025, Autumn...
[INFO] 			 - Running SMOPF, Network case9, 2025, Winter...
[INFO] 			 - Running SMOPF, Network case9, 2030, Spring...
[INFO] 			 - Running SMOPF, Network case9, 2030, Summer...
[INFO] 			 - Running SMOPF, Network case9, 2030, Autumn...
[INFO] 			 - Running SMOPF, Network case9, 2030, Winter...
[INFO] 			 - Running SMOPF, Network case9, 2035, Spring...
[INFO] 			 - Running SMOPF, Network case9, 2035, Summer...
[INFO] 			 - Running SMOPF, Network case9, 2035, Autumn...
[INFO] 			 - Running SMOPF, Network case9, 2035, Winter...
[TSO PROX] cycle=2 | updated_blocks=12 | held_failed_blocks=0 | V max=0.015487 | PF max=0.193088 | ESS max=0.000302
[TSO PROX][V MAX] node=5, year=2025, day=Winter, period=22 | dV=5.342927 kV | normalized=0.015487
[TSO PROX][PF MAX] node=5, year=2025, day=Spring, period=12, type=P | delta=38.617683 MW | normalized=0.193088
[TSO PROX][ESS MAX] node=9, year=2035, day=Summer, period=15, type=P | delta=0.001511 MW | normalized=0.000302
[INFO] 		 - Updating SharedESS...
[INFO] 		 - Running Shared ESS optimization (subproblem)...
[INFO] 			 - Node 5...
[INFO] Shared ESS complementarity diagnostics for ESS node=5: ratio_max=6.310054e-06 n_periods=288 mu_final=1.202587e-11 s_obj=1.000000e-01 eps=1.000000e-05 bound=3.463452e-03 measured=2.898633e-03
[INFO] 			 - Node 7...
[INFO] Shared ESS complementarity diagnostics for ESS node=7: ratio_max=8.589296e-06 n_periods=288 mu_final=1.171487e-11 s_obj=1.000000e-01 eps=1.000000e-05 bound=3.373882e-03 measured=2.903392e-03
[INFO] 			 - Node 9...
[INFO] Shared ESS complementarity diagnostics for ESS node=9: ratio_max=7.846408e-06 n_periods=288 mu_final=1.228899e-11 s_obj=1.000000e-01 eps=1.000000e-05 bound=3.539228e-03 measured=2.896640e-03
[DIAG][PF MAX] node=5, year=2035, day=Summer, period=22, type=P | TSO=67.836542 MW, DSO=32.140521 MW, diff=35.696021 MW, rating=200.000000 MVA, normalized=0.178480, rho(TSO/DSO)=0.198000/0.198000
[INFO]		 - interface Vmag mean primal residual failed. 0.002836 > 0.001000
[INFO]		 - interface PF max primal residual failed. 0.178480 > 0.010000
[INFO]		 - interface PF mean primal residual failed. 0.061375 > 0.001000
[INFO]		 - Dual residuals ok!
[RECOURSE JUMP] cycle=2 | abs_change=2.172784e+08 | tol=1.122165e+05 | signed_change=+2.172784e+08
[RECOURSE JUMP] Reconciliation | previous=9.048869e+08 | current=1.122165e+09 | block_delta=+2.172784e+08 | mismatch=-4.768372e-07
[RECOURSE JUMP] Aggregate signed changes:
  TSO | delta=+2.836735e+08
  DSO node=9 | delta=-2.670971e+07
  DSO node=5 | delta=-2.008663e+07
  DSO node=7 | delta=-1.959878e+07
  SALVAGE | delta=+7.560839e-36
[RECOURSE JUMP] Largest 10 block changes:
  TSO node=None year=2025 day=Winter | previous=8.412965e+07 | current=1.259611e+08 | delta=+4.183148e+07 | abs_delta=4.183148e+07
    [RECOURSE JUMP][TSO PROX] year=2025 day=Winter | V max=0.015487 | PF max=0.113865 | ESS max=0.000043
    [RECOURSE COMPONENTS] gen=+4.183148e+07 | flex=+0.000000e+00 | load_curt=+0.000000e+00 | res_curt=+0.000000e+00 | ess_usage=+0.000000e+00 | slacks=-1.855440e-10 | ess_comp=+5.820850e-06
    [SLACK COMPONENTS] voltage=-1.855440e-10 | node_P=+0.000000e+00 | node_Q=+0.000000e+00 | branch_ij=+0.000000e+00 | branch_ji=+0.000000e+00 | flex_P=+0.000000e+00 | flex_Q=+0.000000e+00
    [SLACK COMPONENT CHECK] classified_delta=-1.855440e-10 | objective_slack_delta=-1.855440e-10 | mismatch=+0.000000e+00
    [RECOURSE COMPONENT CHECK] classified_delta=+4.183148e+07 | block_delta=+4.183148e+07 | mismatch=+7.450581e-09
  TSO node=None year=2025 day=Autumn | previous=7.668079e+07 | current=1.151080e+08 | delta=+3.842718e+07 | abs_delta=3.842718e+07
    [RECOURSE JUMP][TSO PROX] year=2025 day=Autumn | V max=0.014898 | PF max=0.117667 | ESS max=0.000046
    [RECOURSE COMPONENTS] gen=+3.842718e+07 | flex=+0.000000e+00 | load_curt=+0.000000e+00 | res_curt=+0.000000e+00 | ess_usage=+0.000000e+00 | slacks=-1.200533e-10 | ess_comp=+4.420492e-06
    [SLACK COMPONENTS] voltage=-1.200533e-10 | node_P=+0.000000e+00 | node_Q=+0.000000e+00 | branch_ij=+0.000000e+00 | branch_ji=+0.000000e+00 | flex_P=+0.000000e+00 | flex_Q=+0.000000e+00
    [SLACK COMPONENT CHECK] classified_delta=-1.200533e-10 | objective_slack_delta=-1.200533e-10 | mismatch=+0.000000e+00
    [RECOURSE COMPONENT CHECK] classified_delta=+3.842718e+07 | block_delta=+3.842718e+07 | mismatch=+7.450581e-09
  TSO node=None year=2025 day=Summer | previous=7.962486e+07 | current=1.153190e+08 | delta=+3.569415e+07 | abs_delta=3.569415e+07
    [RECOURSE JUMP][TSO PROX] year=2025 day=Summer | V max=0.012267 | PF max=0.141727 | ESS max=0.000046
    [RECOURSE COMPONENTS] gen=+3.569415e+07 | flex=+0.000000e+00 | load_curt=+0.000000e+00 | res_curt=+0.000000e+00 | ess_usage=+0.000000e+00 | slacks=-8.368062e-11 | ess_comp=+8.584864e-07
    [SLACK COMPONENTS] voltage=-8.368062e-11 | node_P=+0.000000e+00 | node_Q=+0.000000e+00 | branch_ij=+0.000000e+00 | branch_ji=+0.000000e+00 | flex_P=+0.000000e+00 | flex_Q=+0.000000e+00
    [SLACK COMPONENT CHECK] classified_delta=-8.368062e-11 | objective_slack_delta=-8.368062e-11 | mismatch=+0.000000e+00
    [RECOURSE COMPONENT CHECK] classified_delta=+3.569415e+07 | block_delta=+3.569415e+07 | mismatch=+7.450581e-09
  TSO node=None year=2025 day=Spring | previous=7.586566e+07 | current=1.057581e+08 | delta=+2.989239e+07 | abs_delta=2.989239e+07
    [RECOURSE JUMP][TSO PROX] year=2025 day=Spring | V max=0.012207 | PF max=0.193088 | ESS max=0.000060
    [RECOURSE COMPONENTS] gen=+2.989239e+07 | flex=+0.000000e+00 | load_curt=+0.000000e+00 | res_curt=+0.000000e+00 | ess_usage=+0.000000e+00 | slacks=+7.254641e-12 | ess_comp=+8.733725e-07
    [SLACK COMPONENTS] voltage=+7.254641e-12 | node_P=+0.000000e+00 | node_Q=+0.000000e+00 | branch_ij=+0.000000e+00 | branch_ji=+0.000000e+00 | flex_P=+0.000000e+00 | flex_Q=+0.000000e+00
    [SLACK COMPONENT CHECK] classified_delta=+7.254641e-12 | objective_slack_delta=+7.254641e-12 | mismatch=+0.000000e+00
    [RECOURSE COMPONENT CHECK] classified_delta=+2.989239e+07 | block_delta=+2.989239e+07 | mismatch=-7.450581e-09
  TSO node=None year=2030 day=Summer | previous=5.771087e+07 | current=8.047376e+07 | delta=+2.276289e+07 | abs_delta=2.276289e+07
    [RECOURSE JUMP][TSO PROX] year=2030 day=Summer | V max=0.009403 | PF max=0.100003 | ESS max=0.000053
    [RECOURSE COMPONENTS] gen=+2.276289e+07 | flex=+0.000000e+00 | load_curt=+0.000000e+00 | res_curt=+0.000000e+00 | ess_usage=+0.000000e+00 | slacks=+7.982521e-10 | ess_comp=-4.264353e-06
    [SLACK COMPONENTS] voltage=+7.982521e-10 | node_P=+0.000000e+00 | node_Q=+0.000000e+00 | branch_ij=+0.000000e+00 | branch_ji=+0.000000e+00 | flex_P=+0.000000e+00 | flex_Q=+0.000000e+00
    [SLACK COMPONENT CHECK] classified_delta=+7.982521e-10 | objective_slack_delta=+7.982521e-10 | mismatch=+0.000000e+00
    [RECOURSE COMPONENT CHECK] classified_delta=+2.276289e+07 | block_delta=+2.276289e+07 | mismatch=-1.117587e-08
  TSO node=None year=2030 day=Winter | previous=4.105169e+07 | current=6.042666e+07 | delta=+1.937497e+07 | abs_delta=1.937497e+07
    [RECOURSE JUMP][TSO PROX] year=2030 day=Winter | V max=0.012930 | PF max=0.092128 | ESS max=0.000043
    [RECOURSE COMPONENTS] gen=+1.937497e+07 | flex=+0.000000e+00 | load_curt=+0.000000e+00 | res_curt=+0.000000e+00 | ess_usage=+0.000000e+00 | slacks=+6.759393e-11 | ess_comp=+4.053865e-06
    [SLACK COMPONENTS] voltage=+6.759393e-11 | node_P=+0.000000e+00 | node_Q=+0.000000e+00 | branch_ij=+0.000000e+00 | branch_ji=+0.000000e+00 | flex_P=+0.000000e+00 | flex_Q=+0.000000e+00
    [SLACK COMPONENT CHECK] classified_delta=+6.759393e-11 | objective_slack_delta=+6.759393e-11 | mismatch=+0.000000e+00
    [RECOURSE COMPONENT CHECK] classified_delta=+1.937497e+07 | block_delta=+1.937497e+07 | mismatch=-1.490116e-08
  TSO node=None year=2030 day=Spring | previous=5.573490e+07 | current=7.414023e+07 | delta=+1.840533e+07 | abs_delta=1.840533e+07
    [RECOURSE JUMP][TSO PROX] year=2030 day=Spring | V max=0.010136 | PF max=0.176865 | ESS max=0.000060
    [RECOURSE COMPONENTS] gen=+1.840533e+07 | flex=+0.000000e+00 | load_curt=+0.000000e+00 | res_curt=+0.000000e+00 | ess_usage=+0.000000e+00 | slacks=+1.596945e-10 | ess_comp=-3.070853e-06
    [SLACK COMPONENTS] voltage=+1.596945e-10 | node_P=+0.000000e+00 | node_Q=+0.000000e+00 | branch_ij=+0.000000e+00 | branch_ji=+0.000000e+00 | flex_P=+0.000000e+00 | flex_Q=+0.000000e+00
    [SLACK COMPONENT CHECK] classified_delta=+1.596945e-10 | objective_slack_delta=+1.596945e-10 | mismatch=+0.000000e+00
    [RECOURSE COMPONENT CHECK] classified_delta=+1.840533e+07 | block_delta=+1.840533e+07 | mismatch=-7.450581e-09
  TSO node=None year=2035 day=Winter | previous=3.722252e+07 | current=5.504093e+07 | delta=+1.781841e+07 | abs_delta=1.781841e+07
    [RECOURSE JUMP][TSO PROX] year=2035 day=Winter | V max=0.013350 | PF max=0.093376 | ESS max=0.000042
    [RECOURSE COMPONENTS] gen=+1.781841e+07 | flex=+0.000000e+00 | load_curt=+0.000000e+00 | res_curt=+0.000000e+00 | ess_usage=+0.000000e+00 | slacks=-1.997748e-09 | ess_comp=+6.472097e-06
    [SLACK COMPONENTS] voltage=-1.997748e-09 | node_P=+0.000000e+00 | node_Q=+0.000000e+00 | branch_ij=+0.000000e+00 | branch_ji=+0.000000e+00 | flex_P=+0.000000e+00 | flex_Q=+0.000000e+00
    [SLACK COMPONENT CHECK] classified_delta=-1.997748e-09 | objective_slack_delta=-1.997748e-09 | mismatch=+0.000000e+00
    [RECOURSE COMPONENT CHECK] classified_delta=+1.781841e+07 | block_delta=+1.781841e+07 | mismatch=-7.450581e-09
  TSO node=None year=2035 day=Summer | previous=5.511359e+07 | current=7.160025e+07 | delta=+1.648666e+07 | abs_delta=1.648666e+07
    [RECOURSE JUMP][TSO PROX] year=2035 day=Summer | V max=0.014407 | PF max=0.098422 | ESS max=0.000302
    [RECOURSE COMPONENTS] gen=+1.648666e+07 | flex=+0.000000e+00 | load_curt=+0.000000e+00 | res_curt=-0.000000e+00 | ess_usage=+0.000000e+00 | slacks=+7.344880e-11 | ess_comp=+1.223366e-06
    [SLACK COMPONENTS] voltage=+7.344880e-11 | node_P=+0.000000e+00 | node_Q=+0.000000e+00 | branch_ij=+0.000000e+00 | branch_ji=+0.000000e+00 | flex_P=+0.000000e+00 | flex_Q=+0.000000e+00
    [SLACK COMPONENT CHECK] classified_delta=+7.344880e-11 | objective_slack_delta=+7.344880e-11 | mismatch=+0.000000e+00
    [RECOURSE COMPONENT CHECK] classified_delta=+1.648666e+07 | block_delta=+1.648666e+07 | mismatch=-5.587935e-09
  TSO node=None year=2035 day=Spring | previous=6.168699e+07 | current=7.749537e+07 | delta=+1.580838e+07 | abs_delta=1.580838e+07
    [RECOURSE JUMP][TSO PROX] year=2035 day=Spring | V max=0.011832 | PF max=0.156987 | ESS max=0.000076
    [RECOURSE COMPONENTS] gen=+1.580838e+07 | flex=+0.000000e+00 | load_curt=+0.000000e+00 | res_curt=+0.000000e+00 | ess_usage=+0.000000e+00 | slacks=+1.927773e-10 | ess_comp=-3.193558e-06
    [SLACK COMPONENTS] voltage=+1.927773e-10 | node_P=+0.000000e+00 | node_Q=+0.000000e+00 | branch_ij=+0.000000e+00 | branch_ji=+0.000000e+00 | flex_P=+0.000000e+00 | flex_Q=+0.000000e+00
    [SLACK COMPONENT CHECK] classified_delta=+1.927773e-10 | objective_slack_delta=+1.927773e-10 | mismatch=+0.000000e+00
    [RECOURSE COMPONENT CHECK] classified_delta=+1.580838e+07 | block_delta=+1.580838e+07 | mismatch=-1.303852e-08
[INFO]		 - Recourse stationarity failed. 217278393.034991 > 112216.529075
[ADMM RHO] V | primal max ratio=0.844 | primal mean ratio=2.836 | primal selected=2.836 | dual mean ratio=0.010 | increase threshold=5.0 | decrease threshold=5.0 | action=held
[ADMM RHO BOYD] V | r=9.865669e-02 | s=3.205643e-03 | eps_pri=3.259194e-03 | eps_dual=2.941654e-04 | primal_ratio=3.027027e+01 | dual_ratio=1.089742e+01 | dual_ratio_balance=7.705637e+00 | rho_before=1.155000e-02 | rho_after=1.155000e-02 | gamma_before=1.155000e-02 | gamma_after=1.155000e-02 | action=held
[ADMM RHO] PF | primal max ratio=17.848 | primal mean ratio=61.375 | primal selected=61.375 | dual mean ratio=0.987 | increase threshold=5.0 | decrease threshold=3.0 | action=held
[ADMM RHO BOYD] PF | r=2.815491e+00 | s=7.135914e-01 | eps_pri=1.421824e-03 | eps_dual=4.682996e-04 | primal_ratio=1.980196e+03 | dual_ratio=1.523792e+03 | dual_ratio_balance=1.077484e+03 | rho_before=1.980000e-01 | rho_after=1.980000e-01 | gamma_before=1.980000e-01 | gamma_after=1.980000e-01 | action=held
[ADMM RHO] ESS | primal max ratio=0.001 | primal mean ratio=0.001 | primal selected=0.001 | dual mean ratio=0.000 | increase threshold=5.0 | decrease threshold=5.0 | action=held
[ADMM RHO BOYD] ESS | r=1.201659e-03 | s=2.783156e-04 | eps_pri=1.300235e-03 | eps_dual=7.200364e-04 | primal_ratio=9.241859e-01 | dual_ratio=3.865298e-01 | dual_ratio_balance=3.152677e-01 | rho_before=1.687500e-01 | rho_after=1.687500e-01 | gamma_before=1.687500e-01 | gamma_after=1.687500e-01 | action=held
[INFO]		 - ADMM cycle 2 | Primal (V max/mean | PF max/mean | ESS max/mean) = 0.008436/0.002836 | 0.178480/0.061375 | 0.000102/0.000012 | Dual (V max/mean | PF max/mean | ESS max/mean) = 0.000337/0.000095 | 0.063679/0.009873 | 0.000015/0.000002 | Recourse change = 217278393.034991 (tol. 112216.529075) | Stable cycles = 0/3 | Penalty actions (V/PF/ESS) = held/held/held
[INFO] 	 - Iteration 2: 38.02 s
[WARNING] 	 - ADMM did NOT converge in 2 iterations!
[INFO] 	 - Execution time: 97.16 s
