00:32:07 [W142-EXT-RUN-e_c2] memory preflight: available 18.403961181640625 GiB required 3.50 GiB -> PASS
00:32:07 [W142-EXT-RUN-e_c2] P5.15 Addendum 61, W142 -- the W135 re-settling extension re-frozen against v6 (7 cells): the ageing E arms as model variants of the ageing law on the current ESS parameters file (minimum SoH 0.70, not overridden), ungated first evaluations at the unit; pb_y2025_n5 replayed bitwise against its original record through k0 = 110; the certifying regime held after the run's first residual pass (AA off, tight tail on, rho frozen); settling rule v6 (v5 -- certification vetoed while a NON-CLEAN cycle lies in the last W cycles the test reads; clean = Optimal, or Acceptable on the primary attempt with all four IPOPT metrics within 10x the tail tolerances -- with the swing noise floor tau/10) until it certifies or the cap; W105 captures, t_sum, Q_cc, the IPOPT exit, final attempt tier and final metrics of every block, the SoH-floor sidecar and the terminal ageing trajectory; cell e_c2 (#2) eval_key ba969ad21c1831ab4e881a768fda1f678441ebbe6ee46aca414b1bf483450038; cap 300; lock {'pid': 79800, 'campaign_id': 's53_w142_resettle_ext_v6_e_c2', 'campaign_spec_sha256': '9f676e06d3e324b7edeb31128ed222522ae2c3902bc1cda614c2a827d0ca8967', 'started_utc': '2026-10-04T00:32:07.767656+00:00'}
00:32:07 [S44-HARNESS] launched e_c2 (key db77e1549af855bc) pid=80145
00:32:07 [S44-HARNESS] heartbeat e_c2: 0s cycle=None
00:33:07 [S44-HARNESS] heartbeat e_c2: 60s cycle=None
00:34:07 [S44-HARNESS] heartbeat e_c2: 120s cycle=3
00:35:07 [S44-HARNESS] heartbeat e_c2: 180s cycle=5
00:36:07 [S44-HARNESS] heartbeat e_c2: 240s cycle=7
00:37:07 [S44-HARNESS] heartbeat e_c2: 300s cycle=9
00:38:07 [S44-HARNESS] heartbeat e_c2: 360s cycle=12
00:39:07 [S44-HARNESS] heartbeat e_c2: 420s cycle=14
00:40:07 [S44-HARNESS] heartbeat e_c2: 480s cycle=16
00:41:07 [S44-HARNESS] heartbeat e_c2: 540s cycle=19
00:42:08 [S44-HARNESS] heartbeat e_c2: 600s cycle=21
00:43:08 [S44-HARNESS] heartbeat e_c2: 660s cycle=24
00:44:08 [S44-HARNESS] heartbeat e_c2: 720s cycle=26
00:45:08 [S44-HARNESS] heartbeat e_c2: 780s cycle=28
00:46:08 [S44-HARNESS] heartbeat e_c2: 840s cycle=31
00:47:08 [S44-HARNESS] heartbeat e_c2: 900s cycle=33
00:48:08 [S44-HARNESS] heartbeat e_c2: 960s cycle=35
00:49:08 [S44-HARNESS] heartbeat e_c2: 1020s cycle=38
00:50:08 [S44-HARNESS] heartbeat e_c2: 1080s cycle=40
00:51:08 [S44-HARNESS] heartbeat e_c2: 1140s cycle=43
00:52:08 [S44-HARNESS] heartbeat e_c2: 1200s cycle=45
00:53:08 [S44-HARNESS] heartbeat e_c2: 1261s cycle=47
00:54:08 [S44-HARNESS] heartbeat e_c2: 1321s cycle=50
00:55:08 [S44-HARNESS] heartbeat e_c2: 1381s cycle=52
00:56:08 [S44-HARNESS] heartbeat e_c2: 1441s cycle=55
00:57:08 [S44-HARNESS] heartbeat e_c2: 1501s cycle=57
00:58:08 [S44-HARNESS] heartbeat e_c2: 1561s cycle=59
00:59:08 [S44-HARNESS] heartbeat e_c2: 1621s cycle=62
01:00:08 [S44-HARNESS] heartbeat e_c2: 1681s cycle=64
01:01:08 [S44-HARNESS] heartbeat e_c2: 1741s cycle=67
01:02:08 [S44-HARNESS] heartbeat e_c2: 1801s cycle=69
01:03:08 [S44-HARNESS] heartbeat e_c2: 1861s cycle=71
01:04:08 [S44-HARNESS] heartbeat e_c2: 1921s cycle=74
01:05:08 [S44-HARNESS] heartbeat e_c2: 1981s cycle=76
01:06:08 [S44-HARNESS] heartbeat e_c2: 2041s cycle=78
01:07:08 [S44-HARNESS] heartbeat e_c2: 2101s cycle=81
01:08:08 [S44-HARNESS] heartbeat e_c2: 2161s cycle=83
01:09:08 [S44-HARNESS] heartbeat e_c2: 2221s cycle=86
01:10:08 [S44-HARNESS] heartbeat e_c2: 2281s cycle=88
01:11:08 [S44-HARNESS] heartbeat e_c2: 2341s cycle=90
01:12:08 [S44-HARNESS] heartbeat e_c2: 2401s cycle=93
01:13:08 [S44-HARNESS] heartbeat e_c2: 2461s cycle=95
01:14:08 [S44-HARNESS] heartbeat e_c2: 2521s cycle=98
01:15:08 [S44-HARNESS] heartbeat e_c2: 2581s cycle=100
01:16:08 [S44-HARNESS] heartbeat e_c2: 2641s cycle=102
01:17:08 [S44-HARNESS] heartbeat e_c2: 2701s cycle=105
01:18:08 [S44-HARNESS] heartbeat e_c2: 2761s cycle=107
01:19:08 [S44-HARNESS] heartbeat e_c2: 2821s cycle=109
01:20:08 [S44-HARNESS] heartbeat e_c2: 2881s cycle=112
01:21:08 [S44-HARNESS] heartbeat e_c2: 2941s cycle=114
01:22:08 [S44-HARNESS] heartbeat e_c2: 3001s cycle=116
01:23:09 [S44-HARNESS] heartbeat e_c2: 3061s cycle=119
01:24:09 [S44-HARNESS] heartbeat e_c2: 3121s cycle=121
01:25:09 [S44-HARNESS] heartbeat e_c2: 3181s cycle=124
01:26:09 [S44-HARNESS] heartbeat e_c2: 3241s cycle=126
01:27:09 [S44-HARNESS] heartbeat e_c2: 3301s cycle=128
01:28:09 [S44-HARNESS] heartbeat e_c2: 3361s cycle=131
01:29:09 [S44-HARNESS] heartbeat e_c2: 3421s cycle=133
01:30:09 [S44-HARNESS] heartbeat e_c2: 3481s cycle=135
01:31:09 [S44-HARNESS] heartbeat e_c2: 3541s cycle=138
01:32:09 [S44-HARNESS] heartbeat e_c2: 3601s cycle=140
01:33:09 [S44-HARNESS] heartbeat e_c2: 3661s cycle=142
01:34:09 [S44-HARNESS] heartbeat e_c2: 3722s cycle=145
01:35:09 [S44-HARNESS] heartbeat e_c2: 3782s cycle=147
01:36:09 [S44-HARNESS] heartbeat e_c2: 3842s cycle=149
01:37:09 [S44-HARNESS] heartbeat e_c2: 3902s cycle=152
01:38:09 [S44-HARNESS] heartbeat e_c2: 3962s cycle=154
01:39:09 [S44-HARNESS] heartbeat e_c2: 4022s cycle=156
01:40:09 [S44-HARNESS] heartbeat e_c2: 4082s cycle=159
01:41:09 [S44-HARNESS] heartbeat e_c2: 4142s cycle=161
01:42:09 [S44-HARNESS] heartbeat e_c2: 4202s cycle=163
01:43:09 [S44-HARNESS] heartbeat e_c2: 4262s cycle=166
01:44:09 [S44-HARNESS] heartbeat e_c2: 4322s cycle=168
01:45:09 [S44-HARNESS] heartbeat e_c2: 4382s cycle=170
01:45:54 [S44-HARNESS] finished e_c2 pid=80145 exit=0 status=certified wall=4427s
01:46:01 [W142-EXT-RUN-e_c2] gates {'G1_harness_clean': True, 'G2_eval_key': True, 'G3_append_reconcile': True, 'G4_tail_state_check': True, 'G5_solve_profile_reconciled_per_event': True, 'G6_v37_optimal_and_four_metrics': True, 'G7_append_sealed': True, 'G8_persistence_on_production_certificate': True, 'G9v_variant_readback_and_floor': True, 'G11_acceptance_cross_check': True, 'G13_holds_inert_through_first_pass_held_after': True, 'G14_all_block_capture': True, 'G15_stopping_consistent': True, 'G16_lambda_sidecar_complete': True, 'G17_rule_v6_replay_reproduces_in_cycle': True, 'G18_line_fields_every_cycle': True, 'G20_production_counters_in_per_cycle_record': True, 'G21_creep_captures_complete': True, 'G22_t_sum_in_cycle_equals_stride_and_terminal': True, 'G23_overlap_recorded': True, 'G24_exit_capture_equals_the_solve_records_and_esso_logs': True, 'G24b_clean_capture_equals_the_solve_records_and_esso_logs': True, 'G25_record_status_follows_the_settling_decision': True, 'G26_floor_sidecar_end_cycle': True, 'G27_ageing_trajectory_terminal': True}
01:46:01 [W142-EXT-RUN-e_c2] settling v6: status certified k* 172 branch oscillatory band_width 4099.770196080208 Q_end 653587352.4153233 t_sum(end) 429.6346047334476 k0_run 111 non-clean cycles [30] cycles 172 floor_year None AE 0.8882162577808105 record status certified
01:46:01 [W142-EXT] guards {'w142_ext_checks': {'counts': {'permitted_solve': 0, 'permitted_exec': 0, 'blocked_solve': 0, 'blocked_exec': 0}, 'verify_0_failures': []}, 'w142_checks': {'counts': {'permitted_solve': 0, 'permitted_exec': 0, 'blocked_solve': 0, 'blocked_exec': 0}, 'verify_0_failures': []}, 'w139_checks': {'counts': {'permitted_solve': 0, 'permitted_exec': 0, 'blocked_solve': 0, 'blocked_exec': 0}, 'verify_0_failures': []}, 'w137_checks': {'counts': {'permitted_solve': 0, 'permitted_exec': 0, 'blocked_solve': 0, 'blocked_exec': 0}, 'verify_0_failures': []}, 'w132_checks': {'counts': {'permitted_solve': 0, 'permitted_exec': 0, 'blocked_solve': 0, 'blocked_exec': 0}, 'verify_0_failures': []}, 'w118_checks': {'counts': {'permitted_solve': 0, 'permitted_exec': 0, 'blocked_solve': 0, 'blocked_exec': 0}, 'verify_0_failures': []}, 'w105_checks_imported': {'counts': {'permitted_solve': 0, 'permitted_exec': 0, 'blocked_solve': 0, 'blocked_exec': 0}, 'verify_0_failures': []}, 'w101_checks_imported': {'counts': {'permitted_solve': 0, 'permitted_exec': 0, 'blocked_solve': 0, 'blocked_exec': 0}, 'verify_0_failures': []}, 'w98_checks_imported': {'counts': {'permitted_solve': 0, 'permitted_exec': 0, 'blocked_solve': 0, 'blocked_exec': 0}, 'verify_0_failures': []}, 'w112_imported': {'counts': {'permitted_solve': 0, 'permitted_exec': 0, 'blocked_solve': 0, 'blocked_exec': 0}, 'verify_0_failures': []}, 'w141_swing_variants': {'counts': {'permitted_solve': 0, 'permitted_exec': 0, 'blocked_solve': 0, 'blocked_exec': 0}, 'verify_0_failures': []}, 'w139_v5_from_records': {'counts': {'permitted_solve': 0, 'permitted_exec': 0, 'blocked_solve': 0, 'blocked_exec': 0}, 'verify_0_failures': []}, 'w131_imported': {'counts': {'permitted_solve': 0, 'permitted_exec': 0, 'blocked_solve': 0, 'blocked_exec': 0}, 'verify_0_failures': []}, 'w137_ra_imported': {'counts': {'permitted_solve': 0, 'permitted_exec': 0, 'blocked_solve': 0, 'blocked_exec': 0}, 'verify_0_failures': []}, 'w135_checks': {'counts': {'permitted_solve': 0, 'permitted_exec': 0, 'blocked_solve': 0, 'blocked_exec': 0}, 'verify_0_failures': []}, 's46_variant_checks_imported': {'counts': {'permitted_solve': 0, 'permitted_exec': 0, 'blocked_solve': 0, 'blocked_exec': 0}, 'verify_0_failures': []}, 'alpha_row_launcher': {'counts': {'permitted_solve': 0, 'permitted_exec': 0, 'blocked_solve': 0, 'blocked_exec': 0}, 'verify_0_failures': []}, 'w86_launcher': {'counts': {'permitted_solve': 0, 'permitted_exec': 0, 'blocked_solve': 0, 'blocked_exec': 0}, 'verify_0_failures': []}, 'w87': {'counts': {'permitted_solve': 0, 'permitted_exec': 0, 'blocked_solve': 0, 'blocked_exec': 0}, 'verify_0_failures': []}, 'w88': {'counts': {'permitted_solve': 0, 'permitted_exec': 0, 'blocked_solve': 0, 'blocked_exec': 0}, 'verify_0_failures': []}, 'w89_step1': {'counts': {'permitted_solve': 0, 'permitted_exec': 0, 'blocked_solve': 0, 'blocked_exec': 0}, 'verify_0_failures': []}, 'w89_3x3_launcher': {'counts': {'permitted_solve': 0, 'permitted_exec': 0, 'blocked_solve': 0, 'blocked_exec': 0}, 'verify_0_failures': []}, 'w90_3x3_parent': {'counts': {'permitted_solve': 0, 'permitted_exec': 0, 'blocked_solve': 0, 'blocked_exec': 0}, 'verify_0_failures': []}, 'w98_parent': {'counts': {'permitted_solve': 0, 'permitted_exec': 0, 'blocked_solve': 0, 'blocked_exec': 0}, 'verify_0_failures': []}, 'w101_parent': {'counts': {'permitted_solve': 0, 'permitted_exec': 0, 'blocked_solve': 0, 'blocked_exec': 0}, 'verify_0_failures': []}, 'w118_parent': {'counts': {'permitted_solve': 0, 'permitted_exec': 0, 'blocked_solve': 0, 'blocked_exec': 0}, 'verify_0_failures': []}, 'w132_parent': {'counts': {'permitted_solve': 0, 'permitted_exec': 0, 'blocked_solve': 0, 'blocked_exec': 0}, 'verify_0_failures': []}, 'w137_parent': {'counts': {'permitted_solve': 0, 'permitted_exec': 0, 'blocked_solve': 0, 'blocked_exec': 0}, 'verify_0_failures': []}, 'w139_parent': {'counts': {'permitted_solve': 0, 'permitted_exec': 0, 'blocked_solve': 0, 'blocked_exec': 0}, 'verify_0_failures': []}, 'w142_parent': {'counts': {'permitted_solve': 0, 'permitted_exec': 0, 'blocked_solve': 0, 'blocked_exec': 0}, 'verify_0_failures': []}, 's46_ageing_mechanism_imported': {'counts': {'permitted_solve': 0, 'permitted_exec': 0, 'blocked_solve': 0, 'blocked_exec': 0}, 'verify_0_failures': []}, 'w142_ext_parent': {'counts': {'permitted_solve': 0, 'permitted_exec': 0, 'blocked_solve': 0, 'blocked_exec': 0}, 'verify_0_failures': []}} wall=4475s
