07:00:26 [W142-EXT-RUN-pb_y2025_n5_v6] memory preflight: available 18.7103271484375 GiB required 3.50 GiB -> PASS
07:00:26 [W142-EXT-RUN-pb_y2025_n5_v6] P5.15 Addendum 61, W142 -- the W135 re-settling extension re-frozen against v6 (7 cells): the ageing E arms as model variants of the ageing law on the current ESS parameters file (minimum SoH 0.70, not overridden), ungated first evaluations at the unit; pb_y2025_n5 replayed bitwise against its original record through k0 = 110; the certifying regime held after the run's first residual pass (AA off, tight tail on, rho frozen); settling rule v6 (v5 -- certification vetoed while a NON-CLEAN cycle lies in the last W cycles the test reads; clean = Optimal, or Acceptable on the primary attempt with all four IPOPT metrics within 10x the tail tolerances -- with the swing noise floor tau/10) until it certifies or the cap; W105 captures, t_sum, Q_cc, the IPOPT exit, final attempt tier and final metrics of every block, the SoH-floor sidecar and the terminal ageing trajectory; cell pb_y2025_n5_v6 (#7) eval_key be95e57603437a0692818d82eda1b7221ed414b1924443ccb2f45affb51f80ad; cap 219; lock {'pid': 36881, 'campaign_id': 's53_w142_resettle_ext_v6_pb_y2025_n5_v6', 'campaign_spec_sha256': 'dafacff3668b6c811184deb4f51b98dc869831e6efe8376b6781eef7122e5275', 'started_utc': '2026-10-04T07:00:26.009504+00:00'}
07:00:26 [S44-HARNESS] launched pb_y2025_n5_v6 (key 33031c083b68c655) pid=37188
07:00:26 [S44-HARNESS] heartbeat pb_y2025_n5_v6: 0s cycle=None
07:01:26 [S44-HARNESS] heartbeat pb_y2025_n5_v6: 60s cycle=None
07:02:26 [S44-HARNESS] heartbeat pb_y2025_n5_v6: 120s cycle=3
07:03:26 [S44-HARNESS] heartbeat pb_y2025_n5_v6: 180s cycle=5
07:04:26 [S44-HARNESS] heartbeat pb_y2025_n5_v6: 240s cycle=7
07:05:26 [S44-HARNESS] heartbeat pb_y2025_n5_v6: 300s cycle=9
07:06:26 [S44-HARNESS] heartbeat pb_y2025_n5_v6: 360s cycle=11
07:07:26 [S44-HARNESS] heartbeat pb_y2025_n5_v6: 420s cycle=14
07:08:26 [S44-HARNESS] heartbeat pb_y2025_n5_v6: 480s cycle=16
07:09:26 [S44-HARNESS] heartbeat pb_y2025_n5_v6: 540s cycle=18
07:10:26 [S44-HARNESS] heartbeat pb_y2025_n5_v6: 600s cycle=20
07:11:26 [S44-HARNESS] heartbeat pb_y2025_n5_v6: 660s cycle=23
07:12:26 [S44-HARNESS] heartbeat pb_y2025_n5_v6: 720s cycle=25
07:13:26 [S44-HARNESS] heartbeat pb_y2025_n5_v6: 780s cycle=28
07:14:26 [S44-HARNESS] heartbeat pb_y2025_n5_v6: 840s cycle=30
07:15:26 [S44-HARNESS] heartbeat pb_y2025_n5_v6: 900s cycle=32
07:16:26 [S44-HARNESS] heartbeat pb_y2025_n5_v6: 960s cycle=35
07:17:26 [S44-HARNESS] heartbeat pb_y2025_n5_v6: 1020s cycle=37
07:18:26 [S44-HARNESS] heartbeat pb_y2025_n5_v6: 1080s cycle=40
07:19:26 [S44-HARNESS] heartbeat pb_y2025_n5_v6: 1140s cycle=42
07:20:26 [S44-HARNESS] heartbeat pb_y2025_n5_v6: 1200s cycle=45
07:21:26 [S44-HARNESS] heartbeat pb_y2025_n5_v6: 1261s cycle=47
07:22:26 [S44-HARNESS] heartbeat pb_y2025_n5_v6: 1321s cycle=49
07:23:26 [S44-HARNESS] heartbeat pb_y2025_n5_v6: 1381s cycle=52
07:24:26 [S44-HARNESS] heartbeat pb_y2025_n5_v6: 1441s cycle=54
07:25:26 [S44-HARNESS] heartbeat pb_y2025_n5_v6: 1501s cycle=57
07:26:26 [S44-HARNESS] heartbeat pb_y2025_n5_v6: 1561s cycle=59
07:27:26 [S44-HARNESS] heartbeat pb_y2025_n5_v6: 1621s cycle=62
07:28:26 [S44-HARNESS] heartbeat pb_y2025_n5_v6: 1681s cycle=64
07:29:26 [S44-HARNESS] heartbeat pb_y2025_n5_v6: 1741s cycle=67
07:30:26 [S44-HARNESS] heartbeat pb_y2025_n5_v6: 1801s cycle=69
07:31:26 [S44-HARNESS] heartbeat pb_y2025_n5_v6: 1861s cycle=72
07:32:26 [S44-HARNESS] heartbeat pb_y2025_n5_v6: 1921s cycle=74
07:33:26 [S44-HARNESS] heartbeat pb_y2025_n5_v6: 1981s cycle=77
07:34:26 [S44-HARNESS] heartbeat pb_y2025_n5_v6: 2041s cycle=79
07:35:26 [S44-HARNESS] heartbeat pb_y2025_n5_v6: 2101s cycle=81
07:36:26 [S44-HARNESS] heartbeat pb_y2025_n5_v6: 2161s cycle=84
07:37:26 [S44-HARNESS] heartbeat pb_y2025_n5_v6: 2221s cycle=86
07:38:26 [S44-HARNESS] heartbeat pb_y2025_n5_v6: 2281s cycle=89
07:39:26 [S44-HARNESS] heartbeat pb_y2025_n5_v6: 2341s cycle=91
07:40:26 [S44-HARNESS] heartbeat pb_y2025_n5_v6: 2401s cycle=94
07:41:27 [S44-HARNESS] heartbeat pb_y2025_n5_v6: 2461s cycle=96
07:42:27 [S44-HARNESS] heartbeat pb_y2025_n5_v6: 2521s cycle=99
07:43:27 [S44-HARNESS] heartbeat pb_y2025_n5_v6: 2581s cycle=101
07:44:27 [S44-HARNESS] heartbeat pb_y2025_n5_v6: 2641s cycle=103
07:45:27 [S44-HARNESS] heartbeat pb_y2025_n5_v6: 2701s cycle=106
07:46:27 [S44-HARNESS] heartbeat pb_y2025_n5_v6: 2761s cycle=108
07:47:27 [S44-HARNESS] heartbeat pb_y2025_n5_v6: 2821s cycle=111
07:48:27 [S44-HARNESS] heartbeat pb_y2025_n5_v6: 2881s cycle=113
07:49:27 [S44-HARNESS] heartbeat pb_y2025_n5_v6: 2941s cycle=116
07:50:27 [S44-HARNESS] heartbeat pb_y2025_n5_v6: 3001s cycle=118
07:51:27 [S44-HARNESS] heartbeat pb_y2025_n5_v6: 3061s cycle=120
07:52:27 [S44-HARNESS] heartbeat pb_y2025_n5_v6: 3121s cycle=123
07:53:27 [S44-HARNESS] heartbeat pb_y2025_n5_v6: 3181s cycle=125
07:54:27 [S44-HARNESS] heartbeat pb_y2025_n5_v6: 3241s cycle=127
07:55:27 [S44-HARNESS] heartbeat pb_y2025_n5_v6: 3301s cycle=130
07:56:27 [S44-HARNESS] heartbeat pb_y2025_n5_v6: 3361s cycle=132
07:57:27 [S44-HARNESS] heartbeat pb_y2025_n5_v6: 3421s cycle=135
07:58:27 [S44-HARNESS] heartbeat pb_y2025_n5_v6: 3481s cycle=137
07:59:27 [S44-HARNESS] heartbeat pb_y2025_n5_v6: 3541s cycle=139
08:00:27 [S44-HARNESS] heartbeat pb_y2025_n5_v6: 3601s cycle=142
08:01:27 [S44-HARNESS] heartbeat pb_y2025_n5_v6: 3661s cycle=144
08:02:27 [S44-HARNESS] heartbeat pb_y2025_n5_v6: 3722s cycle=147
08:03:27 [S44-HARNESS] heartbeat pb_y2025_n5_v6: 3782s cycle=149
08:04:27 [S44-HARNESS] heartbeat pb_y2025_n5_v6: 3842s cycle=151
08:05:27 [S44-HARNESS] heartbeat pb_y2025_n5_v6: 3902s cycle=154
08:06:27 [S44-HARNESS] heartbeat pb_y2025_n5_v6: 3962s cycle=156
08:07:27 [S44-HARNESS] heartbeat pb_y2025_n5_v6: 4022s cycle=158
08:08:27 [S44-HARNESS] heartbeat pb_y2025_n5_v6: 4082s cycle=161
08:09:27 [S44-HARNESS] heartbeat pb_y2025_n5_v6: 4142s cycle=163
08:10:27 [S44-HARNESS] heartbeat pb_y2025_n5_v6: 4202s cycle=165
08:11:27 [S44-HARNESS] heartbeat pb_y2025_n5_v6: 4262s cycle=168
08:12:27 [S44-HARNESS] heartbeat pb_y2025_n5_v6: 4322s cycle=170
08:13:27 [S44-HARNESS] heartbeat pb_y2025_n5_v6: 4382s cycle=173
08:14:27 [S44-HARNESS] heartbeat pb_y2025_n5_v6: 4442s cycle=175
08:15:27 [S44-HARNESS] heartbeat pb_y2025_n5_v6: 4502s cycle=177
08:16:27 [S44-HARNESS] heartbeat pb_y2025_n5_v6: 4562s cycle=180
08:17:27 [S44-HARNESS] heartbeat pb_y2025_n5_v6: 4622s cycle=182
08:18:27 [S44-HARNESS] heartbeat pb_y2025_n5_v6: 4682s cycle=184
08:19:27 [S44-HARNESS] heartbeat pb_y2025_n5_v6: 4742s cycle=187
08:20:27 [S44-HARNESS] heartbeat pb_y2025_n5_v6: 4802s cycle=189
08:21:28 [S44-HARNESS] heartbeat pb_y2025_n5_v6: 4862s cycle=192
08:22:28 [S44-HARNESS] heartbeat pb_y2025_n5_v6: 4922s cycle=194
08:23:28 [S44-HARNESS] heartbeat pb_y2025_n5_v6: 4982s cycle=196
08:24:28 [S44-HARNESS] heartbeat pb_y2025_n5_v6: 5042s cycle=199
08:24:43 [S44-HARNESS] finished pb_y2025_n5_v6 pid=37188 exit=0 status=certified wall=5057s
08:24:50 [W142-EXT-RUN-pb_y2025_n5_v6] gates {'G1_harness_clean': True, 'G2_eval_key': True, 'G3_append_reconcile': True, 'G4_tail_state_check': True, 'G5_solve_profile_reconciled_per_event': True, 'G6_v37_optimal_and_four_metrics': True, 'G7_append_sealed': True, 'G8_persistence_on_production_certificate': True, 'G9_ess_ageing_readback': True, 'G11_acceptance_cross_check': True, 'G13_holds_inert_through_first_pass_held_after': True, 'G14_all_block_capture': True, 'G15_stopping_consistent': True, 'G16_lambda_sidecar_complete': True, 'G17_rule_v6_replay_reproduces_in_cycle': True, 'G18_line_fields_every_cycle': True, 'G19_replay_bitwise_1_k0_every_field': True, 'G20_production_counters_in_per_cycle_record': True, 'G21_creep_captures_complete': True, 'G22_t_sum_in_cycle_equals_stride_and_terminal': True, 'G23_overlap_recorded': True, 'G24_exit_capture_equals_the_solve_records_and_esso_logs': True, 'G24b_clean_capture_equals_the_solve_records_and_esso_logs': True, 'G25_record_status_follows_the_settling_decision': True, 'G26_floor_sidecar_end_cycle': True}
08:24:50 [W142-EXT-RUN-pb_y2025_n5_v6] settling v6: status certified k* 199 branch oscillatory band_width 716.8192051649094 Q_end 653732376.7483528 t_sum(end) 248.28444732587155 k0_run 110 non-clean cycles [167] cycles 199 floor_year 2035 AE None record status certified
08:24:50 [W142-EXT-RUN-pb_y2025_n5_v6] CLAIM-COMPLETION POINT after #7 pb_y2025_n5_v6: items ['C'] complete -- report (Addendum 58). Scorer: cd /Users/micaelsimoes/Projects/share-resource-planning-no_esso-degradation && set -o noclobber && /Users/micaelsimoes/miniconda3/envs/opf_env_py311/bin/python -u p515_s53_w142_resettle_ext_v6_campaign.py --summarize --after-cell pb_y2025_n5_v6 > data/SRP1/Results/P515S53/w142_resettle_ext_v6/summarize_after_pb_y2025_n5_v6_launch.log 2>&1
08:24:50 [W142-EXT] guards {'w142_ext_checks': {'counts': {'permitted_solve': 0, 'permitted_exec': 0, 'blocked_solve': 0, 'blocked_exec': 0}, 'verify_0_failures': []}, 'w142_checks': {'counts': {'permitted_solve': 0, 'permitted_exec': 0, 'blocked_solve': 0, 'blocked_exec': 0}, 'verify_0_failures': []}, 'w139_checks': {'counts': {'permitted_solve': 0, 'permitted_exec': 0, 'blocked_solve': 0, 'blocked_exec': 0}, 'verify_0_failures': []}, 'w137_checks': {'counts': {'permitted_solve': 0, 'permitted_exec': 0, 'blocked_solve': 0, 'blocked_exec': 0}, 'verify_0_failures': []}, 'w132_checks': {'counts': {'permitted_solve': 0, 'permitted_exec': 0, 'blocked_solve': 0, 'blocked_exec': 0}, 'verify_0_failures': []}, 'w118_checks': {'counts': {'permitted_solve': 0, 'permitted_exec': 0, 'blocked_solve': 0, 'blocked_exec': 0}, 'verify_0_failures': []}, 'w105_checks_imported': {'counts': {'permitted_solve': 0, 'permitted_exec': 0, 'blocked_solve': 0, 'blocked_exec': 0}, 'verify_0_failures': []}, 'w101_checks_imported': {'counts': {'permitted_solve': 0, 'permitted_exec': 0, 'blocked_solve': 0, 'blocked_exec': 0}, 'verify_0_failures': []}, 'w98_checks_imported': {'counts': {'permitted_solve': 0, 'permitted_exec': 0, 'blocked_solve': 0, 'blocked_exec': 0}, 'verify_0_failures': []}, 'w112_imported': {'counts': {'permitted_solve': 0, 'permitted_exec': 0, 'blocked_solve': 0, 'blocked_exec': 0}, 'verify_0_failures': []}, 'w141_swing_variants': {'counts': {'permitted_solve': 0, 'permitted_exec': 0, 'blocked_solve': 0, 'blocked_exec': 0}, 'verify_0_failures': []}, 'w139_v5_from_records': {'counts': {'permitted_solve': 0, 'permitted_exec': 0, 'blocked_solve': 0, 'blocked_exec': 0}, 'verify_0_failures': []}, 'w131_imported': {'counts': {'permitted_solve': 0, 'permitted_exec': 0, 'blocked_solve': 0, 'blocked_exec': 0}, 'verify_0_failures': []}, 'w137_ra_imported': {'counts': {'permitted_solve': 0, 'permitted_exec': 0, 'blocked_solve': 0, 'blocked_exec': 0}, 'verify_0_failures': []}, 'w135_checks': {'counts': {'permitted_solve': 0, 'permitted_exec': 0, 'blocked_solve': 0, 'blocked_exec': 0}, 'verify_0_failures': []}, 's46_variant_checks_imported': {'counts': {'permitted_solve': 0, 'permitted_exec': 0, 'blocked_solve': 0, 'blocked_exec': 0}, 'verify_0_failures': []}, 'alpha_row_launcher': {'counts': {'permitted_solve': 0, 'permitted_exec': 0, 'blocked_solve': 0, 'blocked_exec': 0}, 'verify_0_failures': []}, 'w86_launcher': {'counts': {'permitted_solve': 0, 'permitted_exec': 0, 'blocked_solve': 0, 'blocked_exec': 0}, 'verify_0_failures': []}, 'w87': {'counts': {'permitted_solve': 0, 'permitted_exec': 0, 'blocked_solve': 0, 'blocked_exec': 0}, 'verify_0_failures': []}, 'w88': {'counts': {'permitted_solve': 0, 'permitted_exec': 0, 'blocked_solve': 0, 'blocked_exec': 0}, 'verify_0_failures': []}, 'w89_step1': {'counts': {'permitted_solve': 0, 'permitted_exec': 0, 'blocked_solve': 0, 'blocked_exec': 0}, 'verify_0_failures': []}, 'w89_3x3_launcher': {'counts': {'permitted_solve': 0, 'permitted_exec': 0, 'blocked_solve': 0, 'blocked_exec': 0}, 'verify_0_failures': []}, 'w90_3x3_parent': {'counts': {'permitted_solve': 0, 'permitted_exec': 0, 'blocked_solve': 0, 'blocked_exec': 0}, 'verify_0_failures': []}, 'w98_parent': {'counts': {'permitted_solve': 0, 'permitted_exec': 0, 'blocked_solve': 0, 'blocked_exec': 0}, 'verify_0_failures': []}, 'w101_parent': {'counts': {'permitted_solve': 0, 'permitted_exec': 0, 'blocked_solve': 0, 'blocked_exec': 0}, 'verify_0_failures': []}, 'w118_parent': {'counts': {'permitted_solve': 0, 'permitted_exec': 0, 'blocked_solve': 0, 'blocked_exec': 0}, 'verify_0_failures': []}, 'w132_parent': {'counts': {'permitted_solve': 0, 'permitted_exec': 0, 'blocked_solve': 0, 'blocked_exec': 0}, 'verify_0_failures': []}, 'w137_parent': {'counts': {'permitted_solve': 0, 'permitted_exec': 0, 'blocked_solve': 0, 'blocked_exec': 0}, 'verify_0_failures': []}, 'w139_parent': {'counts': {'permitted_solve': 0, 'permitted_exec': 0, 'blocked_solve': 0, 'blocked_exec': 0}, 'verify_0_failures': []}, 'w142_parent': {'counts': {'permitted_solve': 0, 'permitted_exec': 0, 'blocked_solve': 0, 'blocked_exec': 0}, 'verify_0_failures': []}, 's46_ageing_mechanism_imported': {'counts': {'permitted_solve': 0, 'permitted_exec': 0, 'blocked_solve': 0, 'blocked_exec': 0}, 'verify_0_failures': []}, 'w142_ext_parent': {'counts': {'permitted_solve': 0, 'permitted_exec': 0, 'blocked_solve': 0, 'blocked_exec': 0}, 'verify_0_failures': []}} wall=5106s
