04:21:59 [W142-EXT-RUN-e_c3_midblock] memory preflight: available 18.25970458984375 GiB required 3.50 GiB -> PASS
04:21:59 [W142-EXT-RUN-e_c3_midblock] P5.15 Addendum 61, W142 -- the W135 re-settling extension re-frozen against v6 (7 cells): the ageing E arms as model variants of the ageing law on the current ESS parameters file (minimum SoH 0.70, not overridden), ungated first evaluations at the unit; pb_y2025_n5 replayed bitwise against its original record through k0 = 110; the certifying regime held after the run's first residual pass (AA off, tight tail on, rho frozen); settling rule v6 (v5 -- certification vetoed while a NON-CLEAN cycle lies in the last W cycles the test reads; clean = Optimal, or Acceptable on the primary attempt with all four IPOPT metrics within 10x the tail tolerances -- with the swing noise floor tau/10) until it certifies or the cap; W105 captures, t_sum, Q_cc, the IPOPT exit, final attempt tier and final metrics of every block, the SoH-floor sidecar and the terminal ageing trajectory; cell e_c3_midblock (#5) eval_key 8b1eace91df86cd5ca54e7e5332f516ab1048c17b22db9f871fc6f015c016e39; cap 300; lock {'pid': 14061, 'campaign_id': 's53_w142_resettle_ext_v6_e_c3_midblock', 'campaign_spec_sha256': '8b86d33fee8587a8891c40d684ce63b9a18e36ddf657968e000d5c0354c07975', 'started_utc': '2026-10-04T04:21:59.672375+00:00'}
04:21:59 [S44-HARNESS] launched e_c3_midblock (key db77e1549af855bc) pid=14395
04:21:59 [S44-HARNESS] heartbeat e_c3_midblock: 0s cycle=None
04:22:59 [S44-HARNESS] heartbeat e_c3_midblock: 60s cycle=None
04:23:59 [S44-HARNESS] heartbeat e_c3_midblock: 120s cycle=3
04:24:59 [S44-HARNESS] heartbeat e_c3_midblock: 180s cycle=5
04:25:59 [S44-HARNESS] heartbeat e_c3_midblock: 240s cycle=7
04:26:59 [S44-HARNESS] heartbeat e_c3_midblock: 300s cycle=9
04:27:59 [S44-HARNESS] heartbeat e_c3_midblock: 360s cycle=12
04:28:59 [S44-HARNESS] heartbeat e_c3_midblock: 420s cycle=14
04:29:59 [S44-HARNESS] heartbeat e_c3_midblock: 480s cycle=17
04:30:59 [S44-HARNESS] heartbeat e_c3_midblock: 540s cycle=19
04:31:59 [S44-HARNESS] heartbeat e_c3_midblock: 600s cycle=21
04:32:59 [S44-HARNESS] heartbeat e_c3_midblock: 660s cycle=24
04:33:59 [S44-HARNESS] heartbeat e_c3_midblock: 720s cycle=26
04:34:59 [S44-HARNESS] heartbeat e_c3_midblock: 780s cycle=28
04:36:00 [S44-HARNESS] heartbeat e_c3_midblock: 840s cycle=31
04:37:00 [S44-HARNESS] heartbeat e_c3_midblock: 900s cycle=33
04:38:00 [S44-HARNESS] heartbeat e_c3_midblock: 960s cycle=36
04:39:00 [S44-HARNESS] heartbeat e_c3_midblock: 1020s cycle=38
04:40:00 [S44-HARNESS] heartbeat e_c3_midblock: 1080s cycle=40
04:41:00 [S44-HARNESS] heartbeat e_c3_midblock: 1140s cycle=43
04:42:00 [S44-HARNESS] heartbeat e_c3_midblock: 1200s cycle=45
04:43:00 [S44-HARNESS] heartbeat e_c3_midblock: 1261s cycle=48
04:44:00 [S44-HARNESS] heartbeat e_c3_midblock: 1321s cycle=50
04:45:00 [S44-HARNESS] heartbeat e_c3_midblock: 1381s cycle=53
04:46:00 [S44-HARNESS] heartbeat e_c3_midblock: 1441s cycle=55
04:47:00 [S44-HARNESS] heartbeat e_c3_midblock: 1501s cycle=57
04:48:00 [S44-HARNESS] heartbeat e_c3_midblock: 1561s cycle=60
04:49:00 [S44-HARNESS] heartbeat e_c3_midblock: 1621s cycle=62
04:50:00 [S44-HARNESS] heartbeat e_c3_midblock: 1681s cycle=65
04:51:00 [S44-HARNESS] heartbeat e_c3_midblock: 1741s cycle=67
04:52:00 [S44-HARNESS] heartbeat e_c3_midblock: 1801s cycle=70
04:53:00 [S44-HARNESS] heartbeat e_c3_midblock: 1861s cycle=72
04:54:00 [S44-HARNESS] heartbeat e_c3_midblock: 1921s cycle=74
04:55:00 [S44-HARNESS] heartbeat e_c3_midblock: 1981s cycle=77
04:56:00 [S44-HARNESS] heartbeat e_c3_midblock: 2041s cycle=79
04:57:00 [S44-HARNESS] heartbeat e_c3_midblock: 2101s cycle=82
04:58:00 [S44-HARNESS] heartbeat e_c3_midblock: 2161s cycle=84
04:59:00 [S44-HARNESS] heartbeat e_c3_midblock: 2221s cycle=86
05:00:00 [S44-HARNESS] heartbeat e_c3_midblock: 2281s cycle=89
05:01:00 [S44-HARNESS] heartbeat e_c3_midblock: 2341s cycle=91
05:02:00 [S44-HARNESS] heartbeat e_c3_midblock: 2401s cycle=94
05:03:00 [S44-HARNESS] heartbeat e_c3_midblock: 2461s cycle=96
05:04:00 [S44-HARNESS] heartbeat e_c3_midblock: 2521s cycle=98
05:05:00 [S44-HARNESS] heartbeat e_c3_midblock: 2581s cycle=101
05:06:00 [S44-HARNESS] heartbeat e_c3_midblock: 2641s cycle=103
05:07:00 [S44-HARNESS] heartbeat e_c3_midblock: 2701s cycle=106
05:08:00 [S44-HARNESS] heartbeat e_c3_midblock: 2761s cycle=108
05:09:00 [S44-HARNESS] heartbeat e_c3_midblock: 2821s cycle=110
05:10:00 [S44-HARNESS] heartbeat e_c3_midblock: 2881s cycle=113
05:11:00 [S44-HARNESS] heartbeat e_c3_midblock: 2941s cycle=115
05:12:00 [S44-HARNESS] heartbeat e_c3_midblock: 3001s cycle=117
05:13:00 [S44-HARNESS] heartbeat e_c3_midblock: 3061s cycle=119
05:14:00 [S44-HARNESS] heartbeat e_c3_midblock: 3121s cycle=122
05:15:00 [S44-HARNESS] heartbeat e_c3_midblock: 3181s cycle=124
05:16:01 [S44-HARNESS] heartbeat e_c3_midblock: 3241s cycle=126
05:17:01 [S44-HARNESS] heartbeat e_c3_midblock: 3301s cycle=129
05:18:01 [S44-HARNESS] heartbeat e_c3_midblock: 3361s cycle=131
05:19:01 [S44-HARNESS] heartbeat e_c3_midblock: 3421s cycle=134
05:20:01 [S44-HARNESS] heartbeat e_c3_midblock: 3481s cycle=136
05:21:01 [S44-HARNESS] heartbeat e_c3_midblock: 3541s cycle=138
05:22:01 [S44-HARNESS] heartbeat e_c3_midblock: 3601s cycle=141
05:23:01 [S44-HARNESS] heartbeat e_c3_midblock: 3662s cycle=143
05:24:01 [S44-HARNESS] heartbeat e_c3_midblock: 3722s cycle=145
05:25:01 [S44-HARNESS] heartbeat e_c3_midblock: 3782s cycle=148
05:26:01 [S44-HARNESS] heartbeat e_c3_midblock: 3842s cycle=150
05:27:01 [S44-HARNESS] heartbeat e_c3_midblock: 3902s cycle=152
05:28:01 [S44-HARNESS] heartbeat e_c3_midblock: 3962s cycle=155
05:29:01 [S44-HARNESS] heartbeat e_c3_midblock: 4022s cycle=157
05:30:01 [S44-HARNESS] heartbeat e_c3_midblock: 4082s cycle=159
05:31:01 [S44-HARNESS] heartbeat e_c3_midblock: 4142s cycle=162
05:32:01 [S44-HARNESS] heartbeat e_c3_midblock: 4202s cycle=164
05:33:01 [S44-HARNESS] heartbeat e_c3_midblock: 4262s cycle=166
05:34:01 [S44-HARNESS] heartbeat e_c3_midblock: 4322s cycle=169
05:35:01 [S44-HARNESS] heartbeat e_c3_midblock: 4382s cycle=171
05:36:01 [S44-HARNESS] heartbeat e_c3_midblock: 4442s cycle=173
05:36:21 [S44-HARNESS] finished e_c3_midblock pid=14395 exit=0 status=certified wall=4462s
05:36:28 [W142-EXT-RUN-e_c3_midblock] gates {'G1_harness_clean': True, 'G2_eval_key': True, 'G3_append_reconcile': True, 'G4_tail_state_check': True, 'G5_solve_profile_reconciled_per_event': True, 'G6_v37_optimal_and_four_metrics': True, 'G7_append_sealed': True, 'G8_persistence_on_production_certificate': True, 'G9v_variant_readback_and_floor': True, 'G11_acceptance_cross_check': True, 'G13_holds_inert_through_first_pass_held_after': True, 'G14_all_block_capture': True, 'G15_stopping_consistent': True, 'G16_lambda_sidecar_complete': True, 'G17_rule_v6_replay_reproduces_in_cycle': True, 'G18_line_fields_every_cycle': True, 'G20_production_counters_in_per_cycle_record': True, 'G21_creep_captures_complete': True, 'G22_t_sum_in_cycle_equals_stride_and_terminal': True, 'G23_overlap_recorded': True, 'G24_exit_capture_equals_the_solve_records_and_esso_logs': True, 'G24b_clean_capture_equals_the_solve_records_and_esso_logs': True, 'G25_record_status_follows_the_settling_decision': True, 'G26_floor_sidecar_end_cycle': True, 'G27_ageing_trajectory_terminal': True}
05:36:28 [W142-EXT-RUN-e_c3_midblock] settling v6: status certified k* 174 branch oscillatory band_width 4289.160341024399 Q_end 653621637.0564654 t_sum(end) 308.8873457444045 k0_run 104 non-clean cycles [] cycles 174 floor_year 2035 AE 0.835724291205944 record status certified
05:36:28 [W142-EXT] guards {'w142_ext_checks': {'counts': {'permitted_solve': 0, 'permitted_exec': 0, 'blocked_solve': 0, 'blocked_exec': 0}, 'verify_0_failures': []}, 'w142_checks': {'counts': {'permitted_solve': 0, 'permitted_exec': 0, 'blocked_solve': 0, 'blocked_exec': 0}, 'verify_0_failures': []}, 'w139_checks': {'counts': {'permitted_solve': 0, 'permitted_exec': 0, 'blocked_solve': 0, 'blocked_exec': 0}, 'verify_0_failures': []}, 'w137_checks': {'counts': {'permitted_solve': 0, 'permitted_exec': 0, 'blocked_solve': 0, 'blocked_exec': 0}, 'verify_0_failures': []}, 'w132_checks': {'counts': {'permitted_solve': 0, 'permitted_exec': 0, 'blocked_solve': 0, 'blocked_exec': 0}, 'verify_0_failures': []}, 'w118_checks': {'counts': {'permitted_solve': 0, 'permitted_exec': 0, 'blocked_solve': 0, 'blocked_exec': 0}, 'verify_0_failures': []}, 'w105_checks_imported': {'counts': {'permitted_solve': 0, 'permitted_exec': 0, 'blocked_solve': 0, 'blocked_exec': 0}, 'verify_0_failures': []}, 'w101_checks_imported': {'counts': {'permitted_solve': 0, 'permitted_exec': 0, 'blocked_solve': 0, 'blocked_exec': 0}, 'verify_0_failures': []}, 'w98_checks_imported': {'counts': {'permitted_solve': 0, 'permitted_exec': 0, 'blocked_solve': 0, 'blocked_exec': 0}, 'verify_0_failures': []}, 'w112_imported': {'counts': {'permitted_solve': 0, 'permitted_exec': 0, 'blocked_solve': 0, 'blocked_exec': 0}, 'verify_0_failures': []}, 'w141_swing_variants': {'counts': {'permitted_solve': 0, 'permitted_exec': 0, 'blocked_solve': 0, 'blocked_exec': 0}, 'verify_0_failures': []}, 'w139_v5_from_records': {'counts': {'permitted_solve': 0, 'permitted_exec': 0, 'blocked_solve': 0, 'blocked_exec': 0}, 'verify_0_failures': []}, 'w131_imported': {'counts': {'permitted_solve': 0, 'permitted_exec': 0, 'blocked_solve': 0, 'blocked_exec': 0}, 'verify_0_failures': []}, 'w137_ra_imported': {'counts': {'permitted_solve': 0, 'permitted_exec': 0, 'blocked_solve': 0, 'blocked_exec': 0}, 'verify_0_failures': []}, 'w135_checks': {'counts': {'permitted_solve': 0, 'permitted_exec': 0, 'blocked_solve': 0, 'blocked_exec': 0}, 'verify_0_failures': []}, 's46_variant_checks_imported': {'counts': {'permitted_solve': 0, 'permitted_exec': 0, 'blocked_solve': 0, 'blocked_exec': 0}, 'verify_0_failures': []}, 'alpha_row_launcher': {'counts': {'permitted_solve': 0, 'permitted_exec': 0, 'blocked_solve': 0, 'blocked_exec': 0}, 'verify_0_failures': []}, 'w86_launcher': {'counts': {'permitted_solve': 0, 'permitted_exec': 0, 'blocked_solve': 0, 'blocked_exec': 0}, 'verify_0_failures': []}, 'w87': {'counts': {'permitted_solve': 0, 'permitted_exec': 0, 'blocked_solve': 0, 'blocked_exec': 0}, 'verify_0_failures': []}, 'w88': {'counts': {'permitted_solve': 0, 'permitted_exec': 0, 'blocked_solve': 0, 'blocked_exec': 0}, 'verify_0_failures': []}, 'w89_step1': {'counts': {'permitted_solve': 0, 'permitted_exec': 0, 'blocked_solve': 0, 'blocked_exec': 0}, 'verify_0_failures': []}, 'w89_3x3_launcher': {'counts': {'permitted_solve': 0, 'permitted_exec': 0, 'blocked_solve': 0, 'blocked_exec': 0}, 'verify_0_failures': []}, 'w90_3x3_parent': {'counts': {'permitted_solve': 0, 'permitted_exec': 0, 'blocked_solve': 0, 'blocked_exec': 0}, 'verify_0_failures': []}, 'w98_parent': {'counts': {'permitted_solve': 0, 'permitted_exec': 0, 'blocked_solve': 0, 'blocked_exec': 0}, 'verify_0_failures': []}, 'w101_parent': {'counts': {'permitted_solve': 0, 'permitted_exec': 0, 'blocked_solve': 0, 'blocked_exec': 0}, 'verify_0_failures': []}, 'w118_parent': {'counts': {'permitted_solve': 0, 'permitted_exec': 0, 'blocked_solve': 0, 'blocked_exec': 0}, 'verify_0_failures': []}, 'w132_parent': {'counts': {'permitted_solve': 0, 'permitted_exec': 0, 'blocked_solve': 0, 'blocked_exec': 0}, 'verify_0_failures': []}, 'w137_parent': {'counts': {'permitted_solve': 0, 'permitted_exec': 0, 'blocked_solve': 0, 'blocked_exec': 0}, 'verify_0_failures': []}, 'w139_parent': {'counts': {'permitted_solve': 0, 'permitted_exec': 0, 'blocked_solve': 0, 'blocked_exec': 0}, 'verify_0_failures': []}, 'w142_parent': {'counts': {'permitted_solve': 0, 'permitted_exec': 0, 'blocked_solve': 0, 'blocked_exec': 0}, 'verify_0_failures': []}, 's46_ageing_mechanism_imported': {'counts': {'permitted_solve': 0, 'permitted_exec': 0, 'blocked_solve': 0, 'blocked_exec': 0}, 'verify_0_failures': []}, 'w142_ext_parent': {'counts': {'permitted_solve': 0, 'permitted_exec': 0, 'blocked_solve': 0, 'blocked_exec': 0}, 'verify_0_failures': []}} wall=4511s
