23:20:13 [W142-EXT-RUN-e_c3_unit] memory preflight: available 18.363037109375 GiB required 3.50 GiB -> PASS
23:20:13 [W142-EXT-RUN-e_c3_unit] P5.15 Addendum 61, W142 -- the W135 re-settling extension re-frozen against v6 (7 cells): the ageing E arms as model variants of the ageing law on the current ESS parameters file (minimum SoH 0.70, not overridden), ungated first evaluations at the unit; pb_y2025_n5 replayed bitwise against its original record through k0 = 110; the certifying regime held after the run's first residual pass (AA off, tight tail on, rho frozen); settling rule v6 (v5 -- certification vetoed while a NON-CLEAN cycle lies in the last W cycles the test reads; clean = Optimal, or Acceptable on the primary attempt with all four IPOPT metrics within 10x the tail tolerances -- with the swing noise floor tau/10) until it certifies or the cap; W105 captures, t_sum, Q_cc, the IPOPT exit, final attempt tier and final metrics of every block, the SoH-floor sidecar and the terminal ageing trajectory; cell e_c3_unit (#1) eval_key 409740fb51f27cabd81e08d1f2c4b435873ab5ad2a1e20e544177e3ec8dc9fed; cap 300; lock {'pid': 69234, 'campaign_id': 's53_w142_resettle_ext_v6_e_c3_unit', 'campaign_spec_sha256': '9a52754a82919d615e8ba561e3e494077b67313192de901ddc6c0bad507f9d1d', 'started_utc': '2026-10-03T23:20:13.364637+00:00'}
23:20:13 [S44-HARNESS] launched e_c3_unit (key db77e1549af855bc) pid=69616
23:20:13 [S44-HARNESS] heartbeat e_c3_unit: 0s cycle=None
23:21:13 [S44-HARNESS] heartbeat e_c3_unit: 60s cycle=None
23:22:13 [S44-HARNESS] heartbeat e_c3_unit: 120s cycle=3
23:23:13 [S44-HARNESS] heartbeat e_c3_unit: 180s cycle=5
23:24:13 [S44-HARNESS] heartbeat e_c3_unit: 240s cycle=7
23:25:13 [S44-HARNESS] heartbeat e_c3_unit: 300s cycle=9
23:26:13 [S44-HARNESS] heartbeat e_c3_unit: 360s cycle=12
23:27:13 [S44-HARNESS] heartbeat e_c3_unit: 420s cycle=14
23:28:13 [S44-HARNESS] heartbeat e_c3_unit: 480s cycle=17
23:29:13 [S44-HARNESS] heartbeat e_c3_unit: 540s cycle=19
23:30:13 [S44-HARNESS] heartbeat e_c3_unit: 600s cycle=21
23:31:13 [S44-HARNESS] heartbeat e_c3_unit: 660s cycle=24
23:32:13 [S44-HARNESS] heartbeat e_c3_unit: 720s cycle=26
23:33:13 [S44-HARNESS] heartbeat e_c3_unit: 780s cycle=29
23:34:13 [S44-HARNESS] heartbeat e_c3_unit: 840s cycle=31
23:35:13 [S44-HARNESS] heartbeat e_c3_unit: 900s cycle=33
23:36:13 [S44-HARNESS] heartbeat e_c3_unit: 960s cycle=36
23:37:13 [S44-HARNESS] heartbeat e_c3_unit: 1020s cycle=38
23:38:13 [S44-HARNESS] heartbeat e_c3_unit: 1080s cycle=40
23:39:13 [S44-HARNESS] heartbeat e_c3_unit: 1140s cycle=43
23:40:13 [S44-HARNESS] heartbeat e_c3_unit: 1200s cycle=45
23:41:13 [S44-HARNESS] heartbeat e_c3_unit: 1261s cycle=48
23:42:13 [S44-HARNESS] heartbeat e_c3_unit: 1321s cycle=50
23:43:13 [S44-HARNESS] heartbeat e_c3_unit: 1381s cycle=53
23:44:13 [S44-HARNESS] heartbeat e_c3_unit: 1441s cycle=55
23:45:13 [S44-HARNESS] heartbeat e_c3_unit: 1501s cycle=58
23:46:13 [S44-HARNESS] heartbeat e_c3_unit: 1561s cycle=60
23:47:14 [S44-HARNESS] heartbeat e_c3_unit: 1621s cycle=62
23:48:14 [S44-HARNESS] heartbeat e_c3_unit: 1681s cycle=65
23:49:14 [S44-HARNESS] heartbeat e_c3_unit: 1741s cycle=67
23:50:14 [S44-HARNESS] heartbeat e_c3_unit: 1801s cycle=70
23:51:14 [S44-HARNESS] heartbeat e_c3_unit: 1861s cycle=72
23:52:14 [S44-HARNESS] heartbeat e_c3_unit: 1921s cycle=74
23:53:14 [S44-HARNESS] heartbeat e_c3_unit: 1981s cycle=77
23:54:14 [S44-HARNESS] heartbeat e_c3_unit: 2041s cycle=79
23:55:14 [S44-HARNESS] heartbeat e_c3_unit: 2101s cycle=81
23:56:14 [S44-HARNESS] heartbeat e_c3_unit: 2161s cycle=84
23:57:14 [S44-HARNESS] heartbeat e_c3_unit: 2221s cycle=86
23:58:14 [S44-HARNESS] heartbeat e_c3_unit: 2281s cycle=89
23:59:14 [S44-HARNESS] heartbeat e_c3_unit: 2341s cycle=91
00:00:14 [S44-HARNESS] heartbeat e_c3_unit: 2401s cycle=94
00:01:14 [S44-HARNESS] heartbeat e_c3_unit: 2461s cycle=96
00:02:14 [S44-HARNESS] heartbeat e_c3_unit: 2521s cycle=98
00:03:14 [S44-HARNESS] heartbeat e_c3_unit: 2581s cycle=101
00:04:14 [S44-HARNESS] heartbeat e_c3_unit: 2641s cycle=103
00:05:14 [S44-HARNESS] heartbeat e_c3_unit: 2701s cycle=106
00:06:14 [S44-HARNESS] heartbeat e_c3_unit: 2761s cycle=108
00:07:14 [S44-HARNESS] heartbeat e_c3_unit: 2821s cycle=110
00:08:14 [S44-HARNESS] heartbeat e_c3_unit: 2881s cycle=113
00:09:14 [S44-HARNESS] heartbeat e_c3_unit: 2941s cycle=115
00:10:14 [S44-HARNESS] heartbeat e_c3_unit: 3001s cycle=118
00:11:14 [S44-HARNESS] heartbeat e_c3_unit: 3061s cycle=120
00:12:14 [S44-HARNESS] heartbeat e_c3_unit: 3121s cycle=122
00:13:14 [S44-HARNESS] heartbeat e_c3_unit: 3181s cycle=125
00:14:14 [S44-HARNESS] heartbeat e_c3_unit: 3241s cycle=127
00:15:14 [S44-HARNESS] heartbeat e_c3_unit: 3301s cycle=129
00:16:14 [S44-HARNESS] heartbeat e_c3_unit: 3361s cycle=132
00:17:14 [S44-HARNESS] heartbeat e_c3_unit: 3421s cycle=134
00:18:14 [S44-HARNESS] heartbeat e_c3_unit: 3481s cycle=137
00:19:14 [S44-HARNESS] heartbeat e_c3_unit: 3541s cycle=139
00:20:14 [S44-HARNESS] heartbeat e_c3_unit: 3601s cycle=141
00:21:14 [S44-HARNESS] heartbeat e_c3_unit: 3661s cycle=144
00:22:14 [S44-HARNESS] heartbeat e_c3_unit: 3722s cycle=146
00:23:14 [S44-HARNESS] heartbeat e_c3_unit: 3782s cycle=148
00:24:14 [S44-HARNESS] heartbeat e_c3_unit: 3842s cycle=151
00:25:14 [S44-HARNESS] heartbeat e_c3_unit: 3902s cycle=153
00:26:14 [S44-HARNESS] heartbeat e_c3_unit: 3962s cycle=156
00:27:15 [S44-HARNESS] heartbeat e_c3_unit: 4022s cycle=158
00:28:10 [S44-HARNESS] finished e_c3_unit pid=69616 exit=0 status=certified wall=4077s
00:28:16 [W142-EXT-RUN-e_c3_unit] gates {'G1_harness_clean': True, 'G2_eval_key': True, 'G3_append_reconcile': True, 'G4_tail_state_check': True, 'G5_solve_profile_reconciled_per_event': True, 'G6_v37_optimal_and_four_metrics': True, 'G7_append_sealed': True, 'G8_persistence_on_production_certificate': True, 'G9v_variant_readback_and_floor': True, 'G11_acceptance_cross_check': True, 'G13_holds_inert_through_first_pass_held_after': True, 'G14_all_block_capture': True, 'G15_stopping_consistent': True, 'G16_lambda_sidecar_complete': True, 'G17_rule_v6_replay_reproduces_in_cycle': True, 'G18_line_fields_every_cycle': True, 'G20_production_counters_in_per_cycle_record': True, 'G21_creep_captures_complete': True, 'G22_t_sum_in_cycle_equals_stride_and_terminal': True, 'G23_overlap_recorded': True, 'G24_exit_capture_equals_the_solve_records_and_esso_logs': True, 'G24b_clean_capture_equals_the_solve_records_and_esso_logs': True, 'G25_record_status_follows_the_settling_decision': True, 'G26_floor_sidecar_end_cycle': True, 'G27_ageing_trajectory_terminal': True}
00:28:16 [W142-EXT-RUN-e_c3_unit] settling v6: status certified k* 160 branch oscillatory band_width 4280.006900429726 Q_end 653629491.834701 t_sum(end) 222.73610642764373 k0_run 104 non-clean cycles [] cycles 160 floor_year 2035 AE 0.785959660612483 record status certified
00:28:16 [W142-EXT] guards {'w142_ext_checks': {'counts': {'permitted_solve': 0, 'permitted_exec': 0, 'blocked_solve': 0, 'blocked_exec': 0}, 'verify_0_failures': []}, 'w142_checks': {'counts': {'permitted_solve': 0, 'permitted_exec': 0, 'blocked_solve': 0, 'blocked_exec': 0}, 'verify_0_failures': []}, 'w139_checks': {'counts': {'permitted_solve': 0, 'permitted_exec': 0, 'blocked_solve': 0, 'blocked_exec': 0}, 'verify_0_failures': []}, 'w137_checks': {'counts': {'permitted_solve': 0, 'permitted_exec': 0, 'blocked_solve': 0, 'blocked_exec': 0}, 'verify_0_failures': []}, 'w132_checks': {'counts': {'permitted_solve': 0, 'permitted_exec': 0, 'blocked_solve': 0, 'blocked_exec': 0}, 'verify_0_failures': []}, 'w118_checks': {'counts': {'permitted_solve': 0, 'permitted_exec': 0, 'blocked_solve': 0, 'blocked_exec': 0}, 'verify_0_failures': []}, 'w105_checks_imported': {'counts': {'permitted_solve': 0, 'permitted_exec': 0, 'blocked_solve': 0, 'blocked_exec': 0}, 'verify_0_failures': []}, 'w101_checks_imported': {'counts': {'permitted_solve': 0, 'permitted_exec': 0, 'blocked_solve': 0, 'blocked_exec': 0}, 'verify_0_failures': []}, 'w98_checks_imported': {'counts': {'permitted_solve': 0, 'permitted_exec': 0, 'blocked_solve': 0, 'blocked_exec': 0}, 'verify_0_failures': []}, 'w112_imported': {'counts': {'permitted_solve': 0, 'permitted_exec': 0, 'blocked_solve': 0, 'blocked_exec': 0}, 'verify_0_failures': []}, 'w141_swing_variants': {'counts': {'permitted_solve': 0, 'permitted_exec': 0, 'blocked_solve': 0, 'blocked_exec': 0}, 'verify_0_failures': []}, 'w139_v5_from_records': {'counts': {'permitted_solve': 0, 'permitted_exec': 0, 'blocked_solve': 0, 'blocked_exec': 0}, 'verify_0_failures': []}, 'w131_imported': {'counts': {'permitted_solve': 0, 'permitted_exec': 0, 'blocked_solve': 0, 'blocked_exec': 0}, 'verify_0_failures': []}, 'w137_ra_imported': {'counts': {'permitted_solve': 0, 'permitted_exec': 0, 'blocked_solve': 0, 'blocked_exec': 0}, 'verify_0_failures': []}, 'w135_checks': {'counts': {'permitted_solve': 0, 'permitted_exec': 0, 'blocked_solve': 0, 'blocked_exec': 0}, 'verify_0_failures': []}, 's46_variant_checks_imported': {'counts': {'permitted_solve': 0, 'permitted_exec': 0, 'blocked_solve': 0, 'blocked_exec': 0}, 'verify_0_failures': []}, 'alpha_row_launcher': {'counts': {'permitted_solve': 0, 'permitted_exec': 0, 'blocked_solve': 0, 'blocked_exec': 0}, 'verify_0_failures': []}, 'w86_launcher': {'counts': {'permitted_solve': 0, 'permitted_exec': 0, 'blocked_solve': 0, 'blocked_exec': 0}, 'verify_0_failures': []}, 'w87': {'counts': {'permitted_solve': 0, 'permitted_exec': 0, 'blocked_solve': 0, 'blocked_exec': 0}, 'verify_0_failures': []}, 'w88': {'counts': {'permitted_solve': 0, 'permitted_exec': 0, 'blocked_solve': 0, 'blocked_exec': 0}, 'verify_0_failures': []}, 'w89_step1': {'counts': {'permitted_solve': 0, 'permitted_exec': 0, 'blocked_solve': 0, 'blocked_exec': 0}, 'verify_0_failures': []}, 'w89_3x3_launcher': {'counts': {'permitted_solve': 0, 'permitted_exec': 0, 'blocked_solve': 0, 'blocked_exec': 0}, 'verify_0_failures': []}, 'w90_3x3_parent': {'counts': {'permitted_solve': 0, 'permitted_exec': 0, 'blocked_solve': 0, 'blocked_exec': 0}, 'verify_0_failures': []}, 'w98_parent': {'counts': {'permitted_solve': 0, 'permitted_exec': 0, 'blocked_solve': 0, 'blocked_exec': 0}, 'verify_0_failures': []}, 'w101_parent': {'counts': {'permitted_solve': 0, 'permitted_exec': 0, 'blocked_solve': 0, 'blocked_exec': 0}, 'verify_0_failures': []}, 'w118_parent': {'counts': {'permitted_solve': 0, 'permitted_exec': 0, 'blocked_solve': 0, 'blocked_exec': 0}, 'verify_0_failures': []}, 'w132_parent': {'counts': {'permitted_solve': 0, 'permitted_exec': 0, 'blocked_solve': 0, 'blocked_exec': 0}, 'verify_0_failures': []}, 'w137_parent': {'counts': {'permitted_solve': 0, 'permitted_exec': 0, 'blocked_solve': 0, 'blocked_exec': 0}, 'verify_0_failures': []}, 'w139_parent': {'counts': {'permitted_solve': 0, 'permitted_exec': 0, 'blocked_solve': 0, 'blocked_exec': 0}, 'verify_0_failures': []}, 'w142_parent': {'counts': {'permitted_solve': 0, 'permitted_exec': 0, 'blocked_solve': 0, 'blocked_exec': 0}, 'verify_0_failures': []}, 's46_ageing_mechanism_imported': {'counts': {'permitted_solve': 0, 'permitted_exec': 0, 'blocked_solve': 0, 'blocked_exec': 0}, 'verify_0_failures': []}, 'w142_ext_parent': {'counts': {'permitted_solve': 0, 'permitted_exec': 0, 'blocked_solve': 0, 'blocked_exec': 0}, 'verify_0_failures': []}} wall=4124s
