05:39:30 [W142-EXT-RUN-e_no_ageing] memory preflight: available 18.50299072265625 GiB required 3.50 GiB -> PASS
05:39:30 [W142-EXT-RUN-e_no_ageing] P5.15 Addendum 61, W142 -- the W135 re-settling extension re-frozen against v6 (7 cells): the ageing E arms as model variants of the ageing law on the current ESS parameters file (minimum SoH 0.70, not overridden), ungated first evaluations at the unit; pb_y2025_n5 replayed bitwise against its original record through k0 = 110; the certifying regime held after the run's first residual pass (AA off, tight tail on, rho frozen); settling rule v6 (v5 -- certification vetoed while a NON-CLEAN cycle lies in the last W cycles the test reads; clean = Optimal, or Acceptable on the primary attempt with all four IPOPT metrics within 10x the tail tolerances -- with the swing noise floor tau/10) until it certifies or the cap; W105 captures, t_sum, Q_cc, the IPOPT exit, final attempt tier and final metrics of every block, the SoH-floor sidecar and the terminal ageing trajectory; cell e_no_ageing (#6) eval_key 1b10e9e161523f46b9e4c0a2b6f7400ae1d2b2d7a42ef311e0d4726a7effd7e0; cap 300; lock {'pid': 25340, 'campaign_id': 's53_w142_resettle_ext_v6_e_no_ageing', 'campaign_spec_sha256': '10f4aa7a05b5022ecdd347d45aea1070dc1557237ad482e17a0ee1645846d022', 'started_utc': '2026-10-04T05:39:30.727048+00:00'}
05:39:30 [S44-HARNESS] launched e_no_ageing (key db77e1549af855bc) pid=25652
05:39:30 [S44-HARNESS] heartbeat e_no_ageing: 0s cycle=None
05:40:30 [S44-HARNESS] heartbeat e_no_ageing: 60s cycle=None
05:41:30 [S44-HARNESS] heartbeat e_no_ageing: 120s cycle=3
05:42:30 [S44-HARNESS] heartbeat e_no_ageing: 180s cycle=5
05:43:30 [S44-HARNESS] heartbeat e_no_ageing: 240s cycle=7
05:44:30 [S44-HARNESS] heartbeat e_no_ageing: 300s cycle=9
05:45:30 [S44-HARNESS] heartbeat e_no_ageing: 360s cycle=12
05:46:30 [S44-HARNESS] heartbeat e_no_ageing: 420s cycle=14
05:47:30 [S44-HARNESS] heartbeat e_no_ageing: 480s cycle=16
05:48:30 [S44-HARNESS] heartbeat e_no_ageing: 540s cycle=19
05:49:30 [S44-HARNESS] heartbeat e_no_ageing: 600s cycle=21
05:50:31 [S44-HARNESS] heartbeat e_no_ageing: 660s cycle=23
05:51:31 [S44-HARNESS] heartbeat e_no_ageing: 720s cycle=26
05:52:31 [S44-HARNESS] heartbeat e_no_ageing: 780s cycle=28
05:53:31 [S44-HARNESS] heartbeat e_no_ageing: 840s cycle=31
05:54:31 [S44-HARNESS] heartbeat e_no_ageing: 900s cycle=33
05:55:31 [S44-HARNESS] heartbeat e_no_ageing: 960s cycle=35
05:56:31 [S44-HARNESS] heartbeat e_no_ageing: 1020s cycle=38
05:57:31 [S44-HARNESS] heartbeat e_no_ageing: 1080s cycle=40
05:58:31 [S44-HARNESS] heartbeat e_no_ageing: 1140s cycle=43
05:59:31 [S44-HARNESS] heartbeat e_no_ageing: 1200s cycle=45
06:00:31 [S44-HARNESS] heartbeat e_no_ageing: 1261s cycle=47
06:01:31 [S44-HARNESS] heartbeat e_no_ageing: 1321s cycle=50
06:02:31 [S44-HARNESS] heartbeat e_no_ageing: 1381s cycle=52
06:03:31 [S44-HARNESS] heartbeat e_no_ageing: 1441s cycle=54
06:04:31 [S44-HARNESS] heartbeat e_no_ageing: 1501s cycle=57
06:05:31 [S44-HARNESS] heartbeat e_no_ageing: 1561s cycle=59
06:06:31 [S44-HARNESS] heartbeat e_no_ageing: 1621s cycle=61
06:07:31 [S44-HARNESS] heartbeat e_no_ageing: 1681s cycle=64
06:08:31 [S44-HARNESS] heartbeat e_no_ageing: 1741s cycle=66
06:09:31 [S44-HARNESS] heartbeat e_no_ageing: 1801s cycle=69
06:10:31 [S44-HARNESS] heartbeat e_no_ageing: 1861s cycle=71
06:11:31 [S44-HARNESS] heartbeat e_no_ageing: 1921s cycle=73
06:12:31 [S44-HARNESS] heartbeat e_no_ageing: 1981s cycle=76
06:13:31 [S44-HARNESS] heartbeat e_no_ageing: 2041s cycle=78
06:14:31 [S44-HARNESS] heartbeat e_no_ageing: 2101s cycle=81
06:15:31 [S44-HARNESS] heartbeat e_no_ageing: 2161s cycle=83
06:16:31 [S44-HARNESS] heartbeat e_no_ageing: 2221s cycle=85
06:17:31 [S44-HARNESS] heartbeat e_no_ageing: 2281s cycle=88
06:18:31 [S44-HARNESS] heartbeat e_no_ageing: 2341s cycle=90
06:19:31 [S44-HARNESS] heartbeat e_no_ageing: 2401s cycle=93
06:20:31 [S44-HARNESS] heartbeat e_no_ageing: 2461s cycle=95
06:21:31 [S44-HARNESS] heartbeat e_no_ageing: 2521s cycle=98
06:22:31 [S44-HARNESS] heartbeat e_no_ageing: 2581s cycle=100
06:23:31 [S44-HARNESS] heartbeat e_no_ageing: 2641s cycle=102
06:24:31 [S44-HARNESS] heartbeat e_no_ageing: 2701s cycle=105
06:25:31 [S44-HARNESS] heartbeat e_no_ageing: 2761s cycle=107
06:26:31 [S44-HARNESS] heartbeat e_no_ageing: 2821s cycle=110
06:27:31 [S44-HARNESS] heartbeat e_no_ageing: 2881s cycle=112
06:28:31 [S44-HARNESS] heartbeat e_no_ageing: 2941s cycle=114
06:29:31 [S44-HARNESS] heartbeat e_no_ageing: 3001s cycle=117
06:30:31 [S44-HARNESS] heartbeat e_no_ageing: 3061s cycle=119
06:31:32 [S44-HARNESS] heartbeat e_no_ageing: 3121s cycle=121
06:32:32 [S44-HARNESS] heartbeat e_no_ageing: 3181s cycle=124
06:33:32 [S44-HARNESS] heartbeat e_no_ageing: 3241s cycle=126
06:34:32 [S44-HARNESS] heartbeat e_no_ageing: 3301s cycle=128
06:35:32 [S44-HARNESS] heartbeat e_no_ageing: 3361s cycle=131
06:36:32 [S44-HARNESS] heartbeat e_no_ageing: 3421s cycle=133
06:37:32 [S44-HARNESS] heartbeat e_no_ageing: 3481s cycle=136
06:38:32 [S44-HARNESS] heartbeat e_no_ageing: 3541s cycle=138
06:39:32 [S44-HARNESS] heartbeat e_no_ageing: 3601s cycle=140
06:40:32 [S44-HARNESS] heartbeat e_no_ageing: 3661s cycle=143
06:41:32 [S44-HARNESS] heartbeat e_no_ageing: 3722s cycle=145
06:42:32 [S44-HARNESS] heartbeat e_no_ageing: 3782s cycle=148
06:43:32 [S44-HARNESS] heartbeat e_no_ageing: 3842s cycle=150
06:44:32 [S44-HARNESS] heartbeat e_no_ageing: 3902s cycle=152
06:45:32 [S44-HARNESS] heartbeat e_no_ageing: 3962s cycle=155
06:46:32 [S44-HARNESS] heartbeat e_no_ageing: 4022s cycle=157
06:47:32 [S44-HARNESS] heartbeat e_no_ageing: 4082s cycle=159
06:48:32 [S44-HARNESS] heartbeat e_no_ageing: 4142s cycle=162
06:49:32 [S44-HARNESS] heartbeat e_no_ageing: 4202s cycle=164
06:50:32 [S44-HARNESS] heartbeat e_no_ageing: 4262s cycle=166
06:51:32 [S44-HARNESS] heartbeat e_no_ageing: 4322s cycle=169
06:52:32 [S44-HARNESS] heartbeat e_no_ageing: 4382s cycle=171
06:53:32 [S44-HARNESS] heartbeat e_no_ageing: 4442s cycle=174
06:54:32 [S44-HARNESS] heartbeat e_no_ageing: 4502s cycle=176
06:55:02 [S44-HARNESS] finished e_no_ageing pid=25652 exit=0 status=certified wall=4532s
06:55:09 [W142-EXT-RUN-e_no_ageing] gates {'G1_harness_clean': True, 'G2_eval_key': True, 'G3_append_reconcile': True, 'G4_tail_state_check': True, 'G5_solve_profile_reconciled_per_event': True, 'G6_v37_optimal_and_four_metrics': True, 'G7_append_sealed': True, 'G8_persistence_on_production_certificate': True, 'G9v_variant_readback_and_floor': True, 'G11_acceptance_cross_check': True, 'G13_holds_inert_through_first_pass_held_after': True, 'G14_all_block_capture': True, 'G15_stopping_consistent': True, 'G16_lambda_sidecar_complete': True, 'G17_rule_v6_replay_reproduces_in_cycle': True, 'G18_line_fields_every_cycle': True, 'G20_production_counters_in_per_cycle_record': True, 'G21_creep_captures_complete': True, 'G22_t_sum_in_cycle_equals_stride_and_terminal': True, 'G23_overlap_recorded': True, 'G24_exit_capture_equals_the_solve_records_and_esso_logs': True, 'G24b_clean_capture_equals_the_solve_records_and_esso_logs': True, 'G25_record_status_follows_the_settling_decision': True, 'G26_floor_sidecar_end_cycle': True, 'G27_ageing_trajectory_terminal': True}
06:55:09 [W142-EXT-RUN-e_no_ageing] settling v6: status certified k* 177 branch oscillatory band_width 4286.234537601471 Q_end 653559885.7170684 t_sum(end) 907.4071066317858 k0_run 107 non-clean cycles [] cycles 177 floor_year None AE 1.0 record status certified
06:55:09 [W142-EXT-RUN-e_no_ageing] CLAIM-COMPLETION POINT after #6 e_no_ageing: items ['E'] complete -- report (Addendum 58). Scorer: cd /Users/micaelsimoes/Projects/share-resource-planning-no_esso-degradation && set -o noclobber && /Users/micaelsimoes/miniconda3/envs/opf_env_py311/bin/python -u p515_s53_w142_resettle_ext_v6_campaign.py --summarize --after-cell e_no_ageing > data/SRP1/Results/P515S53/w142_resettle_ext_v6/summarize_after_e_no_ageing_launch.log 2>&1
06:55:09 [W142-EXT] guards {'w142_ext_checks': {'counts': {'permitted_solve': 0, 'permitted_exec': 0, 'blocked_solve': 0, 'blocked_exec': 0}, 'verify_0_failures': []}, 'w142_checks': {'counts': {'permitted_solve': 0, 'permitted_exec': 0, 'blocked_solve': 0, 'blocked_exec': 0}, 'verify_0_failures': []}, 'w139_checks': {'counts': {'permitted_solve': 0, 'permitted_exec': 0, 'blocked_solve': 0, 'blocked_exec': 0}, 'verify_0_failures': []}, 'w137_checks': {'counts': {'permitted_solve': 0, 'permitted_exec': 0, 'blocked_solve': 0, 'blocked_exec': 0}, 'verify_0_failures': []}, 'w132_checks': {'counts': {'permitted_solve': 0, 'permitted_exec': 0, 'blocked_solve': 0, 'blocked_exec': 0}, 'verify_0_failures': []}, 'w118_checks': {'counts': {'permitted_solve': 0, 'permitted_exec': 0, 'blocked_solve': 0, 'blocked_exec': 0}, 'verify_0_failures': []}, 'w105_checks_imported': {'counts': {'permitted_solve': 0, 'permitted_exec': 0, 'blocked_solve': 0, 'blocked_exec': 0}, 'verify_0_failures': []}, 'w101_checks_imported': {'counts': {'permitted_solve': 0, 'permitted_exec': 0, 'blocked_solve': 0, 'blocked_exec': 0}, 'verify_0_failures': []}, 'w98_checks_imported': {'counts': {'permitted_solve': 0, 'permitted_exec': 0, 'blocked_solve': 0, 'blocked_exec': 0}, 'verify_0_failures': []}, 'w112_imported': {'counts': {'permitted_solve': 0, 'permitted_exec': 0, 'blocked_solve': 0, 'blocked_exec': 0}, 'verify_0_failures': []}, 'w141_swing_variants': {'counts': {'permitted_solve': 0, 'permitted_exec': 0, 'blocked_solve': 0, 'blocked_exec': 0}, 'verify_0_failures': []}, 'w139_v5_from_records': {'counts': {'permitted_solve': 0, 'permitted_exec': 0, 'blocked_solve': 0, 'blocked_exec': 0}, 'verify_0_failures': []}, 'w131_imported': {'counts': {'permitted_solve': 0, 'permitted_exec': 0, 'blocked_solve': 0, 'blocked_exec': 0}, 'verify_0_failures': []}, 'w137_ra_imported': {'counts': {'permitted_solve': 0, 'permitted_exec': 0, 'blocked_solve': 0, 'blocked_exec': 0}, 'verify_0_failures': []}, 'w135_checks': {'counts': {'permitted_solve': 0, 'permitted_exec': 0, 'blocked_solve': 0, 'blocked_exec': 0}, 'verify_0_failures': []}, 's46_variant_checks_imported': {'counts': {'permitted_solve': 0, 'permitted_exec': 0, 'blocked_solve': 0, 'blocked_exec': 0}, 'verify_0_failures': []}, 'alpha_row_launcher': {'counts': {'permitted_solve': 0, 'permitted_exec': 0, 'blocked_solve': 0, 'blocked_exec': 0}, 'verify_0_failures': []}, 'w86_launcher': {'counts': {'permitted_solve': 0, 'permitted_exec': 0, 'blocked_solve': 0, 'blocked_exec': 0}, 'verify_0_failures': []}, 'w87': {'counts': {'permitted_solve': 0, 'permitted_exec': 0, 'blocked_solve': 0, 'blocked_exec': 0}, 'verify_0_failures': []}, 'w88': {'counts': {'permitted_solve': 0, 'permitted_exec': 0, 'blocked_solve': 0, 'blocked_exec': 0}, 'verify_0_failures': []}, 'w89_step1': {'counts': {'permitted_solve': 0, 'permitted_exec': 0, 'blocked_solve': 0, 'blocked_exec': 0}, 'verify_0_failures': []}, 'w89_3x3_launcher': {'counts': {'permitted_solve': 0, 'permitted_exec': 0, 'blocked_solve': 0, 'blocked_exec': 0}, 'verify_0_failures': []}, 'w90_3x3_parent': {'counts': {'permitted_solve': 0, 'permitted_exec': 0, 'blocked_solve': 0, 'blocked_exec': 0}, 'verify_0_failures': []}, 'w98_parent': {'counts': {'permitted_solve': 0, 'permitted_exec': 0, 'blocked_solve': 0, 'blocked_exec': 0}, 'verify_0_failures': []}, 'w101_parent': {'counts': {'permitted_solve': 0, 'permitted_exec': 0, 'blocked_solve': 0, 'blocked_exec': 0}, 'verify_0_failures': []}, 'w118_parent': {'counts': {'permitted_solve': 0, 'permitted_exec': 0, 'blocked_solve': 0, 'blocked_exec': 0}, 'verify_0_failures': []}, 'w132_parent': {'counts': {'permitted_solve': 0, 'permitted_exec': 0, 'blocked_solve': 0, 'blocked_exec': 0}, 'verify_0_failures': []}, 'w137_parent': {'counts': {'permitted_solve': 0, 'permitted_exec': 0, 'blocked_solve': 0, 'blocked_exec': 0}, 'verify_0_failures': []}, 'w139_parent': {'counts': {'permitted_solve': 0, 'permitted_exec': 0, 'blocked_solve': 0, 'blocked_exec': 0}, 'verify_0_failures': []}, 'w142_parent': {'counts': {'permitted_solve': 0, 'permitted_exec': 0, 'blocked_solve': 0, 'blocked_exec': 0}, 'verify_0_failures': []}, 's46_ageing_mechanism_imported': {'counts': {'permitted_solve': 0, 'permitted_exec': 0, 'blocked_solve': 0, 'blocked_exec': 0}, 'verify_0_failures': []}, 'w142_ext_parent': {'counts': {'permitted_solve': 0, 'permitted_exec': 0, 'blocked_solve': 0, 'blocked_exec': 0}, 'verify_0_failures': []}} wall=4581s
