01:48:59 [W142-EXT-RUN-e_c4] memory preflight: available 18.369094848632812 GiB required 3.50 GiB -> PASS
01:48:59 [W142-EXT-RUN-e_c4] P5.15 Addendum 61, W142 -- the W135 re-settling extension re-frozen against v6 (7 cells): the ageing E arms as model variants of the ageing law on the current ESS parameters file (minimum SoH 0.70, not overridden), ungated first evaluations at the unit; pb_y2025_n5 replayed bitwise against its original record through k0 = 110; the certifying regime held after the run's first residual pass (AA off, tight tail on, rho frozen); settling rule v6 (v5 -- certification vetoed while a NON-CLEAN cycle lies in the last W cycles the test reads; clean = Optimal, or Acceptable on the primary attempt with all four IPOPT metrics within 10x the tail tolerances -- with the swing noise floor tau/10) until it certifies or the cap; W105 captures, t_sum, Q_cc, the IPOPT exit, final attempt tier and final metrics of every block, the SoH-floor sidecar and the terminal ageing trajectory; cell e_c4 (#3) eval_key c59d7006b4b9c0a297e687de73a9100121248f0dc052307eac8349e155888e0c; cap 300; lock {'pid': 91013, 'campaign_id': 's53_w142_resettle_ext_v6_e_c4', 'campaign_spec_sha256': '982231863c94d6cf35776a8a2b03787db7abefaddbb2b9dd52d69da3c64956f9', 'started_utc': '2026-10-04T01:48:59.423272+00:00'}
01:48:59 [S44-HARNESS] launched e_c4 (key db77e1549af855bc) pid=91324
01:48:59 [S44-HARNESS] heartbeat e_c4: 0s cycle=None
01:49:59 [S44-HARNESS] heartbeat e_c4: 60s cycle=None
01:50:59 [S44-HARNESS] heartbeat e_c4: 120s cycle=3
01:51:59 [S44-HARNESS] heartbeat e_c4: 180s cycle=5
01:52:59 [S44-HARNESS] heartbeat e_c4: 240s cycle=7
01:53:59 [S44-HARNESS] heartbeat e_c4: 300s cycle=9
01:54:59 [S44-HARNESS] heartbeat e_c4: 360s cycle=12
01:55:59 [S44-HARNESS] heartbeat e_c4: 420s cycle=14
01:56:59 [S44-HARNESS] heartbeat e_c4: 480s cycle=17
01:57:59 [S44-HARNESS] heartbeat e_c4: 540s cycle=19
01:58:59 [S44-HARNESS] heartbeat e_c4: 600s cycle=21
01:59:59 [S44-HARNESS] heartbeat e_c4: 660s cycle=24
02:00:59 [S44-HARNESS] heartbeat e_c4: 720s cycle=26
02:01:59 [S44-HARNESS] heartbeat e_c4: 780s cycle=29
02:02:59 [S44-HARNESS] heartbeat e_c4: 840s cycle=31
02:03:59 [S44-HARNESS] heartbeat e_c4: 900s cycle=33
02:04:59 [S44-HARNESS] heartbeat e_c4: 960s cycle=36
02:05:59 [S44-HARNESS] heartbeat e_c4: 1020s cycle=38
02:06:59 [S44-HARNESS] heartbeat e_c4: 1080s cycle=41
02:07:59 [S44-HARNESS] heartbeat e_c4: 1140s cycle=43
02:08:59 [S44-HARNESS] heartbeat e_c4: 1200s cycle=45
02:09:59 [S44-HARNESS] heartbeat e_c4: 1261s cycle=48
02:10:59 [S44-HARNESS] heartbeat e_c4: 1321s cycle=50
02:11:59 [S44-HARNESS] heartbeat e_c4: 1381s cycle=53
02:13:00 [S44-HARNESS] heartbeat e_c4: 1441s cycle=55
02:14:00 [S44-HARNESS] heartbeat e_c4: 1501s cycle=58
02:15:00 [S44-HARNESS] heartbeat e_c4: 1561s cycle=60
02:16:00 [S44-HARNESS] heartbeat e_c4: 1621s cycle=62
02:17:00 [S44-HARNESS] heartbeat e_c4: 1681s cycle=65
02:18:00 [S44-HARNESS] heartbeat e_c4: 1741s cycle=67
02:19:00 [S44-HARNESS] heartbeat e_c4: 1801s cycle=69
02:20:00 [S44-HARNESS] heartbeat e_c4: 1861s cycle=72
02:21:00 [S44-HARNESS] heartbeat e_c4: 1921s cycle=74
02:22:00 [S44-HARNESS] heartbeat e_c4: 1981s cycle=77
02:23:00 [S44-HARNESS] heartbeat e_c4: 2041s cycle=79
02:24:00 [S44-HARNESS] heartbeat e_c4: 2101s cycle=81
02:25:00 [S44-HARNESS] heartbeat e_c4: 2161s cycle=84
02:26:00 [S44-HARNESS] heartbeat e_c4: 2221s cycle=86
02:27:00 [S44-HARNESS] heartbeat e_c4: 2281s cycle=88
02:28:00 [S44-HARNESS] heartbeat e_c4: 2341s cycle=91
02:29:00 [S44-HARNESS] heartbeat e_c4: 2401s cycle=93
02:30:00 [S44-HARNESS] heartbeat e_c4: 2461s cycle=96
02:31:00 [S44-HARNESS] heartbeat e_c4: 2521s cycle=98
02:32:00 [S44-HARNESS] heartbeat e_c4: 2581s cycle=101
02:33:00 [S44-HARNESS] heartbeat e_c4: 2641s cycle=103
02:34:00 [S44-HARNESS] heartbeat e_c4: 2701s cycle=105
02:35:00 [S44-HARNESS] heartbeat e_c4: 2761s cycle=108
02:36:00 [S44-HARNESS] heartbeat e_c4: 2821s cycle=110
02:37:00 [S44-HARNESS] heartbeat e_c4: 2881s cycle=112
02:38:00 [S44-HARNESS] heartbeat e_c4: 2941s cycle=115
02:39:00 [S44-HARNESS] heartbeat e_c4: 3001s cycle=117
02:40:00 [S44-HARNESS] heartbeat e_c4: 3061s cycle=120
02:41:00 [S44-HARNESS] heartbeat e_c4: 3121s cycle=122
02:42:00 [S44-HARNESS] heartbeat e_c4: 3181s cycle=124
02:43:00 [S44-HARNESS] heartbeat e_c4: 3241s cycle=127
02:44:00 [S44-HARNESS] heartbeat e_c4: 3301s cycle=129
02:45:00 [S44-HARNESS] heartbeat e_c4: 3361s cycle=131
02:46:00 [S44-HARNESS] heartbeat e_c4: 3421s cycle=133
02:47:00 [S44-HARNESS] heartbeat e_c4: 3481s cycle=136
02:48:00 [S44-HARNESS] heartbeat e_c4: 3541s cycle=138
02:49:00 [S44-HARNESS] heartbeat e_c4: 3601s cycle=140
02:50:00 [S44-HARNESS] heartbeat e_c4: 3661s cycle=143
02:51:00 [S44-HARNESS] heartbeat e_c4: 3722s cycle=145
02:52:00 [S44-HARNESS] heartbeat e_c4: 3782s cycle=147
02:53:00 [S44-HARNESS] heartbeat e_c4: 3842s cycle=150
02:54:01 [S44-HARNESS] heartbeat e_c4: 3902s cycle=152
02:55:01 [S44-HARNESS] heartbeat e_c4: 3962s cycle=154
02:56:01 [S44-HARNESS] heartbeat e_c4: 4022s cycle=157
02:57:01 [S44-HARNESS] heartbeat e_c4: 4082s cycle=159
02:58:01 [S44-HARNESS] heartbeat e_c4: 4142s cycle=161
02:59:01 [S44-HARNESS] heartbeat e_c4: 4202s cycle=164
03:00:01 [S44-HARNESS] heartbeat e_c4: 4262s cycle=166
03:01:01 [S44-HARNESS] heartbeat e_c4: 4322s cycle=168
03:02:01 [S44-HARNESS] heartbeat e_c4: 4382s cycle=171
03:03:01 [S44-HARNESS] finished e_c4 pid=91324 exit=0 status=certified wall=4442s
03:03:07 [W142-EXT-RUN-e_c4] gates {'G1_harness_clean': True, 'G2_eval_key': True, 'G3_append_reconcile': True, 'G4_tail_state_check': True, 'G5_solve_profile_reconciled_per_event': True, 'G6_v37_optimal_and_four_metrics': True, 'G7_append_sealed': True, 'G8_persistence_on_production_certificate': True, 'G9v_variant_readback_and_floor': True, 'G11_acceptance_cross_check': True, 'G13_holds_inert_through_first_pass_held_after': True, 'G14_all_block_capture': True, 'G15_stopping_consistent': True, 'G16_lambda_sidecar_complete': True, 'G17_rule_v6_replay_reproduces_in_cycle': True, 'G18_line_fields_every_cycle': True, 'G20_production_counters_in_per_cycle_record': True, 'G21_creep_captures_complete': True, 'G22_t_sum_in_cycle_equals_stride_and_terminal': True, 'G23_overlap_recorded': True, 'G24_exit_capture_equals_the_solve_records_and_esso_logs': True, 'G24b_clean_capture_equals_the_solve_records_and_esso_logs': True, 'G25_record_status_follows_the_settling_decision': True, 'G26_floor_sidecar_end_cycle': True, 'G27_ageing_trajectory_terminal': True}
03:03:07 [W142-EXT-RUN-e_c4] settling v6: status certified k* 173 branch oscillatory band_width 3801.49955368042 Q_end 653600941.8744973 t_sum(end) 667.2738431384587 k0_run 110 non-clean cycles [] cycles 173 floor_year None AE 0.8343594349551451 record status certified
03:03:07 [W142-EXT] guards {'w142_ext_checks': {'counts': {'permitted_solve': 0, 'permitted_exec': 0, 'blocked_solve': 0, 'blocked_exec': 0}, 'verify_0_failures': []}, 'w142_checks': {'counts': {'permitted_solve': 0, 'permitted_exec': 0, 'blocked_solve': 0, 'blocked_exec': 0}, 'verify_0_failures': []}, 'w139_checks': {'counts': {'permitted_solve': 0, 'permitted_exec': 0, 'blocked_solve': 0, 'blocked_exec': 0}, 'verify_0_failures': []}, 'w137_checks': {'counts': {'permitted_solve': 0, 'permitted_exec': 0, 'blocked_solve': 0, 'blocked_exec': 0}, 'verify_0_failures': []}, 'w132_checks': {'counts': {'permitted_solve': 0, 'permitted_exec': 0, 'blocked_solve': 0, 'blocked_exec': 0}, 'verify_0_failures': []}, 'w118_checks': {'counts': {'permitted_solve': 0, 'permitted_exec': 0, 'blocked_solve': 0, 'blocked_exec': 0}, 'verify_0_failures': []}, 'w105_checks_imported': {'counts': {'permitted_solve': 0, 'permitted_exec': 0, 'blocked_solve': 0, 'blocked_exec': 0}, 'verify_0_failures': []}, 'w101_checks_imported': {'counts': {'permitted_solve': 0, 'permitted_exec': 0, 'blocked_solve': 0, 'blocked_exec': 0}, 'verify_0_failures': []}, 'w98_checks_imported': {'counts': {'permitted_solve': 0, 'permitted_exec': 0, 'blocked_solve': 0, 'blocked_exec': 0}, 'verify_0_failures': []}, 'w112_imported': {'counts': {'permitted_solve': 0, 'permitted_exec': 0, 'blocked_solve': 0, 'blocked_exec': 0}, 'verify_0_failures': []}, 'w141_swing_variants': {'counts': {'permitted_solve': 0, 'permitted_exec': 0, 'blocked_solve': 0, 'blocked_exec': 0}, 'verify_0_failures': []}, 'w139_v5_from_records': {'counts': {'permitted_solve': 0, 'permitted_exec': 0, 'blocked_solve': 0, 'blocked_exec': 0}, 'verify_0_failures': []}, 'w131_imported': {'counts': {'permitted_solve': 0, 'permitted_exec': 0, 'blocked_solve': 0, 'blocked_exec': 0}, 'verify_0_failures': []}, 'w137_ra_imported': {'counts': {'permitted_solve': 0, 'permitted_exec': 0, 'blocked_solve': 0, 'blocked_exec': 0}, 'verify_0_failures': []}, 'w135_checks': {'counts': {'permitted_solve': 0, 'permitted_exec': 0, 'blocked_solve': 0, 'blocked_exec': 0}, 'verify_0_failures': []}, 's46_variant_checks_imported': {'counts': {'permitted_solve': 0, 'permitted_exec': 0, 'blocked_solve': 0, 'blocked_exec': 0}, 'verify_0_failures': []}, 'alpha_row_launcher': {'counts': {'permitted_solve': 0, 'permitted_exec': 0, 'blocked_solve': 0, 'blocked_exec': 0}, 'verify_0_failures': []}, 'w86_launcher': {'counts': {'permitted_solve': 0, 'permitted_exec': 0, 'blocked_solve': 0, 'blocked_exec': 0}, 'verify_0_failures': []}, 'w87': {'counts': {'permitted_solve': 0, 'permitted_exec': 0, 'blocked_solve': 0, 'blocked_exec': 0}, 'verify_0_failures': []}, 'w88': {'counts': {'permitted_solve': 0, 'permitted_exec': 0, 'blocked_solve': 0, 'blocked_exec': 0}, 'verify_0_failures': []}, 'w89_step1': {'counts': {'permitted_solve': 0, 'permitted_exec': 0, 'blocked_solve': 0, 'blocked_exec': 0}, 'verify_0_failures': []}, 'w89_3x3_launcher': {'counts': {'permitted_solve': 0, 'permitted_exec': 0, 'blocked_solve': 0, 'blocked_exec': 0}, 'verify_0_failures': []}, 'w90_3x3_parent': {'counts': {'permitted_solve': 0, 'permitted_exec': 0, 'blocked_solve': 0, 'blocked_exec': 0}, 'verify_0_failures': []}, 'w98_parent': {'counts': {'permitted_solve': 0, 'permitted_exec': 0, 'blocked_solve': 0, 'blocked_exec': 0}, 'verify_0_failures': []}, 'w101_parent': {'counts': {'permitted_solve': 0, 'permitted_exec': 0, 'blocked_solve': 0, 'blocked_exec': 0}, 'verify_0_failures': []}, 'w118_parent': {'counts': {'permitted_solve': 0, 'permitted_exec': 0, 'blocked_solve': 0, 'blocked_exec': 0}, 'verify_0_failures': []}, 'w132_parent': {'counts': {'permitted_solve': 0, 'permitted_exec': 0, 'blocked_solve': 0, 'blocked_exec': 0}, 'verify_0_failures': []}, 'w137_parent': {'counts': {'permitted_solve': 0, 'permitted_exec': 0, 'blocked_solve': 0, 'blocked_exec': 0}, 'verify_0_failures': []}, 'w139_parent': {'counts': {'permitted_solve': 0, 'permitted_exec': 0, 'blocked_solve': 0, 'blocked_exec': 0}, 'verify_0_failures': []}, 'w142_parent': {'counts': {'permitted_solve': 0, 'permitted_exec': 0, 'blocked_solve': 0, 'blocked_exec': 0}, 'verify_0_failures': []}, 's46_ageing_mechanism_imported': {'counts': {'permitted_solve': 0, 'permitted_exec': 0, 'blocked_solve': 0, 'blocked_exec': 0}, 'verify_0_failures': []}, 'w142_ext_parent': {'counts': {'permitted_solve': 0, 'permitted_exec': 0, 'blocked_solve': 0, 'blocked_exec': 0}, 'verify_0_failures': []}} wall=4490s
