03:06:00 [W142-EXT-RUN-e_c2_calfade] memory preflight: available 18.285415649414062 GiB required 3.50 GiB -> PASS
03:06:00 [W142-EXT-RUN-e_c2_calfade] P5.15 Addendum 61, W142 -- the W135 re-settling extension re-frozen against v6 (7 cells): the ageing E arms as model variants of the ageing law on the current ESS parameters file (minimum SoH 0.70, not overridden), ungated first evaluations at the unit; pb_y2025_n5 replayed bitwise against its original record through k0 = 110; the certifying regime held after the run's first residual pass (AA off, tight tail on, rho frozen); settling rule v6 (v5 -- certification vetoed while a NON-CLEAN cycle lies in the last W cycles the test reads; clean = Optimal, or Acceptable on the primary attempt with all four IPOPT metrics within 10x the tail tolerances -- with the swing noise floor tau/10) until it certifies or the cap; W105 captures, t_sum, Q_cc, the IPOPT exit, final attempt tier and final metrics of every block, the SoH-floor sidecar and the terminal ageing trajectory; cell e_c2_calfade (#4) eval_key bbd82994a7ddff9484d385761133695f600b35452acb0e5e75e1777be8b903d2; cap 300; lock {'pid': 2926, 'campaign_id': 's53_w142_resettle_ext_v6_e_c2_calfade', 'campaign_spec_sha256': 'aedebc38fa1ec27af4c02196521cb3558679e7f3673d806afe4cc817fdaceb9c', 'started_utc': '2026-10-04T03:06:00.828371+00:00'}
03:06:00 [S44-HARNESS] launched e_c2_calfade (key db77e1549af855bc) pid=3245
03:06:00 [S44-HARNESS] heartbeat e_c2_calfade: 0s cycle=None
03:07:00 [S44-HARNESS] heartbeat e_c2_calfade: 60s cycle=None
03:08:00 [S44-HARNESS] heartbeat e_c2_calfade: 120s cycle=3
03:09:00 [S44-HARNESS] heartbeat e_c2_calfade: 180s cycle=5
03:10:00 [S44-HARNESS] heartbeat e_c2_calfade: 240s cycle=7
03:11:00 [S44-HARNESS] heartbeat e_c2_calfade: 300s cycle=9
03:12:00 [S44-HARNESS] heartbeat e_c2_calfade: 360s cycle=12
03:13:01 [S44-HARNESS] heartbeat e_c2_calfade: 420s cycle=14
03:14:01 [S44-HARNESS] heartbeat e_c2_calfade: 480s cycle=16
03:15:01 [S44-HARNESS] heartbeat e_c2_calfade: 540s cycle=19
03:16:01 [S44-HARNESS] heartbeat e_c2_calfade: 600s cycle=21
03:17:01 [S44-HARNESS] heartbeat e_c2_calfade: 660s cycle=24
03:18:01 [S44-HARNESS] heartbeat e_c2_calfade: 720s cycle=26
03:19:01 [S44-HARNESS] heartbeat e_c2_calfade: 780s cycle=28
03:20:01 [S44-HARNESS] heartbeat e_c2_calfade: 840s cycle=31
03:21:01 [S44-HARNESS] heartbeat e_c2_calfade: 900s cycle=33
03:22:01 [S44-HARNESS] heartbeat e_c2_calfade: 960s cycle=36
03:23:01 [S44-HARNESS] heartbeat e_c2_calfade: 1020s cycle=38
03:24:01 [S44-HARNESS] heartbeat e_c2_calfade: 1080s cycle=41
03:25:01 [S44-HARNESS] heartbeat e_c2_calfade: 1140s cycle=43
03:26:01 [S44-HARNESS] heartbeat e_c2_calfade: 1200s cycle=45
03:27:01 [S44-HARNESS] heartbeat e_c2_calfade: 1261s cycle=48
03:28:01 [S44-HARNESS] heartbeat e_c2_calfade: 1321s cycle=50
03:29:01 [S44-HARNESS] heartbeat e_c2_calfade: 1381s cycle=53
03:30:01 [S44-HARNESS] heartbeat e_c2_calfade: 1441s cycle=55
03:31:01 [S44-HARNESS] heartbeat e_c2_calfade: 1501s cycle=58
03:32:01 [S44-HARNESS] heartbeat e_c2_calfade: 1561s cycle=60
03:33:01 [S44-HARNESS] heartbeat e_c2_calfade: 1621s cycle=62
03:34:01 [S44-HARNESS] heartbeat e_c2_calfade: 1681s cycle=65
03:35:01 [S44-HARNESS] heartbeat e_c2_calfade: 1741s cycle=67
03:36:01 [S44-HARNESS] heartbeat e_c2_calfade: 1801s cycle=70
03:37:01 [S44-HARNESS] heartbeat e_c2_calfade: 1861s cycle=72
03:38:01 [S44-HARNESS] heartbeat e_c2_calfade: 1921s cycle=74
03:39:01 [S44-HARNESS] heartbeat e_c2_calfade: 1981s cycle=77
03:40:01 [S44-HARNESS] heartbeat e_c2_calfade: 2041s cycle=79
03:41:01 [S44-HARNESS] heartbeat e_c2_calfade: 2101s cycle=82
03:42:01 [S44-HARNESS] heartbeat e_c2_calfade: 2161s cycle=84
03:43:01 [S44-HARNESS] heartbeat e_c2_calfade: 2221s cycle=87
03:44:01 [S44-HARNESS] heartbeat e_c2_calfade: 2281s cycle=89
03:45:01 [S44-HARNESS] heartbeat e_c2_calfade: 2341s cycle=92
03:46:01 [S44-HARNESS] heartbeat e_c2_calfade: 2401s cycle=94
03:47:01 [S44-HARNESS] heartbeat e_c2_calfade: 2461s cycle=96
03:48:01 [S44-HARNESS] heartbeat e_c2_calfade: 2521s cycle=99
03:49:01 [S44-HARNESS] heartbeat e_c2_calfade: 2581s cycle=101
03:50:01 [S44-HARNESS] heartbeat e_c2_calfade: 2641s cycle=104
03:51:01 [S44-HARNESS] heartbeat e_c2_calfade: 2701s cycle=106
03:52:01 [S44-HARNESS] heartbeat e_c2_calfade: 2761s cycle=108
03:53:01 [S44-HARNESS] heartbeat e_c2_calfade: 2821s cycle=111
03:54:02 [S44-HARNESS] heartbeat e_c2_calfade: 2881s cycle=113
03:55:02 [S44-HARNESS] heartbeat e_c2_calfade: 2941s cycle=115
03:56:02 [S44-HARNESS] heartbeat e_c2_calfade: 3001s cycle=118
03:57:02 [S44-HARNESS] heartbeat e_c2_calfade: 3061s cycle=120
03:58:02 [S44-HARNESS] heartbeat e_c2_calfade: 3121s cycle=123
03:59:02 [S44-HARNESS] heartbeat e_c2_calfade: 3181s cycle=125
04:00:02 [S44-HARNESS] heartbeat e_c2_calfade: 3241s cycle=127
04:01:02 [S44-HARNESS] heartbeat e_c2_calfade: 3301s cycle=130
04:02:02 [S44-HARNESS] heartbeat e_c2_calfade: 3361s cycle=132
04:03:02 [S44-HARNESS] heartbeat e_c2_calfade: 3421s cycle=135
04:04:02 [S44-HARNESS] heartbeat e_c2_calfade: 3481s cycle=137
04:05:02 [S44-HARNESS] heartbeat e_c2_calfade: 3541s cycle=139
04:06:02 [S44-HARNESS] heartbeat e_c2_calfade: 3601s cycle=142
04:07:02 [S44-HARNESS] heartbeat e_c2_calfade: 3661s cycle=144
04:08:02 [S44-HARNESS] heartbeat e_c2_calfade: 3722s cycle=146
04:09:02 [S44-HARNESS] heartbeat e_c2_calfade: 3782s cycle=149
04:10:02 [S44-HARNESS] heartbeat e_c2_calfade: 3842s cycle=151
04:11:02 [S44-HARNESS] heartbeat e_c2_calfade: 3902s cycle=154
04:12:02 [S44-HARNESS] heartbeat e_c2_calfade: 3962s cycle=156
04:13:02 [S44-HARNESS] heartbeat e_c2_calfade: 4022s cycle=158
04:14:02 [S44-HARNESS] heartbeat e_c2_calfade: 4082s cycle=161
04:15:02 [S44-HARNESS] heartbeat e_c2_calfade: 4142s cycle=163
04:16:02 [S44-HARNESS] heartbeat e_c2_calfade: 4202s cycle=165
04:17:02 [S44-HARNESS] heartbeat e_c2_calfade: 4262s cycle=168
04:18:02 [S44-HARNESS] heartbeat e_c2_calfade: 4322s cycle=170
04:18:57 [S44-HARNESS] finished e_c2_calfade pid=3245 exit=0 status=certified wall=4377s
04:19:04 [W142-EXT-RUN-e_c2_calfade] gates {'G1_harness_clean': True, 'G2_eval_key': True, 'G3_append_reconcile': True, 'G4_tail_state_check': True, 'G5_solve_profile_reconciled_per_event': True, 'G6_v37_optimal_and_four_metrics': True, 'G7_append_sealed': True, 'G8_persistence_on_production_certificate': True, 'G9v_variant_readback_and_floor': True, 'G11_acceptance_cross_check': True, 'G13_holds_inert_through_first_pass_held_after': True, 'G14_all_block_capture': True, 'G15_stopping_consistent': True, 'G16_lambda_sidecar_complete': True, 'G17_rule_v6_replay_reproduces_in_cycle': True, 'G18_line_fields_every_cycle': True, 'G20_production_counters_in_per_cycle_record': True, 'G21_creep_captures_complete': True, 'G22_t_sum_in_cycle_equals_stride_and_terminal': True, 'G23_overlap_recorded': True, 'G24_exit_capture_equals_the_solve_records_and_esso_logs': True, 'G24b_clean_capture_equals_the_solve_records_and_esso_logs': True, 'G25_record_status_follows_the_settling_decision': True, 'G26_floor_sidecar_end_cycle': True, 'G27_ageing_trajectory_terminal': True, 'G28_c2_calfade_reproduces_3f084f2f_through_172': True}
04:19:04 [W142-EXT-RUN-e_c2_calfade] settling v6: status certified k* 172 branch oscillatory band_width 4351.407173395157 Q_end 653620162.5657823 t_sum(end) 662.9971061576365 k0_run 103 non-clean cycles [] cycles 172 floor_year 2035 AE 0.7927159115133644 record status certified
04:19:04 [W142-EXT] guards {'w142_ext_checks': {'counts': {'permitted_solve': 0, 'permitted_exec': 0, 'blocked_solve': 0, 'blocked_exec': 0}, 'verify_0_failures': []}, 'w142_checks': {'counts': {'permitted_solve': 0, 'permitted_exec': 0, 'blocked_solve': 0, 'blocked_exec': 0}, 'verify_0_failures': []}, 'w139_checks': {'counts': {'permitted_solve': 0, 'permitted_exec': 0, 'blocked_solve': 0, 'blocked_exec': 0}, 'verify_0_failures': []}, 'w137_checks': {'counts': {'permitted_solve': 0, 'permitted_exec': 0, 'blocked_solve': 0, 'blocked_exec': 0}, 'verify_0_failures': []}, 'w132_checks': {'counts': {'permitted_solve': 0, 'permitted_exec': 0, 'blocked_solve': 0, 'blocked_exec': 0}, 'verify_0_failures': []}, 'w118_checks': {'counts': {'permitted_solve': 0, 'permitted_exec': 0, 'blocked_solve': 0, 'blocked_exec': 0}, 'verify_0_failures': []}, 'w105_checks_imported': {'counts': {'permitted_solve': 0, 'permitted_exec': 0, 'blocked_solve': 0, 'blocked_exec': 0}, 'verify_0_failures': []}, 'w101_checks_imported': {'counts': {'permitted_solve': 0, 'permitted_exec': 0, 'blocked_solve': 0, 'blocked_exec': 0}, 'verify_0_failures': []}, 'w98_checks_imported': {'counts': {'permitted_solve': 0, 'permitted_exec': 0, 'blocked_solve': 0, 'blocked_exec': 0}, 'verify_0_failures': []}, 'w112_imported': {'counts': {'permitted_solve': 0, 'permitted_exec': 0, 'blocked_solve': 0, 'blocked_exec': 0}, 'verify_0_failures': []}, 'w141_swing_variants': {'counts': {'permitted_solve': 0, 'permitted_exec': 0, 'blocked_solve': 0, 'blocked_exec': 0}, 'verify_0_failures': []}, 'w139_v5_from_records': {'counts': {'permitted_solve': 0, 'permitted_exec': 0, 'blocked_solve': 0, 'blocked_exec': 0}, 'verify_0_failures': []}, 'w131_imported': {'counts': {'permitted_solve': 0, 'permitted_exec': 0, 'blocked_solve': 0, 'blocked_exec': 0}, 'verify_0_failures': []}, 'w137_ra_imported': {'counts': {'permitted_solve': 0, 'permitted_exec': 0, 'blocked_solve': 0, 'blocked_exec': 0}, 'verify_0_failures': []}, 'w135_checks': {'counts': {'permitted_solve': 0, 'permitted_exec': 0, 'blocked_solve': 0, 'blocked_exec': 0}, 'verify_0_failures': []}, 's46_variant_checks_imported': {'counts': {'permitted_solve': 0, 'permitted_exec': 0, 'blocked_solve': 0, 'blocked_exec': 0}, 'verify_0_failures': []}, 'alpha_row_launcher': {'counts': {'permitted_solve': 0, 'permitted_exec': 0, 'blocked_solve': 0, 'blocked_exec': 0}, 'verify_0_failures': []}, 'w86_launcher': {'counts': {'permitted_solve': 0, 'permitted_exec': 0, 'blocked_solve': 0, 'blocked_exec': 0}, 'verify_0_failures': []}, 'w87': {'counts': {'permitted_solve': 0, 'permitted_exec': 0, 'blocked_solve': 0, 'blocked_exec': 0}, 'verify_0_failures': []}, 'w88': {'counts': {'permitted_solve': 0, 'permitted_exec': 0, 'blocked_solve': 0, 'blocked_exec': 0}, 'verify_0_failures': []}, 'w89_step1': {'counts': {'permitted_solve': 0, 'permitted_exec': 0, 'blocked_solve': 0, 'blocked_exec': 0}, 'verify_0_failures': []}, 'w89_3x3_launcher': {'counts': {'permitted_solve': 0, 'permitted_exec': 0, 'blocked_solve': 0, 'blocked_exec': 0}, 'verify_0_failures': []}, 'w90_3x3_parent': {'counts': {'permitted_solve': 0, 'permitted_exec': 0, 'blocked_solve': 0, 'blocked_exec': 0}, 'verify_0_failures': []}, 'w98_parent': {'counts': {'permitted_solve': 0, 'permitted_exec': 0, 'blocked_solve': 0, 'blocked_exec': 0}, 'verify_0_failures': []}, 'w101_parent': {'counts': {'permitted_solve': 0, 'permitted_exec': 0, 'blocked_solve': 0, 'blocked_exec': 0}, 'verify_0_failures': []}, 'w118_parent': {'counts': {'permitted_solve': 0, 'permitted_exec': 0, 'blocked_solve': 0, 'blocked_exec': 0}, 'verify_0_failures': []}, 'w132_parent': {'counts': {'permitted_solve': 0, 'permitted_exec': 0, 'blocked_solve': 0, 'blocked_exec': 0}, 'verify_0_failures': []}, 'w137_parent': {'counts': {'permitted_solve': 0, 'permitted_exec': 0, 'blocked_solve': 0, 'blocked_exec': 0}, 'verify_0_failures': []}, 'w139_parent': {'counts': {'permitted_solve': 0, 'permitted_exec': 0, 'blocked_solve': 0, 'blocked_exec': 0}, 'verify_0_failures': []}, 'w142_parent': {'counts': {'permitted_solve': 0, 'permitted_exec': 0, 'blocked_solve': 0, 'blocked_exec': 0}, 'verify_0_failures': []}, 's46_ageing_mechanism_imported': {'counts': {'permitted_solve': 0, 'permitted_exec': 0, 'blocked_solve': 0, 'blocked_exec': 0}, 'verify_0_failures': []}, 'w142_ext_parent': {'counts': {'permitted_solve': 0, 'permitted_exec': 0, 'blocked_solve': 0, 'blocked_exec': 0}, 'verify_0_failures': []}} wall=4426s
