[INFO] Scenario random seed: 2026
[INFO] Reading MARKET DATA from file(s)...
[INFO] 	 - Generating market scenarios...
[INFO] 	 - Plotting market scenarios...
[INFO] Reading DISTRIBUTION NETWORK DATA from file(s)...
[INFO]	 - Generating load stochastic scenarios...
[INFO]	 - Generating RES generation stochastic scenarios...
[INFO]	 - Generating flexibility stochastic scenarios...
[INFO]	 - Plotting flexibility profiles...
[INFO]	 - Plotting load scenarios...
[INFO]	 - Plotting RES generation scenarios...
[INFO] Reading DISTRIBUTION NETWORK DATA from file(s)...
[INFO]	 - Generating load stochastic scenarios...
[INFO]	 - Generating RES generation stochastic scenarios...
[INFO]	 - Generating flexibility stochastic scenarios...
[INFO]	 - Plotting flexibility profiles...
[INFO]	 - Plotting load scenarios...
[INFO]	 - Plotting RES generation scenarios...
[INFO] Reading DISTRIBUTION NETWORK DATA from file(s)...
[INFO]	 - Generating load stochastic scenarios...
[INFO]	 - Generating RES generation stochastic scenarios...
[INFO]	 - Generating flexibility stochastic scenarios...
[INFO]	 - Plotting flexibility profiles...
[INFO]	 - Plotting load scenarios...
[INFO]	 - Plotting RES generation scenarios...
[INFO] Reading TRANSMISSION NETWORK DATA from file(s)...
[INFO]	 - Generating load stochastic scenarios...
[INFO]	 - Generating RES generation stochastic scenarios...
[INFO]	 - Generating flexibility stochastic scenarios...
[INFO]	 - Plotting flexibility profiles...
[INFO]	 - Plotting load scenarios...
[INFO]	 - Plotting RES generation scenarios...
[INFO] Scenario checksum: 53b4bea4142001617282a08541079952564903b6d84db066f90d71a650b7d563
[INFO] Reading SHARED ESS DATA from file(s)...
[INFO] Reading PLANNING PARAMETERS from file...
[INFO] Scenario random seed: 2026
[INFO] Reading MARKET DATA from file(s)...
[INFO] 	 - Generating market scenarios...
[INFO] 	 - Plotting market scenarios...
[INFO] Reading DISTRIBUTION NETWORK DATA from file(s)...
[INFO]	 - Generating load stochastic scenarios...
[INFO]	 - Generating RES generation stochastic scenarios...
[INFO]	 - Generating flexibility stochastic scenarios...
[INFO]	 - Plotting flexibility profiles...
[INFO]	 - Plotting load scenarios...
[INFO]	 - Plotting RES generation scenarios...
[INFO] Reading DISTRIBUTION NETWORK DATA from file(s)...
[INFO]	 - Generating load stochastic scenarios...
[INFO]	 - Generating RES generation stochastic scenarios...
[INFO]	 - Generating flexibility stochastic scenarios...
[INFO]	 - Plotting flexibility profiles...
[INFO]	 - Plotting load scenarios...
[INFO]	 - Plotting RES generation scenarios...
[INFO] Reading DISTRIBUTION NETWORK DATA from file(s)...
[INFO]	 - Generating load stochastic scenarios...
[INFO]	 - Generating RES generation stochastic scenarios...
[INFO]	 - Generating flexibility stochastic scenarios...
[INFO]	 - Plotting flexibility profiles...
[INFO]	 - Plotting load scenarios...
[INFO]	 - Plotting RES generation scenarios...
[INFO] Reading TRANSMISSION NETWORK DATA from file(s)...
[INFO]	 - Generating load stochastic scenarios...
[INFO]	 - Generating RES generation stochastic scenarios...
[INFO]	 - Generating flexibility stochastic scenarios...
[INFO]	 - Plotting flexibility profiles...
[INFO]	 - Plotting load scenarios...
[INFO]	 - Plotting RES generation scenarios...
[INFO] Scenario checksum: 5a02b77ccbbbbbb869de92958a3851d095624711abc2dbfc0157466064410358
[INFO] Reading SHARED ESS DATA from file(s)...
[INFO] Reading PLANNING PARAMETERS from file...
[INFO] Scenario random seed: 2026
[INFO] Reading MARKET DATA from file(s)...
[INFO] 	 - Generating market scenarios...
[INFO] 	 - Plotting market scenarios...
[INFO] Reading DISTRIBUTION NETWORK DATA from file(s)...
[INFO]	 - Generating load stochastic scenarios...
[INFO]	 - Generating RES generation stochastic scenarios...
[INFO]	 - Generating flexibility stochastic scenarios...
[INFO]	 - Plotting flexibility profiles...
[INFO]	 - Plotting load scenarios...
[INFO]	 - Plotting RES generation scenarios...
[INFO] Reading DISTRIBUTION NETWORK DATA from file(s)...
[INFO]	 - Generating load stochastic scenarios...
[INFO]	 - Generating RES generation stochastic scenarios...
[INFO]	 - Generating flexibility stochastic scenarios...
[INFO]	 - Plotting flexibility profiles...
[INFO]	 - Plotting load scenarios...
[INFO]	 - Plotting RES generation scenarios...
[INFO] Reading DISTRIBUTION NETWORK DATA from file(s)...
[INFO]	 - Generating load stochastic scenarios...
[INFO]	 - Generating RES generation stochastic scenarios...
[INFO]	 - Generating flexibility stochastic scenarios...
[INFO]	 - Plotting flexibility profiles...
[INFO]	 - Plotting load scenarios...
[INFO]	 - Plotting RES generation scenarios...
[INFO] Reading TRANSMISSION NETWORK DATA from file(s)...
[INFO]	 - Generating load stochastic scenarios...
[INFO]	 - Generating RES generation stochastic scenarios...
[INFO]	 - Generating flexibility stochastic scenarios...
[INFO]	 - Plotting flexibility profiles...
[INFO]	 - Plotting load scenarios...
[INFO]	 - Plotting RES generation scenarios...
[INFO] Scenario checksum: 1e8bdd3e5233442a87fbe44b78281c8ae61b09c09700388fed20ab9684d18aef
[INFO] Reading SHARED ESS DATA from file(s)...
[INFO] Reading PLANNING PARAMETERS from file...
20:38:24 [S52-REPRO] P5.15 Addendum 39 (W47) -- the multi-scenario pilot (Addendum 36): paper years x 4 days x 2 market x 2 operation scenarios, row 18 at alpha = 0.50, baseline ageing, AA-on
20:38:24 [S52-REPRO] frozen campaign spec: data/SRP1/Results/P515S52/campaign_s52_pilot_repro_nopersist/campaign_spec_s52_pilot_repro_nopersist_2d0fccd5.json sha256=2d0fccd5414e1a33a9ee9e3e66012784e13255d492fabc9021a7cbcad8f30568
20:38:24 [S52-REPRO] instance s52_pilot_2x2: data/SRP1/Results/P515S52/pilot_instance/SRP1__s52_pilot_2x2.json sha256=7ecff44a874892187d1dd2e3d5ed0664a2f90a4bfa4cdb820a4abcbbd828f949 (W45 True); scenario checksum 53b4bea4142001617282a08541079952564903b6d84db066f90d71a650b7d563 (W45 True)
20:38:24 [S52-REPRO] dimensions: years {'2025': 3, '2028': 3, '2031': 3, '2034': 3, '2037': 3} x days {'Spring': 92, 'Summer': 91, 'Autumn': 91, 'Winter': 91}; market 2 x operation {'case9': 2, 'case33_1': 2, 'case33_2': 2, 'case33_3': 2}; blocks {'tso_blocks': 20, 'dso_blocks': 60, 'network_blocks': 80, 'esso_models': 3, 'solves_per_cycle': 83}
20:38:24 [S52-REPRO] block size TSO|None|2025|Spring: vars {'srp1': 3546, 'pilot': 14184, 'paper': 88650} constraints {'srp1': 3018, 'pilot': 10119, 'paper': 59826} (pilot/SRP1 vars 4.00, paper/pilot vars 6.25)
20:38:24 [S52-REPRO] block size DSO|7|2025|Spring: vars {'srp1': 10762, 'pilot': 43048, 'paper': 269050} constraints {'srp1': 7683, 'pilot': 30081, 'paper': 186867} (pilot/SRP1 vars 4.00, paper/pilot vars 6.25)
20:38:24 [S52-REPRO]   x0: key=8435c71859ddde68 eval_key=7d53b6f21b686a44 I(x)=0.0 slack=1000000.0
20:38:24 [S52-REPRO] sigma inputs: floor ratio 0.3606 vs band [0.3333333333333333, 3.0] (x1.0818 the lower edge); paper reference 0.5970
20:38:24 [S52-REPRO] min hourly mean price 9.8120 (floor needed: False); snapshots lightweight / lightweight
20:38:24 [S52-REPRO] spec checks: all=True failing=[]
20:38:24 [S52-REPRO] rule eleven: {'path_is_run_admm_arm': True, 'path_never_calls_run_s39_arm': True, 'run_s39_arm_is_the_one_with_the_hard_coded_sigma': True, 'derived_instance_installed_first': True, 'derived_instance_checksum_checked_in_child': True, 'premium_applied_in_config_hook': True, 'premium_threaded_by_production': True, 'sigma_in_state': True, 'sigma_calibration_recorded': True, 'sigma_assertion_is_production': True, 'capture_wired_before_post_certification': True, 'dispersion_production_function': True, 'dispersion_max_over_blocks_E_abs_d_sum_omega_d2': True, 'row18_charge_and_readback': True, 'settlement_split_parts': True, 'covariance_recomputed_independently': True, 'settlement_identity_reported': True, 'per_scenario_costs_production': True, 'per_scenario_costs_reconciled_to_block_recourse': True, 'per_scenario_interface_profiles_production': True, 'shared_ess_schedule_read_at_na_scenario': True, 'voltage_mismatch_reported': True, 'workbook_production_writer': True, 'workbook_gets_run_results': True, 'excel_dispersion_reads_na_copy': True, 'network_results_shared_ess_at_na': True, 'ess_dispatch_esso_capture': True, 'soh_trajectory_declared_ageing': True, 'penalty_table_component_levels': True, 'per_cycle_trajectory_written': True, 'record_carries_multiscenario_summary': True, 'record_rule_ten': True, 'hull_polish_gate': True, 'capture_error_exits_2': True, 'terminal_phase_serialized': True}
20:38:24 [S52-REPRO] lock observations (non-gating at --freeze): []
20:38:24 [S52-REPRO] memory at freeze (non-gating): available (memsize - wired - anonymous - compressor) = 19.11 GiB; free+inactive = 13.49 GiB (recorded only); required 11.00 GiB (hw.memsize - (wired + anonymous + compressor-occupied) x page size >= 1 x 7 GiB + 4 GiB (one terminal-phase transient at a time: the harness terminal-phase lock)) -> would PASS now
20:38:24 [S52-REPRO] parent guard {'permitted_solve': 0, 'permitted_exec': 0, 'blocked_solve': 0, 'blocked_exec': 0} verify0_failures=[] wall=43.6s
20:38:24 [S52-REPRO] freeze OK
20:38:24 [S52-REPRO] run with: --stage repro --run --spec-sha256 2d0fccd5414e1a33a9ee9e3e66012784e13255d492fabc9021a7cbcad8f30568
