[INFO] Scenario random seed: 2026
[INFO] Reading MARKET DATA from file(s)...
[INFO] 	 - Generating market scenarios...
[INFO] 	 - Plotting market scenarios...
[INFO] Reading DISTRIBUTION NETWORK DATA from file(s)...
[INFO]	 - Generating load stochastic scenarios...
[INFO]	 - Generating RES generation stochastic scenarios...
[INFO]	 - Generating flexibility stochastic scenarios...
[INFO]	 - Plotting flexibility profiles...
[INFO]	 - Plotting load scenarios...
[INFO]	 - Plotting RES generation scenarios...
[INFO] Reading DISTRIBUTION NETWORK DATA from file(s)...
[INFO]	 - Generating load stochastic scenarios...
[INFO]	 - Generating RES generation stochastic scenarios...
[INFO]	 - Generating flexibility stochastic scenarios...
[INFO]	 - Plotting flexibility profiles...
[INFO]	 - Plotting load scenarios...
[INFO]	 - Plotting RES generation scenarios...
[INFO] Reading DISTRIBUTION NETWORK DATA from file(s)...
[INFO]	 - Generating load stochastic scenarios...
[INFO]	 - Generating RES generation stochastic scenarios...
[INFO]	 - Generating flexibility stochastic scenarios...
[INFO]	 - Plotting flexibility profiles...
[INFO]	 - Plotting load scenarios...
[INFO]	 - Plotting RES generation scenarios...
[INFO] Reading TRANSMISSION NETWORK DATA from file(s)...
[INFO]	 - Generating load stochastic scenarios...
[INFO]	 - Generating RES generation stochastic scenarios...
[INFO]	 - Generating flexibility stochastic scenarios...
[INFO]	 - Plotting flexibility profiles...
[INFO]	 - Plotting load scenarios...
[INFO]	 - Plotting RES generation scenarios...
[INFO] Scenario checksum: 53b4bea4142001617282a08541079952564903b6d84db066f90d71a650b7d563
[INFO] Reading SHARED ESS DATA from file(s)...
[INFO] Reading PLANNING PARAMETERS from file...
14:00:59 [W64] [W64-ROW-FREEZE] P5.15 Addendum 40 ruling 1 (W64) -- the R3.6 alpha row on the 2 x 2 pilot instance: x = 0 at alpha in {0, 0.1, 0.25, 0.5, 1.0} + the smallest node-7 unit at alpha = 0.5, all certified; a two-mechanism cost-of-commitment curve
14:00:59 [W64] [W64-ROW-FREEZE] frozen campaign spec: data/SRP1/Results/P515S53/alpha_row/campaign_s53_alpha_row/campaign_spec_s53_alpha_row_870f3af8.json sha256=870f3af8cff8c9bb41ecdcaa368f6044723abc557e1ab8dcfea347902fce9266
14:00:59 [W64] [W64-ROW-FREEZE]   x0_a0p50: alpha=0.5 key=8435c71859ddde68 eval_key=7d53b6f21b686a44
14:00:59 [W64] [W64-ROW-FREEZE]   n7_4h_e1_a0p50: alpha=0.5 key=db77e1549af855bc eval_key=711fce9aa74d6878
14:00:59 [W64] [W64-ROW-FREEZE]   x0_a0p00: alpha=0.0 key=8435c71859ddde68 eval_key=b123cd978794d690
14:00:59 [W64] [W64-ROW-FREEZE]   x0_a1p00: alpha=1.0 key=8435c71859ddde68 eval_key=1bb2d63a07273887
14:00:59 [W64] [W64-ROW-FREEZE]   x0_a0p10: alpha=0.1 key=8435c71859ddde68 eval_key=7516903c91153a29
14:00:59 [W64] [W64-ROW-FREEZE]   x0_a0p25: alpha=0.25 key=8435c71859ddde68 eval_key=62b46280a65f7744
14:00:59 [W64] [W64-ROW-FREEZE] instance facts: checksum 53b4bea414200161 blocks {'tso_blocks': 20, 'dso_blocks': 60, 'network_blocks': 80, 'esso_models': 3, 'solves_per_cycle': 83} solves/cycle 83 min pibar 9.8120 alpha_arb 0.0422/0.1889/0.8774 (Planner 0.022/0.157/0.668)
14:00:59 [W64] [W64-ROW-FREEZE] spec checks all=True failing=[]
14:00:59 [W64] [W64-ROW-FREEZE] hazard static {'evaluate_writes_only_under_ctx_roots': True, 'child_reads_no_other_campaign_root': True, 'protected_roots_exist': True, 'own_roots_outside_protected': True}
14:00:59 [W64] [W64-ROW-FREEZE] memory at freeze (non-gating): available (memsize - wired - anonymous - compressor) = 20.62 GiB; free+inactive = 13.47 GiB (recorded only); required 18.00 GiB (hw.memsize - (wired + anonymous + compressor-occupied) x page size >= 2 x 7 GiB + 4 GiB (one terminal-phase transient at a time: the harness terminal-phase lock)) -> PASS
14:00:59 [W64] [W64-ROW-FREEZE] lock observations (non-gating): []
14:00:59 [W64] [W64-ROW-FREEZE] guard {'permitted_solve': 0, 'permitted_exec': 0, 'blocked_solve': 0, 'blocked_exec': 0} verify0=[] wall=14.3s
14:00:59 [W64] [W64-ROW-FREEZE] freeze OK; run with --stage row --run --spec-sha256 870f3af8cff8c9bb41ecdcaa368f6044723abc557e1ab8dcfea347902fce9266
