22:25:57 [W64] [W65-ROW-PAIR2] memory preflight: available (memsize - wired - anonymous - compressor) = 22.03 GiB; free+inactive = 13.96 GiB (recorded only); required 18.00 GiB (hw.memsize - (wired + anonymous + compressor-occupied) x page size >= 2 x 7 GiB + 4 GiB (one terminal-phase transient at a time: the harness terminal-phase lock)) -> PASS
22:25:57 [W64] [W65-ROW-PAIR2] P5.15 Addendum 40 ruling 1 (W64) -- the R3.6 alpha row on the 2 x 2 pilot instance: x = 0 at alpha in {0, 0.1, 0.25, 0.5, 1.0} + the smallest node-7 unit at alpha = 0.5, all certified; a two-mechanism cost-of-commitment curve; pair 2 ['x0_a0p00', 'x0_a1p00'] at concurrency 2; lock {'pid': 51758, 'campaign_id': 's53_alpha_row_v25', 'campaign_spec_sha256': '7096537486c86a7101e7948fe1931085e29b43b9700b62748799e368f8305570', 'started_utc': '2026-09-24T22:25:57.670191+00:00'}
22:25:57 [W64] [S44-HARNESS] launched x0_a0p00 (key 8435c71859ddde68) pid=51804
22:25:57 [W64] [S44-HARNESS] launched x0_a1p00 (key 8435c71859ddde68) pid=51805
22:25:57 [W64] [S44-HARNESS] heartbeat x0_a0p00: 0s cycle=None; x0_a1p00: 0s cycle=None
22:26:57 [W64] [S44-HARNESS] heartbeat x0_a0p00: 60s cycle=None; x0_a1p00: 60s cycle=None
22:27:57 [W64] [S44-HARNESS] heartbeat x0_a0p00: 120s cycle=None; x0_a1p00: 120s cycle=None
22:28:57 [W64] [S44-HARNESS] heartbeat x0_a0p00: 180s cycle=None; x0_a1p00: 180s cycle=None
22:29:57 [W64] [S44-HARNESS] heartbeat x0_a0p00: 240s cycle=None; x0_a1p00: 240s cycle=None
22:30:57 [W64] [S44-HARNESS] heartbeat x0_a0p00: 300s cycle=None; x0_a1p00: 300s cycle=None
22:31:58 [W64] [S44-HARNESS] heartbeat x0_a0p00: 360s cycle=None; x0_a1p00: 360s cycle=None
22:32:58 [W64] [S44-HARNESS] heartbeat x0_a0p00: 420s cycle=None; x0_a1p00: 420s cycle=1
22:33:58 [W64] [S44-HARNESS] heartbeat x0_a0p00: 480s cycle=1; x0_a1p00: 480s cycle=1
22:34:58 [W64] [S44-HARNESS] heartbeat x0_a0p00: 541s cycle=1; x0_a1p00: 541s cycle=1
22:35:58 [W64] [S44-HARNESS] heartbeat x0_a0p00: 601s cycle=1; x0_a1p00: 601s cycle=1
22:36:58 [W64] [S44-HARNESS] heartbeat x0_a0p00: 661s cycle=1; x0_a1p00: 661s cycle=1
22:37:58 [W64] [S44-HARNESS] heartbeat x0_a0p00: 721s cycle=2; x0_a1p00: 721s cycle=2
22:38:58 [W64] [S44-HARNESS] heartbeat x0_a0p00: 781s cycle=2; x0_a1p00: 781s cycle=2
22:39:58 [W64] [S44-HARNESS] heartbeat x0_a0p00: 841s cycle=2; x0_a1p00: 841s cycle=2
22:40:58 [W64] [S44-HARNESS] heartbeat x0_a0p00: 901s cycle=3; x0_a1p00: 901s cycle=3
22:41:58 [W64] [S44-HARNESS] heartbeat x0_a0p00: 961s cycle=3; x0_a1p00: 961s cycle=3
22:42:59 [W64] [S44-HARNESS] heartbeat x0_a0p00: 1021s cycle=3; x0_a1p00: 1021s cycle=3
22:43:59 [W64] [S44-HARNESS] heartbeat x0_a0p00: 1082s cycle=4; x0_a1p00: 1082s cycle=4
22:44:59 [W64] [S44-HARNESS] heartbeat x0_a0p00: 1142s cycle=4; x0_a1p00: 1142s cycle=4
22:45:59 [W64] [S44-HARNESS] heartbeat x0_a0p00: 1202s cycle=4; x0_a1p00: 1202s cycle=4
22:46:59 [W64] [S44-HARNESS] heartbeat x0_a0p00: 1262s cycle=5; x0_a1p00: 1262s cycle=5
22:47:59 [W64] [S44-HARNESS] heartbeat x0_a0p00: 1322s cycle=5; x0_a1p00: 1322s cycle=5
22:48:59 [W64] [S44-HARNESS] heartbeat x0_a0p00: 1382s cycle=6; x0_a1p00: 1382s cycle=5
22:49:59 [W64] [S44-HARNESS] heartbeat x0_a0p00: 1442s cycle=6; x0_a1p00: 1442s cycle=6
22:51:00 [W64] [S44-HARNESS] heartbeat x0_a0p00: 1502s cycle=6; x0_a1p00: 1502s cycle=6
22:52:00 [W64] [S44-HARNESS] heartbeat x0_a0p00: 1562s cycle=7; x0_a1p00: 1562s cycle=6
22:53:00 [W64] [S44-HARNESS] heartbeat x0_a0p00: 1623s cycle=7; x0_a1p00: 1623s cycle=7
22:54:00 [W64] [S44-HARNESS] heartbeat x0_a0p00: 1683s cycle=7; x0_a1p00: 1683s cycle=7
22:55:00 [W64] [S44-HARNESS] heartbeat x0_a0p00: 1743s cycle=8; x0_a1p00: 1743s cycle=7
22:56:00 [W64] [S44-HARNESS] heartbeat x0_a0p00: 1803s cycle=8; x0_a1p00: 1803s cycle=8
22:57:00 [W64] [S44-HARNESS] heartbeat x0_a0p00: 1863s cycle=8; x0_a1p00: 1863s cycle=8
22:58:00 [W64] [S44-HARNESS] heartbeat x0_a0p00: 1923s cycle=9; x0_a1p00: 1923s cycle=8
22:59:01 [W64] [S44-HARNESS] heartbeat x0_a0p00: 1983s cycle=9; x0_a1p00: 1983s cycle=9
23:00:01 [W64] [S44-HARNESS] heartbeat x0_a0p00: 2043s cycle=10; x0_a1p00: 2043s cycle=9
23:01:01 [W64] [S44-HARNESS] heartbeat x0_a0p00: 2104s cycle=10; x0_a1p00: 2104s cycle=9
23:02:01 [W64] [S44-HARNESS] heartbeat x0_a0p00: 2164s cycle=10; x0_a1p00: 2164s cycle=10
23:03:01 [W64] [S44-HARNESS] heartbeat x0_a0p00: 2224s cycle=11; x0_a1p00: 2224s cycle=10
23:04:01 [W64] [S44-HARNESS] heartbeat x0_a0p00: 2284s cycle=11; x0_a1p00: 2284s cycle=10
23:05:01 [W64] [S44-HARNESS] heartbeat x0_a0p00: 2344s cycle=11; x0_a1p00: 2344s cycle=11
23:06:01 [W64] [S44-HARNESS] heartbeat x0_a0p00: 2404s cycle=12; x0_a1p00: 2404s cycle=11
23:07:01 [W64] [S44-HARNESS] heartbeat x0_a0p00: 2464s cycle=12; x0_a1p00: 2464s cycle=11
23:08:02 [W64] [S44-HARNESS] heartbeat x0_a0p00: 2524s cycle=12; x0_a1p00: 2524s cycle=12
23:09:02 [W64] [S44-HARNESS] heartbeat x0_a0p00: 2585s cycle=13; x0_a1p00: 2585s cycle=12
23:10:02 [W64] [S44-HARNESS] heartbeat x0_a0p00: 2645s cycle=13; x0_a1p00: 2645s cycle=12
23:11:02 [W64] [S44-HARNESS] heartbeat x0_a0p00: 2705s cycle=14; x0_a1p00: 2705s cycle=13
23:12:02 [W64] [S44-HARNESS] heartbeat x0_a0p00: 2765s cycle=14; x0_a1p00: 2765s cycle=13
23:13:02 [W64] [S44-HARNESS] heartbeat x0_a0p00: 2825s cycle=14; x0_a1p00: 2825s cycle=13
23:14:02 [W64] [S44-HARNESS] heartbeat x0_a0p00: 2885s cycle=15; x0_a1p00: 2885s cycle=13
23:15:02 [W64] [S44-HARNESS] heartbeat x0_a0p00: 2945s cycle=15; x0_a1p00: 2945s cycle=14
23:16:03 [W64] [S44-HARNESS] heartbeat x0_a0p00: 3005s cycle=15; x0_a1p00: 3005s cycle=14
23:17:03 [W64] [S44-HARNESS] heartbeat x0_a0p00: 3065s cycle=16; x0_a1p00: 3065s cycle=14
23:18:03 [W64] [S44-HARNESS] heartbeat x0_a0p00: 3126s cycle=16; x0_a1p00: 3126s cycle=15
23:19:03 [W64] [S44-HARNESS] heartbeat x0_a0p00: 3186s cycle=17; x0_a1p00: 3186s cycle=15
23:20:03 [W64] [S44-HARNESS] heartbeat x0_a0p00: 3246s cycle=17; x0_a1p00: 3246s cycle=15
23:21:03 [W64] [S44-HARNESS] heartbeat x0_a0p00: 3306s cycle=17; x0_a1p00: 3306s cycle=16
23:22:03 [W64] [S44-HARNESS] heartbeat x0_a0p00: 3366s cycle=18; x0_a1p00: 3366s cycle=16
23:23:03 [W64] [S44-HARNESS] heartbeat x0_a0p00: 3426s cycle=18; x0_a1p00: 3426s cycle=16
23:24:03 [W64] [S44-HARNESS] heartbeat x0_a0p00: 3486s cycle=18; x0_a1p00: 3486s cycle=17
23:25:04 [W64] [S44-HARNESS] heartbeat x0_a0p00: 3546s cycle=19; x0_a1p00: 3546s cycle=17
23:26:04 [W64] [S44-HARNESS] heartbeat x0_a0p00: 3606s cycle=19; x0_a1p00: 3606s cycle=17
23:27:04 [W64] [S44-HARNESS] heartbeat x0_a0p00: 3667s cycle=19; x0_a1p00: 3667s cycle=18
23:28:04 [W64] [S44-HARNESS] heartbeat x0_a0p00: 3727s cycle=20; x0_a1p00: 3727s cycle=18
23:29:04 [W64] [S44-HARNESS] heartbeat x0_a0p00: 3787s cycle=20; x0_a1p00: 3787s cycle=18
23:30:04 [W64] [S44-HARNESS] heartbeat x0_a0p00: 3847s cycle=21; x0_a1p00: 3847s cycle=19
23:31:04 [W64] [S44-HARNESS] heartbeat x0_a0p00: 3907s cycle=21; x0_a1p00: 3907s cycle=19
23:32:04 [W64] [S44-HARNESS] heartbeat x0_a0p00: 3967s cycle=21; x0_a1p00: 3967s cycle=19
23:33:05 [W64] [S44-HARNESS] heartbeat x0_a0p00: 4027s cycle=22; x0_a1p00: 4027s cycle=20
23:34:05 [W64] [S44-HARNESS] heartbeat x0_a0p00: 4087s cycle=22; x0_a1p00: 4087s cycle=20
23:35:05 [W64] [S44-HARNESS] heartbeat x0_a0p00: 4148s cycle=22; x0_a1p00: 4148s cycle=20
23:36:05 [W64] [S44-HARNESS] heartbeat x0_a0p00: 4208s cycle=23; x0_a1p00: 4208s cycle=21
23:37:05 [W64] [S44-HARNESS] heartbeat x0_a0p00: 4268s cycle=23; x0_a1p00: 4268s cycle=21
23:38:05 [W64] [S44-HARNESS] heartbeat x0_a0p00: 4328s cycle=24; x0_a1p00: 4328s cycle=21
23:39:05 [W64] [S44-HARNESS] heartbeat x0_a0p00: 4388s cycle=24; x0_a1p00: 4388s cycle=22
23:40:05 [W64] [S44-HARNESS] heartbeat x0_a0p00: 4448s cycle=24; x0_a1p00: 4448s cycle=22
23:41:05 [W64] [S44-HARNESS] heartbeat x0_a0p00: 4508s cycle=25; x0_a1p00: 4508s cycle=22
23:42:06 [W64] [S44-HARNESS] heartbeat x0_a0p00: 4568s cycle=25; x0_a1p00: 4568s cycle=23
23:43:06 [W64] [S44-HARNESS] heartbeat x0_a0p00: 4629s cycle=25; x0_a1p00: 4629s cycle=23
23:44:06 [W64] [S44-HARNESS] heartbeat x0_a0p00: 4689s cycle=26; x0_a1p00: 4689s cycle=23
23:45:06 [W64] [S44-HARNESS] heartbeat x0_a0p00: 4749s cycle=26; x0_a1p00: 4749s cycle=24
23:46:06 [W64] [S44-HARNESS] heartbeat x0_a0p00: 4809s cycle=27; x0_a1p00: 4809s cycle=24
23:47:06 [W64] [S44-HARNESS] heartbeat x0_a0p00: 4869s cycle=27; x0_a1p00: 4869s cycle=24
23:48:06 [W64] [S44-HARNESS] heartbeat x0_a0p00: 4929s cycle=27; x0_a1p00: 4929s cycle=25
23:49:06 [W64] [S44-HARNESS] heartbeat x0_a0p00: 4989s cycle=28; x0_a1p00: 4989s cycle=25
23:50:07 [W64] [S44-HARNESS] heartbeat x0_a0p00: 5049s cycle=28; x0_a1p00: 5049s cycle=25
23:51:07 [W64] [S44-HARNESS] heartbeat x0_a0p00: 5109s cycle=28; x0_a1p00: 5109s cycle=26
23:52:07 [W64] [S44-HARNESS] heartbeat x0_a0p00: 5170s cycle=29; x0_a1p00: 5170s cycle=26
23:53:07 [W64] [S44-HARNESS] heartbeat x0_a0p00: 5230s cycle=29; x0_a1p00: 5230s cycle=26
23:54:07 [W64] [S44-HARNESS] heartbeat x0_a0p00: 5290s cycle=29; x0_a1p00: 5290s cycle=27
23:55:07 [W64] [S44-HARNESS] heartbeat x0_a0p00: 5350s cycle=30; x0_a1p00: 5350s cycle=27
23:56:07 [W64] [S44-HARNESS] heartbeat x0_a0p00: 5410s cycle=30; x0_a1p00: 5410s cycle=27
23:57:07 [W64] [S44-HARNESS] heartbeat x0_a0p00: 5470s cycle=31; x0_a1p00: 5470s cycle=28
23:58:08 [W64] [S44-HARNESS] heartbeat x0_a0p00: 5530s cycle=31; x0_a1p00: 5530s cycle=28
23:59:08 [W64] [S44-HARNESS] heartbeat x0_a0p00: 5590s cycle=31; x0_a1p00: 5590s cycle=28
00:00:08 [W64] [S44-HARNESS] heartbeat x0_a0p00: 5651s cycle=32; x0_a1p00: 5651s cycle=29
00:01:08 [W64] [S44-HARNESS] heartbeat x0_a0p00: 5711s cycle=32; x0_a1p00: 5711s cycle=29
00:02:08 [W64] [S44-HARNESS] heartbeat x0_a0p00: 5771s cycle=32; x0_a1p00: 5771s cycle=29
00:03:08 [W64] [S44-HARNESS] heartbeat x0_a0p00: 5831s cycle=33; x0_a1p00: 5831s cycle=30
00:04:08 [W64] [S44-HARNESS] heartbeat x0_a0p00: 5891s cycle=33; x0_a1p00: 5891s cycle=30
00:05:08 [W64] [S44-HARNESS] heartbeat x0_a0p00: 5951s cycle=34; x0_a1p00: 5951s cycle=30
00:06:08 [W64] [S44-HARNESS] heartbeat x0_a0p00: 6011s cycle=34; x0_a1p00: 6011s cycle=31
00:07:09 [W64] [S44-HARNESS] heartbeat x0_a0p00: 6071s cycle=34; x0_a1p00: 6071s cycle=31
00:08:09 [W64] [S44-HARNESS] heartbeat x0_a0p00: 6132s cycle=35; x0_a1p00: 6132s cycle=31
00:09:09 [W64] [S44-HARNESS] heartbeat x0_a0p00: 6192s cycle=35; x0_a1p00: 6192s cycle=32
00:10:09 [W64] [S44-HARNESS] heartbeat x0_a0p00: 6252s cycle=36; x0_a1p00: 6252s cycle=32
00:11:09 [W64] [S44-HARNESS] heartbeat x0_a0p00: 6312s cycle=36; x0_a1p00: 6312s cycle=32
00:12:09 [W64] [S44-HARNESS] heartbeat x0_a0p00: 6372s cycle=36; x0_a1p00: 6372s cycle=33
00:13:09 [W64] [S44-HARNESS] heartbeat x0_a0p00: 6432s cycle=37; x0_a1p00: 6432s cycle=33
00:14:09 [W64] [S44-HARNESS] heartbeat x0_a0p00: 6492s cycle=37; x0_a1p00: 6492s cycle=33
00:15:09 [W64] [S44-HARNESS] heartbeat x0_a0p00: 6552s cycle=37; x0_a1p00: 6552s cycle=34
00:16:10 [W64] [S44-HARNESS] heartbeat x0_a0p00: 6612s cycle=38; x0_a1p00: 6612s cycle=34
00:17:10 [W64] [S44-HARNESS] heartbeat x0_a0p00: 6673s cycle=38; x0_a1p00: 6673s cycle=34
00:18:10 [W64] [S44-HARNESS] heartbeat x0_a0p00: 6733s cycle=39; x0_a1p00: 6733s cycle=35
00:19:10 [W64] [S44-HARNESS] heartbeat x0_a0p00: 6793s cycle=39; x0_a1p00: 6793s cycle=35
00:20:10 [W64] [S44-HARNESS] heartbeat x0_a0p00: 6853s cycle=39; x0_a1p00: 6853s cycle=35
00:21:10 [W64] [S44-HARNESS] heartbeat x0_a0p00: 6913s cycle=40; x0_a1p00: 6913s cycle=36
00:22:10 [W64] [S44-HARNESS] heartbeat x0_a0p00: 6973s cycle=40; x0_a1p00: 6973s cycle=36
00:23:10 [W64] [S44-HARNESS] heartbeat x0_a0p00: 7033s cycle=41; x0_a1p00: 7033s cycle=36
00:24:11 [W64] [S44-HARNESS] heartbeat x0_a0p00: 7093s cycle=41; x0_a1p00: 7093s cycle=37
00:25:11 [W64] [S44-HARNESS] heartbeat x0_a0p00: 7153s cycle=41; x0_a1p00: 7153s cycle=37
00:26:11 [W64] [S44-HARNESS] heartbeat x0_a0p00: 7214s cycle=42; x0_a1p00: 7214s cycle=37
00:27:11 [W64] [S44-HARNESS] heartbeat x0_a0p00: 7274s cycle=42; x0_a1p00: 7274s cycle=38
00:28:11 [W64] [S44-HARNESS] heartbeat x0_a0p00: 7334s cycle=42; x0_a1p00: 7334s cycle=38
00:29:11 [W64] [S44-HARNESS] heartbeat x0_a0p00: 7394s cycle=43; x0_a1p00: 7394s cycle=38
00:30:11 [W64] [S44-HARNESS] heartbeat x0_a0p00: 7454s cycle=43; x0_a1p00: 7454s cycle=39
00:31:11 [W64] [S44-HARNESS] heartbeat x0_a0p00: 7514s cycle=44; x0_a1p00: 7514s cycle=39
00:32:11 [W64] [S44-HARNESS] heartbeat x0_a0p00: 7574s cycle=44; x0_a1p00: 7574s cycle=39
00:33:12 [W64] [S44-HARNESS] heartbeat x0_a0p00: 7634s cycle=44; x0_a1p00: 7634s cycle=40
00:34:12 [W64] [S44-HARNESS] heartbeat x0_a0p00: 7694s cycle=45; x0_a1p00: 7694s cycle=40
00:35:12 [W64] [S44-HARNESS] heartbeat x0_a0p00: 7755s cycle=45; x0_a1p00: 7755s cycle=40
00:36:12 [W64] [S44-HARNESS] heartbeat x0_a0p00: 7815s cycle=45; x0_a1p00: 7815s cycle=41
00:37:12 [W64] [S44-HARNESS] heartbeat x0_a0p00: 7875s cycle=46; x0_a1p00: 7875s cycle=41
00:38:12 [W64] [S44-HARNESS] heartbeat x0_a0p00: 7935s cycle=46; x0_a1p00: 7935s cycle=41
00:39:12 [W64] [S44-HARNESS] heartbeat x0_a0p00: 7995s cycle=47; x0_a1p00: 7995s cycle=42
00:40:12 [W64] [S44-HARNESS] heartbeat x0_a0p00: 8055s cycle=47; x0_a1p00: 8055s cycle=42
00:41:12 [W64] [S44-HARNESS] heartbeat x0_a0p00: 8115s cycle=47; x0_a1p00: 8115s cycle=42
00:42:13 [W64] [S44-HARNESS] heartbeat x0_a0p00: 8175s cycle=48; x0_a1p00: 8175s cycle=43
00:43:13 [W64] [S44-HARNESS] heartbeat x0_a0p00: 8235s cycle=48; x0_a1p00: 8235s cycle=43
00:44:13 [W64] [S44-HARNESS] heartbeat x0_a0p00: 8296s cycle=49; x0_a1p00: 8296s cycle=43
00:45:13 [W64] [S44-HARNESS] heartbeat x0_a0p00: 8356s cycle=49; x0_a1p00: 8356s cycle=44
00:46:13 [W64] [S44-HARNESS] heartbeat x0_a0p00: 8416s cycle=49; x0_a1p00: 8416s cycle=44
00:47:13 [W64] [S44-HARNESS] heartbeat x0_a0p00: 8476s cycle=50; x0_a1p00: 8476s cycle=44
00:48:13 [W64] [S44-HARNESS] heartbeat x0_a0p00: 8536s cycle=50; x0_a1p00: 8536s cycle=45
00:49:13 [W64] [S44-HARNESS] heartbeat x0_a0p00: 8596s cycle=50; x0_a1p00: 8596s cycle=45
00:50:13 [W64] [S44-HARNESS] heartbeat x0_a0p00: 8656s cycle=51; x0_a1p00: 8656s cycle=45
00:51:14 [W64] [S44-HARNESS] heartbeat x0_a0p00: 8716s cycle=51; x0_a1p00: 8716s cycle=46
00:52:14 [W64] [S44-HARNESS] heartbeat x0_a0p00: 8776s cycle=52; x0_a1p00: 8776s cycle=46
00:53:14 [W64] [S44-HARNESS] heartbeat x0_a0p00: 8837s cycle=52; x0_a1p00: 8837s cycle=46
00:54:14 [W64] [S44-HARNESS] heartbeat x0_a0p00: 8897s cycle=52; x0_a1p00: 8897s cycle=47
00:55:14 [W64] [S44-HARNESS] heartbeat x0_a0p00: 8957s cycle=53; x0_a1p00: 8957s cycle=47
00:56:14 [W64] [S44-HARNESS] heartbeat x0_a0p00: 9017s cycle=53; x0_a1p00: 9017s cycle=47
00:57:14 [W64] [S44-HARNESS] heartbeat x0_a0p00: 9077s cycle=54; x0_a1p00: 9077s cycle=48
00:58:14 [W64] [S44-HARNESS] heartbeat x0_a0p00: 9137s cycle=54; x0_a1p00: 9137s cycle=48
00:59:14 [W64] [S44-HARNESS] heartbeat x0_a0p00: 9197s cycle=54; x0_a1p00: 9197s cycle=48
01:00:15 [W64] [S44-HARNESS] heartbeat x0_a0p00: 9257s cycle=55; x0_a1p00: 9257s cycle=49
01:01:15 [W64] [S44-HARNESS] heartbeat x0_a0p00: 9317s cycle=55; x0_a1p00: 9317s cycle=49
01:02:15 [W64] [S44-HARNESS] heartbeat x0_a0p00: 9378s cycle=55; x0_a1p00: 9378s cycle=49
01:03:15 [W64] [S44-HARNESS] heartbeat x0_a0p00: 9438s cycle=55; x0_a1p00: 9438s cycle=50
01:04:15 [W64] [S44-HARNESS] heartbeat x0_a0p00: 9498s cycle=55; x0_a1p00: 9498s cycle=50
01:05:15 [W64] [S44-HARNESS] heartbeat x0_a0p00: 9558s cycle=55; x0_a1p00: 9558s cycle=50
01:06:15 [W64] [S44-HARNESS] heartbeat x0_a0p00: 9618s cycle=55; x0_a1p00: 9618s cycle=51
01:07:15 [W64] [S44-HARNESS] heartbeat x0_a0p00: 9678s cycle=55; x0_a1p00: 9678s cycle=51
01:08:15 [W64] [S44-HARNESS] heartbeat x0_a0p00: 9738s cycle=55; x0_a1p00: 9738s cycle=51
01:09:16 [W64] [S44-HARNESS] heartbeat x0_a0p00: 9798s cycle=55; x0_a1p00: 9798s cycle=52
01:10:16 [W64] [S44-HARNESS] heartbeat x0_a0p00: 9859s cycle=55; x0_a1p00: 9859s cycle=52
01:11:16 [W64] [S44-HARNESS] heartbeat x0_a0p00: 9919s cycle=55; x0_a1p00: 9919s cycle=52
01:12:16 [W64] [S44-HARNESS] heartbeat x0_a0p00: 9979s cycle=55; x0_a1p00: 9979s cycle=53
01:13:16 [W64] [S44-HARNESS] heartbeat x0_a0p00: 10039s cycle=55; x0_a1p00: 10039s cycle=53
01:14:16 [W64] [S44-HARNESS] heartbeat x0_a0p00: 10099s cycle=55; x0_a1p00: 10099s cycle=53
01:15:16 [W64] [S44-HARNESS] heartbeat x0_a0p00: 10159s cycle=55; x0_a1p00: 10159s cycle=54
01:16:16 [W64] [S44-HARNESS] heartbeat x0_a0p00: 10219s cycle=55; x0_a1p00: 10219s cycle=54
01:17:17 [W64] [S44-HARNESS] heartbeat x0_a0p00: 10279s cycle=55; x0_a1p00: 10279s cycle=54
01:18:17 [W64] [S44-HARNESS] heartbeat x0_a0p00: 10339s cycle=55; x0_a1p00: 10339s cycle=55
01:19:17 [W64] [S44-HARNESS] heartbeat x0_a0p00: 10400s cycle=55; x0_a1p00: 10400s cycle=55
01:20:17 [W64] [S44-HARNESS] heartbeat x0_a0p00: 10460s cycle=55; x0_a1p00: 10460s cycle=55
01:21:17 [W64] [S44-HARNESS] heartbeat x0_a0p00: 10520s cycle=55; x0_a1p00: 10520s cycle=56
01:22:17 [W64] [S44-HARNESS] heartbeat x0_a0p00: 10580s cycle=55; x0_a1p00: 10580s cycle=56
01:23:17 [W64] [S44-HARNESS] heartbeat x0_a0p00: 10640s cycle=55; x0_a1p00: 10640s cycle=56
01:24:17 [W64] [S44-HARNESS] heartbeat x0_a0p00: 10700s cycle=55; x0_a1p00: 10700s cycle=57
01:25:17 [W64] [S44-HARNESS] heartbeat x0_a0p00: 10760s cycle=55; x0_a1p00: 10760s cycle=57
01:26:18 [W64] [S44-HARNESS] heartbeat x0_a0p00: 10820s cycle=55; x0_a1p00: 10820s cycle=58
01:27:18 [W64] [S44-HARNESS] heartbeat x0_a0p00: 10881s cycle=55; x0_a1p00: 10881s cycle=58
01:28:18 [W64] [S44-HARNESS] heartbeat x0_a0p00: 10941s cycle=55; x0_a1p00: 10941s cycle=58
01:29:18 [W64] [S44-HARNESS] heartbeat x0_a0p00: 11001s cycle=55; x0_a1p00: 11001s cycle=59
01:30:18 [W64] [S44-HARNESS] heartbeat x0_a0p00: 11061s cycle=55; x0_a1p00: 11061s cycle=59
01:31:18 [W64] [S44-HARNESS] heartbeat x0_a0p00: 11121s cycle=55; x0_a1p00: 11121s cycle=59
01:32:18 [W64] [S44-HARNESS] heartbeat x0_a0p00: 11181s cycle=55; x0_a1p00: 11181s cycle=60
01:33:18 [W64] [S44-HARNESS] heartbeat x0_a0p00: 11241s cycle=55; x0_a1p00: 11241s cycle=60
01:33:53 [W64] [S44-HARNESS] finished x0_a0p00 pid=51804 exit=0 status=certified wall=11276s
01:34:19 [W64] [S44-HARNESS] heartbeat x0_a1p00: 11301s cycle=60
01:35:19 [W64] [S44-HARNESS] heartbeat x0_a1p00: 11361s cycle=61
01:36:19 [W64] [S44-HARNESS] heartbeat x0_a1p00: 11422s cycle=61
01:37:19 [W64] [S44-HARNESS] heartbeat x0_a1p00: 11482s cycle=61
01:38:19 [W64] [S44-HARNESS] heartbeat x0_a1p00: 11542s cycle=62
01:39:19 [W64] [S44-HARNESS] heartbeat x0_a1p00: 11602s cycle=62
01:40:19 [W64] [S44-HARNESS] heartbeat x0_a1p00: 11662s cycle=63
01:41:19 [W64] [S44-HARNESS] heartbeat x0_a1p00: 11722s cycle=63
01:42:19 [W64] [S44-HARNESS] heartbeat x0_a1p00: 11782s cycle=63
01:43:20 [W64] [S44-HARNESS] heartbeat x0_a1p00: 11842s cycle=64
01:44:20 [W64] [S44-HARNESS] heartbeat x0_a1p00: 11902s cycle=64
01:45:20 [W64] [S44-HARNESS] heartbeat x0_a1p00: 11963s cycle=64
01:46:20 [W64] [S44-HARNESS] heartbeat x0_a1p00: 12023s cycle=65
01:47:20 [W64] [S44-HARNESS] heartbeat x0_a1p00: 12083s cycle=65
01:48:20 [W64] [S44-HARNESS] heartbeat x0_a1p00: 12143s cycle=66
01:49:20 [W64] [S44-HARNESS] heartbeat x0_a1p00: 12203s cycle=66
01:50:20 [W64] [S44-HARNESS] heartbeat x0_a1p00: 12263s cycle=66
01:51:20 [W64] [S44-HARNESS] heartbeat x0_a1p00: 12323s cycle=67
01:52:21 [W64] [S44-HARNESS] heartbeat x0_a1p00: 12383s cycle=67
01:53:21 [W64] [S44-HARNESS] heartbeat x0_a1p00: 12444s cycle=67
01:54:21 [W64] [S44-HARNESS] heartbeat x0_a1p00: 12504s cycle=68
01:55:21 [W64] [S44-HARNESS] heartbeat x0_a1p00: 12564s cycle=68
01:56:21 [W64] [S44-HARNESS] heartbeat x0_a1p00: 12624s cycle=69
01:57:21 [W64] [S44-HARNESS] heartbeat x0_a1p00: 12684s cycle=69
01:58:21 [W64] [S44-HARNESS] heartbeat x0_a1p00: 12744s cycle=69
01:59:21 [W64] [S44-HARNESS] heartbeat x0_a1p00: 12804s cycle=70
02:00:22 [W64] [S44-HARNESS] heartbeat x0_a1p00: 12864s cycle=70
02:01:22 [W64] [S44-HARNESS] heartbeat x0_a1p00: 12924s cycle=70
02:02:22 [W64] [S44-HARNESS] heartbeat x0_a1p00: 12985s cycle=71
02:03:22 [W64] [S44-HARNESS] heartbeat x0_a1p00: 13045s cycle=71
02:04:22 [W64] [S44-HARNESS] heartbeat x0_a1p00: 13105s cycle=71
02:05:22 [W64] [S44-HARNESS] heartbeat x0_a1p00: 13165s cycle=72
02:06:22 [W64] [S44-HARNESS] heartbeat x0_a1p00: 13225s cycle=72
02:07:22 [W64] [S44-HARNESS] heartbeat x0_a1p00: 13285s cycle=73
02:08:22 [W64] [S44-HARNESS] heartbeat x0_a1p00: 13345s cycle=73
02:09:23 [W64] [S44-HARNESS] heartbeat x0_a1p00: 13405s cycle=73
02:10:23 [W64] [S44-HARNESS] heartbeat x0_a1p00: 13466s cycle=73
02:11:23 [W64] [S44-HARNESS] heartbeat x0_a1p00: 13526s cycle=73
02:12:23 [W64] [S44-HARNESS] heartbeat x0_a1p00: 13586s cycle=73
02:13:23 [W64] [S44-HARNESS] heartbeat x0_a1p00: 13646s cycle=73
02:14:23 [W64] [S44-HARNESS] heartbeat x0_a1p00: 13706s cycle=73
02:15:23 [W64] [S44-HARNESS] heartbeat x0_a1p00: 13766s cycle=73
02:16:23 [W64] [S44-HARNESS] heartbeat x0_a1p00: 13826s cycle=73
02:17:24 [W64] [S44-HARNESS] heartbeat x0_a1p00: 13886s cycle=73
02:18:24 [W64] [S44-HARNESS] heartbeat x0_a1p00: 13946s cycle=73
02:18:29 [W64] [S44-HARNESS] finished x0_a1p00 pid=51805 exit=0 status=certified wall=13951s
02:18:29 [W64] [W65-ROW-PAIR2] campaign lock released
02:18:29 [W64] [W65-ROW-PAIR2] x0_a0p00: status=certified cycles=55 Q=811373572.6881903 bar=5683.031260251999 charge=0.0 P=324068720.71938765 rule10=0.007147581517013017
02:18:29 [W64] [W65-ROW-PAIR2] x0_a1p00: status=certified cycles=73 Q=860741268.5490234 bar=6954.878293156624 charge=27767759.673291758 P=27767759.673291758 rule10=0.06607751328882519
02:18:29 [W64] [W65-ROW-PAIR2] init identity x0 bitwise_equal=True; hazard unchanged=True; guard []
02:18:29 [W64] [W65-ROW-PAIR2] OK
