02:19:26 [W64] [W65-ROW-PAIR3] memory preflight: available (memsize - wired - anonymous - compressor) = 23.87 GiB; free+inactive = 20.58 GiB (recorded only); required 18.00 GiB (hw.memsize - (wired + anonymous + compressor-occupied) x page size >= 2 x 7 GiB + 4 GiB (one terminal-phase transient at a time: the harness terminal-phase lock)) -> PASS
02:19:26 [W64] [W65-ROW-PAIR3] P5.15 Addendum 40 ruling 1 (W64) -- the R3.6 alpha row on the 2 x 2 pilot instance: x = 0 at alpha in {0, 0.1, 0.25, 0.5, 1.0} + the smallest node-7 unit at alpha = 0.5, all certified; a two-mechanism cost-of-commitment curve; pair 3 ['x0_a0p10', 'x0_a0p25'] at concurrency 2; lock {'pid': 76504, 'campaign_id': 's53_alpha_row_v25', 'campaign_spec_sha256': '7096537486c86a7101e7948fe1931085e29b43b9700b62748799e368f8305570', 'started_utc': '2026-09-25T02:19:26.884042+00:00'}
02:19:26 [W64] [S44-HARNESS] launched x0_a0p10 (key 8435c71859ddde68) pid=76540
02:19:26 [W64] [S44-HARNESS] launched x0_a0p25 (key 8435c71859ddde68) pid=76541
02:19:26 [W64] [S44-HARNESS] heartbeat x0_a0p10: 0s cycle=None; x0_a0p25: 0s cycle=None
02:20:26 [W64] [S44-HARNESS] heartbeat x0_a0p10: 60s cycle=None; x0_a0p25: 60s cycle=None
02:21:27 [W64] [S44-HARNESS] heartbeat x0_a0p10: 120s cycle=None; x0_a0p25: 120s cycle=None
02:22:27 [W64] [S44-HARNESS] heartbeat x0_a0p10: 180s cycle=None; x0_a0p25: 180s cycle=None
02:23:27 [W64] [S44-HARNESS] heartbeat x0_a0p10: 240s cycle=None; x0_a0p25: 240s cycle=None
02:24:27 [W64] [S44-HARNESS] heartbeat x0_a0p10: 301s cycle=None; x0_a0p25: 301s cycle=None
02:25:27 [W64] [S44-HARNESS] heartbeat x0_a0p10: 361s cycle=None; x0_a0p25: 361s cycle=None
02:26:27 [W64] [S44-HARNESS] heartbeat x0_a0p10: 421s cycle=None; x0_a0p25: 421s cycle=1
02:27:27 [W64] [S44-HARNESS] heartbeat x0_a0p10: 481s cycle=1; x0_a0p25: 481s cycle=1
02:28:27 [W64] [S44-HARNESS] heartbeat x0_a0p10: 541s cycle=1; x0_a0p25: 541s cycle=1
02:29:28 [W64] [S44-HARNESS] heartbeat x0_a0p10: 601s cycle=1; x0_a0p25: 601s cycle=1
02:30:28 [W64] [S44-HARNESS] heartbeat x0_a0p10: 661s cycle=1; x0_a0p25: 661s cycle=2
02:31:28 [W64] [S44-HARNESS] heartbeat x0_a0p10: 721s cycle=2; x0_a0p25: 721s cycle=2
02:32:28 [W64] [S44-HARNESS] heartbeat x0_a0p10: 782s cycle=2; x0_a0p25: 781s cycle=2
02:33:28 [W64] [S44-HARNESS] heartbeat x0_a0p10: 842s cycle=2; x0_a0p25: 842s cycle=3
02:34:28 [W64] [S44-HARNESS] heartbeat x0_a0p10: 902s cycle=3; x0_a0p25: 902s cycle=3
02:35:28 [W64] [S44-HARNESS] heartbeat x0_a0p10: 962s cycle=3; x0_a0p25: 962s cycle=3
02:36:28 [W64] [S44-HARNESS] heartbeat x0_a0p10: 1022s cycle=4; x0_a0p25: 1022s cycle=4
02:37:28 [W64] [S44-HARNESS] heartbeat x0_a0p10: 1082s cycle=4; x0_a0p25: 1082s cycle=4
02:38:29 [W64] [S44-HARNESS] heartbeat x0_a0p10: 1142s cycle=4; x0_a0p25: 1142s cycle=4
02:39:29 [W64] [S44-HARNESS] heartbeat x0_a0p10: 1202s cycle=5; x0_a0p25: 1202s cycle=5
02:40:29 [W64] [S44-HARNESS] heartbeat x0_a0p10: 1262s cycle=5; x0_a0p25: 1262s cycle=5
02:41:29 [W64] [S44-HARNESS] heartbeat x0_a0p10: 1323s cycle=5; x0_a0p25: 1323s cycle=5
02:42:29 [W64] [S44-HARNESS] heartbeat x0_a0p10: 1383s cycle=6; x0_a0p25: 1383s cycle=6
02:43:29 [W64] [S44-HARNESS] heartbeat x0_a0p10: 1443s cycle=6; x0_a0p25: 1443s cycle=6
02:44:29 [W64] [S44-HARNESS] heartbeat x0_a0p10: 1503s cycle=6; x0_a0p25: 1503s cycle=6
02:45:29 [W64] [S44-HARNESS] heartbeat x0_a0p10: 1563s cycle=7; x0_a0p25: 1563s cycle=7
02:46:30 [W64] [S44-HARNESS] heartbeat x0_a0p10: 1623s cycle=7; x0_a0p25: 1623s cycle=7
02:47:30 [W64] [S44-HARNESS] heartbeat x0_a0p10: 1683s cycle=7; x0_a0p25: 1683s cycle=7
02:48:30 [W64] [S44-HARNESS] heartbeat x0_a0p10: 1743s cycle=8; x0_a0p25: 1743s cycle=8
02:49:30 [W64] [S44-HARNESS] heartbeat x0_a0p10: 1803s cycle=8; x0_a0p25: 1803s cycle=8
02:50:30 [W64] [S44-HARNESS] heartbeat x0_a0p10: 1864s cycle=8; x0_a0p25: 1864s cycle=8
02:51:30 [W64] [S44-HARNESS] heartbeat x0_a0p10: 1924s cycle=9; x0_a0p25: 1924s cycle=9
02:52:30 [W64] [S44-HARNESS] heartbeat x0_a0p10: 1984s cycle=9; x0_a0p25: 1984s cycle=9
02:53:30 [W64] [S44-HARNESS] heartbeat x0_a0p10: 2044s cycle=10; x0_a0p25: 2044s cycle=10
02:54:30 [W64] [S44-HARNESS] heartbeat x0_a0p10: 2104s cycle=10; x0_a0p25: 2104s cycle=10
02:55:31 [W64] [S44-HARNESS] heartbeat x0_a0p10: 2164s cycle=10; x0_a0p25: 2164s cycle=10
02:56:31 [W64] [S44-HARNESS] heartbeat x0_a0p10: 2224s cycle=11; x0_a0p25: 2224s cycle=11
02:57:31 [W64] [S44-HARNESS] heartbeat x0_a0p10: 2284s cycle=11; x0_a0p25: 2284s cycle=11
02:58:31 [W64] [S44-HARNESS] heartbeat x0_a0p10: 2345s cycle=11; x0_a0p25: 2345s cycle=11
02:59:31 [W64] [S44-HARNESS] heartbeat x0_a0p10: 2405s cycle=12; x0_a0p25: 2405s cycle=12
03:00:31 [W64] [S44-HARNESS] heartbeat x0_a0p10: 2465s cycle=12; x0_a0p25: 2465s cycle=12
03:01:31 [W64] [S44-HARNESS] heartbeat x0_a0p10: 2525s cycle=12; x0_a0p25: 2525s cycle=12
03:02:31 [W64] [S44-HARNESS] heartbeat x0_a0p10: 2585s cycle=13; x0_a0p25: 2585s cycle=13
03:03:32 [W64] [S44-HARNESS] heartbeat x0_a0p10: 2645s cycle=13; x0_a0p25: 2645s cycle=13
03:04:32 [W64] [S44-HARNESS] heartbeat x0_a0p10: 2705s cycle=13; x0_a0p25: 2705s cycle=13
03:05:32 [W64] [S44-HARNESS] heartbeat x0_a0p10: 2765s cycle=14; x0_a0p25: 2765s cycle=14
03:06:32 [W64] [S44-HARNESS] heartbeat x0_a0p10: 2825s cycle=14; x0_a0p25: 2825s cycle=14
03:07:32 [W64] [S44-HARNESS] heartbeat x0_a0p10: 2886s cycle=14; x0_a0p25: 2886s cycle=14
03:08:32 [W64] [S44-HARNESS] heartbeat x0_a0p10: 2946s cycle=15; x0_a0p25: 2946s cycle=15
03:09:32 [W64] [S44-HARNESS] heartbeat x0_a0p10: 3006s cycle=15; x0_a0p25: 3006s cycle=15
03:10:32 [W64] [S44-HARNESS] heartbeat x0_a0p10: 3066s cycle=15; x0_a0p25: 3066s cycle=15
03:11:32 [W64] [S44-HARNESS] heartbeat x0_a0p10: 3126s cycle=16; x0_a0p25: 3126s cycle=16
03:12:33 [W64] [S44-HARNESS] heartbeat x0_a0p10: 3186s cycle=16; x0_a0p25: 3186s cycle=16
03:13:33 [W64] [S44-HARNESS] heartbeat x0_a0p10: 3246s cycle=16; x0_a0p25: 3246s cycle=16
03:14:33 [W64] [S44-HARNESS] heartbeat x0_a0p10: 3306s cycle=17; x0_a0p25: 3306s cycle=17
03:15:33 [W64] [S44-HARNESS] heartbeat x0_a0p10: 3367s cycle=17; x0_a0p25: 3367s cycle=17
03:16:33 [W64] [S44-HARNESS] heartbeat x0_a0p10: 3427s cycle=18; x0_a0p25: 3427s cycle=18
03:17:33 [W64] [S44-HARNESS] heartbeat x0_a0p10: 3487s cycle=18; x0_a0p25: 3487s cycle=18
03:18:33 [W64] [S44-HARNESS] heartbeat x0_a0p10: 3547s cycle=18; x0_a0p25: 3547s cycle=18
03:19:33 [W64] [S44-HARNESS] heartbeat x0_a0p10: 3607s cycle=19; x0_a0p25: 3607s cycle=19
03:20:34 [W64] [S44-HARNESS] heartbeat x0_a0p10: 3667s cycle=19; x0_a0p25: 3667s cycle=19
03:21:34 [W64] [S44-HARNESS] heartbeat x0_a0p10: 3727s cycle=19; x0_a0p25: 3727s cycle=19
03:22:34 [W64] [S44-HARNESS] heartbeat x0_a0p10: 3787s cycle=20; x0_a0p25: 3787s cycle=20
03:23:34 [W64] [S44-HARNESS] heartbeat x0_a0p10: 3847s cycle=20; x0_a0p25: 3847s cycle=20
03:24:34 [W64] [S44-HARNESS] heartbeat x0_a0p10: 3908s cycle=20; x0_a0p25: 3908s cycle=20
03:25:34 [W64] [S44-HARNESS] heartbeat x0_a0p10: 3968s cycle=21; x0_a0p25: 3968s cycle=21
03:26:34 [W64] [S44-HARNESS] heartbeat x0_a0p10: 4028s cycle=21; x0_a0p25: 4028s cycle=21
03:27:34 [W64] [S44-HARNESS] heartbeat x0_a0p10: 4088s cycle=21; x0_a0p25: 4088s cycle=21
03:28:34 [W64] [S44-HARNESS] heartbeat x0_a0p10: 4148s cycle=22; x0_a0p25: 4148s cycle=22
03:29:35 [W64] [S44-HARNESS] heartbeat x0_a0p10: 4208s cycle=22; x0_a0p25: 4208s cycle=22
03:30:35 [W64] [S44-HARNESS] heartbeat x0_a0p10: 4268s cycle=23; x0_a0p25: 4268s cycle=22
03:31:35 [W64] [S44-HARNESS] heartbeat x0_a0p10: 4328s cycle=23; x0_a0p25: 4328s cycle=23
03:32:35 [W64] [S44-HARNESS] heartbeat x0_a0p10: 4389s cycle=23; x0_a0p25: 4389s cycle=23
03:33:35 [W64] [S44-HARNESS] heartbeat x0_a0p10: 4449s cycle=24; x0_a0p25: 4449s cycle=24
03:34:35 [W64] [S44-HARNESS] heartbeat x0_a0p10: 4509s cycle=24; x0_a0p25: 4509s cycle=24
03:35:35 [W64] [S44-HARNESS] heartbeat x0_a0p10: 4569s cycle=24; x0_a0p25: 4569s cycle=24
03:36:35 [W64] [S44-HARNESS] heartbeat x0_a0p10: 4629s cycle=25; x0_a0p25: 4629s cycle=25
03:37:36 [W64] [S44-HARNESS] heartbeat x0_a0p10: 4689s cycle=25; x0_a0p25: 4689s cycle=25
03:38:36 [W64] [S44-HARNESS] heartbeat x0_a0p10: 4749s cycle=25; x0_a0p25: 4749s cycle=25
03:39:36 [W64] [S44-HARNESS] heartbeat x0_a0p10: 4809s cycle=26; x0_a0p25: 4809s cycle=26
03:40:36 [W64] [S44-HARNESS] heartbeat x0_a0p10: 4869s cycle=26; x0_a0p25: 4869s cycle=26
03:41:36 [W64] [S44-HARNESS] heartbeat x0_a0p10: 4930s cycle=27; x0_a0p25: 4930s cycle=26
03:42:36 [W64] [S44-HARNESS] heartbeat x0_a0p10: 4990s cycle=27; x0_a0p25: 4990s cycle=27
03:43:36 [W64] [S44-HARNESS] heartbeat x0_a0p10: 5050s cycle=27; x0_a0p25: 5050s cycle=27
03:44:36 [W64] [S44-HARNESS] heartbeat x0_a0p10: 5110s cycle=28; x0_a0p25: 5110s cycle=28
03:45:36 [W64] [S44-HARNESS] heartbeat x0_a0p10: 5170s cycle=28; x0_a0p25: 5170s cycle=28
03:46:37 [W64] [S44-HARNESS] heartbeat x0_a0p10: 5230s cycle=28; x0_a0p25: 5230s cycle=28
03:47:37 [W64] [S44-HARNESS] heartbeat x0_a0p10: 5290s cycle=29; x0_a0p25: 5290s cycle=29
03:48:37 [W64] [S44-HARNESS] heartbeat x0_a0p10: 5350s cycle=29; x0_a0p25: 5350s cycle=29
03:49:37 [W64] [S44-HARNESS] heartbeat x0_a0p10: 5411s cycle=29; x0_a0p25: 5411s cycle=29
03:50:37 [W64] [S44-HARNESS] heartbeat x0_a0p10: 5471s cycle=30; x0_a0p25: 5471s cycle=30
03:51:37 [W64] [S44-HARNESS] heartbeat x0_a0p10: 5531s cycle=30; x0_a0p25: 5531s cycle=30
03:52:37 [W64] [S44-HARNESS] heartbeat x0_a0p10: 5591s cycle=30; x0_a0p25: 5591s cycle=30
03:53:37 [W64] [S44-HARNESS] heartbeat x0_a0p10: 5651s cycle=31; x0_a0p25: 5651s cycle=31
03:54:38 [W64] [S44-HARNESS] heartbeat x0_a0p10: 5711s cycle=31; x0_a0p25: 5711s cycle=31
03:55:38 [W64] [S44-HARNESS] heartbeat x0_a0p10: 5771s cycle=32; x0_a0p25: 5771s cycle=31
03:56:38 [W64] [S44-HARNESS] heartbeat x0_a0p10: 5831s cycle=32; x0_a0p25: 5831s cycle=32
03:57:38 [W64] [S44-HARNESS] heartbeat x0_a0p10: 5892s cycle=32; x0_a0p25: 5892s cycle=32
03:58:38 [W64] [S44-HARNESS] heartbeat x0_a0p10: 5952s cycle=33; x0_a0p25: 5952s cycle=33
03:59:38 [W64] [S44-HARNESS] heartbeat x0_a0p10: 6012s cycle=33; x0_a0p25: 6012s cycle=33
04:00:38 [W64] [S44-HARNESS] heartbeat x0_a0p10: 6072s cycle=33; x0_a0p25: 6072s cycle=33
04:01:38 [W64] [S44-HARNESS] heartbeat x0_a0p10: 6132s cycle=34; x0_a0p25: 6132s cycle=34
04:02:38 [W64] [S44-HARNESS] heartbeat x0_a0p10: 6192s cycle=34; x0_a0p25: 6192s cycle=34
04:03:39 [W64] [S44-HARNESS] heartbeat x0_a0p10: 6252s cycle=34; x0_a0p25: 6252s cycle=34
04:04:39 [W64] [S44-HARNESS] heartbeat x0_a0p10: 6312s cycle=35; x0_a0p25: 6312s cycle=35
04:05:39 [W64] [S44-HARNESS] heartbeat x0_a0p10: 6372s cycle=35; x0_a0p25: 6372s cycle=35
04:06:39 [W64] [S44-HARNESS] heartbeat x0_a0p10: 6433s cycle=36; x0_a0p25: 6433s cycle=35
04:07:39 [W64] [S44-HARNESS] heartbeat x0_a0p10: 6493s cycle=36; x0_a0p25: 6493s cycle=36
04:08:39 [W64] [S44-HARNESS] heartbeat x0_a0p10: 6553s cycle=36; x0_a0p25: 6553s cycle=36
04:09:39 [W64] [S44-HARNESS] heartbeat x0_a0p10: 6613s cycle=37; x0_a0p25: 6613s cycle=37
04:10:39 [W64] [S44-HARNESS] heartbeat x0_a0p10: 6673s cycle=37; x0_a0p25: 6673s cycle=37
04:11:39 [W64] [S44-HARNESS] heartbeat x0_a0p10: 6733s cycle=37; x0_a0p25: 6733s cycle=37
04:12:40 [W64] [S44-HARNESS] heartbeat x0_a0p10: 6793s cycle=38; x0_a0p25: 6793s cycle=38
04:13:40 [W64] [S44-HARNESS] heartbeat x0_a0p10: 6853s cycle=38; x0_a0p25: 6853s cycle=38
04:14:40 [W64] [S44-HARNESS] heartbeat x0_a0p10: 6913s cycle=39; x0_a0p25: 6913s cycle=38
04:15:40 [W64] [S44-HARNESS] heartbeat x0_a0p10: 6974s cycle=39; x0_a0p25: 6974s cycle=39
04:16:40 [W64] [S44-HARNESS] heartbeat x0_a0p10: 7034s cycle=39; x0_a0p25: 7034s cycle=39
04:17:40 [W64] [S44-HARNESS] heartbeat x0_a0p10: 7094s cycle=40; x0_a0p25: 7094s cycle=39
04:18:40 [W64] [S44-HARNESS] heartbeat x0_a0p10: 7154s cycle=40; x0_a0p25: 7154s cycle=40
04:19:40 [W64] [S44-HARNESS] heartbeat x0_a0p10: 7214s cycle=40; x0_a0p25: 7214s cycle=40
04:20:41 [W64] [S44-HARNESS] heartbeat x0_a0p10: 7274s cycle=41; x0_a0p25: 7274s cycle=41
04:21:41 [W64] [S44-HARNESS] heartbeat x0_a0p10: 7334s cycle=41; x0_a0p25: 7334s cycle=41
04:22:41 [W64] [S44-HARNESS] heartbeat x0_a0p10: 7394s cycle=41; x0_a0p25: 7394s cycle=41
04:23:41 [W64] [S44-HARNESS] heartbeat x0_a0p10: 7454s cycle=42; x0_a0p25: 7454s cycle=42
04:24:41 [W64] [S44-HARNESS] heartbeat x0_a0p10: 7515s cycle=42; x0_a0p25: 7515s cycle=42
04:25:41 [W64] [S44-HARNESS] heartbeat x0_a0p10: 7575s cycle=43; x0_a0p25: 7575s cycle=42
04:26:41 [W64] [S44-HARNESS] heartbeat x0_a0p10: 7635s cycle=43; x0_a0p25: 7635s cycle=43
04:27:41 [W64] [S44-HARNESS] heartbeat x0_a0p10: 7695s cycle=43; x0_a0p25: 7695s cycle=43
04:28:41 [W64] [S44-HARNESS] heartbeat x0_a0p10: 7755s cycle=44; x0_a0p25: 7755s cycle=43
04:29:42 [W64] [S44-HARNESS] heartbeat x0_a0p10: 7815s cycle=44; x0_a0p25: 7815s cycle=44
04:30:42 [W64] [S44-HARNESS] heartbeat x0_a0p10: 7875s cycle=44; x0_a0p25: 7875s cycle=44
04:31:42 [W64] [S44-HARNESS] heartbeat x0_a0p10: 7935s cycle=45; x0_a0p25: 7935s cycle=45
04:32:42 [W64] [S44-HARNESS] heartbeat x0_a0p10: 7996s cycle=45; x0_a0p25: 7996s cycle=45
04:33:42 [W64] [S44-HARNESS] heartbeat x0_a0p10: 8056s cycle=45; x0_a0p25: 8056s cycle=45
04:34:42 [W64] [S44-HARNESS] heartbeat x0_a0p10: 8116s cycle=46; x0_a0p25: 8116s cycle=46
04:35:42 [W64] [S44-HARNESS] heartbeat x0_a0p10: 8176s cycle=46; x0_a0p25: 8176s cycle=46
04:36:42 [W64] [S44-HARNESS] heartbeat x0_a0p10: 8236s cycle=47; x0_a0p25: 8236s cycle=46
04:37:43 [W64] [S44-HARNESS] heartbeat x0_a0p10: 8296s cycle=47; x0_a0p25: 8296s cycle=47
04:38:43 [W64] [S44-HARNESS] heartbeat x0_a0p10: 8356s cycle=47; x0_a0p25: 8356s cycle=47
04:39:43 [W64] [S44-HARNESS] heartbeat x0_a0p10: 8416s cycle=48; x0_a0p25: 8416s cycle=47
04:40:43 [W64] [S44-HARNESS] heartbeat x0_a0p10: 8477s cycle=48; x0_a0p25: 8477s cycle=48
04:41:43 [W64] [S44-HARNESS] heartbeat x0_a0p10: 8537s cycle=48; x0_a0p25: 8537s cycle=48
04:42:43 [W64] [S44-HARNESS] heartbeat x0_a0p10: 8597s cycle=49; x0_a0p25: 8597s cycle=48
04:43:43 [W64] [S44-HARNESS] heartbeat x0_a0p10: 8657s cycle=49; x0_a0p25: 8657s cycle=49
04:44:43 [W64] [S44-HARNESS] heartbeat x0_a0p10: 8717s cycle=49; x0_a0p25: 8717s cycle=49
04:45:44 [W64] [S44-HARNESS] heartbeat x0_a0p10: 8777s cycle=50; x0_a0p25: 8777s cycle=50
04:46:44 [W64] [S44-HARNESS] heartbeat x0_a0p10: 8837s cycle=50; x0_a0p25: 8837s cycle=50
04:47:44 [W64] [S44-HARNESS] heartbeat x0_a0p10: 8897s cycle=51; x0_a0p25: 8897s cycle=50
04:48:44 [W64] [S44-HARNESS] heartbeat x0_a0p10: 8958s cycle=51; x0_a0p25: 8957s cycle=51
04:49:44 [W64] [S44-HARNESS] heartbeat x0_a0p10: 9018s cycle=51; x0_a0p25: 9018s cycle=51
04:50:44 [W64] [S44-HARNESS] heartbeat x0_a0p10: 9078s cycle=52; x0_a0p25: 9078s cycle=51
04:51:44 [W64] [S44-HARNESS] heartbeat x0_a0p10: 9138s cycle=52; x0_a0p25: 9138s cycle=52
04:52:44 [W64] [S44-HARNESS] heartbeat x0_a0p10: 9198s cycle=52; x0_a0p25: 9198s cycle=52
04:53:44 [W64] [S44-HARNESS] heartbeat x0_a0p10: 9258s cycle=53; x0_a0p25: 9258s cycle=52
04:54:45 [W64] [S44-HARNESS] heartbeat x0_a0p10: 9318s cycle=53; x0_a0p25: 9318s cycle=53
04:55:45 [W64] [S44-HARNESS] heartbeat x0_a0p10: 9378s cycle=53; x0_a0p25: 9378s cycle=53
04:56:45 [W64] [S44-HARNESS] heartbeat x0_a0p10: 9438s cycle=54; x0_a0p25: 9438s cycle=54
04:57:45 [W64] [S44-HARNESS] heartbeat x0_a0p10: 9499s cycle=54; x0_a0p25: 9499s cycle=54
04:58:45 [W64] [S44-HARNESS] heartbeat x0_a0p10: 9559s cycle=55; x0_a0p25: 9559s cycle=54
04:59:45 [W64] [S44-HARNESS] heartbeat x0_a0p10: 9619s cycle=55; x0_a0p25: 9619s cycle=55
05:00:45 [W64] [S44-HARNESS] heartbeat x0_a0p10: 9679s cycle=55; x0_a0p25: 9679s cycle=55
05:01:45 [W64] [S44-HARNESS] heartbeat x0_a0p10: 9739s cycle=56; x0_a0p25: 9739s cycle=55
05:02:46 [W64] [S44-HARNESS] heartbeat x0_a0p10: 9799s cycle=56; x0_a0p25: 9799s cycle=56
05:03:46 [W64] [S44-HARNESS] heartbeat x0_a0p10: 9859s cycle=56; x0_a0p25: 9859s cycle=56
05:04:46 [W64] [S44-HARNESS] heartbeat x0_a0p10: 9919s cycle=57; x0_a0p25: 9919s cycle=56
05:05:46 [W64] [S44-HARNESS] heartbeat x0_a0p10: 9979s cycle=57; x0_a0p25: 9979s cycle=57
05:06:46 [W64] [S44-HARNESS] heartbeat x0_a0p10: 10040s cycle=57; x0_a0p25: 10040s cycle=57
05:07:46 [W64] [S44-HARNESS] heartbeat x0_a0p10: 10100s cycle=58; x0_a0p25: 10100s cycle=58
05:08:46 [W64] [S44-HARNESS] heartbeat x0_a0p10: 10160s cycle=58; x0_a0p25: 10160s cycle=58
05:09:46 [W64] [S44-HARNESS] heartbeat x0_a0p10: 10220s cycle=59; x0_a0p25: 10220s cycle=58
05:10:46 [W64] [S44-HARNESS] heartbeat x0_a0p10: 10280s cycle=59; x0_a0p25: 10280s cycle=59
05:11:47 [W64] [S44-HARNESS] heartbeat x0_a0p10: 10340s cycle=59; x0_a0p25: 10340s cycle=59
05:12:47 [W64] [S44-HARNESS] heartbeat x0_a0p10: 10400s cycle=60; x0_a0p25: 10400s cycle=59
05:13:47 [W64] [S44-HARNESS] heartbeat x0_a0p10: 10460s cycle=60; x0_a0p25: 10460s cycle=60
05:14:47 [W64] [S44-HARNESS] heartbeat x0_a0p10: 10521s cycle=60; x0_a0p25: 10521s cycle=60
05:15:47 [W64] [S44-HARNESS] heartbeat x0_a0p10: 10581s cycle=61; x0_a0p25: 10581s cycle=61
05:16:47 [W64] [S44-HARNESS] heartbeat x0_a0p10: 10641s cycle=61; x0_a0p25: 10641s cycle=61
05:17:47 [W64] [S44-HARNESS] heartbeat x0_a0p10: 10701s cycle=62; x0_a0p25: 10701s cycle=61
05:18:47 [W64] [S44-HARNESS] heartbeat x0_a0p10: 10761s cycle=62; x0_a0p25: 10761s cycle=62
05:19:47 [W64] [S44-HARNESS] heartbeat x0_a0p10: 10821s cycle=62; x0_a0p25: 10821s cycle=62
05:20:48 [W64] [S44-HARNESS] heartbeat x0_a0p10: 10881s cycle=63; x0_a0p25: 10881s cycle=62
05:21:48 [W64] [S44-HARNESS] heartbeat x0_a0p10: 10941s cycle=63; x0_a0p25: 10941s cycle=63
05:22:48 [W64] [S44-HARNESS] heartbeat x0_a0p10: 11001s cycle=63; x0_a0p25: 11001s cycle=63
05:23:48 [W64] [S44-HARNESS] heartbeat x0_a0p10: 11062s cycle=64; x0_a0p25: 11062s cycle=64
05:24:48 [W64] [S44-HARNESS] heartbeat x0_a0p10: 11122s cycle=64; x0_a0p25: 11122s cycle=64
05:25:48 [W64] [S44-HARNESS] heartbeat x0_a0p10: 11182s cycle=65; x0_a0p25: 11182s cycle=64
05:26:48 [W64] [S44-HARNESS] heartbeat x0_a0p10: 11242s cycle=65; x0_a0p25: 11242s cycle=65
05:27:48 [W64] [S44-HARNESS] heartbeat x0_a0p10: 11302s cycle=65; x0_a0p25: 11302s cycle=65
05:28:49 [W64] [S44-HARNESS] heartbeat x0_a0p10: 11362s cycle=66; x0_a0p25: 11362s cycle=65
05:29:49 [W64] [S44-HARNESS] heartbeat x0_a0p10: 11422s cycle=66; x0_a0p25: 11422s cycle=66
05:30:49 [W64] [S44-HARNESS] heartbeat x0_a0p10: 11482s cycle=66; x0_a0p25: 11482s cycle=66
05:31:49 [W64] [S44-HARNESS] heartbeat x0_a0p10: 11542s cycle=67; x0_a0p25: 11542s cycle=67
05:32:49 [W64] [S44-HARNESS] heartbeat x0_a0p10: 11603s cycle=67; x0_a0p25: 11603s cycle=67
05:33:49 [W64] [S44-HARNESS] heartbeat x0_a0p10: 11663s cycle=68; x0_a0p25: 11663s cycle=67
05:34:49 [W64] [S44-HARNESS] heartbeat x0_a0p10: 11723s cycle=68; x0_a0p25: 11723s cycle=68
05:35:49 [W64] [S44-HARNESS] heartbeat x0_a0p10: 11783s cycle=68; x0_a0p25: 11783s cycle=68
05:36:49 [W64] [S44-HARNESS] heartbeat x0_a0p10: 11843s cycle=68; x0_a0p25: 11843s cycle=68
05:37:50 [W64] [S44-HARNESS] heartbeat x0_a0p10: 11903s cycle=68; x0_a0p25: 11903s cycle=69
05:38:50 [W64] [S44-HARNESS] heartbeat x0_a0p10: 11963s cycle=68; x0_a0p25: 11963s cycle=69
05:39:50 [W64] [S44-HARNESS] heartbeat x0_a0p10: 12023s cycle=68; x0_a0p25: 12023s cycle=70
05:40:50 [W64] [S44-HARNESS] heartbeat x0_a0p10: 12084s cycle=68; x0_a0p25: 12084s cycle=70
05:41:50 [W64] [S44-HARNESS] heartbeat x0_a0p10: 12144s cycle=68; x0_a0p25: 12144s cycle=70
05:42:50 [W64] [S44-HARNESS] heartbeat x0_a0p10: 12204s cycle=68; x0_a0p25: 12204s cycle=70
05:43:50 [W64] [S44-HARNESS] heartbeat x0_a0p10: 12264s cycle=68; x0_a0p25: 12264s cycle=70
05:44:50 [W64] [S44-HARNESS] heartbeat x0_a0p10: 12324s cycle=68; x0_a0p25: 12324s cycle=70
05:45:51 [W64] [S44-HARNESS] heartbeat x0_a0p10: 12384s cycle=68; x0_a0p25: 12384s cycle=70
05:46:51 [W64] [S44-HARNESS] heartbeat x0_a0p10: 12444s cycle=68; x0_a0p25: 12444s cycle=70
05:47:51 [W64] [S44-HARNESS] heartbeat x0_a0p10: 12504s cycle=68; x0_a0p25: 12504s cycle=70
05:48:51 [W64] [S44-HARNESS] heartbeat x0_a0p10: 12564s cycle=68; x0_a0p25: 12564s cycle=70
05:49:51 [W64] [S44-HARNESS] heartbeat x0_a0p10: 12625s cycle=68; x0_a0p25: 12625s cycle=70
05:50:51 [W64] [S44-HARNESS] heartbeat x0_a0p10: 12685s cycle=68; x0_a0p25: 12685s cycle=70
05:51:51 [W64] [S44-HARNESS] heartbeat x0_a0p10: 12745s cycle=68; x0_a0p25: 12745s cycle=70
05:52:51 [W64] [S44-HARNESS] heartbeat x0_a0p10: 12805s cycle=68; x0_a0p25: 12805s cycle=70
05:53:51 [W64] [S44-HARNESS] heartbeat x0_a0p10: 12865s cycle=68; x0_a0p25: 12865s cycle=70
05:54:52 [W64] [S44-HARNESS] heartbeat x0_a0p10: 12925s cycle=68; x0_a0p25: 12925s cycle=70
05:55:52 [W64] [S44-HARNESS] heartbeat x0_a0p10: 12985s cycle=68; x0_a0p25: 12985s cycle=70
05:56:52 [W64] [S44-HARNESS] heartbeat x0_a0p10: 13045s cycle=68; x0_a0p25: 13045s cycle=70
05:57:52 [W64] [S44-HARNESS] heartbeat x0_a0p10: 13105s cycle=68; x0_a0p25: 13105s cycle=70
05:58:52 [W64] [S44-HARNESS] heartbeat x0_a0p10: 13166s cycle=68; x0_a0p25: 13166s cycle=70
05:59:02 [W64] [S44-HARNESS] finished x0_a0p10 pid=76540 exit=0 status=certified wall=13176s
05:59:52 [W64] [S44-HARNESS] heartbeat x0_a0p25: 13226s cycle=70
06:00:52 [W64] [S44-HARNESS] heartbeat x0_a0p25: 13286s cycle=70
06:01:52 [W64] [S44-HARNESS] heartbeat x0_a0p25: 13346s cycle=70
06:02:52 [W64] [S44-HARNESS] heartbeat x0_a0p25: 13406s cycle=70
06:03:52 [W64] [S44-HARNESS] heartbeat x0_a0p25: 13466s cycle=70
06:04:52 [W64] [S44-HARNESS] heartbeat x0_a0p25: 13526s cycle=70
06:05:52 [W64] [S44-HARNESS] heartbeat x0_a0p25: 13586s cycle=70
06:06:53 [W64] [S44-HARNESS] heartbeat x0_a0p25: 13646s cycle=70
06:07:53 [W64] [S44-HARNESS] heartbeat x0_a0p25: 13706s cycle=70
06:08:53 [W64] [S44-HARNESS] heartbeat x0_a0p25: 13766s cycle=70
06:09:53 [W64] [S44-HARNESS] heartbeat x0_a0p25: 13826s cycle=70
06:10:53 [W64] [S44-HARNESS] heartbeat x0_a0p25: 13886s cycle=70
06:11:53 [W64] [S44-HARNESS] heartbeat x0_a0p25: 13947s cycle=70
06:12:53 [W64] [S44-HARNESS] heartbeat x0_a0p25: 14007s cycle=70
06:13:53 [W64] [S44-HARNESS] heartbeat x0_a0p25: 14067s cycle=70
06:14:53 [W64] [S44-HARNESS] heartbeat x0_a0p25: 14127s cycle=70
06:14:58 [W64] [S44-HARNESS] finished x0_a0p25 pid=76541 exit=0 status=certified wall=14132s
06:14:58 [W64] [W65-ROW-PAIR3] campaign lock released
06:14:59 [W64] [W65-ROW-PAIR3] x0_a0p10: status=certified cycles=68 Q=824438966.4847524 bar=1885.9144569635391 charge=5780306.270568706 P=57803062.70568706 rule10=0.012584777269126747
06:14:59 [W64] [W65-ROW-PAIR3] x0_a0p25: status=certified cycles=70 Q=831588203.0043111 bar=2743.1818865537643 charge=10941967.08200805 P=43767868.3280322 rule10=0.02080690793651611
06:14:59 [W64] [W65-ROW-PAIR3] init identity x0 bitwise_equal=True; hazard unchanged=True; guard []
06:14:59 [W64] [W65-ROW-PAIR3] OK
