[INFO] Scenario random seed: 2026
[INFO] Reading MARKET DATA from file(s)...
[INFO] 	 - Generating market scenarios...
[INFO] 	 - Plotting market scenarios...
[INFO] Reading DISTRIBUTION NETWORK DATA from file(s)...
[INFO]	 - Generating load stochastic scenarios...
[INFO]	 - Generating RES generation stochastic scenarios...
[INFO]	 - Generating flexibility stochastic scenarios...
[INFO]	 - Plotting flexibility profiles...
[INFO]	 - Plotting load scenarios...
[INFO]	 - Plotting RES generation scenarios...
[INFO] Reading DISTRIBUTION NETWORK DATA from file(s)...
[INFO]	 - Generating load stochastic scenarios...
[INFO]	 - Generating RES generation stochastic scenarios...
[INFO]	 - Generating flexibility stochastic scenarios...
[INFO]	 - Plotting flexibility profiles...
[INFO]	 - Plotting load scenarios...
[INFO]	 - Plotting RES generation scenarios...
[INFO] Reading DISTRIBUTION NETWORK DATA from file(s)...
[INFO]	 - Generating load stochastic scenarios...
[INFO]	 - Generating RES generation stochastic scenarios...
[INFO]	 - Generating flexibility stochastic scenarios...
[INFO]	 - Plotting flexibility profiles...
[INFO]	 - Plotting load scenarios...
[INFO]	 - Plotting RES generation scenarios...
[INFO] Reading TRANSMISSION NETWORK DATA from file(s)...
[INFO]	 - Generating load stochastic scenarios...
[INFO]	 - Generating RES generation stochastic scenarios...
[INFO]	 - Generating flexibility stochastic scenarios...
[INFO]	 - Plotting flexibility profiles...
[INFO]	 - Plotting load scenarios...
[INFO]	 - Plotting RES generation scenarios...
[INFO] Scenario checksum: 53b4bea4142001617282a08541079952564903b6d84db066f90d71a650b7d563
[INFO] Reading SHARED ESS DATA from file(s)...
[INFO] Reading PLANNING PARAMETERS from file...
15:48:23 [W64] [W65-SMOKE-FREEZE] P5.15 Addendum 40 ruling 1 (W64) -- the R3.6 alpha row on the 2 x 2 pilot instance: x = 0 at alpha in {0, 0.1, 0.25, 0.5, 1.0} + the smallest node-7 unit at alpha = 0.5, all certified; a two-mechanism cost-of-commitment curve
15:48:23 [W64] [W65-SMOKE-FREEZE] frozen campaign spec: data/SRP1/Results/P515S53/alpha_row/campaign_s53_alpha_row_smoke_r2/campaign_spec_s53_alpha_row_smoke_r2_c28eaa4d.json sha256=c28eaa4d3846ab97393922e7734cba58ddd13aee71fe8627be3cb6381f8a1c07
15:48:23 [W64] [W65-SMOKE-FREEZE]   x0_a0p50: alpha=0.5 key=8435c71859ddde68 eval_key=7d53b6f21b686a44
15:48:23 [W64] [W65-SMOKE-FREEZE] instance facts: checksum 53b4bea414200161 blocks {'tso_blocks': 20, 'dso_blocks': 60, 'network_blocks': 80, 'esso_models': 3, 'solves_per_cycle': 83} solves/cycle 83 min pibar 9.8120 alpha_arb 0.0422/0.1889/0.8774 (v25 authoritative; W46 0.022/0.157/0.668 was another instance); structural {'n_entries_dso': 23040, 'n_entries_tso': 11520, 'n_network_hour_scenarios': 7680} (v25 {'n_entries_dso': 23040, 'n_entries_tso': 11520, 'n_network_hour_scenarios': 7680}); G9 ceiling 22000000
15:48:23 [W64] [W65-SMOKE-FREEZE] spec checks all=True failing=[]
15:48:23 [W64] [W65-SMOKE-FREEZE] hazard static {'evaluate_writes_only_under_ctx_roots': True, 'child_reads_no_other_campaign_root': True, 'protected_roots_exist': True, 'own_roots_outside_protected': True}
15:48:23 [W64] [W65-SMOKE-FREEZE] memory at freeze (non-gating): available (memsize - wired - anonymous - compressor) = 20.32 GiB; free+inactive = 16.52 GiB (recorded only); required 11.00 GiB (hw.memsize - (wired + anonymous + compressor-occupied) x page size >= 1 x 7 GiB + 4 GiB (one terminal-phase transient at a time: the harness terminal-phase lock)) -> PASS
15:48:23 [W64] [W65-SMOKE-FREEZE] lock observations (non-gating): []
15:48:23 [W64] [W65-SMOKE-FREEZE] guard {'permitted_solve': 0, 'permitted_exec': 0, 'blocked_solve': 0, 'blocked_exec': 0} verify0=[] wall=14.5s
15:48:23 [W64] [W65-SMOKE-FREEZE] freeze OK; run with --stage smoke --run --spec-sha256 c28eaa4d3846ab97393922e7734cba58ddd13aee71fe8627be3cb6381f8a1c07
