14:01:37 [W64] [W64-SMOKE] memory preflight: available (memsize - wired - anonymous - compressor) = 21.00 GiB; free+inactive = 13.72 GiB (recorded only); required 11.00 GiB (hw.memsize - (wired + anonymous + compressor-occupied) x page size >= 1 x 7 GiB + 4 GiB (one terminal-phase transient at a time: the harness terminal-phase lock)) -> PASS
14:01:37 [W64] [W64-SMOKE] P5.15 Addendum 40 ruling 1 (W64) -- the R3.6 alpha row on the 2 x 2 pilot instance: x = 0 at alpha in {0, 0.1, 0.25, 0.5, 1.0} + the smallest node-7 unit at alpha = 0.5, all certified; a two-mechanism cost-of-commitment curve
14:01:37 [W64] [W64-SMOKE] campaign lock {'pid': 8775, 'campaign_id': 's53_alpha_row_smoke', 'campaign_spec_sha256': '44bc79315915589a2729af1f1fd0ef83bc143e7d1e96222f5b31baca03baf648', 'started_utc': '2026-09-24T14:01:37.113724+00:00'}; entry x0_a0p50 eval_key 7d53b6f21b686a44 -> data/SRP1/Results/P515S53/alpha_row/campaign_s53_alpha_row_smoke/evals/7d53b6f21b686a44_x0_a0p50
14:01:37 [W64] [W64-SMOKE] DECLARED before the run: solves = 83 x 3 = 249 + every retry attempted (per-event reconciliation); GUARD.verify(expected) exactly
[INFO] Scenario random seed: 2026
[INFO] Reading MARKET DATA from file(s)...
[INFO] 	 - Generating market scenarios...
[INFO] 	 - Plotting market scenarios...
[INFO] Reading DISTRIBUTION NETWORK DATA from file(s)...
[INFO]	 - Generating load stochastic scenarios...
[INFO]	 - Generating RES generation stochastic scenarios...
[INFO]	 - Generating flexibility stochastic scenarios...
[INFO]	 - Plotting flexibility profiles...
[INFO]	 - Plotting load scenarios...
[INFO]	 - Plotting RES generation scenarios...
[INFO] Reading DISTRIBUTION NETWORK DATA from file(s)...
[INFO]	 - Generating load stochastic scenarios...
[INFO]	 - Generating RES generation stochastic scenarios...
[INFO]	 - Generating flexibility stochastic scenarios...
[INFO]	 - Plotting flexibility profiles...
[INFO]	 - Plotting load scenarios...
[INFO]	 - Plotting RES generation scenarios...
[INFO] Reading DISTRIBUTION NETWORK DATA from file(s)...
[INFO]	 - Generating load stochastic scenarios...
[INFO]	 - Generating RES generation stochastic scenarios...
[INFO]	 - Generating flexibility stochastic scenarios...
[INFO]	 - Plotting flexibility profiles...
[INFO]	 - Plotting load scenarios...
[INFO]	 - Plotting RES generation scenarios...
[INFO] Reading TRANSMISSION NETWORK DATA from file(s)...
[INFO]	 - Generating load stochastic scenarios...
[INFO]	 - Generating RES generation stochastic scenarios...
[INFO]	 - Generating flexibility stochastic scenarios...
[INFO]	 - Plotting flexibility profiles...
[INFO]	 - Plotting load scenarios...
[INFO]	 - Plotting RES generation scenarios...
[INFO] Scenario checksum: 53b4bea4142001617282a08541079952564903b6d84db066f90d71a650b7d563
[INFO] Reading SHARED ESS DATA from file(s)...
[INFO] Reading PLANNING PARAMETERS from file...
[S44-CHILD] derived instance s52_pilot_2x2 installed: case sha256 7ecff44a874892187d1dd2e3d5ed0664a2f90a4bfa4cdb820a4abcbbd828f949 scenario checksum 53b4bea4142001617282a08541079952564903b6d84db066f90d71a650b7d563
[INFO] Running OPERATIONAL PLANNING (DISTRIBUTED)...
[INFO]	 - Initializing...
[INFO] 		 - Distribution Network node 5...
[INFO] 			 - Running SMOPF, Network case33_1, 2025, Spring...
[INFO] 			 - Running SMOPF, Network case33_1, 2025, Summer...
[INFO] 			 - Running SMOPF, Network case33_1, 2025, Autumn...
[INFO] 			 - Running SMOPF, Network case33_1, 2025, Winter...
[INFO] 			 - Running SMOPF, Network case33_1, 2028, Spring...
[INFO] 			 - Running SMOPF, Network case33_1, 2028, Summer...
[INFO] 			 - Running SMOPF, Network case33_1, 2028, Autumn...
[INFO] 			 - Running SMOPF, Network case33_1, 2028, Winter...
[INFO] 			 - Running SMOPF, Network case33_1, 2031, Spring...
[INFO] 			 - Running SMOPF, Network case33_1, 2031, Summer...
[INFO] 			 - Running SMOPF, Network case33_1, 2031, Autumn...
[INFO] 			 - Running SMOPF, Network case33_1, 2031, Winter...
[INFO] 			 - Running SMOPF, Network case33_1, 2034, Spring...
[INFO] 			 - Running SMOPF, Network case33_1, 2034, Summer...
[INFO] 			 - Running SMOPF, Network case33_1, 2034, Autumn...
[INFO] 			 - Running SMOPF, Network case33_1, 2034, Winter...
[INFO] 			 - Running SMOPF, Network case33_1, 2037, Spring...
[INFO] 			 - Running SMOPF, Network case33_1, 2037, Summer...
[INFO] 			 - Running SMOPF, Network case33_1, 2037, Autumn...
[INFO] 			 - Running SMOPF, Network case33_1, 2037, Winter...
[INFO] 		 - Distribution Network node 7...
[INFO] 			 - Running SMOPF, Network case33_2, 2025, Spring...
[INFO] 			 - Running SMOPF, Network case33_2, 2025, Summer...
[INFO] 			 - Running SMOPF, Network case33_2, 2025, Autumn...
[INFO] 			 - Running SMOPF, Network case33_2, 2025, Winter...
[INFO] 			 - Running SMOPF, Network case33_2, 2028, Spring...
[INFO] 			 - Running SMOPF, Network case33_2, 2028, Summer...
[INFO] 			 - Running SMOPF, Network case33_2, 2028, Autumn...
[INFO] 			 - Running SMOPF, Network case33_2, 2028, Winter...
[INFO] 			 - Running SMOPF, Network case33_2, 2031, Spring...
[INFO] 			 - Running SMOPF, Network case33_2, 2031, Summer...
[INFO] 			 - Running SMOPF, Network case33_2, 2031, Autumn...
[INFO] 			 - Running SMOPF, Network case33_2, 2031, Winter...
[INFO] 			 - Running SMOPF, Network case33_2, 2034, Spring...
[INFO] 			 - Running SMOPF, Network case33_2, 2034, Summer...
[INFO] 			 - Running SMOPF, Network case33_2, 2034, Autumn...
[INFO] 			 - Running SMOPF, Network case33_2, 2034, Winter...
[INFO] 			 - Running SMOPF, Network case33_2, 2037, Spring...
[INFO] 			 - Running SMOPF, Network case33_2, 2037, Summer...
[INFO] 			 - Running SMOPF, Network case33_2, 2037, Autumn...
[INFO] 			 - Running SMOPF, Network case33_2, 2037, Winter...
[INFO] 		 - Distribution Network node 9...
[INFO] 			 - Running SMOPF, Network case33_3, 2025, Spring...
[INFO] 			 - Running SMOPF, Network case33_3, 2025, Summer...
[INFO] 			 - Running SMOPF, Network case33_3, 2025, Autumn...
[INFO] 			 - Running SMOPF, Network case33_3, 2025, Winter...
[INFO] 			 - Running SMOPF, Network case33_3, 2028, Spring...
[INFO] 			 - Running SMOPF, Network case33_3, 2028, Summer...
[INFO] 			 - Running SMOPF, Network case33_3, 2028, Autumn...
[INFO] 			 - Running SMOPF, Network case33_3, 2028, Winter...
[INFO] 			 - Running SMOPF, Network case33_3, 2031, Spring...
[INFO] 			 - Running SMOPF, Network case33_3, 2031, Summer...
[INFO] 			 - Running SMOPF, Network case33_3, 2031, Autumn...
[INFO] 			 - Running SMOPF, Network case33_3, 2031, Winter...
[INFO] 			 - Running SMOPF, Network case33_3, 2034, Spring...
[INFO] 			 - Running SMOPF, Network case33_3, 2034, Summer...
[INFO] 			 - Running SMOPF, Network case33_3, 2034, Autumn...
[INFO] 			 - Running SMOPF, Network case33_3, 2034, Winter...
[INFO] 			 - Running SMOPF, Network case33_3, 2037, Spring...
[INFO] 			 - Running SMOPF, Network case33_3, 2037, Summer...
[INFO] 			 - Running SMOPF, Network case33_3, 2037, Autumn...
[INFO] 			 - Running SMOPF, Network case33_3, 2037, Winter...
[INFO] 		 - Transmission Network...
[INFO] 			 - Running SMOPF, Network case9, 2025, Spring...
[INFO] 			 - Running SMOPF, Network case9, 2025, Summer...
[INFO] 			 - Running SMOPF, Network case9, 2025, Autumn...
[INFO] 			 - Running SMOPF, Network case9, 2025, Winter...
[INFO] 			 - Running SMOPF, Network case9, 2028, Spring...
[INFO] 			 - Running SMOPF, Network case9, 2028, Summer...
[INFO] 			 - Running SMOPF, Network case9, 2028, Autumn...
[INFO] 			 - Running SMOPF, Network case9, 2028, Winter...
[INFO] 			 - Running SMOPF, Network case9, 2031, Spring...
[INFO] 			 - Running SMOPF, Network case9, 2031, Summer...
[INFO] 			 - Running SMOPF, Network case9, 2031, Autumn...
[INFO] 			 - Running SMOPF, Network case9, 2031, Winter...
[INFO] 			 - Running SMOPF, Network case9, 2034, Spring...
[INFO] 			 - Running SMOPF, Network case9, 2034, Summer...
[INFO] 			 - Running SMOPF, Network case9, 2034, Autumn...
[INFO] 			 - Running SMOPF, Network case9, 2034, Winter...
[INFO] 			 - Running SMOPF, Network case9, 2037, Spring...
[INFO] 			 - Running SMOPF, Network case9, 2037, Summer...
[INFO] 			 - Running SMOPF, Network case9, 2037, Autumn...
[INFO] 			 - Running SMOPF, Network case9, 2037, Winter...
[INFO] 		 - Running Shared ESS optimization (subproblem)...
[INFO] 			 - Node 5...
[INFO] Shared ESS complementarity diagnostics for ESS node=5: ratio_max=0.000000e+00 n_periods=0 mu_final=9.090909e-12 s_obj=1.000000e-01 eps=1.000000e-05 bound=0.000000e+00 measured=0.000000e+00
[INFO] 			 - Node 7...
[INFO] Shared ESS complementarity diagnostics for ESS node=7: ratio_max=0.000000e+00 n_periods=0 mu_final=9.090909e-12 s_obj=1.000000e-01 eps=1.000000e-05 bound=0.000000e+00 measured=0.000000e+00
[INFO] 			 - Node 9...
[INFO] Shared ESS complementarity diagnostics for ESS node=9: ratio_max=0.000000e+00 n_periods=0 mu_final=9.090909e-12 s_obj=1.000000e-01 eps=1.000000e-05 bound=0.000000e+00 measured=0.000000e+00
[S44-CHILD] activation read-back all_ok=True (failing []); initialisation gross 179742.587656685 (0x1.5f0f4b385591bp+17) compared with 0 record(s), all_equal=True
[ADMM OF SCALE] n=80 | min=9.518234e+06 | median=2.883055e+07 | max=4.665883e+07 | selected=4.665883e+07
[ADMM OF SCALE] Largest weighted objectives:
  TSO node=None year=2034 day=Autumn | base=-4.665894e+07 | scenario=1.046367e+02 | total=-4.665883e+07
  TSO node=None year=2037 day=Winter | base=-4.585554e+07 | scenario=1.098257e+02 | total=-4.585543e+07
  TSO node=None year=2034 day=Winter | base=-4.337491e+07 | scenario=2.408814e+02 | total=-4.337467e+07
  DSO node=9 year=2028 day=Winter | base=3.942955e+07 | scenario=1.773052e-13 | total=3.942955e+07
  TSO node=None year=2031 day=Winter | base=-3.871555e+07 | scenario=1.223959e+02 | total=-3.871542e+07
  TSO node=None year=2037 day=Autumn | base=-3.833165e+07 | scenario=8.878130e+01 | total=-3.833156e+07
  DSO node=9 year=2028 day=Autumn | base=3.624048e+07 | scenario=1.754701e-14 | total=3.624048e+07
  DSO node=5 year=2028 day=Autumn | base=3.577125e+07 | scenario=1.390256e-13 | total=3.577125e+07
  DSO node=5 year=2028 day=Winter | base=3.445761e+07 | scenario=2.521929e-14 | total=3.445761e+07
  DSO node=5 year=2037 day=Autumn | base=3.421699e+07 | scenario=2.062253e-13 | total=3.421699e+07
[ADMM OF SCALE] Fixed sigma in force sigma_fixed=9.363536e+07 | sigma_computed=4.665883e+07 | ratio=4.983035e-01 | assert_factor=3.000
[ADMM ESSO AL SCALE] mode=sigma_over_median_block_weight | sigma=9.363536e+07 | median_block_weight=2.424162e+02 | al_scale_esso=3.862587e+05
[INFO] 	 - ADMM Iteration 1
[INFO] 		 - Updating distribution networks:
[INFO] 			 - Running SMOPF, Network case33_1, 2025, Spring...
[INFO] 			 - Running SMOPF, Network case33_1, 2025, Summer...
[INFO] 			 - Running SMOPF, Network case33_1, 2025, Autumn...
[INFO] 			 - Running SMOPF, Network case33_1, 2025, Winter...
[INFO] 			 - Running SMOPF, Network case33_1, 2028, Spring...
[INFO] 			 - Running SMOPF, Network case33_1, 2028, Summer...
[INFO] 			 - Running SMOPF, Network case33_1, 2028, Autumn...
[INFO] 			 - Running SMOPF, Network case33_1, 2028, Winter...
[INFO] 			 - Running SMOPF, Network case33_1, 2031, Spring...
[INFO] 			 - Running SMOPF, Network case33_1, 2031, Summer...
[INFO] 			 - Running SMOPF, Network case33_1, 2031, Autumn...
[INFO] 			 - Running SMOPF, Network case33_1, 2031, Winter...
[INFO] 			 - Running SMOPF, Network case33_1, 2034, Spring...
[INFO] 			 - Running SMOPF, Network case33_1, 2034, Summer...
[INFO] 			 - Running SMOPF, Network case33_1, 2034, Autumn...
[INFO] 			 - Running SMOPF, Network case33_1, 2034, Winter...
[INFO] 			 - Running SMOPF, Network case33_1, 2037, Spring...
[INFO] 			 - Running SMOPF, Network case33_1, 2037, Summer...
[INFO] 			 - Running SMOPF, Network case33_1, 2037, Autumn...
[INFO] 			 - Running SMOPF, Network case33_1, 2037, Winter...
[INFO] 			 - Running SMOPF, Network case33_2, 2025, Spring...
[INFO] 			 - Running SMOPF, Network case33_2, 2025, Summer...
[INFO] 			 - Running SMOPF, Network case33_2, 2025, Autumn...
[INFO] 			 - Running SMOPF, Network case33_2, 2025, Winter...
[INFO] 			 - Running SMOPF, Network case33_2, 2028, Spring...
[INFO] 			 - Running SMOPF, Network case33_2, 2028, Summer...
[INFO] 			 - Running SMOPF, Network case33_2, 2028, Autumn...
[INFO] 			 - Running SMOPF, Network case33_2, 2028, Winter...
[INFO] 			 - Running SMOPF, Network case33_2, 2031, Spring...
[INFO] 			 - Running SMOPF, Network case33_2, 2031, Summer...
[INFO] 			 - Running SMOPF, Network case33_2, 2031, Autumn...
[INFO] 			 - Running SMOPF, Network case33_2, 2031, Winter...
[INFO] 			 - Running SMOPF, Network case33_2, 2034, Spring...
[INFO] 			 - Running SMOPF, Network case33_2, 2034, Summer...
[INFO] 			 - Running SMOPF, Network case33_2, 2034, Autumn...
[INFO] 			 - Running SMOPF, Network case33_2, 2034, Winter...
[INFO] 			 - Running SMOPF, Network case33_2, 2037, Spring...
[INFO] 			 - Running SMOPF, Network case33_2, 2037, Summer...
[INFO] 			 - Running SMOPF, Network case33_2, 2037, Autumn...
[INFO] 			 - Running SMOPF, Network case33_2, 2037, Winter...
[INFO] 			 - Running SMOPF, Network case33_3, 2025, Spring...
[INFO] 			 - Running SMOPF, Network case33_3, 2025, Summer...
[INFO] 			 - Running SMOPF, Network case33_3, 2025, Autumn...
[INFO] 			 - Running SMOPF, Network case33_3, 2025, Winter...
[INFO] 			 - Running SMOPF, Network case33_3, 2028, Spring...
[INFO] 			 - Running SMOPF, Network case33_3, 2028, Summer...
[INFO] 			 - Running SMOPF, Network case33_3, 2028, Autumn...
[INFO] 			 - Running SMOPF, Network case33_3, 2028, Winter...
[INFO] 			 - Running SMOPF, Network case33_3, 2031, Spring...
[INFO] 			 - Running SMOPF, Network case33_3, 2031, Summer...
[INFO] 			 - Running SMOPF, Network case33_3, 2031, Autumn...
[INFO] 			 - Running SMOPF, Network case33_3, 2031, Winter...
[INFO] 			 - Running SMOPF, Network case33_3, 2034, Spring...
[INFO] 			 - Running SMOPF, Network case33_3, 2034, Summer...
[INFO] 			 - Running SMOPF, Network case33_3, 2034, Autumn...
[INFO] 			 - Running SMOPF, Network case33_3, 2034, Winter...
[INFO] 			 - Running SMOPF, Network case33_3, 2037, Spring...
[INFO] 			 - Running SMOPF, Network case33_3, 2037, Summer...
[INFO] 			 - Running SMOPF, Network case33_3, 2037, Autumn...
[INFO] 			 - Running SMOPF, Network case33_3, 2037, Winter...
[INFO] 		 - Updating transmission network...
[INFO] 			 - Running SMOPF, Network case9, 2025, Spring...
[INFO] 			 - Running SMOPF, Network case9, 2025, Summer...
[INFO] 			 - Running SMOPF, Network case9, 2025, Autumn...
[INFO] 			 - Running SMOPF, Network case9, 2025, Winter...
[INFO] 			 - Running SMOPF, Network case9, 2028, Spring...
[INFO] 			 - Running SMOPF, Network case9, 2028, Summer...
[INFO] 			 - Running SMOPF, Network case9, 2028, Autumn...
[INFO] 			 - Running SMOPF, Network case9, 2028, Winter...
[INFO] 			 - Running SMOPF, Network case9, 2031, Spring...
[INFO] 			 - Running SMOPF, Network case9, 2031, Summer...
[INFO] 			 - Running SMOPF, Network case9, 2031, Autumn...
[INFO] 			 - Running SMOPF, Network case9, 2031, Winter...
[INFO] 			 - Running SMOPF, Network case9, 2034, Spring...
[INFO] 			 - Running SMOPF, Network case9, 2034, Summer...
[INFO] 			 - Running SMOPF, Network case9, 2034, Autumn...
[INFO] 			 - Running SMOPF, Network case9, 2034, Winter...
[INFO] 			 - Running SMOPF, Network case9, 2037, Spring...
[INFO] 			 - Running SMOPF, Network case9, 2037, Summer...
[INFO] 			 - Running SMOPF, Network case9, 2037, Autumn...
[INFO] 			 - Running SMOPF, Network case9, 2037, Winter...
[TSO PROX] cycle=1 | updated_blocks=20 | held_failed_blocks=0 | V max=0.199306 | PF max=1.999399 | ESS max=0.000000
[TSO PROX][V MAX] node=9, year=2028, day=Spring, period=18 | dV=68.760665 kV | normalized=0.199306
[TSO PROX][PF MAX] node=7, year=2037, day=Autumn, period=22, type=P | delta=199.939868 MW | normalized=1.999399
[TSO PROX][ESS MAX] node=5, year=2025, day=Spring, period=0, type=P | delta=0.000000 MW | normalized=0.000000
[INFO] 		 - Updating SharedESS...
[INFO] 		 - Running Shared ESS optimization (subproblem)...
[INFO] 			 - Node 5...
[INFO] Shared ESS complementarity diagnostics for ESS node=5: ratio_max=0.000000e+00 n_periods=0 mu_final=9.090909e-12 s_obj=1.000000e-01 eps=1.000000e-05 bound=0.000000e+00 measured=0.000000e+00
[INFO] 			 - Node 7...
[INFO] Shared ESS complementarity diagnostics for ESS node=7: ratio_max=0.000000e+00 n_periods=0 mu_final=9.090909e-12 s_obj=1.000000e-01 eps=1.000000e-05 bound=0.000000e+00 measured=0.000000e+00
[INFO] 			 - Node 9...
[INFO] Shared ESS complementarity diagnostics for ESS node=9: ratio_max=0.000000e+00 n_periods=0 mu_final=9.090909e-12 s_obj=1.000000e-01 eps=1.000000e-05 bound=0.000000e+00 measured=0.000000e+00
[DIAG][V MAX] node=5, year=2037, day=Autumn, period=21 | TSO=379.499972 kV, DSO=310.500133 kV, diff=68.999839 kV, base=345.000000 kV, normalized=0.200000, rho(TSO/DSO)=0.007700/0.007700
[DIAG][PF MAX] node=9, year=2037, day=Summer, period=10, type=P | TSO=39.949774 MW, DSO=-122.540734 MW, diff=162.490508 MW, rating=150.000000 MVA, normalized=1.083270, rho(TSO/DSO)=0.198000/0.198000
[INFO]		 - interface Vmag max primal residual failed. 0.200000 > 0.010000
[INFO]		 - interface Vmag mean primal residual failed. 0.124127 > 0.001000
[INFO]		 - interface PF max primal residual failed. 1.083270 > 0.010000
[INFO]		 - interface PF mean primal residual failed. 0.707726 > 0.001000
[INFO]		 - interface PF mean dual residual failed. 0.144507 > 0.010000
[INFO]		 - Recourse stationarity requires one previous successful cycle.
[ADMM RHO] V | primal max ratio=20.000 | primal mean ratio=124.127 | primal selected=124.127 | dual mean ratio=0.075 | increase threshold=5.0 | decrease threshold=5.0 | action=increased
[ADMM RHO BOYD] V | r=5.088554e+00 | s=3.907354e-02 | eps_pri=4.382477e-03 | eps_dual=3.815076e-04 | primal_ratio=1.161114e+03 | dual_ratio=1.024188e+02 | dual_ratio_balance=1.024188e+02 | rho_before=7.700000e-03 | rho_after=1.155000e-02 | gamma_before=0.000000e+00 | gamma_after=0.000000e+00 | action=increased
[ADMM RHO] PF | primal max ratio=108.327 | primal mean ratio=707.726 | primal selected=707.726 | dual mean ratio=14.451 | increase threshold=5.0 | decrease threshold=3.0 | action=held
[ADMM RHO BOYD] PF | r=4.103416e+01 | s=1.460692e+01 | eps_pri=4.236068e-03 | eps_dual=5.495700e-04 | primal_ratio=9.686853e+03 | dual_ratio=2.657882e+04 | dual_ratio_balance=2.657882e+04 | rho_before=1.980000e-01 | rho_after=1.980000e-01 | gamma_before=0.000000e+00 | gamma_after=0.000000e+00 | action=held
[ADMM RHO] ESS | primal max ratio=0.000 | primal mean ratio=0.000 | primal selected=0.000 | dual mean ratio=0.000 | increase threshold=5.0 | decrease threshold=5.0 | action=exempt (fixed)
[ADMM RHO BOYD] ESS | r=4.842316e-24 | s=3.424034e-26 | eps_pri=9.295160e-04 | eps_dual=9.295160e-04 | primal_ratio=5.209502e-21 | dual_ratio=3.683674e-23 | dual_ratio_balance=3.683674e-23 | rho_before=1.000000e-02 | rho_after=1.000000e-02 | gamma_before=0.000000e+00 | gamma_after=0.000000e+00 | action=exempt (fixed)
[INFO]		 - ADMM cycle 1 | Primal (V max/mean | PF max/mean | ESS max/mean) = 0.200000/0.124127 | 1.083270/0.707726 | 0.000000/0.000000 | Dual (V max/mean | PF max/mean | ESS max/mean) = 0.001535/0.000747 | 0.395881/0.144507 | 0.000000/0.000000 | Recourse change = N/A (tol. N/A) | Stable cycles = 0/10 | Penalty actions (V/PF/ESS) = increased/held/exempt (fixed)
[INFO] 	 - Iteration 1: 246.02 s
[INFO] 	 - ADMM Iteration 2
[INFO] 		 - Updating distribution networks:
[INFO] 			 - Running SMOPF, Network case33_1, 2025, Spring...
[INFO] 			 - Running SMOPF, Network case33_1, 2025, Summer...
[INFO] 			 - Running SMOPF, Network case33_1, 2025, Autumn...
[INFO] 			 - Running SMOPF, Network case33_1, 2025, Winter...
[INFO] 			 - Running SMOPF, Network case33_1, 2028, Spring...
[INFO] 			 - Running SMOPF, Network case33_1, 2028, Summer...
[INFO] 			 - Running SMOPF, Network case33_1, 2028, Autumn...
[INFO] 			 - Running SMOPF, Network case33_1, 2028, Winter...
[INFO] 			 - Running SMOPF, Network case33_1, 2031, Spring...
[INFO] 			 - Running SMOPF, Network case33_1, 2031, Summer...
[INFO] 			 - Running SMOPF, Network case33_1, 2031, Autumn...
[INFO] 			 - Running SMOPF, Network case33_1, 2031, Winter...
[INFO] 			 - Running SMOPF, Network case33_1, 2034, Spring...
[INFO] 			 - Running SMOPF, Network case33_1, 2034, Summer...
[INFO] 			 - Running SMOPF, Network case33_1, 2034, Autumn...
[INFO] 			 - Running SMOPF, Network case33_1, 2034, Winter...
[INFO] 			 - Running SMOPF, Network case33_1, 2037, Spring...
[INFO] 			 - Running SMOPF, Network case33_1, 2037, Summer...
[INFO] 			 - Running SMOPF, Network case33_1, 2037, Autumn...
[INFO] 			 - Running SMOPF, Network case33_1, 2037, Winter...
[INFO] 			 - Running SMOPF, Network case33_2, 2025, Spring...
[INFO] 			 - Running SMOPF, Network case33_2, 2025, Summer...
[INFO] 			 - Running SMOPF, Network case33_2, 2025, Autumn...
[INFO] 			 - Running SMOPF, Network case33_2, 2025, Winter...
[INFO] 			 - Running SMOPF, Network case33_2, 2028, Spring...
[INFO] 			 - Running SMOPF, Network case33_2, 2028, Summer...
[INFO] 			 - Running SMOPF, Network case33_2, 2028, Autumn...
[INFO] 			 - Running SMOPF, Network case33_2, 2028, Winter...
[INFO] 			 - Running SMOPF, Network case33_2, 2031, Spring...
[INFO] 			 - Running SMOPF, Network case33_2, 2031, Summer...
[INFO] 			 - Running SMOPF, Network case33_2, 2031, Autumn...
[INFO] 			 - Running SMOPF, Network case33_2, 2031, Winter...
[INFO] 			 - Running SMOPF, Network case33_2, 2034, Spring...
[INFO] 			 - Running SMOPF, Network case33_2, 2034, Summer...
[INFO] 			 - Running SMOPF, Network case33_2, 2034, Autumn...
[INFO] 			 - Running SMOPF, Network case33_2, 2034, Winter...
[INFO] 			 - Running SMOPF, Network case33_2, 2037, Spring...
[INFO] 			 - Running SMOPF, Network case33_2, 2037, Summer...
[INFO] 			 - Running SMOPF, Network case33_2, 2037, Autumn...
[INFO] 			 - Running SMOPF, Network case33_2, 2037, Winter...
[INFO] 			 - Running SMOPF, Network case33_3, 2025, Spring...
[INFO] 			 - Running SMOPF, Network case33_3, 2025, Summer...
[INFO] 			 - Running SMOPF, Network case33_3, 2025, Autumn...
[INFO] 			 - Running SMOPF, Network case33_3, 2025, Winter...
[INFO] 			 - Running SMOPF, Network case33_3, 2028, Spring...
[INFO] 			 - Running SMOPF, Network case33_3, 2028, Summer...
[INFO] 			 - Running SMOPF, Network case33_3, 2028, Autumn...
[INFO] 			 - Running SMOPF, Network case33_3, 2028, Winter...
[INFO] 			 - Running SMOPF, Network case33_3, 2031, Spring...
[INFO] 			 - Running SMOPF, Network case33_3, 2031, Summer...
[INFO] 			 - Running SMOPF, Network case33_3, 2031, Autumn...
[INFO] 			 - Running SMOPF, Network case33_3, 2031, Winter...
[INFO] 			 - Running SMOPF, Network case33_3, 2034, Spring...
[INFO] 			 - Running SMOPF, Network case33_3, 2034, Summer...
[INFO] 			 - Running SMOPF, Network case33_3, 2034, Autumn...
[INFO] 			 - Running SMOPF, Network case33_3, 2034, Winter...
[INFO] 			 - Running SMOPF, Network case33_3, 2037, Spring...
[INFO] 			 - Running SMOPF, Network case33_3, 2037, Summer...
[INFO] 			 - Running SMOPF, Network case33_3, 2037, Autumn...
[INFO] 			 - Running SMOPF, Network case33_3, 2037, Winter...
[INFO] 		 - Updating transmission network...
[INFO] 			 - Running SMOPF, Network case9, 2025, Spring...
[INFO] 			 - Running SMOPF, Network case9, 2025, Summer...
[INFO] 			 - Running SMOPF, Network case9, 2025, Autumn...
[INFO] 			 - Running SMOPF, Network case9, 2025, Winter...
[INFO] 			 - Running SMOPF, Network case9, 2028, Spring...
[INFO] 			 - Running SMOPF, Network case9, 2028, Summer...
[INFO] 			 - Running SMOPF, Network case9, 2028, Autumn...
[INFO] 			 - Running SMOPF, Network case9, 2028, Winter...
[INFO] 			 - Running SMOPF, Network case9, 2031, Spring...
[INFO] 			 - Running SMOPF, Network case9, 2031, Summer...
[INFO] 			 - Running SMOPF, Network case9, 2031, Autumn...
[INFO] 			 - Running SMOPF, Network case9, 2031, Winter...
[INFO] 			 - Running SMOPF, Network case9, 2034, Spring...
[INFO] 			 - Running SMOPF, Network case9, 2034, Summer...
[INFO] 			 - Running SMOPF, Network case9, 2034, Autumn...
[INFO] 			 - Running SMOPF, Network case9, 2034, Winter...
[INFO] 			 - Running SMOPF, Network case9, 2037, Spring...
[INFO] 			 - Running SMOPF, Network case9, 2037, Summer...
[INFO] 			 - Running SMOPF, Network case9, 2037, Autumn...
[INFO] 			 - Running SMOPF, Network case9, 2037, Winter...
[TSO PROX] cycle=2 | updated_blocks=20 | held_failed_blocks=0 | V max=0.090920 | PF max=0.943096 | ESS max=0.000000
[TSO PROX][V MAX] node=9, year=2037, day=Winter, period=23 | dV=31.367423 kV | normalized=0.090920
[TSO PROX][PF MAX] node=9, year=2025, day=Summer, period=22, type=Q | delta=141.464385 MVAr | normalized=0.943096
[TSO PROX][ESS MAX] node=5, year=2025, day=Spring, period=0, type=P | delta=0.000000 MW | normalized=0.000000
[INFO] 		 - Updating SharedESS...
[INFO] 		 - Running Shared ESS optimization (subproblem)...
[INFO] 			 - Node 5...
[INFO] Shared ESS complementarity diagnostics for ESS node=5: ratio_max=0.000000e+00 n_periods=0 mu_final=9.090909e-12 s_obj=1.000000e-01 eps=1.000000e-05 bound=0.000000e+00 measured=0.000000e+00
[INFO] 			 - Node 7...
[INFO] Shared ESS complementarity diagnostics for ESS node=7: ratio_max=0.000000e+00 n_periods=0 mu_final=9.090909e-12 s_obj=1.000000e-01 eps=1.000000e-05 bound=0.000000e+00 measured=0.000000e+00
[INFO] 			 - Node 9...
[INFO] Shared ESS complementarity diagnostics for ESS node=9: ratio_max=0.000000e+00 n_periods=0 mu_final=9.090909e-12 s_obj=1.000000e-01 eps=1.000000e-05 bound=0.000000e+00 measured=0.000000e+00
[DIAG][V MAX] node=9, year=2037, day=Summer, period=23 | TSO=359.186760 kV, DSO=317.279372 kV, diff=41.907388 kV, base=345.000000 kV, normalized=0.121471, rho(TSO/DSO)=0.011550/0.011550
[DIAG][PF MAX] node=9, year=2031, day=Summer, period=9, type=P | TSO=78.958718 MW, DSO=64.792763 MW, diff=14.165955 MW, rating=150.000000 MVA, normalized=0.094440, rho(TSO/DSO)=0.198000/0.198000
[INFO]		 - interface Vmag max primal residual failed. 0.121471 > 0.010000
[INFO]		 - interface Vmag mean primal residual failed. 0.042676 > 0.001000
[INFO]		 - interface PF max primal residual failed. 0.094440 > 0.010000
[INFO]		 - interface PF mean primal residual failed. 0.004495 > 0.001000
[INFO]		 - interface PF mean dual residual failed. 0.073669 > 0.010000
[RECOURSE JUMP] cycle=2 | abs_change=1.379197e+09 | tol=2.984792e+05 | signed_change=-1.379197e+09
[RECOURSE JUMP] Reconciliation | previous=2.984792e+09 | current=1.605594e+09 | block_delta=-1.379197e+09 | mismatch=-7.152557e-07
[RECOURSE JUMP] Aggregate signed changes:
  TSO | delta=-1.078031e+09
  DSO node=7 | delta=-1.646495e+08
  DSO node=5 | delta=-8.212862e+07
  DSO node=9 | delta=-5.438802e+07
  SALVAGE | delta=+0.000000e+00
[RECOURSE JUMP] Largest 10 block changes:
  TSO node=None year=2028 day=Spring | previous=1.639074e+08 | current=8.017757e+07 | delta=-8.372983e+07 | abs_delta=8.372983e+07
    [RECOURSE JUMP][TSO PROX] year=2028 day=Spring | V max=0.079451 | PF max=0.917862 | ESS max=0.000000
    [RECOURSE COMPONENTS] gen=-8.372983e+07 | flex=+0.000000e+00 | load_curt=+0.000000e+00 | res_curt=+0.000000e+00 | ess_usage=+0.000000e+00 | slacks=+4.575539e-07 | ess_comp=+0.000000e+00
    [SLACK COMPONENTS] voltage=+4.575539e-07 | node_P=+0.000000e+00 | node_Q=+0.000000e+00 | branch_ij=+0.000000e+00 | branch_ji=+0.000000e+00 | flex_P=+0.000000e+00 | flex_Q=+0.000000e+00
    [SLACK COMPONENT CHECK] classified_delta=+4.575539e-07 | objective_slack_delta=+4.575539e-07 | mismatch=-1.065814e-14
    [RECOURSE COMPONENT CHECK] classified_delta=-8.372983e+07 | block_delta=-8.372983e+07 | mismatch=+2.384186e-07
  TSO node=None year=2025 day=Spring | previous=1.549227e+08 | current=7.832416e+07 | delta=-7.659856e+07 | abs_delta=7.659856e+07
    [RECOURSE JUMP][TSO PROX] year=2025 day=Spring | V max=0.066053 | PF max=0.815704 | ESS max=0.000000
    [RECOURSE COMPONENTS] gen=-7.659856e+07 | flex=+0.000000e+00 | load_curt=+0.000000e+00 | res_curt=+0.000000e+00 | ess_usage=+0.000000e+00 | slacks=-7.843363e-08 | ess_comp=+0.000000e+00
    [SLACK COMPONENTS] voltage=-7.843364e-08 | node_P=+0.000000e+00 | node_Q=+0.000000e+00 | branch_ij=+0.000000e+00 | branch_ji=+0.000000e+00 | flex_P=+0.000000e+00 | flex_Q=+0.000000e+00
    [SLACK COMPONENT CHECK] classified_delta=-7.843364e-08 | objective_slack_delta=-7.843363e-08 | mismatch=-1.421085e-14
    [RECOURSE COMPONENT CHECK] classified_delta=-7.659856e+07 | block_delta=-7.659856e+07 | mismatch=+5.960464e-08
  TSO node=None year=2034 day=Spring | previous=1.461675e+08 | current=7.785475e+07 | delta=-6.831278e+07 | abs_delta=6.831278e+07
    [RECOURSE JUMP][TSO PROX] year=2034 day=Spring | V max=0.067734 | PF max=0.851984 | ESS max=0.000000
    [RECOURSE COMPONENTS] gen=-6.831278e+07 | flex=+0.000000e+00 | load_curt=+0.000000e+00 | res_curt=+0.000000e+00 | ess_usage=+0.000000e+00 | slacks=-2.340295e-08 | ess_comp=+0.000000e+00
    [SLACK COMPONENTS] voltage=-2.340294e-08 | node_P=+0.000000e+00 | node_Q=+0.000000e+00 | branch_ij=+0.000000e+00 | branch_ji=+0.000000e+00 | flex_P=+0.000000e+00 | flex_Q=+0.000000e+00
    [SLACK COMPONENT CHECK] classified_delta=-2.340294e-08 | objective_slack_delta=-2.340295e-08 | mismatch=+1.065814e-14
    [RECOURSE COMPONENT CHECK] classified_delta=-6.831278e+07 | block_delta=-6.831278e+07 | mismatch=+1.937151e-07
  TSO node=None year=2028 day=Autumn | previous=1.407766e+08 | current=7.312159e+07 | delta=-6.765496e+07 | abs_delta=6.765496e+07
    [RECOURSE JUMP][TSO PROX] year=2028 day=Autumn | V max=0.079798 | PF max=0.908938 | ESS max=0.000000
    [RECOURSE COMPONENTS] gen=-6.765496e+07 | flex=+0.000000e+00 | load_curt=+0.000000e+00 | res_curt=+0.000000e+00 | ess_usage=+0.000000e+00 | slacks=+1.322460e-07 | ess_comp=+0.000000e+00
    [SLACK COMPONENTS] voltage=+1.322460e-07 | node_P=+0.000000e+00 | node_Q=+0.000000e+00 | branch_ij=+0.000000e+00 | branch_ji=+0.000000e+00 | flex_P=+0.000000e+00 | flex_Q=+0.000000e+00
    [SLACK COMPONENT CHECK] classified_delta=+1.322460e-07 | objective_slack_delta=+1.322460e-07 | mismatch=+7.105427e-15
    [RECOURSE COMPONENT CHECK] classified_delta=-6.765496e+07 | block_delta=-6.765496e+07 | mismatch=-1.192093e-07
  TSO node=None year=2031 day=Spring | previous=1.217699e+08 | current=5.650897e+07 | delta=-6.526093e+07 | abs_delta=6.526093e+07
    [RECOURSE JUMP][TSO PROX] year=2031 day=Spring | V max=0.072510 | PF max=0.867951 | ESS max=0.000000
    [RECOURSE COMPONENTS] gen=-6.526093e+07 | flex=+0.000000e+00 | load_curt=+0.000000e+00 | res_curt=+0.000000e+00 | ess_usage=+0.000000e+00 | slacks=+6.099254e-08 | ess_comp=+0.000000e+00
    [SLACK COMPONENTS] voltage=+6.099256e-08 | node_P=+0.000000e+00 | node_Q=+0.000000e+00 | branch_ij=+0.000000e+00 | branch_ji=+0.000000e+00 | flex_P=+0.000000e+00 | flex_Q=+0.000000e+00
    [SLACK COMPONENT CHECK] classified_delta=+6.099256e-08 | objective_slack_delta=+6.099254e-08 | mismatch=+1.065814e-14
    [RECOURSE COMPONENT CHECK] classified_delta=-6.526093e+07 | block_delta=-6.526093e+07 | mismatch=+1.266599e-07
  TSO node=None year=2034 day=Summer | previous=1.357428e+08 | current=7.324038e+07 | delta=-6.250245e+07 | abs_delta=6.250245e+07
    [RECOURSE JUMP][TSO PROX] year=2034 day=Summer | V max=0.066457 | PF max=0.706135 | ESS max=0.000000
    [RECOURSE COMPONENTS] gen=-6.250245e+07 | flex=+0.000000e+00 | load_curt=+0.000000e+00 | res_curt=+0.000000e+00 | ess_usage=+0.000000e+00 | slacks=-1.611419e-08 | ess_comp=+0.000000e+00
    [SLACK COMPONENTS] voltage=-1.611420e-08 | node_P=+0.000000e+00 | node_Q=+0.000000e+00 | branch_ij=+0.000000e+00 | branch_ji=+0.000000e+00 | flex_P=+0.000000e+00 | flex_Q=+0.000000e+00
    [SLACK COMPONENT CHECK] classified_delta=-1.611420e-08 | objective_slack_delta=-1.611419e-08 | mismatch=-7.105427e-15
    [RECOURSE COMPONENT CHECK] classified_delta=-6.250245e+07 | block_delta=-6.250245e+07 | mismatch=-4.470348e-08
  TSO node=None year=2037 day=Spring | previous=1.266487e+08 | current=6.454679e+07 | delta=-6.210194e+07 | abs_delta=6.210194e+07
    [RECOURSE JUMP][TSO PROX] year=2037 day=Spring | V max=0.070177 | PF max=0.691690 | ESS max=0.000000
    [RECOURSE COMPONENTS] gen=-6.210194e+07 | flex=+0.000000e+00 | load_curt=+0.000000e+00 | res_curt=+0.000000e+00 | ess_usage=+0.000000e+00 | slacks=-2.894494e-06 | ess_comp=+0.000000e+00
    [SLACK COMPONENTS] voltage=-2.894494e-06 | node_P=+0.000000e+00 | node_Q=+0.000000e+00 | branch_ij=+0.000000e+00 | branch_ji=+0.000000e+00 | flex_P=+0.000000e+00 | flex_Q=+0.000000e+00
    [SLACK COMPONENT CHECK] classified_delta=-2.894494e-06 | objective_slack_delta=-2.894494e-06 | mismatch=-1.065814e-14
    [RECOURSE COMPONENT CHECK] classified_delta=-6.210194e+07 | block_delta=-6.210194e+07 | mismatch=-5.215406e-08
  TSO node=None year=2028 day=Summer | previous=1.509628e+08 | current=9.041042e+07 | delta=-6.055236e+07 | abs_delta=6.055236e+07
    [RECOURSE JUMP][TSO PROX] year=2028 day=Summer | V max=0.058866 | PF max=0.835000 | ESS max=0.000000
    [RECOURSE COMPONENTS] gen=-6.055236e+07 | flex=+0.000000e+00 | load_curt=+0.000000e+00 | res_curt=+0.000000e+00 | ess_usage=+0.000000e+00 | slacks=-5.749255e-08 | ess_comp=+0.000000e+00
    [SLACK COMPONENTS] voltage=-5.749257e-08 | node_P=+0.000000e+00 | node_Q=+0.000000e+00 | branch_ij=+0.000000e+00 | branch_ji=+0.000000e+00 | flex_P=+0.000000e+00 | flex_Q=+0.000000e+00
    [SLACK COMPONENT CHECK] classified_delta=-5.749257e-08 | objective_slack_delta=-5.749255e-08 | mismatch=-2.486900e-14
    [RECOURSE COMPONENT CHECK] classified_delta=-6.055236e+07 | block_delta=-6.055236e+07 | mismatch=+0.000000e+00
  TSO node=None year=2025 day=Summer | previous=1.322111e+08 | current=7.411099e+07 | delta=-5.810010e+07 | abs_delta=5.810010e+07
    [RECOURSE JUMP][TSO PROX] year=2025 day=Summer | V max=0.079060 | PF max=0.943096 | ESS max=0.000000
    [RECOURSE COMPONENTS] gen=-5.810010e+07 | flex=+0.000000e+00 | load_curt=+0.000000e+00 | res_curt=+0.000000e+00 | ess_usage=+0.000000e+00 | slacks=-2.693472e-08 | ess_comp=+0.000000e+00
    [SLACK COMPONENTS] voltage=-2.693471e-08 | node_P=+0.000000e+00 | node_Q=+0.000000e+00 | branch_ij=+0.000000e+00 | branch_ji=+0.000000e+00 | flex_P=+0.000000e+00 | flex_Q=+0.000000e+00
    [SLACK COMPONENT CHECK] classified_delta=-2.693471e-08 | objective_slack_delta=-2.693472e-08 | mismatch=+1.065814e-14
    [RECOURSE COMPONENT CHECK] classified_delta=-5.810010e+07 | block_delta=-5.810010e+07 | mismatch=+2.980232e-08
  TSO node=None year=2025 day=Winter | previous=1.200513e+08 | current=6.380450e+07 | delta=-5.624679e+07 | abs_delta=5.624679e+07
    [RECOURSE JUMP][TSO PROX] year=2025 day=Winter | V max=0.067659 | PF max=0.883047 | ESS max=0.000000
    [RECOURSE COMPONENTS] gen=-5.624679e+07 | flex=+0.000000e+00 | load_curt=+0.000000e+00 | res_curt=+0.000000e+00 | ess_usage=+0.000000e+00 | slacks=-4.173959e-08 | ess_comp=+0.000000e+00
    [SLACK COMPONENTS] voltage=-4.173956e-08 | node_P=+0.000000e+00 | node_Q=+0.000000e+00 | branch_ij=+0.000000e+00 | branch_ji=+0.000000e+00 | flex_P=+0.000000e+00 | flex_Q=+0.000000e+00
    [SLACK COMPONENT CHECK] classified_delta=-4.173956e-08 | objective_slack_delta=-4.173959e-08 | mismatch=+2.131628e-14
    [RECOURSE COMPONENT CHECK] classified_delta=-5.624679e+07 | block_delta=-5.624679e+07 | mismatch=+7.450581e-09
[INFO]		 - Recourse stationarity failed. 1379197449.113209 > 298479.187613
[ADMM RHO] V | primal max ratio=12.147 | primal mean ratio=42.676 | primal selected=42.676 | dual mean ratio=0.096 | increase threshold=5.0 | decrease threshold=5.0 | action=increased
[ADMM RHO BOYD] V | r=1.820004e+00 | s=1.597401e-02 | eps_pri=4.407009e-03 | eps_dual=3.805212e-04 | primal_ratio=4.129794e+02 | dual_ratio=4.197928e+01 | dual_ratio_balance=4.197928e+01 | rho_before=1.155000e-02 | rho_after=1.732500e-02 | gamma_before=0.000000e+00 | gamma_after=0.000000e+00 | action=increased
[ADMM RHO] PF | primal max ratio=9.444 | primal mean ratio=4.495 | primal selected=9.444 | dual mean ratio=7.367 | increase threshold=5.0 | decrease threshold=3.0 | action=decreased
[ADMM RHO BOYD] PF | r=5.144012e-01 | s=5.266975e+00 | eps_pri=2.339092e-03 | eps_dual=5.455278e-04 | primal_ratio=2.199149e+02 | dual_ratio=9.654824e+03 | dual_ratio_balance=9.654824e+03 | rho_before=1.980000e-01 | rho_after=1.320000e-01 | gamma_before=0.000000e+00 | gamma_after=0.000000e+00 | action=decreased
[ADMM RHO] ESS | primal max ratio=0.000 | primal mean ratio=0.000 | primal selected=0.000 | dual mean ratio=0.000 | increase threshold=5.0 | decrease threshold=5.0 | action=exempt (fixed)
[ADMM RHO BOYD] ESS | r=1.338887e-24 | s=4.370770e-26 | eps_pri=9.295160e-04 | eps_dual=9.295160e-04 | primal_ratio=1.440413e-21 | dual_ratio=4.702200e-23 | dual_ratio_balance=4.702200e-23 | rho_before=1.000000e-02 | rho_after=1.000000e-02 | gamma_before=0.000000e+00 | gamma_after=0.000000e+00 | action=exempt (fixed)
[INFO]		 - ADMM cycle 2 | Primal (V max/mean | PF max/mean | ESS max/mean) = 0.121471/0.042676 | 0.094440/0.004495 | 0.000000/0.000000 | Dual (V max/mean | PF max/mean | ESS max/mean) = 0.002310/0.000965 | 0.297628/0.073669 | 0.000000/0.000000 | Recourse change = 1379197449.113209 (tol. 298479.187613) | Stable cycles = 0/10 | Penalty actions (V/PF/ESS) = increased/decreased/exempt (fixed)
[INFO] 	 - Iteration 2: 259.02 s
[WARNING] 	 - ADMM did NOT converge in 2 iterations!
[INFO] 	 - Execution time: 684.13 s
[S31 Part 3] component_levels_terminal.json written: /Users/micaelsimoes/Projects/share-resource-planning-no_esso-degradation/data/SRP1/Results/P515S53/alpha_row/campaign_s53_alpha_row_smoke/evals/7d53b6f21b686a44_x0_a0p50/component_levels_terminal.json
[S31C Part 3] interface_settlement_detail_s31c.json written: /Users/micaelsimoes/Projects/share-resource-planning-no_esso-degradation/data/SRP1/Results/P515S53/alpha_row/campaign_s53_alpha_row_smoke/evals/7d53b6f21b686a44_x0_a0p50/interface_settlement_detail_s31c.json
[S33E2] interface_voltage_terminal.json written: /Users/micaelsimoes/Projects/share-resource-planning-no_esso-degradation/data/SRP1/Results/P515S53/alpha_row/campaign_s53_alpha_row_smoke/evals/7d53b6f21b686a44_x0_a0p50/interface_voltage_terminal.json
[S35REF] boyd_terminal.json written: /Users/micaelsimoes/Projects/share-resource-planning-no_esso-degradation/data/SRP1/Results/P515S53/alpha_row/campaign_s53_alpha_row_smoke/evals/7d53b6f21b686a44_x0_a0p50/boyd_terminal.json
[S44-CHILD] terminal-phase lock: held after 0s
[S44-CHILD] response terminal capture: written (entries 15823, coordination blocks 60)
[INFO] Operational Planning Results written to /Users/micaelsimoes/Projects/share-resource-planning-no_esso-degradation/data/SRP1/Results/P515S53/alpha_row/campaign_s53_alpha_row_smoke/evals/7d53b6f21b686a44_x0_a0p50/results/SRP1_distributed_terminal.xlsx.
[S44-CHILD] multi-scenario terminal capture: written (checks pass: True); workbook: written
[P5.15-G s39_D] recourse=1605594427.0163143 cycles=2 solves=249 local_failures=0 wall=685s
   EFC/day max across nodes: None (threshold 1.4612)
   detector grouping clean: True (observed 9 / expected 9)
   network failures: {'n_blocks': 0, 'classes': {'recovered_tier1': 0, 'recovered_tier2': 0, 'unrecovered': 0, 'not_attempted': 0, 'indeterminate': 0, 'recovered': 0}, 'n_frozen_snapshots': 0, 'n_esso_recovery_events': 0, 'path': 'data/SRP1/Results/P515S53/alpha_row/campaign_s53_alpha_row_smoke/evals/7d53b6f21b686a44_x0_a0p50/network_failures_s39_D.jsonl'}
[S44-CHILD] x0_a0p50: status=not_certified cycles=2 certified_cost=None bar=1379197449.113209 peak_rss=11524325376
14:20:29 [W64] [W64-SMOKE] campaign lock released
14:20:30 [W64] [W64-SMOKE] solves: counts {'permitted_solve': 249, 'permitted_exec': 249, 'blocked_solve': 0, 'blocked_exec': 0} expected 249 verify []
14:20:30 [W64] [W64-SMOKE]   G1_guard_exact: PASS
14:20:30 [W64] [W64-SMOKE]   G2_child_ran: PASS
14:20:30 [W64] [W64-SMOKE]   G3_activation_readback: PASS
14:20:30 [W64] [W64-SMOKE]   G4_init_identity: PASS
14:20:30 [W64] [W64-SMOKE]   G5_per_cycle: PASS
14:20:30 [W64] [W64-SMOKE]   G6_row18_duals_nonempty_and_sane: PASS
14:20:30 [W64] [W64-SMOKE]   G7_coordination_nonempty_and_sane: PASS
14:20:30 [W64] [W64-SMOKE]   G8_curtailment_entries: PASS
14:20:30 [W64] [W64-SMOKE]   G9_capture_cost: FAIL
14:20:30 [W64] [W64-SMOKE]   G10_per_cycle_cost: PASS
14:20:30 [W64] [W64-SMOKE]   G11_eval_key_unchanged: PASS
14:20:30 [W64] [W64-SMOKE]   G12_hazard: PASS
14:20:30 [W64] [W64-SMOKE]   G13_P_formulas: FAIL
14:20:30 [W64] [W64-SMOKE]   G14_rule_eleven: PASS
14:20:30 [W64] [W64-SMOKE]   G1b_no_solve_after_verify: PASS
14:20:30 [W64] [W64-SMOKE] GATE FAIL failing=['G13_P_formulas', 'G9_capture_cost'] wall=1135s
