22:46:20 [W132-RUN-b_2a0ba8b2] memory preflight: available 20.8411865234375 GiB required 3.50 GiB -> PASS
22:46:20 [W132-RUN-b_2a0ba8b2] P5.15 Addendum 58, W132 -- v3 re-settling campaign (38 cells: claim groups 1, 2, 4) under the current production configuration: gated cells replayed bitwise against their original record through the first residual pass k0 (abort on the first divergence), the G cells as first C2 evaluations; the certifying regime held after the run's first residual pass (AA off, tight tail on, rho frozen); settling rule v3 (reading alpha: a non-Optimal accepted solve, ESSO included, is a lapse; reading gamma report-only; gap clause; amended monotone branch) until it certifies or the cap; W105 captures, per-cycle t_sum and Q_cc, and the IPOPT exit of every block of every cycle; cell b_2a0ba8b2 (#1) eval_key cf592cc94ce0d1ef2e495247b9c416bb1c5006a4c82cc52aa7eb2e755ff2f7c4; cap 213; lock {'pid': 81208, 'campaign_id': 's53_w132_resettle_v3_b_2a0ba8b2', 'campaign_spec_sha256': 'eb617e7392f07e019449290c33d8df0fa2ab319216184f3ba2ccb761ad6eb6f6', 'started_utc': '2026-09-29T22:46:20.038807+00:00'}
22:46:20 [S44-HARNESS] launched b_2a0ba8b2 (key 1821665996ec6edb) pid=81595
22:46:20 [S44-HARNESS] heartbeat b_2a0ba8b2: 0s cycle=None
22:47:20 [S44-HARNESS] heartbeat b_2a0ba8b2: 60s cycle=None
22:48:20 [S44-HARNESS] heartbeat b_2a0ba8b2: 120s cycle=2
22:49:20 [S44-HARNESS] heartbeat b_2a0ba8b2: 180s cycle=4
22:50:20 [S44-HARNESS] heartbeat b_2a0ba8b2: 240s cycle=6
22:51:20 [S44-HARNESS] heartbeat b_2a0ba8b2: 300s cycle=8
22:52:20 [S44-HARNESS] heartbeat b_2a0ba8b2: 360s cycle=11
22:53:20 [S44-HARNESS] heartbeat b_2a0ba8b2: 420s cycle=13
22:54:20 [S44-HARNESS] heartbeat b_2a0ba8b2: 480s cycle=15
22:55:20 [S44-HARNESS] heartbeat b_2a0ba8b2: 540s cycle=18
22:56:20 [S44-HARNESS] heartbeat b_2a0ba8b2: 600s cycle=20
22:57:20 [S44-HARNESS] heartbeat b_2a0ba8b2: 660s cycle=23
22:58:20 [S44-HARNESS] heartbeat b_2a0ba8b2: 720s cycle=25
22:59:20 [S44-HARNESS] heartbeat b_2a0ba8b2: 780s cycle=27
23:00:20 [S44-HARNESS] heartbeat b_2a0ba8b2: 840s cycle=30
23:01:20 [S44-HARNESS] heartbeat b_2a0ba8b2: 900s cycle=32
23:02:20 [S44-HARNESS] heartbeat b_2a0ba8b2: 960s cycle=35
23:03:20 [S44-HARNESS] heartbeat b_2a0ba8b2: 1020s cycle=37
23:04:20 [S44-HARNESS] heartbeat b_2a0ba8b2: 1080s cycle=39
23:05:20 [S44-HARNESS] heartbeat b_2a0ba8b2: 1140s cycle=42
23:06:20 [S44-HARNESS] heartbeat b_2a0ba8b2: 1200s cycle=44
23:07:20 [S44-HARNESS] heartbeat b_2a0ba8b2: 1260s cycle=47
23:08:20 [S44-HARNESS] heartbeat b_2a0ba8b2: 1320s cycle=49
23:09:20 [S44-HARNESS] heartbeat b_2a0ba8b2: 1380s cycle=51
23:10:20 [S44-HARNESS] heartbeat b_2a0ba8b2: 1441s cycle=54
23:11:20 [S44-HARNESS] heartbeat b_2a0ba8b2: 1501s cycle=56
23:12:20 [S44-HARNESS] heartbeat b_2a0ba8b2: 1561s cycle=59
23:13:20 [S44-HARNESS] heartbeat b_2a0ba8b2: 1621s cycle=61
23:14:20 [S44-HARNESS] heartbeat b_2a0ba8b2: 1681s cycle=63
23:15:20 [S44-HARNESS] heartbeat b_2a0ba8b2: 1741s cycle=66
23:16:20 [S44-HARNESS] heartbeat b_2a0ba8b2: 1801s cycle=68
23:17:20 [S44-HARNESS] heartbeat b_2a0ba8b2: 1861s cycle=70
23:18:20 [S44-HARNESS] heartbeat b_2a0ba8b2: 1921s cycle=73
23:19:20 [S44-HARNESS] heartbeat b_2a0ba8b2: 1981s cycle=75
23:20:20 [S44-HARNESS] heartbeat b_2a0ba8b2: 2041s cycle=77
23:21:20 [S44-HARNESS] heartbeat b_2a0ba8b2: 2101s cycle=80
23:22:20 [S44-HARNESS] heartbeat b_2a0ba8b2: 2161s cycle=82
23:23:20 [S44-HARNESS] heartbeat b_2a0ba8b2: 2221s cycle=84
23:24:20 [S44-HARNESS] heartbeat b_2a0ba8b2: 2281s cycle=87
23:25:20 [S44-HARNESS] heartbeat b_2a0ba8b2: 2341s cycle=89
23:26:20 [S44-HARNESS] heartbeat b_2a0ba8b2: 2401s cycle=91
23:27:20 [S44-HARNESS] heartbeat b_2a0ba8b2: 2461s cycle=93
23:28:20 [S44-HARNESS] heartbeat b_2a0ba8b2: 2521s cycle=96
23:29:21 [S44-HARNESS] heartbeat b_2a0ba8b2: 2581s cycle=98
23:30:21 [S44-HARNESS] heartbeat b_2a0ba8b2: 2641s cycle=101
23:31:21 [S44-HARNESS] heartbeat b_2a0ba8b2: 2701s cycle=103
23:32:21 [S44-HARNESS] heartbeat b_2a0ba8b2: 2761s cycle=105
23:33:21 [S44-HARNESS] heartbeat b_2a0ba8b2: 2821s cycle=108
23:34:21 [S44-HARNESS] heartbeat b_2a0ba8b2: 2881s cycle=110
23:35:21 [S44-HARNESS] heartbeat b_2a0ba8b2: 2941s cycle=112
23:36:21 [S44-HARNESS] heartbeat b_2a0ba8b2: 3001s cycle=115
23:37:21 [S44-HARNESS] heartbeat b_2a0ba8b2: 3061s cycle=117
23:38:21 [S44-HARNESS] heartbeat b_2a0ba8b2: 3121s cycle=120
23:39:21 [S44-HARNESS] heartbeat b_2a0ba8b2: 3181s cycle=122
23:40:21 [S44-HARNESS] heartbeat b_2a0ba8b2: 3241s cycle=124
23:41:21 [S44-HARNESS] heartbeat b_2a0ba8b2: 3301s cycle=127
23:42:21 [S44-HARNESS] heartbeat b_2a0ba8b2: 3361s cycle=129
23:43:21 [S44-HARNESS] heartbeat b_2a0ba8b2: 3421s cycle=131
23:44:21 [S44-HARNESS] heartbeat b_2a0ba8b2: 3481s cycle=134
23:45:21 [S44-HARNESS] heartbeat b_2a0ba8b2: 3541s cycle=136
23:46:21 [S44-HARNESS] heartbeat b_2a0ba8b2: 3601s cycle=138
23:47:21 [S44-HARNESS] heartbeat b_2a0ba8b2: 3661s cycle=141
23:48:21 [S44-HARNESS] heartbeat b_2a0ba8b2: 3721s cycle=143
23:49:21 [S44-HARNESS] heartbeat b_2a0ba8b2: 3781s cycle=146
23:50:21 [S44-HARNESS] heartbeat b_2a0ba8b2: 3841s cycle=148
23:51:21 [S44-HARNESS] heartbeat b_2a0ba8b2: 3902s cycle=150
23:52:21 [S44-HARNESS] heartbeat b_2a0ba8b2: 3962s cycle=153
23:53:21 [S44-HARNESS] heartbeat b_2a0ba8b2: 4022s cycle=155
23:54:21 [S44-HARNESS] heartbeat b_2a0ba8b2: 4082s cycle=157
23:55:21 [S44-HARNESS] heartbeat b_2a0ba8b2: 4142s cycle=160
23:56:21 [S44-HARNESS] heartbeat b_2a0ba8b2: 4202s cycle=162
23:57:21 [S44-HARNESS] heartbeat b_2a0ba8b2: 4262s cycle=165
23:58:21 [S44-HARNESS] heartbeat b_2a0ba8b2: 4322s cycle=167
23:59:21 [S44-HARNESS] heartbeat b_2a0ba8b2: 4382s cycle=169
00:00:21 [S44-HARNESS] heartbeat b_2a0ba8b2: 4442s cycle=172
00:01:21 [S44-HARNESS] heartbeat b_2a0ba8b2: 4502s cycle=174
00:02:21 [S44-HARNESS] heartbeat b_2a0ba8b2: 4562s cycle=177
00:03:21 [S44-HARNESS] heartbeat b_2a0ba8b2: 4622s cycle=179
00:04:21 [S44-HARNESS] heartbeat b_2a0ba8b2: 4682s cycle=181
00:05:21 [S44-HARNESS] heartbeat b_2a0ba8b2: 4742s cycle=184
00:06:21 [S44-HARNESS] heartbeat b_2a0ba8b2: 4802s cycle=186
00:07:21 [S44-HARNESS] heartbeat b_2a0ba8b2: 4862s cycle=188
00:08:21 [S44-HARNESS] heartbeat b_2a0ba8b2: 4922s cycle=191
00:09:22 [S44-HARNESS] heartbeat b_2a0ba8b2: 4982s cycle=193
00:10:22 [S44-HARNESS] heartbeat b_2a0ba8b2: 5042s cycle=196
00:11:22 [S44-HARNESS] heartbeat b_2a0ba8b2: 5102s cycle=198
00:12:22 [S44-HARNESS] heartbeat b_2a0ba8b2: 5162s cycle=200
00:13:22 [S44-HARNESS] heartbeat b_2a0ba8b2: 5222s cycle=203
00:14:22 [S44-HARNESS] heartbeat b_2a0ba8b2: 5282s cycle=205
00:15:22 [S44-HARNESS] heartbeat b_2a0ba8b2: 5342s cycle=207
00:16:22 [S44-HARNESS] heartbeat b_2a0ba8b2: 5402s cycle=210
00:17:22 [S44-HARNESS] heartbeat b_2a0ba8b2: 5462s cycle=212
00:17:47 [S44-HARNESS] finished b_2a0ba8b2 pid=81595 exit=0 status=not_certified wall=5487s
00:17:51 [W132-RUN-b_2a0ba8b2] gates {'G1_harness_clean': True, 'G2_eval_key': True, 'G3_append_reconcile': True, 'G4_tail_state_check': True, 'G5_solve_profile_reconciled_per_event': True, 'G6_v37_optimal_and_four_metrics': True, 'G7_append_sealed': True, 'G8_persistence_as_w101': False, 'G9_ess_ageing_readback': True, 'G11_acceptance_cross_check': True, 'G13_holds_inert_through_first_pass_held_after': True, 'G14_all_block_capture': True, 'G15_stopping_consistent': True, 'G16_lambda_sidecar_complete': True, 'G17_rule_v3_replay_reproduces_in_cycle': True, 'G18_line_fields_every_cycle': True, 'G19_replay_bitwise_1_k0_every_field': True, 'G20_production_counters_in_per_cycle_record': True, 'G21_creep_captures_complete': True, 'G22_t_sum_in_cycle_equals_stride_and_terminal': True, 'G23_overlap_recorded': True, 'G24_exit_capture_equals_the_solve_records_and_esso_logs': True, 'G25_record_status_follows_the_settling_decision': True}
00:17:51 [W132-RUN-b_2a0ba8b2] settling v3: status uncertified k* None branch None band_width 1977.8542745113373 s 18688.104583978653 t_sum(end) 271.1712561149798 k0_run 104 first_k0_alpha 104 non-Optimal cycles [120, 128, 141] cycles 213 record status not_certified
00:17:51 [W132] guards {'w132_checks': {'counts': {'permitted_solve': 0, 'permitted_exec': 0, 'blocked_solve': 0, 'blocked_exec': 0}, 'verify_0_failures': []}, 'w118_checks': {'counts': {'permitted_solve': 0, 'permitted_exec': 0, 'blocked_solve': 0, 'blocked_exec': 0}, 'verify_0_failures': []}, 'w105_checks_imported': {'counts': {'permitted_solve': 0, 'permitted_exec': 0, 'blocked_solve': 0, 'blocked_exec': 0}, 'verify_0_failures': []}, 'w101_checks_imported': {'counts': {'permitted_solve': 0, 'permitted_exec': 0, 'blocked_solve': 0, 'blocked_exec': 0}, 'verify_0_failures': []}, 'w98_checks_imported': {'counts': {'permitted_solve': 0, 'permitted_exec': 0, 'blocked_solve': 0, 'blocked_exec': 0}, 'verify_0_failures': []}, 'w112_imported': {'counts': {'permitted_solve': 0, 'permitted_exec': 0, 'blocked_solve': 0, 'blocked_exec': 0}, 'verify_0_failures': []}, 'alpha_row_launcher': {'counts': {'permitted_solve': 0, 'permitted_exec': 0, 'blocked_solve': 0, 'blocked_exec': 0}, 'verify_0_failures': []}, 'w86_launcher': {'counts': {'permitted_solve': 0, 'permitted_exec': 0, 'blocked_solve': 0, 'blocked_exec': 0}, 'verify_0_failures': []}, 'w87': {'counts': {'permitted_solve': 0, 'permitted_exec': 0, 'blocked_solve': 0, 'blocked_exec': 0}, 'verify_0_failures': []}, 'w88': {'counts': {'permitted_solve': 0, 'permitted_exec': 0, 'blocked_solve': 0, 'blocked_exec': 0}, 'verify_0_failures': []}, 'w89_step1': {'counts': {'permitted_solve': 0, 'permitted_exec': 0, 'blocked_solve': 0, 'blocked_exec': 0}, 'verify_0_failures': []}, 'w89_3x3_launcher': {'counts': {'permitted_solve': 0, 'permitted_exec': 0, 'blocked_solve': 0, 'blocked_exec': 0}, 'verify_0_failures': []}, 'w90_3x3_parent': {'counts': {'permitted_solve': 0, 'permitted_exec': 0, 'blocked_solve': 0, 'blocked_exec': 0}, 'verify_0_failures': []}, 'w98_parent': {'counts': {'permitted_solve': 0, 'permitted_exec': 0, 'blocked_solve': 0, 'blocked_exec': 0}, 'verify_0_failures': []}, 'w101_parent': {'counts': {'permitted_solve': 0, 'permitted_exec': 0, 'blocked_solve': 0, 'blocked_exec': 0}, 'verify_0_failures': []}, 'w118_parent': {'counts': {'permitted_solve': 0, 'permitted_exec': 0, 'blocked_solve': 0, 'blocked_exec': 0}, 'verify_0_failures': []}, 'w131_imported': {'counts': {'permitted_solve': 0, 'permitted_exec': 0, 'blocked_solve': 0, 'blocked_exec': 0}, 'verify_0_failures': []}, 'w132_parent': {'counts': {'permitted_solve': 0, 'permitted_exec': 0, 'blocked_solve': 0, 'blocked_exec': 0}, 'verify_0_failures': []}} wall=5605s
